{
  "baseline_pr45_sha": "665817243cad59eef0d4140f17c2ea644f46971e",
  "baseline_manifest_sha256": "87c017723b9987ee0fbf5349203ab14b31a0f63af29758a0d6f5f9499307e5d6",
  "baseline_manifest_archive": "docs/delivery/full-recovery/PR45_BASELINE_COVERAGE_MANIFEST.json.gz",
  "baseline_product_nodes": 9116,
  "candidate_product_nodes": 9151,
  "added_nodes": [
    "tests/test_full_recovery_core_chain.py::test_seed_world_characters_outline_use_original_owners_and_context",
    "tests/test_full_recovery_core_chain.py::test_startup_schema_requires_seed_and_does_not_replace_old_source_requirements",
    "tests/test_full_recovery_core_chain.py::test_startup_context_drift_before_dispatch_prevents_model_call",
    "tests/test_full_recovery_core_chain.py::test_startup_context_drift_after_review_blocks_application",
    "tests/test_full_recovery_core_chain.py::test_startup_model_schema_failure_and_mock_cannot_apply",
    "tests/test_full_recovery_core_chain.py::test_partial_application_retains_receipts_and_explicit_retry_does_not_duplicate",
    "tests/test_full_recovery_core_chain.py::test_native_outline_digest_cas_and_run_version_cas_reject_stale_write",
    "tests/test_full_recovery_core_chain.py::test_cloud_startup_context_does_not_send_unapproved_original_domain_data",
    "tests/test_full_recovery_core_chain.py::test_cloud_startup_project_policy_revocation_after_capture_blocks_dispatch",
    "tests/test_full_recovery_core_chain.py::test_reviewer_verifier_are_executable_and_receive_source_bound_prose",
    "tests/test_full_recovery_core_chain.py::test_non_writer_preserves_approved_continuity_without_exposing_legacy_raw_contract",
    "tests/test_full_recovery_core_chain.py::test_generation_review_includes_character_world_and_timeline_conflicts",
    "tests/test_full_recovery_core_chain.py::test_empty_new_relationship_collection_preserves_existing_legacy_state",
    "tests/test_full_recovery_core_chain.py::test_completed_generation_persists_the_actual_three_domain_checks",
    "tests/test_full_recovery_core_chain.py::test_accepting_generated_next_chapter_enqueues_its_actual_version",
    "tests/test_full_recovery_core_chain.py::test_memory_rejects_fabricated_quote_before_any_proposal_is_written",
    "tests/test_full_recovery_local_usage.py::test_local_llama_response_retains_only_reported_usage[measured0-expected0]",
    "tests/test_full_recovery_local_usage.py::test_local_llama_response_retains_only_reported_usage[measured1-None]",
    "tests/test_full_recovery_local_usage.py::test_local_llama_response_retains_only_reported_usage[None-None]",
    "tests/test_full_recovery_local_usage.py::test_local_llama_forwards_structured_schema_and_rejects_incomplete_output",
    "tests/test_full_recovery_local_usage.py::test_unsupported_local_structured_schema_is_rejected_before_transport",
    "tests/test_full_recovery_provider_transport.py::test_author_parameters_reach_cloud_transport[False]",
    "tests/test_full_recovery_provider_transport.py::test_author_parameters_reach_cloud_transport[True]",
    "tests/test_full_recovery_provider_transport.py::test_cancelled_dispatch_never_opens_cloud_request[False]",
    "tests/test_full_recovery_provider_transport.py::test_cancelled_dispatch_never_opens_cloud_request[True]",
    "tests/test_full_recovery_provider_transport.py::test_stream_usage_and_dispatch_reauthorization",
    "tests/test_local_host_session_recovery.py::test_explicit_local_host_validation_uses_existing_actor_registry_without_echoing_credentials[/api/local-session]",
    "tests/test_local_host_session_recovery.py::test_explicit_local_host_validation_uses_existing_actor_registry_without_echoing_credentials[/api/v1/local-session]",
    "tests/test_local_host_session_recovery.py::test_local_host_binding_rejects_absent_or_unregistered_tokens[]",
    "tests/test_local_host_session_recovery.py::test_local_host_binding_rejects_absent_or_unregistered_tokens[invalid-opaque-credential]",
    "tests/test_local_host_session_recovery.py::test_local_host_binding_rejects_wrong_origin",
    "tests/test_local_host_session_recovery.py::test_local_host_binding_keeps_remote_development_requests_denied",
    "tests/test_local_host_session_recovery.py::test_local_host_endpoint_never_falls_back_across_collaboration_or_packaged_boundaries[enable_collaboration_runtime]",
    "tests/test_local_host_session_recovery.py::test_local_host_endpoint_never_falls_back_across_collaboration_or_packaged_boundaries[enable_packaged_runtime]",
    "tests/test_local_host_session_recovery.py::test_revoked_local_token_is_rejected_by_existing_resolver"
  ],
  "collections_identical_in_order_and_backend": true,
  "collection_inventory_sha256": "c13387d371e72bd37246d9f229fd28985aa0b55da44d3c56e65f8e9187d7a74c",
  "original_node_subset_and_relative_order_preserved": true,
  "original_skip_dictionary_sha256": "08393a038bb12bc6ea8a71f17e251842fbc69194b4830486893366d00162f5c3",
  "candidate_skip_dictionary_sha256": "08393a038bb12bc6ea8a71f17e251842fbc69194b4830486893366d00162f5c3",
  "reviewed_original_source_exceptions": [
    {
      "path": ".github/ci/test_coverage_reconcile.py",
      "before_sha256": "9458cc0a8bb67f45e9745ed193f8ebec00cebe79d30a9ca2b5813047f1840582",
      "after_sha256": "ae87295026bbd0ff92aa21db268b1f77405a69b2a15ed849cbe82ed8bee9741c",
      "all_original_assertion_ast_unchanged": true,
      "assertion_count": 20,
      "assertion_ast_sha256": "9b111e8908ccbf2c01fcc09e2b0242c8e3b3f588ef91d055d87560ed64edbf70",
      "scope": "Synthetic selftest source-path serialization only: relative_to(tmp_path).as_posix(); all strict assertions unchanged",
      "receipt": "docs/delivery/full-recovery/coverage-harness-portability-green.xml"
    },
    {
      "path": "tests/test_r2_windows_base_inputs.py",
      "before_sha256": "0ef4371edcb7a0a9001dd0aa7560c9b1d99636e5f0fbcfe7da075e42a83aef81",
      "after_sha256": "23948dfd01787e11b20857a077238fa8ba3672b6ba225bbbdf3de31f1d5bf555",
      "all_original_assertion_ast_unchanged": true,
      "assertion_count": 34,
      "assertion_ast_sha256": "ab2824613bda84311e200be10fbd520c22077aaf29c1c27103739926d7a72647",
      "scope": "Archive fixture serializes the actual raw malicious ZIP entry before Windows ZipInfo normalization; all assertions/parameters unchanged",
      "receipt": "docs/delivery/full-recovery/original-test-preservation.json"
    },
    {
      "path": "tests/test_surface_api_catalog.py",
      "before_sha256": "c3c1e0a90fcafbebd6a98e8643bb7367199da75b9213e9cec4eecb7de495e373",
      "after_sha256": "9a987d689d0cf4d4fae0924fcb3e7ed4c423a9c83a9160fa6e7703db4ae8c964",
      "all_original_assertion_ast_unchanged": true,
      "assertion_count": 18,
      "assertion_ast_sha256": "2ea1cbcd31356532753449040ad4a0a679816ca4541a0c6a6eb5232ac66d1a04",
      "scope": "Exactly str(relative_to(ROOT)) -> relative_to(ROOT).as_posix(); full map/fingerprint assertions unchanged",
      "receipt": "docs/delivery/full-recovery/original-test-preservation.json"
    }
  ],
  "reviewed_implementation_source_updates": [
    {
      "path": "pyproject.toml",
      "before_sha256": "e28777cf23b0ad4b0d603df9c4b50a0d030eabfae95896c9f39a589e5729a3fd",
      "after_sha256": "fba6dd9b9a7971156118ab488274cd0ff611250200e666f91a9c2b9d51bd0a9f",
      "scope": "Add jsonschema to production dependencies; every original dependency pin, optional dependency and pytest configuration unchanged"
    }
  ],
  "source_files_count": 1523,
  "source_files_fingerprint_sha256": "7bdd12fc2e2eed8acd0410f8dc059bdad01651ed1a02eab26f6a1c70dac1cb62",
  "git_head_when_generated": "665817243cad59eef0d4140f17c2ea644f46971e",
  "working_tree_provenance": "Frozen current file hashes, not an assertion that uncommitted changes belong to the old Git SHA",
  "platform": "Local Windows/Python supplemental inventory; not hosted Linux execution evidence",
  "suite_coverage_reconciler_postgres_gate_changed": false,
  "candidate_manifest_sha256": "7e03e639ce4cd99230bcfe18efcf7703f5fd939f4e83ace2308b4284b38d49f9"
}
