[WebServer] (node:29424) Warning: The 'NO_COLOR' env is ignored due to the 'FORCE_COLOR' env being set.
[WebServer] (Use `node --trace-warnings ...` to show where the warning was created)

Running 15 tests using 1 worker

(node:24392) Warning: The 'NO_COLOR' env is ignored due to the 'FORCE_COLOR' env being set.
(Use `node --trace-warnings ...` to show where the warning was created)
(node:24392) Warning: The 'NO_COLOR' env is ignored due to the 'FORCE_COLOR' env being set.
(Use `node --trace-warnings ...` to show where the warning was created)
  ok  1 [chromium] › tests\visual\design-system.spec.ts:8:31 › novel workspace visual baseline (414ms)
  ok  2 [chromium] › tests\visual\design-system.spec.ts:8:31 › image workspace visual baseline (307ms)
  ok  3 [chromium] › tests\visual\design-system.spec.ts:8:31 › video workspace visual baseline (309ms)
  ok  4 [chromium] › tests\visual\design-system.spec.ts:14:124 › shell geometry 1024x768 (228ms)
  ok  5 [chromium] › tests\visual\design-system.spec.ts:14:124 › shell geometry 1366x768 (230ms)
  ok  6 [chromium] › tests\visual\design-system.spec.ts:14:124 › shell geometry 1440x900 (232ms)
  ok  7 [chromium] › tests\visual\design-system.spec.ts:14:124 › shell geometry 1920x1080 (229ms)
  ok  8 [chromium] › tests\visual\design-system.spec.ts:25:1 › compact desktop keeps the workspace within the viewport (231ms)
  ok  9 [chromium] › tests\visual\design-system.spec.ts:33:1 › production NOVEL route uses the frozen AppShell (1.7s)
  ok 10 [chromium] › tests\visual\design-system.spec.ts:105:1 › production conflict compare and manual resolution visual (661ms)
  ok 11 [chromium] › tests\visual\design-system.spec.ts:113:1 › production revision detail restore preview and conflict visual (923ms)
  ok 12 [chromium] › tests\visual\local-ai-discovery.spec.ts:50:1 › Local AI requires each explicit lifecycle action before routing (1.1s)
  ok 13 [chromium] › tests\visual\local-ai-discovery.spec.ts:78:3 › Local AI preserves shell and model geometry 1366x768 (702ms)
  ok 14 [chromium] › tests\visual\local-ai-discovery.spec.ts:78:3 › Local AI preserves shell and model geometry 1440x900 (652ms)
  ok 15 [chromium] › tests\visual\local-ai-discovery.spec.ts:78:3 › Local AI preserves shell and model geometry 1920x1080 (668ms)

  15 passed (10.4s)
