
 RUN  v2.1.9 D:/小说/AI-Novel-Studio-Latest-Product/frontend

 ✓ src/interop/LocalTutorIntegration.test.tsx (70 tests) 4614ms
 ✓ src/AppWorkspaceResume.test.tsx (33 tests) 3965ms
   ✓ opens another authorized project only after original inventory and exact chapter version revalidation 310ms
 ✓ src/AuditGenerationScope.test.tsx (28 tests) 963ms
 ✓ src/experimental/WorkspaceToolsPanel.test.tsx (30 tests) 2719ms
   ✓ deduplicates repeated resolves and only honors the reopened search request 418ms
 ✓ src/novel/StoryCoreRecordVersionEditor.test.tsx (59 tests) 1701ms
 ✓ src/ui/LocalAiDiscovery.test.tsx (24 tests) 209ms
 ✓ src/experimental/StorySimulatorPanel.test.tsx (14 tests) 2294ms
   ✓ reads only on opening; builds explicit bounded manual inputs with captured authority and normalized fact lines 369ms
 ✓ src/experimental/StyleReviewPanels.test.tsx (16 tests) 823ms
 ✓ src/experimental/OfflineSyncPanel.test.tsx (11 tests) 807ms
 ✓ src/experimental/DeclarativeTemplatePanels.test.tsx (8 tests) 992ms
   ✓ uses real form contracts, explicit graph check and version-bound creation before separate execute and review 305ms
 ✓ src/AppRevisionHistory.test.tsx (23 tests) 1221ms
 ✓ src/ui/ModelCenter.test.tsx (10 tests) 120ms
 ✓ src/experimental/WritingFocusPanel.test.tsx (13 tests) 679ms
 ✓ src/AppDraftRecovery.test.tsx (21 tests) 2660ms
   ✓ suppresses autosave and manual submit throughout composition and submits after it ends 1080ms
   ✓ labels browser-offline drafts honestly and permits an explicit reachable local-backend save 1020ms
 ✓ src/novel/PluginManagerPanel.test.tsx (15 tests) 390ms
 ✓ src/experimental/ExperimentalWorkbench.test.tsx (14 tests) 488ms
 ✓ src/experimental/ModelBrokerPanel.test.tsx (9 tests) 724ms
 ✓ src/ui/AppShell.test.tsx (19 tests) 185ms
 ✓ src/experimental/RevisionIntelligencePanel.test.tsx (10 tests) 592ms
 ✓ src/novel/ImageGenerationPanel.test.tsx (10 tests) 313ms
 ✓ src/experimental/InteractiveStoryPanel.test.tsx (11 tests) 774ms
 ✓ src/novel/StoryRecordVersionEditor.test.tsx (14 tests) 412ms
 ✓ src/AppAuthorTaskNavigation.test.tsx (10 tests) 466ms
 ✓ src/experimental/ProductionLineagePanel.test.tsx (11 tests) 569ms
 ✓ src/novel/AuthorRequestPreviewPanel.test.tsx (11 tests) 327ms
 ✓ src/experimental/WriterRoomPanel.test.tsx (9 tests) 455ms
 ✓ src/experimental/MultilingualEditionsPanel.test.tsx (10 tests) 686ms
 ✓ src/experimental/ReaderSessionPanels.test.tsx (9 tests) 358ms
 ✓ src/novel/ResearchPanel.test.tsx (14 tests) 549ms
 ✓ src/experimental/SafeBatchesPanel.test.tsx (10 tests) 394ms
 ✓ src/novel/ScreenplayPanel.test.tsx (17 tests) 829ms
 ✓ src/experimental/ResearchLibraryPanel.test.tsx (10 tests) 702ms
 ✓ src/manualPromptConsent.test.tsx (17 tests) 459ms
 ✓ src/experimental/StoryGraphPanel.test.tsx (8 tests) 527ms
 ✓ src/experimental/ComicLayoutsPanel.test.tsx (8 tests) 499ms
 ✓ src/experimental/Wave5TemplatesSdkComics.test.tsx (4 tests) 358ms
 ✓ src/novel/ExportPanel.test.tsx (12 tests) 716ms
 ✓ src/experimental/ModelTaskReopen.test.tsx (16 tests) 708ms
 ✓ src/experimental/ProjectForksPanel.test.tsx (6 tests) 311ms
 ✓ src/experimental/VoiceSubtitlePanels.test.tsx (7 tests) 391ms
 ✓ src/experimental/StyleAnalysisModelPanel.test.tsx (7 tests) 173ms
 ✓ src/experimental/LanguageTranslationPanel.test.tsx (5 tests) 492ms
 ✓ src/experimental/ChangeImpactPanel.test.tsx (8 tests) 454ms
 ↓ src/experimental/ExperimentalWorkbench.http.test.tsx (6 tests | 6 skipped)
 ✓ src/experimental/StructuredForksPanel.test.tsx (7 tests) 271ms
 ✓ src/experimental/NarrativeJudgeContinuationPanels.test.tsx (6 tests) 243ms
 ✓ src/experimental/StructuredSearchNavigation.test.tsx (12 tests) 1504ms
   ✓ resolves organization with its exact original owner and original ID 323ms
 ✓ src/novel/AIPlanningPanel.project.test.tsx (11 tests) 356ms
 ✓ src/AppBrokerRecovery.test.tsx (4 tests) 275ms
 ✓ src/novel/LocalHostSessionPanel.test.tsx (9 tests) 262ms
 ✓ src/novel/EntryExperience.test.tsx (10 tests) 435ms
 ✓ src/novel/PluginInspector.test.tsx (8 tests) 140ms
 ✓ src/experimental/BranchManuscriptPanel.test.tsx (6 tests) 238ms
 ✓ src/novel/MultimodalDirectorWorkspace.test.tsx (11 tests) 372ms
 ✓ src/novel/AiWritingPanel.test.tsx (12 tests) 229ms
 ✓ src/novel/FirstUsePanel.test.tsx (8 tests) 206ms
 ✓ src/novel/WorkflowScopeGuards.test.tsx (20 tests) 289ms
 ✓ src/experimental/WorkspaceInteractionPanel.test.tsx (13 tests) 294ms
 ✓ src/experimental/MediaPanel.continuation.test.tsx (6 tests) 387ms
 ✓ src/experimental/AdapterReceiptProjection.test.tsx (8 tests) 243ms
 ✓ src/experimental/MediaPanel.recovery.test.tsx (7 tests) 308ms
 ✓ src/experimental/WorkspaceSearch.test.tsx (6 tests) 2360ms
   ✓ sends scoped filters, pages and a safe rebuild through the captured client 747ms
   ✓ cancels server work, drops late bodies/counts/suggestions, and permits retry 311ms
   ✓ does not search unfinished IME composition and submits the completed Chinese text 637ms
 ✓ src/novel/AuthorSourcePicker.test.tsx (5 tests) 295ms
 ✓ src/AppStorySourceNavigation.test.tsx (9 tests) 589ms
 ✓ src/interop/client.test.ts (10 tests) 11ms
 ✓ src/experimental/NarrativeJudgeModelPanel.test.tsx (6 tests) 136ms
 ✓ src/experimental/PortableProjectsPanel.maintenance.test.tsx (5 tests) 205ms
 ✓ src/novel/StoryRecordLifecycle.test.tsx (20 tests) 863ms
 ✓ src/novel/PendingCanonReviewPanel.test.tsx (7 tests) 541ms
 ✓ src/novel/ScreenplayPanel.revision.test.tsx (5 tests) 448ms
 ✓ src/WorkspaceAdminPanel.test.tsx (6 tests) 963ms
   ✓ WorkspaceAdminPanel production workspace switch > creates a workspace through the trusted admin API and refreshes the workspace cache 463ms
   ✓ WorkspaceAdminPanel production workspace switch > renames the current workspace through the trusted admin API and refreshes the workspace cache 441ms
 ✓ src/experimental/WorkflowInspectionPanel.test.tsx (6 tests) 296ms
 ✓ src/novel/AiContextPreviewPanel.test.tsx (6 tests) 174ms
 ✓ src/experimental/PortableProjectsPanel.test.tsx (5 tests) 185ms
 ✓ src/AppAdaptationNavigation.test.tsx (12 tests) 500ms
 ✓ src/novel/ExportPanel.scope.test.tsx (13 tests) 835ms
 ✓ src/experimental/EmbeddingPanel.continuation.test.tsx (5 tests) 253ms
 ✓ src/novel/FindingReviewPanel.test.tsx (5 tests) 269ms
 ✓ src/experimental/RegisteredMediaPanel.test.tsx (4 tests) 275ms
 ✓ src/ConflictDialog.test.tsx (6 tests) 41ms
 ✓ src/novel/AdaptationPanel.test.tsx (6 tests) 484ms
 ✓ src/novel/AIPlanningPanel.test.tsx (6 tests) 180ms
 ✓ src/novel/AudiobookManifestPanel.test.tsx (4 tests) 171ms
 ✓ src/experimental/RevisionComparisonModelPanel.test.tsx (4 tests) 130ms
 ✓ src/novel/CharacterAuthorPanel.test.tsx (3 tests) 176ms
 ✓ src/novel/AdaptationLifecycleControls.test.tsx (4 tests) 368ms
 ✓ src/novel/VideoTimeline.test.tsx (12 tests) 75ms
 ✓ src/novel/AiWritingVariants.test.tsx (6 tests) 175ms
 ✓ src/experimental/DirectorPanel.test.tsx (3 tests) 216ms
 ✓ src/novel/AuthorSourceItems.test.tsx (4 tests) 121ms
 ✓ src/novel/ExportPanel.recovery.test.tsx (4 tests) 414ms
 ✓ src/experimental/TimelineExchangePanel.test.tsx (4 tests) 173ms
 ✓ src/experimental/PlanningPanel.recovery.test.tsx (2 tests) 390ms
 ✓ src/drafts.test.ts (6 tests) 17ms
 ✓ src/interop/DesktopIntegrationDetails.test.tsx (19 tests) 136ms
 ✓ src/WorkspaceManagement.test.tsx (5 tests) 54ms
 ✓ src/AppProjectStory.test.tsx (4 tests) 375ms
 ✓ src/novel/AgentTeamPanel.additional.test.tsx (5 tests) 229ms
 ✓ src/experimental/TranslationMemoryPanel.test.tsx (4 tests) 138ms
 ✓ src/Editor.anchor.test.tsx (3 tests) 118ms
 ✓ src/novel/MotionTaskWorkspace.test.tsx (5 tests) 111ms
 ✓ src/novel/NovelImportPanel.test.tsx (3 tests) 51ms
 ✓ src/novel/VisualReferencePanel.test.tsx (3 tests) 148ms
 ✓ src/ui/MediaProviderSettings.test.tsx (3 tests) 72ms
 ✓ src/ui/FeatureLauncher.test.tsx (5 tests) 222ms
 ✓ src/RevisionPanel.test.tsx (4 tests) 54ms
 ✓ src/experimental/SharedUniversePanel.test.tsx (3 tests) 160ms
 ✓ src/experimental/ResearchLibraryPanel.continuation.test.tsx (3 tests) 282ms
 ✓ src/novel/ImageInfiniteCanvas.test.tsx (6 tests) 113ms
 ✓ src/novel/ChapterTree.accessibility.test.tsx (5 tests) 103ms
 ✓ src/novel/VisualTextWorkflow.test.tsx (3 tests) 71ms
 ✓ src/novel/ChapterTree.test.tsx (5 tests) 137ms
 ✓ src/Editor.recovery.test.tsx (4 tests) 170ms
 ✓ src/experimental/TaskOwnerNavigation.continuation.test.tsx (4 tests) 128ms
 ✓ src/novel/DirectorShotList.test.tsx (6 tests) 81ms
 ✓ src/AppWritingGoalRecovery.test.tsx (4 tests) 147ms
 ✓ src/localHostSession.test.ts (6 tests) 9ms
 ✓ src/novel/useMultimodalWorkspacePersistence.test.ts (7 tests) 16ms
 ✓ src/PermissionManagement.test.tsx (3 tests) 47ms
 ✓ src/novel/CreationWorkbenchPanel.test.tsx (4 tests) 126ms
 ✓ src/novel/WorldTimelineView.test.tsx (3 tests) 91ms
 ✓ src/experimental/ExperimentalWorkbench.continuation.test.tsx (5 tests) 60ms
 ✓ src/novel/A43ChapterIdentity.test.tsx (2 tests) 128ms
 ✓ src/Editor.a43-rich.test.tsx (3 tests) 102ms
 ✓ src/novel/AssetLibraryPanel.test.tsx (4 tests) 219ms
 ✓ src/ui/primitives.test.tsx (4 tests) 56ms
 ✓ src/ui/SaveControls.test.tsx (5 tests) 32ms
 ✓ src/novel/ChapterTree.lifecycle.test.tsx (5 tests) 160ms
 ✓ src/novel/AgentTeamPanel.test.tsx (2 tests) 152ms
 ✓ src/novel/SourcePrivacyControl.test.tsx (2 tests) 112ms
 ✓ src/novel/WorkflowPanel.test.tsx (2 tests) 200ms
 ✓ src/novel/WorldRelationshipGraph.test.tsx (4 tests) 80ms
 ✓ src/novel/WorldBuildingDashboard.test.tsx (4 tests) 100ms
 ✓ src/RevisionHistory.independent-audit.test.tsx (3 tests) 97ms
 ✓ src/novel/SpeechSynthesisPanel.test.tsx (3 tests) 112ms
 ✓ src/AppWorldSummary.test.tsx (3 tests) 190ms
 ✓ src/experimental/VoiceDirectionPanel.continuation.test.tsx (3 tests) 98ms
 ✓ src/AuditColdStorage.test.ts (4 tests) 31ms
 ✓ src/experimental/EmbeddingPanel.hybrid.test.tsx (2 tests) 149ms
 ✓ src/novel/GenerationWorkflowTimeline.test.tsx (7 tests) 59ms
 ✓ src/ui/ModuleWorkspaceRoutes.test.tsx (7 tests) 110ms
 ✓ src/novel/ImageQueuePanel.test.tsx (2 tests) 114ms
 ✓ src/StorySearchNavigation.test.tsx (1 test) 50ms
 ✓ src/experimental/DeferredExperimentalWorkbench.test.tsx (2 tests) 100ms
 ✓ src/novel/ContinuityCheckPanel.test.tsx (2 tests) 99ms
 ✓ src/experimental/InboxPanel.findings.test.tsx (2 tests) 139ms
 ✓ src/novel/DirectorShotCard.test.tsx (4 tests) 105ms
 ✓ src/localAiDiscoveryApi.test.ts (3 tests) 6ms
 ✓ src/experimental/ProductionLineagePanel.continuation.test.tsx (2 tests) 124ms
 ✓ src/experimental/ModelBenchmarkPanel.continuation.test.tsx (1 test) 115ms
 ✓ src/novel/AgentQueuePanel.test.tsx (2 tests) 173ms
 ✓ src/novel/ScreenplayPipelinePanel.test.tsx (3 tests) 116ms
 ✓ src/novel/RuntimeDiagnostics.test.tsx (3 tests) 64ms
 ✓ src/novel/AudioGenerationPanel.test.tsx (2 tests) 118ms
 ✓ src/novel/AuthorRequestControls.test.tsx (2 tests) 66ms
 ✓ src/novel/VideoTaskInspector.test.tsx (3 tests) 81ms
 ✓ src/ui/AiControlCenter.test.tsx (1 test) 51ms
 ✓ src/ui/taskSummary.test.ts (4 tests) 3ms
 ✓ src/novel/GenerationRecoveryPicker.test.tsx (2 tests) 73ms
 ✓ src/interop/entryScopeReview.test.tsx (1 test) 128ms
 ✓ src/experimental/shared.test.tsx (2 tests) 52ms
 ✓ src/novel/NovelOverviewPanel.test.tsx (1 test) 36ms
 ✓ src/novel/StoryPlanningWorkspace.test.tsx (2 tests) 55ms
 ✓ src/generationRecovery.test.ts (3 tests) 3ms
 ✓ src/interop/entry.test.tsx (1 test) 78ms
 ✓ src/experimental/InteractiveStoryHistory.test.tsx (1 test) 75ms
 ✓ src/novel/AgentActivityCenter.test.tsx (2 tests) 82ms
 ✓ src/novel/AssetInspector.test.tsx (2 tests) 50ms
 ✓ src/workspaceSelection.test.ts (3 tests) 3ms
 ✓ src/novel/MotionPrivacyPanel.test.tsx (1 test) 55ms
 ✓ src/novel/ConstraintImportPreview.test.tsx (2 tests) 43ms
 ✓ src/novel/VideoAssemblyPanel.test.tsx (1 test) 72ms
 ✓ src/ui/AuthorTerminology.test.tsx (2 tests) 13ms
 ✓ src/novel/SceneEditor.test.tsx (1 test) 67ms
 ✓ src/novel/AgentResultReview.test.tsx (2 tests) 52ms
 ✓ src/experimental/WorldPanel.test.tsx (1 test) 91ms
 ✓ src/novel/ForeshadowingEditor.test.tsx (1 test) 63ms
 ✓ src/experimental/revisionLocks.test.ts (2 tests) 30ms
 ✓ src/novel/ScreenplayPanel.motion-binding.test.ts (2 tests) 3ms
 ✓ src/novel/StoryDatabase.test.tsx (2 tests) 46ms
 ✓ src/novel/useMultimodalBindingManifest.test.ts (2 tests) 10ms
 ✓ src/novel/ImageTaskInspector.test.tsx (2 tests) 43ms
 ✓ src/novel/StoryRecordNavigation.test.tsx (2 tests) 110ms
 ✓ src/novel/VisualContextPanel.test.tsx (2 tests) 38ms
 ✓ src/novel/RelationshipEditor.test.tsx (1 test) 63ms
 ✓ src/novel/TimelineEditor.test.tsx (1 test) 67ms
 ✓ src/novel/OutlineEditor.test.tsx (1 test) 66ms
 ✓ src/novel/AudioTaskInspector.test.tsx (2 tests) 43ms
 ✓ src/novel/WorkflowPanel.independent-audit.test.tsx (1 test) 39ms
 ✓ src/novel/CharacterEditor.test.tsx (1 test) 61ms
 ✓ src/novel/StoryRouteEditor.test.tsx (1 test) 71ms
 ✓ src/ui/CapabilityRoadmapPanel.test.tsx (1 test) 39ms
 ✓ src/novel/VolumeEditor.test.tsx (1 test) 66ms
 ✓ src/novel/WorkflowInspector.test.tsx (2 tests) 39ms
 ✓ src/ui/CapabilityStatusCenter.test.tsx (1 test) 38ms
 ✓ src/novel/LocationEditor.test.tsx (1 test) 57ms
 ✓ src/novel/DirectorVoiceToolbar.test.tsx (1 test) 19ms
 ✓ src/novel/BindingManifestPanel.test.tsx (1 test) 19ms
 ✓ src/novel/WorldSummaryEditor.test.tsx (1 test) 52ms
 ✓ tests/r3FixtureLifecycle.test.ts (17 tests) 13ms
 ↓ tests/localInteropRealHost.test.ts (2 tests | 2 skipped)
 ✓ src/e2eDatabaseContract.test.ts (20 tests) 257ms
 ✓ src/interop/ChapterWireIdentity.test.ts (3 tests) 19ms
 ✓ src/experimental/api.test.ts (5 tests) 17ms
 ✓ src/App.test.tsx (12 tests) 7ms
 ✓ tests/workspaceResumeLayout.test.ts (5 tests) 3ms
 ✓ src/collaborationGuards.test.ts (7 tests) 3ms
 ✓ src/contracts.test.ts (7 tests) 16ms
 ✓ src/generationVariants.test.ts (7 tests) 2ms
 ✓ src/packagedHost.test.ts (7 tests) 4ms
 ✓ src/productLanguage.test.ts (4 tests) 2ms
 ✓ src/novel/FountainParser.test.ts (21 tests) 2587ms
 ✓ src/novel/AdaptationRouteMatching.test.ts (1 test) 4ms
 ✓ src/experimental/api.surface-flags.test.ts (4 tests) 13ms
 ✓ tests/localInteropLayout.test.ts (3 tests) 4ms
 ✓ src/ui/FeatureLauncher.css.test.ts (3 tests) 2ms
 ✓ src/novel/ChapterTree.css.test.ts (4 tests) 2ms
 ✓ src/novel/firstUseClient.test.ts (2 tests) 3ms
 ✓ tests/writingGoalLayout.test.ts (4 tests) 2ms
 ✓ src/novel/findingReviewClient.test.ts (2 tests) 3ms
 ✓ tests/uiContracts.test.ts (5 tests) 2ms
 ✓ src/novel/importRecovery.test.ts (2 tests) 4ms
 ✓ src/ui/scopeLabels.test.ts (4 tests) 2ms
 ✓ src/Editor.typography.test.ts (3 tests) 2ms
 ✓ src/planningProjectApi.test.ts (1 test) 3ms
 ✓ src/sourcePrivacyApi.test.ts (1 test) 3ms
 ✓ src/experimental/writingFocus.layout.test.ts (1 test) 2ms
 ✓ src/novel/MotionTaskBatchControls.test.ts (1 test) 2ms

 Test Files  226 passed | 2 skipped (228)
      Tests  1498 passed | 8 skipped (1506)
   Start at  17:59:36
   Duration  117.81s (transform 3.75s, setup 0ms, collect 39.58s, tests 68.71s, environment 87.71s, prepare 13.80s)

