
> ai-novel-studio-ui@0.7.0 build D:\小说\AI-Novel-Studio-Latest-Product\frontend
> tsc -b && vite build

vite v6.4.3 building for production...
transforming...
✓ 1995 modules transformed.
rendering chunks...
computing gzip size...
dist/index.html                                   0.33 kB │ gzip:   0.19 kB
dist/assets/LocalTutorIntegration-Bg9pZcT3.css    2.93 kB │ gzip:   0.82 kB
dist/assets/style-6MlQLGa4.css                    3.79 kB │ gzip:   1.39 kB
dist/assets/ExperimentalWorkbench-kya-NcdA.css    4.16 kB │ gzip:   1.07 kB
dist/assets/index-Cj-tLRQ5.css                   32.29 kB │ gzip:   5.90 kB
dist/assets/App-2vTgbcap.css                    124.23 kB │ gzip:  16.48 kB
dist/assets/Health-DNxNh3GZ.js                    0.99 kB │ gzip:   0.57 kB
dist/assets/index-0JT3DZKm.js                    30.10 kB │ gzip:   9.98 kB
dist/assets/LocalTutorIntegration-Dg6UKK09.js    42.44 kB │ gzip:  13.79 kB
dist/assets/style-CEkemVrr.js                    44.99 kB │ gzip:   8.37 kB
dist/assets/query-vendor-CUnTvSIi.js             45.60 kB │ gzip:  13.56 kB
dist/assets/react-vendor-D3pO_op5.js            142.98 kB │ gzip:  45.80 kB
dist/assets/editor-vendor-WoPbGn4i.js           307.09 kB │ gzip:  93.11 kB
dist/assets/ExperimentalWorkbench-_m-x7Ik3.js   647.28 kB │ gzip: 189.39 kB
dist/assets/App-BU_P7ys2.js                     721.03 kB │ gzip: 207.84 kB

(!) Some chunks are larger than 500 kB after minification. Consider:
- Using dynamic import() to code-split the application
- Use build.rollupOptions.output.manualChunks to improve chunking: https://rollupjs.org/configuration-options/#output-manualchunks
- Adjust chunk size limit for this warning via build.chunkSizeWarningLimit.
✓ built in 3.04s
