NATIVE_BASE_PROGRESS {"files": 5087, "stage": "inventory_start"}
NATIVE_BASE_PROGRESS {"files": 5087, "stage": "inventory_complete"}
NATIVE_BASE_PROGRESS {"executable": "python.exe", "number": 1, "stage": "command_start"}
NATIVE_BASE_PROGRESS {"executable": "python.exe", "exit_code": 0, "number": 1, "stage": "command_complete"}
NATIVE_BASE_PROGRESS {"executable": "postgres.exe", "number": 2, "stage": "command_start"}
NATIVE_BASE_PROGRESS {"executable": "postgres.exe", "exit_code": 0, "number": 2, "stage": "command_complete"}
NATIVE_BASE_PROGRESS {"executable": "initdb.exe", "number": 3, "stage": "command_start"}
NATIVE_BASE_PROGRESS {"executable": "initdb.exe", "exit_code": 0, "number": 3, "stage": "command_complete"}
NATIVE_BASE_PROGRESS {"executable": "pg_ctl.exe", "number": 4, "stage": "command_start"}
NATIVE_BASE_PROGRESS {"executable": "pg_ctl.exe", "exit_code": 0, "number": 4, "stage": "command_complete"}
NATIVE_BASE_PROGRESS {"executable": "psql.exe", "number": 5, "stage": "command_start"}
NATIVE_BASE_PROGRESS {"executable": "psql.exe", "exit_code": 0, "number": 5, "stage": "command_complete"}
NATIVE_BASE_PROGRESS {"executable": "pg_dump.exe", "number": 6, "stage": "command_start"}
NATIVE_BASE_PROGRESS {"executable": "pg_dump.exe", "exit_code": 0, "number": 6, "stage": "command_complete"}
NATIVE_BASE_PROGRESS {"executable": "createdb.exe", "number": 7, "stage": "command_start"}
NATIVE_BASE_PROGRESS {"executable": "createdb.exe", "exit_code": 0, "number": 7, "stage": "command_complete"}
NATIVE_BASE_PROGRESS {"executable": "pg_restore.exe", "number": 8, "stage": "command_start"}
NATIVE_BASE_PROGRESS {"executable": "pg_restore.exe", "exit_code": 0, "number": 8, "stage": "command_complete"}
NATIVE_BASE_PROGRESS {"executable": "psql.exe", "number": 9, "stage": "command_start"}
NATIVE_BASE_PROGRESS {"executable": "psql.exe", "exit_code": 0, "number": 9, "stage": "command_complete"}
NATIVE_BASE_PROGRESS {"executable": "pg_ctl.exe", "number": 10, "stage": "command_start"}
NATIVE_BASE_PROGRESS {"executable": "pg_ctl.exe", "exit_code": 0, "number": 10, "stage": "command_complete"}
{"kind": "native-windows-base-smoke", "status": "PASS", "public_release": false, "interactive_desktop": "NOT_RUN", "user_acceptance": "NOT_RUN", "python": {"python": [3, 12, 9], "isolated": 1, "psycopg_impl": "binary", "packages": {"annotated-doc": "0.0.5", "annotated-types": "0.8.0", "anyio": "4.15.1", "attrs": "26.1.0", "certifi": "2026.7.22", "charset-normalizer": "3.5.2", "click": "8.5.0", "colorama": "0.4.6", "fastapi": "0.142.2", "h11": "0.16.0", "httpcore": "1.0.9", "httpx": "0.28.1", "idna": "3.20", "jsonschema": "4.26.0", "jsonschema-specifications": "2025.9.1", "opentelemetry-api": "1.45.0", "pillow": "12.3.0", "psycopg": "3.3.6", "psycopg-binary": "3.3.6", "pydantic": "2.13.5", "pydantic-settings": "2.15.0", "pydantic_core": "2.46.5", "pypdf": "6.19.0", "python-dotenv": "1.2.4", "referencing": "0.37.0", "reportlab": "4.5.1", "rpds-py": "2026.9.1", "SQLAlchemy": "2.1.3", "starlette": "1.7.0", "typing-inspection": "0.4.4", "typing_extensions": "4.16.0", "tzdata": "2026.3", "uvicorn": "0.54.0"}}, "vc_runtime": {"msvcp140.dll": {"location": "C:\\Windows\\System32\\msvcp140.dll", "sha256": "def46aa6a8f72f27bafac0c43334419486a4d1dcdb6c479a8ef7034b3e1fa4cb"}, "vcruntime140.dll": {"location": "C:\\Windows\\System32\\vcruntime140.dll", "sha256": "184146852727a9db4eea06178716bec3cdbb1015c911f6b0f915b184ad7775b2"}}, "postgres_version": "postgres (PostgreSQL) 16.15", "pgcrypto": "PASS", "custom_dump_restore": "PASS", "utf8_roundtrip": "PASS"}
