........................................................................ [ 47%]
........................................................................ [ 94%]
.......F.                                                                [100%]
================================== FAILURES ===================================
__________________ test_real_pytest_plugin_shards_reconcile ___________________

tmp_path = WindowsPath('C:/Windows/Temp/pytest-of-admin/pytest-20/test_real_pytest_plugin_shards0')

    def test_real_pytest_plugin_shards_reconcile(tmp_path):
        """Exercise actual hook ordering and pytest-generated XML, without product fixtures."""
        tests = tmp_path / "tests"
        tests.mkdir()
        ci = tmp_path / ".github/ci"
        ci.mkdir(parents=True)
        (tmp_path / "pytest.ini").write_text(
            "[pytest]\ntestpaths = tests\nmarkers =\n    file_backend_only\n    postgres_backend_only\n"
        )
        (tests / "test_fixture.py").write_text(
            "import pytest\n"
            "@pytest.mark.file_backend_only\ndef test_file():\n    assert True\n"
            "@pytest.mark.postgres_backend_only\ndef test_postgres():\n    assert True\n"
            "def test_both():\n    assert True\n"
            f"@pytest.mark.skip(reason={OPTIONAL_REASON!r})\ndef test_optional():\n    assert False\n"
        )
        (tests / "conftest.py").write_text(
            "import os\nimport pytest\n"
            "def pytest_collection_modifyitems(items):\n"
            "    backend = os.environ['STORAGE_BACKEND']\n"
            "    for item in items:\n"
            "        if backend == 'file' and item.get_closest_marker('postgres_backend_only'):\n"
            f"            item.add_marker(pytest.mark.skip(reason={gate.OPPOSITE_REASONS['file']!r}))\n"
            "        if backend == 'postgres' and item.get_closest_marker('file_backend_only'):\n"
            f"            item.add_marker(pytest.mark.skip(reason={gate.OPPOSITE_REASONS['postgres']!r}))\n"
        )
        constraints = ci / "python-constraints.txt"
        constraints.write_text("pytest==8.4.2\n")
        nodes = [
            "tests/test_fixture.py::test_" + suffix
            for suffix in ("file", "postgres", "both", "optional")
        ]
        manifest = {
            "schema_version": 1,
            "product_nodes": nodes,
            "added_nodes": [],
            "source_files": {
                str(path.relative_to(tmp_path)): gate._digest(path)
                for path in tests.glob("*.py")
            },
            "skips": {
                backend: {nodes[-1]: OPTIONAL_REASON} for backend in ("file", "postgres")
            },
        }
        manifest_path = ci / "coverage_manifest.json.gz"
        manifest_path.write_bytes(gzip.compress(json.dumps(manifest).encode(), mtime=0))
        receipts = tmp_path / "receipts"
        identity = {
            "checked_out_sha": "a" * 40,
            "source_tree": "b" * 40,
            "event_sha": "a" * 40,
            "run_id": "12345",
            "run_attempt": "2",
        }
        environment = {
            **os.environ,
            "PYTHONPATH": str(Path(__file__).resolve().parent),
            "PYTEST_DISABLE_PLUGIN_AUTOLOAD": "1",
            "CI_COVERAGE_SHA": identity["checked_out_sha"],
            "CI_COVERAGE_TREE": identity["source_tree"],
            "GITHUB_SHA": identity["event_sha"],
            "GITHUB_RUN_ID": identity["run_id"],
            "GITHUB_RUN_ATTEMPT": identity["run_attempt"],
            "GITHUB_REPOSITORY": "owner/repository",
        }
        for backend, count in {"file": 1, "postgres": 2}.items():
            for index in range(count):
                directory = receipts / f"{backend}-{index}"
                completed = subprocess.run(
                    [
                        sys.executable,
                        "-m",
                        "pytest",
                        "-p",
                        "suite_coverage",
                        "-p",
                        "no:cacheprovider",
                        "-q",
                        f"--ci-coverage-dir={directory}",
                        f"--ci-shard-index={index}",
                        f"--ci-shard-count={count}",
                        f"--junitxml={directory / 'backend.xml'}",
                    ],
                    cwd=tmp_path,
                    env={**environment, "STORAGE_BACKEND": backend},
                    capture_output=True,
                    text=True,
                    timeout=30,
                    check=False,
                )
                assert completed.returncode == 0, completed.stdout + completed.stderr
>       result = gate.reconcile(
            receipts,
            manifest_path,
            scope="backend",
            expected_identity=identity,
            constraints_path=constraints,
            source_root=tmp_path,
        )

.github\ci\test_coverage_reconcile.py:962: 
_ _ _ _ _ _ _ _ _ _ _ _ _ _ _ _ _ _ _ _ _ _ _ _ _ _ _ _ _ _ _ _ _ _ _ _ _ _ _ _
.github\ci\coverage_reconcile.py:456: in reconcile
    manifest, expected_nodes = _manifest(Path(manifest_path), scope)
                               ^^^^^^^^^^^^^^^^^^^^^^^^^^^^^^^^^^^^^
.github\ci\coverage_reconcile.py:142: in _manifest
    _require(
_ _ _ _ _ _ _ _ _ _ _ _ _ _ _ _ _ _ _ _ _ _ _ _ _ _ _ _ _ _ _ _ _ _ _ _ _ _ _ _

condition = False
message = 'manifest: source_files missing a product test file'

    def _require(condition: bool, message: str) -> None:
        if not condition:
>           raise CoverageError(message)
E           coverage_reconcile.CoverageError: manifest: source_files missing a product test file

.github\ci\coverage_reconcile.py:56: CoverageError
- generated xml file: D:\С˵\AI-Novel-Studio-Latest-Product\docs\delivery\full-recovery\verification\coverage-harness-local.xml -
=========================== short test summary info ===========================
FAILED .github/ci/test_coverage_reconcile.py::test_real_pytest_plugin_shards_reconcile
1 failed, 152 passed in 6.63s
