FF                                                                       [100%]
================================== FAILURES ===================================
_____ test_approved_reference_index_is_persisted_lexical_with_provenance ______
tests\test_asset_lifecycle_r2.py:141: in test_approved_reference_index_is_persisted_lexical_with_provenance
    assert json.loads(index_files[0].read_text())["postings"]["silver"][memory["id"]] > 0
                      ^^^^^^^^^^^^^^^^^^^^^^^^^^
C:\Users\admin\AppData\Local\Programs\Python\Python311\Lib\pathlib.py:1059: in read_text
    return f.read()
           ^^^^^^^^
E   UnicodeDecodeError: 'gbk' codec can't decode byte 0x91 in position 1805: illegal multibyte sequence
_____________ test_index_cache_tampering_rebuilds_from_authority ______________
tests\test_asset_lifecycle_r2.py:186: in test_index_cache_tampering_rebuilds_from_authority
    cached = json.loads(path.read_text())
                        ^^^^^^^^^^^^^^^^
C:\Users\admin\AppData\Local\Programs\Python\Python311\Lib\pathlib.py:1059: in read_text
    return f.read()
           ^^^^^^^^
E   UnicodeDecodeError: 'gbk' codec can't decode byte 0x91 in position 1809: illegal multibyte sequence
============================== warnings summary ===============================
.venv\Lib\site-packages\fastapi\testclient.py:1
  D:\С˵\AI-Novel-Studio-Latest-Product\.venv\Lib\site-packages\fastapi\testclient.py:1: StarletteDeprecationWarning: Using `httpx` with `starlette.testclient` is deprecated; install `httpx2` instead.
    from starlette.testclient import TestClient as TestClient  # noqa

-- Docs: https://docs.pytest.org/en/stable/how-to/capture-warnings.html
- generated xml file: D:\С˵\AI-Novel-Studio-Latest-Product\docs\delivery\full-recovery\verification\file-index-diagnostic.xml -
=========================== short test summary info ===========================
FAILED tests/test_asset_lifecycle_r2.py::test_approved_reference_index_is_persisted_lexical_with_provenance
FAILED tests/test_asset_lifecycle_r2.py::test_index_cache_tampering_rebuilds_from_authority
2 failed, 1 warning in 2.18s
