2026-10-09T12:11:43.5710413Z Current runner version: '2.337.0'
2026-10-09T12:11:43.5738780Z ##[group]Runner Image Provisioner
2026-10-09T12:11:43.5740282Z Hosted Compute Agent
2026-10-09T12:11:43.5740992Z Version: 20261002.596
2026-10-09T12:11:43.5741792Z Commit: c3d12f3313a95f25162a1503be624f3b0617f8c0
2026-10-09T12:11:43.5742662Z Build Date: 2026-10-02T22:28:27Z
2026-10-09T12:11:43.5743469Z Worker ID: {922739da-2d90-4f38-ba34-2a28dca36714}
2026-10-09T12:11:43.5744566Z Region: eastus
2026-10-09T12:11:43.5745225Z Cloud: Azure
2026-10-09T12:11:43.5745907Z ##[endgroup]
2026-10-09T12:11:43.5747621Z ##[group]Operating System
2026-10-09T12:11:43.5748369Z Ubuntu
2026-10-09T12:11:43.5749085Z 24.04.5
2026-10-09T12:11:43.5749689Z LTS
2026-10-09T12:11:43.5750360Z ##[endgroup]
2026-10-09T12:11:43.5751063Z ##[group]Runner Image
2026-10-09T12:11:43.5751803Z Image: ubuntu-24.04
2026-10-09T12:11:43.5752573Z Version: 20261004.327.1
2026-10-09T12:11:43.5754171Z Included Software: https://github.com/actions/runner-images/blob/ubuntu24/20261004.327/images/ubuntu/Ubuntu2404-Readme.md
2026-10-09T12:11:43.5756470Z Image Release: https://github.com/actions/runner-images/releases/tag/ubuntu24%2F20261004.327
2026-10-09T12:11:43.5757743Z ##[endgroup]
2026-10-09T12:11:43.5759148Z ##[group]GITHUB_TOKEN Permissions
2026-10-09T12:11:43.5761516Z Contents: read
2026-10-09T12:11:43.5762280Z Metadata: read
2026-10-09T12:11:43.5762929Z ##[endgroup]
2026-10-09T12:11:43.5765598Z Secret source: Actions
2026-10-09T12:11:43.5766799Z Cache mode: write
2026-10-09T12:11:43.5767914Z Prepare workflow directory
2026-10-09T12:11:43.6202897Z Prepare all required actions
2026-10-09T12:11:43.6259754Z Getting action download info
2026-10-09T12:11:43.8553870Z Download action repository 'actions/checkout@v4.2.2' (SHA:11bd71901bbe5b1630ceea73d27597364c9af683)
2026-10-09T12:11:43.9869178Z Download action repository 'actions/setup-node@v4.4.0' (SHA:49933ea5288caeca8642d1e84afbd3f7d6820020)
2026-10-09T12:11:44.0940687Z Download action repository 'actions/setup-python@v5.6.0' (SHA:a26af69be951a213d495a4c3e4e4022e16d87065)
2026-10-09T12:11:44.1902349Z Download action repository 'actions/upload-artifact@v4.6.2' (SHA:ea165f8d65b6e75b540449e92b4886f43607fa02)
2026-10-09T12:11:44.4043132Z Complete job name: V2 / Creative live workflows and geometry
2026-10-09T12:11:44.4675165Z ##[group]Run actions/checkout@v4.2.2
2026-10-09T12:11:44.4675932Z with:
2026-10-09T12:11:44.4676310Z   persist-credentials: false
2026-10-09T12:11:44.4676789Z   repository: 1785235376-blip/AI-Novel-Studio
2026-10-09T12:11:44.4680428Z   token: ***
2026-10-09T12:11:44.4680808Z   ssh-strict: true
2026-10-09T12:11:44.4681188Z   ssh-user: git
2026-10-09T12:11:44.4681552Z   clean: true
2026-10-09T12:11:44.4681936Z   sparse-checkout-cone-mode: true
2026-10-09T12:11:44.4682394Z   fetch-depth: 1
2026-10-09T12:11:44.4682759Z   fetch-tags: false
2026-10-09T12:11:44.4683134Z   show-progress: true
2026-10-09T12:11:44.4683524Z   lfs: false
2026-10-09T12:11:44.4683879Z   submodules: false
2026-10-09T12:11:44.4684271Z   set-safe-directory: true
2026-10-09T12:11:44.4684966Z env:
2026-10-09T12:11:44.4685317Z   MOCK_PROVIDER: true
2026-10-09T12:11:44.4685709Z   MOCK_STREAM_DELAY_MS: 0
2026-10-09T12:11:44.4686104Z   ENABLE_CLOUD: false
2026-10-09T12:11:44.4686492Z   CREDENTIAL_VAULT_BACKEND: memory
2026-10-09T12:11:44.4687003Z   CREDENTIAL_VAULT_ALLOW_MEMORY_FALLBACK: true
2026-10-09T12:11:44.4687509Z   PYTHONDONTWRITEBYTECODE: 1
2026-10-09T12:11:44.4687922Z   HF_HUB_OFFLINE: 1
2026-10-09T12:11:44.4688295Z   TRANSFORMERS_OFFLINE: 1
2026-10-09T12:11:44.4688680Z ##[endgroup]
2026-10-09T12:11:44.5523369Z Syncing repository: 1785235376-blip/AI-Novel-Studio
2026-10-09T12:11:44.5525932Z ##[group]Getting Git version info
2026-10-09T12:11:44.5527005Z Working directory is '/home/runner/work/AI-Novel-Studio/AI-Novel-Studio'
2026-10-09T12:11:44.5528509Z [command]/usr/bin/git version
2026-10-09T12:11:44.6011792Z git version 2.55.0
2026-10-09T12:11:44.6082572Z ##[endgroup]
2026-10-09T12:11:44.6087974Z Temporarily overriding HOME='/home/runner/work/_temp/b19e4bff-6155-4ef4-815c-0f88f1e3e98b' before making global git config changes
2026-10-09T12:11:44.6089678Z Adding repository directory to the temporary git global config as a safe directory
2026-10-09T12:11:44.6090710Z [command]/usr/bin/git config --global --add safe.directory /home/runner/work/AI-Novel-Studio/AI-Novel-Studio
2026-10-09T12:11:44.6108080Z Deleting the contents of '/home/runner/work/AI-Novel-Studio/AI-Novel-Studio'
2026-10-09T12:11:44.6112179Z ##[group]Initializing the repository
2026-10-09T12:11:44.6115957Z [command]/usr/bin/git init /home/runner/work/AI-Novel-Studio/AI-Novel-Studio
2026-10-09T12:11:44.6209781Z hint: Using 'master' as the name for the initial branch. This default branch name
2026-10-09T12:11:44.6211191Z hint: will change to "main" in Git 3.0. To configure the initial branch name
2026-10-09T12:11:44.6212584Z hint: to use in all of your new repositories, which will suppress this warning,
2026-10-09T12:11:44.6213643Z hint: call:
2026-10-09T12:11:44.6214252Z hint:
2026-10-09T12:11:44.6215175Z hint: 	git config --global init.defaultBranch <name>
2026-10-09T12:11:44.6216100Z hint:
2026-10-09T12:11:44.6216946Z hint: Names commonly chosen instead of 'master' are 'main', 'trunk' and
2026-10-09T12:11:44.6218320Z hint: 'development'. The just-created branch can be renamed via this command:
2026-10-09T12:11:44.6219440Z hint:
2026-10-09T12:11:44.6220043Z hint: 	git branch -m <name>
2026-10-09T12:11:44.6220726Z hint:
2026-10-09T12:11:44.6221620Z hint: Disable this message with "git config set advice.defaultBranchName false"
2026-10-09T12:11:44.6223170Z Initialized empty Git repository in /home/runner/work/AI-Novel-Studio/AI-Novel-Studio/.git/
2026-10-09T12:11:44.6229762Z [command]/usr/bin/git remote add origin https://github.com/1785235376-blip/AI-Novel-Studio
2026-10-09T12:11:44.6279462Z ##[endgroup]
2026-10-09T12:11:44.6280554Z ##[group]Disabling automatic garbage collection
2026-10-09T12:11:44.6281923Z [command]/usr/bin/git config --local gc.auto 0
2026-10-09T12:11:44.6316930Z ##[endgroup]
2026-10-09T12:11:44.6317636Z ##[group]Setting up auth
2026-10-09T12:11:44.6322238Z [command]/usr/bin/git config --local --name-only --get-regexp core\.sshCommand
2026-10-09T12:11:44.6355285Z [command]/usr/bin/git submodule foreach --recursive sh -c "git config --local --name-only --get-regexp 'core\.sshCommand' && git config --local --unset-all 'core.sshCommand' || :"
2026-10-09T12:11:44.6734687Z [command]/usr/bin/git config --local --name-only --get-regexp http\.https\:\/\/github\.com\/\.extraheader
2026-10-09T12:11:44.6765893Z [command]/usr/bin/git submodule foreach --recursive sh -c "git config --local --name-only --get-regexp 'http\.https\:\/\/github\.com\/\.extraheader' && git config --local --unset-all 'http.https://github.com/.extraheader' || :"
2026-10-09T12:11:44.6959830Z [command]/usr/bin/git config --local http.https://github.com/.extraheader AUTHORIZATION: basic ***
2026-10-09T12:11:44.7422789Z ##[endgroup]
2026-10-09T12:11:44.7423659Z ##[group]Fetching the repository
2026-10-09T12:11:44.7430665Z [command]/usr/bin/git -c protocol.version=2 fetch --no-tags --prune --no-recurse-submodules --depth=1 origin +0df2640c4c1a2d3052bb0a84d14445744d04046f:refs/remotes/origin/feature/v2-narrative-platform
2026-10-09T12:11:48.2189346Z From https://github.com/1785235376-blip/AI-Novel-Studio
2026-10-09T12:11:48.2191578Z  * [new ref]         0df2640c4c1a2d3052bb0a84d14445744d04046f -> origin/feature/v2-narrative-platform
2026-10-09T12:11:48.2200373Z ##[endgroup]
2026-10-09T12:11:48.2201422Z ##[group]Determining the checkout info
2026-10-09T12:11:48.2202403Z ##[endgroup]
2026-10-09T12:11:48.2203019Z [command]/usr/bin/git sparse-checkout disable
2026-10-09T12:11:48.2463329Z [command]/usr/bin/git config --local --unset-all extensions.worktreeConfig
2026-10-09T12:11:48.2725590Z ##[group]Checking out the ref
2026-10-09T12:11:48.2727640Z [command]/usr/bin/git checkout --progress --force -B feature/v2-narrative-platform refs/remotes/origin/feature/v2-narrative-platform
2026-10-09T12:11:48.8159499Z Switched to a new branch 'feature/v2-narrative-platform'
2026-10-09T12:11:48.8163151Z branch 'feature/v2-narrative-platform' set up to track 'origin/feature/v2-narrative-platform'.
2026-10-09T12:11:48.8191552Z ##[endgroup]
2026-10-09T12:11:48.8266809Z [command]/usr/bin/git log -1 --format=%H
2026-10-09T12:11:48.8327023Z 0df2640c4c1a2d3052bb0a84d14445744d04046f
2026-10-09T12:11:48.8334989Z ##[group]Removing auth
2026-10-09T12:11:48.8337985Z [command]/usr/bin/git config --local --name-only --get-regexp core\.sshCommand
2026-10-09T12:11:48.8366901Z [command]/usr/bin/git submodule foreach --recursive sh -c "git config --local --name-only --get-regexp 'core\.sshCommand' && git config --local --unset-all 'core.sshCommand' || :"
2026-10-09T12:11:48.8565275Z [command]/usr/bin/git config --local --name-only --get-regexp http\.https\:\/\/github\.com\/\.extraheader
2026-10-09T12:11:48.8593160Z http.https://github.com/.extraheader
2026-10-09T12:11:48.8599597Z [command]/usr/bin/git config --local --unset-all http.https://github.com/.extraheader
2026-10-09T12:11:48.8665653Z [command]/usr/bin/git submodule foreach --recursive sh -c "git config --local --name-only --get-regexp 'http\.https\:\/\/github\.com\/\.extraheader' && git config --local --unset-all 'http.https://github.com/.extraheader' || :"
2026-10-09T12:11:48.8856971Z ##[endgroup]
2026-10-09T12:11:48.9084698Z ##[group]Run actions/setup-node@v4.4.0
2026-10-09T12:11:48.9085014Z with:
2026-10-09T12:11:48.9085225Z   node-version: 22.14.0
2026-10-09T12:11:48.9085460Z   always-auth: false
2026-10-09T12:11:48.9085679Z   check-latest: false
2026-10-09T12:11:48.9087843Z   token: ***
2026-10-09T12:11:48.9088055Z env:
2026-10-09T12:11:48.9088273Z   MOCK_PROVIDER: true
2026-10-09T12:11:48.9088519Z   MOCK_STREAM_DELAY_MS: 0
2026-10-09T12:11:48.9088757Z   ENABLE_CLOUD: false
2026-10-09T12:11:48.9088989Z   CREDENTIAL_VAULT_BACKEND: memory
2026-10-09T12:11:48.9089269Z   CREDENTIAL_VAULT_ALLOW_MEMORY_FALLBACK: true
2026-10-09T12:11:48.9089572Z   PYTHONDONTWRITEBYTECODE: 1
2026-10-09T12:11:48.9089811Z   HF_HUB_OFFLINE: 1
2026-10-09T12:11:48.9090048Z   TRANSFORMERS_OFFLINE: 1
2026-10-09T12:11:48.9090273Z ##[endgroup]
2026-10-09T12:11:49.0229382Z Attempting to download 22.14.0...
2026-10-09T12:11:49.0314115Z (node:2134) [DEP0040] DeprecationWarning: The `punycode` module is deprecated. Please use a userland alternative instead.
2026-10-09T12:11:49.0315363Z (Use `node --trace-deprecation ...` to show where the warning was created)
2026-10-09T12:11:49.4952701Z Acquiring 22.14.0 - x64 from https://github.com/actions/node-versions/releases/download/22.14.0-13265982013/node-22.14.0-linux-x64.tar.gz
2026-10-09T12:11:49.7725936Z Extracting ...
2026-10-09T12:11:49.7826852Z [command]/usr/bin/tar xz --strip 1 --warning=no-unknown-keyword --overwrite -C /home/runner/work/_temp/df5aa3a9-274d-4400-b4b0-d72c6a09f0c9 -f /home/runner/work/_temp/6fdd5bf2-b815-4d89-9565-2851d21163d6
2026-10-09T12:11:50.8328033Z Adding to the cache ...
2026-10-09T12:11:54.2349787Z ##[group]Environment details
2026-10-09T12:11:54.4075571Z node: v22.14.0
2026-10-09T12:11:54.4075950Z npm: 10.9.2
2026-10-09T12:11:54.4076185Z yarn: 1.22.22
2026-10-09T12:11:54.4076710Z ##[endgroup]
2026-10-09T12:11:54.4250914Z ##[group]Run actions/setup-python@v5.6.0
2026-10-09T12:11:54.4251157Z with:
2026-10-09T12:11:54.4251333Z   python-version: 3.12.9
2026-10-09T12:11:54.4251538Z   check-latest: false
2026-10-09T12:11:54.4254145Z   token: ***
2026-10-09T12:11:54.4254324Z   update-environment: true
2026-10-09T12:11:54.4254670Z   allow-prereleases: false
2026-10-09T12:11:54.4254861Z   freethreaded: false
2026-10-09T12:11:54.4255055Z env:
2026-10-09T12:11:54.4255238Z   MOCK_PROVIDER: true
2026-10-09T12:11:54.4255435Z   MOCK_STREAM_DELAY_MS: 0
2026-10-09T12:11:54.4255640Z   ENABLE_CLOUD: false
2026-10-09T12:11:54.4255820Z   CREDENTIAL_VAULT_BACKEND: memory
2026-10-09T12:11:54.4256052Z   CREDENTIAL_VAULT_ALLOW_MEMORY_FALLBACK: true
2026-10-09T12:11:54.4256296Z   PYTHONDONTWRITEBYTECODE: 1
2026-10-09T12:11:54.4256489Z   HF_HUB_OFFLINE: 1
2026-10-09T12:11:54.4256664Z   TRANSFORMERS_OFFLINE: 1
2026-10-09T12:11:54.4257027Z ##[endgroup]
2026-10-09T12:11:54.5307317Z ##[group]Installed versions
2026-10-09T12:11:54.5331685Z Version 3.12.9 was not found in the local cache
2026-10-09T12:11:54.5426920Z (node:2168) [DEP0040] DeprecationWarning: The `punycode` module is deprecated. Please use a userland alternative instead.
2026-10-09T12:11:54.5427624Z (Use `node --trace-deprecation ...` to show where the warning was created)
2026-10-09T12:11:55.0192089Z Version 3.12.9 is available for downloading
2026-10-09T12:11:55.0193299Z Download from "https://github.com/actions/python-versions/releases/download/3.12.9-13149478207/python-3.12.9-linux-24.04-x64.tar.gz"
2026-10-09T12:11:55.6180737Z Extract downloaded archive
2026-10-09T12:11:55.6277596Z [command]/usr/bin/tar xz --warning=no-unknown-keyword --overwrite -C /home/runner/work/_temp/830ea523-d8d7-40f4-98c9-e02438d3bdce -f /home/runner/work/_temp/63f2fea2-9426-468b-a42d-438c58109af1
2026-10-09T12:11:57.3529641Z Execute installation script
2026-10-09T12:11:57.3607699Z Check if Python hostedtoolcache folder exist...
2026-10-09T12:11:57.3608450Z Create Python 3.12.9 folder
2026-10-09T12:11:57.3623929Z Copy Python binaries to hostedtoolcache folder
2026-10-09T12:11:57.7409657Z Create additional symlinks (Required for the UsePythonVersion Azure Pipelines task and the setup-python GitHub Action)
2026-10-09T12:11:57.7443203Z Upgrading pip...
2026-10-09T12:11:59.9272612Z Looking in links: /tmp/tmpi2t3x_2k
2026-10-09T12:11:59.9275531Z Requirement already satisfied: pip in /opt/hostedtoolcache/Python/3.12.9/x64/lib/python3.12/site-packages (24.3.1)
2026-10-09T12:12:01.1985241Z Collecting pip
2026-10-09T12:12:01.2241466Z Downloading pip-26.2.1-py3-none-any.whl.metadata (4.6 kB)
2026-10-09T12:12:01.2307760Z Downloading pip-26.2.1-py3-none-any.whl (1.8 MB)
2026-10-09T12:12:01.2633724Z ━━━━━━━━━━━━━━━━━━━━━━━━━━━━━━━━━━━━━━━━ 1.8/1.8 MB 76.9 MB/s eta 0:00:00
2026-10-09T12:12:01.2634129Z 
2026-10-09T12:12:01.2806327Z Installing collected packages: pip
2026-10-09T12:12:01.2806782Z Attempting uninstall: pip
2026-10-09T12:12:01.2822863Z Found existing installation: pip 24.3.1
2026-10-09T12:12:01.3082073Z Uninstalling pip-24.3.1:
2026-10-09T12:12:01.3127062Z Successfully uninstalled pip-24.3.1
2026-10-09T12:12:02.0253328Z Successfully installed pip-26.2.1
2026-10-09T12:12:02.0847205Z Create complete file
2026-10-09T12:12:02.0878927Z Successfully set up CPython (3.12.9)
2026-10-09T12:12:02.0879563Z ##[endgroup]
2026-10-09T12:12:02.1017353Z ##[group]Run bash .github/ci/prepare.sh v2-creative-browser
2026-10-09T12:12:02.1017788Z [36;1mbash .github/ci/prepare.sh v2-creative-browser[0m
2026-10-09T12:12:02.1517934Z shell: /usr/bin/bash -e {0}
2026-10-09T12:12:02.1518178Z env:
2026-10-09T12:12:02.1518373Z   MOCK_PROVIDER: true
2026-10-09T12:12:02.1518567Z   MOCK_STREAM_DELAY_MS: 0
2026-10-09T12:12:02.1518763Z   ENABLE_CLOUD: false
2026-10-09T12:12:02.1518955Z   CREDENTIAL_VAULT_BACKEND: memory
2026-10-09T12:12:02.1519191Z   CREDENTIAL_VAULT_ALLOW_MEMORY_FALLBACK: true
2026-10-09T12:12:02.1519442Z   PYTHONDONTWRITEBYTECODE: 1
2026-10-09T12:12:02.1519667Z   HF_HUB_OFFLINE: 1
2026-10-09T12:12:02.1519838Z   TRANSFORMERS_OFFLINE: 1
2026-10-09T12:12:02.1520072Z   pythonLocation: /opt/hostedtoolcache/Python/3.12.9/x64
2026-10-09T12:12:02.1520409Z   PKG_CONFIG_PATH: /opt/hostedtoolcache/Python/3.12.9/x64/lib/pkgconfig
2026-10-09T12:12:02.1520735Z   Python_ROOT_DIR: /opt/hostedtoolcache/Python/3.12.9/x64
2026-10-09T12:12:02.1521069Z   Python2_ROOT_DIR: /opt/hostedtoolcache/Python/3.12.9/x64
2026-10-09T12:12:02.1521366Z   Python3_ROOT_DIR: /opt/hostedtoolcache/Python/3.12.9/x64
2026-10-09T12:12:02.1521651Z   LD_LIBRARY_PATH: /opt/hostedtoolcache/Python/3.12.9/x64/lib
2026-10-09T12:12:02.1521900Z ##[endgroup]
2026-10-09T12:12:02.7349512Z ##[group]Run npm install --global pnpm@10.6.5
2026-10-09T12:12:02.7349824Z [36;1mnpm install --global pnpm@10.6.5[0m
2026-10-09T12:12:02.7350070Z [36;1mpnpm install --frozen-lockfile[0m
2026-10-09T12:12:02.7350460Z [36;1m{ node --version; pnpm --version; sha256sum pnpm-lock.yaml; } > "$CI_RECEIPTS/frontend-tools.txt"[0m
2026-10-09T12:12:02.7351089Z [36;1mpnpm exec playwright install --with-deps chromium[0m
2026-10-09T12:12:02.7407219Z shell: /usr/bin/bash -e {0}
2026-10-09T12:12:02.7407433Z env:
2026-10-09T12:12:02.7407604Z   MOCK_PROVIDER: true
2026-10-09T12:12:02.7407792Z   MOCK_STREAM_DELAY_MS: 0
2026-10-09T12:12:02.7407979Z   ENABLE_CLOUD: false
2026-10-09T12:12:02.7408171Z   CREDENTIAL_VAULT_BACKEND: memory
2026-10-09T12:12:02.7408403Z   CREDENTIAL_VAULT_ALLOW_MEMORY_FALLBACK: true
2026-10-09T12:12:02.7408647Z   PYTHONDONTWRITEBYTECODE: 1
2026-10-09T12:12:02.7408844Z   HF_HUB_OFFLINE: 1
2026-10-09T12:12:02.7409026Z   TRANSFORMERS_OFFLINE: 1
2026-10-09T12:12:02.7409300Z   pythonLocation: /opt/hostedtoolcache/Python/3.12.9/x64
2026-10-09T12:12:02.7409636Z   PKG_CONFIG_PATH: /opt/hostedtoolcache/Python/3.12.9/x64/lib/pkgconfig
2026-10-09T12:12:02.7409961Z   Python_ROOT_DIR: /opt/hostedtoolcache/Python/3.12.9/x64
2026-10-09T12:12:02.7410255Z   Python2_ROOT_DIR: /opt/hostedtoolcache/Python/3.12.9/x64
2026-10-09T12:12:02.7410551Z   Python3_ROOT_DIR: /opt/hostedtoolcache/Python/3.12.9/x64
2026-10-09T12:12:02.7410843Z   LD_LIBRARY_PATH: /opt/hostedtoolcache/Python/3.12.9/x64/lib
2026-10-09T12:12:02.7411133Z   CI_COVERAGE_SHA: 0df2640c4c1a2d3052bb0a84d14445744d04046f
2026-10-09T12:12:02.7411416Z   CI_COVERAGE_TREE: f800c0e8a6d920e8836a027707c8078c5a8421f2
2026-10-09T12:12:02.7411760Z   CI_SANDBOX: /home/runner/work/_temp/novel-ci-v2-creative-browser.GGclfI
2026-10-09T12:12:02.7412149Z   CI_PROJECT: /home/runner/work/_temp/novel-ci-v2-creative-browser.GGclfI/project
2026-10-09T12:12:02.7412553Z   CI_RECEIPTS: /home/runner/work/_temp/novel-ci-v2-creative-browser.GGclfI/receipts
2026-10-09T12:12:02.7412939Z   HOME: /home/runner/work/_temp/novel-ci-v2-creative-browser.GGclfI/home
2026-10-09T12:12:02.7413314Z   USERPROFILE: /home/runner/work/_temp/novel-ci-v2-creative-browser.GGclfI/home
2026-10-09T12:12:02.7413713Z   APPDATA: /home/runner/work/_temp/novel-ci-v2-creative-browser.GGclfI/appdata
2026-10-09T12:12:02.7414130Z   LOCALAPPDATA: /home/runner/work/_temp/novel-ci-v2-creative-browser.GGclfI/localappdata
2026-10-09T12:12:02.7414741Z   XDG_CONFIG_HOME: /home/runner/work/_temp/novel-ci-v2-creative-browser.GGclfI/config
2026-10-09T12:12:02.7415155Z   XDG_CACHE_HOME: /home/runner/work/_temp/novel-ci-v2-creative-browser.GGclfI/cache
2026-10-09T12:12:02.7415548Z   XDG_DATA_HOME: /home/runner/work/_temp/novel-ci-v2-creative-browser.GGclfI/data
2026-10-09T12:12:02.7415957Z   XDG_STATE_HOME: /home/runner/work/_temp/novel-ci-v2-creative-browser.GGclfI/state
2026-10-09T12:12:02.7416350Z   TMPDIR: /home/runner/work/_temp/novel-ci-v2-creative-browser.GGclfI/tmp
2026-10-09T12:12:02.7416713Z   TMP: /home/runner/work/_temp/novel-ci-v2-creative-browser.GGclfI/tmp
2026-10-09T12:12:02.7417156Z   TEMP: /home/runner/work/_temp/novel-ci-v2-creative-browser.GGclfI/tmp
2026-10-09T12:12:02.7435861Z   PROJECT_ROOT: /home/runner/work/_temp/novel-ci-v2-creative-browser.GGclfI/project
2026-10-09T12:12:02.7436326Z   NOVEL_DATA_PATH: /home/runner/work/_temp/novel-ci-v2-creative-browser.GGclfI/data/novels
2026-10-09T12:12:02.7436786Z   BACKUP_PATH: /home/runner/work/_temp/novel-ci-v2-creative-browser.GGclfI/data/backups
2026-10-09T12:12:02.7437271Z   DATABASE_BACKUP_PATH: /home/runner/work/_temp/novel-ci-v2-creative-browser.GGclfI/data/database-backups
2026-10-09T12:12:02.7437788Z   KNOWLEDGE_SOURCE_PATH: /home/runner/work/_temp/novel-ci-v2-creative-browser.GGclfI/data/novels
2026-10-09T12:12:02.7438136Z ##[endgroup]
2026-10-09T12:12:03.7842719Z 
2026-10-09T12:12:03.7843244Z added 1 package in 891ms
2026-10-09T12:12:03.7843506Z 
2026-10-09T12:12:03.7843702Z 1 package is looking for funding
2026-10-09T12:12:03.7844373Z   run `npm fund` for details
2026-10-09T12:12:04.1449441Z Lockfile is up to date, resolution step is skipped
2026-10-09T12:12:04.1715687Z Progress: resolved 1, reused 0, downloaded 0, added 0
2026-10-09T12:12:04.2208241Z Packages: +249
2026-10-09T12:12:04.2209417Z ++++++++++++++++++++++++++++++++++++++++++++++++++++++++++++++++++++++++++++++++
2026-10-09T12:12:05.1731301Z Progress: resolved 249, reused 0, downloaded 169, added 119
2026-10-09T12:12:05.5742528Z Progress: resolved 249, reused 0, downloaded 249, added 249, done
2026-10-09T12:12:06.0388433Z .../esbuild@0.25.12/node_modules/esbuild postinstall$ node install.js
2026-10-09T12:12:06.0392933Z .../esbuild@0.21.5/node_modules/esbuild postinstall$ node install.js
2026-10-09T12:12:06.1984959Z .../esbuild@0.25.12/node_modules/esbuild postinstall: Done
2026-10-09T12:12:06.2782026Z .../esbuild@0.21.5/node_modules/esbuild postinstall: Done
2026-10-09T12:12:06.3685752Z 
2026-10-09T12:12:06.3686201Z dependencies:
2026-10-09T12:12:06.3686527Z + @tanstack/react-query 5.101.4
2026-10-09T12:12:06.3686824Z + @tiptap/extension-placeholder 2.27.2
2026-10-09T12:12:06.3687075Z + @tiptap/react 2.27.2
2026-10-09T12:12:06.3687282Z + @tiptap/starter-kit 2.27.2
2026-10-09T12:12:06.3687497Z + lucide-react 0.468.0
2026-10-09T12:12:06.3687683Z + react 18.3.1
2026-10-09T12:12:06.3687877Z + react-dom 18.3.1
2026-10-09T12:12:06.3688053Z + zustand 5.0.14
2026-10-09T12:12:06.3688165Z 
2026-10-09T12:12:06.3688240Z devDependencies:
2026-10-09T12:12:06.3688438Z + @playwright/test 1.62.1
2026-10-09T12:12:06.3688671Z + @testing-library/react 16.3.2
2026-10-09T12:12:06.3688889Z + @types/node 22.13.10
2026-10-09T12:12:06.3689258Z + @types/react 18.3.31
2026-10-09T12:12:06.3689518Z + @types/react-dom 18.3.7
2026-10-09T12:12:06.3689786Z + @vitejs/plugin-react 4.7.0
2026-10-09T12:12:06.3690053Z + fountain-js 1.2.4
2026-10-09T12:12:06.3690283Z + jsdom 25.0.1
2026-10-09T12:12:06.3690528Z + typescript 5.9.3
2026-10-09T12:12:06.3690758Z + vite 6.4.3
2026-10-09T12:12:06.3690964Z + vitest 2.1.9
2026-10-09T12:12:06.3691097Z 
2026-10-09T12:12:06.3832543Z Done in 2.5s using pnpm v10.6.5
2026-10-09T12:12:07.1883821Z Installing dependencies...
2026-10-09T12:12:07.1934204Z Switching to root user to install dependencies...
2026-10-09T12:12:07.4530436Z Get:1 file:/etc/apt/apt-mirrors.txt Mirrorlist [144 B]
2026-10-09T12:12:07.4808385Z Hit:2 http://azure.archive.ubuntu.com/ubuntu noble InRelease
2026-10-09T12:12:07.4819135Z Get:6 https://packages.microsoft.com/ubuntu/24.04/prod noble InRelease [3600 B]
2026-10-09T12:12:07.4845232Z Get:3 http://azure.archive.ubuntu.com/ubuntu noble-updates InRelease [126 kB]
2026-10-09T12:12:07.5135996Z Get:4 http://azure.archive.ubuntu.com/ubuntu noble-backports InRelease [126 kB]
2026-10-09T12:12:07.5437767Z Get:5 http://azure.archive.ubuntu.com/ubuntu noble-security InRelease [126 kB]
2026-10-09T12:12:07.7249632Z Get:7 http://azure.archive.ubuntu.com/ubuntu noble-updates/main amd64 Packages [1375 kB]
2026-10-09T12:12:07.7396404Z Get:8 http://azure.archive.ubuntu.com/ubuntu noble-updates/main Translation-en [306 kB]
2026-10-09T12:12:07.7546279Z Get:9 http://azure.archive.ubuntu.com/ubuntu noble-updates/universe amd64 Packages [1702 kB]
2026-10-09T12:12:07.7651636Z Get:10 http://azure.archive.ubuntu.com/ubuntu noble-updates/universe Translation-en [342 kB]
2026-10-09T12:12:07.7731961Z Get:15 https://packages.microsoft.com/ubuntu/24.04/prod noble/main armhf Packages [12.3 kB]
2026-10-09T12:12:07.7840697Z Get:11 http://azure.archive.ubuntu.com/ubuntu noble-updates/restricted amd64 Packages [1761 kB]
2026-10-09T12:12:07.7873649Z Get:16 https://packages.microsoft.com/ubuntu/24.04/prod noble/main all Packages [640 B]
2026-10-09T12:12:07.7954825Z Get:17 https://packages.microsoft.com/ubuntu/24.04/prod noble/main arm64 Packages [475 kB]
2026-10-09T12:12:07.7968468Z Get:12 http://azure.archive.ubuntu.com/ubuntu noble-updates/restricted Translation-en [401 kB]
2026-10-09T12:12:07.7996398Z Get:13 http://azure.archive.ubuntu.com/ubuntu noble-updates/multiverse amd64 Packages [55.0 kB]
2026-10-09T12:12:07.8005178Z Get:18 https://packages.microsoft.com/ubuntu/24.04/prod noble/main amd64 Packages [531 kB]
2026-10-09T12:12:07.8365961Z Get:14 http://azure.archive.ubuntu.com/ubuntu noble-updates/multiverse Translation-en [14.3 kB]
2026-10-09T12:12:07.8835915Z Get:19 http://azure.archive.ubuntu.com/ubuntu noble-security/main amd64 Packages [1118 kB]
2026-10-09T12:12:07.8952932Z Get:20 http://azure.archive.ubuntu.com/ubuntu noble-security/main Translation-en [228 kB]
2026-10-09T12:12:07.9772457Z Get:21 http://azure.archive.ubuntu.com/ubuntu noble-security/universe amd64 Packages [1220 kB]
2026-10-09T12:12:07.9986450Z Get:22 http://azure.archive.ubuntu.com/ubuntu noble-security/universe Translation-en [245 kB]
2026-10-09T12:12:07.9987742Z Get:23 http://azure.archive.ubuntu.com/ubuntu noble-security/restricted amd64 Packages [1667 kB]
2026-10-09T12:12:08.0475219Z Get:24 http://azure.archive.ubuntu.com/ubuntu noble-security/restricted Translation-en [383 kB]
2026-10-09T12:12:08.0855358Z Get:25 http://azure.archive.ubuntu.com/ubuntu noble-security/multiverse amd64 Packages [49.8 kB]
2026-10-09T12:12:08.0862944Z Get:26 http://azure.archive.ubuntu.com/ubuntu noble-security/multiverse Translation-en [12.4 kB]
2026-10-09T12:12:15.3225623Z Fetched 12.3 MB in 1s (10.4 MB/s)
2026-10-09T12:12:16.0342658Z Reading package lists...
2026-10-09T12:12:16.1372390Z Reading package lists...
2026-10-09T12:12:16.3057426Z Building dependency tree...
2026-10-09T12:12:16.3063394Z Reading state information...
2026-10-09T12:12:16.4359965Z libasound2t64 is already the newest version (1.2.11-1ubuntu0.3).
2026-10-09T12:12:16.4360407Z libasound2t64 set to manually installed.
2026-10-09T12:12:16.4360784Z libatk-bridge2.0-0t64 is already the newest version (2.52.0-1build1).
2026-10-09T12:12:16.4361152Z libatk-bridge2.0-0t64 set to manually installed.
2026-10-09T12:12:16.4361495Z libatk1.0-0t64 is already the newest version (2.52.0-1build1).
2026-10-09T12:12:16.4361805Z libatk1.0-0t64 set to manually installed.
2026-10-09T12:12:16.4362159Z libatspi2.0-0t64 is already the newest version (2.52.0-1build1).
2026-10-09T12:12:16.4362486Z libatspi2.0-0t64 set to manually installed.
2026-10-09T12:12:16.4362990Z libcairo2 is already the newest version (1.18.0-3build1).
2026-10-09T12:12:16.4363294Z libcairo2 set to manually installed.
2026-10-09T12:12:16.4363638Z libcups2t64 is already the newest version (2.4.7-1.2ubuntu7.14).
2026-10-09T12:12:16.4363957Z libcups2t64 set to manually installed.
2026-10-09T12:12:16.4364276Z libdbus-1-3 is already the newest version (1.14.10-4ubuntu4.1).
2026-10-09T12:12:16.4364800Z libdbus-1-3 set to manually installed.
2026-10-09T12:12:16.4365121Z libdrm2 is already the newest version (2.4.125-1ubuntu0.1~24.04.2).
2026-10-09T12:12:16.4365431Z libdrm2 set to manually installed.
2026-10-09T12:12:16.4365732Z libgbm1 is already the newest version (25.2.8-0ubuntu0.24.04.4).
2026-10-09T12:12:16.4366030Z libgbm1 set to manually installed.
2026-10-09T12:12:16.4366348Z libglib2.0-0t64 is already the newest version (2.80.0-6ubuntu3.9).
2026-10-09T12:12:16.4366700Z libglib2.0-0t64 set to manually installed.
2026-10-09T12:12:16.4367031Z libnspr4 is already the newest version (2:4.35-1.1build1).
2026-10-09T12:12:16.4367327Z libnspr4 set to manually installed.
2026-10-09T12:12:16.4367623Z libnss3 is already the newest version (2:3.98-1ubuntu0.2).
2026-10-09T12:12:16.4367916Z libnss3 set to manually installed.
2026-10-09T12:12:16.4368234Z libpango-1.0-0 is already the newest version (1.52.1+ds-1build1).
2026-10-09T12:12:16.4368543Z libpango-1.0-0 set to manually installed.
2026-10-09T12:12:16.4368861Z libx11-6 is already the newest version (2:1.8.7-1build1).
2026-10-09T12:12:16.4369144Z libx11-6 set to manually installed.
2026-10-09T12:12:16.4369423Z libxcb1 is already the newest version (1.15-1ubuntu2).
2026-10-09T12:12:16.4369695Z libxcb1 set to manually installed.
2026-10-09T12:12:16.4370016Z libxcomposite1 is already the newest version (1:0.4.5-1build3).
2026-10-09T12:12:16.4370350Z libxcomposite1 set to manually installed.
2026-10-09T12:12:16.4370990Z libxdamage1 is already the newest version (1:1.1.6-1build1).
2026-10-09T12:12:16.4371292Z libxdamage1 set to manually installed.
2026-10-09T12:12:16.4371592Z libxext6 is already the newest version (2:1.3.4-1build2).
2026-10-09T12:12:16.4371875Z libxext6 set to manually installed.
2026-10-09T12:12:16.4372307Z libxfixes3 is already the newest version (1:6.0.0-2build1).
2026-10-09T12:12:16.4372607Z libxfixes3 set to manually installed.
2026-10-09T12:12:16.4372920Z libxkbcommon0 is already the newest version (1.6.0-1build1).
2026-10-09T12:12:16.4373220Z libxkbcommon0 set to manually installed.
2026-10-09T12:12:16.4373525Z libxrandr2 is already the newest version (2:1.5.2-2build1).
2026-10-09T12:12:16.4373809Z libxrandr2 set to manually installed.
2026-10-09T12:12:16.4374113Z xvfb is already the newest version (2:21.1.12-1ubuntu1.8).
2026-10-09T12:12:16.4374642Z fonts-noto-color-emoji is already the newest version (2.047-0ubuntu0.24.04.1).
2026-10-09T12:12:16.4375080Z libfontconfig1 is already the newest version (2.15.0-1.1ubuntu2).
2026-10-09T12:12:16.4375412Z libfontconfig1 set to manually installed.
2026-10-09T12:12:16.4375728Z fonts-liberation is already the newest version (1:2.1.5-3).
2026-10-09T12:12:16.4376041Z fonts-liberation set to manually installed.
2026-10-09T12:12:16.4376362Z The following additional packages will be installed:
2026-10-09T12:12:16.4376646Z   xfonts-encodings xfonts-utils
2026-10-09T12:12:16.4376867Z Recommended packages:
2026-10-09T12:12:16.4377089Z   fonts-ipafont-mincho fonts-tlwg-loma
2026-10-09T12:12:16.5934108Z The following NEW packages will be installed:
2026-10-09T12:12:16.5934850Z   fonts-freefont-ttf fonts-ipafont-gothic fonts-tlwg-loma-otf fonts-unifont
2026-10-09T12:12:16.5940108Z   fonts-wqy-zenhei xfonts-cyrillic xfonts-encodings xfonts-scalable
2026-10-09T12:12:16.5940452Z   xfonts-utils
2026-10-09T12:12:16.5943736Z The following packages will be upgraded:
2026-10-09T12:12:16.5947741Z   libfreetype6
2026-10-09T12:12:16.6091409Z 1 upgraded, 9 newly installed, 0 to remove and 22 not upgraded.
2026-10-09T12:12:16.6091955Z Need to get 21.5 MB of archives.
2026-10-09T12:12:16.6092518Z After this operation, 79.5 MB of additional disk space will be used.
2026-10-09T12:12:16.6093144Z Get:1 file:/etc/apt/apt-mirrors.txt Mirrorlist [144 B]
2026-10-09T12:12:16.6399693Z Get:2 http://azure.archive.ubuntu.com/ubuntu noble/universe amd64 fonts-ipafont-gothic all 00303-21ubuntu1 [3513 kB]
2026-10-09T12:12:16.6951945Z Get:3 http://azure.archive.ubuntu.com/ubuntu noble/main amd64 fonts-freefont-ttf all 20211204+svn4273-2 [5641 kB]
2026-10-09T12:12:16.8472135Z Get:4 http://azure.archive.ubuntu.com/ubuntu noble/universe amd64 fonts-tlwg-loma-otf all 1:0.7.3-1 [107 kB]
2026-10-09T12:12:16.9710204Z Get:5 http://azure.archive.ubuntu.com/ubuntu noble/universe amd64 fonts-unifont all 1:15.1.01-1build1 [2993 kB]
2026-10-09T12:12:17.0644211Z Get:6 http://azure.archive.ubuntu.com/ubuntu noble/universe amd64 fonts-wqy-zenhei all 0.9.45-8 [7472 kB]
2026-10-09T12:12:17.1152085Z Get:7 http://azure.archive.ubuntu.com/ubuntu noble-updates/main amd64 libfreetype6 amd64 2.13.2+dfsg-1ubuntu0.2 [403 kB]
2026-10-09T12:12:17.1539664Z Get:8 http://azure.archive.ubuntu.com/ubuntu noble/main amd64 xfonts-encodings all 1:1.0.5-0ubuntu2 [578 kB]
2026-10-09T12:12:17.2042963Z Get:9 http://azure.archive.ubuntu.com/ubuntu noble/main amd64 xfonts-utils amd64 1:7.7+6build3 [94.4 kB]
2026-10-09T12:12:17.2240123Z Get:10 http://azure.archive.ubuntu.com/ubuntu noble/universe amd64 xfonts-cyrillic all 1:1.0.5+nmu1 [384 kB]
2026-10-09T12:12:17.2853495Z Get:11 http://azure.archive.ubuntu.com/ubuntu noble/main amd64 xfonts-scalable all 1:1.0.3-1.3 [304 kB]
2026-10-09T12:12:17.6628024Z Fetched 21.5 MB in 1s (31.1 MB/s)
2026-10-09T12:12:17.9332727Z Selecting previously unselected package fonts-ipafont-gothic.
2026-10-09T12:12:17.9831419Z (Reading database ... 
2026-10-09T12:12:17.9831832Z (Reading database ... 5%
2026-10-09T12:12:17.9832232Z (Reading database ... 10%
2026-10-09T12:12:17.9832623Z (Reading database ... 15%
2026-10-09T12:12:17.9833267Z (Reading database ... 20%
2026-10-09T12:12:17.9833618Z (Reading database ... 25%
2026-10-09T12:12:17.9833995Z (Reading database ... 30%
2026-10-09T12:12:17.9834358Z (Reading database ... 35%
2026-10-09T12:12:17.9834815Z (Reading database ... 40%
2026-10-09T12:12:17.9835197Z (Reading database ... 45%
2026-10-09T12:12:17.9835719Z (Reading database ... 50%
2026-10-09T12:12:17.9899866Z (Reading database ... 55%
2026-10-09T12:12:18.1687242Z (Reading database ... 60%
2026-10-09T12:12:18.3737754Z (Reading database ... 65%
2026-10-09T12:12:18.5758287Z (Reading database ... 70%
2026-10-09T12:12:18.7412307Z (Reading database ... 75%
2026-10-09T12:12:18.8832282Z (Reading database ... 80%
2026-10-09T12:12:19.2045511Z (Reading database ... 85%
2026-10-09T12:12:19.3692565Z (Reading database ... 90%
2026-10-09T12:12:19.5854120Z (Reading database ... 95%
2026-10-09T12:12:19.5854590Z (Reading database ... 100%
2026-10-09T12:12:19.5855018Z (Reading database ... 203191 files and directories currently installed.)
2026-10-09T12:12:19.5900114Z Preparing to unpack .../0-fonts-ipafont-gothic_00303-21ubuntu1_all.deb ...
2026-10-09T12:12:19.5978157Z Unpacking fonts-ipafont-gothic (00303-21ubuntu1) ...
2026-10-09T12:12:19.8201811Z Selecting previously unselected package fonts-freefont-ttf.
2026-10-09T12:12:19.8317431Z Preparing to unpack .../1-fonts-freefont-ttf_20211204+svn4273-2_all.deb ...
2026-10-09T12:12:19.8323172Z Unpacking fonts-freefont-ttf (20211204+svn4273-2) ...
2026-10-09T12:12:19.9198973Z Selecting previously unselected package fonts-tlwg-loma-otf.
2026-10-09T12:12:19.9312979Z Preparing to unpack .../2-fonts-tlwg-loma-otf_1%3a0.7.3-1_all.deb ...
2026-10-09T12:12:19.9319282Z Unpacking fonts-tlwg-loma-otf (1:0.7.3-1) ...
2026-10-09T12:12:19.9499515Z Selecting previously unselected package fonts-unifont.
2026-10-09T12:12:19.9612813Z Preparing to unpack .../3-fonts-unifont_1%3a15.1.01-1build1_all.deb ...
2026-10-09T12:12:19.9618747Z Unpacking fonts-unifont (1:15.1.01-1build1) ...
2026-10-09T12:12:20.1921669Z Selecting previously unselected package fonts-wqy-zenhei.
2026-10-09T12:12:20.2033361Z Preparing to unpack .../4-fonts-wqy-zenhei_0.9.45-8_all.deb ...
2026-10-09T12:12:20.2121926Z Unpacking fonts-wqy-zenhei (0.9.45-8) ...
2026-10-09T12:12:20.6616943Z Preparing to unpack .../5-libfreetype6_2.13.2+dfsg-1ubuntu0.2_amd64.deb ...
2026-10-09T12:12:20.6844118Z Unpacking libfreetype6:amd64 (2.13.2+dfsg-1ubuntu0.2) over (2.13.2+dfsg-1ubuntu0.1) ...
2026-10-09T12:12:20.7052603Z Selecting previously unselected package xfonts-encodings.
2026-10-09T12:12:20.7164268Z Preparing to unpack .../6-xfonts-encodings_1%3a1.0.5-0ubuntu2_all.deb ...
2026-10-09T12:12:20.7169580Z Unpacking xfonts-encodings (1:1.0.5-0ubuntu2) ...
2026-10-09T12:12:20.7582282Z Selecting previously unselected package xfonts-utils.
2026-10-09T12:12:20.7689720Z Preparing to unpack .../7-xfonts-utils_1%3a7.7+6build3_amd64.deb ...
2026-10-09T12:12:20.7695825Z Unpacking xfonts-utils (1:7.7+6build3) ...
2026-10-09T12:12:20.8091694Z Selecting previously unselected package xfonts-cyrillic.
2026-10-09T12:12:20.8200529Z Preparing to unpack .../8-xfonts-cyrillic_1%3a1.0.5+nmu1_all.deb ...
2026-10-09T12:12:20.8207692Z Unpacking xfonts-cyrillic (1:1.0.5+nmu1) ...
2026-10-09T12:12:20.8475902Z Selecting previously unselected package xfonts-scalable.
2026-10-09T12:12:20.8585192Z Preparing to unpack .../9-xfonts-scalable_1%3a1.0.3-1.3_all.deb ...
2026-10-09T12:12:20.8594052Z Unpacking xfonts-scalable (1:1.0.3-1.3) ...
2026-10-09T12:12:20.8979656Z Setting up fonts-wqy-zenhei (0.9.45-8) ...
2026-10-09T12:12:20.9245919Z Setting up fonts-freefont-ttf (20211204+svn4273-2) ...
2026-10-09T12:12:20.9264888Z Setting up fonts-tlwg-loma-otf (1:0.7.3-1) ...
2026-10-09T12:12:20.9282442Z Setting up libfreetype6:amd64 (2.13.2+dfsg-1ubuntu0.2) ...
2026-10-09T12:12:20.9303453Z Setting up xfonts-encodings (1:1.0.5-0ubuntu2) ...
2026-10-09T12:12:20.9319218Z Setting up fonts-ipafont-gothic (00303-21ubuntu1) ...
2026-10-09T12:12:20.9410099Z update-alternatives: using /usr/share/fonts/opentype/ipafont-gothic/ipag.ttf to provide /usr/share/fonts/truetype/fonts-japanese-gothic.ttf (fonts-japanese-gothic.ttf) in auto mode
2026-10-09T12:12:20.9421422Z Setting up fonts-unifont (1:15.1.01-1build1) ...
2026-10-09T12:12:20.9435463Z Setting up xfonts-utils (1:7.7+6build3) ...
2026-10-09T12:12:20.9470691Z Setting up xfonts-cyrillic (1:1.0.5+nmu1) ...
2026-10-09T12:12:20.9726289Z Setting up xfonts-scalable (1:1.0.3-1.3) ...
2026-10-09T12:12:21.0467352Z Processing triggers for libc-bin (2.39-0ubuntu8.9) ...
2026-10-09T12:12:21.5951194Z Processing triggers for man-db (2.12.0-4build2) ...
2026-10-09T12:12:21.5981220Z Not building database; man-db/auto-update is not 'true'.
2026-10-09T12:12:21.5991553Z Processing triggers for fontconfig (2.15.0-1.1ubuntu2) ...
2026-10-09T12:12:22.3556080Z 
2026-10-09T12:12:22.3556553Z Running kernel seems to be up-to-date.
2026-10-09T12:12:22.3556774Z 
2026-10-09T12:12:22.3556877Z Restarting services...
2026-10-09T12:12:22.3622234Z  systemctl restart php8.3-fpm.service
2026-10-09T12:12:22.4665010Z 
2026-10-09T12:12:22.4665470Z No containers need to be restarted.
2026-10-09T12:12:22.4665733Z 
2026-10-09T12:12:22.4665957Z No user sessions are running outdated binaries.
2026-10-09T12:12:22.4666230Z 
2026-10-09T12:12:22.4666579Z No VM guests are running outdated hypervisor (qemu) binaries on this host.
2026-10-09T12:12:23.4152170Z Downloading Chrome for Testing 151.0.7922.34 (playwright chromium v1234) from https://cdn.playwright.dev/builds/cft/151.0.7922.34/linux64/chrome-linux64.zip
2026-10-09T12:12:24.3460506Z |                                                                                |   0% of 184.3 MiB
2026-10-09T12:12:24.4863726Z |■■■■■■■■                                                                        |  10% of 184.3 MiB
2026-10-09T12:12:24.5694778Z |■■■■■■■■■■■■■■■■                                                                |  20% of 184.3 MiB
2026-10-09T12:12:24.6319848Z |■■■■■■■■■■■■■■■■■■■■■■■■                                                        |  30% of 184.3 MiB
2026-10-09T12:12:24.6805201Z |■■■■■■■■■■■■■■■■■■■■■■■■■■■■■■■■                                                |  40% of 184.3 MiB
2026-10-09T12:12:24.7262304Z |■■■■■■■■■■■■■■■■■■■■■■■■■■■■■■■■■■■■■■■■                                        |  50% of 184.3 MiB
2026-10-09T12:12:24.7755922Z |■■■■■■■■■■■■■■■■■■■■■■■■■■■■■■■■■■■■■■■■■■■■■■■■                                |  60% of 184.3 MiB
2026-10-09T12:12:24.8324289Z |■■■■■■■■■■■■■■■■■■■■■■■■■■■■■■■■■■■■■■■■■■■■■■■■■■■■■■■■                        |  70% of 184.3 MiB
2026-10-09T12:12:24.8809927Z |■■■■■■■■■■■■■■■■■■■■■■■■■■■■■■■■■■■■■■■■■■■■■■■■■■■■■■■■■■■■■■■■                |  80% of 184.3 MiB
2026-10-09T12:12:24.9272901Z |■■■■■■■■■■■■■■■■■■■■■■■■■■■■■■■■■■■■■■■■■■■■■■■■■■■■■■■■■■■■■■■■■■■■■■■■        |  90% of 184.3 MiB
2026-10-09T12:12:24.9707628Z |■■■■■■■■■■■■■■■■■■■■■■■■■■■■■■■■■■■■■■■■■■■■■■■■■■■■■■■■■■■■■■■■■■■■■■■■■■■■■■■■| 100% of 184.3 MiB
2026-10-09T12:12:26.9989335Z Chrome for Testing 151.0.7922.34 (playwright chromium v1234) downloaded to /home/runner/work/_temp/novel-ci-v2-creative-browser.GGclfI/cache/ms-playwright/chromium-1234
2026-10-09T12:12:26.9991179Z Downloading FFmpeg (playwright ffmpeg v1011) from https://cdn.playwright.dev/dbazure/download/playwright/builds/ffmpeg/1011/ffmpeg-linux.zip
2026-10-09T12:12:27.9103733Z |                                                                                |   0% of 2.3 MiB
2026-10-09T12:12:27.9151966Z |■■■■■■■■                                                                        |  10% of 2.3 MiB
2026-10-09T12:12:27.9179382Z |■■■■■■■■■■■■■■■■                                                                |  20% of 2.3 MiB
2026-10-09T12:12:27.9206922Z |■■■■■■■■■■■■■■■■■■■■■■■■                                                        |  30% of 2.3 MiB
2026-10-09T12:12:27.9231059Z |■■■■■■■■■■■■■■■■■■■■■■■■■■■■■■■■                                                |  40% of 2.3 MiB
2026-10-09T12:12:27.9239645Z |■■■■■■■■■■■■■■■■■■■■■■■■■■■■■■■■■■■■■■■■                                        |  50% of 2.3 MiB
2026-10-09T12:12:27.9256589Z |■■■■■■■■■■■■■■■■■■■■■■■■■■■■■■■■■■■■■■■■■■■■■■■■                                |  60% of 2.3 MiB
2026-10-09T12:12:27.9265811Z |■■■■■■■■■■■■■■■■■■■■■■■■■■■■■■■■■■■■■■■■■■■■■■■■■■■■■■■■                        |  70% of 2.3 MiB
2026-10-09T12:12:27.9272565Z |■■■■■■■■■■■■■■■■■■■■■■■■■■■■■■■■■■■■■■■■■■■■■■■■■■■■■■■■■■■■■■■■                |  80% of 2.3 MiB
2026-10-09T12:12:27.9283708Z |■■■■■■■■■■■■■■■■■■■■■■■■■■■■■■■■■■■■■■■■■■■■■■■■■■■■■■■■■■■■■■■■■■■■■■■■        |  90% of 2.3 MiB
2026-10-09T12:12:27.9291644Z |■■■■■■■■■■■■■■■■■■■■■■■■■■■■■■■■■■■■■■■■■■■■■■■■■■■■■■■■■■■■■■■■■■■■■■■■■■■■■■■■| 100% of 2.3 MiB
2026-10-09T12:12:27.9728373Z FFmpeg (playwright ffmpeg v1011) downloaded to /home/runner/work/_temp/novel-ci-v2-creative-browser.GGclfI/cache/ms-playwright/ffmpeg-1011
2026-10-09T12:12:27.9730794Z Downloading Chrome Headless Shell 151.0.7922.34 (playwright chromium-headless-shell v1234) from https://cdn.playwright.dev/builds/cft/151.0.7922.34/linux64/chrome-headless-shell-linux64.zip
2026-10-09T12:12:28.8948985Z |                                                                                |   0% of 114.7 MiB
2026-10-09T12:12:28.9684613Z |■■■■■■■■                                                                        |  10% of 114.7 MiB
2026-10-09T12:12:29.0142407Z |■■■■■■■■■■■■■■■■                                                                |  20% of 114.7 MiB
2026-10-09T12:12:29.0510485Z |■■■■■■■■■■■■■■■■■■■■■■■■                                                        |  30% of 114.7 MiB
2026-10-09T12:12:29.0974353Z |■■■■■■■■■■■■■■■■■■■■■■■■■■■■■■■■                                                |  40% of 114.7 MiB
2026-10-09T12:12:29.1318577Z |■■■■■■■■■■■■■■■■■■■■■■■■■■■■■■■■■■■■■■■■                                        |  50% of 114.7 MiB
2026-10-09T12:12:29.1676847Z |■■■■■■■■■■■■■■■■■■■■■■■■■■■■■■■■■■■■■■■■■■■■■■■■                                |  60% of 114.7 MiB
2026-10-09T12:12:29.2389631Z |■■■■■■■■■■■■■■■■■■■■■■■■■■■■■■■■■■■■■■■■■■■■■■■■■■■■■■■■                        |  70% of 114.7 MiB
2026-10-09T12:12:29.2682073Z |■■■■■■■■■■■■■■■■■■■■■■■■■■■■■■■■■■■■■■■■■■■■■■■■■■■■■■■■■■■■■■■■                |  80% of 114.7 MiB
2026-10-09T12:12:29.3005446Z |■■■■■■■■■■■■■■■■■■■■■■■■■■■■■■■■■■■■■■■■■■■■■■■■■■■■■■■■■■■■■■■■■■■■■■■■        |  90% of 114.7 MiB
2026-10-09T12:12:29.3288954Z |■■■■■■■■■■■■■■■■■■■■■■■■■■■■■■■■■■■■■■■■■■■■■■■■■■■■■■■■■■■■■■■■■■■■■■■■■■■■■■■■| 100% of 114.7 MiB
2026-10-09T12:12:30.7843749Z Chrome Headless Shell 151.0.7922.34 (playwright chromium-headless-shell v1234) downloaded to /home/runner/work/_temp/novel-ci-v2-creative-browser.GGclfI/cache/ms-playwright/chromium_headless_shell-1234
2026-10-09T12:12:30.8035449Z ##[group]Run python -m pip install -c .github/ci/python-constraints.txt -e '.[dev,fontbuild,otio,comic]'
2026-10-09T12:12:30.8036064Z [36;1mpython -m pip install -c .github/ci/python-constraints.txt -e '.[dev,fontbuild,otio,comic]'[0m
2026-10-09T12:12:30.8036436Z [36;1mpython -m pip check[0m
2026-10-09T12:12:30.8036759Z [36;1mpython -m pip freeze --exclude-editable > "$CI_RECEIPTS/python-packages.txt"[0m
2026-10-09T12:12:30.8093477Z shell: /usr/bin/bash -e {0}
2026-10-09T12:12:30.8093699Z env:
2026-10-09T12:12:30.8093876Z   MOCK_PROVIDER: true
2026-10-09T12:12:30.8094062Z   MOCK_STREAM_DELAY_MS: 0
2026-10-09T12:12:30.8094261Z   ENABLE_CLOUD: false
2026-10-09T12:12:30.8094655Z   CREDENTIAL_VAULT_BACKEND: memory
2026-10-09T12:12:30.8094915Z   CREDENTIAL_VAULT_ALLOW_MEMORY_FALLBACK: true
2026-10-09T12:12:30.8095172Z   PYTHONDONTWRITEBYTECODE: 1
2026-10-09T12:12:30.8095392Z   HF_HUB_OFFLINE: 1
2026-10-09T12:12:30.8095562Z   TRANSFORMERS_OFFLINE: 1
2026-10-09T12:12:30.8095841Z   pythonLocation: /opt/hostedtoolcache/Python/3.12.9/x64
2026-10-09T12:12:30.8096173Z   PKG_CONFIG_PATH: /opt/hostedtoolcache/Python/3.12.9/x64/lib/pkgconfig
2026-10-09T12:12:30.8096492Z   Python_ROOT_DIR: /opt/hostedtoolcache/Python/3.12.9/x64
2026-10-09T12:12:30.8096781Z   Python2_ROOT_DIR: /opt/hostedtoolcache/Python/3.12.9/x64
2026-10-09T12:12:30.8097070Z   Python3_ROOT_DIR: /opt/hostedtoolcache/Python/3.12.9/x64
2026-10-09T12:12:30.8097363Z   LD_LIBRARY_PATH: /opt/hostedtoolcache/Python/3.12.9/x64/lib
2026-10-09T12:12:30.8097665Z   CI_COVERAGE_SHA: 0df2640c4c1a2d3052bb0a84d14445744d04046f
2026-10-09T12:12:30.8097950Z   CI_COVERAGE_TREE: f800c0e8a6d920e8836a027707c8078c5a8421f2
2026-10-09T12:12:30.8098293Z   CI_SANDBOX: /home/runner/work/_temp/novel-ci-v2-creative-browser.GGclfI
2026-10-09T12:12:30.8098686Z   CI_PROJECT: /home/runner/work/_temp/novel-ci-v2-creative-browser.GGclfI/project
2026-10-09T12:12:30.8099093Z   CI_RECEIPTS: /home/runner/work/_temp/novel-ci-v2-creative-browser.GGclfI/receipts
2026-10-09T12:12:30.8099482Z   HOME: /home/runner/work/_temp/novel-ci-v2-creative-browser.GGclfI/home
2026-10-09T12:12:30.8099859Z   USERPROFILE: /home/runner/work/_temp/novel-ci-v2-creative-browser.GGclfI/home
2026-10-09T12:12:30.8100251Z   APPDATA: /home/runner/work/_temp/novel-ci-v2-creative-browser.GGclfI/appdata
2026-10-09T12:12:30.8100663Z   LOCALAPPDATA: /home/runner/work/_temp/novel-ci-v2-creative-browser.GGclfI/localappdata
2026-10-09T12:12:30.8101097Z   XDG_CONFIG_HOME: /home/runner/work/_temp/novel-ci-v2-creative-browser.GGclfI/config
2026-10-09T12:12:30.8101502Z   XDG_CACHE_HOME: /home/runner/work/_temp/novel-ci-v2-creative-browser.GGclfI/cache
2026-10-09T12:12:30.8101892Z   XDG_DATA_HOME: /home/runner/work/_temp/novel-ci-v2-creative-browser.GGclfI/data
2026-10-09T12:12:30.8102278Z   XDG_STATE_HOME: /home/runner/work/_temp/novel-ci-v2-creative-browser.GGclfI/state
2026-10-09T12:12:30.8102652Z   TMPDIR: /home/runner/work/_temp/novel-ci-v2-creative-browser.GGclfI/tmp
2026-10-09T12:12:30.8103011Z   TMP: /home/runner/work/_temp/novel-ci-v2-creative-browser.GGclfI/tmp
2026-10-09T12:12:30.8103351Z   TEMP: /home/runner/work/_temp/novel-ci-v2-creative-browser.GGclfI/tmp
2026-10-09T12:12:30.8103718Z   PROJECT_ROOT: /home/runner/work/_temp/novel-ci-v2-creative-browser.GGclfI/project
2026-10-09T12:12:30.8104140Z   NOVEL_DATA_PATH: /home/runner/work/_temp/novel-ci-v2-creative-browser.GGclfI/data/novels
2026-10-09T12:12:30.8104796Z   BACKUP_PATH: /home/runner/work/_temp/novel-ci-v2-creative-browser.GGclfI/data/backups
2026-10-09T12:12:30.8105276Z   DATABASE_BACKUP_PATH: /home/runner/work/_temp/novel-ci-v2-creative-browser.GGclfI/data/database-backups
2026-10-09T12:12:30.8105771Z   KNOWLEDGE_SOURCE_PATH: /home/runner/work/_temp/novel-ci-v2-creative-browser.GGclfI/data/novels
2026-10-09T12:12:30.8106373Z ##[endgroup]
2026-10-09T12:12:31.6558246Z Obtaining file:///home/runner/work/_temp/novel-ci-v2-creative-browser.GGclfI/project
2026-10-09T12:12:31.6574689Z   Installing build dependencies: started
2026-10-09T12:12:32.7228979Z   Installing build dependencies: finished with status 'done'
2026-10-09T12:12:32.7233111Z   Checking if build backend supports build_editable: started
2026-10-09T12:12:33.2960384Z   Checking if build backend supports build_editable: finished with status 'done'
2026-10-09T12:12:33.2966497Z   Getting requirements to build editable: started
2026-10-09T12:12:34.0312616Z   Getting requirements to build editable: finished with status 'done'
2026-10-09T12:12:34.0319757Z   Preparing editable metadata (pyproject.toml): started
2026-10-09T12:12:34.7874589Z   Preparing editable metadata (pyproject.toml): finished with status 'done'
2026-10-09T12:12:34.9572794Z Collecting fastapi<1,>=0.115 (from ai-novel-studio==0.7.0)
2026-10-09T12:12:34.9948512Z   Downloading fastapi-0.142.2-py3-none-any.whl.metadata (27 kB)
2026-10-09T12:12:35.0643965Z Collecting uvicorn<1,>=0.30 (from ai-novel-studio==0.7.0)
2026-10-09T12:12:35.0675242Z   Downloading uvicorn-0.54.0-py3-none-any.whl.metadata (6.6 kB)
2026-10-09T12:12:35.0998477Z Collecting psycopg<4,>=3.2 (from psycopg[binary]<4,>=3.2->ai-novel-studio==0.7.0)
2026-10-09T12:12:35.1029170Z   Downloading psycopg-3.3.6-py3-none-any.whl.metadata (4.4 kB)
2026-10-09T12:12:35.3611392Z Collecting sqlalchemy<3,>=2.0 (from ai-novel-studio==0.7.0)
2026-10-09T12:12:35.3651787Z   Downloading sqlalchemy-2.1.3-cp312-cp312-manylinux2014_x86_64.manylinux_2_17_x86_64.manylinux_2_28_x86_64.whl.metadata (9.7 kB)
2026-10-09T12:12:35.4207584Z Collecting httpx<1,>=0.27 (from ai-novel-studio==0.7.0)
2026-10-09T12:12:35.4241981Z   Downloading httpx-0.28.1-py3-none-any.whl.metadata (7.1 kB)
2026-10-09T12:12:35.4390389Z Collecting pydantic-settings<3,>=2.6 (from ai-novel-studio==0.7.0)
2026-10-09T12:12:35.4421434Z   Downloading pydantic_settings-2.15.0-py3-none-any.whl.metadata (3.9 kB)
2026-10-09T12:12:35.6028601Z Collecting reportlab<5,>=4.0 (from ai-novel-studio==0.7.0)
2026-10-09T12:12:35.6063759Z   Downloading reportlab-4.5.1-py3-none-any.whl.metadata (1.7 kB)
2026-10-09T12:12:35.7927365Z Collecting pypdf==6.19.0 (from ai-novel-studio==0.7.0)
2026-10-09T12:12:35.7963725Z   Downloading pypdf-6.19.0-py3-none-any.whl.metadata (7.5 kB)
2026-10-09T12:12:35.8508585Z Collecting jsonschema<5,>=4.18 (from ai-novel-studio==0.7.0)
2026-10-09T12:12:35.8539404Z   Downloading jsonschema-4.26.0-py3-none-any.whl.metadata (7.6 kB)
2026-10-09T12:12:35.8734641Z Collecting pytest<9,>=8 (from ai-novel-studio==0.7.0)
2026-10-09T12:12:35.8766613Z   Downloading pytest-8.4.2-py3-none-any.whl.metadata (7.7 kB)
2026-10-09T12:12:35.9734243Z Collecting fonttools==4.59.1 (from ai-novel-studio==0.7.0)
2026-10-09T12:12:35.9779701Z   Downloading fonttools-4.59.1-cp312-cp312-manylinux1_x86_64.manylinux2014_x86_64.manylinux_2_17_x86_64.manylinux_2_5_x86_64.whl.metadata (108 kB)
2026-10-09T12:12:36.0032486Z Collecting opentimelineio==0.18.1 (from ai-novel-studio==0.7.0)
2026-10-09T12:12:36.0073159Z   Downloading opentimelineio-0.18.1-cp312-cp312-manylinux2014_x86_64.manylinux_2_17_x86_64.whl.metadata (2.6 kB)
2026-10-09T12:12:36.1362256Z Collecting Pillow==12.3.0 (from ai-novel-studio==0.7.0)
2026-10-09T12:12:36.1399302Z   Downloading pillow-12.3.0-cp312-cp312-manylinux_2_27_x86_64.manylinux_2_28_x86_64.whl.metadata (9.1 kB)
2026-10-09T12:12:36.1597005Z Collecting starlette>=0.46.0 (from fastapi<1,>=0.115->ai-novel-studio==0.7.0)
2026-10-09T12:12:36.1624817Z   Downloading starlette-1.7.0-py3-none-any.whl.metadata (6.6 kB)
2026-10-09T12:12:36.2318071Z Collecting pydantic>=2.9.0 (from fastapi<1,>=0.115->ai-novel-studio==0.7.0)
2026-10-09T12:12:36.2351470Z   Downloading pydantic-2.13.5-py3-none-any.whl.metadata (110 kB)
2026-10-09T12:12:36.2492546Z Collecting typing-extensions>=4.8.0 (from fastapi<1,>=0.115->ai-novel-studio==0.7.0)
2026-10-09T12:12:36.2534093Z   Downloading typing_extensions-4.16.0-py3-none-any.whl.metadata (3.3 kB)
2026-10-09T12:12:36.2612834Z Collecting typing-inspection>=0.4.2 (from fastapi<1,>=0.115->ai-novel-studio==0.7.0)
2026-10-09T12:12:36.2643062Z   Downloading typing_inspection-0.4.4-py3-none-any.whl.metadata (2.6 kB)
2026-10-09T12:12:36.2716951Z Collecting annotated-doc>=0.0.2 (from fastapi<1,>=0.115->ai-novel-studio==0.7.0)
2026-10-09T12:12:36.2752072Z   Downloading annotated_doc-0.0.5-py3-none-any.whl.metadata (6.5 kB)
2026-10-09T12:12:36.2878913Z Collecting opentelemetry-api>=1.44.0 (from fastapi<1,>=0.115->ai-novel-studio==0.7.0)
2026-10-09T12:12:36.2915542Z   Downloading opentelemetry_api-1.45.0-py3-none-any.whl.metadata (1.4 kB)
2026-10-09T12:12:36.3047523Z Collecting anyio (from httpx<1,>=0.27->ai-novel-studio==0.7.0)
2026-10-09T12:12:36.3077862Z   Downloading anyio-4.15.1-py3-none-any.whl.metadata (4.7 kB)
2026-10-09T12:12:36.3193331Z Collecting certifi (from httpx<1,>=0.27->ai-novel-studio==0.7.0)
2026-10-09T12:12:36.3224812Z   Downloading certifi-2026.7.22-py3-none-any.whl.metadata (2.5 kB)
2026-10-09T12:12:36.3336050Z Collecting httpcore==1.* (from httpx<1,>=0.27->ai-novel-studio==0.7.0)
2026-10-09T12:12:36.3365581Z   Downloading httpcore-1.0.9-py3-none-any.whl.metadata (21 kB)
2026-10-09T12:12:36.3473404Z Collecting idna (from httpx<1,>=0.27->ai-novel-studio==0.7.0)
2026-10-09T12:12:36.3520299Z   Downloading idna-3.20-py3-none-any.whl.metadata (7.2 kB)
2026-10-09T12:12:36.3612436Z Collecting h11>=0.16 (from httpcore==1.*->httpx<1,>=0.27->ai-novel-studio==0.7.0)
2026-10-09T12:12:36.3652423Z   Downloading h11-0.16.0-py3-none-any.whl.metadata (8.3 kB)
2026-10-09T12:12:36.3765448Z Collecting attrs>=22.2.0 (from jsonschema<5,>=4.18->ai-novel-studio==0.7.0)
2026-10-09T12:12:36.3799353Z   Downloading attrs-26.1.0-py3-none-any.whl.metadata (8.8 kB)
2026-10-09T12:12:36.3895524Z Collecting jsonschema-specifications>=2023.03.6 (from jsonschema<5,>=4.18->ai-novel-studio==0.7.0)
2026-10-09T12:12:36.3948225Z   Downloading jsonschema_specifications-2025.9.1-py3-none-any.whl.metadata (2.9 kB)
2026-10-09T12:12:36.4093505Z Collecting referencing>=0.28.4 (from jsonschema<5,>=4.18->ai-novel-studio==0.7.0)
2026-10-09T12:12:36.4130999Z   Downloading referencing-0.37.0-py3-none-any.whl.metadata (2.8 kB)
2026-10-09T12:12:36.6489816Z Collecting rpds-py>=0.25.0 (from jsonschema<5,>=4.18->ai-novel-studio==0.7.0)
2026-10-09T12:12:36.6521651Z   Downloading rpds_py-2026.9.1-cp312-cp312-manylinux_2_17_x86_64.manylinux2014_x86_64.whl.metadata (4.1 kB)
2026-10-09T12:12:36.8176357Z Collecting psycopg-binary==3.3.6 (from psycopg[binary]<4,>=3.2->ai-novel-studio==0.7.0)
2026-10-09T12:12:36.8210643Z   Downloading psycopg_binary-3.3.6-cp312-cp312-manylinux2014_x86_64.manylinux_2_17_x86_64.whl.metadata (2.7 kB)
2026-10-09T12:12:36.8372553Z Collecting python-dotenv>=0.21.0 (from pydantic-settings<3,>=2.6->ai-novel-studio==0.7.0)
2026-10-09T12:12:36.8406361Z   Downloading python_dotenv-1.2.4-py3-none-any.whl.metadata (29 kB)
2026-10-09T12:12:36.8544707Z Collecting iniconfig>=1 (from pytest<9,>=8->ai-novel-studio==0.7.0)
2026-10-09T12:12:36.8586963Z   Downloading iniconfig-2.3.0-py3-none-any.whl.metadata (2.5 kB)
2026-10-09T12:12:36.8739370Z Collecting packaging>=20 (from pytest<9,>=8->ai-novel-studio==0.7.0)
2026-10-09T12:12:36.8770561Z   Downloading packaging-26.3-py3-none-any.whl.metadata (3.5 kB)
2026-10-09T12:12:36.8888966Z Collecting pluggy<2,>=1.5 (from pytest<9,>=8->ai-novel-studio==0.7.0)
2026-10-09T12:12:36.8926507Z   Downloading pluggy-1.6.0-py3-none-any.whl.metadata (4.8 kB)
2026-10-09T12:12:36.9063206Z Collecting pygments>=2.7.2 (from pytest<9,>=8->ai-novel-studio==0.7.0)
2026-10-09T12:12:36.9113570Z   Downloading pygments-2.21.0-py3-none-any.whl.metadata (2.5 kB)
2026-10-09T12:12:36.9991825Z Collecting charset-normalizer (from reportlab<5,>=4.0->ai-novel-studio==0.7.0)
2026-10-09T12:12:37.0027667Z   Downloading charset_normalizer-3.5.2-cp312-cp312-manylinux2014_x86_64.manylinux_2_17_x86_64.manylinux_2_28_x86_64.whl.metadata (46 kB)
2026-10-09T12:12:37.0228015Z Collecting click>=7.0 (from uvicorn<1,>=0.30->ai-novel-studio==0.7.0)
2026-10-09T12:12:37.0273683Z   Downloading click-8.5.0-py3-none-any.whl.metadata (2.6 kB)
2026-10-09T12:12:37.0426931Z Collecting annotated-types>=0.6.0 (from pydantic>=2.9.0->fastapi<1,>=0.115->ai-novel-studio==0.7.0)
2026-10-09T12:12:37.0501280Z   Downloading annotated_types-0.8.0-py3-none-any.whl.metadata (15 kB)
2026-10-09T12:12:37.5479713Z Collecting pydantic-core==2.46.5 (from pydantic>=2.9.0->fastapi<1,>=0.115->ai-novel-studio==0.7.0)
2026-10-09T12:12:37.5531184Z   Downloading pydantic_core-2.46.5-cp312-cp312-manylinux_2_17_x86_64.manylinux2014_x86_64.whl.metadata (6.6 kB)
2026-10-09T12:12:37.5751044Z Downloading fonttools-4.59.1-cp312-cp312-manylinux1_x86_64.manylinux2014_x86_64.manylinux_2_17_x86_64.manylinux_2_5_x86_64.whl (4.9 MB)
2026-10-09T12:12:37.6322088Z    ━━━━━━━━━━━━━━━━━━━━━━━━━━━━━━━━━━━━━━━━ 4.9/4.9 MB 87.0 MB/s  0:00:00
2026-10-09T12:12:37.6418177Z Downloading opentimelineio-0.18.1-cp312-cp312-manylinux2014_x86_64.manylinux_2_17_x86_64.whl (842 kB)
2026-10-09T12:12:37.6490629Z    ━━━━━━━━━━━━━━━━━━━━━━━━━━━━━━━━━━━━━━━━ 842.8/842.8 kB 107.5 MB/s  0:00:00
2026-10-09T12:12:37.6613685Z Downloading pillow-12.3.0-cp312-cp312-manylinux_2_27_x86_64.manylinux_2_28_x86_64.whl (6.9 MB)
2026-10-09T12:12:37.7605078Z    ━━━━━━━━━━━━━━━━━━━━━━━━━━━━━━━━━━━━━━━━ 6.9/6.9 MB 68.8 MB/s  0:00:00
2026-10-09T12:12:37.7639450Z Downloading pypdf-6.19.0-py3-none-any.whl (395 kB)
2026-10-09T12:12:37.7714113Z Downloading fastapi-0.142.2-py3-none-any.whl (144 kB)
2026-10-09T12:12:37.7760807Z Downloading httpx-0.28.1-py3-none-any.whl (73 kB)
2026-10-09T12:12:37.7849936Z Downloading httpcore-1.0.9-py3-none-any.whl (78 kB)
2026-10-09T12:12:37.7961886Z Downloading jsonschema-4.26.0-py3-none-any.whl (90 kB)
2026-10-09T12:12:37.8006464Z Downloading psycopg-3.3.6-py3-none-any.whl (215 kB)
2026-10-09T12:12:37.8055338Z Downloading psycopg_binary-3.3.6-cp312-cp312-manylinux2014_x86_64.manylinux_2_17_x86_64.whl (5.2 MB)
2026-10-09T12:12:37.8401249Z    ━━━━━━━━━━━━━━━━━━━━━━━━━━━━━━━━━━━━━━━━ 5.2/5.2 MB 154.0 MB/s  0:00:00
2026-10-09T12:12:37.8437561Z Downloading pydantic_settings-2.15.0-py3-none-any.whl (69 kB)
2026-10-09T12:12:37.8485442Z Downloading pytest-8.4.2-py3-none-any.whl (365 kB)
2026-10-09T12:12:37.8541464Z Downloading pluggy-1.6.0-py3-none-any.whl (20 kB)
2026-10-09T12:12:37.8640291Z Downloading reportlab-4.5.1-py3-none-any.whl (2.0 MB)
2026-10-09T12:12:37.9052587Z    ━━━━━━━━━━━━━━━━━━━━━━━━━━━━━━━━━━━━━━━━ 2.0/2.0 MB 43.1 MB/s  0:00:00
2026-10-09T12:12:37.9085764Z Downloading sqlalchemy-2.1.3-cp312-cp312-manylinux2014_x86_64.manylinux_2_17_x86_64.manylinux_2_28_x86_64.whl (4.7 MB)
2026-10-09T12:12:37.9761063Z    ━━━━━━━━━━━━━━━━━━━━━━━━━━━━━━━━━━━━━━━━ 4.7/4.7 MB 71.1 MB/s  0:00:00
2026-10-09T12:12:37.9794121Z Downloading uvicorn-0.54.0-py3-none-any.whl (87 kB)
2026-10-09T12:12:37.9842288Z Downloading annotated_doc-0.0.5-py3-none-any.whl (5.3 kB)
2026-10-09T12:12:37.9890117Z Downloading attrs-26.1.0-py3-none-any.whl (67 kB)
2026-10-09T12:12:38.0041902Z Downloading click-8.5.0-py3-none-any.whl (125 kB)
2026-10-09T12:12:38.0102861Z Downloading h11-0.16.0-py3-none-any.whl (37 kB)
2026-10-09T12:12:38.0145940Z Downloading iniconfig-2.3.0-py3-none-any.whl (7.5 kB)
2026-10-09T12:12:38.0246816Z Downloading jsonschema_specifications-2025.9.1-py3-none-any.whl (18 kB)
2026-10-09T12:12:38.0339479Z Downloading opentelemetry_api-1.45.0-py3-none-any.whl (60 kB)
2026-10-09T12:12:38.0441754Z Downloading packaging-26.3-py3-none-any.whl (129 kB)
2026-10-09T12:12:38.0488421Z Downloading pydantic-2.13.5-py3-none-any.whl (472 kB)
2026-10-09T12:12:38.0581147Z Downloading pydantic_core-2.46.5-cp312-cp312-manylinux_2_17_x86_64.manylinux2014_x86_64.whl (2.1 MB)
2026-10-09T12:12:38.0717563Z    ━━━━━━━━━━━━━━━━━━━━━━━━━━━━━━━━━━━━━━━━ 2.1/2.1 MB 152.4 MB/s  0:00:00
2026-10-09T12:12:38.0750759Z Downloading annotated_types-0.8.0-py3-none-any.whl (13 kB)
2026-10-09T12:12:38.0854343Z Downloading pygments-2.21.0-py3-none-any.whl (1.3 MB)
2026-10-09T12:12:38.1358403Z    ━━━━━━━━━━━━━━━━━━━━━━━━━━━━━━━━━━━━━━━━ 1.3/1.3 MB 20.5 MB/s  0:00:00
2026-10-09T12:12:38.1392447Z Downloading python_dotenv-1.2.4-py3-none-any.whl (23 kB)
2026-10-09T12:12:38.1438449Z Downloading referencing-0.37.0-py3-none-any.whl (26 kB)
2026-10-09T12:12:38.1493648Z Downloading rpds_py-2026.9.1-cp312-cp312-manylinux_2_17_x86_64.manylinux2014_x86_64.whl (371 kB)
2026-10-09T12:12:38.1547010Z Downloading starlette-1.7.0-py3-none-any.whl (78 kB)
2026-10-09T12:12:38.1732835Z Downloading anyio-4.15.1-py3-none-any.whl (132 kB)
2026-10-09T12:12:38.1794670Z Downloading idna-3.20-py3-none-any.whl (69 kB)
2026-10-09T12:12:38.1849299Z Downloading typing_extensions-4.16.0-py3-none-any.whl (45 kB)
2026-10-09T12:12:38.1957537Z Downloading typing_inspection-0.4.4-py3-none-any.whl (14 kB)
2026-10-09T12:12:38.2066681Z Downloading certifi-2026.7.22-py3-none-any.whl (136 kB)
2026-10-09T12:12:38.2117359Z Downloading charset_normalizer-3.5.2-cp312-cp312-manylinux2014_x86_64.manylinux_2_17_x86_64.manylinux_2_28_x86_64.whl (257 kB)
2026-10-09T12:12:38.3130211Z Building wheels for collected packages: ai-novel-studio
2026-10-09T12:12:38.3137049Z   Building editable for ai-novel-studio (pyproject.toml): started
2026-10-09T12:12:39.0962516Z   Building editable for ai-novel-studio (pyproject.toml): finished with status 'done'
2026-10-09T12:12:39.0967191Z   Created wheel for ai-novel-studio: filename=ai_novel_studio-0.7.0-0.editable-py3-none-any.whl size=3191 sha256=71c70400c7bdb175d457941ddf128533b2b859989d4bdcf248b6042b239e9dc3
2026-10-09T12:12:39.0968917Z   Stored in directory: /home/runner/work/_temp/novel-ci-v2-creative-browser.GGclfI/tmp/pip-ephem-wheel-cache-9wleiwot/wheels/99/de/eb/e2bcf073b37e11354dbfc724eeac02b08959983d30964e363d
2026-10-09T12:12:39.0980870Z Successfully built ai-novel-studio
2026-10-09T12:12:39.1765977Z Installing collected packages: typing-extensions, rpds-py, python-dotenv, pypdf, pygments, psycopg-binary, pluggy, Pillow, packaging, opentimelineio, iniconfig, idna, h11, fonttools, click, charset-normalizer, certifi, attrs, annotated-types, annotated-doc, uvicorn, typing-inspection, sqlalchemy, reportlab, referencing, pytest, pydantic-core, psycopg, opentelemetry-api, httpcore, anyio, starlette, pydantic, jsonschema-specifications, httpx, pydantic-settings, jsonschema, fastapi, ai-novel-studio
2026-10-09T12:12:44.6025053Z 
2026-10-09T12:12:44.6055171Z Successfully installed Pillow-12.3.0 ai-novel-studio-0.7.0 annotated-doc-0.0.5 annotated-types-0.8.0 anyio-4.15.1 attrs-26.1.0 certifi-2026.7.22 charset-normalizer-3.5.2 click-8.5.0 fastapi-0.142.2 fonttools-4.59.1 h11-0.16.0 httpcore-1.0.9 httpx-0.28.1 idna-3.20 iniconfig-2.3.0 jsonschema-4.26.0 jsonschema-specifications-2025.9.1 opentelemetry-api-1.45.0 opentimelineio-0.18.1 packaging-26.3 pluggy-1.6.0 psycopg-3.3.6 psycopg-binary-3.3.6 pydantic-2.13.5 pydantic-core-2.46.5 pydantic-settings-2.15.0 pygments-2.21.0 pypdf-6.19.0 pytest-8.4.2 python-dotenv-1.2.4 referencing-0.37.0 reportlab-4.5.1 rpds-py-2026.9.1 sqlalchemy-2.1.3 starlette-1.7.0 typing-extensions-4.16.0 typing-inspection-0.4.4 uvicorn-0.54.0
2026-10-09T12:12:45.2790085Z No broken requirements found.
2026-10-09T12:12:46.3278605Z ##[group]Run set -o pipefail
2026-10-09T12:12:46.3278858Z [36;1mset -o pipefail[0m
2026-10-09T12:12:46.3279467Z [36;1mV2_PYTHON=python CI_RECEIPTS="$CI_RECEIPTS/v2-creative-live" pnpm exec playwright test --config playwright.v2-live.config.ts 2>&1 | tee "$CI_RECEIPTS/v2-creative-live.log"[0m
2026-10-09T12:12:46.3335923Z shell: /usr/bin/bash -e {0}
2026-10-09T12:12:46.3336128Z env:
2026-10-09T12:12:46.3336295Z   MOCK_PROVIDER: true
2026-10-09T12:12:46.3336480Z   MOCK_STREAM_DELAY_MS: 0
2026-10-09T12:12:46.3336662Z   ENABLE_CLOUD: false
2026-10-09T12:12:46.3336848Z   CREDENTIAL_VAULT_BACKEND: memory
2026-10-09T12:12:46.3337084Z   CREDENTIAL_VAULT_ALLOW_MEMORY_FALLBACK: true
2026-10-09T12:12:46.3337329Z   PYTHONDONTWRITEBYTECODE: 1
2026-10-09T12:12:46.3337524Z   HF_HUB_OFFLINE: 1
2026-10-09T12:12:46.3337699Z   TRANSFORMERS_OFFLINE: 1
2026-10-09T12:12:46.3337929Z   pythonLocation: /opt/hostedtoolcache/Python/3.12.9/x64
2026-10-09T12:12:46.3338302Z   PKG_CONFIG_PATH: /opt/hostedtoolcache/Python/3.12.9/x64/lib/pkgconfig
2026-10-09T12:12:46.3338627Z   Python_ROOT_DIR: /opt/hostedtoolcache/Python/3.12.9/x64
2026-10-09T12:12:46.3338916Z   Python2_ROOT_DIR: /opt/hostedtoolcache/Python/3.12.9/x64
2026-10-09T12:12:46.3339204Z   Python3_ROOT_DIR: /opt/hostedtoolcache/Python/3.12.9/x64
2026-10-09T12:12:46.3339486Z   LD_LIBRARY_PATH: /opt/hostedtoolcache/Python/3.12.9/x64/lib
2026-10-09T12:12:46.3339778Z   CI_COVERAGE_SHA: 0df2640c4c1a2d3052bb0a84d14445744d04046f
2026-10-09T12:12:46.3340064Z   CI_COVERAGE_TREE: f800c0e8a6d920e8836a027707c8078c5a8421f2
2026-10-09T12:12:46.3340389Z   CI_SANDBOX: /home/runner/work/_temp/novel-ci-v2-creative-browser.GGclfI
2026-10-09T12:12:46.3340794Z   CI_PROJECT: /home/runner/work/_temp/novel-ci-v2-creative-browser.GGclfI/project
2026-10-09T12:12:46.3341198Z   CI_RECEIPTS: /home/runner/work/_temp/novel-ci-v2-creative-browser.GGclfI/receipts
2026-10-09T12:12:46.3341587Z   HOME: /home/runner/work/_temp/novel-ci-v2-creative-browser.GGclfI/home
2026-10-09T12:12:46.3341962Z   USERPROFILE: /home/runner/work/_temp/novel-ci-v2-creative-browser.GGclfI/home
2026-10-09T12:12:46.3342354Z   APPDATA: /home/runner/work/_temp/novel-ci-v2-creative-browser.GGclfI/appdata
2026-10-09T12:12:46.3342766Z   LOCALAPPDATA: /home/runner/work/_temp/novel-ci-v2-creative-browser.GGclfI/localappdata
2026-10-09T12:12:46.3343204Z   XDG_CONFIG_HOME: /home/runner/work/_temp/novel-ci-v2-creative-browser.GGclfI/config
2026-10-09T12:12:46.3343607Z   XDG_CACHE_HOME: /home/runner/work/_temp/novel-ci-v2-creative-browser.GGclfI/cache
2026-10-09T12:12:46.3344013Z   XDG_DATA_HOME: /home/runner/work/_temp/novel-ci-v2-creative-browser.GGclfI/data
2026-10-09T12:12:46.3344597Z   XDG_STATE_HOME: /home/runner/work/_temp/novel-ci-v2-creative-browser.GGclfI/state
2026-10-09T12:12:46.3345062Z   TMPDIR: /home/runner/work/_temp/novel-ci-v2-creative-browser.GGclfI/tmp
2026-10-09T12:12:46.3345420Z   TMP: /home/runner/work/_temp/novel-ci-v2-creative-browser.GGclfI/tmp
2026-10-09T12:12:46.3345780Z   TEMP: /home/runner/work/_temp/novel-ci-v2-creative-browser.GGclfI/tmp
2026-10-09T12:12:46.3346164Z   PROJECT_ROOT: /home/runner/work/_temp/novel-ci-v2-creative-browser.GGclfI/project
2026-10-09T12:12:46.3346591Z   NOVEL_DATA_PATH: /home/runner/work/_temp/novel-ci-v2-creative-browser.GGclfI/data/novels
2026-10-09T12:12:46.3347021Z   BACKUP_PATH: /home/runner/work/_temp/novel-ci-v2-creative-browser.GGclfI/data/backups
2026-10-09T12:12:46.3347490Z   DATABASE_BACKUP_PATH: /home/runner/work/_temp/novel-ci-v2-creative-browser.GGclfI/data/database-backups
2026-10-09T12:12:46.3347980Z   KNOWLEDGE_SOURCE_PATH: /home/runner/work/_temp/novel-ci-v2-creative-browser.GGclfI/data/novels
2026-10-09T12:12:46.3348316Z ##[endgroup]
2026-10-09T12:12:58.8412222Z 
2026-10-09T12:12:58.8412814Z Running 7 tests using 1 worker
2026-10-09T12:12:58.8413135Z 
2026-10-09T12:16:00.6213210Z   ✘  1 [v2-live-chromium] › tests/e2e/v2-creative-live.spec.ts:111:1 › real File V2 authoring: reviewed direction, ordered storyboard, production history and restore preserve the manuscript (3.0m)
2026-10-09T12:16:05.1477042Z   ✓  2 [v2-live-chromium] › tests/e2e/v2-creative-live.spec.ts:206:1 › real File V2 cancel and navigation retain dirty drafts without duplicating accepted or cancelled proposals (3.9s)
2026-10-09T12:16:07.8323053Z   ✓  3 [v2-live-chromium] › tests/e2e/v2-creative-live.spec.ts:236:1 › real File V2 scope and stale-write fencing keeps the browser draft and rejects foreign sources (2.7s)
2026-10-09T12:16:08.6187710Z   ✓  4 [v2-live-chromium] › tests/e2e/v2-creative-live.spec.ts:282:1 › real HTTP File V2 lifecycle persists reviewed direction, order, history and restored content with unchanged manuscript (779ms)
2026-10-09T12:16:09.0218092Z   ✓  5 [v2-live-chromium] › tests/e2e/v2-creative-live.spec.ts:346:1 › real HTTP File V2 scope, cancel and stale source fences remain authoritative (396ms)
2026-10-09T12:16:13.4774749Z   ✓  6 [v1-chromium] › tests/e2e/v2-creative-live.spec.ts:267:1 › V1 default-off backend and browser never expose the V2 workbench or accept creative writes (3.8s)
2026-10-09T12:16:13.5871897Z   ✓  7 [v1-chromium] › tests/e2e/v2-creative-live.spec.ts:379:1 › real HTTP default-off gate advertises disabled capabilities and rejects creative reads and writes (101ms)
2026-10-09T12:16:13.6411410Z 
2026-10-09T12:16:13.6424882Z 
2026-10-09T12:16:13.6456646Z   1) [v2-live-chromium] › tests/e2e/v2-creative-live.spec.ts:111:1 › real File V2 authoring: reviewed direction, ordered storyboard, production history and restore preserve the manuscript 
2026-10-09T12:16:13.6458214Z 
2026-10-09T12:16:13.6470504Z     Test timeout of 180000ms exceeded.
2026-10-09T12:16:13.6470807Z 
2026-10-09T12:16:13.6471225Z     Error: page.waitForResponse: Target page, context or browser has been closed
2026-10-09T12:16:13.6471716Z 
2026-10-09T12:16:13.6472048Z       81 | }
2026-10-09T12:16:13.6472635Z       82 | async function mutate(page: Page, url: string, method: string, action: () => Promise<void>) {
2026-10-09T12:16:13.6473882Z     > 83 |   const pending = page.waitForResponse(response => new URL(response.url()).pathname === url && response.request().method() === method);
2026-10-09T12:16:13.6475304Z          |                        ^
2026-10-09T12:16:13.6475634Z       84 |   await action();
2026-10-09T12:16:13.6475985Z       85 |   const response = await pending;
2026-10-09T12:16:13.6476676Z       86 |   expect(response.ok(), `${method} ${url}: ${response.status()} ${await response.text()}`).toBeTruthy();
2026-10-09T12:16:13.6477795Z         at mutate (/home/runner/work/_temp/novel-ci-v2-creative-browser.GGclfI/project/frontend/tests/e2e/v2-creative-live.spec.ts:83:24)
2026-10-09T12:16:13.6479041Z         at /home/runner/work/_temp/novel-ci-v2-creative-browser.GGclfI/project/frontend/tests/e2e/v2-creative-live.spec.ts:136:26
2026-10-09T12:16:13.6479666Z 
2026-10-09T12:16:13.6480319Z     attachment #1: screenplay-saved (image/png) ────────────────────────────────────────────────────
2026-10-09T12:16:13.6481898Z     ../../receipts/v2-creative-live/test-results/v2-creative-live-real-File-81609-ore-preserve-the-manuscript-v2-live-chromium/attachments/screenplay-saved-906d40db8013ea30876e3a9542f192e069e4caa8.png
2026-10-09T12:16:13.6483406Z     ────────────────────────────────────────────────────────────────────────────────────────────────
2026-10-09T12:16:13.6483776Z 
2026-10-09T12:16:13.6484271Z     attachment #2: screenshot (image/png) ──────────────────────────────────────────────────────────
2026-10-09T12:16:13.6485554Z     ../../receipts/v2-creative-live/test-results/v2-creative-live-real-File-81609-ore-preserve-the-manuscript-v2-live-chromium/test-failed-1.png
2026-10-09T12:16:13.6486822Z     ────────────────────────────────────────────────────────────────────────────────────────────────
2026-10-09T12:16:13.6487182Z 
2026-10-09T12:16:13.6488002Z     Error Context: ../../receipts/v2-creative-live/test-results/v2-creative-live-real-File-81609-ore-preserve-the-manuscript-v2-live-chromium/error-context.md
2026-10-09T12:16:13.6489159Z 
2026-10-09T12:16:13.6489858Z     attachment #4: trace (application/zip) ─────────────────────────────────────────────────────────
2026-10-09T12:16:13.6490984Z     ../../receipts/v2-creative-live/test-results/v2-creative-live-real-File-81609-ore-preserve-the-manuscript-v2-live-chromium/trace.zip
2026-10-09T12:16:13.6491858Z     Usage:
2026-10-09T12:16:13.6491993Z 
2026-10-09T12:16:13.6492874Z         pnpm exec playwright show-trace ../../receipts/v2-creative-live/test-results/v2-creative-live-real-File-81609-ore-preserve-the-manuscript-v2-live-chromium/trace.zip
2026-10-09T12:16:13.6493739Z 
2026-10-09T12:16:13.6494197Z     ────────────────────────────────────────────────────────────────────────────────────────────────
2026-10-09T12:16:13.6494666Z 
2026-10-09T12:16:13.6494757Z   1 failed
2026-10-09T12:16:13.6495893Z     [v2-live-chromium] › tests/e2e/v2-creative-live.spec.ts:111:1 › real File V2 authoring: reviewed direction, ordered storyboard, production history and restore preserve the manuscript 
2026-10-09T12:16:13.6496791Z   6 passed (3.4m)
2026-10-09T12:16:13.6728356Z ##[error]Process completed with exit code 1.
2026-10-09T12:16:13.6777577Z ##[group]Run set -o pipefail
2026-10-09T12:16:13.6777823Z [36;1mset -o pipefail[0m
2026-10-09T12:16:13.6778366Z [36;1mpnpm exec playwright test --config playwright.creative.config.ts --update-snapshots=none --reporter=list,junit 2>&1 | tee "$CI_RECEIPTS/v2-creative-workbench.log"[0m
2026-10-09T12:16:13.6833890Z shell: /usr/bin/bash -e {0}
2026-10-09T12:16:13.6834102Z env:
2026-10-09T12:16:13.6834271Z   MOCK_PROVIDER: true
2026-10-09T12:16:13.6834621Z   MOCK_STREAM_DELAY_MS: 0
2026-10-09T12:16:13.6834800Z   ENABLE_CLOUD: false
2026-10-09T12:16:13.6834982Z   CREDENTIAL_VAULT_BACKEND: memory
2026-10-09T12:16:13.6835212Z   CREDENTIAL_VAULT_ALLOW_MEMORY_FALLBACK: true
2026-10-09T12:16:13.6835446Z   PYTHONDONTWRITEBYTECODE: 1
2026-10-09T12:16:13.6835631Z   HF_HUB_OFFLINE: 1
2026-10-09T12:16:13.6835793Z   TRANSFORMERS_OFFLINE: 1
2026-10-09T12:16:13.6836038Z   pythonLocation: /opt/hostedtoolcache/Python/3.12.9/x64
2026-10-09T12:16:13.6836400Z   PKG_CONFIG_PATH: /opt/hostedtoolcache/Python/3.12.9/x64/lib/pkgconfig
2026-10-09T12:16:13.6836717Z   Python_ROOT_DIR: /opt/hostedtoolcache/Python/3.12.9/x64
2026-10-09T12:16:13.6837001Z   Python2_ROOT_DIR: /opt/hostedtoolcache/Python/3.12.9/x64
2026-10-09T12:16:13.6837279Z   Python3_ROOT_DIR: /opt/hostedtoolcache/Python/3.12.9/x64
2026-10-09T12:16:13.6837555Z   LD_LIBRARY_PATH: /opt/hostedtoolcache/Python/3.12.9/x64/lib
2026-10-09T12:16:13.6837839Z   CI_COVERAGE_SHA: 0df2640c4c1a2d3052bb0a84d14445744d04046f
2026-10-09T12:16:13.6838119Z   CI_COVERAGE_TREE: f800c0e8a6d920e8836a027707c8078c5a8421f2
2026-10-09T12:16:13.6838441Z   CI_SANDBOX: /home/runner/work/_temp/novel-ci-v2-creative-browser.GGclfI
2026-10-09T12:16:13.6838826Z   CI_PROJECT: /home/runner/work/_temp/novel-ci-v2-creative-browser.GGclfI/project
2026-10-09T12:16:13.6839225Z   CI_RECEIPTS: /home/runner/work/_temp/novel-ci-v2-creative-browser.GGclfI/receipts
2026-10-09T12:16:13.6839787Z   HOME: /home/runner/work/_temp/novel-ci-v2-creative-browser.GGclfI/home
2026-10-09T12:16:13.6840162Z   USERPROFILE: /home/runner/work/_temp/novel-ci-v2-creative-browser.GGclfI/home
2026-10-09T12:16:13.6840548Z   APPDATA: /home/runner/work/_temp/novel-ci-v2-creative-browser.GGclfI/appdata
2026-10-09T12:16:13.6840955Z   LOCALAPPDATA: /home/runner/work/_temp/novel-ci-v2-creative-browser.GGclfI/localappdata
2026-10-09T12:16:13.6841373Z   XDG_CONFIG_HOME: /home/runner/work/_temp/novel-ci-v2-creative-browser.GGclfI/config
2026-10-09T12:16:13.6841773Z   XDG_CACHE_HOME: /home/runner/work/_temp/novel-ci-v2-creative-browser.GGclfI/cache
2026-10-09T12:16:13.6842187Z   XDG_DATA_HOME: /home/runner/work/_temp/novel-ci-v2-creative-browser.GGclfI/data
2026-10-09T12:16:13.6842565Z   XDG_STATE_HOME: /home/runner/work/_temp/novel-ci-v2-creative-browser.GGclfI/state
2026-10-09T12:16:13.6842933Z   TMPDIR: /home/runner/work/_temp/novel-ci-v2-creative-browser.GGclfI/tmp
2026-10-09T12:16:13.6843288Z   TMP: /home/runner/work/_temp/novel-ci-v2-creative-browser.GGclfI/tmp
2026-10-09T12:16:13.6843636Z   TEMP: /home/runner/work/_temp/novel-ci-v2-creative-browser.GGclfI/tmp
2026-10-09T12:16:13.6844085Z   PROJECT_ROOT: /home/runner/work/_temp/novel-ci-v2-creative-browser.GGclfI/project
2026-10-09T12:16:13.6844731Z   NOVEL_DATA_PATH: /home/runner/work/_temp/novel-ci-v2-creative-browser.GGclfI/data/novels
2026-10-09T12:16:13.6845175Z   BACKUP_PATH: /home/runner/work/_temp/novel-ci-v2-creative-browser.GGclfI/data/backups
2026-10-09T12:16:13.6845648Z   DATABASE_BACKUP_PATH: /home/runner/work/_temp/novel-ci-v2-creative-browser.GGclfI/data/database-backups
2026-10-09T12:16:13.6846144Z   KNOWLEDGE_SOURCE_PATH: /home/runner/work/_temp/novel-ci-v2-creative-browser.GGclfI/data/novels
2026-10-09T12:16:13.6846704Z   PLAYWRIGHT_JUNIT_OUTPUT_FILE: /home/runner/work/_temp/novel-ci-v2-creative-browser.GGclfI/receipts/v2-creative-workbench.xml
2026-10-09T12:16:13.6847123Z ##[endgroup]
2026-10-09T12:16:15.0605891Z 
2026-10-09T12:16:15.0606385Z Running 8 tests using 1 worker
2026-10-09T12:16:15.0606593Z 
2026-10-09T12:16:18.4254814Z   ✓  1 [chromium] › tests/visual/creative-workbench.spec.ts:49:1 › V2 remains off with no creative API requests (2.7s)
2026-10-09T12:16:19.9901511Z   ✓  2 [chromium] › tests/visual/creative-workbench.spec.ts:51:1 › keyboard stages and cancelled exit preserve unsaved creative content (1.6s)
2026-10-09T12:16:21.3562382Z   ✓  3 [chromium] › tests/visual/creative-workbench.spec.ts:53:117 › V2 shared-shell geometry 1366x768 (1.4s)
2026-10-09T12:16:22.8230469Z   ✓  4 [chromium] › tests/visual/creative-workbench.spec.ts:53:117 › V2 shared-shell geometry 1440x900 (1.5s)
2026-10-09T12:16:24.2641428Z   ✓  5 [chromium] › tests/visual/creative-workbench.spec.ts:53:117 › V2 shared-shell geometry 1920x1080 (1.4s)
2026-10-09T12:16:26.4042823Z   ✓  6 [chromium] › tests/visual/creative-workbench.spec.ts:55:117 › V2 timeline header shields scrolled reorder controls 1366x768 (2.1s)
2026-10-09T12:16:28.2326799Z   ✓  7 [chromium] › tests/visual/creative-workbench.spec.ts:55:117 › V2 timeline header shields scrolled reorder controls 1440x900 (1.8s)
2026-10-09T12:16:30.1597752Z   ✓  8 [chromium] › tests/visual/creative-workbench.spec.ts:55:117 › V2 timeline header shields scrolled reorder controls 1920x1080 (1.9s)
2026-10-09T12:16:30.2531782Z 
2026-10-09T12:16:30.2534697Z   8 passed (15.7s)
2026-10-09T12:16:30.2835708Z ##[group]Run if [ -f "$CI_RECEIPTS/v2-creative-live/junit.xml" ]; then
2026-10-09T12:16:30.2836313Z [36;1mif [ -f "$CI_RECEIPTS/v2-creative-live/junit.xml" ]; then[0m
2026-10-09T12:16:30.2836960Z [36;1m  cp "$CI_RECEIPTS/v2-creative-live/junit.xml" "$CI_RECEIPTS/v2-creative-live.xml"[0m
2026-10-09T12:16:30.2837497Z [36;1mfi[0m
2026-10-09T12:16:30.2837797Z [36;1mpython3 .github/ci/receipt.py "$CI_RECEIPTS"[0m
2026-10-09T12:16:30.2911570Z shell: /usr/bin/bash -e {0}
2026-10-09T12:16:30.2911880Z env:
2026-10-09T12:16:30.2912118Z   MOCK_PROVIDER: true
2026-10-09T12:16:30.2912391Z   MOCK_STREAM_DELAY_MS: 0
2026-10-09T12:16:30.2912903Z   ENABLE_CLOUD: false
2026-10-09T12:16:30.2913184Z   CREDENTIAL_VAULT_BACKEND: memory
2026-10-09T12:16:30.2913555Z   CREDENTIAL_VAULT_ALLOW_MEMORY_FALLBACK: true
2026-10-09T12:16:30.2913941Z   PYTHONDONTWRITEBYTECODE: 1
2026-10-09T12:16:30.2914251Z   HF_HUB_OFFLINE: 1
2026-10-09T12:16:30.2914642Z   TRANSFORMERS_OFFLINE: 1
2026-10-09T12:16:30.2915074Z   pythonLocation: /opt/hostedtoolcache/Python/3.12.9/x64
2026-10-09T12:16:30.2915614Z   PKG_CONFIG_PATH: /opt/hostedtoolcache/Python/3.12.9/x64/lib/pkgconfig
2026-10-09T12:16:30.2916142Z   Python_ROOT_DIR: /opt/hostedtoolcache/Python/3.12.9/x64
2026-10-09T12:16:30.2916616Z   Python2_ROOT_DIR: /opt/hostedtoolcache/Python/3.12.9/x64
2026-10-09T12:16:30.2917090Z   Python3_ROOT_DIR: /opt/hostedtoolcache/Python/3.12.9/x64
2026-10-09T12:16:30.2917566Z   LD_LIBRARY_PATH: /opt/hostedtoolcache/Python/3.12.9/x64/lib
2026-10-09T12:16:30.2918050Z   CI_COVERAGE_SHA: 0df2640c4c1a2d3052bb0a84d14445744d04046f
2026-10-09T12:16:30.2918519Z   CI_COVERAGE_TREE: f800c0e8a6d920e8836a027707c8078c5a8421f2
2026-10-09T12:16:30.2919063Z   CI_SANDBOX: /home/runner/work/_temp/novel-ci-v2-creative-browser.GGclfI
2026-10-09T12:16:30.2919732Z   CI_PROJECT: /home/runner/work/_temp/novel-ci-v2-creative-browser.GGclfI/project
2026-10-09T12:16:30.2920431Z   CI_RECEIPTS: /home/runner/work/_temp/novel-ci-v2-creative-browser.GGclfI/receipts
2026-10-09T12:16:30.2921088Z   HOME: /home/runner/work/_temp/novel-ci-v2-creative-browser.GGclfI/home
2026-10-09T12:16:30.2921731Z   USERPROFILE: /home/runner/work/_temp/novel-ci-v2-creative-browser.GGclfI/home
2026-10-09T12:16:30.2922407Z   APPDATA: /home/runner/work/_temp/novel-ci-v2-creative-browser.GGclfI/appdata
2026-10-09T12:16:30.2923131Z   LOCALAPPDATA: /home/runner/work/_temp/novel-ci-v2-creative-browser.GGclfI/localappdata
2026-10-09T12:16:30.2923878Z   XDG_CONFIG_HOME: /home/runner/work/_temp/novel-ci-v2-creative-browser.GGclfI/config
2026-10-09T12:16:30.2924682Z   XDG_CACHE_HOME: /home/runner/work/_temp/novel-ci-v2-creative-browser.GGclfI/cache
2026-10-09T12:16:30.2925385Z   XDG_DATA_HOME: /home/runner/work/_temp/novel-ci-v2-creative-browser.GGclfI/data
2026-10-09T12:16:30.2926063Z   XDG_STATE_HOME: /home/runner/work/_temp/novel-ci-v2-creative-browser.GGclfI/state
2026-10-09T12:16:30.2926715Z   TMPDIR: /home/runner/work/_temp/novel-ci-v2-creative-browser.GGclfI/tmp
2026-10-09T12:16:30.2927327Z   TMP: /home/runner/work/_temp/novel-ci-v2-creative-browser.GGclfI/tmp
2026-10-09T12:16:30.2927916Z   TEMP: /home/runner/work/_temp/novel-ci-v2-creative-browser.GGclfI/tmp
2026-10-09T12:16:30.2928560Z   PROJECT_ROOT: /home/runner/work/_temp/novel-ci-v2-creative-browser.GGclfI/project
2026-10-09T12:16:30.2929290Z   NOVEL_DATA_PATH: /home/runner/work/_temp/novel-ci-v2-creative-browser.GGclfI/data/novels
2026-10-09T12:16:30.2930035Z   BACKUP_PATH: /home/runner/work/_temp/novel-ci-v2-creative-browser.GGclfI/data/backups
2026-10-09T12:16:30.2930865Z   DATABASE_BACKUP_PATH: /home/runner/work/_temp/novel-ci-v2-creative-browser.GGclfI/data/database-backups
2026-10-09T12:16:30.2931748Z   KNOWLEDGE_SOURCE_PATH: /home/runner/work/_temp/novel-ci-v2-creative-browser.GGclfI/data/novels
2026-10-09T12:16:30.2932332Z ##[endgroup]
2026-10-09T12:16:30.4343057Z {
2026-10-09T12:16:30.4345431Z   "revision": "checked_out_sha=0df2640c4c1a2d3052bb0a84d14445744d04046f\nevent_sha=0df2640c4c1a2d3052bb0a84d14445744d04046f\nrun_url=https://github.com/1785235376-blip/AI-Novel-Studio/actions/runs/37928438685\njob=v2-creative-browser\nplatform=Linux; native Windows host/AppContainer/installer=NOT RUN\n",
2026-10-09T12:16:30.4347161Z   "test_reports": {
2026-10-09T12:16:30.4347464Z     "v2-creative-live.xml": {
2026-10-09T12:16:30.4347783Z       "tests": 7,
2026-10-09T12:16:30.4348037Z       "failures": 0,
2026-10-09T12:16:30.4348299Z       "errors": 1,
2026-10-09T12:16:30.4348552Z       "skipped": 0
2026-10-09T12:16:30.4348798Z     },
2026-10-09T12:16:30.4349091Z     "v2-creative-workbench.xml": {
2026-10-09T12:16:30.4349431Z       "tests": 8,
2026-10-09T12:16:30.4349883Z       "failures": 0,
2026-10-09T12:16:30.4350140Z       "errors": 0,
2026-10-09T12:16:30.4350391Z       "skipped": 0
2026-10-09T12:16:30.4350630Z     }
2026-10-09T12:16:30.4350850Z   },
2026-10-09T12:16:30.4351123Z   "report_status": "RECORDED",
2026-10-09T12:16:30.4351575Z   "native_windows_host_appcontainer_installer": "NOT RUN",
2026-10-09T12:16:30.4352107Z   "real_model_and_paid_provider_execution": "NOT RUN"
2026-10-09T12:16:30.4352491Z }
2026-10-09T12:16:30.4352619Z 
2026-10-09T12:16:30.4468796Z ##[group]Run actions/upload-artifact@v4.6.2
2026-10-09T12:16:30.4469168Z with:
2026-10-09T12:16:30.4469605Z   name: v2-creative-browser-0df2640c4c1a2d3052bb0a84d14445744d04046f-attempt-1
2026-10-09T12:16:30.4470858Z   path: /home/runner/work/_temp/novel-ci-v2-creative-browser.GGclfI/receipts
/home/runner/work/_temp/novel-ci-v2-creative-browser.GGclfI/project/frontend/test-results/creative-workbench

2026-10-09T12:16:30.4471906Z   if-no-files-found: error
2026-10-09T12:16:30.4472201Z   retention-days: 14
2026-10-09T12:16:30.4472484Z   compression-level: 6
2026-10-09T12:16:30.4472750Z   overwrite: false
2026-10-09T12:16:30.4473013Z   include-hidden-files: false
2026-10-09T12:16:30.4473305Z env:
2026-10-09T12:16:30.4473528Z   MOCK_PROVIDER: true
2026-10-09T12:16:30.4473794Z   MOCK_STREAM_DELAY_MS: 0
2026-10-09T12:16:30.4474069Z   ENABLE_CLOUD: false
2026-10-09T12:16:30.4474345Z   CREDENTIAL_VAULT_BACKEND: memory
2026-10-09T12:16:30.4474893Z   CREDENTIAL_VAULT_ALLOW_MEMORY_FALLBACK: true
2026-10-09T12:16:30.4475272Z   PYTHONDONTWRITEBYTECODE: 1
2026-10-09T12:16:30.4475568Z   HF_HUB_OFFLINE: 1
2026-10-09T12:16:30.4475825Z   TRANSFORMERS_OFFLINE: 1
2026-10-09T12:16:30.4476184Z   pythonLocation: /opt/hostedtoolcache/Python/3.12.9/x64
2026-10-09T12:16:30.4476717Z   PKG_CONFIG_PATH: /opt/hostedtoolcache/Python/3.12.9/x64/lib/pkgconfig
2026-10-09T12:16:30.4477240Z   Python_ROOT_DIR: /opt/hostedtoolcache/Python/3.12.9/x64
2026-10-09T12:16:30.4477714Z   Python2_ROOT_DIR: /opt/hostedtoolcache/Python/3.12.9/x64
2026-10-09T12:16:30.4478193Z   Python3_ROOT_DIR: /opt/hostedtoolcache/Python/3.12.9/x64
2026-10-09T12:16:30.4478668Z   LD_LIBRARY_PATH: /opt/hostedtoolcache/Python/3.12.9/x64/lib
2026-10-09T12:16:30.4479147Z   CI_COVERAGE_SHA: 0df2640c4c1a2d3052bb0a84d14445744d04046f
2026-10-09T12:16:30.4479608Z   CI_COVERAGE_TREE: f800c0e8a6d920e8836a027707c8078c5a8421f2
2026-10-09T12:16:30.4480146Z   CI_SANDBOX: /home/runner/work/_temp/novel-ci-v2-creative-browser.GGclfI
2026-10-09T12:16:30.4480802Z   CI_PROJECT: /home/runner/work/_temp/novel-ci-v2-creative-browser.GGclfI/project
2026-10-09T12:16:30.4481499Z   CI_RECEIPTS: /home/runner/work/_temp/novel-ci-v2-creative-browser.GGclfI/receipts
2026-10-09T12:16:30.4482156Z   HOME: /home/runner/work/_temp/novel-ci-v2-creative-browser.GGclfI/home
2026-10-09T12:16:30.4482795Z   USERPROFILE: /home/runner/work/_temp/novel-ci-v2-creative-browser.GGclfI/home
2026-10-09T12:16:30.4483462Z   APPDATA: /home/runner/work/_temp/novel-ci-v2-creative-browser.GGclfI/appdata
2026-10-09T12:16:30.4484178Z   LOCALAPPDATA: /home/runner/work/_temp/novel-ci-v2-creative-browser.GGclfI/localappdata
2026-10-09T12:16:30.4485068Z   XDG_CONFIG_HOME: /home/runner/work/_temp/novel-ci-v2-creative-browser.GGclfI/config
2026-10-09T12:16:30.4485784Z   XDG_CACHE_HOME: /home/runner/work/_temp/novel-ci-v2-creative-browser.GGclfI/cache
2026-10-09T12:16:30.4486475Z   XDG_DATA_HOME: /home/runner/work/_temp/novel-ci-v2-creative-browser.GGclfI/data
2026-10-09T12:16:30.4487156Z   XDG_STATE_HOME: /home/runner/work/_temp/novel-ci-v2-creative-browser.GGclfI/state
2026-10-09T12:16:30.4487804Z   TMPDIR: /home/runner/work/_temp/novel-ci-v2-creative-browser.GGclfI/tmp
2026-10-09T12:16:30.4488401Z   TMP: /home/runner/work/_temp/novel-ci-v2-creative-browser.GGclfI/tmp
2026-10-09T12:16:30.4488991Z   TEMP: /home/runner/work/_temp/novel-ci-v2-creative-browser.GGclfI/tmp
2026-10-09T12:16:30.4489633Z   PROJECT_ROOT: /home/runner/work/_temp/novel-ci-v2-creative-browser.GGclfI/project
2026-10-09T12:16:30.4490362Z   NOVEL_DATA_PATH: /home/runner/work/_temp/novel-ci-v2-creative-browser.GGclfI/data/novels
2026-10-09T12:16:30.4491343Z   BACKUP_PATH: /home/runner/work/_temp/novel-ci-v2-creative-browser.GGclfI/data/backups
2026-10-09T12:16:30.4492175Z   DATABASE_BACKUP_PATH: /home/runner/work/_temp/novel-ci-v2-creative-browser.GGclfI/data/database-backups
2026-10-09T12:16:30.4493047Z   KNOWLEDGE_SOURCE_PATH: /home/runner/work/_temp/novel-ci-v2-creative-browser.GGclfI/data/novels
2026-10-09T12:16:30.4493624Z ##[endgroup]
2026-10-09T12:16:30.6052683Z (node:3666) [DEP0040] DeprecationWarning: The `punycode` module is deprecated. Please use a userland alternative instead.
2026-10-09T12:16:30.6053362Z (Use `node --trace-deprecation ...` to show where the warning was created)
2026-10-09T12:16:30.6184898Z Multiple search paths detected. Calculating the least common ancestor of all paths
2026-10-09T12:16:30.6187282Z The least common ancestor is /home/runner/work/_temp/novel-ci-v2-creative-browser.GGclfI. This will be the root directory of the artifact
2026-10-09T12:16:30.6188401Z With the provided path, there will be 32 files uploaded
2026-10-09T12:16:30.6191459Z Artifact name is valid!
2026-10-09T12:16:30.6192117Z Root directory input is valid!
2026-10-09T12:16:30.8011886Z Beginning upload of artifact content to blob storage
2026-10-09T12:16:31.0432305Z (node:3666) [DEP0169] DeprecationWarning: `url.parse()` behavior is not standardized and prone to errors that have security implications. Use the WHATWG URL API instead. CVEs are not issued for `url.parse()` vulnerabilities.
2026-10-09T12:16:31.2770192Z Uploaded bytes 8388608
2026-10-09T12:16:31.3121028Z Uploaded bytes 9074009
2026-10-09T12:16:31.3288696Z Finished uploading artifact content to blob storage!
2026-10-09T12:16:31.3289571Z SHA256 digest of uploaded artifact zip is 43ac1e673dea6d4a0c82c956e6e9228f78aacf9898732f1ece08eed6a3352fb0
2026-10-09T12:16:31.3290936Z Finalizing artifact upload
2026-10-09T12:16:31.5438096Z Artifact v2-creative-browser-0df2640c4c1a2d3052bb0a84d14445744d04046f-attempt-1.zip successfully finalized. Artifact ID 11615127270
2026-10-09T12:16:31.5439248Z Artifact v2-creative-browser-0df2640c4c1a2d3052bb0a84d14445744d04046f-attempt-1 has been successfully uploaded! Final size is 9074009 bytes. Artifact ID is 11615127270
2026-10-09T12:16:31.5444088Z Artifact download URL: https://github.com/1785235376-blip/AI-Novel-Studio/actions/runs/37928438685/artifacts/11615127270
2026-10-09T12:16:31.5616956Z Post job cleanup.
2026-10-09T12:16:31.6331505Z [command]/usr/bin/git version
2026-10-09T12:16:31.6367211Z git version 2.55.0
2026-10-09T12:16:31.6395939Z Temporarily overriding HOME='/home/runner/work/_temp/f30c5f08-6378-422a-af91-aea0c5d827b6' before making global git config changes
2026-10-09T12:16:31.6397104Z Adding repository directory to the temporary git global config as a safe directory
2026-10-09T12:16:31.6401000Z [command]/usr/bin/git config --global --add safe.directory /home/runner/work/AI-Novel-Studio/AI-Novel-Studio
2026-10-09T12:16:31.6435268Z [command]/usr/bin/git config --local --name-only --get-regexp core\.sshCommand
2026-10-09T12:16:31.6467053Z [command]/usr/bin/git submodule foreach --recursive sh -c "git config --local --name-only --get-regexp 'core\.sshCommand' && git config --local --unset-all 'core.sshCommand' || :"
2026-10-09T12:16:31.6695986Z [command]/usr/bin/git config --local --name-only --get-regexp http\.https\:\/\/github\.com\/\.extraheader
2026-10-09T12:16:31.6746918Z [command]/usr/bin/git submodule foreach --recursive sh -c "git config --local --name-only --get-regexp 'http\.https\:\/\/github\.com\/\.extraheader' && git config --local --unset-all 'http.https://github.com/.extraheader' || :"
2026-10-09T12:16:31.7127208Z Cleaning up orphan processes
2026-10-09T12:16:31.7418291Z ##[warning]Node.js 20 is deprecated. The following actions target Node.js 20 but are being forced to run on Node.js 24: actions/checkout@v4.2.2, actions/setup-node@v4.4.0, actions/setup-python@v5.6.0, actions/upload-artifact@v4.6.2. For more information see: https://github.blog/changelog/2025-09-19-deprecation-of-node-20-on-github-actions-runners/
