..ss..ss..ss....ssss..ss.....ssss...........................ssssss...... [  0%]
......ssssssssssss..........................sss....ssss....ssss....ssss. [  1%]
...ssss....ssss....ssss....ssss....ssss....ssss....ssss....ssss....ssss. [  2%]
...ssss....ssss....ssss....ssss....ssss....ssss....ssss....ssss....ssss. [  3%]
...ssss....ssss....ssss....ssss....ssss....ssss.................sss...ss [  3%]
s...............ssssss........s.s.......ssssss.F..ss..s.s...sssFs....... [  4%]
.....................F....F..F.......................................... [  5%]
....................................s..................s................ [  6%]
..............s.s.......ss.............................................. [  7%]
...........................s............................................ [  7%]
......................................................................FF [  8%]
FF..............................................ss...................... [  9%]
..............s......................................................... [ 10%]
...............F..............................................F......... [ 11%]
........................................................................ [ 11%]
........................................................................ [ 12%]
........................................................................ [ 13%]
.........................................F.................s.....F..ss.s [ 14%]
..............................................................s......... [ 14%]
sssssssss.s..s.s.s.s.s...sss..s.s.s.s...sss......ssssss.s.s.s.s......... [ 15%]
s.s..s....ssss.s.s.s.s.s....ssss.s.s.s......ssssss.s.s.s................ [ 16%]
...ss......ssss......................................................... [ 17%]
........................................................................ [ 18%]
........................................................................ [ 18%]
........................................................................ [ 19%]
........................................................................ [ 20%]
.s...................................................................... [ 21%]
.........................................................F.............. [ 22%]
.................................................F...................... [ 22%]
......................................................................F. [ 23%]
..............F.........F............................................... [ 24%]
......................ss..ss....ssss......ssssss..ss..ss..ss..ss..ss..ss [ 25%]
..ss..ss..ss..ss..ss..ss..ss..ss....ssss.s.s.s.s.s..ss....ssss.s..ss..ss [ 25%]
..ss......ssssss..ss..ss..ss.s.s.s..s.s.s.s.s.s..s..s.s.s...ss.s..ss.s.s [ 26%]
..ss...sss.s.......sssssss....ssss.s.s.s.s.s.s..ss..ss........ss..ss..ss [ 27%]
..ss..ss..ss..ss..ss..s.s.s.s.s.......sssssss.s.s.s.s.s.s..ss.s.s.s....s [ 28%]
sss.s.s.s.s..ss..ss..ss..ss..ss.s.s.s.s.s.s.s.s.s.s..ss..ss..ss..ss...ss [ 29%]
.........ss......ssssss..ss..ss..ss..ss..ss..ss....ssss..ss..ss......... [ 29%]
ssssssss..ss.s.s.s.s.s..................s.s.s.s.....sssss.s.s.s........s [ 30%]
.s.s.s.s.s.s.s.s.s.s.s....ssss..........ssssssssss.s.s.......s..s.s..... [ 31%]
.ssssss.s.s.s..ss..ss..ss..ss..ss..ss..ss..ss..ss..ss..ss....ssss....... [ 32%]
........s....ssss..ss..ss....ssss....ssss..ss....ssss..ss..ss..ss..ss... [ 33%]
.ssss................................................................... [ 33%]
........................................................................ [ 34%]
................................................ssssssss................ [ 35%]
........................F......................ss....................... [ 36%]
........................................................................ [ 37%]
..........................F............................................. [ 37%]
.........F..........................................sss..............F.. [ 38%]
....................F...F...FFFF.............s.s.s.s.s..s.s.s.s.s.s.s.s. [ 39%]
s.s....ssss.s.s.s.s..s.s.....s.s.s.s.s.s.s.s.s.s.s.s.s.s.s...sss.s.s.s.s [ 40%]
.s..........s.s.s.s.s.s.s.s.s..s..ss..ss..ss..ss..ss..ss..ss..ss..ss.s.s [ 40%]
.s.s.s.s.s.s.s.s......ssss.s.........sssssssss.s.s.s.s.s.s.s.s.s.s.s.s.s [ 41%]
.s.s.s.s.s.s.s.s.s.s.................................................... [ 42%]
.................ss.Fss..ss..ss..ss..ss..ss..ss...............ss..ss..ss [ 43%]
..ss..ss..ss..ss..ss..ss..ss..........ssssssss.s.s.s.s.s.s.s.s.s.s.s.s.s [ 44%]
.s.s.s.s..ss..ss..ss..ss..ss..ss.......ss..ss..ss..ssF....s.s.s.s.s.s.s. [ 44%]
s.s.s.s.s.s.s.s.s..ss..ss.s.s.....sssss.....sssss.s.s.s.........ssssssss [ 45%]
s.s...sss.s.s.s.s.s.s....ssss..s.s.s.s.s.s.s.s.s.s..ss..ss..ss......ssss [ 46%]
ss..ss..ss..ss..ss..ss..ss..ss..ss..ss....ssss..ss..ss..ss..ss..ss..ss.. [ 47%]
..............ssssssssssssssss..ss..ss..ss..ss..ss..ss..ss..ss....ssss.. [ 48%]
ss.s.s.s.s.s.s.s.s.s.s...ss..ss..ss.........ss..ss..ss..ss..ss..ss..ss.. [ 48%]
ss..ss..ss..ss..ss.............EE..........s.s.s.s.s.s.s.s.s.s.s.s.s.s.s [ 49%]
.s.s.s.s.s.s.s..ss..ss..ss..ss..ss..ss..ss..ss.........F.s.s.s.s.s.s.s.. [ 50%]
..........s.s.s.s.s.s.s.sFs.s.s.s.s.s.s.s.s.s.s..ss..ss..ss..ss......sss [ 51%]
sss..ss..ss..ss..ss..ss.s.s.s.s..ss.s.s.s.s..ss.s.s.s.s.s.s.s.s.s.s.s.s. [ 51%]
s.s.s.s.s.s.s.s.s.s.s.s..ss..ss..ss..ss..ss..ss.s.s.s.s.s.s.s.s.s.s.s.s. [ 52%]
.s.s.s.s.s.s...s.s.s.s.s.s.s.s.s.s.s..ss......F.........EE.............. [ 53%]
......s.s.s..ss.s.s.s.s.s.s.s.s.s.s..ss..ss..ss....ssss......ssssss.s.s. [ 54%]
...ssss.s......s.s.s.s.s.s.s.s.s.s.s.s.s.s.s.s.s.s.s..ss..ss..ss.s....ss [ 55%]
ss....ssss....ssss.s.s.s.s.s.s.s.s.s.s.s.s.s.s.s.s.s.s.s.s..ss..ss..ss.. [ 55%]
ss..ss.s.s.s.s........ssssssss.s....ssss.s.s.s.s.s.s..ss..ss............ [ 56%]
......ssssssssssssssssss..ss..ss..ss......ssssss....ssss..ss..ss..ss.... [ 57%]
ssss..ss..ss......ssssss..ss..ss..ss..ss..ss..ss..ss..ss..s.s.....sssss. [ 58%]
s.s.s.s.s.s.s.s.s.s.s.s.s..ss..ss..ss............ssssssssssss.....s.s... [ 59%]
.s.....s.s.s.s.s.s.s.s....ssss..ss.s.s.s.s.s.s.s.s.s.s.s.s.s.s.s.s.s.s.s [ 59%]
.s.s.s.s.s.s.s.s.s.s.s.s.s.s.s...sss.s....ssss.s.s.s.s.s.s.s.s..ss...... [ 60%]
..ssssssss..ss....ssss..ss..........ss..ss...ss..ss..ss..ss..ss..ss..ss. [ 61%]
.ss..ss..ss..ss..ss..ss..ss..ss..ss..ss..ss.s.s........ssssssss.s.s.s.s. [ 62%]
.........ssssssssss.s.s.s.s.s.s...s.s.s.s.......................ssssss.s [ 62%]
.s......ssssss.s.s.s..s.s.s..s.s.s.s.s.s..ss..ss..ss..ss..ss..ss..ss.s.s [ 63%]
.s.s....ssss.s.s.s.s.s.s.........ss..ss..ss..ss....ssss....ssss..ss..ss. [ 64%]
.ss..ss..ss..ss..ss..ss..ss..ss..ss..ss..ss..ss..ss....ssss..ss..ss..ss. [ 65%]
.ss.s.s.s.s.s.s.s.s.s.s.s.s.s.s.s.s.s.s.s.s.s.s.s.s.s.s.s..ss..ss..ss... [ 66%]
.....ssssssss..ss..ss..ss......ssssssss.s.s.s.s..s.s..s.s.s.s.s.s.s..ss. [ 66%]
s.s.s.s.s.s.s....s.s.s.s.s.s.s.s..ss..ss..ss........ssssssss..ss..ss.s.s [ 67%]
.s.s...sss.s.s.s.....sssss.s..ss..ss........ssssssss..ss.s.s.s.s.s.sFs.. [ 68%]
...sssss.s.s.s.s.s.s..ss..ss..ss..ss..ss..ssSUCCESS: The process with PID 42884 (child process of PID 11476) has been terminated.
SUCCESS: The process with PID 11476 (child process of PID 43400) has been terminated.
