2026-10-09T16:55:12.6849905Z Current runner version: '2.337.0'
2026-10-09T16:55:12.6878854Z ##[group]Runner Image Provisioner
2026-10-09T16:55:12.6879836Z Hosted Compute Agent
2026-10-09T16:55:12.6880410Z Version: 20261002.596
2026-10-09T16:55:12.6881048Z Commit: c3d12f3313a95f25162a1503be624f3b0617f8c0
2026-10-09T16:55:12.6881731Z Build Date: 2026-10-02T22:28:27Z
2026-10-09T16:55:12.6882342Z Worker ID: {43008909-e678-4b37-b46d-c70d8507df50}
2026-10-09T16:55:12.6882999Z Region: centralus
2026-10-09T16:55:12.6883565Z Cloud: Azure
2026-10-09T16:55:12.6884061Z ##[endgroup]
2026-10-09T16:55:12.6885636Z ##[group]Operating System
2026-10-09T16:55:12.6886225Z Ubuntu
2026-10-09T16:55:12.6886750Z 24.04.5
2026-10-09T16:55:12.6887239Z LTS
2026-10-09T16:55:12.6887693Z ##[endgroup]
2026-10-09T16:55:12.6888234Z ##[group]Runner Image
2026-10-09T16:55:12.6889044Z Image: ubuntu-24.04
2026-10-09T16:55:12.6889634Z Version: 20261004.327.1
2026-10-09T16:55:12.6890872Z Included Software: https://github.com/actions/runner-images/blob/ubuntu24/20261004.327/images/ubuntu/Ubuntu2404-Readme.md
2026-10-09T16:55:12.6892277Z Image Release: https://github.com/actions/runner-images/releases/tag/ubuntu24%2F20261004.327
2026-10-09T16:55:12.6893168Z ##[endgroup]
2026-10-09T16:55:12.6894352Z ##[group]GITHUB_TOKEN Permissions
2026-10-09T16:55:12.6896823Z Contents: read
2026-10-09T16:55:12.6897454Z Metadata: read
2026-10-09T16:55:12.6897965Z ##[endgroup]
2026-10-09T16:55:12.6900397Z Secret source: Actions
2026-10-09T16:55:12.6901382Z Cache mode: write
2026-10-09T16:55:12.6902071Z Prepare workflow directory
2026-10-09T16:55:12.7318029Z Prepare all required actions
2026-10-09T16:55:12.7371867Z Getting action download info
2026-10-09T16:55:12.9880711Z Download action repository 'actions/checkout@v4.2.2' (SHA:11bd71901bbe5b1630ceea73d27597364c9af683)
2026-10-09T16:55:13.0787508Z Download action repository 'actions/setup-node@v4.4.0' (SHA:49933ea5288caeca8642d1e84afbd3f7d6820020)
2026-10-09T16:55:13.1517896Z Download action repository 'actions/setup-python@v5.6.0' (SHA:a26af69be951a213d495a4c3e4e4022e16d87065)
2026-10-09T16:55:13.2190176Z Download action repository 'actions/upload-artifact@v4.6.2' (SHA:ea165f8d65b6e75b540449e92b4886f43607fa02)
2026-10-09T16:55:13.4074890Z Complete job name: V2 / Creative live workflows and geometry
2026-10-09T16:55:13.4923945Z ##[group]Run actions/checkout@v4.2.2
2026-10-09T16:55:13.4924757Z with:
2026-10-09T16:55:13.4925166Z   persist-credentials: false
2026-10-09T16:55:13.4925683Z   repository: 1785235376-blip/AI-Novel-Studio
2026-10-09T16:55:13.4929412Z   token: ***
2026-10-09T16:55:13.4929801Z   ssh-strict: true
2026-10-09T16:55:13.4930199Z   ssh-user: git
2026-10-09T16:55:13.4930579Z   clean: true
2026-10-09T16:55:13.4930981Z   sparse-checkout-cone-mode: true
2026-10-09T16:55:13.4931455Z   fetch-depth: 1
2026-10-09T16:55:13.4931850Z   fetch-tags: false
2026-10-09T16:55:13.4932254Z   show-progress: true
2026-10-09T16:55:13.4932648Z   lfs: false
2026-10-09T16:55:13.4933013Z   submodules: false
2026-10-09T16:55:13.4933417Z   set-safe-directory: true
2026-10-09T16:55:13.4934091Z env:
2026-10-09T16:55:13.4934452Z   MOCK_PROVIDER: true
2026-10-09T16:55:13.4934865Z   MOCK_STREAM_DELAY_MS: 0
2026-10-09T16:55:13.4935293Z   ENABLE_CLOUD: false
2026-10-09T16:55:13.4935717Z   CREDENTIAL_VAULT_BACKEND: memory
2026-10-09T16:55:13.4936290Z   CREDENTIAL_VAULT_ALLOW_MEMORY_FALLBACK: true
2026-10-09T16:55:13.4936832Z   PYTHONDONTWRITEBYTECODE: 1
2026-10-09T16:55:13.4937272Z   HF_HUB_OFFLINE: 1
2026-10-09T16:55:13.4937667Z   TRANSFORMERS_OFFLINE: 1
2026-10-09T16:55:13.4938084Z ##[endgroup]
2026-10-09T16:55:13.6023547Z Syncing repository: 1785235376-blip/AI-Novel-Studio
2026-10-09T16:55:13.6026804Z ##[group]Getting Git version info
2026-10-09T16:55:13.6028130Z Working directory is '/home/runner/work/AI-Novel-Studio/AI-Novel-Studio'
2026-10-09T16:55:13.6030291Z [command]/usr/bin/git version
2026-10-09T16:55:13.6039444Z git version 2.55.0
2026-10-09T16:55:13.6061458Z ##[endgroup]
2026-10-09T16:55:13.6077562Z Temporarily overriding HOME='/home/runner/work/_temp/be4e7bd4-6fe3-4ec1-9e2a-5627cfab6c69' before making global git config changes
2026-10-09T16:55:13.6080799Z Adding repository directory to the temporary git global config as a safe directory
2026-10-09T16:55:13.6085494Z [command]/usr/bin/git config --global --add safe.directory /home/runner/work/AI-Novel-Studio/AI-Novel-Studio
2026-10-09T16:55:13.6137805Z Deleting the contents of '/home/runner/work/AI-Novel-Studio/AI-Novel-Studio'
2026-10-09T16:55:13.6149982Z ##[group]Initializing the repository
2026-10-09T16:55:13.6154492Z [command]/usr/bin/git init /home/runner/work/AI-Novel-Studio/AI-Novel-Studio
2026-10-09T16:55:13.6248008Z hint: Using 'master' as the name for the initial branch. This default branch name
2026-10-09T16:55:13.6250456Z hint: will change to "main" in Git 3.0. To configure the initial branch name
2026-10-09T16:55:13.6252252Z hint: to use in all of your new repositories, which will suppress this warning,
2026-10-09T16:55:13.6253666Z hint: call:
2026-10-09T16:55:13.6254552Z hint:
2026-10-09T16:55:13.6255552Z hint: 	git config --global init.defaultBranch <name>
2026-10-09T16:55:13.6256807Z hint:
2026-10-09T16:55:13.6257916Z hint: Names commonly chosen instead of 'master' are 'main', 'trunk' and
2026-10-09T16:55:13.6260002Z hint: 'development'. The just-created branch can be renamed via this command:
2026-10-09T16:55:13.6261443Z hint:
2026-10-09T16:55:13.6262266Z hint: 	git branch -m <name>
2026-10-09T16:55:13.6263187Z hint:
2026-10-09T16:55:13.6264912Z hint: Disable this message with "git config set advice.defaultBranchName false"
2026-10-09T16:55:13.6267325Z Initialized empty Git repository in /home/runner/work/AI-Novel-Studio/AI-Novel-Studio/.git/
2026-10-09T16:55:13.6271252Z [command]/usr/bin/git remote add origin https://github.com/1785235376-blip/AI-Novel-Studio
2026-10-09T16:55:13.6304773Z ##[endgroup]
2026-10-09T16:55:13.6306085Z ##[group]Disabling automatic garbage collection
2026-10-09T16:55:13.6310938Z [command]/usr/bin/git config --local gc.auto 0
2026-10-09T16:55:13.6343192Z ##[endgroup]
2026-10-09T16:55:13.6344676Z ##[group]Setting up auth
2026-10-09T16:55:13.6350884Z [command]/usr/bin/git config --local --name-only --get-regexp core\.sshCommand
2026-10-09T16:55:13.6385984Z [command]/usr/bin/git submodule foreach --recursive sh -c "git config --local --name-only --get-regexp 'core\.sshCommand' && git config --local --unset-all 'core.sshCommand' || :"
2026-10-09T16:55:13.6770008Z [command]/usr/bin/git config --local --name-only --get-regexp http\.https\:\/\/github\.com\/\.extraheader
2026-10-09T16:55:13.6807190Z [command]/usr/bin/git submodule foreach --recursive sh -c "git config --local --name-only --get-regexp 'http\.https\:\/\/github\.com\/\.extraheader' && git config --local --unset-all 'http.https://github.com/.extraheader' || :"
2026-10-09T16:55:13.7027559Z [command]/usr/bin/git config --local http.https://github.com/.extraheader AUTHORIZATION: basic ***
2026-10-09T16:55:13.7071233Z ##[endgroup]
2026-10-09T16:55:13.7072056Z ##[group]Fetching the repository
2026-10-09T16:55:13.7082879Z [command]/usr/bin/git -c protocol.version=2 fetch --no-tags --prune --no-recurse-submodules --depth=1 origin +ec342fe9b69ba45d850d971ce2e15d1b12046096:refs/remotes/pull/47/merge
2026-10-09T16:55:19.0875723Z From https://github.com/1785235376-blip/AI-Novel-Studio
2026-10-09T16:55:19.0878590Z  * [new ref]         ec342fe9b69ba45d850d971ce2e15d1b12046096 -> pull/47/merge
2026-10-09T16:55:19.0883324Z ##[endgroup]
2026-10-09T16:55:19.0884816Z ##[group]Determining the checkout info
2026-10-09T16:55:19.0887225Z ##[endgroup]
2026-10-09T16:55:19.0904329Z [command]/usr/bin/git sparse-checkout disable
2026-10-09T16:55:19.0952497Z [command]/usr/bin/git config --local --unset-all extensions.worktreeConfig
2026-10-09T16:55:19.0980025Z ##[group]Checking out the ref
2026-10-09T16:55:19.0983776Z [command]/usr/bin/git checkout --progress --force refs/remotes/pull/47/merge
2026-10-09T16:55:19.7327132Z Note: switching to 'refs/remotes/pull/47/merge'.
2026-10-09T16:55:19.7327871Z 
2026-10-09T16:55:19.7328597Z You are in 'detached HEAD' state. You can look around, make experimental
2026-10-09T16:55:19.7330254Z changes and commit them, and you can discard any commits you make in this
2026-10-09T16:55:19.7331246Z state without impacting any branches by switching back to a branch.
2026-10-09T16:55:19.7331918Z 
2026-10-09T16:55:19.7332339Z If you want to create a new branch to retain commits you create, you may
2026-10-09T16:55:19.7333262Z do so (now or later) by using -c with the switch command. Example:
2026-10-09T16:55:19.7333744Z 
2026-10-09T16:55:19.7334015Z   git switch -c <new-branch-name>
2026-10-09T16:55:19.7334263Z 
2026-10-09T16:55:19.7334483Z Or undo this operation with:
2026-10-09T16:55:19.7334775Z 
2026-10-09T16:55:19.7334913Z   git switch -
2026-10-09T16:55:19.7335143Z 
2026-10-09T16:55:19.7335589Z Turn off this advice by setting config variable advice.detachedHead to false
2026-10-09T16:55:19.7336006Z 
2026-10-09T16:55:19.7336481Z HEAD is now at ec342fe Merge c386b0608ae92d18c351b5cb6e367380808a45cf into fed2404c8e30b44061b7139dced45b7f3301601c
2026-10-09T16:55:19.7358174Z ##[endgroup]
2026-10-09T16:55:19.7412311Z [command]/usr/bin/git log -1 --format=%H
2026-10-09T16:55:19.7444600Z ec342fe9b69ba45d850d971ce2e15d1b12046096
2026-10-09T16:55:19.7454750Z ##[group]Removing auth
2026-10-09T16:55:19.7459852Z [command]/usr/bin/git config --local --name-only --get-regexp core\.sshCommand
2026-10-09T16:55:19.7489042Z [command]/usr/bin/git submodule foreach --recursive sh -c "git config --local --name-only --get-regexp 'core\.sshCommand' && git config --local --unset-all 'core.sshCommand' || :"
2026-10-09T16:55:19.7682863Z [command]/usr/bin/git config --local --name-only --get-regexp http\.https\:\/\/github\.com\/\.extraheader
2026-10-09T16:55:19.7710703Z http.https://github.com/.extraheader
2026-10-09T16:55:19.7717099Z [command]/usr/bin/git config --local --unset-all http.https://github.com/.extraheader
2026-10-09T16:55:19.7746273Z [command]/usr/bin/git submodule foreach --recursive sh -c "git config --local --name-only --get-regexp 'http\.https\:\/\/github\.com\/\.extraheader' && git config --local --unset-all 'http.https://github.com/.extraheader' || :"
2026-10-09T16:55:19.7929466Z ##[endgroup]
2026-10-09T16:55:19.8199417Z ##[group]Run actions/setup-node@v4.4.0
2026-10-09T16:55:19.8199838Z with:
2026-10-09T16:55:19.8200098Z   node-version: 22.14.0
2026-10-09T16:55:19.8200375Z   always-auth: false
2026-10-09T16:55:19.8200649Z   check-latest: false
2026-10-09T16:55:19.8203152Z   token: ***
2026-10-09T16:55:19.8203399Z env:
2026-10-09T16:55:19.8203650Z   MOCK_PROVIDER: true
2026-10-09T16:55:19.8203931Z   MOCK_STREAM_DELAY_MS: 0
2026-10-09T16:55:19.8204232Z   ENABLE_CLOUD: false
2026-10-09T16:55:19.8204545Z   CREDENTIAL_VAULT_BACKEND: memory
2026-10-09T16:55:19.8204891Z   CREDENTIAL_VAULT_ALLOW_MEMORY_FALLBACK: true
2026-10-09T16:55:19.8205256Z   PYTHONDONTWRITEBYTECODE: 1
2026-10-09T16:55:19.8205541Z   HF_HUB_OFFLINE: 1
2026-10-09T16:55:19.8205805Z   TRANSFORMERS_OFFLINE: 1
2026-10-09T16:55:19.8206077Z ##[endgroup]
2026-10-09T16:55:19.9724143Z Attempting to download 22.14.0...
2026-10-09T16:55:19.9836990Z (node:2327) [DEP0040] DeprecationWarning: The `punycode` module is deprecated. Please use a userland alternative instead.
2026-10-09T16:55:19.9837782Z (Use `node --trace-deprecation ...` to show where the warning was created)
2026-10-09T16:55:20.7743233Z Acquiring 22.14.0 - x64 from https://github.com/actions/node-versions/releases/download/22.14.0-13265982013/node-22.14.0-linux-x64.tar.gz
2026-10-09T16:55:21.2733486Z Extracting ...
2026-10-09T16:55:21.2843325Z [command]/usr/bin/tar xz --strip 1 --warning=no-unknown-keyword --overwrite -C /home/runner/work/_temp/f3329bca-e0a9-4596-9de4-b389a62f43c9 -f /home/runner/work/_temp/03461573-e96b-4730-a917-1b5c3a6fab6b
2026-10-09T16:55:22.4126452Z Adding to the cache ...
2026-10-09T16:55:23.8057527Z ##[group]Environment details
2026-10-09T16:55:24.0311689Z node: v22.14.0
2026-10-09T16:55:24.0312251Z npm: 10.9.2
2026-10-09T16:55:24.0312584Z yarn: 1.22.22
2026-10-09T16:55:24.0313592Z ##[endgroup]
2026-10-09T16:55:24.0607288Z ##[group]Run actions/setup-python@v5.6.0
2026-10-09T16:55:24.0607615Z with:
2026-10-09T16:55:24.0607849Z   python-version: 3.12.9
2026-10-09T16:55:24.0608119Z   check-latest: false
2026-10-09T16:55:24.0610791Z   token: ***
2026-10-09T16:55:24.0611014Z   update-environment: true
2026-10-09T16:55:24.0611271Z   allow-prereleases: false
2026-10-09T16:55:24.0611514Z   freethreaded: false
2026-10-09T16:55:24.0611725Z env:
2026-10-09T16:55:24.0611933Z   MOCK_PROVIDER: true
2026-10-09T16:55:24.0612161Z   MOCK_STREAM_DELAY_MS: 0
2026-10-09T16:55:24.0612386Z   ENABLE_CLOUD: false
2026-10-09T16:55:24.0612607Z   CREDENTIAL_VAULT_BACKEND: memory
2026-10-09T16:55:24.0612881Z   CREDENTIAL_VAULT_ALLOW_MEMORY_FALLBACK: true
2026-10-09T16:55:24.0613185Z   PYTHONDONTWRITEBYTECODE: 1
2026-10-09T16:55:24.0613422Z   HF_HUB_OFFLINE: 1
2026-10-09T16:55:24.0613643Z   TRANSFORMERS_OFFLINE: 1
2026-10-09T16:55:24.0613865Z ##[endgroup]
2026-10-09T16:55:24.2000840Z ##[group]Installed versions
2026-10-09T16:55:24.2032319Z Version 3.12.9 was not found in the local cache
2026-10-09T16:55:24.2138117Z (node:2367) [DEP0040] DeprecationWarning: The `punycode` module is deprecated. Please use a userland alternative instead.
2026-10-09T16:55:24.2139243Z (Use `node --trace-deprecation ...` to show where the warning was created)
2026-10-09T16:55:25.0472440Z Version 3.12.9 is available for downloading
2026-10-09T16:55:25.0474001Z Download from "https://github.com/actions/python-versions/releases/download/3.12.9-13149478207/python-3.12.9-linux-24.04-x64.tar.gz"
2026-10-09T16:55:25.7620358Z Extract downloaded archive
2026-10-09T16:55:25.7755541Z [command]/usr/bin/tar xz --warning=no-unknown-keyword --overwrite -C /home/runner/work/_temp/ecf92ee0-bf49-4cd6-9819-ef4740b41c77 -f /home/runner/work/_temp/beceb197-849e-468c-816d-acaadfb1792b
2026-10-09T16:55:27.8739966Z Execute installation script
2026-10-09T16:55:27.8832435Z Check if Python hostedtoolcache folder exist...
2026-10-09T16:55:27.8833116Z Create Python 3.12.9 folder
2026-10-09T16:55:27.9094990Z Copy Python binaries to hostedtoolcache folder
2026-10-09T16:55:28.2201869Z Create additional symlinks (Required for the UsePythonVersion Azure Pipelines task and the setup-python GitHub Action)
2026-10-09T16:55:28.2237076Z Upgrading pip...
2026-10-09T16:55:30.6790818Z Looking in links: /tmp/tmp6nb0nkjr
2026-10-09T16:55:30.6794777Z Requirement already satisfied: pip in /opt/hostedtoolcache/Python/3.12.9/x64/lib/python3.12/site-packages (24.3.1)
2026-10-09T16:55:32.2175255Z Collecting pip
2026-10-09T16:55:32.2952146Z Downloading pip-26.2.1-py3-none-any.whl.metadata (4.6 kB)
2026-10-09T16:55:32.3416421Z Downloading pip-26.2.1-py3-none-any.whl (1.8 MB)
2026-10-09T16:55:32.4649708Z ━━━━━━━━━━━━━━━━━━━━━━━━━━━━━━━━━━━━━━━━ 1.8/1.8 MB 17.9 MB/s eta 0:00:00
2026-10-09T16:55:32.4650509Z 
2026-10-09T16:55:32.4864365Z Installing collected packages: pip
2026-10-09T16:55:32.4865038Z Attempting uninstall: pip
2026-10-09T16:55:32.4885808Z Found existing installation: pip 24.3.1
2026-10-09T16:55:32.5156788Z Uninstalling pip-24.3.1:
2026-10-09T16:55:32.5209806Z Successfully uninstalled pip-24.3.1
2026-10-09T16:55:33.3019697Z Successfully installed pip-26.2.1
2026-10-09T16:55:33.3949794Z Create complete file
2026-10-09T16:55:33.3990624Z Successfully set up CPython (3.12.9)
2026-10-09T16:55:33.3991511Z ##[endgroup]
2026-10-09T16:55:33.4210412Z ##[group]Run bash .github/ci/prepare.sh v2-creative-browser
2026-10-09T16:55:33.4211003Z [36;1mbash .github/ci/prepare.sh v2-creative-browser[0m
2026-10-09T16:55:33.4403767Z shell: /usr/bin/bash -e {0}
2026-10-09T16:55:33.4404072Z env:
2026-10-09T16:55:33.4404301Z   MOCK_PROVIDER: true
2026-10-09T16:55:33.4404532Z   MOCK_STREAM_DELAY_MS: 0
2026-10-09T16:55:33.4404776Z   ENABLE_CLOUD: false
2026-10-09T16:55:33.4405009Z   CREDENTIAL_VAULT_BACKEND: memory
2026-10-09T16:55:33.4405306Z   CREDENTIAL_VAULT_ALLOW_MEMORY_FALLBACK: true
2026-10-09T16:55:33.4405609Z   PYTHONDONTWRITEBYTECODE: 1
2026-10-09T16:55:33.4493290Z   HF_HUB_OFFLINE: 1
2026-10-09T16:55:33.4493800Z   TRANSFORMERS_OFFLINE: 1
2026-10-09T16:55:33.4494645Z   pythonLocation: /opt/hostedtoolcache/Python/3.12.9/x64
2026-10-09T16:55:33.4495307Z   PKG_CONFIG_PATH: /opt/hostedtoolcache/Python/3.12.9/x64/lib/pkgconfig
2026-10-09T16:55:33.4496001Z   Python_ROOT_DIR: /opt/hostedtoolcache/Python/3.12.9/x64
2026-10-09T16:55:33.4496672Z   Python2_ROOT_DIR: /opt/hostedtoolcache/Python/3.12.9/x64
2026-10-09T16:55:33.4497214Z   Python3_ROOT_DIR: /opt/hostedtoolcache/Python/3.12.9/x64
2026-10-09T16:55:33.4497700Z   LD_LIBRARY_PATH: /opt/hostedtoolcache/Python/3.12.9/x64/lib
2026-10-09T16:55:33.4498141Z ##[endgroup]
2026-10-09T16:55:34.1749036Z ##[group]Run npm install --global pnpm@10.6.5
2026-10-09T16:55:34.1749481Z [36;1mnpm install --global pnpm@10.6.5[0m
2026-10-09T16:55:34.1749776Z [36;1mpnpm install --frozen-lockfile[0m
2026-10-09T16:55:34.1750256Z [36;1m{ node --version; pnpm --version; sha256sum pnpm-lock.yaml; } > "$CI_RECEIPTS/frontend-tools.txt"[0m
2026-10-09T16:55:34.1750780Z [36;1mpnpm exec playwright install --with-deps chromium[0m
2026-10-09T16:55:34.1811717Z shell: /usr/bin/bash -e {0}
2026-10-09T16:55:34.1811995Z env:
2026-10-09T16:55:34.1812218Z   MOCK_PROVIDER: true
2026-10-09T16:55:34.1812443Z   MOCK_STREAM_DELAY_MS: 0
2026-10-09T16:55:34.1812668Z   ENABLE_CLOUD: false
2026-10-09T16:55:34.1812891Z   CREDENTIAL_VAULT_BACKEND: memory
2026-10-09T16:55:34.1813171Z   CREDENTIAL_VAULT_ALLOW_MEMORY_FALLBACK: true
2026-10-09T16:55:34.1814781Z   PYTHONDONTWRITEBYTECODE: 1
2026-10-09T16:55:34.1815047Z   HF_HUB_OFFLINE: 1
2026-10-09T16:55:34.1815263Z   TRANSFORMERS_OFFLINE: 1
2026-10-09T16:55:34.1815657Z   pythonLocation: /opt/hostedtoolcache/Python/3.12.9/x64
2026-10-09T16:55:34.1816063Z   PKG_CONFIG_PATH: /opt/hostedtoolcache/Python/3.12.9/x64/lib/pkgconfig
2026-10-09T16:55:34.1816463Z   Python_ROOT_DIR: /opt/hostedtoolcache/Python/3.12.9/x64
2026-10-09T16:55:34.1816823Z   Python2_ROOT_DIR: /opt/hostedtoolcache/Python/3.12.9/x64
2026-10-09T16:55:34.1817187Z   Python3_ROOT_DIR: /opt/hostedtoolcache/Python/3.12.9/x64
2026-10-09T16:55:34.1817568Z   LD_LIBRARY_PATH: /opt/hostedtoolcache/Python/3.12.9/x64/lib
2026-10-09T16:55:34.1818863Z   CI_COVERAGE_SHA: ec342fe9b69ba45d850d971ce2e15d1b12046096
2026-10-09T16:55:34.1819244Z   CI_COVERAGE_TREE: 2ec6365e1f1f183f029c9f0a94d040d134e22b47
2026-10-09T16:55:34.1819662Z   CI_SANDBOX: /home/runner/work/_temp/novel-ci-v2-creative-browser.PyeKAI
2026-10-09T16:55:34.1820159Z   CI_PROJECT: /home/runner/work/_temp/novel-ci-v2-creative-browser.PyeKAI/project
2026-10-09T16:55:34.1820683Z   CI_RECEIPTS: /home/runner/work/_temp/novel-ci-v2-creative-browser.PyeKAI/receipts
2026-10-09T16:55:34.1821183Z   HOME: /home/runner/work/_temp/novel-ci-v2-creative-browser.PyeKAI/home
2026-10-09T16:55:34.1821664Z   USERPROFILE: /home/runner/work/_temp/novel-ci-v2-creative-browser.PyeKAI/home
2026-10-09T16:55:34.1822174Z   APPDATA: /home/runner/work/_temp/novel-ci-v2-creative-browser.PyeKAI/appdata
2026-10-09T16:55:34.1822707Z   LOCALAPPDATA: /home/runner/work/_temp/novel-ci-v2-creative-browser.PyeKAI/localappdata
2026-10-09T16:55:34.1823264Z   XDG_CONFIG_HOME: /home/runner/work/_temp/novel-ci-v2-creative-browser.PyeKAI/config
2026-10-09T16:55:34.1823780Z   XDG_CACHE_HOME: /home/runner/work/_temp/novel-ci-v2-creative-browser.PyeKAI/cache
2026-10-09T16:55:34.1824279Z   XDG_DATA_HOME: /home/runner/work/_temp/novel-ci-v2-creative-browser.PyeKAI/data
2026-10-09T16:55:34.1824773Z   XDG_STATE_HOME: /home/runner/work/_temp/novel-ci-v2-creative-browser.PyeKAI/state
2026-10-09T16:55:34.1825249Z   TMPDIR: /home/runner/work/_temp/novel-ci-v2-creative-browser.PyeKAI/tmp
2026-10-09T16:55:34.1825715Z   TMP: /home/runner/work/_temp/novel-ci-v2-creative-browser.PyeKAI/tmp
2026-10-09T16:55:34.1826157Z   TEMP: /home/runner/work/_temp/novel-ci-v2-creative-browser.PyeKAI/tmp
2026-10-09T16:55:34.1826632Z   PROJECT_ROOT: /home/runner/work/_temp/novel-ci-v2-creative-browser.PyeKAI/project
2026-10-09T16:55:34.1827199Z   NOVEL_DATA_PATH: /home/runner/work/_temp/novel-ci-v2-creative-browser.PyeKAI/data/novels
2026-10-09T16:55:34.1827753Z   BACKUP_PATH: /home/runner/work/_temp/novel-ci-v2-creative-browser.PyeKAI/data/backups
2026-10-09T16:55:34.1833821Z   DATABASE_BACKUP_PATH: /home/runner/work/_temp/novel-ci-v2-creative-browser.PyeKAI/data/database-backups
2026-10-09T16:55:34.1834487Z   KNOWLEDGE_SOURCE_PATH: /home/runner/work/_temp/novel-ci-v2-creative-browser.PyeKAI/data/novels
2026-10-09T16:55:34.1834943Z ##[endgroup]
2026-10-09T16:55:35.4894329Z 
2026-10-09T16:55:35.4895120Z added 1 package in 1s
2026-10-09T16:55:35.4895431Z 
2026-10-09T16:55:35.4895657Z 1 package is looking for funding
2026-10-09T16:55:35.4896411Z   run `npm fund` for details
2026-10-09T16:55:35.9699344Z Lockfile is up to date, resolution step is skipped
2026-10-09T16:55:36.0002033Z Progress: resolved 1, reused 0, downloaded 0, added 0
2026-10-09T16:55:36.0450921Z Packages: +249
2026-10-09T16:55:36.0465100Z ++++++++++++++++++++++++++++++++++++++++++++++++++++++++++++++++++++++++++++++++
2026-10-09T16:55:37.0027247Z Progress: resolved 249, reused 0, downloaded 142, added 141
2026-10-09T16:55:37.6952284Z Progress: resolved 249, reused 0, downloaded 249, added 249, done
2026-10-09T16:55:37.8210373Z .../esbuild@0.25.12/node_modules/esbuild postinstall$ node install.js
2026-10-09T16:55:37.8215996Z .../esbuild@0.21.5/node_modules/esbuild postinstall$ node install.js
2026-10-09T16:55:37.8832980Z .../esbuild@0.25.12/node_modules/esbuild postinstall: Done
2026-10-09T16:55:37.9241749Z .../esbuild@0.21.5/node_modules/esbuild postinstall: Done
2026-10-09T16:55:38.1185132Z 
2026-10-09T16:55:38.1186160Z dependencies:
2026-10-09T16:55:38.1187297Z + @tanstack/react-query 5.101.4
2026-10-09T16:55:38.1188129Z + @tiptap/extension-placeholder 2.27.2
2026-10-09T16:55:38.1188959Z + @tiptap/react 2.27.2
2026-10-09T16:55:38.1189591Z + @tiptap/starter-kit 2.27.2
2026-10-09T16:55:38.1190239Z + lucide-react 0.468.0
2026-10-09T16:55:38.1190972Z + react 18.3.1
2026-10-09T16:55:38.1191534Z + react-dom 18.3.1
2026-10-09T16:55:38.1192078Z + zustand 5.0.14
2026-10-09T16:55:38.1192589Z 
2026-10-09T16:55:38.1192909Z devDependencies:
2026-10-09T16:55:38.1194017Z + @playwright/test 1.62.1
2026-10-09T16:55:38.1203021Z + @testing-library/react 16.3.2
2026-10-09T16:55:38.1203782Z + @types/node 22.13.10
2026-10-09T16:55:38.1204560Z + @types/react 18.3.31
2026-10-09T16:55:38.1205217Z + @types/react-dom 18.3.7
2026-10-09T16:55:38.1205913Z + @vitejs/plugin-react 4.7.0
2026-10-09T16:55:38.1206616Z + fountain-js 1.2.4
2026-10-09T16:55:38.1207187Z + jsdom 25.0.1
2026-10-09T16:55:38.1207750Z + typescript 5.9.3
2026-10-09T16:55:38.1208593Z + vite 6.4.3
2026-10-09T16:55:38.1209134Z + vitest 2.1.9
2026-10-09T16:55:38.1209895Z 
2026-10-09T16:55:38.1492402Z Done in 2.6s using pnpm v10.6.5
2026-10-09T16:55:39.2808087Z Installing dependencies...
2026-10-09T16:55:39.2910350Z Switching to root user to install dependencies...
2026-10-09T16:55:39.7306577Z Get:1 file:/etc/apt/apt-mirrors.txt Mirrorlist [144 B]
2026-10-09T16:55:39.7624903Z Hit:2 http://azure.archive.ubuntu.com/ubuntu noble InRelease
2026-10-09T16:55:39.7670108Z Get:3 http://azure.archive.ubuntu.com/ubuntu noble-updates InRelease [126 kB]
2026-10-09T16:55:39.7707995Z Get:4 http://azure.archive.ubuntu.com/ubuntu noble-backports InRelease [126 kB]
2026-10-09T16:55:39.7743707Z Get:5 http://azure.archive.ubuntu.com/ubuntu noble-security InRelease [126 kB]
2026-10-09T16:55:39.7755530Z Get:6 https://packages.microsoft.com/ubuntu/24.04/prod noble InRelease [3600 B]
2026-10-09T16:55:39.8732045Z Get:7 http://azure.archive.ubuntu.com/ubuntu noble-updates/main amd64 Packages [1375 kB]
2026-10-09T16:55:39.8876492Z Get:8 http://azure.archive.ubuntu.com/ubuntu noble-updates/main Translation-en [306 kB]
2026-10-09T16:55:39.8884198Z Get:9 http://azure.archive.ubuntu.com/ubuntu noble-updates/universe amd64 Packages [1702 kB]
2026-10-09T16:55:39.8985499Z Get:10 http://azure.archive.ubuntu.com/ubuntu noble-updates/universe Translation-en [342 kB]
2026-10-09T16:55:39.9018995Z Get:11 http://azure.archive.ubuntu.com/ubuntu noble-updates/restricted amd64 Packages [1761 kB]
2026-10-09T16:55:39.9125127Z Get:12 http://azure.archive.ubuntu.com/ubuntu noble-updates/restricted Translation-en [401 kB]
2026-10-09T16:55:39.9151664Z Get:13 http://azure.archive.ubuntu.com/ubuntu noble-updates/multiverse amd64 Packages [55.0 kB]
2026-10-09T16:55:39.9185432Z Get:14 http://azure.archive.ubuntu.com/ubuntu noble-updates/multiverse Translation-en [14.3 kB]
2026-10-09T16:55:40.0041993Z Get:15 http://azure.archive.ubuntu.com/ubuntu noble-security/main amd64 Packages [1121 kB]
2026-10-09T16:55:40.0120501Z Get:16 http://azure.archive.ubuntu.com/ubuntu noble-security/main Translation-en [228 kB]
2026-10-09T16:55:40.0651952Z Get:17 http://azure.archive.ubuntu.com/ubuntu noble-security/universe amd64 Packages [1220 kB]
2026-10-09T16:55:40.0705645Z Get:23 https://packages.microsoft.com/ubuntu/24.04/prod noble/main amd64 Packages [531 kB]
2026-10-09T16:55:40.0709797Z Get:18 http://azure.archive.ubuntu.com/ubuntu noble-security/universe Translation-en [245 kB]
2026-10-09T16:55:40.0747148Z Get:19 http://azure.archive.ubuntu.com/ubuntu noble-security/restricted amd64 Packages [1669 kB]
2026-10-09T16:55:40.0850384Z Get:20 http://azure.archive.ubuntu.com/ubuntu noble-security/restricted Translation-en [383 kB]
2026-10-09T16:55:40.0861337Z Get:21 http://azure.archive.ubuntu.com/ubuntu noble-security/multiverse amd64 Packages [49.8 kB]
2026-10-09T16:55:40.0872035Z Get:22 http://azure.archive.ubuntu.com/ubuntu noble-security/multiverse Translation-en [12.4 kB]
2026-10-09T16:55:40.0959781Z Get:24 https://packages.microsoft.com/ubuntu/24.04/prod noble/main armhf Packages [12.3 kB]
2026-10-09T16:55:40.1095280Z Get:25 https://packages.microsoft.com/ubuntu/24.04/prod noble/main all Packages [640 B]
2026-10-09T16:55:40.1151469Z Get:26 https://packages.microsoft.com/ubuntu/24.04/prod noble/main arm64 Packages [475 kB]
2026-10-09T16:55:43.7197913Z Fetched 12.3 MB in 1s (8487 kB/s)
2026-10-09T16:55:44.8149650Z Reading package lists...
2026-10-09T16:55:44.8463714Z Reading package lists...
2026-10-09T16:55:45.1214257Z Building dependency tree...
2026-10-09T16:55:45.1221792Z Reading state information...
2026-10-09T16:55:45.3044542Z libasound2t64 is already the newest version (1.2.11-1ubuntu0.3).
2026-10-09T16:55:45.3045313Z libasound2t64 set to manually installed.
2026-10-09T16:55:45.3046092Z libatk-bridge2.0-0t64 is already the newest version (2.52.0-1build1).
2026-10-09T16:55:45.3046668Z libatk-bridge2.0-0t64 set to manually installed.
2026-10-09T16:55:45.3047091Z libatk1.0-0t64 is already the newest version (2.52.0-1build1).
2026-10-09T16:55:45.3047471Z libatk1.0-0t64 set to manually installed.
2026-10-09T16:55:45.3047945Z libatspi2.0-0t64 is already the newest version (2.52.0-1build1).
2026-10-09T16:55:45.3048744Z libatspi2.0-0t64 set to manually installed.
2026-10-09T16:55:45.3049541Z libcairo2 is already the newest version (1.18.0-3build1).
2026-10-09T16:55:45.3050217Z libcairo2 set to manually installed.
2026-10-09T16:55:45.3050618Z libcups2t64 is already the newest version (2.4.7-1.2ubuntu7.14).
2026-10-09T16:55:45.3051009Z libcups2t64 set to manually installed.
2026-10-09T16:55:45.3051431Z libdbus-1-3 is already the newest version (1.14.10-4ubuntu4.1).
2026-10-09T16:55:45.3051836Z libdbus-1-3 set to manually installed.
2026-10-09T16:55:45.3052356Z libdrm2 is already the newest version (2.4.125-1ubuntu0.1~24.04.2).
2026-10-09T16:55:45.3053018Z libdrm2 set to manually installed.
2026-10-09T16:55:45.3053721Z libgbm1 is already the newest version (25.2.8-0ubuntu0.24.04.4).
2026-10-09T16:55:45.3054398Z libgbm1 set to manually installed.
2026-10-09T16:55:45.3055100Z libglib2.0-0t64 is already the newest version (2.80.0-6ubuntu3.9).
2026-10-09T16:55:45.3055563Z libglib2.0-0t64 set to manually installed.
2026-10-09T16:55:45.3055967Z libnspr4 is already the newest version (2:4.35-1.1build1).
2026-10-09T16:55:45.3056330Z libnspr4 set to manually installed.
2026-10-09T16:55:45.3056910Z libnss3 is already the newest version (2:3.98-1ubuntu0.2).
2026-10-09T16:55:45.3057279Z libnss3 set to manually installed.
2026-10-09T16:55:45.3057680Z libpango-1.0-0 is already the newest version (1.52.1+ds-1build1).
2026-10-09T16:55:45.3059646Z libpango-1.0-0 set to manually installed.
2026-10-09T16:55:45.3060031Z libx11-6 is already the newest version (2:1.8.7-1build1).
2026-10-09T16:55:45.3060387Z libx11-6 set to manually installed.
2026-10-09T16:55:45.3060741Z libxcb1 is already the newest version (1.15-1ubuntu2).
2026-10-09T16:55:45.3061093Z libxcb1 set to manually installed.
2026-10-09T16:55:45.3061495Z libxcomposite1 is already the newest version (1:0.4.5-1build3).
2026-10-09T16:55:45.3061890Z libxcomposite1 set to manually installed.
2026-10-09T16:55:45.3062502Z libxdamage1 is already the newest version (1:1.1.6-1build1).
2026-10-09T16:55:45.3062890Z libxdamage1 set to manually installed.
2026-10-09T16:55:45.3063272Z libxext6 is already the newest version (2:1.3.4-1build2).
2026-10-09T16:55:45.3063633Z libxext6 set to manually installed.
2026-10-09T16:55:45.3064016Z libxfixes3 is already the newest version (1:6.0.0-2build1).
2026-10-09T16:55:45.3064381Z libxfixes3 set to manually installed.
2026-10-09T16:55:45.3064770Z libxkbcommon0 is already the newest version (1.6.0-1build1).
2026-10-09T16:55:45.3065145Z libxkbcommon0 set to manually installed.
2026-10-09T16:55:45.3065526Z libxrandr2 is already the newest version (2:1.5.2-2build1).
2026-10-09T16:55:45.3065886Z libxrandr2 set to manually installed.
2026-10-09T16:55:45.3066266Z xvfb is already the newest version (2:21.1.12-1ubuntu1.8).
2026-10-09T16:55:45.3066841Z fonts-noto-color-emoji is already the newest version (2.047-0ubuntu0.24.04.1).
2026-10-09T16:55:45.3067379Z libfontconfig1 is already the newest version (2.15.0-1.1ubuntu2).
2026-10-09T16:55:45.3067776Z libfontconfig1 set to manually installed.
2026-10-09T16:55:45.3068172Z fonts-liberation is already the newest version (1:2.1.5-3).
2026-10-09T16:55:45.3068666Z fonts-liberation set to manually installed.
2026-10-09T16:55:45.3069055Z The following additional packages will be installed:
2026-10-09T16:55:45.3069463Z   xfonts-encodings xfonts-utils
2026-10-09T16:55:45.3069754Z Recommended packages:
2026-10-09T16:55:45.3070035Z   fonts-ipafont-mincho fonts-tlwg-loma
2026-10-09T16:55:45.3279333Z The following NEW packages will be installed:
2026-10-09T16:55:45.3280492Z   fonts-freefont-ttf fonts-ipafont-gothic fonts-tlwg-loma-otf fonts-unifont
2026-10-09T16:55:45.3293566Z   fonts-wqy-zenhei xfonts-cyrillic xfonts-encodings xfonts-scalable
2026-10-09T16:55:45.3294236Z   xfonts-utils
2026-10-09T16:55:45.3300614Z The following packages will be upgraded:
2026-10-09T16:55:45.3306952Z   libfreetype6
2026-10-09T16:55:45.3481064Z 1 upgraded, 9 newly installed, 0 to remove and 22 not upgraded.
2026-10-09T16:55:45.3481919Z Need to get 21.5 MB of archives.
2026-10-09T16:55:45.3482719Z After this operation, 79.5 MB of additional disk space will be used.
2026-10-09T16:55:45.3483210Z Get:1 file:/etc/apt/apt-mirrors.txt Mirrorlist [144 B]
2026-10-09T16:55:45.4034170Z Get:2 http://azure.archive.ubuntu.com/ubuntu noble/universe amd64 fonts-ipafont-gothic all 00303-21ubuntu1 [3513 kB]
2026-10-09T16:55:45.4745836Z Get:3 http://azure.archive.ubuntu.com/ubuntu noble/main amd64 fonts-freefont-ttf all 20211204+svn4273-2 [5641 kB]
2026-10-09T16:55:45.5707804Z Get:4 http://azure.archive.ubuntu.com/ubuntu noble/universe amd64 fonts-tlwg-loma-otf all 1:0.7.3-1 [107 kB]
2026-10-09T16:55:45.6034935Z Get:5 http://azure.archive.ubuntu.com/ubuntu noble/universe amd64 fonts-unifont all 1:15.1.01-1build1 [2993 kB]
2026-10-09T16:55:45.6689753Z Get:6 http://azure.archive.ubuntu.com/ubuntu noble/universe amd64 fonts-wqy-zenhei all 0.9.45-8 [7472 kB]
2026-10-09T16:55:45.7938731Z Get:7 http://azure.archive.ubuntu.com/ubuntu noble-updates/main amd64 libfreetype6 amd64 2.13.2+dfsg-1ubuntu0.2 [403 kB]
2026-10-09T16:55:45.8286836Z Get:8 http://azure.archive.ubuntu.com/ubuntu noble/main amd64 xfonts-encodings all 1:1.0.5-0ubuntu2 [578 kB]
2026-10-09T16:55:45.8640456Z Get:9 http://azure.archive.ubuntu.com/ubuntu noble/main amd64 xfonts-utils amd64 1:7.7+6build3 [94.4 kB]
2026-10-09T16:55:45.8963868Z Get:10 http://azure.archive.ubuntu.com/ubuntu noble/universe amd64 xfonts-cyrillic all 1:1.0.5+nmu1 [384 kB]
2026-10-09T16:55:45.9313907Z Get:11 http://azure.archive.ubuntu.com/ubuntu noble/main amd64 xfonts-scalable all 1:1.0.3-1.3 [304 kB]
2026-10-09T16:55:46.2077217Z Fetched 21.5 MB in 1s (36.1 MB/s)
2026-10-09T16:55:46.2337849Z Selecting previously unselected package fonts-ipafont-gothic.
2026-10-09T16:55:46.2522432Z (Reading database ... 
2026-10-09T16:55:46.2522789Z (Reading database ... 5%
2026-10-09T16:55:46.2523100Z (Reading database ... 10%
2026-10-09T16:55:46.2523358Z (Reading database ... 15%
2026-10-09T16:55:46.2523963Z (Reading database ... 20%
2026-10-09T16:55:46.2524352Z (Reading database ... 25%
2026-10-09T16:55:46.2524759Z (Reading database ... 30%
2026-10-09T16:55:46.2525187Z (Reading database ... 35%
2026-10-09T16:55:46.2526026Z (Reading database ... 40%
2026-10-09T16:55:46.2526407Z (Reading database ... 45%
2026-10-09T16:55:46.2526660Z (Reading database ... 50%
2026-10-09T16:55:46.2568266Z (Reading database ... 55%
2026-10-09T16:55:46.3644307Z (Reading database ... 60%
2026-10-09T16:55:46.5709105Z (Reading database ... 65%
2026-10-09T16:55:46.7604623Z (Reading database ... 70%
2026-10-09T16:55:46.9201516Z (Reading database ... 75%
2026-10-09T16:55:47.0784471Z (Reading database ... 80%
2026-10-09T16:55:47.3072355Z (Reading database ... 85%
2026-10-09T16:55:47.5106008Z (Reading database ... 90%
2026-10-09T16:55:47.6694090Z (Reading database ... 95%
2026-10-09T16:55:47.6694568Z (Reading database ... 100%
2026-10-09T16:55:47.6695149Z (Reading database ... 203191 files and directories currently installed.)
2026-10-09T16:55:47.6749188Z Preparing to unpack .../0-fonts-ipafont-gothic_00303-21ubuntu1_all.deb ...
2026-10-09T16:55:47.6828854Z Unpacking fonts-ipafont-gothic (00303-21ubuntu1) ...
2026-10-09T16:55:47.9193864Z Selecting previously unselected package fonts-freefont-ttf.
2026-10-09T16:55:47.9316546Z Preparing to unpack .../1-fonts-freefont-ttf_20211204+svn4273-2_all.deb ...
2026-10-09T16:55:47.9322977Z Unpacking fonts-freefont-ttf (20211204+svn4273-2) ...
2026-10-09T16:55:48.0129337Z Selecting previously unselected package fonts-tlwg-loma-otf.
2026-10-09T16:55:48.0250884Z Preparing to unpack .../2-fonts-tlwg-loma-otf_1%3a0.7.3-1_all.deb ...
2026-10-09T16:55:48.0256280Z Unpacking fonts-tlwg-loma-otf (1:0.7.3-1) ...
2026-10-09T16:55:48.0412678Z Selecting previously unselected package fonts-unifont.
2026-10-09T16:55:48.0539580Z Preparing to unpack .../3-fonts-unifont_1%3a15.1.01-1build1_all.deb ...
2026-10-09T16:55:48.0545167Z Unpacking fonts-unifont (1:15.1.01-1build1) ...
2026-10-09T16:55:48.1530623Z Selecting previously unselected package fonts-wqy-zenhei.
2026-10-09T16:55:48.1658464Z Preparing to unpack .../4-fonts-wqy-zenhei_0.9.45-8_all.deb ...
2026-10-09T16:55:48.1752928Z Unpacking fonts-wqy-zenhei (0.9.45-8) ...
2026-10-09T16:55:48.6735649Z Preparing to unpack .../5-libfreetype6_2.13.2+dfsg-1ubuntu0.2_amd64.deb ...
2026-10-09T16:55:48.6764928Z Unpacking libfreetype6:amd64 (2.13.2+dfsg-1ubuntu0.2) over (2.13.2+dfsg-1ubuntu0.1) ...
2026-10-09T16:55:48.6982638Z Selecting previously unselected package xfonts-encodings.
2026-10-09T16:55:48.7112710Z Preparing to unpack .../6-xfonts-encodings_1%3a1.0.5-0ubuntu2_all.deb ...
2026-10-09T16:55:48.7122653Z Unpacking xfonts-encodings (1:1.0.5-0ubuntu2) ...
2026-10-09T16:55:48.7342248Z Selecting previously unselected package xfonts-utils.
2026-10-09T16:55:48.7469118Z Preparing to unpack .../7-xfonts-utils_1%3a7.7+6build3_amd64.deb ...
2026-10-09T16:55:48.7475479Z Unpacking xfonts-utils (1:7.7+6build3) ...
2026-10-09T16:55:48.7755339Z Selecting previously unselected package xfonts-cyrillic.
2026-10-09T16:55:48.7881913Z Preparing to unpack .../8-xfonts-cyrillic_1%3a1.0.5+nmu1_all.deb ...
2026-10-09T16:55:48.7887787Z Unpacking xfonts-cyrillic (1:1.0.5+nmu1) ...
2026-10-09T16:55:48.8134211Z Selecting previously unselected package xfonts-scalable.
2026-10-09T16:55:48.8261141Z Preparing to unpack .../9-xfonts-scalable_1%3a1.0.3-1.3_all.deb ...
2026-10-09T16:55:48.8269814Z Unpacking xfonts-scalable (1:1.0.3-1.3) ...
2026-10-09T16:55:48.8646332Z Setting up fonts-wqy-zenhei (0.9.45-8) ...
2026-10-09T16:55:48.8751266Z Setting up fonts-freefont-ttf (20211204+svn4273-2) ...
2026-10-09T16:55:48.8765121Z Setting up fonts-tlwg-loma-otf (1:0.7.3-1) ...
2026-10-09T16:55:48.8778044Z Setting up libfreetype6:amd64 (2.13.2+dfsg-1ubuntu0.2) ...
2026-10-09T16:55:48.8791381Z Setting up xfonts-encodings (1:1.0.5-0ubuntu2) ...
2026-10-09T16:55:48.8804692Z Setting up fonts-ipafont-gothic (00303-21ubuntu1) ...
2026-10-09T16:55:48.8861490Z update-alternatives: using /usr/share/fonts/opentype/ipafont-gothic/ipag.ttf to provide /usr/share/fonts/truetype/fonts-japanese-gothic.ttf (fonts-japanese-gothic.ttf) in auto mode
2026-10-09T16:55:48.8872312Z Setting up fonts-unifont (1:15.1.01-1build1) ...
2026-10-09T16:55:48.8884344Z Setting up xfonts-utils (1:7.7+6build3) ...
2026-10-09T16:55:48.8916909Z Setting up xfonts-cyrillic (1:1.0.5+nmu1) ...
2026-10-09T16:55:48.9151703Z Setting up xfonts-scalable (1:1.0.3-1.3) ...
2026-10-09T16:55:48.9371800Z Processing triggers for libc-bin (2.39-0ubuntu8.9) ...
2026-10-09T16:55:48.9606128Z Processing triggers for man-db (2.12.0-4build2) ...
2026-10-09T16:55:48.9624081Z Not building database; man-db/auto-update is not 'true'.
2026-10-09T16:55:48.9635759Z Processing triggers for fontconfig (2.15.0-1.1ubuntu2) ...
2026-10-09T16:55:49.6153653Z 
2026-10-09T16:55:49.6154495Z Running kernel seems to be up-to-date.
2026-10-09T16:55:49.6154881Z 
2026-10-09T16:55:49.6155080Z Restarting services...
2026-10-09T16:55:49.6225002Z  systemctl restart php8.3-fpm.service
2026-10-09T16:55:49.7157244Z 
2026-10-09T16:55:49.7159143Z No containers need to be restarted.
2026-10-09T16:55:49.7159579Z 
2026-10-09T16:55:49.7166027Z No user sessions are running outdated binaries.
2026-10-09T16:55:49.7166410Z 
2026-10-09T16:55:49.7167008Z No VM guests are running outdated hypervisor (qemu) binaries on this host.
2026-10-09T16:55:50.8955946Z Downloading Chrome for Testing 151.0.7922.34 (playwright chromium v1234) from https://cdn.playwright.dev/builds/cft/151.0.7922.34/linux64/chrome-linux64.zip
2026-10-09T16:55:51.9619560Z |                                                                                |   0% of 184.3 MiB
2026-10-09T16:55:52.3075558Z |■■■■■■■■                                                                        |  10% of 184.3 MiB
2026-10-09T16:55:52.3973602Z |■■■■■■■■■■■■■■■■                                                                |  20% of 184.3 MiB
2026-10-09T16:55:52.4565208Z |■■■■■■■■■■■■■■■■■■■■■■■■                                                        |  30% of 184.3 MiB
2026-10-09T16:55:52.5119748Z |■■■■■■■■■■■■■■■■■■■■■■■■■■■■■■■■                                                |  40% of 184.3 MiB
2026-10-09T16:55:52.5766177Z |■■■■■■■■■■■■■■■■■■■■■■■■■■■■■■■■■■■■■■■■                                        |  50% of 184.3 MiB
2026-10-09T16:55:52.6420995Z |■■■■■■■■■■■■■■■■■■■■■■■■■■■■■■■■■■■■■■■■■■■■■■■■                                |  60% of 184.3 MiB
2026-10-09T16:55:52.7075263Z |■■■■■■■■■■■■■■■■■■■■■■■■■■■■■■■■■■■■■■■■■■■■■■■■■■■■■■■■                        |  70% of 184.3 MiB
2026-10-09T16:55:52.7731889Z |■■■■■■■■■■■■■■■■■■■■■■■■■■■■■■■■■■■■■■■■■■■■■■■■■■■■■■■■■■■■■■■■                |  80% of 184.3 MiB
2026-10-09T16:55:52.8386031Z |■■■■■■■■■■■■■■■■■■■■■■■■■■■■■■■■■■■■■■■■■■■■■■■■■■■■■■■■■■■■■■■■■■■■■■■■        |  90% of 184.3 MiB
2026-10-09T16:55:52.9041772Z |■■■■■■■■■■■■■■■■■■■■■■■■■■■■■■■■■■■■■■■■■■■■■■■■■■■■■■■■■■■■■■■■■■■■■■■■■■■■■■■■| 100% of 184.3 MiB
2026-10-09T16:55:55.4594872Z Chrome for Testing 151.0.7922.34 (playwright chromium v1234) downloaded to /home/runner/work/_temp/novel-ci-v2-creative-browser.PyeKAI/cache/ms-playwright/chromium-1234
2026-10-09T16:55:55.4597857Z Downloading FFmpeg (playwright ffmpeg v1011) from https://cdn.playwright.dev/dbazure/download/playwright/builds/ffmpeg/1011/ffmpeg-linux.zip
2026-10-09T16:55:56.6845790Z |                                                                                |   0% of 2.3 MiB
2026-10-09T16:55:56.7338511Z |■■■■■■■■                                                                        |  10% of 2.3 MiB
2026-10-09T16:55:56.7628972Z |■■■■■■■■■■■■■■■■                                                                |  20% of 2.3 MiB
2026-10-09T16:55:56.7835055Z |■■■■■■■■■■■■■■■■■■■■■■■■                                                        |  30% of 2.3 MiB
2026-10-09T16:55:56.8011584Z |■■■■■■■■■■■■■■■■■■■■■■■■■■■■■■■■                                                |  40% of 2.3 MiB
2026-10-09T16:55:56.8104474Z |■■■■■■■■■■■■■■■■■■■■■■■■■■■■■■■■■■■■■■■■                                        |  50% of 2.3 MiB
2026-10-09T16:55:56.8207403Z |■■■■■■■■■■■■■■■■■■■■■■■■■■■■■■■■■■■■■■■■■■■■■■■■                                |  60% of 2.3 MiB
2026-10-09T16:55:56.8326315Z |■■■■■■■■■■■■■■■■■■■■■■■■■■■■■■■■■■■■■■■■■■■■■■■■■■■■■■■■                        |  70% of 2.3 MiB
2026-10-09T16:55:56.8419835Z |■■■■■■■■■■■■■■■■■■■■■■■■■■■■■■■■■■■■■■■■■■■■■■■■■■■■■■■■■■■■■■■■                |  80% of 2.3 MiB
2026-10-09T16:55:56.8517251Z |■■■■■■■■■■■■■■■■■■■■■■■■■■■■■■■■■■■■■■■■■■■■■■■■■■■■■■■■■■■■■■■■■■■■■■■■        |  90% of 2.3 MiB
2026-10-09T16:55:56.8545492Z |■■■■■■■■■■■■■■■■■■■■■■■■■■■■■■■■■■■■■■■■■■■■■■■■■■■■■■■■■■■■■■■■■■■■■■■■■■■■■■■■| 100% of 2.3 MiB
2026-10-09T16:55:56.9067951Z FFmpeg (playwright ffmpeg v1011) downloaded to /home/runner/work/_temp/novel-ci-v2-creative-browser.PyeKAI/cache/ms-playwright/ffmpeg-1011
2026-10-09T16:55:56.9071183Z Downloading Chrome Headless Shell 151.0.7922.34 (playwright chromium-headless-shell v1234) from https://cdn.playwright.dev/builds/cft/151.0.7922.34/linux64/chrome-headless-shell-linux64.zip
2026-10-09T16:55:57.9889614Z |                                                                                |   0% of 114.7 MiB
2026-10-09T16:55:58.2547004Z |■■■■■■■■                                                                        |  10% of 114.7 MiB
2026-10-09T16:55:58.3063339Z |■■■■■■■■■■■■■■■■                                                                |  20% of 114.7 MiB
2026-10-09T16:55:58.3492052Z |■■■■■■■■■■■■■■■■■■■■■■■■                                                        |  30% of 114.7 MiB
2026-10-09T16:55:58.3964664Z |■■■■■■■■■■■■■■■■■■■■■■■■■■■■■■■■                                                |  40% of 114.7 MiB
2026-10-09T16:55:58.4312813Z |■■■■■■■■■■■■■■■■■■■■■■■■■■■■■■■■■■■■■■■■                                        |  50% of 114.7 MiB
2026-10-09T16:55:58.4695421Z |■■■■■■■■■■■■■■■■■■■■■■■■■■■■■■■■■■■■■■■■■■■■■■■■                                |  60% of 114.7 MiB
2026-10-09T16:55:58.5030457Z |■■■■■■■■■■■■■■■■■■■■■■■■■■■■■■■■■■■■■■■■■■■■■■■■■■■■■■■■                        |  70% of 114.7 MiB
2026-10-09T16:55:58.5422616Z |■■■■■■■■■■■■■■■■■■■■■■■■■■■■■■■■■■■■■■■■■■■■■■■■■■■■■■■■■■■■■■■■                |  80% of 114.7 MiB
2026-10-09T16:55:58.5856921Z |■■■■■■■■■■■■■■■■■■■■■■■■■■■■■■■■■■■■■■■■■■■■■■■■■■■■■■■■■■■■■■■■■■■■■■■■        |  90% of 114.7 MiB
2026-10-09T16:55:58.6213342Z |■■■■■■■■■■■■■■■■■■■■■■■■■■■■■■■■■■■■■■■■■■■■■■■■■■■■■■■■■■■■■■■■■■■■■■■■■■■■■■■■| 100% of 114.7 MiB
2026-10-09T16:56:00.4651623Z Chrome Headless Shell 151.0.7922.34 (playwright chromium-headless-shell v1234) downloaded to /home/runner/work/_temp/novel-ci-v2-creative-browser.PyeKAI/cache/ms-playwright/chromium_headless_shell-1234
2026-10-09T16:56:00.4843548Z ##[group]Run python -m pip install -c .github/ci/python-constraints.txt -e '.[dev,fontbuild,otio,comic]'
2026-10-09T16:56:00.4844306Z [36;1mpython -m pip install -c .github/ci/python-constraints.txt -e '.[dev,fontbuild,otio,comic]'[0m
2026-10-09T16:56:00.4844769Z [36;1mpython -m pip check[0m
2026-10-09T16:56:00.4845153Z [36;1mpython -m pip freeze --exclude-editable > "$CI_RECEIPTS/python-packages.txt"[0m
2026-10-09T16:56:00.4888659Z shell: /usr/bin/bash -e {0}
2026-10-09T16:56:00.4888939Z env:
2026-10-09T16:56:00.4889152Z   MOCK_PROVIDER: true
2026-10-09T16:56:00.4889378Z   MOCK_STREAM_DELAY_MS: 0
2026-10-09T16:56:00.4889614Z   ENABLE_CLOUD: false
2026-10-09T16:56:00.4889847Z   CREDENTIAL_VAULT_BACKEND: memory
2026-10-09T16:56:00.4890130Z   CREDENTIAL_VAULT_ALLOW_MEMORY_FALLBACK: true
2026-10-09T16:56:00.4890461Z   PYTHONDONTWRITEBYTECODE: 1
2026-10-09T16:56:00.4890698Z   HF_HUB_OFFLINE: 1
2026-10-09T16:56:00.4890907Z   TRANSFORMERS_OFFLINE: 1
2026-10-09T16:56:00.4891253Z   pythonLocation: /opt/hostedtoolcache/Python/3.12.9/x64
2026-10-09T16:56:00.4891662Z   PKG_CONFIG_PATH: /opt/hostedtoolcache/Python/3.12.9/x64/lib/pkgconfig
2026-10-09T16:56:00.4892054Z   Python_ROOT_DIR: /opt/hostedtoolcache/Python/3.12.9/x64
2026-10-09T16:56:00.4892414Z   Python2_ROOT_DIR: /opt/hostedtoolcache/Python/3.12.9/x64
2026-10-09T16:56:00.4892773Z   Python3_ROOT_DIR: /opt/hostedtoolcache/Python/3.12.9/x64
2026-10-09T16:56:00.4893134Z   LD_LIBRARY_PATH: /opt/hostedtoolcache/Python/3.12.9/x64/lib
2026-10-09T16:56:00.4893518Z   CI_COVERAGE_SHA: ec342fe9b69ba45d850d971ce2e15d1b12046096
2026-10-09T16:56:00.4893886Z   CI_COVERAGE_TREE: 2ec6365e1f1f183f029c9f0a94d040d134e22b47
2026-10-09T16:56:00.4894302Z   CI_SANDBOX: /home/runner/work/_temp/novel-ci-v2-creative-browser.PyeKAI
2026-10-09T16:56:00.4894802Z   CI_PROJECT: /home/runner/work/_temp/novel-ci-v2-creative-browser.PyeKAI/project
2026-10-09T16:56:00.4895325Z   CI_RECEIPTS: /home/runner/work/_temp/novel-ci-v2-creative-browser.PyeKAI/receipts
2026-10-09T16:56:00.4895815Z   HOME: /home/runner/work/_temp/novel-ci-v2-creative-browser.PyeKAI/home
2026-10-09T16:56:00.4896299Z   USERPROFILE: /home/runner/work/_temp/novel-ci-v2-creative-browser.PyeKAI/home
2026-10-09T16:56:00.4896815Z   APPDATA: /home/runner/work/_temp/novel-ci-v2-creative-browser.PyeKAI/appdata
2026-10-09T16:56:00.4897339Z   LOCALAPPDATA: /home/runner/work/_temp/novel-ci-v2-creative-browser.PyeKAI/localappdata
2026-10-09T16:56:00.4897884Z   XDG_CONFIG_HOME: /home/runner/work/_temp/novel-ci-v2-creative-browser.PyeKAI/config
2026-10-09T16:56:00.4898595Z   XDG_CACHE_HOME: /home/runner/work/_temp/novel-ci-v2-creative-browser.PyeKAI/cache
2026-10-09T16:56:00.4899126Z   XDG_DATA_HOME: /home/runner/work/_temp/novel-ci-v2-creative-browser.PyeKAI/data
2026-10-09T16:56:00.4899626Z   XDG_STATE_HOME: /home/runner/work/_temp/novel-ci-v2-creative-browser.PyeKAI/state
2026-10-09T16:56:00.4900494Z   TMPDIR: /home/runner/work/_temp/novel-ci-v2-creative-browser.PyeKAI/tmp
2026-10-09T16:56:00.4900969Z   TMP: /home/runner/work/_temp/novel-ci-v2-creative-browser.PyeKAI/tmp
2026-10-09T16:56:00.4901411Z   TEMP: /home/runner/work/_temp/novel-ci-v2-creative-browser.PyeKAI/tmp
2026-10-09T16:56:00.4901891Z   PROJECT_ROOT: /home/runner/work/_temp/novel-ci-v2-creative-browser.PyeKAI/project
2026-10-09T16:56:00.4902422Z   NOVEL_DATA_PATH: /home/runner/work/_temp/novel-ci-v2-creative-browser.PyeKAI/data/novels
2026-10-09T16:56:00.4902971Z   BACKUP_PATH: /home/runner/work/_temp/novel-ci-v2-creative-browser.PyeKAI/data/backups
2026-10-09T16:56:00.4903571Z   DATABASE_BACKUP_PATH: /home/runner/work/_temp/novel-ci-v2-creative-browser.PyeKAI/data/database-backups
2026-10-09T16:56:00.4904206Z   KNOWLEDGE_SOURCE_PATH: /home/runner/work/_temp/novel-ci-v2-creative-browser.PyeKAI/data/novels
2026-10-09T16:56:00.4904646Z ##[endgroup]
2026-10-09T16:56:01.4209695Z Obtaining file:///home/runner/work/_temp/novel-ci-v2-creative-browser.PyeKAI/project
2026-10-09T16:56:01.4227993Z   Installing build dependencies: started
2026-10-09T16:56:02.7427895Z   Installing build dependencies: finished with status 'done'
2026-10-09T16:56:02.7435540Z   Checking if build backend supports build_editable: started
2026-10-09T16:56:03.3884379Z   Checking if build backend supports build_editable: finished with status 'done'
2026-10-09T16:56:03.3894041Z   Getting requirements to build editable: started
2026-10-09T16:56:04.2246049Z   Getting requirements to build editable: finished with status 'done'
2026-10-09T16:56:04.2256926Z   Preparing editable metadata (pyproject.toml): started
2026-10-09T16:56:05.0833559Z   Preparing editable metadata (pyproject.toml): finished with status 'done'
2026-10-09T16:56:05.2041622Z Collecting fastapi<1,>=0.115 (from ai-novel-studio==0.7.0)
2026-10-09T16:56:05.2743553Z   Downloading fastapi-0.142.2-py3-none-any.whl.metadata (27 kB)
2026-10-09T16:56:05.3156303Z Collecting uvicorn<1,>=0.30 (from ai-novel-studio==0.7.0)
2026-10-09T16:56:05.3271895Z   Downloading uvicorn-0.54.0-py3-none-any.whl.metadata (6.6 kB)
2026-10-09T16:56:05.3511701Z Collecting psycopg<4,>=3.2 (from psycopg[binary]<4,>=3.2->ai-novel-studio==0.7.0)
2026-10-09T16:56:05.3634315Z   Downloading psycopg-3.3.6-py3-none-any.whl.metadata (4.4 kB)
2026-10-09T16:56:05.7373088Z Collecting sqlalchemy<3,>=2.0 (from ai-novel-studio==0.7.0)
2026-10-09T16:56:05.7482404Z   Downloading sqlalchemy-2.1.3-cp312-cp312-manylinux2014_x86_64.manylinux_2_17_x86_64.manylinux_2_28_x86_64.whl.metadata (9.7 kB)
2026-10-09T16:56:05.8271796Z Collecting httpx<1,>=0.27 (from ai-novel-studio==0.7.0)
2026-10-09T16:56:05.8381460Z   Downloading httpx-0.28.1-py3-none-any.whl.metadata (7.1 kB)
2026-10-09T16:56:06.4193006Z Collecting pydantic-settings<3,>=2.6 (from ai-novel-studio==0.7.0)
2026-10-09T16:56:06.4299673Z   Downloading pydantic_settings-2.15.0-py3-none-any.whl.metadata (3.9 kB)
2026-10-09T16:56:06.9399283Z Collecting reportlab<5,>=4.0 (from ai-novel-studio==0.7.0)
2026-10-09T16:56:06.9508719Z   Downloading reportlab-4.5.1-py3-none-any.whl.metadata (1.7 kB)
2026-10-09T16:56:06.9768585Z Collecting pypdf==6.19.0 (from ai-novel-studio==0.7.0)
2026-10-09T16:56:06.9874004Z   Downloading pypdf-6.19.0-py3-none-any.whl.metadata (7.5 kB)
2026-10-09T16:56:07.0144585Z Collecting jsonschema<5,>=4.18 (from ai-novel-studio==0.7.0)
2026-10-09T16:56:07.0251622Z   Downloading jsonschema-4.26.0-py3-none-any.whl.metadata (7.6 kB)
2026-10-09T16:56:07.0587429Z Collecting pytest<9,>=8 (from ai-novel-studio==0.7.0)
2026-10-09T16:56:07.0695777Z   Downloading pytest-8.4.2-py3-none-any.whl.metadata (7.7 kB)
2026-10-09T16:56:07.2126130Z Collecting fonttools==4.59.1 (from ai-novel-studio==0.7.0)
2026-10-09T16:56:07.2252114Z   Downloading fonttools-4.59.1-cp312-cp312-manylinux1_x86_64.manylinux2014_x86_64.manylinux_2_17_x86_64.manylinux_2_5_x86_64.whl.metadata (108 kB)
2026-10-09T16:56:07.2737465Z Collecting opentimelineio==0.18.1 (from ai-novel-studio==0.7.0)
2026-10-09T16:56:07.2856153Z   Downloading opentimelineio-0.18.1-cp312-cp312-manylinux2014_x86_64.manylinux_2_17_x86_64.whl.metadata (2.6 kB)
2026-10-09T16:56:07.4789682Z Collecting Pillow==12.3.0 (from ai-novel-studio==0.7.0)
2026-10-09T16:56:07.4895814Z   Downloading pillow-12.3.0-cp312-cp312-manylinux_2_27_x86_64.manylinux_2_28_x86_64.whl.metadata (9.1 kB)
2026-10-09T16:56:07.5218773Z Collecting starlette>=0.46.0 (from fastapi<1,>=0.115->ai-novel-studio==0.7.0)
2026-10-09T16:56:07.5322704Z   Downloading starlette-1.7.0-py3-none-any.whl.metadata (6.6 kB)
2026-10-09T16:56:07.6327013Z Collecting pydantic>=2.9.0 (from fastapi<1,>=0.115->ai-novel-studio==0.7.0)
2026-10-09T16:56:07.6434881Z   Downloading pydantic-2.13.5-py3-none-any.whl.metadata (110 kB)
2026-10-09T16:56:07.6711057Z Collecting typing-extensions>=4.8.0 (from fastapi<1,>=0.115->ai-novel-studio==0.7.0)
2026-10-09T16:56:07.6820042Z   Downloading typing_extensions-4.16.0-py3-none-any.whl.metadata (3.3 kB)
2026-10-09T16:56:07.6997872Z Collecting typing-inspection>=0.4.2 (from fastapi<1,>=0.115->ai-novel-studio==0.7.0)
2026-10-09T16:56:07.7102327Z   Downloading typing_inspection-0.4.4-py3-none-any.whl.metadata (2.6 kB)
2026-10-09T16:56:07.7273368Z Collecting annotated-doc>=0.0.2 (from fastapi<1,>=0.115->ai-novel-studio==0.7.0)
2026-10-09T16:56:07.7379696Z   Downloading annotated_doc-0.0.5-py3-none-any.whl.metadata (6.5 kB)
2026-10-09T16:56:07.7634826Z Collecting opentelemetry-api>=1.44.0 (from fastapi<1,>=0.115->ai-novel-studio==0.7.0)
2026-10-09T16:56:07.7745213Z   Downloading opentelemetry_api-1.45.0-py3-none-any.whl.metadata (1.4 kB)
2026-10-09T16:56:07.7992238Z Collecting anyio (from httpx<1,>=0.27->ai-novel-studio==0.7.0)
2026-10-09T16:56:07.8101328Z   Downloading anyio-4.15.1-py3-none-any.whl.metadata (4.7 kB)
2026-10-09T16:56:07.8332380Z Collecting certifi (from httpx<1,>=0.27->ai-novel-studio==0.7.0)
2026-10-09T16:56:07.8439662Z   Downloading certifi-2026.7.22-py3-none-any.whl.metadata (2.5 kB)
2026-10-09T16:56:07.8660505Z Collecting httpcore==1.* (from httpx<1,>=0.27->ai-novel-studio==0.7.0)
2026-10-09T16:56:07.8766591Z   Downloading httpcore-1.0.9-py3-none-any.whl.metadata (21 kB)
2026-10-09T16:56:07.8976619Z Collecting idna (from httpx<1,>=0.27->ai-novel-studio==0.7.0)
2026-10-09T16:56:07.9083691Z   Downloading idna-3.20-py3-none-any.whl.metadata (7.2 kB)
2026-10-09T16:56:07.9279161Z Collecting h11>=0.16 (from httpcore==1.*->httpx<1,>=0.27->ai-novel-studio==0.7.0)
2026-10-09T16:56:07.9384628Z   Downloading h11-0.16.0-py3-none-any.whl.metadata (8.3 kB)
2026-10-09T16:56:07.9591267Z Collecting attrs>=22.2.0 (from jsonschema<5,>=4.18->ai-novel-studio==0.7.0)
2026-10-09T16:56:07.9710777Z   Downloading attrs-26.1.0-py3-none-any.whl.metadata (8.8 kB)
2026-10-09T16:56:07.9901050Z Collecting jsonschema-specifications>=2023.03.6 (from jsonschema<5,>=4.18->ai-novel-studio==0.7.0)
2026-10-09T16:56:08.0011969Z   Downloading jsonschema_specifications-2025.9.1-py3-none-any.whl.metadata (2.9 kB)
2026-10-09T16:56:08.0267527Z Collecting referencing>=0.28.4 (from jsonschema<5,>=4.18->ai-novel-studio==0.7.0)
2026-10-09T16:56:08.0378825Z   Downloading referencing-0.37.0-py3-none-any.whl.metadata (2.8 kB)
2026-10-09T16:56:08.2824582Z Collecting rpds-py>=0.25.0 (from jsonschema<5,>=4.18->ai-novel-studio==0.7.0)
2026-10-09T16:56:08.2934648Z   Downloading rpds_py-2026.9.1-cp312-cp312-manylinux_2_17_x86_64.manylinux2014_x86_64.whl.metadata (4.1 kB)
2026-10-09T16:56:08.4812499Z Collecting psycopg-binary==3.3.6 (from psycopg[binary]<4,>=3.2->ai-novel-studio==0.7.0)
2026-10-09T16:56:08.4928595Z   Downloading psycopg_binary-3.3.6-cp312-cp312-manylinux2014_x86_64.manylinux_2_17_x86_64.whl.metadata (2.7 kB)
2026-10-09T16:56:08.5163629Z Collecting python-dotenv>=0.21.0 (from pydantic-settings<3,>=2.6->ai-novel-studio==0.7.0)
2026-10-09T16:56:08.5272196Z   Downloading python_dotenv-1.2.4-py3-none-any.whl.metadata (29 kB)
2026-10-09T16:56:08.5479516Z Collecting iniconfig>=1 (from pytest<9,>=8->ai-novel-studio==0.7.0)
2026-10-09T16:56:08.5586192Z   Downloading iniconfig-2.3.0-py3-none-any.whl.metadata (2.5 kB)
2026-10-09T16:56:08.5807212Z Collecting packaging>=20 (from pytest<9,>=8->ai-novel-studio==0.7.0)
2026-10-09T16:56:08.5914325Z   Downloading packaging-26.3-py3-none-any.whl.metadata (3.5 kB)
2026-10-09T16:56:08.6099353Z Collecting pluggy<2,>=1.5 (from pytest<9,>=8->ai-novel-studio==0.7.0)
2026-10-09T16:56:08.6206907Z   Downloading pluggy-1.6.0-py3-none-any.whl.metadata (4.8 kB)
2026-10-09T16:56:08.6455695Z Collecting pygments>=2.7.2 (from pytest<9,>=8->ai-novel-studio==0.7.0)
2026-10-09T16:56:08.6562214Z   Downloading pygments-2.21.0-py3-none-any.whl.metadata (2.5 kB)
2026-10-09T16:56:08.7744965Z Collecting charset-normalizer (from reportlab<5,>=4.0->ai-novel-studio==0.7.0)
2026-10-09T16:56:08.7857887Z   Downloading charset_normalizer-3.5.2-cp312-cp312-manylinux2014_x86_64.manylinux_2_17_x86_64.manylinux_2_28_x86_64.whl.metadata (46 kB)
2026-10-09T16:56:08.8121276Z Collecting click>=7.0 (from uvicorn<1,>=0.30->ai-novel-studio==0.7.0)
2026-10-09T16:56:08.8226449Z   Downloading click-8.5.0-py3-none-any.whl.metadata (2.6 kB)
2026-10-09T16:56:08.8462329Z Collecting annotated-types>=0.6.0 (from pydantic>=2.9.0->fastapi<1,>=0.115->ai-novel-studio==0.7.0)
2026-10-09T16:56:08.8566693Z   Downloading annotated_types-0.8.0-py3-none-any.whl.metadata (15 kB)
2026-10-09T16:56:09.5145575Z Collecting pydantic-core==2.46.5 (from pydantic>=2.9.0->fastapi<1,>=0.115->ai-novel-studio==0.7.0)
2026-10-09T16:56:09.5254043Z   Downloading pydantic_core-2.46.5-cp312-cp312-manylinux_2_17_x86_64.manylinux2014_x86_64.whl.metadata (6.6 kB)
2026-10-09T16:56:09.5539728Z Downloading fonttools-4.59.1-cp312-cp312-manylinux1_x86_64.manylinux2014_x86_64.manylinux_2_17_x86_64.manylinux_2_5_x86_64.whl (4.9 MB)
2026-10-09T16:56:09.6232184Z    ━━━━━━━━━━━━━━━━━━━━━━━━━━━━━━━━━━━━━━━━ 4.9/4.9 MB 80.4 MB/s  0:00:00
2026-10-09T16:56:09.6374295Z Downloading opentimelineio-0.18.1-cp312-cp312-manylinux2014_x86_64.manylinux_2_17_x86_64.whl (842 kB)
2026-10-09T16:56:09.6433110Z    ━━━━━━━━━━━━━━━━━━━━━━━━━━━━━━━━━━━━━━━━ 842.8/842.8 kB 172.2 MB/s  0:00:00
2026-10-09T16:56:09.6542780Z Downloading pillow-12.3.0-cp312-cp312-manylinux_2_27_x86_64.manylinux_2_28_x86_64.whl (6.9 MB)
2026-10-09T16:56:09.6830797Z    ━━━━━━━━━━━━━━━━━━━━━━━━━━━━━━━━━━━━━━━━ 6.9/6.9 MB 253.6 MB/s  0:00:00
2026-10-09T16:56:09.6940483Z Downloading pypdf-6.19.0-py3-none-any.whl (395 kB)
2026-10-09T16:56:09.7079069Z Downloading fastapi-0.142.2-py3-none-any.whl (144 kB)
2026-10-09T16:56:09.7211810Z Downloading httpx-0.28.1-py3-none-any.whl (73 kB)
2026-10-09T16:56:09.7337752Z Downloading httpcore-1.0.9-py3-none-any.whl (78 kB)
2026-10-09T16:56:09.7462080Z Downloading jsonschema-4.26.0-py3-none-any.whl (90 kB)
2026-10-09T16:56:09.7588247Z Downloading psycopg-3.3.6-py3-none-any.whl (215 kB)
2026-10-09T16:56:09.7720577Z Downloading psycopg_binary-3.3.6-cp312-cp312-manylinux2014_x86_64.manylinux_2_17_x86_64.whl (5.2 MB)
2026-10-09T16:56:09.7875634Z    ━━━━━━━━━━━━━━━━━━━━━━━━━━━━━━━━━━━━━━━━ 5.2/5.2 MB 396.2 MB/s  0:00:00
2026-10-09T16:56:09.7982128Z Downloading pydantic_settings-2.15.0-py3-none-any.whl (69 kB)
2026-10-09T16:56:09.8120720Z Downloading pytest-8.4.2-py3-none-any.whl (365 kB)
2026-10-09T16:56:09.8254746Z Downloading pluggy-1.6.0-py3-none-any.whl (20 kB)
2026-10-09T16:56:09.8375658Z Downloading reportlab-4.5.1-py3-none-any.whl (2.0 MB)
2026-10-09T16:56:09.8458516Z    ━━━━━━━━━━━━━━━━━━━━━━━━━━━━━━━━━━━━━━━━ 2.0/2.0 MB 298.3 MB/s  0:00:00
2026-10-09T16:56:09.8567887Z Downloading sqlalchemy-2.1.3-cp312-cp312-manylinux2014_x86_64.manylinux_2_17_x86_64.manylinux_2_28_x86_64.whl (4.7 MB)
2026-10-09T16:56:09.8715120Z    ━━━━━━━━━━━━━━━━━━━━━━━━━━━━━━━━━━━━━━━━ 4.7/4.7 MB 377.1 MB/s  0:00:00
2026-10-09T16:56:09.8834123Z Downloading uvicorn-0.54.0-py3-none-any.whl (87 kB)
2026-10-09T16:56:09.8964123Z Downloading annotated_doc-0.0.5-py3-none-any.whl (5.3 kB)
2026-10-09T16:56:09.9086523Z Downloading attrs-26.1.0-py3-none-any.whl (67 kB)
2026-10-09T16:56:09.9208876Z Downloading click-8.5.0-py3-none-any.whl (125 kB)
2026-10-09T16:56:09.9331455Z Downloading h11-0.16.0-py3-none-any.whl (37 kB)
2026-10-09T16:56:09.9455345Z Downloading iniconfig-2.3.0-py3-none-any.whl (7.5 kB)
2026-10-09T16:56:09.9578058Z Downloading jsonschema_specifications-2025.9.1-py3-none-any.whl (18 kB)
2026-10-09T16:56:09.9701217Z Downloading opentelemetry_api-1.45.0-py3-none-any.whl (60 kB)
2026-10-09T16:56:09.9824950Z Downloading packaging-26.3-py3-none-any.whl (129 kB)
2026-10-09T16:56:09.9946684Z Downloading pydantic-2.13.5-py3-none-any.whl (472 kB)
2026-10-09T16:56:10.0078903Z Downloading pydantic_core-2.46.5-cp312-cp312-manylinux_2_17_x86_64.manylinux2014_x86_64.whl (2.1 MB)
2026-10-09T16:56:10.0154553Z    ━━━━━━━━━━━━━━━━━━━━━━━━━━━━━━━━━━━━━━━━ 2.1/2.1 MB 336.4 MB/s  0:00:00
2026-10-09T16:56:10.0260513Z Downloading annotated_types-0.8.0-py3-none-any.whl (13 kB)
2026-10-09T16:56:10.0390429Z Downloading pygments-2.21.0-py3-none-any.whl (1.3 MB)
2026-10-09T16:56:10.0461257Z    ━━━━━━━━━━━━━━━━━━━━━━━━━━━━━━━━━━━━━━━━ 1.3/1.3 MB 217.1 MB/s  0:00:00
2026-10-09T16:56:10.0571098Z Downloading python_dotenv-1.2.4-py3-none-any.whl (23 kB)
2026-10-09T16:56:10.0696125Z Downloading referencing-0.37.0-py3-none-any.whl (26 kB)
2026-10-09T16:56:10.0825324Z Downloading rpds_py-2026.9.1-cp312-cp312-manylinux_2_17_x86_64.manylinux2014_x86_64.whl (371 kB)
2026-10-09T16:56:10.0958764Z Downloading starlette-1.7.0-py3-none-any.whl (78 kB)
2026-10-09T16:56:10.1082322Z Downloading anyio-4.15.1-py3-none-any.whl (132 kB)
2026-10-09T16:56:10.1208591Z Downloading idna-3.20-py3-none-any.whl (69 kB)
2026-10-09T16:56:10.1335050Z Downloading typing_extensions-4.16.0-py3-none-any.whl (45 kB)
2026-10-09T16:56:10.1456868Z Downloading typing_inspection-0.4.4-py3-none-any.whl (14 kB)
2026-10-09T16:56:10.1578257Z Downloading certifi-2026.7.22-py3-none-any.whl (136 kB)
2026-10-09T16:56:10.1733391Z Downloading charset_normalizer-3.5.2-cp312-cp312-manylinux2014_x86_64.manylinux_2_17_x86_64.manylinux_2_28_x86_64.whl (257 kB)
2026-10-09T16:56:10.3161085Z Building wheels for collected packages: ai-novel-studio
2026-10-09T16:56:10.3168195Z   Building editable for ai-novel-studio (pyproject.toml): started
2026-10-09T16:56:11.2164527Z   Building editable for ai-novel-studio (pyproject.toml): finished with status 'done'
2026-10-09T16:56:11.2172248Z   Created wheel for ai-novel-studio: filename=ai_novel_studio-0.7.0-0.editable-py3-none-any.whl size=3190 sha256=dbb6eb2bbfca3009915a0dfc7de047308a841b3d12cf860e28fed72194519a23
2026-10-09T16:56:11.2174306Z   Stored in directory: /home/runner/work/_temp/novel-ci-v2-creative-browser.PyeKAI/tmp/pip-ephem-wheel-cache-nb18_ilv/wheels/53/14/c1/d0d820d7c4759a80e35538dad4e3a1af118138d9507be4fed9
2026-10-09T16:56:11.2191939Z Successfully built ai-novel-studio
2026-10-09T16:56:11.3172112Z Installing collected packages: typing-extensions, rpds-py, python-dotenv, pypdf, pygments, psycopg-binary, pluggy, Pillow, packaging, opentimelineio, iniconfig, idna, h11, fonttools, click, charset-normalizer, certifi, attrs, annotated-types, annotated-doc, uvicorn, typing-inspection, sqlalchemy, reportlab, referencing, pytest, pydantic-core, psycopg, opentelemetry-api, httpcore, anyio, starlette, pydantic, jsonschema-specifications, httpx, pydantic-settings, jsonschema, fastapi, ai-novel-studio
2026-10-09T16:56:17.0836159Z 
2026-10-09T16:56:17.0874380Z Successfully installed Pillow-12.3.0 ai-novel-studio-0.7.0 annotated-doc-0.0.5 annotated-types-0.8.0 anyio-4.15.1 attrs-26.1.0 certifi-2026.7.22 charset-normalizer-3.5.2 click-8.5.0 fastapi-0.142.2 fonttools-4.59.1 h11-0.16.0 httpcore-1.0.9 httpx-0.28.1 idna-3.20 iniconfig-2.3.0 jsonschema-4.26.0 jsonschema-specifications-2025.9.1 opentelemetry-api-1.45.0 opentimelineio-0.18.1 packaging-26.3 pluggy-1.6.0 psycopg-3.3.6 psycopg-binary-3.3.6 pydantic-2.13.5 pydantic-core-2.46.5 pydantic-settings-2.15.0 pygments-2.21.0 pypdf-6.19.0 pytest-8.4.2 python-dotenv-1.2.4 referencing-0.37.0 reportlab-4.5.1 rpds-py-2026.9.1 sqlalchemy-2.1.3 starlette-1.7.0 typing-extensions-4.16.0 typing-inspection-0.4.4 uvicorn-0.54.0
2026-10-09T16:56:17.9894198Z No broken requirements found.
2026-10-09T16:56:19.3435050Z ##[group]Run set -o pipefail
2026-10-09T16:56:19.3435381Z [36;1mset -o pipefail[0m
2026-10-09T16:56:19.3436070Z [36;1mV2_PYTHON=python CI_RECEIPTS="$CI_RECEIPTS/v2-creative-live" pnpm exec playwright test --config playwright.v2-live.config.ts 2>&1 | tee "$CI_RECEIPTS/v2-creative-live.log"[0m
2026-10-09T16:56:19.3480134Z shell: /usr/bin/bash -e {0}
2026-10-09T16:56:19.3480444Z env:
2026-10-09T16:56:19.3480659Z   MOCK_PROVIDER: true
2026-10-09T16:56:19.3480888Z   MOCK_STREAM_DELAY_MS: 0
2026-10-09T16:56:19.3481123Z   ENABLE_CLOUD: false
2026-10-09T16:56:19.3481351Z   CREDENTIAL_VAULT_BACKEND: memory
2026-10-09T16:56:19.3481661Z   CREDENTIAL_VAULT_ALLOW_MEMORY_FALLBACK: true
2026-10-09T16:56:19.3481972Z   PYTHONDONTWRITEBYTECODE: 1
2026-10-09T16:56:19.3482208Z   HF_HUB_OFFLINE: 1
2026-10-09T16:56:19.3482415Z   TRANSFORMERS_OFFLINE: 1
2026-10-09T16:56:19.3482708Z   pythonLocation: /opt/hostedtoolcache/Python/3.12.9/x64
2026-10-09T16:56:19.3483188Z   PKG_CONFIG_PATH: /opt/hostedtoolcache/Python/3.12.9/x64/lib/pkgconfig
2026-10-09T16:56:19.3483619Z   Python_ROOT_DIR: /opt/hostedtoolcache/Python/3.12.9/x64
2026-10-09T16:56:19.3483979Z   Python2_ROOT_DIR: /opt/hostedtoolcache/Python/3.12.9/x64
2026-10-09T16:56:19.3484336Z   Python3_ROOT_DIR: /opt/hostedtoolcache/Python/3.12.9/x64
2026-10-09T16:56:19.3484700Z   LD_LIBRARY_PATH: /opt/hostedtoolcache/Python/3.12.9/x64/lib
2026-10-09T16:56:19.3485076Z   CI_COVERAGE_SHA: ec342fe9b69ba45d850d971ce2e15d1b12046096
2026-10-09T16:56:19.3485529Z   CI_COVERAGE_TREE: 2ec6365e1f1f183f029c9f0a94d040d134e22b47
2026-10-09T16:56:19.3485944Z   CI_SANDBOX: /home/runner/work/_temp/novel-ci-v2-creative-browser.PyeKAI
2026-10-09T16:56:19.3486446Z   CI_PROJECT: /home/runner/work/_temp/novel-ci-v2-creative-browser.PyeKAI/project
2026-10-09T16:56:19.3486965Z   CI_RECEIPTS: /home/runner/work/_temp/novel-ci-v2-creative-browser.PyeKAI/receipts
2026-10-09T16:56:19.3487456Z   HOME: /home/runner/work/_temp/novel-ci-v2-creative-browser.PyeKAI/home
2026-10-09T16:56:19.3487939Z   USERPROFILE: /home/runner/work/_temp/novel-ci-v2-creative-browser.PyeKAI/home
2026-10-09T16:56:19.3488671Z   APPDATA: /home/runner/work/_temp/novel-ci-v2-creative-browser.PyeKAI/appdata
2026-10-09T16:56:19.3489211Z   LOCALAPPDATA: /home/runner/work/_temp/novel-ci-v2-creative-browser.PyeKAI/localappdata
2026-10-09T16:56:19.3489756Z   XDG_CONFIG_HOME: /home/runner/work/_temp/novel-ci-v2-creative-browser.PyeKAI/config
2026-10-09T16:56:19.3490315Z   XDG_CACHE_HOME: /home/runner/work/_temp/novel-ci-v2-creative-browser.PyeKAI/cache
2026-10-09T16:56:19.3490919Z   XDG_DATA_HOME: /home/runner/work/_temp/novel-ci-v2-creative-browser.PyeKAI/data
2026-10-09T16:56:19.3491418Z   XDG_STATE_HOME: /home/runner/work/_temp/novel-ci-v2-creative-browser.PyeKAI/state
2026-10-09T16:56:19.3491903Z   TMPDIR: /home/runner/work/_temp/novel-ci-v2-creative-browser.PyeKAI/tmp
2026-10-09T16:56:19.3492356Z   TMP: /home/runner/work/_temp/novel-ci-v2-creative-browser.PyeKAI/tmp
2026-10-09T16:56:19.3492813Z   TEMP: /home/runner/work/_temp/novel-ci-v2-creative-browser.PyeKAI/tmp
2026-10-09T16:56:19.3493524Z   PROJECT_ROOT: /home/runner/work/_temp/novel-ci-v2-creative-browser.PyeKAI/project
2026-10-09T16:56:19.3494062Z   NOVEL_DATA_PATH: /home/runner/work/_temp/novel-ci-v2-creative-browser.PyeKAI/data/novels
2026-10-09T16:56:19.3494612Z   BACKUP_PATH: /home/runner/work/_temp/novel-ci-v2-creative-browser.PyeKAI/data/backups
2026-10-09T16:56:19.3495219Z   DATABASE_BACKUP_PATH: /home/runner/work/_temp/novel-ci-v2-creative-browser.PyeKAI/data/database-backups
2026-10-09T16:56:19.3495857Z   KNOWLEDGE_SOURCE_PATH: /home/runner/work/_temp/novel-ci-v2-creative-browser.PyeKAI/data/novels
2026-10-09T16:56:19.3496299Z ##[endgroup]
2026-10-09T16:56:34.4653698Z 
2026-10-09T16:56:34.4654900Z Running 7 tests using 1 worker
2026-10-09T16:56:34.4655585Z 
2026-10-09T16:56:47.2743644Z   ✓  1 [v2-live-chromium] › tests/e2e/v2-creative-live.spec.ts:111:1 › real File V2 authoring: reviewed direction, ordered storyboard, production history and restore preserve the manuscript (11.9s)
2026-10-09T16:56:50.9653199Z   ✓  2 [v2-live-chromium] › tests/e2e/v2-creative-live.spec.ts:206:1 › real File V2 cancel and navigation retain dirty drafts without duplicating accepted or cancelled proposals (3.7s)
2026-10-09T16:56:54.0521966Z   ✓  3 [v2-live-chromium] › tests/e2e/v2-creative-live.spec.ts:236:1 › real File V2 scope and stale-write fencing keeps the browser draft and rejects foreign sources (3.1s)
2026-10-09T16:56:54.9104268Z   ✓  4 [v2-live-chromium] › tests/e2e/v2-creative-live.spec.ts:282:1 › real HTTP File V2 lifecycle persists reviewed direction, order, history and restored content with unchanged manuscript (849ms)
2026-10-09T16:56:55.3192308Z   ✓  5 [v2-live-chromium] › tests/e2e/v2-creative-live.spec.ts:346:1 › real HTTP File V2 scope, cancel and stale source fences remain authoritative (400ms)
2026-10-09T16:57:01.0481334Z   ✓  6 [v1-chromium] › tests/e2e/v2-creative-live.spec.ts:267:1 › V1 default-off backend and browser never expose the V2 workbench or accept creative writes (5.0s)
2026-10-09T16:57:01.1539175Z   ✓  7 [v1-chromium] › tests/e2e/v2-creative-live.spec.ts:379:1 › real HTTP default-off gate advertises disabled capabilities and rejects creative reads and writes (96ms)
2026-10-09T16:57:01.2009318Z 
2026-10-09T16:57:01.2012430Z   7 passed (40.7s)
2026-10-09T16:57:01.2487922Z ##[group]Run set -o pipefail
2026-10-09T16:57:01.2488536Z [36;1mset -o pipefail[0m
2026-10-09T16:57:01.2489413Z [36;1mpnpm exec playwright test --config playwright.creative.config.ts --update-snapshots=none --reporter=list,junit 2>&1 | tee "$CI_RECEIPTS/v2-creative-workbench.log"[0m
2026-10-09T16:57:01.2534017Z shell: /usr/bin/bash -e {0}
2026-10-09T16:57:01.2534292Z env:
2026-10-09T16:57:01.2534503Z   MOCK_PROVIDER: true
2026-10-09T16:57:01.2534730Z   MOCK_STREAM_DELAY_MS: 0
2026-10-09T16:57:01.2534961Z   ENABLE_CLOUD: false
2026-10-09T16:57:01.2535182Z   CREDENTIAL_VAULT_BACKEND: memory
2026-10-09T16:57:01.2535475Z   CREDENTIAL_VAULT_ALLOW_MEMORY_FALLBACK: true
2026-10-09T16:57:01.2535772Z   PYTHONDONTWRITEBYTECODE: 1
2026-10-09T16:57:01.2536037Z   HF_HUB_OFFLINE: 1
2026-10-09T16:57:01.2536245Z   TRANSFORMERS_OFFLINE: 1
2026-10-09T16:57:01.2536535Z   pythonLocation: /opt/hostedtoolcache/Python/3.12.9/x64
2026-10-09T16:57:01.2537002Z   PKG_CONFIG_PATH: /opt/hostedtoolcache/Python/3.12.9/x64/lib/pkgconfig
2026-10-09T16:57:01.2537398Z   Python_ROOT_DIR: /opt/hostedtoolcache/Python/3.12.9/x64
2026-10-09T16:57:01.2537755Z   Python2_ROOT_DIR: /opt/hostedtoolcache/Python/3.12.9/x64
2026-10-09T16:57:01.2538109Z   Python3_ROOT_DIR: /opt/hostedtoolcache/Python/3.12.9/x64
2026-10-09T16:57:01.2538680Z   LD_LIBRARY_PATH: /opt/hostedtoolcache/Python/3.12.9/x64/lib
2026-10-09T16:57:01.2539054Z   CI_COVERAGE_SHA: ec342fe9b69ba45d850d971ce2e15d1b12046096
2026-10-09T16:57:01.2539432Z   CI_COVERAGE_TREE: 2ec6365e1f1f183f029c9f0a94d040d134e22b47
2026-10-09T16:57:01.2539852Z   CI_SANDBOX: /home/runner/work/_temp/novel-ci-v2-creative-browser.PyeKAI
2026-10-09T16:57:01.2540338Z   CI_PROJECT: /home/runner/work/_temp/novel-ci-v2-creative-browser.PyeKAI/project
2026-10-09T16:57:01.2541111Z   CI_RECEIPTS: /home/runner/work/_temp/novel-ci-v2-creative-browser.PyeKAI/receipts
2026-10-09T16:57:01.2541607Z   HOME: /home/runner/work/_temp/novel-ci-v2-creative-browser.PyeKAI/home
2026-10-09T16:57:01.2542100Z   USERPROFILE: /home/runner/work/_temp/novel-ci-v2-creative-browser.PyeKAI/home
2026-10-09T16:57:01.2542609Z   APPDATA: /home/runner/work/_temp/novel-ci-v2-creative-browser.PyeKAI/appdata
2026-10-09T16:57:01.2543142Z   LOCALAPPDATA: /home/runner/work/_temp/novel-ci-v2-creative-browser.PyeKAI/localappdata
2026-10-09T16:57:01.2543684Z   XDG_CONFIG_HOME: /home/runner/work/_temp/novel-ci-v2-creative-browser.PyeKAI/config
2026-10-09T16:57:01.2544212Z   XDG_CACHE_HOME: /home/runner/work/_temp/novel-ci-v2-creative-browser.PyeKAI/cache
2026-10-09T16:57:01.2544722Z   XDG_DATA_HOME: /home/runner/work/_temp/novel-ci-v2-creative-browser.PyeKAI/data
2026-10-09T16:57:01.2545220Z   XDG_STATE_HOME: /home/runner/work/_temp/novel-ci-v2-creative-browser.PyeKAI/state
2026-10-09T16:57:01.2545699Z   TMPDIR: /home/runner/work/_temp/novel-ci-v2-creative-browser.PyeKAI/tmp
2026-10-09T16:57:01.2546148Z   TMP: /home/runner/work/_temp/novel-ci-v2-creative-browser.PyeKAI/tmp
2026-10-09T16:57:01.2546606Z   TEMP: /home/runner/work/_temp/novel-ci-v2-creative-browser.PyeKAI/tmp
2026-10-09T16:57:01.2547078Z   PROJECT_ROOT: /home/runner/work/_temp/novel-ci-v2-creative-browser.PyeKAI/project
2026-10-09T16:57:01.2547611Z   NOVEL_DATA_PATH: /home/runner/work/_temp/novel-ci-v2-creative-browser.PyeKAI/data/novels
2026-10-09T16:57:01.2548149Z   BACKUP_PATH: /home/runner/work/_temp/novel-ci-v2-creative-browser.PyeKAI/data/backups
2026-10-09T16:57:01.2548968Z   DATABASE_BACKUP_PATH: /home/runner/work/_temp/novel-ci-v2-creative-browser.PyeKAI/data/database-backups
2026-10-09T16:57:01.2549604Z   KNOWLEDGE_SOURCE_PATH: /home/runner/work/_temp/novel-ci-v2-creative-browser.PyeKAI/data/novels
2026-10-09T16:57:01.2550319Z   PLAYWRIGHT_JUNIT_OUTPUT_FILE: /home/runner/work/_temp/novel-ci-v2-creative-browser.PyeKAI/receipts/v2-creative-workbench.xml
2026-10-09T16:57:01.2550872Z ##[endgroup]
2026-10-09T16:57:02.8809812Z 
2026-10-09T16:57:02.8810675Z Running 8 tests using 1 worker
2026-10-09T16:57:02.8811600Z 
2026-10-09T16:57:07.0793453Z   ✓  1 [chromium] › tests/visual/creative-workbench.spec.ts:49:1 › V2 remains off with no creative API requests (3.4s)
2026-10-09T16:57:08.9790219Z   ✓  2 [chromium] › tests/visual/creative-workbench.spec.ts:51:1 › keyboard stages and cancelled exit preserve unsaved creative content (1.9s)
2026-10-09T16:57:11.1039449Z   ✓  3 [chromium] › tests/visual/creative-workbench.spec.ts:53:117 › V2 shared-shell geometry 1366x768 (2.1s)
2026-10-09T16:57:13.4177059Z   ✓  4 [chromium] › tests/visual/creative-workbench.spec.ts:53:117 › V2 shared-shell geometry 1440x900 (2.3s)
2026-10-09T16:57:16.0342588Z   ✓  5 [chromium] › tests/visual/creative-workbench.spec.ts:53:117 › V2 shared-shell geometry 1920x1080 (2.6s)
2026-10-09T16:57:18.3790556Z   ✓  6 [chromium] › tests/visual/creative-workbench.spec.ts:55:117 › V2 timeline header shields scrolled reorder controls 1366x768 (2.3s)
2026-10-09T16:57:20.8262162Z   ✓  7 [chromium] › tests/visual/creative-workbench.spec.ts:55:117 › V2 timeline header shields scrolled reorder controls 1440x900 (2.4s)
2026-10-09T16:57:23.1934800Z   ✓  8 [chromium] › tests/visual/creative-workbench.spec.ts:55:117 › V2 timeline header shields scrolled reorder controls 1920x1080 (2.4s)
2026-10-09T16:57:23.2768610Z 
2026-10-09T16:57:23.2774038Z   8 passed (20.9s)
2026-10-09T16:57:23.3012100Z ##[group]Run if [ -f "$CI_RECEIPTS/v2-creative-live/junit.xml" ]; then
2026-10-09T16:57:23.3012596Z [36;1mif [ -f "$CI_RECEIPTS/v2-creative-live/junit.xml" ]; then[0m
2026-10-09T16:57:23.3013078Z [36;1m  cp "$CI_RECEIPTS/v2-creative-live/junit.xml" "$CI_RECEIPTS/v2-creative-live.xml"[0m
2026-10-09T16:57:23.3013491Z [36;1mfi[0m
2026-10-09T16:57:23.3013752Z [36;1mpython3 .github/ci/receipt.py "$CI_RECEIPTS"[0m
2026-10-09T16:57:23.3055351Z shell: /usr/bin/bash -e {0}
2026-10-09T16:57:23.3055852Z env:
2026-10-09T16:57:23.3056058Z   MOCK_PROVIDER: true
2026-10-09T16:57:23.3056283Z   MOCK_STREAM_DELAY_MS: 0
2026-10-09T16:57:23.3056514Z   ENABLE_CLOUD: false
2026-10-09T16:57:23.3056755Z   CREDENTIAL_VAULT_BACKEND: memory
2026-10-09T16:57:23.3057049Z   CREDENTIAL_VAULT_ALLOW_MEMORY_FALLBACK: true
2026-10-09T16:57:23.3057354Z   PYTHONDONTWRITEBYTECODE: 1
2026-10-09T16:57:23.3057594Z   HF_HUB_OFFLINE: 1
2026-10-09T16:57:23.3057799Z   TRANSFORMERS_OFFLINE: 1
2026-10-09T16:57:23.3058141Z   pythonLocation: /opt/hostedtoolcache/Python/3.12.9/x64
2026-10-09T16:57:23.3058724Z   PKG_CONFIG_PATH: /opt/hostedtoolcache/Python/3.12.9/x64/lib/pkgconfig
2026-10-09T16:57:23.3059131Z   Python_ROOT_DIR: /opt/hostedtoolcache/Python/3.12.9/x64
2026-10-09T16:57:23.3059495Z   Python2_ROOT_DIR: /opt/hostedtoolcache/Python/3.12.9/x64
2026-10-09T16:57:23.3059854Z   Python3_ROOT_DIR: /opt/hostedtoolcache/Python/3.12.9/x64
2026-10-09T16:57:23.3060222Z   LD_LIBRARY_PATH: /opt/hostedtoolcache/Python/3.12.9/x64/lib
2026-10-09T16:57:23.3060613Z   CI_COVERAGE_SHA: ec342fe9b69ba45d850d971ce2e15d1b12046096
2026-10-09T16:57:23.3060986Z   CI_COVERAGE_TREE: 2ec6365e1f1f183f029c9f0a94d040d134e22b47
2026-10-09T16:57:23.3061405Z   CI_SANDBOX: /home/runner/work/_temp/novel-ci-v2-creative-browser.PyeKAI
2026-10-09T16:57:23.3061896Z   CI_PROJECT: /home/runner/work/_temp/novel-ci-v2-creative-browser.PyeKAI/project
2026-10-09T16:57:23.3062410Z   CI_RECEIPTS: /home/runner/work/_temp/novel-ci-v2-creative-browser.PyeKAI/receipts
2026-10-09T16:57:23.3062899Z   HOME: /home/runner/work/_temp/novel-ci-v2-creative-browser.PyeKAI/home
2026-10-09T16:57:23.3063372Z   USERPROFILE: /home/runner/work/_temp/novel-ci-v2-creative-browser.PyeKAI/home
2026-10-09T16:57:23.3063865Z   APPDATA: /home/runner/work/_temp/novel-ci-v2-creative-browser.PyeKAI/appdata
2026-10-09T16:57:23.3064392Z   LOCALAPPDATA: /home/runner/work/_temp/novel-ci-v2-creative-browser.PyeKAI/localappdata
2026-10-09T16:57:23.3064929Z   XDG_CONFIG_HOME: /home/runner/work/_temp/novel-ci-v2-creative-browser.PyeKAI/config
2026-10-09T16:57:23.3065446Z   XDG_CACHE_HOME: /home/runner/work/_temp/novel-ci-v2-creative-browser.PyeKAI/cache
2026-10-09T16:57:23.3065940Z   XDG_DATA_HOME: /home/runner/work/_temp/novel-ci-v2-creative-browser.PyeKAI/data
2026-10-09T16:57:23.3066435Z   XDG_STATE_HOME: /home/runner/work/_temp/novel-ci-v2-creative-browser.PyeKAI/state
2026-10-09T16:57:23.3066916Z   TMPDIR: /home/runner/work/_temp/novel-ci-v2-creative-browser.PyeKAI/tmp
2026-10-09T16:57:23.3067374Z   TMP: /home/runner/work/_temp/novel-ci-v2-creative-browser.PyeKAI/tmp
2026-10-09T16:57:23.3067809Z   TEMP: /home/runner/work/_temp/novel-ci-v2-creative-browser.PyeKAI/tmp
2026-10-09T16:57:23.3068283Z   PROJECT_ROOT: /home/runner/work/_temp/novel-ci-v2-creative-browser.PyeKAI/project
2026-10-09T16:57:23.3068978Z   NOVEL_DATA_PATH: /home/runner/work/_temp/novel-ci-v2-creative-browser.PyeKAI/data/novels
2026-10-09T16:57:23.3069523Z   BACKUP_PATH: /home/runner/work/_temp/novel-ci-v2-creative-browser.PyeKAI/data/backups
2026-10-09T16:57:23.3070134Z   DATABASE_BACKUP_PATH: /home/runner/work/_temp/novel-ci-v2-creative-browser.PyeKAI/data/database-backups
2026-10-09T16:57:23.3070770Z   KNOWLEDGE_SOURCE_PATH: /home/runner/work/_temp/novel-ci-v2-creative-browser.PyeKAI/data/novels
2026-10-09T16:57:23.3071210Z ##[endgroup]
2026-10-09T16:57:23.4463336Z {
2026-10-09T16:57:23.4466018Z   "revision": "checked_out_sha=ec342fe9b69ba45d850d971ce2e15d1b12046096\nevent_sha=ec342fe9b69ba45d850d971ce2e15d1b12046096\nrun_url=https://github.com/1785235376-blip/AI-Novel-Studio/actions/runs/37962541363\njob=v2-creative-browser\nplatform=Linux; native Windows host/AppContainer/installer=NOT RUN\n",
2026-10-09T16:57:23.4467543Z   "test_reports": {
2026-10-09T16:57:23.4467790Z     "v2-creative-live.xml": {
2026-10-09T16:57:23.4468058Z       "tests": 7,
2026-10-09T16:57:23.4468276Z       "failures": 0,
2026-10-09T16:57:23.4468683Z       "errors": 0,
2026-10-09T16:57:23.4468910Z       "skipped": 0
2026-10-09T16:57:23.4469130Z     },
2026-10-09T16:57:23.4469563Z     "v2-creative-workbench.xml": {
2026-10-09T16:57:23.4469850Z       "tests": 8,
2026-10-09T16:57:23.4470066Z       "failures": 0,
2026-10-09T16:57:23.4470277Z       "errors": 0,
2026-10-09T16:57:23.4470482Z       "skipped": 0
2026-10-09T16:57:23.4470678Z     }
2026-10-09T16:57:23.4470867Z   },
2026-10-09T16:57:23.4471091Z   "report_status": "RECORDED",
2026-10-09T16:57:23.4471431Z   "native_windows_host_appcontainer_installer": "NOT RUN",
2026-10-09T16:57:23.4471821Z   "real_model_and_paid_provider_execution": "NOT RUN"
2026-10-09T16:57:23.4472110Z }
2026-10-09T16:57:23.4472216Z 
2026-10-09T16:57:23.4588023Z ##[group]Run actions/upload-artifact@v4.6.2
2026-10-09T16:57:23.4588516Z with:
2026-10-09T16:57:23.4588885Z   name: v2-creative-browser-ec342fe9b69ba45d850d971ce2e15d1b12046096-attempt-1
2026-10-09T16:57:23.4589818Z   path: /home/runner/work/_temp/novel-ci-v2-creative-browser.PyeKAI/receipts
/home/runner/work/_temp/novel-ci-v2-creative-browser.PyeKAI/project/frontend/test-results/creative-workbench

2026-10-09T16:57:23.4590587Z   if-no-files-found: error
2026-10-09T16:57:23.4590823Z   retention-days: 14
2026-10-09T16:57:23.4591040Z   compression-level: 6
2026-10-09T16:57:23.4591257Z   overwrite: false
2026-10-09T16:57:23.4591470Z   include-hidden-files: false
2026-10-09T16:57:23.4591709Z env:
2026-10-09T16:57:23.4591895Z   MOCK_PROVIDER: true
2026-10-09T16:57:23.4592130Z   MOCK_STREAM_DELAY_MS: 0
2026-10-09T16:57:23.4592352Z   ENABLE_CLOUD: false
2026-10-09T16:57:23.4592574Z   CREDENTIAL_VAULT_BACKEND: memory
2026-10-09T16:57:23.4592891Z   CREDENTIAL_VAULT_ALLOW_MEMORY_FALLBACK: true
2026-10-09T16:57:23.4593191Z   PYTHONDONTWRITEBYTECODE: 1
2026-10-09T16:57:23.4593426Z   HF_HUB_OFFLINE: 1
2026-10-09T16:57:23.4593637Z   TRANSFORMERS_OFFLINE: 1
2026-10-09T16:57:23.4593919Z   pythonLocation: /opt/hostedtoolcache/Python/3.12.9/x64
2026-10-09T16:57:23.4594320Z   PKG_CONFIG_PATH: /opt/hostedtoolcache/Python/3.12.9/x64/lib/pkgconfig
2026-10-09T16:57:23.4594721Z   Python_ROOT_DIR: /opt/hostedtoolcache/Python/3.12.9/x64
2026-10-09T16:57:23.4595091Z   Python2_ROOT_DIR: /opt/hostedtoolcache/Python/3.12.9/x64
2026-10-09T16:57:23.4595466Z   Python3_ROOT_DIR: /opt/hostedtoolcache/Python/3.12.9/x64
2026-10-09T16:57:23.4595836Z   LD_LIBRARY_PATH: /opt/hostedtoolcache/Python/3.12.9/x64/lib
2026-10-09T16:57:23.4596209Z   CI_COVERAGE_SHA: ec342fe9b69ba45d850d971ce2e15d1b12046096
2026-10-09T16:57:23.4596573Z   CI_COVERAGE_TREE: 2ec6365e1f1f183f029c9f0a94d040d134e22b47
2026-10-09T16:57:23.4596983Z   CI_SANDBOX: /home/runner/work/_temp/novel-ci-v2-creative-browser.PyeKAI
2026-10-09T16:57:23.4597469Z   CI_PROJECT: /home/runner/work/_temp/novel-ci-v2-creative-browser.PyeKAI/project
2026-10-09T16:57:23.4597990Z   CI_RECEIPTS: /home/runner/work/_temp/novel-ci-v2-creative-browser.PyeKAI/receipts
2026-10-09T16:57:23.4598647Z   HOME: /home/runner/work/_temp/novel-ci-v2-creative-browser.PyeKAI/home
2026-10-09T16:57:23.4599142Z   USERPROFILE: /home/runner/work/_temp/novel-ci-v2-creative-browser.PyeKAI/home
2026-10-09T16:57:23.4599648Z   APPDATA: /home/runner/work/_temp/novel-ci-v2-creative-browser.PyeKAI/appdata
2026-10-09T16:57:23.4600175Z   LOCALAPPDATA: /home/runner/work/_temp/novel-ci-v2-creative-browser.PyeKAI/localappdata
2026-10-09T16:57:23.4600720Z   XDG_CONFIG_HOME: /home/runner/work/_temp/novel-ci-v2-creative-browser.PyeKAI/config
2026-10-09T16:57:23.4601245Z   XDG_CACHE_HOME: /home/runner/work/_temp/novel-ci-v2-creative-browser.PyeKAI/cache
2026-10-09T16:57:23.4601752Z   XDG_DATA_HOME: /home/runner/work/_temp/novel-ci-v2-creative-browser.PyeKAI/data
2026-10-09T16:57:23.4602265Z   XDG_STATE_HOME: /home/runner/work/_temp/novel-ci-v2-creative-browser.PyeKAI/state
2026-10-09T16:57:23.4602741Z   TMPDIR: /home/runner/work/_temp/novel-ci-v2-creative-browser.PyeKAI/tmp
2026-10-09T16:57:23.4603190Z   TMP: /home/runner/work/_temp/novel-ci-v2-creative-browser.PyeKAI/tmp
2026-10-09T16:57:23.4603633Z   TEMP: /home/runner/work/_temp/novel-ci-v2-creative-browser.PyeKAI/tmp
2026-10-09T16:57:23.4604106Z   PROJECT_ROOT: /home/runner/work/_temp/novel-ci-v2-creative-browser.PyeKAI/project
2026-10-09T16:57:23.4604836Z   NOVEL_DATA_PATH: /home/runner/work/_temp/novel-ci-v2-creative-browser.PyeKAI/data/novels
2026-10-09T16:57:23.4605385Z   BACKUP_PATH: /home/runner/work/_temp/novel-ci-v2-creative-browser.PyeKAI/data/backups
2026-10-09T16:57:23.4606001Z   DATABASE_BACKUP_PATH: /home/runner/work/_temp/novel-ci-v2-creative-browser.PyeKAI/data/database-backups
2026-10-09T16:57:23.4606637Z   KNOWLEDGE_SOURCE_PATH: /home/runner/work/_temp/novel-ci-v2-creative-browser.PyeKAI/data/novels
2026-10-09T16:57:23.4607196Z ##[endgroup]
2026-10-09T16:57:23.6416956Z (node:3754) [DEP0040] DeprecationWarning: The `punycode` module is deprecated. Please use a userland alternative instead.
2026-10-09T16:57:23.6418803Z (Use `node --trace-deprecation ...` to show where the warning was created)
2026-10-09T16:57:23.6580719Z Multiple search paths detected. Calculating the least common ancestor of all paths
2026-10-09T16:57:23.6583083Z The least common ancestor is /home/runner/work/_temp/novel-ci-v2-creative-browser.PyeKAI. This will be the root directory of the artifact
2026-10-09T16:57:23.6584537Z With the provided path, there will be 38 files uploaded
2026-10-09T16:57:23.6589828Z Artifact name is valid!
2026-10-09T16:57:23.6590508Z Root directory input is valid!
2026-10-09T16:57:23.9445892Z Beginning upload of artifact content to blob storage
2026-10-09T16:57:24.1417620Z (node:3754) [DEP0169] DeprecationWarning: `url.parse()` behavior is not standardized and prone to errors that have security implications. Use the WHATWG URL API instead. CVEs are not issued for `url.parse()` vulnerabilities.
2026-10-09T16:57:24.5709872Z Uploaded bytes 4203466
2026-10-09T16:57:24.6133232Z Finished uploading artifact content to blob storage!
2026-10-09T16:57:24.6134194Z SHA256 digest of uploaded artifact zip is ba0fbbf6e3f6474446e64ba10714df7095fbca20c3eea2ffbada4583bfe4c6b0
2026-10-09T16:57:24.6135659Z Finalizing artifact upload
2026-10-09T16:57:24.8361352Z Artifact v2-creative-browser-ec342fe9b69ba45d850d971ce2e15d1b12046096-attempt-1.zip successfully finalized. Artifact ID 11632146815
2026-10-09T16:57:24.8363115Z Artifact v2-creative-browser-ec342fe9b69ba45d850d971ce2e15d1b12046096-attempt-1 has been successfully uploaded! Final size is 4203466 bytes. Artifact ID is 11632146815
2026-10-09T16:57:24.8367250Z Artifact download URL: https://github.com/1785235376-blip/AI-Novel-Studio/actions/runs/37962541363/artifacts/11632146815
2026-10-09T16:57:24.8555413Z Post job cleanup.
2026-10-09T16:57:24.9790898Z (node:3766) [DEP0040] DeprecationWarning: The `punycode` module is deprecated. Please use a userland alternative instead.
2026-10-09T16:57:24.9792206Z (Use `node --trace-deprecation ...` to show where the warning was created)
2026-10-09T16:57:24.9935039Z Post job cleanup.
2026-10-09T16:57:25.1273486Z (node:3774) [DEP0040] DeprecationWarning: The `punycode` module is deprecated. Please use a userland alternative instead.
2026-10-09T16:57:25.1274263Z (Use `node --trace-deprecation ...` to show where the warning was created)
2026-10-09T16:57:25.1399479Z Post job cleanup.
2026-10-09T16:57:25.2483448Z [command]/usr/bin/git version
2026-10-09T16:57:25.2537511Z git version 2.55.0
2026-10-09T16:57:25.2602546Z Temporarily overriding HOME='/home/runner/work/_temp/0cb081ac-6843-4243-8b51-627b927e39d2' before making global git config changes
2026-10-09T16:57:25.2604935Z Adding repository directory to the temporary git global config as a safe directory
2026-10-09T16:57:25.2606511Z [command]/usr/bin/git config --global --add safe.directory /home/runner/work/AI-Novel-Studio/AI-Novel-Studio
2026-10-09T16:57:25.2659497Z [command]/usr/bin/git config --local --name-only --get-regexp core\.sshCommand
2026-10-09T16:57:25.2709146Z [command]/usr/bin/git submodule foreach --recursive sh -c "git config --local --name-only --get-regexp 'core\.sshCommand' && git config --local --unset-all 'core.sshCommand' || :"
2026-10-09T16:57:25.3014941Z [command]/usr/bin/git config --local --name-only --get-regexp http\.https\:\/\/github\.com\/\.extraheader
2026-10-09T16:57:25.3090681Z [command]/usr/bin/git submodule foreach --recursive sh -c "git config --local --name-only --get-regexp 'http\.https\:\/\/github\.com\/\.extraheader' && git config --local --unset-all 'http.https://github.com/.extraheader' || :"
2026-10-09T16:57:25.3510431Z Cleaning up orphan processes
2026-10-09T16:57:25.3893817Z ##[warning]Node.js 20 is deprecated. The following actions target Node.js 20 but are being forced to run on Node.js 24: actions/checkout@v4.2.2, actions/setup-node@v4.4.0, actions/setup-python@v5.6.0, actions/upload-artifact@v4.6.2. For more information see: https://github.blog/changelog/2025-09-19-deprecation-of-node-20-on-github-actions-runners/
