2026-10-09T16:55:07.8429397Z Current runner version: '2.337.0'
2026-10-09T16:55:07.8459317Z ##[group]Runner Image Provisioner
2026-10-09T16:55:07.8460299Z Hosted Compute Agent
2026-10-09T16:55:07.8460901Z Version: 20261002.596
2026-10-09T16:55:07.8462168Z Commit: c3d12f3313a95f25162a1503be624f3b0617f8c0
2026-10-09T16:55:07.8462953Z Build Date: 2026-10-02T22:28:27Z
2026-10-09T16:55:07.8463720Z Worker ID: {a388b9b2-de32-4b53-b742-c4c4e6b4bec7}
2026-10-09T16:55:07.8464475Z Region: westus
2026-10-09T16:55:07.8465026Z Cloud: Azure
2026-10-09T16:55:07.8465641Z ##[endgroup]
2026-10-09T16:55:07.8467438Z ##[group]Operating System
2026-10-09T16:55:07.8468105Z Ubuntu
2026-10-09T16:55:07.8468742Z 24.04.5
2026-10-09T16:55:07.8469311Z LTS
2026-10-09T16:55:07.8469941Z ##[endgroup]
2026-10-09T16:55:07.8470505Z ##[group]Runner Image
2026-10-09T16:55:07.8471085Z Image: ubuntu-24.04
2026-10-09T16:55:07.8472044Z Version: 20261004.327.1
2026-10-09T16:55:07.8473403Z Included Software: https://github.com/actions/runner-images/blob/ubuntu24/20261004.327/images/ubuntu/Ubuntu2404-Readme.md
2026-10-09T16:55:07.8475077Z Image Release: https://github.com/actions/runner-images/releases/tag/ubuntu24%2F20261004.327
2026-10-09T16:55:07.8476045Z ##[endgroup]
2026-10-09T16:55:07.8477235Z ##[group]GITHUB_TOKEN Permissions
2026-10-09T16:55:07.8479304Z Contents: read
2026-10-09T16:55:07.8480031Z Metadata: read
2026-10-09T16:55:07.8480596Z ##[endgroup]
2026-10-09T16:55:07.8483434Z Secret source: Actions
2026-10-09T16:55:07.8484450Z Cache mode: write
2026-10-09T16:55:07.8485255Z Prepare workflow directory
2026-10-09T16:55:07.9176085Z Prepare all required actions
2026-10-09T16:55:07.9226876Z Getting action download info
2026-10-09T16:55:08.2709136Z Download action repository 'actions/checkout@v4.2.2' (SHA:11bd71901bbe5b1630ceea73d27597364c9af683)
2026-10-09T16:55:08.3767212Z Download action repository 'actions/setup-python@v5.6.0' (SHA:a26af69be951a213d495a4c3e4e4022e16d87065)
2026-10-09T16:55:08.4567012Z Download action repository 'actions/upload-artifact@v4.6.2' (SHA:ea165f8d65b6e75b540449e92b4886f43607fa02)
2026-10-09T16:55:08.6767084Z Complete job name: Protocol and local transport / postgres
2026-10-09T16:55:08.7293233Z ##[group]Checking docker version
2026-10-09T16:55:08.7306968Z ##[command]/usr/bin/docker version --format '{{.Server.APIVersion}}'
2026-10-09T16:55:08.8491982Z '1.48'
2026-10-09T16:55:08.8503956Z Docker daemon API version: '1.48'
2026-10-09T16:55:08.8504885Z ##[command]/usr/bin/docker version --format '{{.Client.APIVersion}}'
2026-10-09T16:55:08.8688116Z '1.48'
2026-10-09T16:55:08.8699651Z Docker client API version: '1.48'
2026-10-09T16:55:08.8706274Z ##[endgroup]
2026-10-09T16:55:08.8709385Z ##[group]Clean up resources from previous jobs
2026-10-09T16:55:08.8715506Z ##[command]/usr/bin/docker ps --all --quiet --no-trunc --filter "label=a2e708"
2026-10-09T16:55:08.8882444Z ##[command]/usr/bin/docker network prune --force --filter "label=a2e708"
2026-10-09T16:55:08.9040607Z ##[endgroup]
2026-10-09T16:55:08.9041178Z ##[group]Create local container network
2026-10-09T16:55:08.9052567Z ##[command]/usr/bin/docker network create --label a2e708 github_network_93e858d445904b00a64f52dc50ba89cf
2026-10-09T16:55:08.9739859Z f0ae16a9401825ae2bcb096c7c76e19a7fbd873d2b83e3337fb94ca893d6fde6
2026-10-09T16:55:08.9767076Z ##[endgroup]
2026-10-09T16:55:08.9802603Z ##[group]Starting postgres service container
2026-10-09T16:55:08.9833742Z ##[command]/usr/bin/docker pull postgres:16-alpine
2026-10-09T16:55:09.8558513Z 16-alpine: Pulling from library/postgres
2026-10-09T16:55:10.1541729Z e2de96513ba9: Already exists
2026-10-09T16:55:10.1583180Z 1b7f9cd581ee: Pulling fs layer
2026-10-09T16:55:10.1584017Z 210b280f9556: Pulling fs layer
2026-10-09T16:55:10.1584438Z 81717818649a: Pulling fs layer
2026-10-09T16:55:10.1585007Z 3ae6141cfd99: Pulling fs layer
2026-10-09T16:55:10.1585688Z 25b77f59fd95: Pulling fs layer
2026-10-09T16:55:10.1586363Z 6c25da34e03f: Pulling fs layer
2026-10-09T16:55:10.1587007Z a88782f92806: Pulling fs layer
2026-10-09T16:55:10.1587614Z d8d21be4bf02: Pulling fs layer
2026-10-09T16:55:10.1588689Z 6117bd39f23f: Pulling fs layer
2026-10-09T16:55:10.1589298Z 509688edf37b: Pulling fs layer
2026-10-09T16:55:10.1589917Z 3ae6141cfd99: Waiting
2026-10-09T16:55:10.1590554Z 25b77f59fd95: Waiting
2026-10-09T16:55:10.1591017Z 6c25da34e03f: Waiting
2026-10-09T16:55:10.1592271Z a88782f92806: Waiting
2026-10-09T16:55:10.1592639Z d8d21be4bf02: Waiting
2026-10-09T16:55:10.1593123Z 6117bd39f23f: Waiting
2026-10-09T16:55:10.1593470Z 509688edf37b: Waiting
2026-10-09T16:55:10.3743526Z 1b7f9cd581ee: Verifying Checksum
2026-10-09T16:55:10.3746708Z 1b7f9cd581ee: Download complete
2026-10-09T16:55:10.3795631Z 81717818649a: Verifying Checksum
2026-10-09T16:55:10.3797343Z 81717818649a: Download complete
2026-10-09T16:55:10.3874698Z 210b280f9556: Verifying Checksum
2026-10-09T16:55:10.3875561Z 210b280f9556: Download complete
2026-10-09T16:55:10.4062468Z 1b7f9cd581ee: Pull complete
2026-10-09T16:55:10.4485284Z 210b280f9556: Pull complete
2026-10-09T16:55:10.4622343Z 81717818649a: Pull complete
2026-10-09T16:55:10.5898422Z 3ae6141cfd99: Download complete
2026-10-09T16:55:10.5979409Z 3ae6141cfd99: Pull complete
2026-10-09T16:55:10.6066885Z 6c25da34e03f: Download complete
2026-10-09T16:55:10.8079658Z a88782f92806: Verifying Checksum
2026-10-09T16:55:10.8080396Z a88782f92806: Download complete
2026-10-09T16:55:10.8312925Z d8d21be4bf02: Verifying Checksum
2026-10-09T16:55:10.8314503Z d8d21be4bf02: Download complete
2026-10-09T16:55:10.9300019Z 25b77f59fd95: Verifying Checksum
2026-10-09T16:55:10.9300572Z 25b77f59fd95: Download complete
2026-10-09T16:55:11.0087518Z 6117bd39f23f: Download complete
2026-10-09T16:55:11.0373671Z 509688edf37b: Download complete
2026-10-09T16:55:13.4539411Z 25b77f59fd95: Pull complete
2026-10-09T16:55:13.4667897Z 6c25da34e03f: Pull complete
2026-10-09T16:55:13.4794483Z a88782f92806: Pull complete
2026-10-09T16:55:13.4910872Z d8d21be4bf02: Pull complete
2026-10-09T16:55:13.5018793Z 6117bd39f23f: Pull complete
2026-10-09T16:55:13.5118126Z 509688edf37b: Pull complete
2026-10-09T16:55:13.5166198Z Digest: sha256:721873c34ceb9f8d8fc265984940dc982404c105f19ad51be9fdc5970a6080ea
2026-10-09T16:55:13.5181903Z Status: Downloaded newer image for postgres:16-alpine
2026-10-09T16:55:13.5192129Z docker.io/library/postgres:16-alpine
2026-10-09T16:55:13.5261193Z ##[command]/usr/bin/docker create --name b6dc2b08fe88410c9c2b00bba9fccc4f_postgres16alpine_448ecd --label a2e708 --network github_network_93e858d445904b00a64f52dc50ba89cf --network-alias postgres -p 5432:5432 --health-cmd "pg_isready -U ci -d interop_ci" --health-interval 5s --health-timeout 5s --health-retries 12 -e "POSTGRES_USER=ci" -e "POSTGRES_PASSWORD=ci-ephemeral-only" -e "POSTGRES_DB=interop_ci" -e GITHUB_ACTIONS=true -e CI=true postgres:16-alpine
2026-10-09T16:55:13.5546151Z 32edc7d1926c590b9819207e8f205a4afaad8624cc4db3bb72f67505bc699cf9
2026-10-09T16:55:13.5570764Z ##[command]/usr/bin/docker start 32edc7d1926c590b9819207e8f205a4afaad8624cc4db3bb72f67505bc699cf9
2026-10-09T16:55:13.7885503Z 32edc7d1926c590b9819207e8f205a4afaad8624cc4db3bb72f67505bc699cf9
2026-10-09T16:55:13.7904045Z ##[command]/usr/bin/docker ps --all --filter id=32edc7d1926c590b9819207e8f205a4afaad8624cc4db3bb72f67505bc699cf9 --filter status=running --no-trunc --format "{{.ID}} {{.Status}}"
2026-10-09T16:55:13.8045373Z 32edc7d1926c590b9819207e8f205a4afaad8624cc4db3bb72f67505bc699cf9 Up Less than a second (health: starting)
2026-10-09T16:55:13.8057620Z ##[command]/usr/bin/docker port 32edc7d1926c590b9819207e8f205a4afaad8624cc4db3bb72f67505bc699cf9
2026-10-09T16:55:13.8215998Z 5432/tcp -> 0.0.0.0:5432
2026-10-09T16:55:13.8216557Z 5432/tcp -> [::]:5432
2026-10-09T16:55:13.8271822Z ##[endgroup]
2026-10-09T16:55:13.8282986Z ##[group]Waiting for all services to be ready
2026-10-09T16:55:13.8299993Z ##[command]/usr/bin/docker inspect --format="{{if .Config.Healthcheck}}{{print .State.Health.Status}}{{end}}" 32edc7d1926c590b9819207e8f205a4afaad8624cc4db3bb72f67505bc699cf9
2026-10-09T16:55:13.8444896Z starting
2026-10-09T16:55:13.8470028Z postgres service is starting, waiting 2 seconds before checking again.
2026-10-09T16:55:15.8470871Z ##[command]/usr/bin/docker inspect --format="{{if .Config.Healthcheck}}{{print .State.Health.Status}}{{end}}" 32edc7d1926c590b9819207e8f205a4afaad8624cc4db3bb72f67505bc699cf9
2026-10-09T16:55:15.8602774Z starting
2026-10-09T16:55:15.8615620Z postgres service is starting, waiting 3 seconds before checking again.
2026-10-09T16:55:19.7413342Z ##[command]/usr/bin/docker inspect --format="{{if .Config.Healthcheck}}{{print .State.Health.Status}}{{end}}" 32edc7d1926c590b9819207e8f205a4afaad8624cc4db3bb72f67505bc699cf9
2026-10-09T16:55:19.7548628Z healthy
2026-10-09T16:55:19.7567491Z postgres service is healthy.
2026-10-09T16:55:19.7568270Z ##[endgroup]
2026-10-09T16:55:19.7941940Z ##[group]Run actions/checkout@v4.2.2
2026-10-09T16:55:19.7942584Z with:
2026-10-09T16:55:19.7942805Z   persist-credentials: false
2026-10-09T16:55:19.7943109Z   repository: 1785235376-blip/AI-Novel-Studio
2026-10-09T16:55:19.7945870Z   token: ***
2026-10-09T16:55:19.7946076Z   ssh-strict: true
2026-10-09T16:55:19.7946301Z   ssh-user: git
2026-10-09T16:55:19.7946495Z   clean: true
2026-10-09T16:55:19.7946702Z   sparse-checkout-cone-mode: true
2026-10-09T16:55:19.7946964Z   fetch-depth: 1
2026-10-09T16:55:19.7947158Z   fetch-tags: false
2026-10-09T16:55:19.7947361Z   show-progress: true
2026-10-09T16:55:19.7947565Z   lfs: false
2026-10-09T16:55:19.7947745Z   submodules: false
2026-10-09T16:55:19.7947954Z   set-safe-directory: true
2026-10-09T16:55:19.7948370Z env:
2026-10-09T16:55:19.7948569Z   MOCK_PROVIDER: true
2026-10-09T16:55:19.7948780Z   ENABLE_CLOUD: false
2026-10-09T16:55:19.7949004Z   CREDENTIAL_VAULT_BACKEND: memory
2026-10-09T16:55:19.7949336Z   CREDENTIAL_VAULT_ALLOW_MEMORY_FALLBACK: true
2026-10-09T16:55:19.7949624Z   HF_HUB_OFFLINE: 1
2026-10-09T16:55:19.7949829Z   TRANSFORMERS_OFFLINE: 1
2026-10-09T16:55:19.7950046Z ##[endgroup]
2026-10-09T16:55:19.9043711Z Syncing repository: 1785235376-blip/AI-Novel-Studio
2026-10-09T16:55:19.9045652Z ##[group]Getting Git version info
2026-10-09T16:55:19.9046548Z Working directory is '/home/runner/work/AI-Novel-Studio/AI-Novel-Studio'
2026-10-09T16:55:19.9047539Z [command]/usr/bin/git version
2026-10-09T16:55:19.9132934Z git version 2.55.0
2026-10-09T16:55:19.9157606Z ##[endgroup]
2026-10-09T16:55:19.9173236Z Temporarily overriding HOME='/home/runner/work/_temp/be9640fd-23ef-4e20-a9ea-1dc974e61987' before making global git config changes
2026-10-09T16:55:19.9174766Z Adding repository directory to the temporary git global config as a safe directory
2026-10-09T16:55:19.9179321Z [command]/usr/bin/git config --global --add safe.directory /home/runner/work/AI-Novel-Studio/AI-Novel-Studio
2026-10-09T16:55:19.9236904Z Deleting the contents of '/home/runner/work/AI-Novel-Studio/AI-Novel-Studio'
2026-10-09T16:55:19.9241506Z ##[group]Initializing the repository
2026-10-09T16:55:19.9246003Z [command]/usr/bin/git init /home/runner/work/AI-Novel-Studio/AI-Novel-Studio
2026-10-09T16:55:19.9394465Z hint: Using 'master' as the name for the initial branch. This default branch name
2026-10-09T16:55:19.9395580Z hint: will change to "main" in Git 3.0. To configure the initial branch name
2026-10-09T16:55:19.9396322Z hint: to use in all of your new repositories, which will suppress this warning,
2026-10-09T16:55:19.9396812Z hint: call:
2026-10-09T16:55:19.9397044Z hint:
2026-10-09T16:55:19.9397574Z hint: 	git config --global init.defaultBranch <name>
2026-10-09T16:55:19.9398199Z hint:
2026-10-09T16:55:19.9398774Z hint: Names commonly chosen instead of 'master' are 'main', 'trunk' and
2026-10-09T16:55:19.9399575Z hint: 'development'. The just-created branch can be renamed via this command:
2026-10-09T16:55:19.9400283Z hint:
2026-10-09T16:55:19.9400720Z hint: 	git branch -m <name>
2026-10-09T16:55:19.9402791Z hint:
2026-10-09T16:55:19.9403502Z hint: Disable this message with "git config set advice.defaultBranchName false"
2026-10-09T16:55:19.9404778Z Initialized empty Git repository in /home/runner/work/AI-Novel-Studio/AI-Novel-Studio/.git/
2026-10-09T16:55:19.9417177Z [command]/usr/bin/git remote add origin https://github.com/1785235376-blip/AI-Novel-Studio
2026-10-09T16:55:19.9474427Z ##[endgroup]
2026-10-09T16:55:19.9475277Z ##[group]Disabling automatic garbage collection
2026-10-09T16:55:19.9479982Z [command]/usr/bin/git config --local gc.auto 0
2026-10-09T16:55:19.9523516Z ##[endgroup]
2026-10-09T16:55:19.9524812Z ##[group]Setting up auth
2026-10-09T16:55:19.9533919Z [command]/usr/bin/git config --local --name-only --get-regexp core\.sshCommand
2026-10-09T16:55:19.9577823Z [command]/usr/bin/git submodule foreach --recursive sh -c "git config --local --name-only --get-regexp 'core\.sshCommand' && git config --local --unset-all 'core.sshCommand' || :"
2026-10-09T16:55:20.0027214Z [command]/usr/bin/git config --local --name-only --get-regexp http\.https\:\/\/github\.com\/\.extraheader
2026-10-09T16:55:20.0065262Z [command]/usr/bin/git submodule foreach --recursive sh -c "git config --local --name-only --get-regexp 'http\.https\:\/\/github\.com\/\.extraheader' && git config --local --unset-all 'http.https://github.com/.extraheader' || :"
2026-10-09T16:55:20.0307353Z [command]/usr/bin/git config --local http.https://github.com/.extraheader AUTHORIZATION: basic ***
2026-10-09T16:55:20.0369875Z ##[endgroup]
2026-10-09T16:55:20.0370669Z ##[group]Fetching the repository
2026-10-09T16:55:20.0382431Z [command]/usr/bin/git -c protocol.version=2 fetch --no-tags --prune --no-recurse-submodules --depth=1 origin +c386b0608ae92d18c351b5cb6e367380808a45cf:refs/remotes/origin/feature/v2-narrative-platform
2026-10-09T16:55:21.8503249Z From https://github.com/1785235376-blip/AI-Novel-Studio
2026-10-09T16:55:21.8504561Z  * [new ref]         c386b0608ae92d18c351b5cb6e367380808a45cf -> origin/feature/v2-narrative-platform
2026-10-09T16:55:21.8510253Z ##[endgroup]
2026-10-09T16:55:21.8510976Z ##[group]Determining the checkout info
2026-10-09T16:55:21.8515490Z ##[endgroup]
2026-10-09T16:55:21.8522018Z [command]/usr/bin/git sparse-checkout disable
2026-10-09T16:55:21.8581951Z [command]/usr/bin/git config --local --unset-all extensions.worktreeConfig
2026-10-09T16:55:21.8616279Z ##[group]Checking out the ref
2026-10-09T16:55:21.8622689Z [command]/usr/bin/git checkout --progress --force -B feature/v2-narrative-platform refs/remotes/origin/feature/v2-narrative-platform
2026-10-09T16:55:22.5609737Z Switched to a new branch 'feature/v2-narrative-platform'
2026-10-09T16:55:22.5615368Z branch 'feature/v2-narrative-platform' set up to track 'origin/feature/v2-narrative-platform'.
2026-10-09T16:55:22.5659412Z ##[endgroup]
2026-10-09T16:55:22.5724953Z [command]/usr/bin/git log -1 --format=%H
2026-10-09T16:55:22.5754269Z c386b0608ae92d18c351b5cb6e367380808a45cf
2026-10-09T16:55:22.5764515Z ##[group]Removing auth
2026-10-09T16:55:22.5769245Z [command]/usr/bin/git config --local --name-only --get-regexp core\.sshCommand
2026-10-09T16:55:22.5805321Z [command]/usr/bin/git submodule foreach --recursive sh -c "git config --local --name-only --get-regexp 'core\.sshCommand' && git config --local --unset-all 'core.sshCommand' || :"
2026-10-09T16:55:22.6039342Z [command]/usr/bin/git config --local --name-only --get-regexp http\.https\:\/\/github\.com\/\.extraheader
2026-10-09T16:55:22.6069252Z http.https://github.com/.extraheader
2026-10-09T16:55:22.6078732Z [command]/usr/bin/git config --local --unset-all http.https://github.com/.extraheader
2026-10-09T16:55:22.6115742Z [command]/usr/bin/git submodule foreach --recursive sh -c "git config --local --name-only --get-regexp 'http\.https\:\/\/github\.com\/\.extraheader' && git config --local --unset-all 'http.https://github.com/.extraheader' || :"
2026-10-09T16:55:22.6347514Z ##[endgroup]
2026-10-09T16:55:22.6580876Z ##[group]Run actions/setup-python@v5.6.0
2026-10-09T16:55:22.6581194Z with:
2026-10-09T16:55:22.6581599Z   python-version: 3.12.9
2026-10-09T16:55:22.6581843Z   check-latest: false
2026-10-09T16:55:22.6584468Z   token: ***
2026-10-09T16:55:22.6584687Z   update-environment: true
2026-10-09T16:55:22.6584929Z   allow-prereleases: false
2026-10-09T16:55:22.6585160Z   freethreaded: false
2026-10-09T16:55:22.6585556Z env:
2026-10-09T16:55:22.6585739Z   MOCK_PROVIDER: true
2026-10-09T16:55:22.6585945Z   ENABLE_CLOUD: false
2026-10-09T16:55:22.6586157Z   CREDENTIAL_VAULT_BACKEND: memory
2026-10-09T16:55:22.6586440Z   CREDENTIAL_VAULT_ALLOW_MEMORY_FALLBACK: true
2026-10-09T16:55:22.6586728Z   HF_HUB_OFFLINE: 1
2026-10-09T16:55:22.6586941Z   TRANSFORMERS_OFFLINE: 1
2026-10-09T16:55:22.6587166Z ##[endgroup]
2026-10-09T16:55:22.8024462Z ##[group]Installed versions
2026-10-09T16:55:22.8046908Z Version 3.12.9 was not found in the local cache
2026-10-09T16:55:22.8162207Z (node:2737) [DEP0040] DeprecationWarning: The `punycode` module is deprecated. Please use a userland alternative instead.
2026-10-09T16:55:22.8164215Z (Use `node --trace-deprecation ...` to show where the warning was created)
2026-10-09T16:55:23.5191552Z Version 3.12.9 is available for downloading
2026-10-09T16:55:23.5193908Z Download from "https://github.com/actions/python-versions/releases/download/3.12.9-13149478207/python-3.12.9-linux-24.04-x64.tar.gz"
2026-10-09T16:55:24.4720054Z Extract downloaded archive
2026-10-09T16:55:24.4854506Z [command]/usr/bin/tar xz --warning=no-unknown-keyword --overwrite -C /home/runner/work/_temp/403e307e-98fc-4f42-83a4-a2107edce9d6 -f /home/runner/work/_temp/7c0ca23f-8d35-4e0a-8857-3c6a65bbe539
2026-10-09T16:55:26.5300963Z Execute installation script
2026-10-09T16:55:26.5402844Z Check if Python hostedtoolcache folder exist...
2026-10-09T16:55:26.5403704Z Create Python 3.12.9 folder
2026-10-09T16:55:26.5418818Z Copy Python binaries to hostedtoolcache folder
2026-10-09T16:55:27.0222649Z Create additional symlinks (Required for the UsePythonVersion Azure Pipelines task and the setup-python GitHub Action)
2026-10-09T16:55:27.0265689Z Upgrading pip...
2026-10-09T16:55:29.3885285Z Looking in links: /tmp/tmpu53lylrw
2026-10-09T16:55:29.3890692Z Requirement already satisfied: pip in /opt/hostedtoolcache/Python/3.12.9/x64/lib/python3.12/site-packages (24.3.1)
2026-10-09T16:55:30.5340491Z Collecting pip
2026-10-09T16:55:30.5634557Z Downloading pip-26.2.1-py3-none-any.whl.metadata (4.6 kB)
2026-10-09T16:55:30.5712008Z Downloading pip-26.2.1-py3-none-any.whl (1.8 MB)
2026-10-09T16:55:30.6139021Z ━━━━━━━━━━━━━━━━━━━━━━━━━━━━━━━━━━━━━━━━ 1.8/1.8 MB 83.6 MB/s eta 0:00:00
2026-10-09T16:55:30.6139609Z 
2026-10-09T16:55:30.6344861Z Installing collected packages: pip
2026-10-09T16:55:30.6345710Z Attempting uninstall: pip
2026-10-09T16:55:30.6370024Z Found existing installation: pip 24.3.1
2026-10-09T16:55:30.6735485Z Uninstalling pip-24.3.1:
2026-10-09T16:55:30.6794299Z Successfully uninstalled pip-24.3.1
2026-10-09T16:55:31.6298073Z Successfully installed pip-26.2.1
2026-10-09T16:55:31.6831121Z Create complete file
2026-10-09T16:55:31.6872289Z Successfully set up CPython (3.12.9)
2026-10-09T16:55:31.6873857Z ##[endgroup]
2026-10-09T16:55:31.7040728Z ##[group]Run bash .github/ci/prepare.sh local-interop
2026-10-09T16:55:31.7041211Z [36;1mbash .github/ci/prepare.sh local-interop[0m
2026-10-09T16:55:31.7275048Z shell: /usr/bin/bash -e {0}
2026-10-09T16:55:31.7275481Z env:
2026-10-09T16:55:31.7275759Z   MOCK_PROVIDER: true
2026-10-09T16:55:31.7276093Z   ENABLE_CLOUD: false
2026-10-09T16:55:31.7276417Z   CREDENTIAL_VAULT_BACKEND: memory
2026-10-09T16:55:31.7276839Z   CREDENTIAL_VAULT_ALLOW_MEMORY_FALLBACK: true
2026-10-09T16:55:31.7277267Z   HF_HUB_OFFLINE: 1
2026-10-09T16:55:31.7277577Z   TRANSFORMERS_OFFLINE: 1
2026-10-09T16:55:31.7278027Z   pythonLocation: /opt/hostedtoolcache/Python/3.12.9/x64
2026-10-09T16:55:31.7278692Z   PKG_CONFIG_PATH: /opt/hostedtoolcache/Python/3.12.9/x64/lib/pkgconfig
2026-10-09T16:55:31.7279317Z   Python_ROOT_DIR: /opt/hostedtoolcache/Python/3.12.9/x64
2026-10-09T16:55:31.7279879Z   Python2_ROOT_DIR: /opt/hostedtoolcache/Python/3.12.9/x64
2026-10-09T16:55:31.7280501Z   Python3_ROOT_DIR: /opt/hostedtoolcache/Python/3.12.9/x64
2026-10-09T16:55:31.7281070Z   LD_LIBRARY_PATH: /opt/hostedtoolcache/Python/3.12.9/x64/lib
2026-10-09T16:55:31.7281860Z ##[endgroup]
2026-10-09T16:55:32.6051135Z ##[group]Run python -m pip install -c .github/ci/python-constraints.txt -e '.[dev]'
2026-10-09T16:55:32.6052383Z [36;1mpython -m pip install -c .github/ci/python-constraints.txt -e '.[dev]'[0m
2026-10-09T16:55:32.6118066Z shell: /usr/bin/bash -e {0}
2026-10-09T16:55:32.6118348Z env:
2026-10-09T16:55:32.6118568Z   MOCK_PROVIDER: true
2026-10-09T16:55:32.6118817Z   ENABLE_CLOUD: false
2026-10-09T16:55:32.6119065Z   CREDENTIAL_VAULT_BACKEND: memory
2026-10-09T16:55:32.6119389Z   CREDENTIAL_VAULT_ALLOW_MEMORY_FALLBACK: true
2026-10-09T16:55:32.6119723Z   HF_HUB_OFFLINE: 1
2026-10-09T16:55:32.6119953Z   TRANSFORMERS_OFFLINE: 1
2026-10-09T16:55:32.6120277Z   pythonLocation: /opt/hostedtoolcache/Python/3.12.9/x64
2026-10-09T16:55:32.6120769Z   PKG_CONFIG_PATH: /opt/hostedtoolcache/Python/3.12.9/x64/lib/pkgconfig
2026-10-09T16:55:32.6121494Z   Python_ROOT_DIR: /opt/hostedtoolcache/Python/3.12.9/x64
2026-10-09T16:55:32.6122007Z   Python2_ROOT_DIR: /opt/hostedtoolcache/Python/3.12.9/x64
2026-10-09T16:55:32.6122469Z   Python3_ROOT_DIR: /opt/hostedtoolcache/Python/3.12.9/x64
2026-10-09T16:55:32.6122918Z   LD_LIBRARY_PATH: /opt/hostedtoolcache/Python/3.12.9/x64/lib
2026-10-09T16:55:32.6123353Z   CI_COVERAGE_SHA: c386b0608ae92d18c351b5cb6e367380808a45cf
2026-10-09T16:55:32.6123776Z   CI_COVERAGE_TREE: 2ec6365e1f1f183f029c9f0a94d040d134e22b47
2026-10-09T16:55:32.6124241Z   CI_SANDBOX: /home/runner/work/_temp/novel-ci-local-interop.zvZAYh
2026-10-09T16:55:32.6124775Z   CI_PROJECT: /home/runner/work/_temp/novel-ci-local-interop.zvZAYh/project
2026-10-09T16:55:32.6125347Z   CI_RECEIPTS: /home/runner/work/_temp/novel-ci-local-interop.zvZAYh/receipts
2026-10-09T16:55:32.6125884Z   HOME: /home/runner/work/_temp/novel-ci-local-interop.zvZAYh/home
2026-10-09T16:55:32.6126409Z   USERPROFILE: /home/runner/work/_temp/novel-ci-local-interop.zvZAYh/home
2026-10-09T16:55:32.6150090Z   APPDATA: /home/runner/work/_temp/novel-ci-local-interop.zvZAYh/appdata
2026-10-09T16:55:32.6151062Z   LOCALAPPDATA: /home/runner/work/_temp/novel-ci-local-interop.zvZAYh/localappdata
2026-10-09T16:55:32.6152077Z   XDG_CONFIG_HOME: /home/runner/work/_temp/novel-ci-local-interop.zvZAYh/config
2026-10-09T16:55:32.6152750Z   XDG_CACHE_HOME: /home/runner/work/_temp/novel-ci-local-interop.zvZAYh/cache
2026-10-09T16:55:32.6153395Z   XDG_DATA_HOME: /home/runner/work/_temp/novel-ci-local-interop.zvZAYh/data
2026-10-09T16:55:32.6154028Z   XDG_STATE_HOME: /home/runner/work/_temp/novel-ci-local-interop.zvZAYh/state
2026-10-09T16:55:32.6154628Z   TMPDIR: /home/runner/work/_temp/novel-ci-local-interop.zvZAYh/tmp
2026-10-09T16:55:32.6155180Z   TMP: /home/runner/work/_temp/novel-ci-local-interop.zvZAYh/tmp
2026-10-09T16:55:32.6155726Z   TEMP: /home/runner/work/_temp/novel-ci-local-interop.zvZAYh/tmp
2026-10-09T16:55:32.6156318Z   PROJECT_ROOT: /home/runner/work/_temp/novel-ci-local-interop.zvZAYh/project
2026-10-09T16:55:32.6156998Z   NOVEL_DATA_PATH: /home/runner/work/_temp/novel-ci-local-interop.zvZAYh/data/novels
2026-10-09T16:55:32.6157709Z   BACKUP_PATH: /home/runner/work/_temp/novel-ci-local-interop.zvZAYh/data/backups
2026-10-09T16:55:32.6158463Z   DATABASE_BACKUP_PATH: /home/runner/work/_temp/novel-ci-local-interop.zvZAYh/data/database-backups
2026-10-09T16:55:32.6159265Z   KNOWLEDGE_SOURCE_PATH: /home/runner/work/_temp/novel-ci-local-interop.zvZAYh/data/novels
2026-10-09T16:55:32.6159794Z ##[endgroup]
2026-10-09T16:55:33.0376320Z Obtaining file:///home/runner/work/_temp/novel-ci-local-interop.zvZAYh/project
2026-10-09T16:55:33.0394696Z   Installing build dependencies: started
2026-10-09T16:55:33.7472831Z   Installing build dependencies: finished with status 'done'
2026-10-09T16:55:33.7479929Z   Checking if build backend supports build_editable: started
2026-10-09T16:55:34.0805290Z   Checking if build backend supports build_editable: finished with status 'done'
2026-10-09T16:55:34.0813496Z   Getting requirements to build editable: started
2026-10-09T16:55:34.4681802Z   Getting requirements to build editable: finished with status 'done'
2026-10-09T16:55:34.4692705Z   Preparing editable metadata (pyproject.toml): started
2026-10-09T16:55:34.7226680Z   Preparing editable metadata (pyproject.toml): finished with status 'done'
2026-10-09T16:55:34.8296432Z Collecting fastapi<1,>=0.115 (from ai-novel-studio==0.7.0)
2026-10-09T16:55:34.8831720Z   Downloading fastapi-0.142.2-py3-none-any.whl.metadata (27 kB)
2026-10-09T16:55:35.0150394Z Collecting uvicorn<1,>=0.30 (from ai-novel-studio==0.7.0)
2026-10-09T16:55:35.0182236Z   Downloading uvicorn-0.54.0-py3-none-any.whl.metadata (6.6 kB)
2026-10-09T16:55:35.1042315Z Collecting psycopg<4,>=3.2 (from psycopg[binary]<4,>=3.2->ai-novel-studio==0.7.0)
2026-10-09T16:55:35.1086086Z   Downloading psycopg-3.3.6-py3-none-any.whl.metadata (4.4 kB)
2026-10-09T16:55:35.4643369Z Collecting sqlalchemy<3,>=2.0 (from ai-novel-studio==0.7.0)
2026-10-09T16:55:35.4688683Z   Downloading sqlalchemy-2.1.3-cp312-cp312-manylinux2014_x86_64.manylinux_2_17_x86_64.manylinux_2_28_x86_64.whl.metadata (9.7 kB)
2026-10-09T16:55:35.5738941Z Collecting httpx<1,>=0.27 (from ai-novel-studio==0.7.0)
2026-10-09T16:55:35.5767636Z   Downloading httpx-0.28.1-py3-none-any.whl.metadata (7.1 kB)
2026-10-09T16:55:35.6945906Z Collecting pydantic-settings<3,>=2.6 (from ai-novel-studio==0.7.0)
2026-10-09T16:55:35.6979743Z   Downloading pydantic_settings-2.15.0-py3-none-any.whl.metadata (3.9 kB)
2026-10-09T16:55:35.8785213Z Collecting reportlab<5,>=4.0 (from ai-novel-studio==0.7.0)
2026-10-09T16:55:35.8818217Z   Downloading reportlab-4.5.1-py3-none-any.whl.metadata (1.7 kB)
2026-10-09T16:55:35.9618099Z Collecting pypdf==6.19.0 (from ai-novel-studio==0.7.0)
2026-10-09T16:55:35.9651127Z   Downloading pypdf-6.19.0-py3-none-any.whl.metadata (7.5 kB)
2026-10-09T16:55:36.0526020Z Collecting jsonschema<5,>=4.18 (from ai-novel-studio==0.7.0)
2026-10-09T16:55:36.0563034Z   Downloading jsonschema-4.26.0-py3-none-any.whl.metadata (7.6 kB)
2026-10-09T16:55:36.1634254Z Collecting pytest<9,>=8 (from ai-novel-studio==0.7.0)
2026-10-09T16:55:36.1668999Z   Downloading pytest-8.4.2-py3-none-any.whl.metadata (7.7 kB)
2026-10-09T16:55:36.2201757Z Collecting starlette>=0.46.0 (from fastapi<1,>=0.115->ai-novel-studio==0.7.0)
2026-10-09T16:55:36.2231186Z   Downloading starlette-1.7.0-py3-none-any.whl.metadata (6.6 kB)
2026-10-09T16:55:36.3199627Z Collecting pydantic>=2.9.0 (from fastapi<1,>=0.115->ai-novel-studio==0.7.0)
2026-10-09T16:55:36.3233937Z   Downloading pydantic-2.13.5-py3-none-any.whl.metadata (110 kB)
2026-10-09T16:55:36.3441977Z Collecting typing-extensions>=4.8.0 (from fastapi<1,>=0.115->ai-novel-studio==0.7.0)
2026-10-09T16:55:36.3472215Z   Downloading typing_extensions-4.16.0-py3-none-any.whl.metadata (3.3 kB)
2026-10-09T16:55:36.3573235Z Collecting typing-inspection>=0.4.2 (from fastapi<1,>=0.115->ai-novel-studio==0.7.0)
2026-10-09T16:55:36.3607924Z   Downloading typing_inspection-0.4.4-py3-none-any.whl.metadata (2.6 kB)
2026-10-09T16:55:36.3700329Z Collecting annotated-doc>=0.0.2 (from fastapi<1,>=0.115->ai-novel-studio==0.7.0)
2026-10-09T16:55:36.3729368Z   Downloading annotated_doc-0.0.5-py3-none-any.whl.metadata (6.5 kB)
2026-10-09T16:55:36.3898945Z Collecting opentelemetry-api>=1.44.0 (from fastapi<1,>=0.115->ai-novel-studio==0.7.0)
2026-10-09T16:55:36.3939239Z   Downloading opentelemetry_api-1.45.0-py3-none-any.whl.metadata (1.4 kB)
2026-10-09T16:55:36.4097570Z Collecting anyio (from httpx<1,>=0.27->ai-novel-studio==0.7.0)
2026-10-09T16:55:36.4133869Z   Downloading anyio-4.15.1-py3-none-any.whl.metadata (4.7 kB)
2026-10-09T16:55:36.4287781Z Collecting certifi (from httpx<1,>=0.27->ai-novel-studio==0.7.0)
2026-10-09T16:55:36.4318055Z   Downloading certifi-2026.7.22-py3-none-any.whl.metadata (2.5 kB)
2026-10-09T16:55:36.4461446Z Collecting httpcore==1.* (from httpx<1,>=0.27->ai-novel-studio==0.7.0)
2026-10-09T16:55:36.4514042Z   Downloading httpcore-1.0.9-py3-none-any.whl.metadata (21 kB)
2026-10-09T16:55:36.4660698Z Collecting idna (from httpx<1,>=0.27->ai-novel-studio==0.7.0)
2026-10-09T16:55:36.4689284Z   Downloading idna-3.20-py3-none-any.whl.metadata (7.2 kB)
2026-10-09T16:55:36.4814600Z Collecting h11>=0.16 (from httpcore==1.*->httpx<1,>=0.27->ai-novel-studio==0.7.0)
2026-10-09T16:55:36.4842816Z   Downloading h11-0.16.0-py3-none-any.whl.metadata (8.3 kB)
2026-10-09T16:55:36.5028216Z Collecting attrs>=22.2.0 (from jsonschema<5,>=4.18->ai-novel-studio==0.7.0)
2026-10-09T16:55:36.5289351Z   Downloading attrs-26.1.0-py3-none-any.whl.metadata (8.8 kB)
2026-10-09T16:55:36.5418432Z Collecting jsonschema-specifications>=2023.03.6 (from jsonschema<5,>=4.18->ai-novel-studio==0.7.0)
2026-10-09T16:55:36.5447382Z   Downloading jsonschema_specifications-2025.9.1-py3-none-any.whl.metadata (2.9 kB)
2026-10-09T16:55:36.5637226Z Collecting referencing>=0.28.4 (from jsonschema<5,>=4.18->ai-novel-studio==0.7.0)
2026-10-09T16:55:36.5673201Z   Downloading referencing-0.37.0-py3-none-any.whl.metadata (2.8 kB)
2026-10-09T16:55:36.8180731Z Collecting rpds-py>=0.25.0 (from jsonschema<5,>=4.18->ai-novel-studio==0.7.0)
2026-10-09T16:55:36.8219786Z   Downloading rpds_py-2026.9.1-cp312-cp312-manylinux_2_17_x86_64.manylinux2014_x86_64.whl.metadata (4.1 kB)
2026-10-09T16:55:36.9709813Z Collecting psycopg-binary==3.3.6 (from psycopg[binary]<4,>=3.2->ai-novel-studio==0.7.0)
2026-10-09T16:55:36.9746133Z   Downloading psycopg_binary-3.3.6-cp312-cp312-manylinux2014_x86_64.manylinux_2_17_x86_64.whl.metadata (2.7 kB)
2026-10-09T16:55:36.9911626Z Collecting python-dotenv>=0.21.0 (from pydantic-settings<3,>=2.6->ai-novel-studio==0.7.0)
2026-10-09T16:55:36.9939531Z   Downloading python_dotenv-1.2.4-py3-none-any.whl.metadata (29 kB)
2026-10-09T16:55:37.0089373Z Collecting iniconfig>=1 (from pytest<9,>=8->ai-novel-studio==0.7.0)
2026-10-09T16:55:37.0130469Z   Downloading iniconfig-2.3.0-py3-none-any.whl.metadata (2.5 kB)
2026-10-09T16:55:37.0273722Z Collecting packaging>=20 (from pytest<9,>=8->ai-novel-studio==0.7.0)
2026-10-09T16:55:37.0305663Z   Downloading packaging-26.3-py3-none-any.whl.metadata (3.5 kB)
2026-10-09T16:55:37.0468043Z Collecting pluggy<2,>=1.5 (from pytest<9,>=8->ai-novel-studio==0.7.0)
2026-10-09T16:55:37.0500395Z   Downloading pluggy-1.6.0-py3-none-any.whl.metadata (4.8 kB)
2026-10-09T16:55:37.0672555Z Collecting pygments>=2.7.2 (from pytest<9,>=8->ai-novel-studio==0.7.0)
2026-10-09T16:55:37.0704186Z   Downloading pygments-2.21.0-py3-none-any.whl.metadata (2.5 kB)
2026-10-09T16:55:37.2337369Z Collecting pillow>=9.0.0 (from reportlab<5,>=4.0->ai-novel-studio==0.7.0)
2026-10-09T16:55:37.2369040Z   Downloading pillow-12.3.0-cp312-cp312-manylinux_2_27_x86_64.manylinux_2_28_x86_64.whl.metadata (9.1 kB)
2026-10-09T16:55:37.3892459Z Collecting charset-normalizer (from reportlab<5,>=4.0->ai-novel-studio==0.7.0)
2026-10-09T16:55:37.3926668Z   Downloading charset_normalizer-3.5.2-cp312-cp312-manylinux2014_x86_64.manylinux_2_17_x86_64.manylinux_2_28_x86_64.whl.metadata (46 kB)
2026-10-09T16:55:37.4125606Z Collecting click>=7.0 (from uvicorn<1,>=0.30->ai-novel-studio==0.7.0)
2026-10-09T16:55:37.4157300Z   Downloading click-8.5.0-py3-none-any.whl.metadata (2.6 kB)
2026-10-09T16:55:37.4327607Z Collecting annotated-types>=0.6.0 (from pydantic>=2.9.0->fastapi<1,>=0.115->ai-novel-studio==0.7.0)
2026-10-09T16:55:37.4358197Z   Downloading annotated_types-0.8.0-py3-none-any.whl.metadata (15 kB)
2026-10-09T16:55:38.1242164Z Collecting pydantic-core==2.46.5 (from pydantic>=2.9.0->fastapi<1,>=0.115->ai-novel-studio==0.7.0)
2026-10-09T16:55:38.1273798Z   Downloading pydantic_core-2.46.5-cp312-cp312-manylinux_2_17_x86_64.manylinux2014_x86_64.whl.metadata (6.6 kB)
2026-10-09T16:55:38.1472224Z Downloading pypdf-6.19.0-py3-none-any.whl (395 kB)
2026-10-09T16:55:38.1552420Z Downloading fastapi-0.142.2-py3-none-any.whl (144 kB)
2026-10-09T16:55:38.1601494Z Downloading httpx-0.28.1-py3-none-any.whl (73 kB)
2026-10-09T16:55:38.1647359Z Downloading httpcore-1.0.9-py3-none-any.whl (78 kB)
2026-10-09T16:55:38.1695397Z Downloading jsonschema-4.26.0-py3-none-any.whl (90 kB)
2026-10-09T16:55:38.1743147Z Downloading psycopg-3.3.6-py3-none-any.whl (215 kB)
2026-10-09T16:55:38.1812130Z Downloading psycopg_binary-3.3.6-cp312-cp312-manylinux2014_x86_64.manylinux_2_17_x86_64.whl (5.2 MB)
2026-10-09T16:55:38.2129851Z    ━━━━━━━━━━━━━━━━━━━━━━━━━━━━━━━━━━━━━━━━ 5.2/5.2 MB 173.3 MB/s  0:00:00
2026-10-09T16:55:38.2161714Z Downloading pydantic_settings-2.15.0-py3-none-any.whl (69 kB)
2026-10-09T16:55:38.2208526Z Downloading pytest-8.4.2-py3-none-any.whl (365 kB)
2026-10-09T16:55:38.2264387Z Downloading pluggy-1.6.0-py3-none-any.whl (20 kB)
2026-10-09T16:55:38.2314749Z Downloading reportlab-4.5.1-py3-none-any.whl (2.0 MB)
2026-10-09T16:55:38.2433983Z    ━━━━━━━━━━━━━━━━━━━━━━━━━━━━━━━━━━━━━━━━ 2.0/2.0 MB 205.2 MB/s  0:00:00
2026-10-09T16:55:38.2473005Z Downloading sqlalchemy-2.1.3-cp312-cp312-manylinux2014_x86_64.manylinux_2_17_x86_64.manylinux_2_28_x86_64.whl (4.7 MB)
2026-10-09T16:55:38.2665396Z    ━━━━━━━━━━━━━━━━━━━━━━━━━━━━━━━━━━━━━━━━ 4.7/4.7 MB 266.7 MB/s  0:00:00
2026-10-09T16:55:38.2696636Z Downloading uvicorn-0.54.0-py3-none-any.whl (87 kB)
2026-10-09T16:55:38.2746294Z Downloading annotated_doc-0.0.5-py3-none-any.whl (5.3 kB)
2026-10-09T16:55:38.2791807Z Downloading attrs-26.1.0-py3-none-any.whl (67 kB)
2026-10-09T16:55:38.2840059Z Downloading click-8.5.0-py3-none-any.whl (125 kB)
2026-10-09T16:55:38.2894197Z Downloading h11-0.16.0-py3-none-any.whl (37 kB)
2026-10-09T16:55:38.2957099Z Downloading iniconfig-2.3.0-py3-none-any.whl (7.5 kB)
2026-10-09T16:55:38.3005308Z Downloading jsonschema_specifications-2025.9.1-py3-none-any.whl (18 kB)
2026-10-09T16:55:38.3052498Z Downloading opentelemetry_api-1.45.0-py3-none-any.whl (60 kB)
2026-10-09T16:55:38.3106339Z Downloading packaging-26.3-py3-none-any.whl (129 kB)
2026-10-09T16:55:38.3163453Z Downloading pillow-12.3.0-cp312-cp312-manylinux_2_27_x86_64.manylinux_2_28_x86_64.whl (6.9 MB)
2026-10-09T16:55:38.3411680Z    ━━━━━━━━━━━━━━━━━━━━━━━━━━━━━━━━━━━━━━━━ 6.9/6.9 MB 308.0 MB/s  0:00:00
2026-10-09T16:55:38.3440502Z Downloading pydantic-2.13.5-py3-none-any.whl (472 kB)
2026-10-09T16:55:38.3500321Z Downloading pydantic_core-2.46.5-cp312-cp312-manylinux_2_17_x86_64.manylinux2014_x86_64.whl (2.1 MB)
2026-10-09T16:55:38.3591117Z    ━━━━━━━━━━━━━━━━━━━━━━━━━━━━━━━━━━━━━━━━ 2.1/2.1 MB 265.3 MB/s  0:00:00
2026-10-09T16:55:38.3620699Z Downloading annotated_types-0.8.0-py3-none-any.whl (13 kB)
2026-10-09T16:55:38.3668147Z Downloading pygments-2.21.0-py3-none-any.whl (1.3 MB)
2026-10-09T16:55:38.3745149Z    ━━━━━━━━━━━━━━━━━━━━━━━━━━━━━━━━━━━━━━━━ 1.3/1.3 MB 178.9 MB/s  0:00:00
2026-10-09T16:55:38.3775452Z Downloading python_dotenv-1.2.4-py3-none-any.whl (23 kB)
2026-10-09T16:55:38.3822296Z Downloading referencing-0.37.0-py3-none-any.whl (26 kB)
2026-10-09T16:55:38.3872125Z Downloading rpds_py-2026.9.1-cp312-cp312-manylinux_2_17_x86_64.manylinux2014_x86_64.whl (371 kB)
2026-10-09T16:55:38.3926799Z Downloading starlette-1.7.0-py3-none-any.whl (78 kB)
2026-10-09T16:55:38.3973747Z Downloading anyio-4.15.1-py3-none-any.whl (132 kB)
2026-10-09T16:55:38.4020061Z Downloading idna-3.20-py3-none-any.whl (69 kB)
2026-10-09T16:55:38.4067649Z Downloading typing_extensions-4.16.0-py3-none-any.whl (45 kB)
2026-10-09T16:55:38.4116405Z Downloading typing_inspection-0.4.4-py3-none-any.whl (14 kB)
2026-10-09T16:55:38.4159046Z Downloading certifi-2026.7.22-py3-none-any.whl (136 kB)
2026-10-09T16:55:38.4207671Z Downloading charset_normalizer-3.5.2-cp312-cp312-manylinux2014_x86_64.manylinux_2_17_x86_64.manylinux_2_28_x86_64.whl (257 kB)
2026-10-09T16:55:38.5354914Z Building wheels for collected packages: ai-novel-studio
2026-10-09T16:55:38.5364067Z   Building editable for ai-novel-studio (pyproject.toml): started
2026-10-09T16:55:38.8247965Z   Building editable for ai-novel-studio (pyproject.toml): finished with status 'done'
2026-10-09T16:55:38.8255738Z   Created wheel for ai-novel-studio: filename=ai_novel_studio-0.7.0-0.editable-py3-none-any.whl size=3183 sha256=ab47236845dbf6f2732993da6b77316f8494621fe01242b26e3cffb655059528
2026-10-09T16:55:38.8258902Z   Stored in directory: /home/runner/work/_temp/novel-ci-local-interop.zvZAYh/tmp/pip-ephem-wheel-cache-qpoxmd1s/wheels/8d/f0/11/75e7e7e34f3df48908eec87aa4742141836c8306ed7811719b
2026-10-09T16:55:38.8275074Z Successfully built ai-novel-studio
2026-10-09T16:55:38.8987742Z Installing collected packages: typing-extensions, rpds-py, python-dotenv, pypdf, pygments, psycopg-binary, pluggy, pillow, packaging, iniconfig, idna, h11, click, charset-normalizer, certifi, attrs, annotated-types, annotated-doc, uvicorn, typing-inspection, sqlalchemy, reportlab, referencing, pytest, pydantic-core, psycopg, opentelemetry-api, httpcore, anyio, starlette, pydantic, jsonschema-specifications, httpx, pydantic-settings, jsonschema, fastapi, ai-novel-studio
2026-10-09T16:55:44.4115381Z 
2026-10-09T16:55:44.4152470Z Successfully installed ai-novel-studio-0.7.0 annotated-doc-0.0.5 annotated-types-0.8.0 anyio-4.15.1 attrs-26.1.0 certifi-2026.7.22 charset-normalizer-3.5.2 click-8.5.0 fastapi-0.142.2 h11-0.16.0 httpcore-1.0.9 httpx-0.28.1 idna-3.20 iniconfig-2.3.0 jsonschema-4.26.0 jsonschema-specifications-2025.9.1 opentelemetry-api-1.45.0 packaging-26.3 pillow-12.3.0 pluggy-1.6.0 psycopg-3.3.6 psycopg-binary-3.3.6 pydantic-2.13.5 pydantic-core-2.46.5 pydantic-settings-2.15.0 pygments-2.21.0 pypdf-6.19.0 pytest-8.4.2 python-dotenv-1.2.4 referencing-0.37.0 reportlab-4.5.1 rpds-py-2026.9.1 sqlalchemy-2.1.3 starlette-1.7.0 typing-extensions-4.16.0 typing-inspection-0.4.4 uvicorn-0.54.0
2026-10-09T16:55:44.5967389Z ##[group]Run python - <<'PYCODE'
2026-10-09T16:55:44.5967761Z [36;1mpython - <<'PYCODE'[0m
2026-10-09T16:55:44.5968034Z [36;1mfrom pathlib import Path[0m
2026-10-09T16:55:44.5968316Z [36;1mimport psycopg[0m
2026-10-09T16:55:44.5969040Z [36;1mwith psycopg.connect('***127.0.0.1:5432/interop_ci', autocommit=True) as connection:[0m
2026-10-09T16:55:44.5969649Z [36;1m    for migration in sorted(Path('database/migrations').glob('*.sql')):[0m
2026-10-09T16:55:44.5970157Z [36;1m        connection.execute(migration.read_text(encoding='utf-8'))[0m
2026-10-09T16:55:44.5970532Z [36;1mPYCODE[0m
2026-10-09T16:55:44.6035900Z shell: /usr/bin/bash -e {0}
2026-10-09T16:55:44.6036183Z env:
2026-10-09T16:55:44.6036401Z   MOCK_PROVIDER: true
2026-10-09T16:55:44.6036673Z   ENABLE_CLOUD: false
2026-10-09T16:55:44.6036926Z   CREDENTIAL_VAULT_BACKEND: memory
2026-10-09T16:55:44.6037256Z   CREDENTIAL_VAULT_ALLOW_MEMORY_FALLBACK: true
2026-10-09T16:55:44.6037590Z   HF_HUB_OFFLINE: 1
2026-10-09T16:55:44.6037868Z   TRANSFORMERS_OFFLINE: 1
2026-10-09T16:55:44.6038210Z   pythonLocation: /opt/hostedtoolcache/Python/3.12.9/x64
2026-10-09T16:55:44.6038703Z   PKG_CONFIG_PATH: /opt/hostedtoolcache/Python/3.12.9/x64/lib/pkgconfig
2026-10-09T16:55:44.6039184Z   Python_ROOT_DIR: /opt/hostedtoolcache/Python/3.12.9/x64
2026-10-09T16:55:44.6039631Z   Python2_ROOT_DIR: /opt/hostedtoolcache/Python/3.12.9/x64
2026-10-09T16:55:44.6040069Z   Python3_ROOT_DIR: /opt/hostedtoolcache/Python/3.12.9/x64
2026-10-09T16:55:44.6040506Z   LD_LIBRARY_PATH: /opt/hostedtoolcache/Python/3.12.9/x64/lib
2026-10-09T16:55:44.6040945Z   CI_COVERAGE_SHA: c386b0608ae92d18c351b5cb6e367380808a45cf
2026-10-09T16:55:44.6041640Z   CI_COVERAGE_TREE: 2ec6365e1f1f183f029c9f0a94d040d134e22b47
2026-10-09T16:55:44.6042118Z   CI_SANDBOX: /home/runner/work/_temp/novel-ci-local-interop.zvZAYh
2026-10-09T16:55:44.6042661Z   CI_PROJECT: /home/runner/work/_temp/novel-ci-local-interop.zvZAYh/project
2026-10-09T16:55:44.6043258Z   CI_RECEIPTS: /home/runner/work/_temp/novel-ci-local-interop.zvZAYh/receipts
2026-10-09T16:55:44.6043800Z   HOME: /home/runner/work/_temp/novel-ci-local-interop.zvZAYh/home
2026-10-09T16:55:44.6044323Z   USERPROFILE: /home/runner/work/_temp/novel-ci-local-interop.zvZAYh/home
2026-10-09T16:55:44.6044873Z   APPDATA: /home/runner/work/_temp/novel-ci-local-interop.zvZAYh/appdata
2026-10-09T16:55:44.6045461Z   LOCALAPPDATA: /home/runner/work/_temp/novel-ci-local-interop.zvZAYh/localappdata
2026-10-09T16:55:44.6046086Z   XDG_CONFIG_HOME: /home/runner/work/_temp/novel-ci-local-interop.zvZAYh/config
2026-10-09T16:55:44.6046664Z   XDG_CACHE_HOME: /home/runner/work/_temp/novel-ci-local-interop.zvZAYh/cache
2026-10-09T16:55:44.6047221Z   XDG_DATA_HOME: /home/runner/work/_temp/novel-ci-local-interop.zvZAYh/data
2026-10-09T16:55:44.6048000Z   XDG_STATE_HOME: /home/runner/work/_temp/novel-ci-local-interop.zvZAYh/state
2026-10-09T16:55:44.6048530Z   TMPDIR: /home/runner/work/_temp/novel-ci-local-interop.zvZAYh/tmp
2026-10-09T16:55:44.6049001Z   TMP: /home/runner/work/_temp/novel-ci-local-interop.zvZAYh/tmp
2026-10-09T16:55:44.6049432Z   TEMP: /home/runner/work/_temp/novel-ci-local-interop.zvZAYh/tmp
2026-10-09T16:55:44.6049904Z   PROJECT_ROOT: /home/runner/work/_temp/novel-ci-local-interop.zvZAYh/project
2026-10-09T16:55:44.6050460Z   NOVEL_DATA_PATH: /home/runner/work/_temp/novel-ci-local-interop.zvZAYh/data/novels
2026-10-09T16:55:44.6051024Z   BACKUP_PATH: /home/runner/work/_temp/novel-ci-local-interop.zvZAYh/data/backups
2026-10-09T16:55:44.6052092Z   DATABASE_BACKUP_PATH: /home/runner/work/_temp/novel-ci-local-interop.zvZAYh/data/database-backups
2026-10-09T16:55:44.6052753Z   KNOWLEDGE_SOURCE_PATH: /home/runner/work/_temp/novel-ci-local-interop.zvZAYh/data/novels
2026-10-09T16:55:44.6053193Z ##[endgroup]
2026-10-09T16:55:45.3749982Z ##[group]Run set -o pipefail
2026-10-09T16:55:45.3750314Z [36;1mset -o pipefail[0m
2026-10-09T16:55:45.3750893Z [36;1mPYTHONPATH="$CI_PROJECT/.github/ci:$CI_PROJECT" python -m pytest -p postgres_gate -p suite_coverage -q -ra --tb=short \[0m
2026-10-09T16:55:45.3751956Z [36;1m  --ci-coverage-manifest=.github/ci/coverage_manifest_v2.json.gz \[0m
2026-10-09T16:55:45.3752594Z [36;1m  --ci-scope=interop --ci-shard-index=0 --ci-shard-count=1 --ci-coverage-dir="$CI_RECEIPTS" \[0m
2026-10-09T16:55:45.3753379Z [36;1m  tests/test_local_interop*.py --junitxml="$CI_RECEIPTS/local-interop.xml" 2>&1 | tee "$CI_RECEIPTS/local-interop.log"[0m
2026-10-09T16:55:45.3818995Z shell: /usr/bin/bash -e {0}
2026-10-09T16:55:45.3819276Z env:
2026-10-09T16:55:45.3819488Z   MOCK_PROVIDER: true
2026-10-09T16:55:45.3819731Z   ENABLE_CLOUD: false
2026-10-09T16:55:45.3819983Z   CREDENTIAL_VAULT_BACKEND: memory
2026-10-09T16:55:45.3820306Z   CREDENTIAL_VAULT_ALLOW_MEMORY_FALLBACK: true
2026-10-09T16:55:45.3820676Z   HF_HUB_OFFLINE: 1
2026-10-09T16:55:45.3820923Z   TRANSFORMERS_OFFLINE: 1
2026-10-09T16:55:45.3821248Z   pythonLocation: /opt/hostedtoolcache/Python/3.12.9/x64
2026-10-09T16:55:45.3822119Z   PKG_CONFIG_PATH: /opt/hostedtoolcache/Python/3.12.9/x64/lib/pkgconfig
2026-10-09T16:55:45.3822605Z   Python_ROOT_DIR: /opt/hostedtoolcache/Python/3.12.9/x64
2026-10-09T16:55:45.3823041Z   Python2_ROOT_DIR: /opt/hostedtoolcache/Python/3.12.9/x64
2026-10-09T16:55:45.3823479Z   Python3_ROOT_DIR: /opt/hostedtoolcache/Python/3.12.9/x64
2026-10-09T16:55:45.3823911Z   LD_LIBRARY_PATH: /opt/hostedtoolcache/Python/3.12.9/x64/lib
2026-10-09T16:55:45.3824342Z   CI_COVERAGE_SHA: c386b0608ae92d18c351b5cb6e367380808a45cf
2026-10-09T16:55:45.3824760Z   CI_COVERAGE_TREE: 2ec6365e1f1f183f029c9f0a94d040d134e22b47
2026-10-09T16:55:45.3825241Z   CI_SANDBOX: /home/runner/work/_temp/novel-ci-local-interop.zvZAYh
2026-10-09T16:55:45.3825782Z   CI_PROJECT: /home/runner/work/_temp/novel-ci-local-interop.zvZAYh/project
2026-10-09T16:55:45.3826362Z   CI_RECEIPTS: /home/runner/work/_temp/novel-ci-local-interop.zvZAYh/receipts
2026-10-09T16:55:45.3826922Z   HOME: /home/runner/work/_temp/novel-ci-local-interop.zvZAYh/home
2026-10-09T16:55:45.3827445Z   USERPROFILE: /home/runner/work/_temp/novel-ci-local-interop.zvZAYh/home
2026-10-09T16:55:45.3827998Z   APPDATA: /home/runner/work/_temp/novel-ci-local-interop.zvZAYh/appdata
2026-10-09T16:55:45.3828592Z   LOCALAPPDATA: /home/runner/work/_temp/novel-ci-local-interop.zvZAYh/localappdata
2026-10-09T16:55:45.3829216Z   XDG_CONFIG_HOME: /home/runner/work/_temp/novel-ci-local-interop.zvZAYh/config
2026-10-09T16:55:45.3829794Z   XDG_CACHE_HOME: /home/runner/work/_temp/novel-ci-local-interop.zvZAYh/cache
2026-10-09T16:55:45.3830350Z   XDG_DATA_HOME: /home/runner/work/_temp/novel-ci-local-interop.zvZAYh/data
2026-10-09T16:55:45.3830909Z   XDG_STATE_HOME: /home/runner/work/_temp/novel-ci-local-interop.zvZAYh/state
2026-10-09T16:55:45.3831695Z   TMPDIR: /home/runner/work/_temp/novel-ci-local-interop.zvZAYh/tmp
2026-10-09T16:55:45.3832392Z   TMP: /home/runner/work/_temp/novel-ci-local-interop.zvZAYh/tmp
2026-10-09T16:55:45.3832863Z   TEMP: /home/runner/work/_temp/novel-ci-local-interop.zvZAYh/tmp
2026-10-09T16:55:45.3833338Z   PROJECT_ROOT: /home/runner/work/_temp/novel-ci-local-interop.zvZAYh/project
2026-10-09T16:55:45.3833893Z   NOVEL_DATA_PATH: /home/runner/work/_temp/novel-ci-local-interop.zvZAYh/data/novels
2026-10-09T16:55:45.3834448Z   BACKUP_PATH: /home/runner/work/_temp/novel-ci-local-interop.zvZAYh/data/backups
2026-10-09T16:55:45.3835056Z   DATABASE_BACKUP_PATH: /home/runner/work/_temp/novel-ci-local-interop.zvZAYh/data/database-backups
2026-10-09T16:55:45.3835727Z   KNOWLEDGE_SOURCE_PATH: /home/runner/work/_temp/novel-ci-local-interop.zvZAYh/data/novels
2026-10-09T16:55:45.3836187Z   STORAGE_BACKEND: postgres
2026-10-09T16:55:45.3836772Z   DATABASE_URL: ***127.0.0.1:5432/interop_ci
2026-10-09T16:55:45.3837280Z   TEST_POSTGRES_DATABASE_URL: ***127.0.0.1:5432/interop_ci
2026-10-09T16:55:45.3837797Z ##[endgroup]
2026-10-09T16:55:53.6667009Z ........................................................................ [ 17%]
2026-10-09T16:55:53.8148691Z ........................................................................ [ 34%]
2026-10-09T16:57:01.7360254Z ........................................s.......ss..s................... [ 52%]
2026-10-09T17:00:24.7122944Z ...........................................s.sssssssss.........s..s.s.s. [ 69%]
2026-10-09T17:07:00.0808623Z s.s.sss....s.s.s.s.sss...ssssss......s.s.s.s.........s.s..s.ssss....s.s. [ 87%]
2026-10-09T17:08:49.0751775Z s.s.s.ssss....s.s.s.ssssss......s.s.s................                    [100%]
2026-10-09T17:08:49.0753184Z - generated xml file: /home/runner/work/_temp/novel-ci-local-interop.zvZAYh/receipts/local-interop.xml -
2026-10-09T17:08:49.0754432Z =========================== short test summary info ============================
2026-10-09T17:08:49.0756065Z SKIPPED [1] tests/test_local_interop_cross_process_host.py: File-backend implementation contract; covered by the default/File full suite
2026-10-09T17:08:49.0757879Z SKIPPED [2] tests/test_local_interop_desktop_api_projection_races.py:15: File-backend implementation contract; covered by the default/File full suite
2026-10-09T17:08:49.0759876Z SKIPPED [1] tests/test_local_interop_desktop_api_projection_races.py: File-backend implementation contract; covered by the default/File full suite
2026-10-09T17:08:49.0761789Z SKIPPED [10] tests/test_local_interop_desktop_runtime.py: File-backend implementation contract; covered by the default/File full suite
2026-10-09T17:08:49.0763360Z SKIPPED [9] tests/test_local_interop_desktop_runtime.py:60: File-backend implementation contract; covered by the default/File full suite
2026-10-09T17:08:49.0764872Z SKIPPED [3] tests/test_local_interop_desktop_runtime.py:261: File-backend implementation contract; covered by the default/File full suite
2026-10-09T17:08:49.0766335Z SKIPPED [19] tests/test_local_interop_host.py: File-backend implementation contract; covered by the default/File full suite
2026-10-09T17:08:49.0767731Z SKIPPED [3] tests/test_local_interop_host.py:173: File-backend implementation contract; covered by the default/File full suite
2026-10-09T17:08:49.0769075Z SKIPPED [6] tests/test_local_interop_host.py:203: File-backend implementation contract; covered by the default/File full suite
2026-10-09T17:08:49.0770390Z SKIPPED [4] tests/test_local_interop_host.py:395: File-backend implementation contract; covered by the default/File full suite
2026-10-09T17:08:49.0771933Z SKIPPED [4] tests/test_local_interop_host.py:528: File-backend implementation contract; covered by the default/File full suite
2026-10-09T17:08:49.0773288Z SKIPPED [6] tests/test_local_interop_host.py:611: File-backend implementation contract; covered by the default/File full suite
2026-10-09T17:08:49.0774188Z 345 passed, 68 skipped in 782.00s (0:13:01)
2026-10-09T17:08:50.1253533Z ##[group]Run python .github/ci/coverage_reconcile.py \
2026-10-09T17:08:50.1253983Z [36;1mpython .github/ci/coverage_reconcile.py \[0m
2026-10-09T17:08:50.1254653Z [36;1m  --manifest .github/ci/coverage_manifest_v2.json.gz --scope interop \[0m
2026-10-09T17:08:50.1255189Z [36;1m  --receipts-dir "$CI_RECEIPTS" --expected-shards postgres=1 \[0m
2026-10-09T17:08:50.1255706Z [36;1m  --expected-sha "$CI_COVERAGE_SHA" --expected-tree "$CI_COVERAGE_TREE" \[0m
2026-10-09T17:08:50.1256241Z [36;1m  --expected-event-sha "$GITHUB_SHA" --expected-run "$GITHUB_RUN_ID" \[0m
2026-10-09T17:08:50.1256823Z [36;1m  --expected-attempt "$GITHUB_RUN_ATTEMPT" --expected-repository "$GITHUB_REPOSITORY" \[0m
2026-10-09T17:08:50.1257452Z [36;1m  --constraints .github/ci/python-constraints.txt --source-root "$CI_PROJECT" \[0m
2026-10-09T17:08:50.1257941Z [36;1m  --output "$CI_RECEIPTS/interop-coverage.json"[0m
2026-10-09T17:08:50.1321052Z shell: /usr/bin/bash -e {0}
2026-10-09T17:08:50.1321580Z env:
2026-10-09T17:08:50.1321783Z   MOCK_PROVIDER: true
2026-10-09T17:08:50.1322005Z   ENABLE_CLOUD: false
2026-10-09T17:08:50.1322233Z   CREDENTIAL_VAULT_BACKEND: memory
2026-10-09T17:08:50.1322535Z   CREDENTIAL_VAULT_ALLOW_MEMORY_FALLBACK: true
2026-10-09T17:08:50.1322828Z   HF_HUB_OFFLINE: 1
2026-10-09T17:08:50.1323032Z   TRANSFORMERS_OFFLINE: 1
2026-10-09T17:08:50.1323334Z   pythonLocation: /opt/hostedtoolcache/Python/3.12.9/x64
2026-10-09T17:08:50.1323777Z   PKG_CONFIG_PATH: /opt/hostedtoolcache/Python/3.12.9/x64/lib/pkgconfig
2026-10-09T17:08:50.1324208Z   Python_ROOT_DIR: /opt/hostedtoolcache/Python/3.12.9/x64
2026-10-09T17:08:50.1324581Z   Python2_ROOT_DIR: /opt/hostedtoolcache/Python/3.12.9/x64
2026-10-09T17:08:50.1324956Z   Python3_ROOT_DIR: /opt/hostedtoolcache/Python/3.12.9/x64
2026-10-09T17:08:50.1325330Z   LD_LIBRARY_PATH: /opt/hostedtoolcache/Python/3.12.9/x64/lib
2026-10-09T17:08:50.1325710Z   CI_COVERAGE_SHA: c386b0608ae92d18c351b5cb6e367380808a45cf
2026-10-09T17:08:50.1326082Z   CI_COVERAGE_TREE: 2ec6365e1f1f183f029c9f0a94d040d134e22b47
2026-10-09T17:08:50.1326494Z   CI_SANDBOX: /home/runner/work/_temp/novel-ci-local-interop.zvZAYh
2026-10-09T17:08:50.1326971Z   CI_PROJECT: /home/runner/work/_temp/novel-ci-local-interop.zvZAYh/project
2026-10-09T17:08:50.1327482Z   CI_RECEIPTS: /home/runner/work/_temp/novel-ci-local-interop.zvZAYh/receipts
2026-10-09T17:08:50.1327955Z   HOME: /home/runner/work/_temp/novel-ci-local-interop.zvZAYh/home
2026-10-09T17:08:50.1328410Z   USERPROFILE: /home/runner/work/_temp/novel-ci-local-interop.zvZAYh/home
2026-10-09T17:08:50.1328887Z   APPDATA: /home/runner/work/_temp/novel-ci-local-interop.zvZAYh/appdata
2026-10-09T17:08:50.1329407Z   LOCALAPPDATA: /home/runner/work/_temp/novel-ci-local-interop.zvZAYh/localappdata
2026-10-09T17:08:50.1329974Z   XDG_CONFIG_HOME: /home/runner/work/_temp/novel-ci-local-interop.zvZAYh/config
2026-10-09T17:08:50.1330491Z   XDG_CACHE_HOME: /home/runner/work/_temp/novel-ci-local-interop.zvZAYh/cache
2026-10-09T17:08:50.1330993Z   XDG_DATA_HOME: /home/runner/work/_temp/novel-ci-local-interop.zvZAYh/data
2026-10-09T17:08:50.1331665Z   XDG_STATE_HOME: /home/runner/work/_temp/novel-ci-local-interop.zvZAYh/state
2026-10-09T17:08:50.1332142Z   TMPDIR: /home/runner/work/_temp/novel-ci-local-interop.zvZAYh/tmp
2026-10-09T17:08:50.1332582Z   TMP: /home/runner/work/_temp/novel-ci-local-interop.zvZAYh/tmp
2026-10-09T17:08:50.1333018Z   TEMP: /home/runner/work/_temp/novel-ci-local-interop.zvZAYh/tmp
2026-10-09T17:08:50.1333490Z   PROJECT_ROOT: /home/runner/work/_temp/novel-ci-local-interop.zvZAYh/project
2026-10-09T17:08:50.1334030Z   NOVEL_DATA_PATH: /home/runner/work/_temp/novel-ci-local-interop.zvZAYh/data/novels
2026-10-09T17:08:50.1334610Z   BACKUP_PATH: /home/runner/work/_temp/novel-ci-local-interop.zvZAYh/data/backups
2026-10-09T17:08:50.1335211Z   DATABASE_BACKUP_PATH: /home/runner/work/_temp/novel-ci-local-interop.zvZAYh/data/database-backups
2026-10-09T17:08:50.1336180Z   KNOWLEDGE_SOURCE_PATH: /home/runner/work/_temp/novel-ci-local-interop.zvZAYh/data/novels
2026-10-09T17:08:50.1336645Z ##[endgroup]
2026-10-09T17:08:50.5841296Z {
2026-10-09T17:08:50.5841987Z   "schema_version": 1,
2026-10-09T17:08:50.5843094Z   "scope": "interop",
2026-10-09T17:08:50.5843492Z   "status": "complete",
2026-10-09T17:08:50.5843866Z   "identity": {
2026-10-09T17:08:50.5844388Z     "checked_out_sha": "c386b0608ae92d18c351b5cb6e367380808a45cf",
2026-10-09T17:08:50.5845158Z     "source_tree": "2ec6365e1f1f183f029c9f0a94d040d134e22b47",
2026-10-09T17:08:50.5845653Z     "event_sha": "c386b0608ae92d18c351b5cb6e367380808a45cf",
2026-10-09T17:08:50.5846061Z     "run_id": "37962531267",
2026-10-09T17:08:50.5846361Z     "run_attempt": "1",
2026-10-09T17:08:50.5846695Z     "repository": "1785235376-blip/AI-Novel-Studio",
2026-10-09T17:08:50.5847098Z     "python_version": "3.12.9",
2026-10-09T17:08:50.5847413Z     "platform": "linux",
2026-10-09T17:08:50.5847960Z     "source_manifest_sha256": "904bb2488f729857af98ef7abccacf90f664aea53eb49a48f8262f764141b522",
2026-10-09T17:08:50.5848819Z     "dependency_digest": "fb6f9ade2d88f097b3d1c77f38c07276d773fb4b377ae412194f10805e92b97e"
2026-10-09T17:08:50.5849401Z   },
2026-10-09T17:08:50.5849667Z   "unique_collected_per_profile": 413,
2026-10-09T17:08:50.5850026Z   "profiles": {
2026-10-09T17:08:50.5850276Z     "postgres": {
2026-10-09T17:08:50.5850533Z       "collected": 413,
2026-10-09T17:08:50.5850809Z       "passed": 345,
2026-10-09T17:08:50.5851080Z       "skipped": 68,
2026-10-09T17:08:50.5851642Z       "shards": 1
2026-10-09T17:08:50.5851967Z     }
2026-10-09T17:08:50.5852181Z   },
2026-10-09T17:08:50.5852410Z   "external_gates": {},
2026-10-09T17:08:50.5852964Z   "evidence": "complete collected backend coverage; not monolithic PostgreSQL interaction equivalence"
2026-10-09T17:08:50.5853548Z }
2026-10-09T17:08:50.5973468Z ##[group]Run python scripts/check_desktop_integration.py
2026-10-09T17:08:50.5973945Z [36;1mpython scripts/check_desktop_integration.py[0m
2026-10-09T17:08:50.5974585Z [36;1mpython -m local_interop_desktop.acceptance --mock-only --output "$CI_RECEIPTS/desktop-acceptance.json"[0m
2026-10-09T17:08:50.6039128Z shell: /usr/bin/bash -e {0}
2026-10-09T17:08:50.6039448Z env:
2026-10-09T17:08:50.6039673Z   MOCK_PROVIDER: true
2026-10-09T17:08:50.6039932Z   ENABLE_CLOUD: false
2026-10-09T17:08:50.6040203Z   CREDENTIAL_VAULT_BACKEND: memory
2026-10-09T17:08:50.6040555Z   CREDENTIAL_VAULT_ALLOW_MEMORY_FALLBACK: true
2026-10-09T17:08:50.6040925Z   HF_HUB_OFFLINE: 1
2026-10-09T17:08:50.6041202Z   TRANSFORMERS_OFFLINE: 1
2026-10-09T17:08:50.6041905Z   pythonLocation: /opt/hostedtoolcache/Python/3.12.9/x64
2026-10-09T17:08:50.6042526Z   PKG_CONFIG_PATH: /opt/hostedtoolcache/Python/3.12.9/x64/lib/pkgconfig
2026-10-09T17:08:50.6043091Z   Python_ROOT_DIR: /opt/hostedtoolcache/Python/3.12.9/x64
2026-10-09T17:08:50.6043648Z   Python2_ROOT_DIR: /opt/hostedtoolcache/Python/3.12.9/x64
2026-10-09T17:08:50.6044143Z   Python3_ROOT_DIR: /opt/hostedtoolcache/Python/3.12.9/x64
2026-10-09T17:08:50.6044651Z   LD_LIBRARY_PATH: /opt/hostedtoolcache/Python/3.12.9/x64/lib
2026-10-09T17:08:50.6045156Z   CI_COVERAGE_SHA: c386b0608ae92d18c351b5cb6e367380808a45cf
2026-10-09T17:08:50.6045649Z   CI_COVERAGE_TREE: 2ec6365e1f1f183f029c9f0a94d040d134e22b47
2026-10-09T17:08:50.6046214Z   CI_SANDBOX: /home/runner/work/_temp/novel-ci-local-interop.zvZAYh
2026-10-09T17:08:50.6046847Z   CI_PROJECT: /home/runner/work/_temp/novel-ci-local-interop.zvZAYh/project
2026-10-09T17:08:50.6047522Z   CI_RECEIPTS: /home/runner/work/_temp/novel-ci-local-interop.zvZAYh/receipts
2026-10-09T17:08:50.6048146Z   HOME: /home/runner/work/_temp/novel-ci-local-interop.zvZAYh/home
2026-10-09T17:08:50.6048755Z   USERPROFILE: /home/runner/work/_temp/novel-ci-local-interop.zvZAYh/home
2026-10-09T17:08:50.6049400Z   APPDATA: /home/runner/work/_temp/novel-ci-local-interop.zvZAYh/appdata
2026-10-09T17:08:50.6050089Z   LOCALAPPDATA: /home/runner/work/_temp/novel-ci-local-interop.zvZAYh/localappdata
2026-10-09T17:08:50.6050808Z   XDG_CONFIG_HOME: /home/runner/work/_temp/novel-ci-local-interop.zvZAYh/config
2026-10-09T17:08:50.6051679Z   XDG_CACHE_HOME: /home/runner/work/_temp/novel-ci-local-interop.zvZAYh/cache
2026-10-09T17:08:50.6052213Z   XDG_DATA_HOME: /home/runner/work/_temp/novel-ci-local-interop.zvZAYh/data
2026-10-09T17:08:50.6052994Z   XDG_STATE_HOME: /home/runner/work/_temp/novel-ci-local-interop.zvZAYh/state
2026-10-09T17:08:50.6053483Z   TMPDIR: /home/runner/work/_temp/novel-ci-local-interop.zvZAYh/tmp
2026-10-09T17:08:50.6053918Z   TMP: /home/runner/work/_temp/novel-ci-local-interop.zvZAYh/tmp
2026-10-09T17:08:50.6054340Z   TEMP: /home/runner/work/_temp/novel-ci-local-interop.zvZAYh/tmp
2026-10-09T17:08:50.6054804Z   PROJECT_ROOT: /home/runner/work/_temp/novel-ci-local-interop.zvZAYh/project
2026-10-09T17:08:50.6055384Z   NOVEL_DATA_PATH: /home/runner/work/_temp/novel-ci-local-interop.zvZAYh/data/novels
2026-10-09T17:08:50.6055956Z   BACKUP_PATH: /home/runner/work/_temp/novel-ci-local-interop.zvZAYh/data/backups
2026-10-09T17:08:50.6056564Z   DATABASE_BACKUP_PATH: /home/runner/work/_temp/novel-ci-local-interop.zvZAYh/data/database-backups
2026-10-09T17:08:50.6057365Z   KNOWLEDGE_SOURCE_PATH: /home/runner/work/_temp/novel-ci-local-interop.zvZAYh/data/novels
2026-10-09T17:08:50.6057840Z ##[endgroup]
2026-10-09T17:08:50.6509007Z {
2026-10-09T17:08:50.6509515Z   "acceptance_scenarios": 24,
2026-10-09T17:08:50.6509975Z   "frozen_protocol_files": 37,
2026-10-09T17:08:50.6510665Z   "manifest_sha256": "77c1f82f0aec0ef385d95cacf6fe04530b83fb62d2403bc7341cbe6bf19c858c",
2026-10-09T17:08:50.6511709Z   "protocol": "PoemSeed Local Interop 1.0",
2026-10-09T17:08:50.6512218Z   "real_desktop_acceptance": "LOCAL_REQUIRED",
2026-10-09T17:08:50.6512659Z   "requirements": 69,
2026-10-09T17:08:50.6513045Z   "shared_desktop_preparation_files": 26
2026-10-09T17:08:50.6513903Z }
2026-10-09T17:08:51.2954764Z {
2026-10-09T17:08:51.2955469Z   "native_acceptance": "LOCAL_REQUIRED",
2026-10-09T17:08:51.2956336Z   "protocol": "PoemSeed Local Interop 1.0",
2026-10-09T17:08:51.2956842Z   "results": [
2026-10-09T17:08:51.2957170Z     {
2026-10-09T17:08:51.2957482Z       "checks": [
2026-10-09T17:08:51.2957847Z         "absent_installation",
2026-10-09T17:08:51.2958269Z         "no_auto_launch"
2026-10-09T17:08:51.2958665Z       ],
2026-10-09T17:08:51.2958989Z       "elapsed_ms": 0.737,
2026-10-09T17:08:51.2959389Z       "error_code": null,
2026-10-09T17:08:51.2959769Z       "id": "A01",
2026-10-09T17:08:51.2960127Z       "name": "Install state",
2026-10-09T17:08:51.2960564Z       "native_status": "LOCAL_REQUIRED",
2026-10-09T17:08:51.2961054Z       "outcome": "PASS",
2026-10-09T17:08:51.2961887Z       "scope": "MOCK_ONLY"
2026-10-09T17:08:51.2962278Z     },
2026-10-09T17:08:51.2962573Z     {
2026-10-09T17:08:51.2962870Z       "checks": [
2026-10-09T17:08:51.2963249Z         "registered_discovery",
2026-10-09T17:08:51.2963687Z         "bounded_deduplication",
2026-10-09T17:08:51.2964122Z         "no_process_scan"
2026-10-09T17:08:51.2964437Z       ],
2026-10-09T17:08:51.2964688Z       "elapsed_ms": 0.599,
2026-10-09T17:08:51.2964999Z       "error_code": null,
2026-10-09T17:08:51.2965298Z       "id": "A02",
2026-10-09T17:08:51.2965588Z       "name": "Peer discovery",
2026-10-09T17:08:51.2965954Z       "native_status": "LOCAL_REQUIRED",
2026-10-09T17:08:51.2966348Z       "outcome": "PASS",
2026-10-09T17:08:51.2966663Z       "scope": "MOCK_ONLY"
2026-10-09T17:08:51.2966964Z     },
2026-10-09T17:08:51.2967199Z     {
2026-10-09T17:08:51.2967437Z       "checks": [
2026-10-09T17:08:51.2967802Z         "synthetic_os_facts_only",
2026-10-09T17:08:51.2968170Z         "explicit_approval",
2026-10-09T17:08:51.2968496Z         "trust_downgrade",
2026-10-09T17:08:51.2968806Z         "revocation"
2026-10-09T17:08:51.2969082Z       ],
2026-10-09T17:08:51.2969341Z       "elapsed_ms": 0.645,
2026-10-09T17:08:51.2969659Z       "error_code": null,
2026-10-09T17:08:51.2969955Z       "id": "A03",
2026-10-09T17:08:51.2970231Z       "name": "Trust",
2026-10-09T17:08:51.2970545Z       "native_status": "LOCAL_REQUIRED",
2026-10-09T17:08:51.2970920Z       "outcome": "PASS",
2026-10-09T17:08:51.2971227Z       "scope": "MOCK_ONLY"
2026-10-09T17:08:51.2971657Z     },
2026-10-09T17:08:51.2971890Z     {
2026-10-09T17:08:51.2972440Z       "checks": [
2026-10-09T17:08:51.2972732Z         "five_distinct_stages",
2026-10-09T17:08:51.2973109Z         "deterministic_observable_history"
2026-10-09T17:08:51.2973487Z       ],
2026-10-09T17:08:51.2973744Z       "elapsed_ms": 10.594,
2026-10-09T17:08:51.2974072Z       "error_code": null,
2026-10-09T17:08:51.2974378Z       "id": "A04",
2026-10-09T17:08:51.2974657Z       "name": "Handshake",
2026-10-09T17:08:51.2974953Z       "native_status": "LOCAL_REQUIRED",
2026-10-09T17:08:51.2975222Z       "outcome": "PASS",
2026-10-09T17:08:51.2975439Z       "scope": "MOCK_ONLY"
2026-10-09T17:08:51.2975652Z     },
2026-10-09T17:08:51.2975814Z     {
2026-10-09T17:08:51.2975986Z       "checks": [
2026-10-09T17:08:51.2976194Z         "negotiated_support",
2026-10-09T17:08:51.2976444Z         "content_permission_not_implied"
2026-10-09T17:08:51.2976697Z       ],
2026-10-09T17:08:51.2976876Z       "elapsed_ms": 11.202,
2026-10-09T17:08:51.2977100Z       "error_code": null,
2026-10-09T17:08:51.2977314Z       "id": "A05",
2026-10-09T17:08:51.2977526Z       "name": "Capability negotiation",
2026-10-09T17:08:51.2977797Z       "native_status": "LOCAL_REQUIRED",
2026-10-09T17:08:51.2978057Z       "outcome": "PASS",
2026-10-09T17:08:51.2978274Z       "scope": "MOCK_ONLY"
2026-10-09T17:08:51.2978488Z     },
2026-10-09T17:08:51.2978655Z     {
2026-10-09T17:08:51.2978821Z       "checks": [
2026-10-09T17:08:51.2979016Z         "metadata_only",
2026-10-09T17:08:51.2979251Z         "no_manuscript_selection_prompt"
2026-10-09T17:08:51.2979505Z       ],
2026-10-09T17:08:51.2979679Z       "elapsed_ms": 1.041,
2026-10-09T17:08:51.2980058Z       "error_code": null,
2026-10-09T17:08:51.2980277Z       "id": "A06",
2026-10-09T17:08:51.2980479Z       "name": "Metadata context",
2026-10-09T17:08:51.2980731Z       "native_status": "LOCAL_REQUIRED",
2026-10-09T17:08:51.2981002Z       "outcome": "PASS",
2026-10-09T17:08:51.2981227Z       "scope": "MOCK_ONLY"
2026-10-09T17:08:51.2981593Z     },
2026-10-09T17:08:51.2981756Z     {
2026-10-09T17:08:51.2981926Z       "checks": [
2026-10-09T17:08:51.2982124Z         "explicit_consent",
2026-10-09T17:08:51.2982352Z         "exact_content_scope",
2026-10-09T17:08:51.2982600Z         "chapter_version_fence"
2026-10-09T17:08:51.2982826Z       ],
2026-10-09T17:08:51.2983001Z       "elapsed_ms": 1.223,
2026-10-09T17:08:51.2983218Z       "error_code": null,
2026-10-09T17:08:51.2983427Z       "id": "A07",
2026-10-09T17:08:51.2983657Z       "name": "Selection context",
2026-10-09T17:08:51.2983914Z       "native_status": "LOCAL_REQUIRED",
2026-10-09T17:08:51.2984175Z       "outcome": "PASS",
2026-10-09T17:08:51.2984400Z       "scope": "MOCK_ONLY"
2026-10-09T17:08:51.2984611Z     },
2026-10-09T17:08:51.2984783Z     {
2026-10-09T17:08:51.2984951Z       "checks": [
2026-10-09T17:08:51.2985150Z         "explicit_consent",
2026-10-09T17:08:51.2985379Z         "exact_content_scope",
2026-10-09T17:08:51.2985615Z         "chapter_version_fence"
2026-10-09T17:08:51.2985835Z       ],
2026-10-09T17:08:51.2986021Z       "elapsed_ms": 1.062,
2026-10-09T17:08:51.2986238Z       "error_code": null,
2026-10-09T17:08:51.2986444Z       "id": "A08",
2026-10-09T17:08:51.2986642Z       "name": "Chapter context",
2026-10-09T17:08:51.2986890Z       "native_status": "LOCAL_REQUIRED",
2026-10-09T17:08:51.2987144Z       "outcome": "PASS",
2026-10-09T17:08:51.2987355Z       "scope": "MOCK_ONLY"
2026-10-09T17:08:51.2987555Z     },
2026-10-09T17:08:51.2987713Z     {
2026-10-09T17:08:51.2987878Z       "checks": [
2026-10-09T17:08:51.2988076Z         "non_content_diagnostic",
2026-10-09T17:08:51.2988330Z         "allowlisted_audit",
2026-10-09T17:08:51.2988566Z         "bounded_audit"
2026-10-09T17:08:51.2988765Z       ],
2026-10-09T17:08:51.2988940Z       "elapsed_ms": 1.616,
2026-10-09T17:08:51.2989155Z       "error_code": null,
2026-10-09T17:08:51.2989362Z       "id": "A09",
2026-10-09T17:08:51.2989553Z       "name": "Diagnostic",
2026-10-09T17:08:51.2989782Z       "native_status": "LOCAL_REQUIRED",
2026-10-09T17:08:51.2990038Z       "outcome": "PASS",
2026-10-09T17:08:51.2990465Z       "scope": "MOCK_ONLY"
2026-10-09T17:08:51.2990664Z     },
2026-10-09T17:08:51.2990828Z     {
2026-10-09T17:08:51.2990988Z       "checks": [
2026-10-09T17:08:51.2991206Z         "coalescing",
2026-10-09T17:08:51.2991557Z         "live_delivery_permission",
2026-10-09T17:08:51.2991811Z         "isolated_revocation",
2026-10-09T17:08:51.2992048Z         "pause_resume",
2026-10-09T17:08:51.2992265Z         "disconnect_no_grant"
2026-10-09T17:08:51.2992483Z       ],
2026-10-09T17:08:51.2992662Z       "elapsed_ms": 102.037,
2026-10-09T17:08:51.2992895Z       "error_code": null,
2026-10-09T17:08:51.2993104Z       "id": "A10",
2026-10-09T17:08:51.2993296Z       "name": "Event",
2026-10-09T17:08:51.2993515Z       "native_status": "LOCAL_REQUIRED",
2026-10-09T17:08:51.2993780Z       "outcome": "PASS",
2026-10-09T17:08:51.2993998Z       "scope": "MOCK_ONLY"
2026-10-09T17:08:51.2994205Z     },
2026-10-09T17:08:51.2994372Z     {
2026-10-09T17:08:51.2994537Z       "checks": [
2026-10-09T17:08:51.2994741Z         "session_revoked",
2026-10-09T17:08:51.2994964Z         "later_delivery_rejected"
2026-10-09T17:08:51.2995192Z       ],
2026-10-09T17:08:51.2995369Z       "elapsed_ms": 11.472,
2026-10-09T17:08:51.2995588Z       "error_code": null,
2026-10-09T17:08:51.2995796Z       "id": "A11",
2026-10-09T17:08:51.2995994Z       "name": "Session revoke",
2026-10-09T17:08:51.2996238Z       "native_status": "LOCAL_REQUIRED",
2026-10-09T17:08:51.2996492Z       "outcome": "PASS",
2026-10-09T17:08:51.2996711Z       "scope": "MOCK_ONLY"
2026-10-09T17:08:51.2996912Z     },
2026-10-09T17:08:51.2997198Z     {
2026-10-09T17:08:51.2997373Z       "checks": [
2026-10-09T17:08:51.2997571Z         "coalescing",
2026-10-09T17:08:51.2997783Z         "live_delivery_permission",
2026-10-09T17:08:51.2998086Z         "isolated_revocation",
2026-10-09T17:08:51.2998314Z         "pause_resume",
2026-10-09T17:08:51.2998527Z         "disconnect_no_grant"
2026-10-09T17:08:51.2998737Z       ],
2026-10-09T17:08:51.2998915Z       "elapsed_ms": 101.287,
2026-10-09T17:08:51.2999136Z       "error_code": null,
2026-10-09T17:08:51.2999347Z       "id": "A12",
2026-10-09T17:08:51.2999546Z       "name": "Permission revoke",
2026-10-09T17:08:51.2999798Z       "native_status": "LOCAL_REQUIRED",
2026-10-09T17:08:51.3000050Z       "outcome": "PASS",
2026-10-09T17:08:51.3000260Z       "scope": "MOCK_ONLY"
2026-10-09T17:08:51.3000462Z     },
2026-10-09T17:08:51.3000621Z     {
2026-10-09T17:08:51.3000786Z       "checks": [
2026-10-09T17:08:51.3000988Z         "v1_request_response_loop",
2026-10-09T17:08:51.3001241Z         "advice_no_mutation"
2026-10-09T17:08:51.3001764Z       ],
2026-10-09T17:08:51.3001948Z       "elapsed_ms": 15.806,
2026-10-09T17:08:51.3002167Z       "error_code": null,
2026-10-09T17:08:51.3002373Z       "id": "A13",
2026-10-09T17:08:51.3002567Z       "name": "Tutor guidance",
2026-10-09T17:08:51.3002811Z       "native_status": "LOCAL_REQUIRED",
2026-10-09T17:08:51.3003067Z       "outcome": "PASS",
2026-10-09T17:08:51.3003284Z       "scope": "MOCK_ONLY"
2026-10-09T17:08:51.3003489Z     },
2026-10-09T17:08:51.3003648Z     {
2026-10-09T17:08:51.3003812Z       "checks": [
2026-10-09T17:08:51.3004009Z         "fresh_owner_callback",
2026-10-09T17:08:51.3004261Z         "wire_evidence_never_promoted"
2026-10-09T17:08:51.3004506Z       ],
2026-10-09T17:08:51.3004681Z       "elapsed_ms": 20.054,
2026-10-09T17:08:51.3004901Z       "error_code": null,
2026-10-09T17:08:51.3005109Z       "id": "A14",
2026-10-09T17:08:51.3005300Z       "name": "Verifier",
2026-10-09T17:08:51.3005529Z       "native_status": "LOCAL_REQUIRED",
2026-10-09T17:08:51.3005794Z       "outcome": "PASS",
2026-10-09T17:08:51.3006012Z       "scope": "MOCK_ONLY"
2026-10-09T17:08:51.3006216Z     },
2026-10-09T17:08:51.3006381Z     {
2026-10-09T17:08:51.3006553Z       "checks": [
2026-10-09T17:08:51.3006756Z         "advice_does_not_navigate",
2026-10-09T17:08:51.3007003Z         "local_user_click",
2026-10-09T17:08:51.3007226Z         "single_use_presence"
2026-10-09T17:08:51.3007600Z       ],
2026-10-09T17:08:51.3007773Z       "elapsed_ms": 0.727,
2026-10-09T17:08:51.3007987Z       "error_code": null,
2026-10-09T17:08:51.3008192Z       "id": "A15",
2026-10-09T17:08:51.3008384Z       "name": "Deep Link",
2026-10-09T17:08:51.3008607Z       "native_status": "LOCAL_REQUIRED",
2026-10-09T17:08:51.3008868Z       "outcome": "PASS",
2026-10-09T17:08:51.3009086Z       "scope": "MOCK_ONLY"
2026-10-09T17:08:51.3009289Z     },
2026-10-09T17:08:51.3009449Z     {
2026-10-09T17:08:51.3009612Z       "checks": [
2026-10-09T17:08:51.3009808Z         "owner_projection",
2026-10-09T17:08:51.3010043Z         "read_only_metadata",
2026-10-09T17:08:51.3010267Z         "stale_cache"
2026-10-09T17:08:51.3010460Z       ],
2026-10-09T17:08:51.3010638Z       "elapsed_ms": 0.693,
2026-10-09T17:08:51.3010855Z       "error_code": null,
2026-10-09T17:08:51.3011063Z       "id": "A16",
2026-10-09T17:08:51.3011258Z       "name": "Model Registry",
2026-10-09T17:08:51.3011645Z       "native_status": "LOCAL_REQUIRED",
2026-10-09T17:08:51.3011907Z       "outcome": "PASS",
2026-10-09T17:08:51.3012121Z       "scope": "MOCK_ONLY"
2026-10-09T17:08:51.3012321Z     },
2026-10-09T17:08:51.3012484Z     {
2026-10-09T17:08:51.3012646Z       "checks": [
2026-10-09T17:08:51.3012845Z         "synthetic_peer_crash",
2026-10-09T17:08:51.3013084Z         "no_successful_late_delivery"
2026-10-09T17:08:51.3013325Z       ],
2026-10-09T17:08:51.3013502Z       "elapsed_ms": 10.989,
2026-10-09T17:08:51.3013723Z       "error_code": null,
2026-10-09T17:08:51.3013937Z       "id": "A17",
2026-10-09T17:08:51.3014254Z       "name": "Tutor crash",
2026-10-09T17:08:51.3014503Z       "native_status": "LOCAL_REQUIRED",
2026-10-09T17:08:51.3014758Z       "outcome": "PASS",
2026-10-09T17:08:51.3014966Z       "scope": "MOCK_ONLY"
2026-10-09T17:08:51.3015170Z     },
2026-10-09T17:08:51.3015329Z     {
2026-10-09T17:08:51.3015492Z       "checks": [
2026-10-09T17:08:51.3015689Z         "simulated_host_shutdown",
2026-10-09T17:08:51.3015942Z         "volatile_session_revoked"
2026-10-09T17:08:51.3016168Z       ],
2026-10-09T17:08:51.3016349Z       "elapsed_ms": 11.202,
2026-10-09T17:08:51.3016566Z       "error_code": null,
2026-10-09T17:08:51.3016769Z       "id": "A18",
2026-10-09T17:08:51.3016963Z       "name": "Studio crash",
2026-10-09T17:08:51.3017199Z       "native_status": "LOCAL_REQUIRED",
2026-10-09T17:08:51.3017451Z       "outcome": "PASS",
2026-10-09T17:08:51.3017664Z       "scope": "MOCK_ONLY"
2026-10-09T17:08:51.3017868Z     },
2026-10-09T17:08:51.3018030Z     {
2026-10-09T17:08:51.3018201Z       "checks": [
2026-10-09T17:08:51.3018399Z         "fresh_instance",
2026-10-09T17:08:51.3018647Z         "no_session_or_standing_grant_restoration"
2026-10-09T17:08:51.3018925Z       ],
2026-10-09T17:08:51.3019100Z       "elapsed_ms": 11.925,
2026-10-09T17:08:51.3019330Z       "error_code": null,
2026-10-09T17:08:51.3019540Z       "id": "A19",
2026-10-09T17:08:51.3019733Z       "name": "Restart",
2026-10-09T17:08:51.3019960Z       "native_status": "LOCAL_REQUIRED",
2026-10-09T17:08:51.3020223Z       "outcome": "PASS",
2026-10-09T17:08:51.3020437Z       "scope": "MOCK_ONLY"
2026-10-09T17:08:51.3020639Z     },
2026-10-09T17:08:51.3020807Z     {
2026-10-09T17:08:51.3020981Z       "checks": [
2026-10-09T17:08:51.3021186Z         "product_upgrade_compatible",
2026-10-09T17:08:51.3021599Z         "optional_1_1_advertisement_selects_1_0",
2026-10-09T17:08:51.3021897Z         "unknown_major_rejected"
2026-10-09T17:08:51.3022126Z       ],
2026-10-09T17:08:51.3022307Z       "elapsed_ms": 9.287,
2026-10-09T17:08:51.3022525Z       "error_code": null,
2026-10-09T17:08:51.3022907Z       "id": "A20",
2026-10-09T17:08:51.3023419Z       "name": "Upgrade compatibility",
2026-10-09T17:08:51.3039524Z       "native_status": "LOCAL_REQUIRED",
2026-10-09T17:08:51.3039974Z       "outcome": "PASS",
2026-10-09T17:08:51.3040338Z       "scope": "MOCK_ONLY"
2026-10-09T17:08:51.3040675Z     },
2026-10-09T17:08:51.3040854Z     {
2026-10-09T17:08:51.3041031Z       "checks": [
2026-10-09T17:08:51.3041831Z         "distinct_windows_user_probe_required"
2026-10-09T17:08:51.3042116Z       ],
2026-10-09T17:08:51.3042303Z       "elapsed_ms": 0.0,
2026-10-09T17:08:51.3042532Z       "error_code": null,
2026-10-09T17:08:51.3042747Z       "id": "A21",
2026-10-09T17:08:51.3042963Z       "name": "Different Windows user",
2026-10-09T17:08:51.3043238Z       "native_status": "NOT_RUN",
2026-10-09T17:08:51.3043486Z       "outcome": "NOT_RUN",
2026-10-09T17:08:51.3043715Z       "scope": "NATIVE_REQUIRED"
2026-10-09T17:08:51.3043943Z     },
2026-10-09T17:08:51.3044113Z     {
2026-10-09T17:08:51.3044288Z       "checks": [
2026-10-09T17:08:51.3044506Z         "claimed_known_product_rejected",
2026-10-09T17:08:51.3044785Z         "no_installation_no_trust"
2026-10-09T17:08:51.3045024Z       ],
2026-10-09T17:08:51.3045209Z       "elapsed_ms": 0.389,
2026-10-09T17:08:51.3045435Z       "error_code": null,
2026-10-09T17:08:51.3045646Z       "id": "A22",
2026-10-09T17:08:51.3045859Z       "name": "Fake product_id",
2026-10-09T17:08:51.3046118Z       "native_status": "LOCAL_REQUIRED",
2026-10-09T17:08:51.3046379Z       "outcome": "PASS",
2026-10-09T17:08:51.3046593Z       "scope": "MOCK_ONLY"
2026-10-09T17:08:51.3046808Z     },
2026-10-09T17:08:51.3046975Z     {
2026-10-09T17:08:51.3047143Z       "checks": [
2026-10-09T17:08:51.3047338Z         "fixed_expiry",
2026-10-09T17:08:51.3047561Z         "heartbeat_does_not_extend",
2026-10-09T17:08:51.3047823Z         "expired_request_rejected"
2026-10-09T17:08:51.3048055Z       ],
2026-10-09T17:08:51.3048237Z       "elapsed_ms": 12.096,
2026-10-09T17:08:51.3048612Z       "error_code": null,
2026-10-09T17:08:51.3048830Z       "id": "A23",
2026-10-09T17:08:51.3049031Z       "name": "Expired session",
2026-10-09T17:08:51.3049275Z       "native_status": "LOCAL_REQUIRED",
2026-10-09T17:08:51.3049535Z       "outcome": "PASS",
2026-10-09T17:08:51.3049752Z       "scope": "MOCK_ONLY"
2026-10-09T17:08:51.3049959Z     },
2026-10-09T17:08:51.3050120Z     {
2026-10-09T17:08:51.3050291Z       "checks": [
2026-10-09T17:08:51.3050489Z         "offline_peer_isolated",
2026-10-09T17:08:51.3050736Z         "no_application_failure"
2026-10-09T17:08:51.3050956Z       ],
2026-10-09T17:08:51.3051130Z       "elapsed_ms": 0.538,
2026-10-09T17:08:51.3051571Z       "error_code": null,
2026-10-09T17:08:51.3051801Z       "id": "A24",
2026-10-09T17:08:51.3051993Z       "name": "Offline",
2026-10-09T17:08:51.3052218Z       "native_status": "LOCAL_REQUIRED",
2026-10-09T17:08:51.3052471Z       "outcome": "PASS",
2026-10-09T17:08:51.3052680Z       "scope": "MOCK_ONLY"
2026-10-09T17:08:51.3052884Z     }
2026-10-09T17:08:51.3053050Z   ],
2026-10-09T17:08:51.3053404Z   "scope": "Desktop preparation contract harness; real Desktop acceptance LOCAL_REQUIRED",
2026-10-09T17:08:51.3053844Z   "summary": {
2026-10-09T17:08:51.3054026Z     "FAIL": 0,
2026-10-09T17:08:51.3054206Z     "NOT_RUN": 1,
2026-10-09T17:08:51.3054394Z     "PASS": 23
2026-10-09T17:08:51.3054566Z   }
2026-10-09T17:08:51.3054729Z }
2026-10-09T17:08:51.3380106Z ##[group]Run python .github/ci/receipt.py "$CI_RECEIPTS"
2026-10-09T17:08:51.3380719Z [36;1mpython .github/ci/receipt.py "$CI_RECEIPTS"[0m
2026-10-09T17:08:51.3444748Z shell: /usr/bin/bash -e {0}
2026-10-09T17:08:51.3445014Z env:
2026-10-09T17:08:51.3445214Z   MOCK_PROVIDER: true
2026-10-09T17:08:51.3445448Z   ENABLE_CLOUD: false
2026-10-09T17:08:51.3445695Z   CREDENTIAL_VAULT_BACKEND: memory
2026-10-09T17:08:51.3446014Z   CREDENTIAL_VAULT_ALLOW_MEMORY_FALLBACK: true
2026-10-09T17:08:51.3446332Z   HF_HUB_OFFLINE: 1
2026-10-09T17:08:51.3446551Z   TRANSFORMERS_OFFLINE: 1
2026-10-09T17:08:51.3446862Z   pythonLocation: /opt/hostedtoolcache/Python/3.12.9/x64
2026-10-09T17:08:51.3447319Z   PKG_CONFIG_PATH: /opt/hostedtoolcache/Python/3.12.9/x64/lib/pkgconfig
2026-10-09T17:08:51.3447782Z   Python_ROOT_DIR: /opt/hostedtoolcache/Python/3.12.9/x64
2026-10-09T17:08:51.3448183Z   Python2_ROOT_DIR: /opt/hostedtoolcache/Python/3.12.9/x64
2026-10-09T17:08:51.3448643Z   Python3_ROOT_DIR: /opt/hostedtoolcache/Python/3.12.9/x64
2026-10-09T17:08:51.3449283Z   LD_LIBRARY_PATH: /opt/hostedtoolcache/Python/3.12.9/x64/lib
2026-10-09T17:08:51.3449693Z   CI_COVERAGE_SHA: c386b0608ae92d18c351b5cb6e367380808a45cf
2026-10-09T17:08:51.3450084Z   CI_COVERAGE_TREE: 2ec6365e1f1f183f029c9f0a94d040d134e22b47
2026-10-09T17:08:51.3450529Z   CI_SANDBOX: /home/runner/work/_temp/novel-ci-local-interop.zvZAYh
2026-10-09T17:08:51.3451028Z   CI_PROJECT: /home/runner/work/_temp/novel-ci-local-interop.zvZAYh/project
2026-10-09T17:08:51.3451742Z   CI_RECEIPTS: /home/runner/work/_temp/novel-ci-local-interop.zvZAYh/receipts
2026-10-09T17:08:51.3452253Z   HOME: /home/runner/work/_temp/novel-ci-local-interop.zvZAYh/home
2026-10-09T17:08:51.3452749Z   USERPROFILE: /home/runner/work/_temp/novel-ci-local-interop.zvZAYh/home
2026-10-09T17:08:51.3453275Z   APPDATA: /home/runner/work/_temp/novel-ci-local-interop.zvZAYh/appdata
2026-10-09T17:08:51.3453833Z   LOCALAPPDATA: /home/runner/work/_temp/novel-ci-local-interop.zvZAYh/localappdata
2026-10-09T17:08:51.3454433Z   XDG_CONFIG_HOME: /home/runner/work/_temp/novel-ci-local-interop.zvZAYh/config
2026-10-09T17:08:51.3454981Z   XDG_CACHE_HOME: /home/runner/work/_temp/novel-ci-local-interop.zvZAYh/cache
2026-10-09T17:08:51.3455526Z   XDG_DATA_HOME: /home/runner/work/_temp/novel-ci-local-interop.zvZAYh/data
2026-10-09T17:08:51.3456045Z   XDG_STATE_HOME: /home/runner/work/_temp/novel-ci-local-interop.zvZAYh/state
2026-10-09T17:08:51.3456520Z   TMPDIR: /home/runner/work/_temp/novel-ci-local-interop.zvZAYh/tmp
2026-10-09T17:08:51.3456959Z   TMP: /home/runner/work/_temp/novel-ci-local-interop.zvZAYh/tmp
2026-10-09T17:08:51.3457381Z   TEMP: /home/runner/work/_temp/novel-ci-local-interop.zvZAYh/tmp
2026-10-09T17:08:51.3457839Z   PROJECT_ROOT: /home/runner/work/_temp/novel-ci-local-interop.zvZAYh/project
2026-10-09T17:08:51.3458369Z   NOVEL_DATA_PATH: /home/runner/work/_temp/novel-ci-local-interop.zvZAYh/data/novels
2026-10-09T17:08:51.3458923Z   BACKUP_PATH: /home/runner/work/_temp/novel-ci-local-interop.zvZAYh/data/backups
2026-10-09T17:08:51.3459534Z   DATABASE_BACKUP_PATH: /home/runner/work/_temp/novel-ci-local-interop.zvZAYh/data/database-backups
2026-10-09T17:08:51.3460188Z   KNOWLEDGE_SOURCE_PATH: /home/runner/work/_temp/novel-ci-local-interop.zvZAYh/data/novels
2026-10-09T17:08:51.3460631Z ##[endgroup]
2026-10-09T17:08:51.3871845Z {
2026-10-09T17:08:51.3874283Z   "revision": "checked_out_sha=c386b0608ae92d18c351b5cb6e367380808a45cf\nevent_sha=c386b0608ae92d18c351b5cb6e367380808a45cf\nrun_url=https://github.com/1785235376-blip/AI-Novel-Studio/actions/runs/37962531267\njob=local-interop\nplatform=Linux; native Windows host/AppContainer/installer=NOT RUN\n",
2026-10-09T17:08:51.3876377Z   "test_reports": {
2026-10-09T17:08:51.3876695Z     "local-interop.xml": {
2026-10-09T17:08:51.3877019Z       "tests": 413,
2026-10-09T17:08:51.3877301Z       "failures": 0,
2026-10-09T17:08:51.3877585Z       "errors": 0,
2026-10-09T17:08:51.3877860Z       "skipped": 68
2026-10-09T17:08:51.3878225Z     }
2026-10-09T17:08:51.3878817Z   },
2026-10-09T17:08:51.3879154Z   "report_status": "RECORDED",
2026-10-09T17:08:51.3879611Z   "native_windows_host_appcontainer_installer": "NOT RUN",
2026-10-09T17:08:51.3880161Z   "real_model_and_paid_provider_execution": "NOT RUN"
2026-10-09T17:08:51.3880588Z }
2026-10-09T17:08:51.3880727Z 
2026-10-09T17:08:51.3987246Z ##[group]Run actions/upload-artifact@v4.6.2
2026-10-09T17:08:51.3987556Z with:
2026-10-09T17:08:51.3987874Z   name: local-interop-postgres-c386b0608ae92d18c351b5cb6e367380808a45cf
2026-10-09T17:08:51.3988380Z   path: /home/runner/work/_temp/novel-ci-local-interop.zvZAYh/receipts
2026-10-09T17:08:51.3988750Z   if-no-files-found: error
2026-10-09T17:08:51.3988983Z   retention-days: 14
2026-10-09T17:08:51.3989209Z   compression-level: 6
2026-10-09T17:08:51.3989427Z   overwrite: false
2026-10-09T17:08:51.3989640Z   include-hidden-files: false
2026-10-09T17:08:51.3989876Z env:
2026-10-09T17:08:51.3990055Z   MOCK_PROVIDER: true
2026-10-09T17:08:51.3990264Z   ENABLE_CLOUD: false
2026-10-09T17:08:51.3990689Z   CREDENTIAL_VAULT_BACKEND: memory
2026-10-09T17:08:51.3990976Z   CREDENTIAL_VAULT_ALLOW_MEMORY_FALLBACK: true
2026-10-09T17:08:51.3991262Z   HF_HUB_OFFLINE: 1
2026-10-09T17:08:51.3991763Z   TRANSFORMERS_OFFLINE: 1
2026-10-09T17:08:51.3992110Z   pythonLocation: /opt/hostedtoolcache/Python/3.12.9/x64
2026-10-09T17:08:51.3992538Z   PKG_CONFIG_PATH: /opt/hostedtoolcache/Python/3.12.9/x64/lib/pkgconfig
2026-10-09T17:08:51.3992960Z   Python_ROOT_DIR: /opt/hostedtoolcache/Python/3.12.9/x64
2026-10-09T17:08:51.3993335Z   Python2_ROOT_DIR: /opt/hostedtoolcache/Python/3.12.9/x64
2026-10-09T17:08:51.3993709Z   Python3_ROOT_DIR: /opt/hostedtoolcache/Python/3.12.9/x64
2026-10-09T17:08:51.3994092Z   LD_LIBRARY_PATH: /opt/hostedtoolcache/Python/3.12.9/x64/lib
2026-10-09T17:08:51.3994470Z   CI_COVERAGE_SHA: c386b0608ae92d18c351b5cb6e367380808a45cf
2026-10-09T17:08:51.3994838Z   CI_COVERAGE_TREE: 2ec6365e1f1f183f029c9f0a94d040d134e22b47
2026-10-09T17:08:51.3995242Z   CI_SANDBOX: /home/runner/work/_temp/novel-ci-local-interop.zvZAYh
2026-10-09T17:08:51.3995717Z   CI_PROJECT: /home/runner/work/_temp/novel-ci-local-interop.zvZAYh/project
2026-10-09T17:08:51.3996221Z   CI_RECEIPTS: /home/runner/work/_temp/novel-ci-local-interop.zvZAYh/receipts
2026-10-09T17:08:51.3996698Z   HOME: /home/runner/work/_temp/novel-ci-local-interop.zvZAYh/home
2026-10-09T17:08:51.3997156Z   USERPROFILE: /home/runner/work/_temp/novel-ci-local-interop.zvZAYh/home
2026-10-09T17:08:51.3997641Z   APPDATA: /home/runner/work/_temp/novel-ci-local-interop.zvZAYh/appdata
2026-10-09T17:08:51.3998173Z   LOCALAPPDATA: /home/runner/work/_temp/novel-ci-local-interop.zvZAYh/localappdata
2026-10-09T17:08:51.3998713Z   XDG_CONFIG_HOME: /home/runner/work/_temp/novel-ci-local-interop.zvZAYh/config
2026-10-09T17:08:51.3999226Z   XDG_CACHE_HOME: /home/runner/work/_temp/novel-ci-local-interop.zvZAYh/cache
2026-10-09T17:08:51.3999756Z   XDG_DATA_HOME: /home/runner/work/_temp/novel-ci-local-interop.zvZAYh/data
2026-10-09T17:08:51.4000243Z   XDG_STATE_HOME: /home/runner/work/_temp/novel-ci-local-interop.zvZAYh/state
2026-10-09T17:08:51.4000714Z   TMPDIR: /home/runner/work/_temp/novel-ci-local-interop.zvZAYh/tmp
2026-10-09T17:08:51.4001142Z   TMP: /home/runner/work/_temp/novel-ci-local-interop.zvZAYh/tmp
2026-10-09T17:08:51.4001783Z   TEMP: /home/runner/work/_temp/novel-ci-local-interop.zvZAYh/tmp
2026-10-09T17:08:51.4002245Z   PROJECT_ROOT: /home/runner/work/_temp/novel-ci-local-interop.zvZAYh/project
2026-10-09T17:08:51.4002773Z   NOVEL_DATA_PATH: /home/runner/work/_temp/novel-ci-local-interop.zvZAYh/data/novels
2026-10-09T17:08:51.4003317Z   BACKUP_PATH: /home/runner/work/_temp/novel-ci-local-interop.zvZAYh/data/backups
2026-10-09T17:08:51.4003909Z   DATABASE_BACKUP_PATH: /home/runner/work/_temp/novel-ci-local-interop.zvZAYh/data/database-backups
2026-10-09T17:08:51.4004545Z   KNOWLEDGE_SOURCE_PATH: /home/runner/work/_temp/novel-ci-local-interop.zvZAYh/data/novels
2026-10-09T17:08:51.4004980Z ##[endgroup]
2026-10-09T17:08:51.5855492Z (node:89883) [DEP0040] DeprecationWarning: The `punycode` module is deprecated. Please use a userland alternative instead.
2026-10-09T17:08:51.5857201Z (Use `node --trace-deprecation ...` to show where the warning was created)
2026-10-09T17:08:51.5930566Z With the provided path, there will be 8 files uploaded
2026-10-09T17:08:51.5946450Z Artifact name is valid!
2026-10-09T17:08:51.5947292Z Root directory input is valid!
2026-10-09T17:08:51.9874348Z Beginning upload of artifact content to blob storage
2026-10-09T17:08:52.0258881Z (node:89883) [DEP0169] DeprecationWarning: `url.parse()` behavior is not standardized and prone to errors that have security implications. Use the WHATWG URL API instead. CVEs are not issued for `url.parse()` vulnerabilities.
2026-10-09T17:08:52.3444070Z Uploaded bytes 41588
2026-10-09T17:08:52.4191671Z Finished uploading artifact content to blob storage!
2026-10-09T17:08:52.4192945Z SHA256 digest of uploaded artifact zip is f7ced83b390d19ebfc731c3a20da754fccb6a8f05a74e5af8609fc59e9234956
2026-10-09T17:08:52.4194556Z Finalizing artifact upload
2026-10-09T17:08:52.7141498Z Artifact local-interop-postgres-c386b0608ae92d18c351b5cb6e367380808a45cf.zip successfully finalized. Artifact ID 11631964075
2026-10-09T17:08:52.7143369Z Artifact local-interop-postgres-c386b0608ae92d18c351b5cb6e367380808a45cf has been successfully uploaded! Final size is 41588 bytes. Artifact ID is 11631964075
2026-10-09T17:08:52.7148535Z Artifact download URL: https://github.com/1785235376-blip/AI-Novel-Studio/actions/runs/37962531267/artifacts/11631964075
2026-10-09T17:08:52.7341921Z Post job cleanup.
2026-10-09T17:08:52.8640613Z (node:89915) [DEP0040] DeprecationWarning: The `punycode` module is deprecated. Please use a userland alternative instead.
2026-10-09T17:08:52.8641761Z (Use `node --trace-deprecation ...` to show where the warning was created)
2026-10-09T17:08:52.8847808Z Post job cleanup.
2026-10-09T17:08:52.9865204Z [command]/usr/bin/git version
2026-10-09T17:08:52.9911727Z git version 2.55.0
2026-10-09T17:08:52.9963122Z Temporarily overriding HOME='/home/runner/work/_temp/bc6e9d5c-0d56-4eda-8b60-f0c737bbdb5f' before making global git config changes
2026-10-09T17:08:52.9964770Z Adding repository directory to the temporary git global config as a safe directory
2026-10-09T17:08:52.9968874Z [command]/usr/bin/git config --global --add safe.directory /home/runner/work/AI-Novel-Studio/AI-Novel-Studio
2026-10-09T17:08:53.0044012Z [command]/usr/bin/git config --local --name-only --get-regexp core\.sshCommand
2026-10-09T17:08:53.0090716Z [command]/usr/bin/git submodule foreach --recursive sh -c "git config --local --name-only --get-regexp 'core\.sshCommand' && git config --local --unset-all 'core.sshCommand' || :"
2026-10-09T17:08:53.0368380Z [command]/usr/bin/git config --local --name-only --get-regexp http\.https\:\/\/github\.com\/\.extraheader
2026-10-09T17:08:53.0410587Z [command]/usr/bin/git submodule foreach --recursive sh -c "git config --local --name-only --get-regexp 'http\.https\:\/\/github\.com\/\.extraheader' && git config --local --unset-all 'http.https://github.com/.extraheader' || :"
2026-10-09T17:08:53.0864952Z Print service container logs: b6dc2b08fe88410c9c2b00bba9fccc4f_postgres16alpine_448ecd
2026-10-09T17:08:53.0870814Z ##[command]/usr/bin/docker logs --details 32edc7d1926c590b9819207e8f205a4afaad8624cc4db3bb72f67505bc699cf9
2026-10-09T17:08:53.1009464Z  The files belonging to this database system will be owned by user "postgres".
2026-10-09T17:08:53.1012604Z  sh: locale: not found
2026-10-09T17:08:53.1013043Z  2026-10-09 16:55:14.517 UTC [35] WARNING:  no usable system locales were found
2026-10-09T17:08:53.1013565Z  initdb: warning: enabling "trust" authentication for local connections
2026-10-09T17:08:53.1014698Z  initdb: hint: You can change this by editing pg_hba.conf or using the option -A, or --auth-local and --auth-host, the next time you run initdb.
2026-10-09T17:08:53.1015775Z  2026-10-09 16:55:15.355 UTC [1] LOG:  starting PostgreSQL 16.15 on x86_64-pc-linux-musl, compiled by gcc (Alpine 15.2.0) 15.2.0, 64-bit
2026-10-09T17:08:53.1016559Z  2026-10-09 16:55:15.355 UTC [1] LOG:  listening on IPv4 address "0.0.0.0", port 5432
2026-10-09T17:08:53.1017070Z  2026-10-09 16:55:15.355 UTC [1] LOG:  listening on IPv6 address "::", port 5432
2026-10-09T17:08:53.1017606Z  2026-10-09 16:55:15.356 UTC [1] LOG:  listening on Unix socket "/var/run/postgresql/.s.PGSQL.5432"
2026-10-09T17:08:53.1018198Z  2026-10-09 16:55:15.359 UTC [57] LOG:  database system was shut down at 2026-10-09 16:55:15 UTC
2026-10-09T17:08:53.1018723Z  2026-10-09 16:55:15.364 UTC [1] LOG:  database system is ready to accept connections
2026-10-09T17:08:53.1019174Z  2026-10-09 17:00:15.447 UTC [55] LOG:  checkpoint starting: time
2026-10-09T17:08:53.1020284Z  2026-10-09 17:00:54.722 UTC [55] LOG:  checkpoint complete: wrote 395 buffers (2.4%); 0 WAL file(s) added, 0 removed, 0 recycled; write=39.269 s, sync=0.005 s, total=39.276 s; sync files=349, longest=0.001 s, average=0.001 s; distance=2613 kB, estimate=2613 kB; lsn=0/1BDF038, redo lsn=0/1BB3208
2026-10-09T17:08:53.1022083Z  2026-10-09 17:05:15.822 UTC [55] LOG:  checkpoint starting: time
2026-10-09T17:08:53.1023185Z  2026-10-09 17:05:25.451 UTC [55] LOG:  checkpoint complete: wrote 97 buffers (0.6%); 1 WAL file(s) added, 0 removed, 0 recycled; write=9.618 s, sync=0.001 s, total=9.630 s; sync files=60, longest=0.001 s, average=0.001 s; distance=515 kB, estimate=2403 kB; lsn=0/1C38790, redo lsn=0/1C33FB0
2026-10-09T17:08:53.1024248Z  This user must also own the server process.
2026-10-09T17:08:53.1024526Z  
2026-10-09T17:08:53.1024810Z  The database cluster will be initialized with locale "en_US.utf8".
2026-10-09T17:08:53.1025269Z  The default database encoding has accordingly been set to "UTF8".
2026-10-09T17:08:53.1025710Z  The default text search configuration will be set to "english".
2026-10-09T17:08:53.1026067Z  
2026-10-09T17:08:53.1026266Z  Data page checksums are disabled.
2026-10-09T17:08:53.1026510Z  
2026-10-09T17:08:53.1026818Z  fixing permissions on existing directory /var/lib/postgresql/data ... ok
2026-10-09T17:08:53.1027262Z  creating subdirectories ... ok
2026-10-09T17:08:53.1027584Z  selecting dynamic shared memory implementation ... posix
2026-10-09T17:08:53.1027939Z  selecting default max_connections ... 100
2026-10-09T17:08:53.1028244Z  selecting default shared_buffers ... 128MB
2026-10-09T17:08:53.1028536Z  selecting default time zone ... UTC
2026-10-09T17:08:53.1028809Z  creating configuration files ... ok
2026-10-09T17:08:53.1029081Z  running bootstrap script ... ok
2026-10-09T17:08:53.1029375Z  performing post-bootstrap initialization ... ok
2026-10-09T17:08:53.1029686Z  syncing data to disk ... ok
2026-10-09T17:08:53.1029912Z  
2026-10-09T17:08:53.1030081Z  
2026-10-09T17:08:53.1030306Z  Success. You can now start the database server using:
2026-10-09T17:08:53.1030605Z  
2026-10-09T17:08:53.1030840Z      pg_ctl -D /var/lib/postgresql/data -l logfile start
2026-10-09T17:08:53.1031143Z  
2026-10-09T17:08:53.1043274Z  waiting for server to start....2026-10-09 16:55:15.084 UTC [41] LOG:  starting PostgreSQL 16.15 on x86_64-pc-linux-musl, compiled by gcc (Alpine 15.2.0) 15.2.0, 64-bit
2026-10-09T17:08:53.1044782Z  2026-10-09 16:55:15.085 UTC [41] LOG:  listening on Unix socket "/var/run/postgresql/.s.PGSQL.5432"
2026-10-09T17:08:53.1046002Z  2026-10-09 16:55:15.088 UTC [44] LOG:  database system was shut down at 2026-10-09 16:55:14 UTC
2026-10-09T17:08:53.1046929Z  2026-10-09 16:55:15.092 UTC [41] LOG:  database system is ready to accept connections
2026-10-09T17:08:53.1047594Z   done
2026-10-09T17:08:53.1047906Z  server started
2026-10-09T17:08:53.1048134Z  CREATE DATABASE
2026-10-09T17:08:53.1048331Z  
2026-10-09T17:08:53.1048505Z  
2026-10-09T17:08:53.1048829Z  /usr/local/bin/docker-entrypoint.sh: ignoring /docker-entrypoint-initdb.d/*
2026-10-09T17:08:53.1049244Z  
2026-10-09T17:08:53.1049623Z  waiting for server to shut down....2026-10-09 16:55:15.235 UTC [41] LOG:  received fast shutdown request
2026-10-09T17:08:53.1050174Z  2026-10-09 16:55:15.235 UTC [41] LOG:  aborting any active transactions
2026-10-09T17:08:53.1050789Z  2026-10-09 16:55:15.239 UTC [41] LOG:  background worker "logical replication launcher" (PID 47) exited with exit code 1
2026-10-09T17:08:53.1051624Z  2026-10-09 16:55:15.239 UTC [42] LOG:  shutting down
2026-10-09T17:08:53.1052037Z  2026-10-09 16:55:15.240 UTC [42] LOG:  checkpoint starting: shutdown immediate
2026-10-09T17:08:53.1053166Z  2026-10-09 16:55:15.255 UTC [42] LOG:  checkpoint complete: wrote 926 buffers (5.7%); 0 WAL file(s) added, 0 removed, 0 recycled; write=0.012 s, sync=0.003 s, total=0.017 s; sync files=301, longest=0.002 s, average=0.001 s; distance=4283 kB, estimate=4283 kB; lsn=0/1925D60, redo lsn=0/1925D60
2026-10-09T17:08:53.1054264Z  2026-10-09 16:55:15.263 UTC [41] LOG:  database system is shut down
2026-10-09T17:08:53.1054596Z   done
2026-10-09T17:08:53.1054776Z  server stopped
2026-10-09T17:08:53.1054972Z  
2026-10-09T17:08:53.1055203Z  PostgreSQL init process complete; ready for start up.
2026-10-09T17:08:53.1055509Z  
2026-10-09T17:08:53.1062299Z Stop and remove container: b6dc2b08fe88410c9c2b00bba9fccc4f_postgres16alpine_448ecd
2026-10-09T17:08:53.1067555Z ##[command]/usr/bin/docker rm --force 32edc7d1926c590b9819207e8f205a4afaad8624cc4db3bb72f67505bc699cf9
2026-10-09T17:08:53.7164537Z 32edc7d1926c590b9819207e8f205a4afaad8624cc4db3bb72f67505bc699cf9
2026-10-09T17:08:53.7197069Z Remove container network: github_network_93e858d445904b00a64f52dc50ba89cf
2026-10-09T17:08:53.7204636Z ##[command]/usr/bin/docker network rm github_network_93e858d445904b00a64f52dc50ba89cf
2026-10-09T17:08:53.8292190Z github_network_93e858d445904b00a64f52dc50ba89cf
2026-10-09T17:08:53.8372673Z Cleaning up orphan processes
2026-10-09T17:08:53.8763798Z ##[warning]Node.js 20 is deprecated. The following actions target Node.js 20 but are being forced to run on Node.js 24: actions/checkout@v4.2.2, actions/setup-python@v5.6.0, actions/upload-artifact@v4.6.2. For more information see: https://github.blog/changelog/2025-09-19-deprecation-of-node-20-on-github-actions-runners/
