2026-10-09T17:46:23.5349812Z Current runner version: '2.337.0'
2026-10-09T17:46:23.5388742Z ##[group]Runner Image Provisioner
2026-10-09T17:46:23.5390151Z Hosted Compute Agent
2026-10-09T17:46:23.5391000Z Version: 20261002.596
2026-10-09T17:46:23.5392137Z Commit: c3d12f3313a95f25162a1503be624f3b0617f8c0
2026-10-09T17:46:23.5393154Z Build Date: 2026-10-02T22:28:27Z
2026-10-09T17:46:23.5394107Z Worker ID: {4bbadf61-c606-4716-ac4c-939e03d7c7d9}
2026-10-09T17:46:23.5395059Z Region: centralus
2026-10-09T17:46:23.5395850Z Cloud: Azure
2026-10-09T17:46:23.5396564Z ##[endgroup]
2026-10-09T17:46:23.5398908Z ##[group]Operating System
2026-10-09T17:46:23.5399930Z Ubuntu
2026-10-09T17:46:23.5400636Z 24.04.5
2026-10-09T17:46:23.5401346Z LTS
2026-10-09T17:46:23.5402276Z ##[endgroup]
2026-10-09T17:46:23.5403034Z ##[group]Runner Image
2026-10-09T17:46:23.5403889Z Image: ubuntu-24.04
2026-10-09T17:46:23.5404633Z Version: 20261004.327.1
2026-10-09T17:46:23.5406323Z Included Software: https://github.com/actions/runner-images/blob/ubuntu24/20261004.327/images/ubuntu/Ubuntu2404-Readme.md
2026-10-09T17:46:23.5408499Z Image Release: https://github.com/actions/runner-images/releases/tag/ubuntu24%2F20261004.327
2026-10-09T17:46:23.5409890Z ##[endgroup]
2026-10-09T17:46:23.5411428Z ##[group]GITHUB_TOKEN Permissions
2026-10-09T17:46:23.5415168Z Contents: read
2026-10-09T17:46:23.5415969Z Metadata: read
2026-10-09T17:46:23.5416825Z ##[endgroup]
2026-10-09T17:46:23.5419881Z Secret source: Actions
2026-10-09T17:46:23.5421295Z Cache mode: write
2026-10-09T17:46:23.5422763Z Prepare workflow directory
2026-10-09T17:46:23.5836352Z Prepare all required actions
2026-10-09T17:46:23.5906102Z Getting action download info
2026-10-09T17:46:23.8426611Z Download action repository 'actions/checkout@v4.2.2' (SHA:11bd71901bbe5b1630ceea73d27597364c9af683)
2026-10-09T17:46:23.9565961Z Download action repository 'actions/setup-python@v5.6.0' (SHA:a26af69be951a213d495a4c3e4e4022e16d87065)
2026-10-09T17:46:24.1212227Z Download action repository 'actions/download-artifact@v4.3.0' (SHA:d3f86a106a0bac45b974a628896c90dbdf5c8093)
2026-10-09T17:46:24.6127140Z Download action repository 'actions/upload-artifact@v4.6.2' (SHA:ea165f8d65b6e75b540449e92b4886f43607fa02)
2026-10-09T17:46:24.9739477Z Complete job name: Backend / file
2026-10-09T17:46:25.0606374Z ##[group]Run actions/checkout@v4.2.2
2026-10-09T17:46:25.0607951Z with:
2026-10-09T17:46:25.0608948Z   persist-credentials: false
2026-10-09T17:46:25.0610168Z   repository: 1785235376-blip/AI-Novel-Studio
2026-10-09T17:46:25.0618785Z   token: ***
2026-10-09T17:46:25.0619795Z   ssh-strict: true
2026-10-09T17:46:25.0620795Z   ssh-user: git
2026-10-09T17:46:25.0621914Z   clean: true
2026-10-09T17:46:25.0622942Z   sparse-checkout-cone-mode: true
2026-10-09T17:46:25.0624145Z   fetch-depth: 1
2026-10-09T17:46:25.0625153Z   fetch-tags: false
2026-10-09T17:46:25.0626161Z   show-progress: true
2026-10-09T17:46:25.0627190Z   lfs: false
2026-10-09T17:46:25.0628153Z   submodules: false
2026-10-09T17:46:25.0629215Z   set-safe-directory: true
2026-10-09T17:46:25.0630539Z env:
2026-10-09T17:46:25.0631451Z   MOCK_PROVIDER: true
2026-10-09T17:46:25.0632921Z   MOCK_STREAM_DELAY_MS: 0
2026-10-09T17:46:25.0634003Z   ENABLE_CLOUD: false
2026-10-09T17:46:25.0635085Z   CREDENTIAL_VAULT_BACKEND: memory
2026-10-09T17:46:25.0636488Z   CREDENTIAL_VAULT_ALLOW_MEMORY_FALLBACK: true
2026-10-09T17:46:25.0637842Z   PYTHONDONTWRITEBYTECODE: 1
2026-10-09T17:46:25.0638961Z   HF_HUB_OFFLINE: 1
2026-10-09T17:46:25.0639966Z   TRANSFORMERS_OFFLINE: 1
2026-10-09T17:46:25.0641087Z ##[endgroup]
2026-10-09T17:46:25.1695829Z Syncing repository: 1785235376-blip/AI-Novel-Studio
2026-10-09T17:46:25.1702235Z ##[group]Getting Git version info
2026-10-09T17:46:25.1705465Z Working directory is '/home/runner/work/AI-Novel-Studio/AI-Novel-Studio'
2026-10-09T17:46:25.1708974Z [command]/usr/bin/git version
2026-10-09T17:46:25.1734965Z git version 2.55.0
2026-10-09T17:46:25.1756145Z ##[endgroup]
2026-10-09T17:46:25.1770674Z Temporarily overriding HOME='/home/runner/work/_temp/51d7daea-09fc-4b17-b73b-20922c7b273f' before making global git config changes
2026-10-09T17:46:25.1774838Z Adding repository directory to the temporary git global config as a safe directory
2026-10-09T17:46:25.1780194Z [command]/usr/bin/git config --global --add safe.directory /home/runner/work/AI-Novel-Studio/AI-Novel-Studio
2026-10-09T17:46:25.1846566Z Deleting the contents of '/home/runner/work/AI-Novel-Studio/AI-Novel-Studio'
2026-10-09T17:46:25.1854015Z ##[group]Initializing the repository
2026-10-09T17:46:25.1857831Z [command]/usr/bin/git init /home/runner/work/AI-Novel-Studio/AI-Novel-Studio
2026-10-09T17:46:25.1966245Z hint: Using 'master' as the name for the initial branch. This default branch name
2026-10-09T17:46:25.1969206Z hint: will change to "main" in Git 3.0. To configure the initial branch name
2026-10-09T17:46:25.1972218Z hint: to use in all of your new repositories, which will suppress this warning,
2026-10-09T17:46:25.1974532Z hint: call:
2026-10-09T17:46:25.1975810Z hint:
2026-10-09T17:46:25.1977365Z hint: 	git config --global init.defaultBranch <name>
2026-10-09T17:46:25.1979314Z hint:
2026-10-09T17:46:25.1981093Z hint: Names commonly chosen instead of 'master' are 'main', 'trunk' and
2026-10-09T17:46:25.1984335Z hint: 'development'. The just-created branch can be renamed via this command:
2026-10-09T17:46:25.1986634Z hint:
2026-10-09T17:46:25.1987939Z hint: 	git branch -m <name>
2026-10-09T17:46:25.1989334Z hint:
2026-10-09T17:46:25.1991342Z hint: Disable this message with "git config set advice.defaultBranchName false"
2026-10-09T17:46:25.1993868Z Initialized empty Git repository in /home/runner/work/AI-Novel-Studio/AI-Novel-Studio/.git/
2026-10-09T17:46:25.1998131Z [command]/usr/bin/git remote add origin https://github.com/1785235376-blip/AI-Novel-Studio
2026-10-09T17:46:25.2043212Z ##[endgroup]
2026-10-09T17:46:25.2045981Z ##[group]Disabling automatic garbage collection
2026-10-09T17:46:25.2048308Z [command]/usr/bin/git config --local gc.auto 0
2026-10-09T17:46:25.2081461Z ##[endgroup]
2026-10-09T17:46:25.2084264Z ##[group]Setting up auth
2026-10-09T17:46:25.2089530Z [command]/usr/bin/git config --local --name-only --get-regexp core\.sshCommand
2026-10-09T17:46:25.2122368Z [command]/usr/bin/git submodule foreach --recursive sh -c "git config --local --name-only --get-regexp 'core\.sshCommand' && git config --local --unset-all 'core.sshCommand' || :"
2026-10-09T17:46:25.2489809Z [command]/usr/bin/git config --local --name-only --get-regexp http\.https\:\/\/github\.com\/\.extraheader
2026-10-09T17:46:25.2525107Z [command]/usr/bin/git submodule foreach --recursive sh -c "git config --local --name-only --get-regexp 'http\.https\:\/\/github\.com\/\.extraheader' && git config --local --unset-all 'http.https://github.com/.extraheader' || :"
2026-10-09T17:46:25.2716923Z [command]/usr/bin/git config --local http.https://github.com/.extraheader AUTHORIZATION: basic ***
2026-10-09T17:46:25.2757393Z ##[endgroup]
2026-10-09T17:46:25.2759338Z ##[group]Fetching the repository
2026-10-09T17:46:25.2767710Z [command]/usr/bin/git -c protocol.version=2 fetch --no-tags --prune --no-recurse-submodules --depth=1 origin +ec342fe9b69ba45d850d971ce2e15d1b12046096:refs/remotes/pull/47/merge
2026-10-09T17:46:30.7191124Z From https://github.com/1785235376-blip/AI-Novel-Studio
2026-10-09T17:46:30.7193149Z  * [new ref]         ec342fe9b69ba45d850d971ce2e15d1b12046096 -> pull/47/merge
2026-10-09T17:46:30.7195978Z ##[endgroup]
2026-10-09T17:46:30.7196816Z ##[group]Determining the checkout info
2026-10-09T17:46:30.7198268Z ##[endgroup]
2026-10-09T17:46:30.7216428Z [command]/usr/bin/git sparse-checkout disable
2026-10-09T17:46:30.7271862Z [command]/usr/bin/git config --local --unset-all extensions.worktreeConfig
2026-10-09T17:46:30.7299086Z ##[group]Checking out the ref
2026-10-09T17:46:30.7304164Z [command]/usr/bin/git checkout --progress --force refs/remotes/pull/47/merge
2026-10-09T17:46:31.3348836Z Note: switching to 'refs/remotes/pull/47/merge'.
2026-10-09T17:46:31.3349300Z 
2026-10-09T17:46:31.3349611Z You are in 'detached HEAD' state. You can look around, make experimental
2026-10-09T17:46:31.3351005Z changes and commit them, and you can discard any commits you make in this
2026-10-09T17:46:31.3352990Z state without impacting any branches by switching back to a branch.
2026-10-09T17:46:31.3353537Z 
2026-10-09T17:46:31.3353808Z If you want to create a new branch to retain commits you create, you may
2026-10-09T17:46:31.3354290Z do so (now or later) by using -c with the switch command. Example:
2026-10-09T17:46:31.3354572Z 
2026-10-09T17:46:31.3354722Z   git switch -c <new-branch-name>
2026-10-09T17:46:31.3354944Z 
2026-10-09T17:46:31.3355098Z Or undo this operation with:
2026-10-09T17:46:31.3355318Z 
2026-10-09T17:46:31.3355447Z   git switch -
2026-10-09T17:46:31.3355617Z 
2026-10-09T17:46:31.3355865Z Turn off this advice by setting config variable advice.detachedHead to false
2026-10-09T17:46:31.3356192Z 
2026-10-09T17:46:31.3356541Z HEAD is now at ec342fe Merge c386b0608ae92d18c351b5cb6e367380808a45cf into fed2404c8e30b44061b7139dced45b7f3301601c
2026-10-09T17:46:31.3772595Z ##[endgroup]
2026-10-09T17:46:31.3815804Z [command]/usr/bin/git log -1 --format=%H
2026-10-09T17:46:31.3838459Z ec342fe9b69ba45d850d971ce2e15d1b12046096
2026-10-09T17:46:31.3847902Z ##[group]Removing auth
2026-10-09T17:46:31.3852118Z [command]/usr/bin/git config --local --name-only --get-regexp core\.sshCommand
2026-10-09T17:46:31.3880052Z [command]/usr/bin/git submodule foreach --recursive sh -c "git config --local --name-only --get-regexp 'core\.sshCommand' && git config --local --unset-all 'core.sshCommand' || :"
2026-10-09T17:46:31.4063317Z [command]/usr/bin/git config --local --name-only --get-regexp http\.https\:\/\/github\.com\/\.extraheader
2026-10-09T17:46:31.4088261Z http.https://github.com/.extraheader
2026-10-09T17:46:31.4094118Z [command]/usr/bin/git config --local --unset-all http.https://github.com/.extraheader
2026-10-09T17:46:31.4126268Z [command]/usr/bin/git submodule foreach --recursive sh -c "git config --local --name-only --get-regexp 'http\.https\:\/\/github\.com\/\.extraheader' && git config --local --unset-all 'http.https://github.com/.extraheader' || :"
2026-10-09T17:46:31.4303084Z ##[endgroup]
2026-10-09T17:46:31.4591903Z ##[group]Run actions/setup-python@v5.6.0
2026-10-09T17:46:31.4592274Z with:
2026-10-09T17:46:31.4592541Z   python-version: 3.12.9
2026-10-09T17:46:31.4592837Z   check-latest: false
2026-10-09T17:46:31.4595197Z   token: ***
2026-10-09T17:46:31.4595470Z   update-environment: true
2026-10-09T17:46:31.4595776Z   allow-prereleases: false
2026-10-09T17:46:31.4596069Z   freethreaded: false
2026-10-09T17:46:31.4596324Z env:
2026-10-09T17:46:31.4596565Z   MOCK_PROVIDER: true
2026-10-09T17:46:31.4596836Z   MOCK_STREAM_DELAY_MS: 0
2026-10-09T17:46:31.4597110Z   ENABLE_CLOUD: false
2026-10-09T17:46:31.4597385Z   CREDENTIAL_VAULT_BACKEND: memory
2026-10-09T17:46:31.4597717Z   CREDENTIAL_VAULT_ALLOW_MEMORY_FALLBACK: true
2026-10-09T17:46:31.4598065Z   PYTHONDONTWRITEBYTECODE: 1
2026-10-09T17:46:31.4598355Z   HF_HUB_OFFLINE: 1
2026-10-09T17:46:31.4598626Z   TRANSFORMERS_OFFLINE: 1
2026-10-09T17:46:31.4598921Z ##[endgroup]
2026-10-09T17:46:31.5864580Z ##[group]Installed versions
2026-10-09T17:46:31.5886787Z Version 3.12.9 was not found in the local cache
2026-10-09T17:46:31.5992637Z (node:2246) [DEP0040] DeprecationWarning: The `punycode` module is deprecated. Please use a userland alternative instead.
2026-10-09T17:46:31.5993481Z (Use `node --trace-deprecation ...` to show where the warning was created)
2026-10-09T17:46:32.4537559Z Version 3.12.9 is available for downloading
2026-10-09T17:46:32.4540246Z Download from "https://github.com/actions/python-versions/releases/download/3.12.9-13149478207/python-3.12.9-linux-24.04-x64.tar.gz"
2026-10-09T17:46:33.1149822Z Extract downloaded archive
2026-10-09T17:46:33.1254373Z [command]/usr/bin/tar xz --warning=no-unknown-keyword --overwrite -C /home/runner/work/_temp/db75a816-b12b-4c16-81c0-5efdfd286f7f -f /home/runner/work/_temp/2dc9704c-293b-4501-8f55-5cac8a76b0c3
2026-10-09T17:46:35.3663808Z Execute installation script
2026-10-09T17:46:35.3743301Z Check if Python hostedtoolcache folder exist...
2026-10-09T17:46:35.3744032Z Create Python 3.12.9 folder
2026-10-09T17:46:35.3755532Z Copy Python binaries to hostedtoolcache folder
2026-10-09T17:46:35.8050850Z Create additional symlinks (Required for the UsePythonVersion Azure Pipelines task and the setup-python GitHub Action)
2026-10-09T17:46:35.8086295Z Upgrading pip...
2026-10-09T17:46:38.3266603Z Looking in links: /tmp/tmpndgq0nv1
2026-10-09T17:46:38.3270471Z Requirement already satisfied: pip in /opt/hostedtoolcache/Python/3.12.9/x64/lib/python3.12/site-packages (24.3.1)
2026-10-09T17:46:40.5215424Z Collecting pip
2026-10-09T17:46:40.5840582Z Downloading pip-26.2.1-py3-none-any.whl.metadata (4.6 kB)
2026-10-09T17:46:40.8041266Z Downloading pip-26.2.1-py3-none-any.whl (1.8 MB)
2026-10-09T17:46:41.2391003Z ━━━━━━━━━━━━━━━━━━━━━━━━━━━━━━━━━━━━━━━━ 1.8/1.8 MB 3.9 MB/s eta 0:00:00
2026-10-09T17:46:41.2391571Z 
2026-10-09T17:46:41.2629103Z Installing collected packages: pip
2026-10-09T17:46:41.2629666Z Attempting uninstall: pip
2026-10-09T17:46:41.2646083Z Found existing installation: pip 24.3.1
2026-10-09T17:46:41.2873786Z Uninstalling pip-24.3.1:
2026-10-09T17:46:41.2914623Z Successfully uninstalled pip-24.3.1
2026-10-09T17:46:42.0073082Z Successfully installed pip-26.2.1
2026-10-09T17:46:42.0644943Z Create complete file
2026-10-09T17:46:42.0683082Z Successfully set up CPython (3.12.9)
2026-10-09T17:46:42.0684190Z ##[endgroup]
2026-10-09T17:46:42.0828888Z ##[group]Run test "$EXECUTION_RESULT" = success
2026-10-09T17:46:42.0829331Z [36;1mtest "$EXECUTION_RESULT" = success[0m
2026-10-09T17:46:42.0829623Z [36;1mtest "$TCP_RESULT" = success[0m
2026-10-09T17:46:42.1039109Z shell: /usr/bin/bash -e {0}
2026-10-09T17:46:42.1039391Z env:
2026-10-09T17:46:42.1039609Z   MOCK_PROVIDER: true
2026-10-09T17:46:42.1039843Z   MOCK_STREAM_DELAY_MS: 0
2026-10-09T17:46:42.1040073Z   ENABLE_CLOUD: false
2026-10-09T17:46:42.1040305Z   CREDENTIAL_VAULT_BACKEND: memory
2026-10-09T17:46:42.1040590Z   CREDENTIAL_VAULT_ALLOW_MEMORY_FALLBACK: true
2026-10-09T17:46:42.1040908Z   PYTHONDONTWRITEBYTECODE: 1
2026-10-09T17:46:42.1041154Z   HF_HUB_OFFLINE: 1
2026-10-09T17:46:42.1041373Z   TRANSFORMERS_OFFLINE: 1
2026-10-09T17:46:42.1041949Z   pythonLocation: /opt/hostedtoolcache/Python/3.12.9/x64
2026-10-09T17:46:42.1042549Z   PKG_CONFIG_PATH: /opt/hostedtoolcache/Python/3.12.9/x64/lib/pkgconfig
2026-10-09T17:46:42.1042986Z   Python_ROOT_DIR: /opt/hostedtoolcache/Python/3.12.9/x64
2026-10-09T17:46:42.1043343Z   Python2_ROOT_DIR: /opt/hostedtoolcache/Python/3.12.9/x64
2026-10-09T17:46:42.1043692Z   Python3_ROOT_DIR: /opt/hostedtoolcache/Python/3.12.9/x64
2026-10-09T17:46:42.1044088Z   LD_LIBRARY_PATH: /opt/hostedtoolcache/Python/3.12.9/x64/lib
2026-10-09T17:46:42.1044406Z   EXECUTION_RESULT: cancelled
2026-10-09T17:46:42.1044636Z   TCP_RESULT: success
2026-10-09T17:46:42.1044863Z ##[endgroup]
2026-10-09T17:46:42.1141546Z ##[error]Process completed with exit code 1.
2026-10-09T17:46:42.1286047Z Post job cleanup.
2026-10-09T17:46:42.2077918Z [command]/usr/bin/git version
2026-10-09T17:46:42.2112837Z git version 2.55.0
2026-10-09T17:46:42.2146325Z Temporarily overriding HOME='/home/runner/work/_temp/9a2e8984-9f3b-47d1-947a-16796e18500b' before making global git config changes
2026-10-09T17:46:42.2147730Z Adding repository directory to the temporary git global config as a safe directory
2026-10-09T17:46:42.2151243Z [command]/usr/bin/git config --global --add safe.directory /home/runner/work/AI-Novel-Studio/AI-Novel-Studio
2026-10-09T17:46:42.2189578Z [command]/usr/bin/git config --local --name-only --get-regexp core\.sshCommand
2026-10-09T17:46:42.2220882Z [command]/usr/bin/git submodule foreach --recursive sh -c "git config --local --name-only --get-regexp 'core\.sshCommand' && git config --local --unset-all 'core.sshCommand' || :"
2026-10-09T17:46:42.2436590Z [command]/usr/bin/git config --local --name-only --get-regexp http\.https\:\/\/github\.com\/\.extraheader
2026-10-09T17:46:42.2465217Z [command]/usr/bin/git submodule foreach --recursive sh -c "git config --local --name-only --get-regexp 'http\.https\:\/\/github\.com\/\.extraheader' && git config --local --unset-all 'http.https://github.com/.extraheader' || :"
2026-10-09T17:46:42.2812628Z Cleaning up orphan processes
2026-10-09T17:46:42.3028561Z ##[warning]Node.js 20 is deprecated. The following actions target Node.js 20 but are being forced to run on Node.js 24: actions/checkout@v4.2.2, actions/setup-python@v5.6.0. For more information see: https://github.blog/changelog/2025-09-19-deprecation-of-node-20-on-github-actions-runners/
