2026-10-09T16:55:07.8902283Z Current runner version: '2.337.0'
2026-10-09T16:55:07.8926599Z ##[group]Runner Image Provisioner
2026-10-09T16:55:07.8927564Z Hosted Compute Agent
2026-10-09T16:55:07.8928188Z Version: 20261002.596
2026-10-09T16:55:07.8928824Z Commit: c3d12f3313a95f25162a1503be624f3b0617f8c0
2026-10-09T16:55:07.8929696Z Build Date: 2026-10-02T22:28:27Z
2026-10-09T16:55:07.8930423Z Worker ID: {8b590b89-add2-4ce6-ac49-f588f8ed77a6}
2026-10-09T16:55:07.8931277Z Region: westcentralus
2026-10-09T16:55:07.8931892Z Cloud: Azure
2026-10-09T16:55:07.8932423Z ##[endgroup]
2026-10-09T16:55:07.8934332Z ##[group]Operating System
2026-10-09T16:55:07.8935010Z Ubuntu
2026-10-09T16:55:07.8935972Z 24.04.5
2026-10-09T16:55:07.8936550Z LTS
2026-10-09T16:55:07.8937101Z ##[endgroup]
2026-10-09T16:55:07.8937779Z ##[group]Runner Image
2026-10-09T16:55:07.8938438Z Image: ubuntu-24.04
2026-10-09T16:55:07.8939141Z Version: 20261004.327.1
2026-10-09T16:55:07.8940441Z Included Software: https://github.com/actions/runner-images/blob/ubuntu24/20261004.327/images/ubuntu/Ubuntu2404-Readme.md
2026-10-09T16:55:07.8942113Z Image Release: https://github.com/actions/runner-images/releases/tag/ubuntu24%2F20261004.327
2026-10-09T16:55:07.8943146Z ##[endgroup]
2026-10-09T16:55:07.8944360Z ##[group]GITHUB_TOKEN Permissions
2026-10-09T16:55:07.8946854Z Contents: read
2026-10-09T16:55:07.8947594Z Metadata: read
2026-10-09T16:55:07.8948208Z ##[endgroup]
2026-10-09T16:55:07.8950257Z Secret source: Actions
2026-10-09T16:55:07.8951291Z Cache mode: write
2026-10-09T16:55:07.8952090Z Prepare workflow directory
2026-10-09T16:55:07.9352846Z Prepare all required actions
2026-10-09T16:55:07.9400589Z Getting action download info
2026-10-09T16:55:08.2436898Z Download action repository 'actions/checkout@v4.2.2' (SHA:11bd71901bbe5b1630ceea73d27597364c9af683)
2026-10-09T16:55:08.3420324Z Download action repository 'actions/setup-python@v5.6.0' (SHA:a26af69be951a213d495a4c3e4e4022e16d87065)
2026-10-09T16:55:08.4242596Z Download action repository 'actions/upload-artifact@v4.6.2' (SHA:ea165f8d65b6e75b540449e92b4886f43607fa02)
2026-10-09T16:55:08.6357146Z Complete job name: Backend execution / original File TCP
2026-10-09T16:55:08.7109328Z ##[group]Run actions/checkout@v4.2.2
2026-10-09T16:55:08.7110160Z with:
2026-10-09T16:55:08.7110605Z   persist-credentials: false
2026-10-09T16:55:08.7111169Z   repository: 1785235376-blip/AI-Novel-Studio
2026-10-09T16:55:08.7115513Z   token: ***
2026-10-09T16:55:08.7115952Z   ssh-strict: true
2026-10-09T16:55:08.7116398Z   ssh-user: git
2026-10-09T16:55:08.7116819Z   clean: true
2026-10-09T16:55:08.7117264Z   sparse-checkout-cone-mode: true
2026-10-09T16:55:08.7117782Z   fetch-depth: 1
2026-10-09T16:55:08.7118209Z   fetch-tags: false
2026-10-09T16:55:08.7118650Z   show-progress: true
2026-10-09T16:55:08.7119098Z   lfs: false
2026-10-09T16:55:08.7119520Z   submodules: false
2026-10-09T16:55:08.7119963Z   set-safe-directory: true
2026-10-09T16:55:08.7120611Z env:
2026-10-09T16:55:08.7121021Z   MOCK_PROVIDER: true
2026-10-09T16:55:08.7121473Z   MOCK_STREAM_DELAY_MS: 0
2026-10-09T16:55:08.7121957Z   ENABLE_CLOUD: false
2026-10-09T16:55:08.7122418Z   CREDENTIAL_VAULT_BACKEND: memory
2026-10-09T16:55:08.7123012Z   CREDENTIAL_VAULT_ALLOW_MEMORY_FALLBACK: true
2026-10-09T16:55:08.7123608Z   PYTHONDONTWRITEBYTECODE: 1
2026-10-09T16:55:08.7124098Z   HF_HUB_OFFLINE: 1
2026-10-09T16:55:08.7124537Z   TRANSFORMERS_OFFLINE: 1
2026-10-09T16:55:08.7125001Z ##[endgroup]
2026-10-09T16:55:08.8112496Z Syncing repository: 1785235376-blip/AI-Novel-Studio
2026-10-09T16:55:08.8114857Z ##[group]Getting Git version info
2026-10-09T16:55:08.8116026Z Working directory is '/home/runner/work/AI-Novel-Studio/AI-Novel-Studio'
2026-10-09T16:55:08.8117466Z [command]/usr/bin/git version
2026-10-09T16:55:08.8178812Z git version 2.55.0
2026-10-09T16:55:08.8199867Z ##[endgroup]
2026-10-09T16:55:08.8214901Z Temporarily overriding HOME='/home/runner/work/_temp/913fa7ee-7e0b-49e6-8e50-deaf10eacb1b' before making global git config changes
2026-10-09T16:55:08.8216758Z Adding repository directory to the temporary git global config as a safe directory
2026-10-09T16:55:08.8222927Z [command]/usr/bin/git config --global --add safe.directory /home/runner/work/AI-Novel-Studio/AI-Novel-Studio
2026-10-09T16:55:08.8283526Z Deleting the contents of '/home/runner/work/AI-Novel-Studio/AI-Novel-Studio'
2026-10-09T16:55:08.8288174Z ##[group]Initializing the repository
2026-10-09T16:55:08.8293735Z [command]/usr/bin/git init /home/runner/work/AI-Novel-Studio/AI-Novel-Studio
2026-10-09T16:55:08.8405842Z hint: Using 'master' as the name for the initial branch. This default branch name
2026-10-09T16:55:08.8407122Z hint: will change to "main" in Git 3.0. To configure the initial branch name
2026-10-09T16:55:08.8408085Z hint: to use in all of your new repositories, which will suppress this warning,
2026-10-09T16:55:08.8408837Z hint: call:
2026-10-09T16:55:08.8409241Z hint:
2026-10-09T16:55:08.8409771Z hint: 	git config --global init.defaultBranch <name>
2026-10-09T16:55:08.8410398Z hint:
2026-10-09T16:55:08.8410993Z hint: Names commonly chosen instead of 'master' are 'main', 'trunk' and
2026-10-09T16:55:08.8411979Z hint: 'development'. The just-created branch can be renamed via this command:
2026-10-09T16:55:08.8412701Z hint:
2026-10-09T16:55:08.8413129Z hint: 	git branch -m <name>
2026-10-09T16:55:08.8413610Z hint:
2026-10-09T16:55:08.8414253Z hint: Disable this message with "git config set advice.defaultBranchName false"
2026-10-09T16:55:08.8418853Z Initialized empty Git repository in /home/runner/work/AI-Novel-Studio/AI-Novel-Studio/.git/
2026-10-09T16:55:08.8430016Z [command]/usr/bin/git remote add origin https://github.com/1785235376-blip/AI-Novel-Studio
2026-10-09T16:55:08.8479796Z ##[endgroup]
2026-10-09T16:55:08.8480983Z ##[group]Disabling automatic garbage collection
2026-10-09T16:55:08.8483791Z [command]/usr/bin/git config --local gc.auto 0
2026-10-09T16:55:08.8517019Z ##[endgroup]
2026-10-09T16:55:08.8517752Z ##[group]Setting up auth
2026-10-09T16:55:08.8526141Z [command]/usr/bin/git config --local --name-only --get-regexp core\.sshCommand
2026-10-09T16:55:08.8568210Z [command]/usr/bin/git submodule foreach --recursive sh -c "git config --local --name-only --get-regexp 'core\.sshCommand' && git config --local --unset-all 'core.sshCommand' || :"
2026-10-09T16:55:08.8967804Z [command]/usr/bin/git config --local --name-only --get-regexp http\.https\:\/\/github\.com\/\.extraheader
2026-10-09T16:55:08.9012386Z [command]/usr/bin/git submodule foreach --recursive sh -c "git config --local --name-only --get-regexp 'http\.https\:\/\/github\.com\/\.extraheader' && git config --local --unset-all 'http.https://github.com/.extraheader' || :"
2026-10-09T16:55:08.9271294Z [command]/usr/bin/git config --local http.https://github.com/.extraheader AUTHORIZATION: basic ***
2026-10-09T16:55:08.9322288Z ##[endgroup]
2026-10-09T16:55:08.9323548Z ##[group]Fetching the repository
2026-10-09T16:55:08.9334065Z [command]/usr/bin/git -c protocol.version=2 fetch --no-tags --prune --no-recurse-submodules --depth=1 origin +c386b0608ae92d18c351b5cb6e367380808a45cf:refs/remotes/origin/feature/v2-narrative-platform
2026-10-09T16:55:13.1633342Z From https://github.com/1785235376-blip/AI-Novel-Studio
2026-10-09T16:55:13.1635786Z  * [new ref]         c386b0608ae92d18c351b5cb6e367380808a45cf -> origin/feature/v2-narrative-platform
2026-10-09T16:55:13.1640273Z ##[endgroup]
2026-10-09T16:55:13.1642051Z ##[group]Determining the checkout info
2026-10-09T16:55:13.1643795Z ##[endgroup]
2026-10-09T16:55:13.1648636Z [command]/usr/bin/git sparse-checkout disable
2026-10-09T16:55:13.1710375Z [command]/usr/bin/git config --local --unset-all extensions.worktreeConfig
2026-10-09T16:55:13.1746565Z ##[group]Checking out the ref
2026-10-09T16:55:13.1750796Z [command]/usr/bin/git checkout --progress --force -B feature/v2-narrative-platform refs/remotes/origin/feature/v2-narrative-platform
2026-10-09T16:55:13.9110681Z Switched to a new branch 'feature/v2-narrative-platform'
2026-10-09T16:55:13.9114867Z branch 'feature/v2-narrative-platform' set up to track 'origin/feature/v2-narrative-platform'.
2026-10-09T16:55:13.9165687Z ##[endgroup]
2026-10-09T16:55:13.9220004Z [command]/usr/bin/git log -1 --format=%H
2026-10-09T16:55:13.9256311Z c386b0608ae92d18c351b5cb6e367380808a45cf
2026-10-09T16:55:13.9265578Z ##[group]Removing auth
2026-10-09T16:55:13.9269414Z [command]/usr/bin/git config --local --name-only --get-regexp core\.sshCommand
2026-10-09T16:55:13.9304683Z [command]/usr/bin/git submodule foreach --recursive sh -c "git config --local --name-only --get-regexp 'core\.sshCommand' && git config --local --unset-all 'core.sshCommand' || :"
2026-10-09T16:55:13.9548122Z [command]/usr/bin/git config --local --name-only --get-regexp http\.https\:\/\/github\.com\/\.extraheader
2026-10-09T16:55:13.9582238Z http.https://github.com/.extraheader
2026-10-09T16:55:13.9587800Z [command]/usr/bin/git config --local --unset-all http.https://github.com/.extraheader
2026-10-09T16:55:13.9631101Z [command]/usr/bin/git submodule foreach --recursive sh -c "git config --local --name-only --get-regexp 'http\.https\:\/\/github\.com\/\.extraheader' && git config --local --unset-all 'http.https://github.com/.extraheader' || :"
2026-10-09T16:55:13.9868650Z ##[endgroup]
2026-10-09T16:55:14.0200454Z ##[group]Run actions/setup-python@v5.6.0
2026-10-09T16:55:14.0200884Z with:
2026-10-09T16:55:14.0201217Z   python-version: 3.12.9
2026-10-09T16:55:14.0201577Z   check-latest: false
2026-10-09T16:55:14.0204896Z   token: ***
2026-10-09T16:55:14.0205465Z   update-environment: true
2026-10-09T16:55:14.0205844Z   allow-prereleases: false
2026-10-09T16:55:14.0206210Z   freethreaded: false
2026-10-09T16:55:14.0206543Z env:
2026-10-09T16:55:14.0206826Z   MOCK_PROVIDER: true
2026-10-09T16:55:14.0207154Z   MOCK_STREAM_DELAY_MS: 0
2026-10-09T16:55:14.0207485Z   ENABLE_CLOUD: false
2026-10-09T16:55:14.0207803Z   CREDENTIAL_VAULT_BACKEND: memory
2026-10-09T16:55:14.0208206Z   CREDENTIAL_VAULT_ALLOW_MEMORY_FALLBACK: true
2026-10-09T16:55:14.0208618Z   PYTHONDONTWRITEBYTECODE: 1
2026-10-09T16:55:14.0208958Z   HF_HUB_OFFLINE: 1
2026-10-09T16:55:14.0209279Z   TRANSFORMERS_OFFLINE: 1
2026-10-09T16:55:14.0209594Z ##[endgroup]
2026-10-09T16:55:14.1522359Z ##[group]Installed versions
2026-10-09T16:55:14.1540416Z Version 3.12.9 was not found in the local cache
2026-10-09T16:55:14.1663938Z (node:2397) [DEP0040] DeprecationWarning: The `punycode` module is deprecated. Please use a userland alternative instead.
2026-10-09T16:55:14.1665695Z (Use `node --trace-deprecation ...` to show where the warning was created)
2026-10-09T16:55:15.2587768Z Version 3.12.9 is available for downloading
2026-10-09T16:55:15.2589413Z Download from "https://github.com/actions/python-versions/releases/download/3.12.9-13149478207/python-3.12.9-linux-24.04-x64.tar.gz"
2026-10-09T16:55:16.2109697Z Extract downloaded archive
2026-10-09T16:55:16.2236651Z [command]/usr/bin/tar xz --warning=no-unknown-keyword --overwrite -C /home/runner/work/_temp/95f7ac17-2471-4ea5-86ee-a0dd636734ad -f /home/runner/work/_temp/d1dab913-9f19-43bb-bcea-0f4eed8ac0c3
2026-10-09T16:55:18.4417554Z Execute installation script
2026-10-09T16:55:18.4519971Z Check if Python hostedtoolcache folder exist...
2026-10-09T16:55:18.4520792Z Create Python 3.12.9 folder
2026-10-09T16:55:18.4537570Z Copy Python binaries to hostedtoolcache folder
2026-10-09T16:55:18.9441341Z Create additional symlinks (Required for the UsePythonVersion Azure Pipelines task and the setup-python GitHub Action)
2026-10-09T16:55:18.9484429Z Upgrading pip...
2026-10-09T16:55:21.3276934Z Looking in links: /tmp/tmp80rq_ztn
2026-10-09T16:55:21.3281273Z Requirement already satisfied: pip in /opt/hostedtoolcache/Python/3.12.9/x64/lib/python3.12/site-packages (24.3.1)
2026-10-09T16:55:22.9516358Z Collecting pip
2026-10-09T16:55:23.0300307Z Downloading pip-26.2.1-py3-none-any.whl.metadata (4.6 kB)
2026-10-09T16:55:23.0525951Z Downloading pip-26.2.1-py3-none-any.whl (1.8 MB)
2026-10-09T16:55:23.1783981Z ━━━━━━━━━━━━━━━━━━━━━━━━━━━━━━━━━━━━━━━━ 1.8/1.8 MB 21.7 MB/s eta 0:00:00
2026-10-09T16:55:23.1784724Z 
2026-10-09T16:55:23.1999008Z Installing collected packages: pip
2026-10-09T16:55:23.2006752Z Attempting uninstall: pip
2026-10-09T16:55:23.2022878Z Found existing installation: pip 24.3.1
2026-10-09T16:55:23.2346314Z Uninstalling pip-24.3.1:
2026-10-09T16:55:23.2401071Z Successfully uninstalled pip-24.3.1
2026-10-09T16:55:24.1517351Z Successfully installed pip-26.2.1
2026-10-09T16:55:24.2054742Z Create complete file
2026-10-09T16:55:24.2096509Z Successfully set up CPython (3.12.9)
2026-10-09T16:55:24.2097538Z ##[endgroup]
2026-10-09T16:55:24.2272155Z ##[group]Run bash .github/ci/prepare.sh backend-tcp
2026-10-09T16:55:24.2272641Z [36;1mbash .github/ci/prepare.sh backend-tcp[0m
2026-10-09T16:55:24.2533810Z shell: /usr/bin/bash -e {0}
2026-10-09T16:55:24.2534130Z env:
2026-10-09T16:55:24.2534373Z   MOCK_PROVIDER: true
2026-10-09T16:55:24.2534657Z   MOCK_STREAM_DELAY_MS: 0
2026-10-09T16:55:24.2534903Z   ENABLE_CLOUD: false
2026-10-09T16:55:24.2535403Z   CREDENTIAL_VAULT_BACKEND: memory
2026-10-09T16:55:24.2535741Z   CREDENTIAL_VAULT_ALLOW_MEMORY_FALLBACK: true
2026-10-09T16:55:24.2536101Z   PYTHONDONTWRITEBYTECODE: 1
2026-10-09T16:55:24.2536382Z   HF_HUB_OFFLINE: 1
2026-10-09T16:55:24.2536609Z   TRANSFORMERS_OFFLINE: 1
2026-10-09T16:55:24.2536920Z   pythonLocation: /opt/hostedtoolcache/Python/3.12.9/x64
2026-10-09T16:55:24.2537385Z   PKG_CONFIG_PATH: /opt/hostedtoolcache/Python/3.12.9/x64/lib/pkgconfig
2026-10-09T16:55:24.2537828Z   Python_ROOT_DIR: /opt/hostedtoolcache/Python/3.12.9/x64
2026-10-09T16:55:24.2538255Z   Python2_ROOT_DIR: /opt/hostedtoolcache/Python/3.12.9/x64
2026-10-09T16:55:24.2538643Z   Python3_ROOT_DIR: /opt/hostedtoolcache/Python/3.12.9/x64
2026-10-09T16:55:24.2539025Z   LD_LIBRARY_PATH: /opt/hostedtoolcache/Python/3.12.9/x64/lib
2026-10-09T16:55:24.2539362Z ##[endgroup]
2026-10-09T16:55:25.1088804Z ##[group]Run python -m pip install -c .github/ci/python-constraints.txt -e '.[dev,fontbuild,otio,comic]'
2026-10-09T16:55:25.1089604Z [36;1mpython -m pip install -c .github/ci/python-constraints.txt -e '.[dev,fontbuild,otio,comic]'[0m
2026-10-09T16:55:25.1090135Z [36;1mpython -m pip check[0m
2026-10-09T16:55:25.1090577Z [36;1mpython -m pip freeze --exclude-editable > "$CI_RECEIPTS/python-packages.txt"[0m
2026-10-09T16:55:25.1164188Z shell: /usr/bin/bash -e {0}
2026-10-09T16:55:25.1164451Z env:
2026-10-09T16:55:25.1164660Z   MOCK_PROVIDER: true
2026-10-09T16:55:25.1164903Z   MOCK_STREAM_DELAY_MS: 0
2026-10-09T16:55:25.1165333Z   ENABLE_CLOUD: false
2026-10-09T16:55:25.1165573Z   CREDENTIAL_VAULT_BACKEND: memory
2026-10-09T16:55:25.1165872Z   CREDENTIAL_VAULT_ALLOW_MEMORY_FALLBACK: true
2026-10-09T16:55:25.1166190Z   PYTHONDONTWRITEBYTECODE: 1
2026-10-09T16:55:25.1166437Z   HF_HUB_OFFLINE: 1
2026-10-09T16:55:25.1166656Z   TRANSFORMERS_OFFLINE: 1
2026-10-09T16:55:25.1167006Z   pythonLocation: /opt/hostedtoolcache/Python/3.12.9/x64
2026-10-09T16:55:25.1167457Z   PKG_CONFIG_PATH: /opt/hostedtoolcache/Python/3.12.9/x64/lib/pkgconfig
2026-10-09T16:55:25.1167878Z   Python_ROOT_DIR: /opt/hostedtoolcache/Python/3.12.9/x64
2026-10-09T16:55:25.1168257Z   Python2_ROOT_DIR: /opt/hostedtoolcache/Python/3.12.9/x64
2026-10-09T16:55:25.1168654Z   Python3_ROOT_DIR: /opt/hostedtoolcache/Python/3.12.9/x64
2026-10-09T16:55:25.1169035Z   LD_LIBRARY_PATH: /opt/hostedtoolcache/Python/3.12.9/x64/lib
2026-10-09T16:55:25.1169427Z   CI_COVERAGE_SHA: c386b0608ae92d18c351b5cb6e367380808a45cf
2026-10-09T16:55:25.1169797Z   CI_COVERAGE_TREE: 2ec6365e1f1f183f029c9f0a94d040d134e22b47
2026-10-09T16:55:25.1170205Z   CI_SANDBOX: /home/runner/work/_temp/novel-ci-backend-tcp.IGQ7L5
2026-10-09T16:55:25.1170658Z   CI_PROJECT: /home/runner/work/_temp/novel-ci-backend-tcp.IGQ7L5/project
2026-10-09T16:55:25.1171133Z   CI_RECEIPTS: /home/runner/work/_temp/novel-ci-backend-tcp.IGQ7L5/receipts
2026-10-09T16:55:25.1171584Z   HOME: /home/runner/work/_temp/novel-ci-backend-tcp.IGQ7L5/home
2026-10-09T16:55:25.1172019Z   USERPROFILE: /home/runner/work/_temp/novel-ci-backend-tcp.IGQ7L5/home
2026-10-09T16:55:25.1172477Z   APPDATA: /home/runner/work/_temp/novel-ci-backend-tcp.IGQ7L5/appdata
2026-10-09T16:55:25.1173177Z   LOCALAPPDATA: /home/runner/work/_temp/novel-ci-backend-tcp.IGQ7L5/localappdata
2026-10-09T16:55:25.1173692Z   XDG_CONFIG_HOME: /home/runner/work/_temp/novel-ci-backend-tcp.IGQ7L5/config
2026-10-09T16:55:25.1174177Z   XDG_CACHE_HOME: /home/runner/work/_temp/novel-ci-backend-tcp.IGQ7L5/cache
2026-10-09T16:55:25.1174639Z   XDG_DATA_HOME: /home/runner/work/_temp/novel-ci-backend-tcp.IGQ7L5/data
2026-10-09T16:55:25.1175091Z   XDG_STATE_HOME: /home/runner/work/_temp/novel-ci-backend-tcp.IGQ7L5/state
2026-10-09T16:55:25.1175815Z   TMPDIR: /home/runner/work/_temp/novel-ci-backend-tcp.IGQ7L5/tmp
2026-10-09T16:55:25.1176238Z   TMP: /home/runner/work/_temp/novel-ci-backend-tcp.IGQ7L5/tmp
2026-10-09T16:55:25.1176652Z   TEMP: /home/runner/work/_temp/novel-ci-backend-tcp.IGQ7L5/tmp
2026-10-09T16:55:25.1177097Z   PROJECT_ROOT: /home/runner/work/_temp/novel-ci-backend-tcp.IGQ7L5/project
2026-10-09T16:55:25.1177599Z   NOVEL_DATA_PATH: /home/runner/work/_temp/novel-ci-backend-tcp.IGQ7L5/data/novels
2026-10-09T16:55:25.1178120Z   BACKUP_PATH: /home/runner/work/_temp/novel-ci-backend-tcp.IGQ7L5/data/backups
2026-10-09T16:55:25.1178678Z   DATABASE_BACKUP_PATH: /home/runner/work/_temp/novel-ci-backend-tcp.IGQ7L5/data/database-backups
2026-10-09T16:55:25.1179270Z   KNOWLEDGE_SOURCE_PATH: /home/runner/work/_temp/novel-ci-backend-tcp.IGQ7L5/data/novels
2026-10-09T16:55:25.1179689Z ##[endgroup]
2026-10-09T16:55:26.1002611Z Obtaining file:///home/runner/work/_temp/novel-ci-backend-tcp.IGQ7L5/project
2026-10-09T16:55:26.1019846Z   Installing build dependencies: started
2026-10-09T16:55:27.5128947Z   Installing build dependencies: finished with status 'done'
2026-10-09T16:55:27.5134847Z   Checking if build backend supports build_editable: started
2026-10-09T16:55:28.2290035Z   Checking if build backend supports build_editable: finished with status 'done'
2026-10-09T16:55:28.2297524Z   Getting requirements to build editable: started
2026-10-09T16:55:29.1706898Z   Getting requirements to build editable: finished with status 'done'
2026-10-09T16:55:29.1715746Z   Preparing editable metadata (pyproject.toml): started
2026-10-09T16:55:30.1066113Z   Preparing editable metadata (pyproject.toml): finished with status 'done'
2026-10-09T16:55:30.2644992Z Collecting fastapi<1,>=0.115 (from ai-novel-studio==0.7.0)
2026-10-09T16:55:30.3564794Z   Downloading fastapi-0.142.2-py3-none-any.whl.metadata (27 kB)
2026-10-09T16:55:30.4060456Z Collecting uvicorn<1,>=0.30 (from ai-novel-studio==0.7.0)
2026-10-09T16:55:30.4257356Z   Downloading uvicorn-0.54.0-py3-none-any.whl.metadata (6.6 kB)
2026-10-09T16:55:30.4566961Z Collecting psycopg<4,>=3.2 (from psycopg[binary]<4,>=3.2->ai-novel-studio==0.7.0)
2026-10-09T16:55:30.4759811Z   Downloading psycopg-3.3.6-py3-none-any.whl.metadata (4.4 kB)
2026-10-09T16:55:30.8143243Z Collecting sqlalchemy<3,>=2.0 (from ai-novel-studio==0.7.0)
2026-10-09T16:55:30.8337665Z   Downloading sqlalchemy-2.1.3-cp312-cp312-manylinux2014_x86_64.manylinux_2_17_x86_64.manylinux_2_28_x86_64.whl.metadata (9.7 kB)
2026-10-09T16:55:30.8694476Z Collecting httpx<1,>=0.27 (from ai-novel-studio==0.7.0)
2026-10-09T16:55:30.8887097Z   Downloading httpx-0.28.1-py3-none-any.whl.metadata (7.1 kB)
2026-10-09T16:55:30.9196677Z Collecting pydantic-settings<3,>=2.6 (from ai-novel-studio==0.7.0)
2026-10-09T16:55:30.9388672Z   Downloading pydantic_settings-2.15.0-py3-none-any.whl.metadata (3.9 kB)
2026-10-09T16:55:31.0408864Z Collecting reportlab<5,>=4.0 (from ai-novel-studio==0.7.0)
2026-10-09T16:55:31.0601623Z   Downloading reportlab-4.5.1-py3-none-any.whl.metadata (1.7 kB)
2026-10-09T16:55:31.0942202Z Collecting pypdf==6.19.0 (from ai-novel-studio==0.7.0)
2026-10-09T16:55:31.1133555Z   Downloading pypdf-6.19.0-py3-none-any.whl.metadata (7.5 kB)
2026-10-09T16:55:31.1522247Z Collecting jsonschema<5,>=4.18 (from ai-novel-studio==0.7.0)
2026-10-09T16:55:31.1713021Z   Downloading jsonschema-4.26.0-py3-none-any.whl.metadata (7.6 kB)
2026-10-09T16:55:31.2115124Z Collecting pytest<9,>=8 (from ai-novel-studio==0.7.0)
2026-10-09T16:55:31.2307655Z   Downloading pytest-8.4.2-py3-none-any.whl.metadata (7.7 kB)
2026-10-09T16:55:31.3703780Z Collecting fonttools==4.59.1 (from ai-novel-studio==0.7.0)
2026-10-09T16:55:31.3917210Z   Downloading fonttools-4.59.1-cp312-cp312-manylinux1_x86_64.manylinux2014_x86_64.manylinux_2_17_x86_64.manylinux_2_5_x86_64.whl.metadata (108 kB)
2026-10-09T16:55:31.4587292Z Collecting opentimelineio==0.18.1 (from ai-novel-studio==0.7.0)
2026-10-09T16:55:31.4790300Z   Downloading opentimelineio-0.18.1-cp312-cp312-manylinux2014_x86_64.manylinux_2_17_x86_64.whl.metadata (2.6 kB)
2026-10-09T16:55:31.6559463Z Collecting Pillow==12.3.0 (from ai-novel-studio==0.7.0)
2026-10-09T16:55:31.6754304Z   Downloading pillow-12.3.0-cp312-cp312-manylinux_2_27_x86_64.manylinux_2_28_x86_64.whl.metadata (9.1 kB)
2026-10-09T16:55:31.7147675Z Collecting starlette>=0.46.0 (from fastapi<1,>=0.115->ai-novel-studio==0.7.0)
2026-10-09T16:55:31.7339658Z   Downloading starlette-1.7.0-py3-none-any.whl.metadata (6.6 kB)
2026-10-09T16:55:31.8360054Z Collecting pydantic>=2.9.0 (from fastapi<1,>=0.115->ai-novel-studio==0.7.0)
2026-10-09T16:55:31.8560124Z   Downloading pydantic-2.13.5-py3-none-any.whl.metadata (110 kB)
2026-10-09T16:55:31.8943943Z Collecting typing-extensions>=4.8.0 (from fastapi<1,>=0.115->ai-novel-studio==0.7.0)
2026-10-09T16:55:31.9136113Z   Downloading typing_extensions-4.16.0-py3-none-any.whl.metadata (3.3 kB)
2026-10-09T16:55:31.9386046Z Collecting typing-inspection>=0.4.2 (from fastapi<1,>=0.115->ai-novel-studio==0.7.0)
2026-10-09T16:55:31.9577839Z   Downloading typing_inspection-0.4.4-py3-none-any.whl.metadata (2.6 kB)
2026-10-09T16:55:31.9897642Z Collecting annotated-doc>=0.0.2 (from fastapi<1,>=0.115->ai-novel-studio==0.7.0)
2026-10-09T16:55:32.0088877Z   Downloading annotated_doc-0.0.5-py3-none-any.whl.metadata (6.5 kB)
2026-10-09T16:55:32.0407165Z Collecting opentelemetry-api>=1.44.0 (from fastapi<1,>=0.115->ai-novel-studio==0.7.0)
2026-10-09T16:55:32.0599536Z   Downloading opentelemetry_api-1.45.0-py3-none-any.whl.metadata (1.4 kB)
2026-10-09T16:55:32.0908192Z Collecting anyio (from httpx<1,>=0.27->ai-novel-studio==0.7.0)
2026-10-09T16:55:32.1099846Z   Downloading anyio-4.15.1-py3-none-any.whl.metadata (4.7 kB)
2026-10-09T16:55:32.1397303Z Collecting certifi (from httpx<1,>=0.27->ai-novel-studio==0.7.0)
2026-10-09T16:55:32.1590675Z   Downloading certifi-2026.7.22-py3-none-any.whl.metadata (2.5 kB)
2026-10-09T16:55:32.1877625Z Collecting httpcore==1.* (from httpx<1,>=0.27->ai-novel-studio==0.7.0)
2026-10-09T16:55:32.2071090Z   Downloading httpcore-1.0.9-py3-none-any.whl.metadata (21 kB)
2026-10-09T16:55:32.2362944Z Collecting idna (from httpx<1,>=0.27->ai-novel-studio==0.7.0)
2026-10-09T16:55:32.2553466Z   Downloading idna-3.20-py3-none-any.whl.metadata (7.2 kB)
2026-10-09T16:55:32.2819705Z Collecting h11>=0.16 (from httpcore==1.*->httpx<1,>=0.27->ai-novel-studio==0.7.0)
2026-10-09T16:55:32.3011173Z   Downloading h11-0.16.0-py3-none-any.whl.metadata (8.3 kB)
2026-10-09T16:55:32.3291329Z Collecting attrs>=22.2.0 (from jsonschema<5,>=4.18->ai-novel-studio==0.7.0)
2026-10-09T16:55:32.3485381Z   Downloading attrs-26.1.0-py3-none-any.whl.metadata (8.8 kB)
2026-10-09T16:55:32.3750805Z Collecting jsonschema-specifications>=2023.03.6 (from jsonschema<5,>=4.18->ai-novel-studio==0.7.0)
2026-10-09T16:55:32.3943106Z   Downloading jsonschema_specifications-2025.9.1-py3-none-any.whl.metadata (2.9 kB)
2026-10-09T16:55:32.4278145Z Collecting referencing>=0.28.4 (from jsonschema<5,>=4.18->ai-novel-studio==0.7.0)
2026-10-09T16:55:32.4478074Z   Downloading referencing-0.37.0-py3-none-any.whl.metadata (2.8 kB)
2026-10-09T16:55:32.6891312Z Collecting rpds-py>=0.25.0 (from jsonschema<5,>=4.18->ai-novel-studio==0.7.0)
2026-10-09T16:55:32.7085765Z   Downloading rpds_py-2026.9.1-cp312-cp312-manylinux_2_17_x86_64.manylinux2014_x86_64.whl.metadata (4.1 kB)
2026-10-09T16:55:32.8836783Z Collecting psycopg-binary==3.3.6 (from psycopg[binary]<4,>=3.2->ai-novel-studio==0.7.0)
2026-10-09T16:55:32.9033147Z   Downloading psycopg_binary-3.3.6-cp312-cp312-manylinux2014_x86_64.manylinux_2_17_x86_64.whl.metadata (2.7 kB)
2026-10-09T16:55:32.9341175Z Collecting python-dotenv>=0.21.0 (from pydantic-settings<3,>=2.6->ai-novel-studio==0.7.0)
2026-10-09T16:55:32.9543983Z   Downloading python_dotenv-1.2.4-py3-none-any.whl.metadata (29 kB)
2026-10-09T16:55:32.9826912Z Collecting iniconfig>=1 (from pytest<9,>=8->ai-novel-studio==0.7.0)
2026-10-09T16:55:33.0026092Z   Downloading iniconfig-2.3.0-py3-none-any.whl.metadata (2.5 kB)
2026-10-09T16:55:33.0441646Z Collecting packaging>=20 (from pytest<9,>=8->ai-novel-studio==0.7.0)
2026-10-09T16:55:33.0632920Z   Downloading packaging-26.3-py3-none-any.whl.metadata (3.5 kB)
2026-10-09T16:55:33.0897797Z Collecting pluggy<2,>=1.5 (from pytest<9,>=8->ai-novel-studio==0.7.0)
2026-10-09T16:55:33.1097729Z   Downloading pluggy-1.6.0-py3-none-any.whl.metadata (4.8 kB)
2026-10-09T16:55:33.1407008Z Collecting pygments>=2.7.2 (from pytest<9,>=8->ai-novel-studio==0.7.0)
2026-10-09T16:55:33.1600989Z   Downloading pygments-2.21.0-py3-none-any.whl.metadata (2.5 kB)
2026-10-09T16:55:33.2812167Z Collecting charset-normalizer (from reportlab<5,>=4.0->ai-novel-studio==0.7.0)
2026-10-09T16:55:33.3023259Z   Downloading charset_normalizer-3.5.2-cp312-cp312-manylinux2014_x86_64.manylinux_2_17_x86_64.manylinux_2_28_x86_64.whl.metadata (46 kB)
2026-10-09T16:55:33.3387239Z Collecting click>=7.0 (from uvicorn<1,>=0.30->ai-novel-studio==0.7.0)
2026-10-09T16:55:33.3579608Z   Downloading click-8.5.0-py3-none-any.whl.metadata (2.6 kB)
2026-10-09T16:55:33.3892977Z Collecting annotated-types>=0.6.0 (from pydantic>=2.9.0->fastapi<1,>=0.115->ai-novel-studio==0.7.0)
2026-10-09T16:55:33.4086260Z   Downloading annotated_types-0.8.0-py3-none-any.whl.metadata (15 kB)
2026-10-09T16:55:34.0436144Z Collecting pydantic-core==2.46.5 (from pydantic>=2.9.0->fastapi<1,>=0.115->ai-novel-studio==0.7.0)
2026-10-09T16:55:34.0629485Z   Downloading pydantic_core-2.46.5-cp312-cp312-manylinux_2_17_x86_64.manylinux2014_x86_64.whl.metadata (6.6 kB)
2026-10-09T16:55:34.0991872Z Downloading fonttools-4.59.1-cp312-cp312-manylinux1_x86_64.manylinux2014_x86_64.manylinux_2_17_x86_64.manylinux_2_5_x86_64.whl (4.9 MB)
2026-10-09T16:55:34.2278595Z    ━━━━━━━━━━━━━━━━━━━━━━━━━━━━━━━━━━━━━━━━ 4.9/4.9 MB 43.1 MB/s  0:00:00
2026-10-09T16:55:34.2483804Z Downloading opentimelineio-0.18.1-cp312-cp312-manylinux2014_x86_64.manylinux_2_17_x86_64.whl (842 kB)
2026-10-09T16:55:34.2538159Z    ━━━━━━━━━━━━━━━━━━━━━━━━━━━━━━━━━━━━━━━━ 842.8/842.8 kB 183.9 MB/s  0:00:00
2026-10-09T16:55:34.2736905Z Downloading pillow-12.3.0-cp312-cp312-manylinux_2_27_x86_64.manylinux_2_28_x86_64.whl (6.9 MB)
2026-10-09T16:55:34.3180698Z    ━━━━━━━━━━━━━━━━━━━━━━━━━━━━━━━━━━━━━━━━ 6.9/6.9 MB 158.2 MB/s  0:00:00
2026-10-09T16:55:34.3380641Z Downloading pypdf-6.19.0-py3-none-any.whl (395 kB)
2026-10-09T16:55:34.3597616Z Downloading fastapi-0.142.2-py3-none-any.whl (144 kB)
2026-10-09T16:55:34.3809946Z Downloading httpx-0.28.1-py3-none-any.whl (73 kB)
2026-10-09T16:55:34.4019918Z Downloading httpcore-1.0.9-py3-none-any.whl (78 kB)
2026-10-09T16:55:34.4229742Z Downloading jsonschema-4.26.0-py3-none-any.whl (90 kB)
2026-10-09T16:55:34.4440997Z Downloading psycopg-3.3.6-py3-none-any.whl (215 kB)
2026-10-09T16:55:34.4657295Z Downloading psycopg_binary-3.3.6-cp312-cp312-manylinux2014_x86_64.manylinux_2_17_x86_64.whl (5.2 MB)
2026-10-09T16:55:34.4834108Z    ━━━━━━━━━━━━━━━━━━━━━━━━━━━━━━━━━━━━━━━━ 5.2/5.2 MB 328.6 MB/s  0:00:00
2026-10-09T16:55:34.5024974Z Downloading pydantic_settings-2.15.0-py3-none-any.whl (69 kB)
2026-10-09T16:55:34.5236534Z Downloading pytest-8.4.2-py3-none-any.whl (365 kB)
2026-10-09T16:55:34.5455499Z Downloading pluggy-1.6.0-py3-none-any.whl (20 kB)
2026-10-09T16:55:34.5667166Z Downloading reportlab-4.5.1-py3-none-any.whl (2.0 MB)
2026-10-09T16:55:34.5750665Z    ━━━━━━━━━━━━━━━━━━━━━━━━━━━━━━━━━━━━━━━━ 2.0/2.0 MB 284.2 MB/s  0:00:00
2026-10-09T16:55:34.5945527Z Downloading sqlalchemy-2.1.3-cp312-cp312-manylinux2014_x86_64.manylinux_2_17_x86_64.manylinux_2_28_x86_64.whl (4.7 MB)
2026-10-09T16:55:34.6110080Z    ━━━━━━━━━━━━━━━━━━━━━━━━━━━━━━━━━━━━━━━━ 4.7/4.7 MB 311.4 MB/s  0:00:00
2026-10-09T16:55:34.6301673Z Downloading uvicorn-0.54.0-py3-none-any.whl (87 kB)
2026-10-09T16:55:34.6519164Z Downloading annotated_doc-0.0.5-py3-none-any.whl (5.3 kB)
2026-10-09T16:55:34.6727435Z Downloading attrs-26.1.0-py3-none-any.whl (67 kB)
2026-10-09T16:55:34.6937391Z Downloading click-8.5.0-py3-none-any.whl (125 kB)
2026-10-09T16:55:34.7147332Z Downloading h11-0.16.0-py3-none-any.whl (37 kB)
2026-10-09T16:55:34.7362562Z Downloading iniconfig-2.3.0-py3-none-any.whl (7.5 kB)
2026-10-09T16:55:34.7570221Z Downloading jsonschema_specifications-2025.9.1-py3-none-any.whl (18 kB)
2026-10-09T16:55:34.7779699Z Downloading opentelemetry_api-1.45.0-py3-none-any.whl (60 kB)
2026-10-09T16:55:34.7991419Z Downloading packaging-26.3-py3-none-any.whl (129 kB)
2026-10-09T16:55:34.8202591Z Downloading pydantic-2.13.5-py3-none-any.whl (472 kB)
2026-10-09T16:55:34.8422524Z Downloading pydantic_core-2.46.5-cp312-cp312-manylinux_2_17_x86_64.manylinux2014_x86_64.whl (2.1 MB)
2026-10-09T16:55:34.8503601Z    ━━━━━━━━━━━━━━━━━━━━━━━━━━━━━━━━━━━━━━━━ 2.1/2.1 MB 307.9 MB/s  0:00:00
2026-10-09T16:55:34.8694172Z Downloading annotated_types-0.8.0-py3-none-any.whl (13 kB)
2026-10-09T16:55:34.8904598Z Downloading pygments-2.21.0-py3-none-any.whl (1.3 MB)
2026-10-09T16:55:34.8964419Z    ━━━━━━━━━━━━━━━━━━━━━━━━━━━━━━━━━━━━━━━━ 1.3/1.3 MB 246.4 MB/s  0:00:00
2026-10-09T16:55:34.9156331Z Downloading python_dotenv-1.2.4-py3-none-any.whl (23 kB)
2026-10-09T16:55:34.9362555Z Downloading referencing-0.37.0-py3-none-any.whl (26 kB)
2026-10-09T16:55:34.9571012Z Downloading rpds_py-2026.9.1-cp312-cp312-manylinux_2_17_x86_64.manylinux2014_x86_64.whl (371 kB)
2026-10-09T16:55:34.9784355Z Downloading starlette-1.7.0-py3-none-any.whl (78 kB)
2026-10-09T16:55:34.9993194Z Downloading anyio-4.15.1-py3-none-any.whl (132 kB)
2026-10-09T16:55:35.0204867Z Downloading idna-3.20-py3-none-any.whl (69 kB)
2026-10-09T16:55:35.0414285Z Downloading typing_extensions-4.16.0-py3-none-any.whl (45 kB)
2026-10-09T16:55:35.0623116Z Downloading typing_inspection-0.4.4-py3-none-any.whl (14 kB)
2026-10-09T16:55:35.0828383Z Downloading certifi-2026.7.22-py3-none-any.whl (136 kB)
2026-10-09T16:55:35.1040415Z Downloading charset_normalizer-3.5.2-cp312-cp312-manylinux2014_x86_64.manylinux_2_17_x86_64.manylinux_2_28_x86_64.whl (257 kB)
2026-10-09T16:55:35.2324238Z Building wheels for collected packages: ai-novel-studio
2026-10-09T16:55:35.2332916Z   Building editable for ai-novel-studio (pyproject.toml): started
2026-10-09T16:55:36.2246170Z   Building editable for ai-novel-studio (pyproject.toml): finished with status 'done'
2026-10-09T16:55:36.2251712Z   Created wheel for ai-novel-studio: filename=ai_novel_studio-0.7.0-0.editable-py3-none-any.whl size=3188 sha256=957c7c6945131693224e7c856d1bedc06258f267bd0513e858db4e7e91f4b6c2
2026-10-09T16:55:36.2253247Z   Stored in directory: /home/runner/work/_temp/novel-ci-backend-tcp.IGQ7L5/tmp/pip-ephem-wheel-cache-w92tyhf_/wheels/dc/c7/fb/5b9eb269d1210bacb3c9068231d2938bb9af9c74c631886ada
2026-10-09T16:55:36.2269037Z Successfully built ai-novel-studio
2026-10-09T16:55:36.3265546Z Installing collected packages: typing-extensions, rpds-py, python-dotenv, pypdf, pygments, psycopg-binary, pluggy, Pillow, packaging, opentimelineio, iniconfig, idna, h11, fonttools, click, charset-normalizer, certifi, attrs, annotated-types, annotated-doc, uvicorn, typing-inspection, sqlalchemy, reportlab, referencing, pytest, pydantic-core, psycopg, opentelemetry-api, httpcore, anyio, starlette, pydantic, jsonschema-specifications, httpx, pydantic-settings, jsonschema, fastapi, ai-novel-studio
2026-10-09T16:55:43.0853116Z 
2026-10-09T16:55:43.0897581Z Successfully installed Pillow-12.3.0 ai-novel-studio-0.7.0 annotated-doc-0.0.5 annotated-types-0.8.0 anyio-4.15.1 attrs-26.1.0 certifi-2026.7.22 charset-normalizer-3.5.2 click-8.5.0 fastapi-0.142.2 fonttools-4.59.1 h11-0.16.0 httpcore-1.0.9 httpx-0.28.1 idna-3.20 iniconfig-2.3.0 jsonschema-4.26.0 jsonschema-specifications-2025.9.1 opentelemetry-api-1.45.0 opentimelineio-0.18.1 packaging-26.3 pluggy-1.6.0 psycopg-3.3.6 psycopg-binary-3.3.6 pydantic-2.13.5 pydantic-core-2.46.5 pydantic-settings-2.15.0 pygments-2.21.0 pypdf-6.19.0 pytest-8.4.2 python-dotenv-1.2.4 referencing-0.37.0 reportlab-4.5.1 rpds-py-2026.9.1 sqlalchemy-2.1.3 starlette-1.7.0 typing-extensions-4.16.0 typing-inspection-0.4.4 uvicorn-0.54.0
2026-10-09T16:55:43.9459495Z No broken requirements found.
2026-10-09T16:55:45.3833431Z ##[group]Run python -m pytest -p no:cacheprovider --basetemp="$CI_SANDBOX/tcp-selftest" -q .github/ci/test_tcp_evidence.py --junitxml="$CI_RECEIPTS/tcp-harness.xml"
2026-10-09T16:55:45.3834597Z [36;1mpython -m pytest -p no:cacheprovider --basetemp="$CI_SANDBOX/tcp-selftest" -q .github/ci/test_tcp_evidence.py --junitxml="$CI_RECEIPTS/tcp-harness.xml"[0m
2026-10-09T16:55:45.3904000Z shell: /usr/bin/bash -e {0}
2026-10-09T16:55:45.3904262Z env:
2026-10-09T16:55:45.3904470Z   MOCK_PROVIDER: true
2026-10-09T16:55:45.3904709Z   MOCK_STREAM_DELAY_MS: 0
2026-10-09T16:55:45.3904946Z   ENABLE_CLOUD: false
2026-10-09T16:55:45.3905314Z   CREDENTIAL_VAULT_BACKEND: memory
2026-10-09T16:55:45.3905637Z   CREDENTIAL_VAULT_ALLOW_MEMORY_FALLBACK: true
2026-10-09T16:55:45.3905949Z   PYTHONDONTWRITEBYTECODE: 1
2026-10-09T16:55:45.3906196Z   HF_HUB_OFFLINE: 1
2026-10-09T16:55:45.3906413Z   TRANSFORMERS_OFFLINE: 1
2026-10-09T16:55:45.3906706Z   pythonLocation: /opt/hostedtoolcache/Python/3.12.9/x64
2026-10-09T16:55:45.3907187Z   PKG_CONFIG_PATH: /opt/hostedtoolcache/Python/3.12.9/x64/lib/pkgconfig
2026-10-09T16:55:45.3907609Z   Python_ROOT_DIR: /opt/hostedtoolcache/Python/3.12.9/x64
2026-10-09T16:55:45.3907983Z   Python2_ROOT_DIR: /opt/hostedtoolcache/Python/3.12.9/x64
2026-10-09T16:55:45.3908352Z   Python3_ROOT_DIR: /opt/hostedtoolcache/Python/3.12.9/x64
2026-10-09T16:55:45.3908724Z   LD_LIBRARY_PATH: /opt/hostedtoolcache/Python/3.12.9/x64/lib
2026-10-09T16:55:45.3909105Z   CI_COVERAGE_SHA: c386b0608ae92d18c351b5cb6e367380808a45cf
2026-10-09T16:55:45.3909481Z   CI_COVERAGE_TREE: 2ec6365e1f1f183f029c9f0a94d040d134e22b47
2026-10-09T16:55:45.3909895Z   CI_SANDBOX: /home/runner/work/_temp/novel-ci-backend-tcp.IGQ7L5
2026-10-09T16:55:45.3910357Z   CI_PROJECT: /home/runner/work/_temp/novel-ci-backend-tcp.IGQ7L5/project
2026-10-09T16:55:45.3910843Z   CI_RECEIPTS: /home/runner/work/_temp/novel-ci-backend-tcp.IGQ7L5/receipts
2026-10-09T16:55:45.3911305Z   HOME: /home/runner/work/_temp/novel-ci-backend-tcp.IGQ7L5/home
2026-10-09T16:55:45.3911744Z   USERPROFILE: /home/runner/work/_temp/novel-ci-backend-tcp.IGQ7L5/home
2026-10-09T16:55:45.3912200Z   APPDATA: /home/runner/work/_temp/novel-ci-backend-tcp.IGQ7L5/appdata
2026-10-09T16:55:45.3912689Z   LOCALAPPDATA: /home/runner/work/_temp/novel-ci-backend-tcp.IGQ7L5/localappdata
2026-10-09T16:55:45.3913208Z   XDG_CONFIG_HOME: /home/runner/work/_temp/novel-ci-backend-tcp.IGQ7L5/config
2026-10-09T16:55:45.3913683Z   XDG_CACHE_HOME: /home/runner/work/_temp/novel-ci-backend-tcp.IGQ7L5/cache
2026-10-09T16:55:45.3914141Z   XDG_DATA_HOME: /home/runner/work/_temp/novel-ci-backend-tcp.IGQ7L5/data
2026-10-09T16:55:45.3914591Z   XDG_STATE_HOME: /home/runner/work/_temp/novel-ci-backend-tcp.IGQ7L5/state
2026-10-09T16:55:45.3915030Z   TMPDIR: /home/runner/work/_temp/novel-ci-backend-tcp.IGQ7L5/tmp
2026-10-09T16:55:45.3915580Z   TMP: /home/runner/work/_temp/novel-ci-backend-tcp.IGQ7L5/tmp
2026-10-09T16:55:45.3915985Z   TEMP: /home/runner/work/_temp/novel-ci-backend-tcp.IGQ7L5/tmp
2026-10-09T16:55:45.3916436Z   PROJECT_ROOT: /home/runner/work/_temp/novel-ci-backend-tcp.IGQ7L5/project
2026-10-09T16:55:45.3916937Z   NOVEL_DATA_PATH: /home/runner/work/_temp/novel-ci-backend-tcp.IGQ7L5/data/novels
2026-10-09T16:55:45.3917445Z   BACKUP_PATH: /home/runner/work/_temp/novel-ci-backend-tcp.IGQ7L5/data/backups
2026-10-09T16:55:45.3918003Z   DATABASE_BACKUP_PATH: /home/runner/work/_temp/novel-ci-backend-tcp.IGQ7L5/data/database-backups
2026-10-09T16:55:45.3918637Z   KNOWLEDGE_SOURCE_PATH: /home/runner/work/_temp/novel-ci-backend-tcp.IGQ7L5/data/novels
2026-10-09T16:55:45.3919058Z ##[endgroup]
2026-10-09T16:55:46.9014857Z ........................................................................ [ 70%]
2026-10-09T16:55:49.7869388Z ..............................                                           [100%]
2026-10-09T16:55:49.7870352Z - generated xml file: /home/runner/work/_temp/novel-ci-backend-tcp.IGQ7L5/receipts/tcp-harness.xml -
2026-10-09T16:55:49.7871154Z 102 passed in 3.45s
2026-10-09T16:55:49.8244181Z ##[group]Run python .github/ci/tcp_evidence.py run \
2026-10-09T16:55:49.8244620Z [36;1mpython .github/ci/tcp_evidence.py run \[0m
2026-10-09T16:55:49.8245017Z [36;1m  --manifest .github/ci/coverage_manifest_v2.json.gz \[0m
2026-10-09T16:55:49.8245804Z [36;1m  --constraints .github/ci/python-constraints.txt --source-root "$CI_PROJECT" \[0m
2026-10-09T16:55:49.8246386Z [36;1m  --receipts "$CI_RECEIPTS" --basetemp "$CI_SANDBOX/sync-tcp-pytest"[0m
2026-10-09T16:55:49.8316910Z shell: /usr/bin/bash -e {0}
2026-10-09T16:55:49.8317172Z env:
2026-10-09T16:55:49.8317378Z   MOCK_PROVIDER: true
2026-10-09T16:55:49.8317618Z   MOCK_STREAM_DELAY_MS: 0
2026-10-09T16:55:49.8317880Z   ENABLE_CLOUD: false
2026-10-09T16:55:49.8318122Z   CREDENTIAL_VAULT_BACKEND: memory
2026-10-09T16:55:49.8318419Z   CREDENTIAL_VAULT_ALLOW_MEMORY_FALLBACK: true
2026-10-09T16:55:49.8318729Z   PYTHONDONTWRITEBYTECODE: 1
2026-10-09T16:55:49.8318979Z   HF_HUB_OFFLINE: 1
2026-10-09T16:55:49.8319242Z   TRANSFORMERS_OFFLINE: 1
2026-10-09T16:55:49.8319545Z   pythonLocation: /opt/hostedtoolcache/Python/3.12.9/x64
2026-10-09T16:55:49.8319985Z   PKG_CONFIG_PATH: /opt/hostedtoolcache/Python/3.12.9/x64/lib/pkgconfig
2026-10-09T16:55:49.8320396Z   Python_ROOT_DIR: /opt/hostedtoolcache/Python/3.12.9/x64
2026-10-09T16:55:49.8320769Z   Python2_ROOT_DIR: /opt/hostedtoolcache/Python/3.12.9/x64
2026-10-09T16:55:49.8321142Z   Python3_ROOT_DIR: /opt/hostedtoolcache/Python/3.12.9/x64
2026-10-09T16:55:49.8321516Z   LD_LIBRARY_PATH: /opt/hostedtoolcache/Python/3.12.9/x64/lib
2026-10-09T16:55:49.8321903Z   CI_COVERAGE_SHA: c386b0608ae92d18c351b5cb6e367380808a45cf
2026-10-09T16:55:49.8322287Z   CI_COVERAGE_TREE: 2ec6365e1f1f183f029c9f0a94d040d134e22b47
2026-10-09T16:55:49.8322698Z   CI_SANDBOX: /home/runner/work/_temp/novel-ci-backend-tcp.IGQ7L5
2026-10-09T16:55:49.8323150Z   CI_PROJECT: /home/runner/work/_temp/novel-ci-backend-tcp.IGQ7L5/project
2026-10-09T16:55:49.8323627Z   CI_RECEIPTS: /home/runner/work/_temp/novel-ci-backend-tcp.IGQ7L5/receipts
2026-10-09T16:55:49.8324085Z   HOME: /home/runner/work/_temp/novel-ci-backend-tcp.IGQ7L5/home
2026-10-09T16:55:49.8324530Z   USERPROFILE: /home/runner/work/_temp/novel-ci-backend-tcp.IGQ7L5/home
2026-10-09T16:55:49.8324996Z   APPDATA: /home/runner/work/_temp/novel-ci-backend-tcp.IGQ7L5/appdata
2026-10-09T16:55:49.8325715Z   LOCALAPPDATA: /home/runner/work/_temp/novel-ci-backend-tcp.IGQ7L5/localappdata
2026-10-09T16:55:49.8326224Z   XDG_CONFIG_HOME: /home/runner/work/_temp/novel-ci-backend-tcp.IGQ7L5/config
2026-10-09T16:55:49.8326723Z   XDG_CACHE_HOME: /home/runner/work/_temp/novel-ci-backend-tcp.IGQ7L5/cache
2026-10-09T16:55:49.8327195Z   XDG_DATA_HOME: /home/runner/work/_temp/novel-ci-backend-tcp.IGQ7L5/data
2026-10-09T16:55:49.8327678Z   XDG_STATE_HOME: /home/runner/work/_temp/novel-ci-backend-tcp.IGQ7L5/state
2026-10-09T16:55:49.8328127Z   TMPDIR: /home/runner/work/_temp/novel-ci-backend-tcp.IGQ7L5/tmp
2026-10-09T16:55:49.8328540Z   TMP: /home/runner/work/_temp/novel-ci-backend-tcp.IGQ7L5/tmp
2026-10-09T16:55:49.8328945Z   TEMP: /home/runner/work/_temp/novel-ci-backend-tcp.IGQ7L5/tmp
2026-10-09T16:55:49.8329381Z   PROJECT_ROOT: /home/runner/work/_temp/novel-ci-backend-tcp.IGQ7L5/project
2026-10-09T16:55:49.8329875Z   NOVEL_DATA_PATH: /home/runner/work/_temp/novel-ci-backend-tcp.IGQ7L5/data/novels
2026-10-09T16:55:49.8330384Z   BACKUP_PATH: /home/runner/work/_temp/novel-ci-backend-tcp.IGQ7L5/data/backups
2026-10-09T16:55:49.8330944Z   DATABASE_BACKUP_PATH: /home/runner/work/_temp/novel-ci-backend-tcp.IGQ7L5/data/database-backups
2026-10-09T16:55:49.8331540Z   KNOWLEDGE_SOURCE_PATH: /home/runner/work/_temp/novel-ci-backend-tcp.IGQ7L5/data/novels
2026-10-09T16:55:49.8332164Z   RUN_B10_TCP_SYNC_TEST: 1
2026-10-09T16:55:49.8332406Z   STORAGE_BACKEND: file
2026-10-09T16:55:49.8332629Z ##[endgroup]
2026-10-09T16:56:36.0454658Z ..                                                                       [100%]
2026-10-09T16:56:36.0455980Z - generated xml file: /home/runner/work/_temp/novel-ci-backend-tcp.IGQ7L5/receipts/sync-tcp.xml -
2026-10-09T16:56:36.0456491Z 2 passed in 41.31s
2026-10-09T16:56:36.0596198Z ##[group]Run python .github/ci/receipt.py "$CI_RECEIPTS"
2026-10-09T16:56:36.0596621Z [36;1mpython .github/ci/receipt.py "$CI_RECEIPTS"[0m
2026-10-09T16:56:36.0664006Z shell: /usr/bin/bash -e {0}
2026-10-09T16:56:36.0664267Z env:
2026-10-09T16:56:36.0664472Z   MOCK_PROVIDER: true
2026-10-09T16:56:36.0664704Z   MOCK_STREAM_DELAY_MS: 0
2026-10-09T16:56:36.0664945Z   ENABLE_CLOUD: false
2026-10-09T16:56:36.0665343Z   CREDENTIAL_VAULT_BACKEND: memory
2026-10-09T16:56:36.0665642Z   CREDENTIAL_VAULT_ALLOW_MEMORY_FALLBACK: true
2026-10-09T16:56:36.0665957Z   PYTHONDONTWRITEBYTECODE: 1
2026-10-09T16:56:36.0666224Z   HF_HUB_OFFLINE: 1
2026-10-09T16:56:36.0666441Z   TRANSFORMERS_OFFLINE: 1
2026-10-09T16:56:36.0666730Z   pythonLocation: /opt/hostedtoolcache/Python/3.12.9/x64
2026-10-09T16:56:36.0667150Z   PKG_CONFIG_PATH: /opt/hostedtoolcache/Python/3.12.9/x64/lib/pkgconfig
2026-10-09T16:56:36.0667557Z   Python_ROOT_DIR: /opt/hostedtoolcache/Python/3.12.9/x64
2026-10-09T16:56:36.0667973Z   Python2_ROOT_DIR: /opt/hostedtoolcache/Python/3.12.9/x64
2026-10-09T16:56:36.0668345Z   Python3_ROOT_DIR: /opt/hostedtoolcache/Python/3.12.9/x64
2026-10-09T16:56:36.0668717Z   LD_LIBRARY_PATH: /opt/hostedtoolcache/Python/3.12.9/x64/lib
2026-10-09T16:56:36.0669098Z   CI_COVERAGE_SHA: c386b0608ae92d18c351b5cb6e367380808a45cf
2026-10-09T16:56:36.0669476Z   CI_COVERAGE_TREE: 2ec6365e1f1f183f029c9f0a94d040d134e22b47
2026-10-09T16:56:36.0669889Z   CI_SANDBOX: /home/runner/work/_temp/novel-ci-backend-tcp.IGQ7L5
2026-10-09T16:56:36.0670340Z   CI_PROJECT: /home/runner/work/_temp/novel-ci-backend-tcp.IGQ7L5/project
2026-10-09T16:56:36.0670821Z   CI_RECEIPTS: /home/runner/work/_temp/novel-ci-backend-tcp.IGQ7L5/receipts
2026-10-09T16:56:36.0671268Z   HOME: /home/runner/work/_temp/novel-ci-backend-tcp.IGQ7L5/home
2026-10-09T16:56:36.0671697Z   USERPROFILE: /home/runner/work/_temp/novel-ci-backend-tcp.IGQ7L5/home
2026-10-09T16:56:36.0672152Z   APPDATA: /home/runner/work/_temp/novel-ci-backend-tcp.IGQ7L5/appdata
2026-10-09T16:56:36.0672659Z   LOCALAPPDATA: /home/runner/work/_temp/novel-ci-backend-tcp.IGQ7L5/localappdata
2026-10-09T16:56:36.0673210Z   XDG_CONFIG_HOME: /home/runner/work/_temp/novel-ci-backend-tcp.IGQ7L5/config
2026-10-09T16:56:36.0673696Z   XDG_CACHE_HOME: /home/runner/work/_temp/novel-ci-backend-tcp.IGQ7L5/cache
2026-10-09T16:56:36.0674159Z   XDG_DATA_HOME: /home/runner/work/_temp/novel-ci-backend-tcp.IGQ7L5/data
2026-10-09T16:56:36.0674608Z   XDG_STATE_HOME: /home/runner/work/_temp/novel-ci-backend-tcp.IGQ7L5/state
2026-10-09T16:56:36.0675041Z   TMPDIR: /home/runner/work/_temp/novel-ci-backend-tcp.IGQ7L5/tmp
2026-10-09T16:56:36.0675655Z   TMP: /home/runner/work/_temp/novel-ci-backend-tcp.IGQ7L5/tmp
2026-10-09T16:56:36.0676052Z   TEMP: /home/runner/work/_temp/novel-ci-backend-tcp.IGQ7L5/tmp
2026-10-09T16:56:36.0676487Z   PROJECT_ROOT: /home/runner/work/_temp/novel-ci-backend-tcp.IGQ7L5/project
2026-10-09T16:56:36.0676992Z   NOVEL_DATA_PATH: /home/runner/work/_temp/novel-ci-backend-tcp.IGQ7L5/data/novels
2026-10-09T16:56:36.0677503Z   BACKUP_PATH: /home/runner/work/_temp/novel-ci-backend-tcp.IGQ7L5/data/backups
2026-10-09T16:56:36.0678058Z   DATABASE_BACKUP_PATH: /home/runner/work/_temp/novel-ci-backend-tcp.IGQ7L5/data/database-backups
2026-10-09T16:56:36.0678651Z   KNOWLEDGE_SOURCE_PATH: /home/runner/work/_temp/novel-ci-backend-tcp.IGQ7L5/data/novels
2026-10-09T16:56:36.0679064Z ##[endgroup]
2026-10-09T16:56:36.2334470Z {
2026-10-09T16:56:36.2336553Z   "revision": "checked_out_sha=c386b0608ae92d18c351b5cb6e367380808a45cf\nevent_sha=c386b0608ae92d18c351b5cb6e367380808a45cf\nrun_url=https://github.com/1785235376-blip/AI-Novel-Studio/actions/runs/37962531356\njob=backend-tcp\nplatform=Linux; native Windows host/AppContainer/installer=NOT RUN\n",
2026-10-09T16:56:36.2338684Z   "test_reports": {
2026-10-09T16:56:36.2338993Z     "sync-tcp.xml": {
2026-10-09T16:56:36.2339295Z       "tests": 2,
2026-10-09T16:56:36.2339575Z       "failures": 0,
2026-10-09T16:56:36.2339860Z       "errors": 0,
2026-10-09T16:56:36.2340425Z       "skipped": 0
2026-10-09T16:56:36.2340706Z     },
2026-10-09T16:56:36.2340975Z     "tcp-harness.xml": {
2026-10-09T16:56:36.2341287Z       "tests": 102,
2026-10-09T16:56:36.2341575Z       "failures": 0,
2026-10-09T16:56:36.2341890Z       "errors": 0,
2026-10-09T16:56:36.2342187Z       "skipped": 0
2026-10-09T16:56:36.2342464Z     }
2026-10-09T16:56:36.2342725Z   },
2026-10-09T16:56:36.2343035Z   "report_status": "RECORDED",
2026-10-09T16:56:36.2343562Z   "native_windows_host_appcontainer_installer": "NOT RUN",
2026-10-09T16:56:36.2344195Z   "real_model_and_paid_provider_execution": "NOT RUN"
2026-10-09T16:56:36.2344686Z }
2026-10-09T16:56:36.2344842Z 
2026-10-09T16:56:36.2492870Z ##[group]Run actions/upload-artifact@v4.6.2
2026-10-09T16:56:36.2493176Z with:
2026-10-09T16:56:36.2493527Z   name: backend-tcp-c386b0608ae92d18c351b5cb6e367380808a45cf-attempt-1
2026-10-09T16:56:36.2494054Z   path: /home/runner/work/_temp/novel-ci-backend-tcp.IGQ7L5/receipts
2026-10-09T16:56:36.2494423Z   if-no-files-found: error
2026-10-09T16:56:36.2494664Z   retention-days: 14
2026-10-09T16:56:36.2494888Z   compression-level: 6
2026-10-09T16:56:36.2495110Z   overwrite: false
2026-10-09T16:56:36.2495543Z   include-hidden-files: false
2026-10-09T16:56:36.2495785Z env:
2026-10-09T16:56:36.2495981Z   MOCK_PROVIDER: true
2026-10-09T16:56:36.2496210Z   MOCK_STREAM_DELAY_MS: 0
2026-10-09T16:56:36.2496435Z   ENABLE_CLOUD: false
2026-10-09T16:56:36.2496657Z   CREDENTIAL_VAULT_BACKEND: memory
2026-10-09T16:56:36.2496952Z   CREDENTIAL_VAULT_ALLOW_MEMORY_FALLBACK: true
2026-10-09T16:56:36.2497266Z   PYTHONDONTWRITEBYTECODE: 1
2026-10-09T16:56:36.2497531Z   HF_HUB_OFFLINE: 1
2026-10-09T16:56:36.2497799Z   TRANSFORMERS_OFFLINE: 1
2026-10-09T16:56:36.2498104Z   pythonLocation: /opt/hostedtoolcache/Python/3.12.9/x64
2026-10-09T16:56:36.2498536Z   PKG_CONFIG_PATH: /opt/hostedtoolcache/Python/3.12.9/x64/lib/pkgconfig
2026-10-09T16:56:36.2498955Z   Python_ROOT_DIR: /opt/hostedtoolcache/Python/3.12.9/x64
2026-10-09T16:56:36.2499329Z   Python2_ROOT_DIR: /opt/hostedtoolcache/Python/3.12.9/x64
2026-10-09T16:56:36.2499703Z   Python3_ROOT_DIR: /opt/hostedtoolcache/Python/3.12.9/x64
2026-10-09T16:56:36.2500078Z   LD_LIBRARY_PATH: /opt/hostedtoolcache/Python/3.12.9/x64/lib
2026-10-09T16:56:36.2500459Z   CI_COVERAGE_SHA: c386b0608ae92d18c351b5cb6e367380808a45cf
2026-10-09T16:56:36.2500830Z   CI_COVERAGE_TREE: 2ec6365e1f1f183f029c9f0a94d040d134e22b47
2026-10-09T16:56:36.2501228Z   CI_SANDBOX: /home/runner/work/_temp/novel-ci-backend-tcp.IGQ7L5
2026-10-09T16:56:36.2501672Z   CI_PROJECT: /home/runner/work/_temp/novel-ci-backend-tcp.IGQ7L5/project
2026-10-09T16:56:36.2502159Z   CI_RECEIPTS: /home/runner/work/_temp/novel-ci-backend-tcp.IGQ7L5/receipts
2026-10-09T16:56:36.2502601Z   HOME: /home/runner/work/_temp/novel-ci-backend-tcp.IGQ7L5/home
2026-10-09T16:56:36.2503037Z   USERPROFILE: /home/runner/work/_temp/novel-ci-backend-tcp.IGQ7L5/home
2026-10-09T16:56:36.2503501Z   APPDATA: /home/runner/work/_temp/novel-ci-backend-tcp.IGQ7L5/appdata
2026-10-09T16:56:36.2503989Z   LOCALAPPDATA: /home/runner/work/_temp/novel-ci-backend-tcp.IGQ7L5/localappdata
2026-10-09T16:56:36.2504496Z   XDG_CONFIG_HOME: /home/runner/work/_temp/novel-ci-backend-tcp.IGQ7L5/config
2026-10-09T16:56:36.2505008Z   XDG_CACHE_HOME: /home/runner/work/_temp/novel-ci-backend-tcp.IGQ7L5/cache
2026-10-09T16:56:36.2505660Z   XDG_DATA_HOME: /home/runner/work/_temp/novel-ci-backend-tcp.IGQ7L5/data
2026-10-09T16:56:36.2506127Z   XDG_STATE_HOME: /home/runner/work/_temp/novel-ci-backend-tcp.IGQ7L5/state
2026-10-09T16:56:36.2506571Z   TMPDIR: /home/runner/work/_temp/novel-ci-backend-tcp.IGQ7L5/tmp
2026-10-09T16:56:36.2507187Z   TMP: /home/runner/work/_temp/novel-ci-backend-tcp.IGQ7L5/tmp
2026-10-09T16:56:36.2507589Z   TEMP: /home/runner/work/_temp/novel-ci-backend-tcp.IGQ7L5/tmp
2026-10-09T16:56:36.2508029Z   PROJECT_ROOT: /home/runner/work/_temp/novel-ci-backend-tcp.IGQ7L5/project
2026-10-09T16:56:36.2508532Z   NOVEL_DATA_PATH: /home/runner/work/_temp/novel-ci-backend-tcp.IGQ7L5/data/novels
2026-10-09T16:56:36.2509043Z   BACKUP_PATH: /home/runner/work/_temp/novel-ci-backend-tcp.IGQ7L5/data/backups
2026-10-09T16:56:36.2509599Z   DATABASE_BACKUP_PATH: /home/runner/work/_temp/novel-ci-backend-tcp.IGQ7L5/data/database-backups
2026-10-09T16:56:36.2510217Z   KNOWLEDGE_SOURCE_PATH: /home/runner/work/_temp/novel-ci-backend-tcp.IGQ7L5/data/novels
2026-10-09T16:56:36.2510642Z ##[endgroup]
2026-10-09T16:56:36.4270420Z (node:2608) [DEP0040] DeprecationWarning: The `punycode` module is deprecated. Please use a userland alternative instead.
2026-10-09T16:56:36.4271733Z (Use `node --trace-deprecation ...` to show where the warning was created)
2026-10-09T16:56:36.4437263Z With the provided path, there will be 7 files uploaded
2026-10-09T16:56:36.4438711Z Artifact name is valid!
2026-10-09T16:56:36.4439346Z Root directory input is valid!
2026-10-09T16:56:36.7691721Z Beginning upload of artifact content to blob storage
2026-10-09T16:56:36.8095837Z (node:2608) [DEP0169] DeprecationWarning: `url.parse()` behavior is not standardized and prone to errors that have security implications. Use the WHATWG URL API instead. CVEs are not issued for `url.parse()` vulnerabilities.
2026-10-09T16:56:37.1362338Z Uploaded bytes 168858
2026-10-09T16:56:37.1945384Z Finished uploading artifact content to blob storage!
2026-10-09T16:56:37.1946399Z SHA256 digest of uploaded artifact zip is 87f7440ea71f33911910ebd32fb0e9281c3eae08fc519a0d0ea56de4b6fc0336
2026-10-09T16:56:37.1949305Z Finalizing artifact upload
2026-10-09T16:56:37.4316734Z Artifact backend-tcp-c386b0608ae92d18c351b5cb6e367380808a45cf-attempt-1.zip successfully finalized. Artifact ID 11632661158
2026-10-09T16:56:37.4318564Z Artifact backend-tcp-c386b0608ae92d18c351b5cb6e367380808a45cf-attempt-1 has been successfully uploaded! Final size is 168858 bytes. Artifact ID is 11632661158
2026-10-09T16:56:37.4321794Z Artifact download URL: https://github.com/1785235376-blip/AI-Novel-Studio/actions/runs/37962531356/artifacts/11632661158
2026-10-09T16:56:37.4496520Z Post job cleanup.
2026-10-09T16:56:37.5705856Z (node:2621) [DEP0040] DeprecationWarning: The `punycode` module is deprecated. Please use a userland alternative instead.
2026-10-09T16:56:37.5706615Z (Use `node --trace-deprecation ...` to show where the warning was created)
2026-10-09T16:56:37.5925500Z Post job cleanup.
2026-10-09T16:56:37.6881776Z [command]/usr/bin/git version
2026-10-09T16:56:37.6936224Z git version 2.55.0
2026-10-09T16:56:37.6979983Z Temporarily overriding HOME='/home/runner/work/_temp/ddc83a01-7ed7-4cb4-b860-39025d41e222' before making global git config changes
2026-10-09T16:56:37.6981587Z Adding repository directory to the temporary git global config as a safe directory
2026-10-09T16:56:37.6986670Z [command]/usr/bin/git config --global --add safe.directory /home/runner/work/AI-Novel-Studio/AI-Novel-Studio
2026-10-09T16:56:37.7042001Z [command]/usr/bin/git config --local --name-only --get-regexp core\.sshCommand
2026-10-09T16:56:37.7090205Z [command]/usr/bin/git submodule foreach --recursive sh -c "git config --local --name-only --get-regexp 'core\.sshCommand' && git config --local --unset-all 'core.sshCommand' || :"
2026-10-09T16:56:37.7394480Z [command]/usr/bin/git config --local --name-only --get-regexp http\.https\:\/\/github\.com\/\.extraheader
2026-10-09T16:56:37.7435075Z [command]/usr/bin/git submodule foreach --recursive sh -c "git config --local --name-only --get-regexp 'http\.https\:\/\/github\.com\/\.extraheader' && git config --local --unset-all 'http.https://github.com/.extraheader' || :"
2026-10-09T16:56:37.7890143Z Cleaning up orphan processes
2026-10-09T16:56:37.8196310Z ##[warning]Node.js 20 is deprecated. The following actions target Node.js 20 but are being forced to run on Node.js 24: actions/checkout@v4.2.2, actions/setup-python@v5.6.0, actions/upload-artifact@v4.6.2. For more information see: https://github.blog/changelog/2025-09-19-deprecation-of-node-20-on-github-actions-runners/
