2026-10-09T16:56:40.4177430Z Current runner version: '2.337.0'
2026-10-09T16:56:40.4204178Z ##[group]Runner Image Provisioner
2026-10-09T16:56:40.4204996Z Hosted Compute Agent
2026-10-09T16:56:40.4205548Z Version: 20261002.596
2026-10-09T16:56:40.4206149Z Commit: c3d12f3313a95f25162a1503be624f3b0617f8c0
2026-10-09T16:56:40.4206885Z Build Date: 2026-10-02T22:28:27Z
2026-10-09T16:56:40.4207519Z Worker ID: {da99e427-57b3-41ff-ba9b-7d92980a8172}
2026-10-09T16:56:40.4208189Z Region: westus2
2026-10-09T16:56:40.4208689Z Cloud: Azure
2026-10-09T16:56:40.4209183Z ##[endgroup]
2026-10-09T16:56:40.4210592Z ##[group]Operating System
2026-10-09T16:56:40.4211249Z Microsoft Windows Server 2022
2026-10-09T16:56:40.4211833Z 10.0.20348
2026-10-09T16:56:40.4212280Z Datacenter
2026-10-09T16:56:40.4212761Z ##[endgroup]
2026-10-09T16:56:40.4213278Z ##[group]Runner Image
2026-10-09T16:56:40.4213803Z Image: windows-2022
2026-10-09T16:56:40.4214298Z Version: 20261004.326.1
2026-10-09T16:56:40.4215644Z Included Software: https://github.com/actions/runner-images/blob/win22/20261004.326/images/windows/Windows2022-Readme.md
2026-10-09T16:56:40.4217156Z Image Release: https://github.com/actions/runner-images/releases/tag/win22%2F20261004.326
2026-10-09T16:56:40.4218095Z ##[endgroup]
2026-10-09T16:56:40.4219101Z ##[group]GITHUB_TOKEN Permissions
2026-10-09T16:56:40.4220941Z Contents: read
2026-10-09T16:56:40.4221494Z Metadata: read
2026-10-09T16:56:40.4221979Z ##[endgroup]
2026-10-09T16:56:40.4224072Z Secret source: Actions
2026-10-09T16:56:40.4224974Z Cache mode: write
2026-10-09T16:56:40.4225675Z Prepare workflow directory
2026-10-09T16:56:40.4754875Z Prepare all required actions
2026-10-09T16:56:40.4825113Z Getting action download info
2026-10-09T16:56:40.9170434Z Download action repository 'actions/checkout@v4.2.2' (SHA:11bd71901bbe5b1630ceea73d27597364c9af683)
2026-10-09T16:56:41.0193008Z Download action repository 'actions/setup-dotnet@v4' (SHA:67a3573c9a986a3f9c594539f4ab511d57bb3ce9)
2026-10-09T16:56:41.3079218Z Download action repository 'actions/upload-artifact@v4.6.2' (SHA:ea165f8d65b6e75b540449e92b4886f43607fa02)
2026-10-09T16:56:41.6245926Z Complete job name: Windows current-user pipe reference (MOCK_ONLY)
2026-10-09T16:56:41.8015723Z ##[group]Run actions/checkout@v4.2.2
2026-10-09T16:56:41.8017160Z with:
2026-10-09T16:56:41.8017862Z   persist-credentials: false
2026-10-09T16:56:41.8018664Z   repository: 1785235376-blip/AI-Novel-Studio
2026-10-09T16:56:41.8024204Z   token: ***
2026-10-09T16:56:41.8024740Z   ssh-strict: true
2026-10-09T16:56:41.8025312Z   ssh-user: git
2026-10-09T16:56:41.8025814Z   clean: true
2026-10-09T16:56:41.8026353Z   sparse-checkout-cone-mode: true
2026-10-09T16:56:41.8026986Z   fetch-depth: 1
2026-10-09T16:56:41.8027518Z   fetch-tags: false
2026-10-09T16:56:41.8028058Z   show-progress: true
2026-10-09T16:56:41.8028580Z   lfs: false
2026-10-09T16:56:41.8029056Z   submodules: false
2026-10-09T16:56:41.8029627Z   set-safe-directory: true
2026-10-09T16:56:41.8030407Z env:
2026-10-09T16:56:41.8030928Z   MOCK_PROVIDER: true
2026-10-09T16:56:41.8031477Z   ENABLE_CLOUD: false
2026-10-09T16:56:41.8032017Z   CREDENTIAL_VAULT_BACKEND: memory
2026-10-09T16:56:41.8032773Z   CREDENTIAL_VAULT_ALLOW_MEMORY_FALLBACK: true
2026-10-09T16:56:41.8033446Z   HF_HUB_OFFLINE: 1
2026-10-09T16:56:41.8033943Z   TRANSFORMERS_OFFLINE: 1
2026-10-09T16:56:41.8034500Z ##[endgroup]
2026-10-09T16:56:41.9489312Z Syncing repository: 1785235376-blip/AI-Novel-Studio
2026-10-09T16:56:41.9491518Z ##[group]Getting Git version info
2026-10-09T16:56:41.9492444Z Working directory is 'D:\a\AI-Novel-Studio\AI-Novel-Studio'
2026-10-09T16:56:42.0612258Z [command]"C:\Program Files\Git\bin\git.exe" version
2026-10-09T16:56:42.3931760Z git version 2.56.0.windows.1
2026-10-09T16:56:42.3973812Z ##[endgroup]
2026-10-09T16:56:42.3992732Z Temporarily overriding HOME='D:\a\_temp\4e424576-bacb-40a7-9896-2ffbb3e41807' before making global git config changes
2026-10-09T16:56:42.3995240Z Adding repository directory to the temporary git global config as a safe directory
2026-10-09T16:56:42.4004996Z [command]"C:\Program Files\Git\bin\git.exe" config --global --add safe.directory D:\a\AI-Novel-Studio\AI-Novel-Studio
2026-10-09T16:56:42.4584058Z Deleting the contents of 'D:\a\AI-Novel-Studio\AI-Novel-Studio'
2026-10-09T16:56:42.4589129Z ##[group]Initializing the repository
2026-10-09T16:56:42.4598803Z [command]"C:\Program Files\Git\bin\git.exe" init D:\a\AI-Novel-Studio\AI-Novel-Studio
2026-10-09T16:56:42.5449830Z Initialized empty Git repository in D:/a/AI-Novel-Studio/AI-Novel-Studio/.git/
2026-10-09T16:56:42.5490002Z [command]"C:\Program Files\Git\bin\git.exe" remote add origin https://github.com/1785235376-blip/AI-Novel-Studio
2026-10-09T16:56:42.6057733Z ##[endgroup]
2026-10-09T16:56:42.6060858Z ##[group]Disabling automatic garbage collection
2026-10-09T16:56:42.6062961Z [command]"C:\Program Files\Git\bin\git.exe" config --local gc.auto 0
2026-10-09T16:56:42.6345619Z ##[endgroup]
2026-10-09T16:56:42.6347507Z ##[group]Setting up auth
2026-10-09T16:56:42.6357849Z [command]"C:\Program Files\Git\bin\git.exe" config --local --name-only --get-regexp core\.sshCommand
2026-10-09T16:56:42.6668053Z [command]"C:\Program Files\Git\bin\git.exe" submodule foreach --recursive "sh -c \"git config --local --name-only --get-regexp 'core\.sshCommand' && git config --local --unset-all 'core.sshCommand' || :\""
2026-10-09T16:56:44.2032868Z [command]"C:\Program Files\Git\bin\git.exe" config --local --name-only --get-regexp http\.https\:\/\/github\.com\/\.extraheader
2026-10-09T16:56:44.2325606Z [command]"C:\Program Files\Git\bin\git.exe" submodule foreach --recursive "sh -c \"git config --local --name-only --get-regexp 'http\.https\:\/\/github\.com\/\.extraheader' && git config --local --unset-all 'http.https://github.com/.extraheader' || :\""
2026-10-09T16:56:44.6792795Z [command]"C:\Program Files\Git\bin\git.exe" config --local http.https://github.com/.extraheader "AUTHORIZATION: basic ***"
2026-10-09T16:56:44.7088661Z ##[endgroup]
2026-10-09T16:56:44.7090081Z ##[group]Fetching the repository
2026-10-09T16:56:44.7106380Z [command]"C:\Program Files\Git\bin\git.exe" -c protocol.version=2 fetch --no-tags --prune --no-recurse-submodules --depth=1 origin +ec342fe9b69ba45d850d971ce2e15d1b12046096:refs/remotes/pull/47/merge
2026-10-09T16:56:50.4889445Z From https://github.com/1785235376-blip/AI-Novel-Studio
2026-10-09T16:56:50.4890515Z  * [new ref]         ec342fe9b69ba45d850d971ce2e15d1b12046096 -> pull/47/merge
2026-10-09T16:56:50.4922884Z ##[endgroup]
2026-10-09T16:56:50.4924030Z ##[group]Determining the checkout info
2026-10-09T16:56:50.4926173Z ##[endgroup]
2026-10-09T16:56:50.4936426Z [command]"C:\Program Files\Git\bin\git.exe" sparse-checkout disable
2026-10-09T16:56:50.5264087Z [command]"C:\Program Files\Git\bin\git.exe" config --local --unset-all extensions.worktreeConfig
2026-10-09T16:56:50.5544948Z ##[group]Checking out the ref
2026-10-09T16:56:50.5553231Z [command]"C:\Program Files\Git\bin\git.exe" checkout --progress --force refs/remotes/pull/47/merge
2026-10-09T16:56:51.5901136Z Updating files:  41% (1566/3818)
2026-10-09T16:56:51.6158790Z Updating files:  42% (1604/3818)
2026-10-09T16:56:51.6301735Z Updating files:  43% (1642/3818)
2026-10-09T16:56:51.6459210Z Updating files:  44% (1680/3818)
2026-10-09T16:56:51.6557692Z Updating files:  45% (1719/3818)
2026-10-09T16:56:51.6662654Z Updating files:  46% (1757/3818)
2026-10-09T16:56:51.6796350Z Updating files:  47% (1795/3818)
2026-10-09T16:56:51.6910329Z Updating files:  48% (1833/3818)
2026-10-09T16:56:51.7123719Z Updating files:  49% (1871/3818)
2026-10-09T16:56:51.7267914Z Updating files:  50% (1909/3818)
2026-10-09T16:56:51.7386222Z Updating files:  51% (1948/3818)
2026-10-09T16:56:51.7487358Z Updating files:  52% (1986/3818)
2026-10-09T16:56:51.7601653Z Updating files:  53% (2024/3818)
2026-10-09T16:56:51.7710600Z Updating files:  54% (2062/3818)
2026-10-09T16:56:51.7813821Z Updating files:  55% (2100/3818)
2026-10-09T16:56:51.7920490Z Updating files:  56% (2139/3818)
2026-10-09T16:56:51.8018645Z Updating files:  57% (2177/3818)
2026-10-09T16:56:51.8141912Z Updating files:  58% (2215/3818)
2026-10-09T16:56:51.8221174Z Updating files:  59% (2253/3818)
2026-10-09T16:56:51.8444462Z Updating files:  60% (2291/3818)
2026-10-09T16:56:51.8573670Z Updating files:  61% (2329/3818)
2026-10-09T16:56:51.8650588Z Updating files:  62% (2368/3818)
2026-10-09T16:56:51.8721444Z Updating files:  63% (2406/3818)
2026-10-09T16:56:51.8801208Z Updating files:  64% (2444/3818)
2026-10-09T16:56:51.8878001Z Updating files:  65% (2482/3818)
2026-10-09T16:56:51.8955436Z Updating files:  66% (2520/3818)
2026-10-09T16:56:51.9040304Z Updating files:  67% (2559/3818)
2026-10-09T16:56:51.9126376Z Updating files:  68% (2597/3818)
2026-10-09T16:56:51.9216639Z Updating files:  69% (2635/3818)
2026-10-09T16:56:51.9279542Z Updating files:  70% (2673/3818)
2026-10-09T16:56:51.9356081Z Updating files:  71% (2711/3818)
2026-10-09T16:56:51.9428244Z Updating files:  72% (2749/3818)
2026-10-09T16:56:51.9506280Z Updating files:  73% (2788/3818)
2026-10-09T16:56:51.9579196Z Updating files:  74% (2826/3818)
2026-10-09T16:56:51.9680590Z Updating files:  75% (2864/3818)
2026-10-09T16:56:51.9744220Z Updating files:  76% (2902/3818)
2026-10-09T16:56:51.9812623Z Updating files:  77% (2940/3818)
2026-10-09T16:56:51.9883947Z Updating files:  78% (2979/3818)
2026-10-09T16:56:51.9959859Z Updating files:  79% (3017/3818)
2026-10-09T16:56:52.0035619Z Updating files:  80% (3055/3818)
2026-10-09T16:56:52.0139364Z Updating files:  81% (3093/3818)
2026-10-09T16:56:52.0205956Z Updating files:  82% (3131/3818)
2026-10-09T16:56:52.0278832Z Updating files:  83% (3169/3818)
2026-10-09T16:56:52.0345150Z Updating files:  84% (3208/3818)
2026-10-09T16:56:52.0412567Z Updating files:  85% (3246/3818)
2026-10-09T16:56:52.0482601Z Updating files:  86% (3284/3818)
2026-10-09T16:56:52.0555492Z Updating files:  87% (3322/3818)
2026-10-09T16:56:52.0624518Z Updating files:  88% (3360/3818)
2026-10-09T16:56:52.0745600Z Updating files:  89% (3399/3818)
2026-10-09T16:56:52.0820779Z Updating files:  90% (3437/3818)
2026-10-09T16:56:52.0890705Z Updating files:  91% (3475/3818)
2026-10-09T16:56:52.0956611Z Updating files:  92% (3513/3818)
2026-10-09T16:56:52.1028230Z Updating files:  93% (3551/3818)
2026-10-09T16:56:52.1103590Z Updating files:  94% (3589/3818)
2026-10-09T16:56:52.1181247Z Updating files:  95% (3628/3818)
2026-10-09T16:56:52.1263264Z Updating files:  96% (3666/3818)
2026-10-09T16:56:52.1341985Z Updating files:  97% (3704/3818)
2026-10-09T16:56:52.1420102Z Updating files:  98% (3742/3818)
2026-10-09T16:56:52.1492431Z Updating files:  99% (3780/3818)
2026-10-09T16:56:52.1493176Z Updating files: 100% (3818/3818)
2026-10-09T16:56:52.1493861Z Updating files: 100% (3818/3818), done.
2026-10-09T16:56:52.1605302Z Note: switching to 'refs/remotes/pull/47/merge'.
2026-10-09T16:56:52.1605675Z 
2026-10-09T16:56:52.1605903Z You are in 'detached HEAD' state. You can look around, make experimental
2026-10-09T16:56:52.1606444Z changes and commit them, and you can discard any commits you make in this
2026-10-09T16:56:52.1606936Z state without impacting any branches by switching back to a branch.
2026-10-09T16:56:52.1607224Z 
2026-10-09T16:56:52.1607415Z If you want to create a new branch to retain commits you create, you may
2026-10-09T16:56:52.1607860Z do so (now or later) by using -c with the switch command. Example:
2026-10-09T16:56:52.1608117Z 
2026-10-09T16:56:52.1608215Z   git switch -c <new-branch-name>
2026-10-09T16:56:52.1608385Z 
2026-10-09T16:56:52.1608476Z Or undo this operation with:
2026-10-09T16:56:52.1608632Z 
2026-10-09T16:56:52.1608718Z   git switch -
2026-10-09T16:56:52.1608835Z 
2026-10-09T16:56:52.1609048Z Turn off this advice by setting config variable advice.detachedHead to false
2026-10-09T16:56:52.1609359Z 
2026-10-09T16:56:52.1609716Z HEAD is now at ec342fe Merge c386b0608ae92d18c351b5cb6e367380808a45cf into fed2404c8e30b44061b7139dced45b7f3301601c
2026-10-09T16:56:52.1720484Z ##[endgroup]
2026-10-09T16:56:52.2031326Z [command]"C:\Program Files\Git\bin\git.exe" log -1 --format=%H
2026-10-09T16:56:52.2297338Z ec342fe9b69ba45d850d971ce2e15d1b12046096
2026-10-09T16:56:52.2332699Z ##[group]Removing auth
2026-10-09T16:56:52.2341239Z [command]"C:\Program Files\Git\bin\git.exe" config --local --name-only --get-regexp core\.sshCommand
2026-10-09T16:56:52.2634439Z [command]"C:\Program Files\Git\bin\git.exe" submodule foreach --recursive "sh -c \"git config --local --name-only --get-regexp 'core\.sshCommand' && git config --local --unset-all 'core.sshCommand' || :\""
2026-10-09T16:56:52.7412977Z [command]"C:\Program Files\Git\bin\git.exe" config --local --name-only --get-regexp http\.https\:\/\/github\.com\/\.extraheader
2026-10-09T16:56:52.7691015Z http.https://github.com/.extraheader
2026-10-09T16:56:52.7728127Z [command]"C:\Program Files\Git\bin\git.exe" config --local --unset-all http.https://github.com/.extraheader
2026-10-09T16:56:52.8013564Z [command]"C:\Program Files\Git\bin\git.exe" submodule foreach --recursive "sh -c \"git config --local --name-only --get-regexp 'http\.https\:\/\/github\.com\/\.extraheader' && git config --local --unset-all 'http.https://github.com/.extraheader' || :\""
2026-10-09T16:56:53.2546249Z ##[endgroup]
2026-10-09T16:56:53.2890717Z ##[group]Run actions/setup-dotnet@v4
2026-10-09T16:56:53.2891063Z with:
2026-10-09T16:56:53.2891258Z   dotnet-version: 8.0.424
2026-10-09T16:56:53.2891482Z   cache: false
2026-10-09T16:56:53.2891656Z env:
2026-10-09T16:56:53.2891822Z   MOCK_PROVIDER: true
2026-10-09T16:56:53.2892025Z   ENABLE_CLOUD: false
2026-10-09T16:56:53.2892231Z   CREDENTIAL_VAULT_BACKEND: memory
2026-10-09T16:56:53.2892517Z   CREDENTIAL_VAULT_ALLOW_MEMORY_FALLBACK: true
2026-10-09T16:56:53.2892788Z   HF_HUB_OFFLINE: 1
2026-10-09T16:56:53.2892991Z   TRANSFORMERS_OFFLINE: 1
2026-10-09T16:56:53.2893201Z ##[endgroup]
2026-10-09T16:56:53.4642943Z (node:720) [DEP0040] DeprecationWarning: The `punycode` module is deprecated. Please use a userland alternative instead.
2026-10-09T16:56:53.4644262Z (Use `node --trace-deprecation ...` to show where the warning was created)
2026-10-09T16:56:53.5940981Z [command]"C:\Program Files\PowerShell\7\pwsh.exe" -NoLogo -Sta -NoProfile -NonInteractive -ExecutionPolicy Unrestricted -Command & 'D:\a\_actions\actions\setup-dotnet\v4\externals\install-dotnet.ps1' -SkipNonVersionedFiles -Runtime dotnet -Channel LTS
2026-10-09T16:56:55.1531229Z dotnet-install: .NET Core Runtime with version '10.0.12' is already installed.
2026-10-09T16:56:55.3354845Z [command]"C:\Program Files\PowerShell\7\pwsh.exe" -NoLogo -Sta -NoProfile -NonInteractive -ExecutionPolicy Unrestricted -Command & 'D:\a\_actions\actions\setup-dotnet\v4\externals\install-dotnet.ps1' -SkipNonVersionedFiles -Version 8.0.424
2026-10-09T16:57:02.2660384Z dotnet-install: Downloaded file https://builds.dotnet.microsoft.com/dotnet/Sdk/8.0.424/dotnet-sdk-8.0.424-win-x64.zip size is 285090820 bytes.
2026-10-09T16:57:02.2668037Z dotnet-install: Either downloaded or local package size can not be measured. One of them may be corrupted.
2026-10-09T16:57:02.2695768Z dotnet-install: Extracting the archive.
2026-10-09T16:57:19.8527319Z dotnet-install: Note that the script does not ensure your Windows version is supported during the installation.
2026-10-09T16:57:19.8532317Z dotnet-install: To check the list of supported versions, go to https://learn.microsoft.com/dotnet/core/install/windows#supported-versions
2026-10-09T16:57:19.8538253Z dotnet-install: Installed version is 8.0.424
2026-10-09T16:57:19.8543631Z dotnet-install: Installation finished
2026-10-09T16:57:19.9157748Z ##[group]Run New-Item -ItemType Directory -Force -Path receipts | Out-Null
2026-10-09T16:57:19.9158442Z [36;1mNew-Item -ItemType Directory -Force -Path receipts | Out-Null[0m
2026-10-09T16:57:19.9158984Z [36;1m"source=$(git rev-parse HEAD)" | Out-File receipts/revision.txt -Encoding utf8[0m
2026-10-09T16:57:19.9159874Z [36;1m"scope=Windows transport reference only; actual Tutor Desktop LOCAL_REQUIRED; cross-user hostile attempt NOT_RUN" | Out-File receipts/revision.txt -Append -Encoding utf8[0m
2026-10-09T16:57:19.9161142Z [36;1mdotnet run --project interop-reference/PoemSeed.LocalInterop.Pipes -c Release 2>&1 | Tee-Object receipts/named-pipe.log[0m
2026-10-09T16:57:19.9161781Z [36;1mif ($LASTEXITCODE -ne 0) { exit $LASTEXITCODE }[0m
2026-10-09T16:57:19.9162471Z [36;1mdotnet build native/local_interop_desktop/PoemSeed.LocalInterop.Pipes -c Release 2>&1 | Tee-Object receipts/named-pipe-library-build.log[0m
2026-10-09T16:57:19.9163194Z [36;1mif ($LASTEXITCODE -ne 0) { exit $LASTEXITCODE }[0m
2026-10-09T16:57:19.9163950Z [36;1mdotnet run --project native/local_interop_desktop/PoemSeed.LocalInterop.Pipes.Acceptance -c Release 2>&1 | Tee-Object receipts/named-pipe-desktop-boundary.log[0m
2026-10-09T16:57:19.9164712Z [36;1mif ($LASTEXITCODE -ne 0) { exit $LASTEXITCODE }[0m
2026-10-09T16:57:19.9263983Z shell: C:\Program Files\PowerShell\7\pwsh.EXE -command ". '{0}'"
2026-10-09T16:57:19.9264381Z env:
2026-10-09T16:57:19.9264582Z   MOCK_PROVIDER: true
2026-10-09T16:57:19.9264802Z   ENABLE_CLOUD: false
2026-10-09T16:57:19.9265014Z   CREDENTIAL_VAULT_BACKEND: memory
2026-10-09T16:57:19.9265297Z   CREDENTIAL_VAULT_ALLOW_MEMORY_FALLBACK: true
2026-10-09T16:57:19.9265582Z   HF_HUB_OFFLINE: 1
2026-10-09T16:57:19.9265790Z   TRANSFORMERS_OFFLINE: 1
2026-10-09T16:57:19.9266030Z   DOTNET_ROOT: C:\Program Files\dotnet
2026-10-09T16:57:19.9266283Z ##[endgroup]
2026-10-09T16:57:34.1978525Z {"status":"CONTRACT_VERIFIED","scope":"WINDOWS_TRANSPORT_REFERENCE_ONLY","checks":8,"counterparty":"MOCK_ONLY","desktop_integration":"LOCAL_REQUIRED","cross_user_attempt":"NOT_RUN"}
2026-10-09T16:57:34.8029461Z   Determining projects to restore...
2026-10-09T16:57:35.0120733Z   All projects are up-to-date for restore.
2026-10-09T16:57:35.3201849Z   PoemSeed.LocalInterop.Pipes -> D:\a\AI-Novel-Studio\AI-Novel-Studio\native\local_interop_desktop\PoemSeed.LocalInterop.Pipes\bin\Release\net8.0-windows\PoemSeed.LocalInterop.Pipes.dll
2026-10-09T16:57:35.3294120Z 
2026-10-09T16:57:35.3299303Z Build succeeded.
2026-10-09T16:57:35.3301676Z     0 Warning(s)
2026-10-09T16:57:35.3304083Z     0 Error(s)
2026-10-09T16:57:35.3306254Z 
2026-10-09T16:57:35.3309314Z Time Elapsed 00:00:00.89
2026-10-09T16:57:39.2692929Z {"status":"CONTRACT_VERIFIED","scope":"CALLABLE_NATIVE_BOUNDARY","checks":33,"passed":["frame_roundtrip","fragmented_frame","coalesced_frames","frame_length_reject_0","frame_length_reject_1048577","frame_length_reject_4294967295","truncated_prefix","truncated_body","invalid_utf8","non_object","duplicate_members","invalid_json","excessive_depth","multibyte_size_limit","frame_timeout","frame_cancellation","queue_config_bound","identity_claims_and_required_loaded_image_proof","attestation_timeout_retains_bounded_outstanding_slot","same_user_separate_process_identity_and_echo","server_handle_not_inheritable","remote_and_arbitrary_name_rejected","first_instance_collision_rejected","accept_cancel_and_shutdown","missing_endpoint_connect_timeout","receive_cancel_invalidates_stream","malformed_peer_frame_closes_connection","single_active_connection_limit","queue_backpressure_and_bounded_shutdown","fake_product_id_rejected_without_installation","mock_attestation_requires_registration_publisher_and_approval","timed_out_attestation_backpressure_survives_reconnect","reconnect_has_new_identity_and_no_trust"],"windows_transport":"CONTRACT_VERIFIED","counterparty":"MOCK_ONLY","real_signed_binary_trust":"LOCAL_REQUIRED","actual_install_registration":"LOCAL_REQUIRED","cross_user_attempt":"NOT_RUN","desktop_integration":"LOCAL_REQUIRED"}
2026-10-09T16:57:39.3570715Z ##[group]Run actions/upload-artifact@v4.6.2
2026-10-09T16:57:39.3571112Z with:
2026-10-09T16:57:39.3571453Z   name: named-pipe-reference-ec342fe9b69ba45d850d971ce2e15d1b12046096
2026-10-09T16:57:39.3571853Z   path: receipts/
2026-10-09T16:57:39.3572069Z   if-no-files-found: error
2026-10-09T16:57:39.3572305Z   retention-days: 14
2026-10-09T16:57:39.3573432Z   compression-level: 6
2026-10-09T16:57:39.3573660Z   overwrite: false
2026-10-09T16:57:39.3573878Z   include-hidden-files: false
2026-10-09T16:57:39.3574112Z env:
2026-10-09T16:57:39.3574290Z   MOCK_PROVIDER: true
2026-10-09T16:57:39.3574496Z   ENABLE_CLOUD: false
2026-10-09T16:57:39.3574721Z   CREDENTIAL_VAULT_BACKEND: memory
2026-10-09T16:57:39.3575003Z   CREDENTIAL_VAULT_ALLOW_MEMORY_FALLBACK: true
2026-10-09T16:57:39.3575294Z   HF_HUB_OFFLINE: 1
2026-10-09T16:57:39.3575505Z   TRANSFORMERS_OFFLINE: 1
2026-10-09T16:57:39.3575748Z   DOTNET_ROOT: C:\Program Files\dotnet
2026-10-09T16:57:39.3576051Z ##[endgroup]
2026-10-09T16:57:39.5633678Z (node:2588) [DEP0040] DeprecationWarning: The `punycode` module is deprecated. Please use a userland alternative instead.
2026-10-09T16:57:39.5635224Z (Use `node --trace-deprecation ...` to show where the warning was created)
2026-10-09T16:57:39.5706631Z With the provided path, there will be 4 files uploaded
2026-10-09T16:57:39.5712982Z Artifact name is valid!
2026-10-09T16:57:39.5715219Z Root directory input is valid!
2026-10-09T16:57:39.9931770Z Beginning upload of artifact content to blob storage
2026-10-09T16:57:40.0210493Z (node:2588) [DEP0169] DeprecationWarning: `url.parse()` behavior is not standardized and prone to errors that have security implications. Use the WHATWG URL API instead. CVEs are not issued for `url.parse()` vulnerabilities.
2026-10-09T16:57:40.3109931Z Uploaded bytes 1762
2026-10-09T16:57:40.3929737Z Finished uploading artifact content to blob storage!
2026-10-09T16:57:40.3930933Z SHA256 digest of uploaded artifact zip is 12589e5852be3262deabf319639092ff089e0c208e743477028d0d932a150772
2026-10-09T16:57:40.3933605Z Finalizing artifact upload
2026-10-09T16:57:40.6736628Z Artifact named-pipe-reference-ec342fe9b69ba45d850d971ce2e15d1b12046096.zip successfully finalized. Artifact ID 11632751367
2026-10-09T16:57:40.6739427Z Artifact named-pipe-reference-ec342fe9b69ba45d850d971ce2e15d1b12046096 has been successfully uploaded! Final size is 1762 bytes. Artifact ID is 11632751367
2026-10-09T16:57:40.6748147Z Artifact download URL: https://github.com/1785235376-blip/AI-Novel-Studio/actions/runs/37962541535/artifacts/11632751367
2026-10-09T16:57:40.7038217Z Post job cleanup.
2026-10-09T16:57:40.8638352Z (node:1176) [DEP0040] DeprecationWarning: The `punycode` module is deprecated. Please use a userland alternative instead.
2026-10-09T16:57:40.8639176Z (Use `node --trace-deprecation ...` to show where the warning was created)
2026-10-09T16:57:40.8978649Z Post job cleanup.
2026-10-09T16:57:41.1461515Z [command]"C:\Program Files\Git\bin\git.exe" version
2026-10-09T16:57:41.1877778Z git version 2.56.0.windows.1
2026-10-09T16:57:41.1944015Z Temporarily overriding HOME='D:\a\_temp\710e04bc-2335-4100-b0d1-60ccc917eed3' before making global git config changes
2026-10-09T16:57:41.1945464Z Adding repository directory to the temporary git global config as a safe directory
2026-10-09T16:57:41.1961776Z [command]"C:\Program Files\Git\bin\git.exe" config --global --add safe.directory D:\a\AI-Novel-Studio\AI-Novel-Studio
2026-10-09T16:57:41.2282464Z [command]"C:\Program Files\Git\bin\git.exe" config --local --name-only --get-regexp core\.sshCommand
2026-10-09T16:57:41.2595910Z [command]"C:\Program Files\Git\bin\git.exe" submodule foreach --recursive "sh -c \"git config --local --name-only --get-regexp 'core\.sshCommand' && git config --local --unset-all 'core.sshCommand' || :\""
2026-10-09T16:57:41.7872361Z [command]"C:\Program Files\Git\bin\git.exe" config --local --name-only --get-regexp http\.https\:\/\/github\.com\/\.extraheader
2026-10-09T16:57:41.8240187Z [command]"C:\Program Files\Git\bin\git.exe" submodule foreach --recursive "sh -c \"git config --local --name-only --get-regexp 'http\.https\:\/\/github\.com\/\.extraheader' && git config --local --unset-all 'http.https://github.com/.extraheader' || :\""
2026-10-09T16:57:42.3350152Z Cleaning up orphan processes
2026-10-09T16:57:42.3829298Z Terminate orphan process: pid (7020) (dotnet)
2026-10-09T16:57:42.4020125Z Terminate orphan process: pid (2404) (conhost)
2026-10-09T16:57:42.4035761Z ##[warning]Node.js 20 is deprecated. The following actions target Node.js 20 but are being forced to run on Node.js 24: actions/checkout@v4.2.2, actions/setup-dotnet@v4, actions/upload-artifact@v4.6.2. For more information see: https://github.blog/changelog/2025-09-19-deprecation-of-node-20-on-github-actions-runners/
