2026-10-09T16:55:11.9596840Z Current runner version: '2.337.0'
2026-10-09T16:55:11.9627742Z ##[group]Runner Image Provisioner
2026-10-09T16:55:11.9628733Z Hosted Compute Agent
2026-10-09T16:55:11.9629435Z Version: 20261002.596
2026-10-09T16:55:11.9630337Z Commit: c3d12f3313a95f25162a1503be624f3b0617f8c0
2026-10-09T16:55:11.9631285Z Build Date: 2026-10-02T22:28:27Z
2026-10-09T16:55:11.9632260Z Worker ID: {10fa0310-de37-48f7-be45-4ebc10f7f55b}
2026-10-09T16:55:11.9633228Z Region: eastus
2026-10-09T16:55:11.9634087Z Cloud: Azure
2026-10-09T16:55:11.9634896Z ##[endgroup]
2026-10-09T16:55:11.9636759Z ##[group]Operating System
2026-10-09T16:55:11.9637648Z Ubuntu
2026-10-09T16:55:11.9638369Z 24.04.5
2026-10-09T16:55:11.9639005Z LTS
2026-10-09T16:55:11.9639727Z ##[endgroup]
2026-10-09T16:55:11.9640461Z ##[group]Runner Image
2026-10-09T16:55:11.9641189Z Image: ubuntu-24.04
2026-10-09T16:55:11.9641993Z Version: 20261004.327.1
2026-10-09T16:55:11.9643566Z Included Software: https://github.com/actions/runner-images/blob/ubuntu24/20261004.327/images/ubuntu/Ubuntu2404-Readme.md
2026-10-09T16:55:11.9645804Z Image Release: https://github.com/actions/runner-images/releases/tag/ubuntu24%2F20261004.327
2026-10-09T16:55:11.9646964Z ##[endgroup]
2026-10-09T16:55:11.9648395Z ##[group]GITHUB_TOKEN Permissions
2026-10-09T16:55:11.9650809Z Contents: read
2026-10-09T16:55:11.9651587Z Metadata: read
2026-10-09T16:55:11.9652287Z ##[endgroup]
2026-10-09T16:55:11.9654510Z Secret source: Actions
2026-10-09T16:55:11.9655796Z Cache mode: write
2026-10-09T16:55:11.9657014Z Prepare workflow directory
2026-10-09T16:55:12.0290942Z Prepare all required actions
2026-10-09T16:55:12.0348138Z Getting action download info
2026-10-09T16:55:12.1976042Z Download action repository 'actions/checkout@v4.2.2' (SHA:11bd71901bbe5b1630ceea73d27597364c9af683)
2026-10-09T16:55:12.3149784Z Download action repository 'actions/setup-python@v5.6.0' (SHA:a26af69be951a213d495a4c3e4e4022e16d87065)
2026-10-09T16:55:12.4241181Z Download action repository 'actions/upload-artifact@v4.6.2' (SHA:ea165f8d65b6e75b540449e92b4886f43607fa02)
2026-10-09T16:55:12.6803814Z Complete job name: Protocol and local transport / postgres
2026-10-09T16:55:12.7198852Z ##[group]Checking docker version
2026-10-09T16:55:12.7209500Z ##[command]/usr/bin/docker version --format '{{.Server.APIVersion}}'
2026-10-09T16:55:12.8221418Z '1.48'
2026-10-09T16:55:12.8228087Z Docker daemon API version: '1.48'
2026-10-09T16:55:12.8228738Z ##[command]/usr/bin/docker version --format '{{.Client.APIVersion}}'
2026-10-09T16:55:12.8363018Z '1.48'
2026-10-09T16:55:12.8374764Z Docker client API version: '1.48'
2026-10-09T16:55:12.8379286Z ##[endgroup]
2026-10-09T16:55:12.8381262Z ##[group]Clean up resources from previous jobs
2026-10-09T16:55:12.8385824Z ##[command]/usr/bin/docker ps --all --quiet --no-trunc --filter "label=afa2b7"
2026-10-09T16:55:12.8510806Z ##[command]/usr/bin/docker network prune --force --filter "label=afa2b7"
2026-10-09T16:55:12.8616776Z ##[endgroup]
2026-10-09T16:55:12.8617231Z ##[group]Create local container network
2026-10-09T16:55:12.8625724Z ##[command]/usr/bin/docker network create --label afa2b7 github_network_7ec354d2f7234192aba13d384785294c
2026-10-09T16:55:12.9261847Z 93eedec60ec6cadf31fe81aa1f16f992e80e9a22c112bb6f2ae2c777633ddc7f
2026-10-09T16:55:12.9278387Z ##[endgroup]
2026-10-09T16:55:12.9300412Z ##[group]Starting postgres service container
2026-10-09T16:55:12.9319067Z ##[command]/usr/bin/docker pull postgres:16-alpine
2026-10-09T16:55:13.2165397Z 16-alpine: Pulling from library/postgres
2026-10-09T16:55:13.2969521Z e2de96513ba9: Already exists
2026-10-09T16:55:13.3001170Z 1b7f9cd581ee: Pulling fs layer
2026-10-09T16:55:13.3001980Z 210b280f9556: Pulling fs layer
2026-10-09T16:55:13.3003105Z 81717818649a: Pulling fs layer
2026-10-09T16:55:13.3004152Z 3ae6141cfd99: Pulling fs layer
2026-10-09T16:55:13.3005690Z 25b77f59fd95: Pulling fs layer
2026-10-09T16:55:13.3006248Z 6c25da34e03f: Pulling fs layer
2026-10-09T16:55:13.3006719Z a88782f92806: Pulling fs layer
2026-10-09T16:55:13.3007170Z d8d21be4bf02: Pulling fs layer
2026-10-09T16:55:13.3007938Z 6117bd39f23f: Pulling fs layer
2026-10-09T16:55:13.3008385Z 509688edf37b: Pulling fs layer
2026-10-09T16:55:13.3008828Z 3ae6141cfd99: Waiting
2026-10-09T16:55:13.3009224Z 25b77f59fd95: Waiting
2026-10-09T16:55:13.3009616Z a88782f92806: Waiting
2026-10-09T16:55:13.3010022Z 6c25da34e03f: Waiting
2026-10-09T16:55:13.3010472Z d8d21be4bf02: Waiting
2026-10-09T16:55:13.3010863Z 6117bd39f23f: Waiting
2026-10-09T16:55:13.3011251Z 509688edf37b: Waiting
2026-10-09T16:55:13.3274286Z 81717818649a: Verifying Checksum
2026-10-09T16:55:13.3274946Z 81717818649a: Download complete
2026-10-09T16:55:13.3396712Z 1b7f9cd581ee: Verifying Checksum
2026-10-09T16:55:13.3398335Z 1b7f9cd581ee: Download complete
2026-10-09T16:55:13.3534360Z 210b280f9556: Verifying Checksum
2026-10-09T16:55:13.3536109Z 210b280f9556: Download complete
2026-10-09T16:55:13.3587356Z 3ae6141cfd99: Verifying Checksum
2026-10-09T16:55:13.3588130Z 3ae6141cfd99: Download complete
2026-10-09T16:55:13.3832904Z 6c25da34e03f: Verifying Checksum
2026-10-09T16:55:13.3835905Z 6c25da34e03f: Download complete
2026-10-09T16:55:13.3858640Z a88782f92806: Verifying Checksum
2026-10-09T16:55:13.3864731Z a88782f92806: Download complete
2026-10-09T16:55:13.4157271Z 6117bd39f23f: Verifying Checksum
2026-10-09T16:55:13.4159240Z 6117bd39f23f: Download complete
2026-10-09T16:55:13.4208954Z d8d21be4bf02: Verifying Checksum
2026-10-09T16:55:13.4209774Z d8d21be4bf02: Download complete
2026-10-09T16:55:13.4454837Z 509688edf37b: Verifying Checksum
2026-10-09T16:55:13.4455506Z 509688edf37b: Download complete
2026-10-09T16:55:13.6435680Z 25b77f59fd95: Verifying Checksum
2026-10-09T16:55:13.6436710Z 25b77f59fd95: Download complete
2026-10-09T16:55:18.7386951Z 1b7f9cd581ee: Pull complete
2026-10-09T16:55:18.8115799Z 210b280f9556: Pull complete
2026-10-09T16:55:18.8203062Z 81717818649a: Pull complete
2026-10-09T16:55:18.8302667Z 3ae6141cfd99: Pull complete
2026-10-09T16:55:22.1621689Z 25b77f59fd95: Pull complete
2026-10-09T16:55:22.1731350Z 6c25da34e03f: Pull complete
2026-10-09T16:55:22.1871280Z a88782f92806: Pull complete
2026-10-09T16:55:22.1975515Z d8d21be4bf02: Pull complete
2026-10-09T16:55:22.2214523Z 6117bd39f23f: Pull complete
2026-10-09T16:55:22.2309802Z 509688edf37b: Pull complete
2026-10-09T16:55:22.2385640Z Digest: sha256:721873c34ceb9f8d8fc265984940dc982404c105f19ad51be9fdc5970a6080ea
2026-10-09T16:55:22.2398488Z Status: Downloaded newer image for postgres:16-alpine
2026-10-09T16:55:22.2407774Z docker.io/library/postgres:16-alpine
2026-10-09T16:55:22.2473488Z ##[command]/usr/bin/docker create --name 7a47c82a14fe40c2995f0ab662bc6a2e_postgres16alpine_110681 --label afa2b7 --network github_network_7ec354d2f7234192aba13d384785294c --network-alias postgres -p 5432:5432 --health-cmd "pg_isready -U ci -d interop_ci" --health-interval 5s --health-timeout 5s --health-retries 12 -e "POSTGRES_USER=ci" -e "POSTGRES_PASSWORD=ci-ephemeral-only" -e "POSTGRES_DB=interop_ci" -e GITHUB_ACTIONS=true -e CI=true postgres:16-alpine
2026-10-09T16:55:22.2683329Z 3ff07735dd6cd28d76421605b31ac1ae4fe04978a78b680c60b789991f73a82b
2026-10-09T16:55:22.2702206Z ##[command]/usr/bin/docker start 3ff07735dd6cd28d76421605b31ac1ae4fe04978a78b680c60b789991f73a82b
2026-10-09T16:55:22.8741846Z 3ff07735dd6cd28d76421605b31ac1ae4fe04978a78b680c60b789991f73a82b
2026-10-09T16:55:22.8757935Z ##[command]/usr/bin/docker ps --all --filter id=3ff07735dd6cd28d76421605b31ac1ae4fe04978a78b680c60b789991f73a82b --filter status=running --no-trunc --format "{{.ID}} {{.Status}}"
2026-10-09T16:55:22.8858036Z 3ff07735dd6cd28d76421605b31ac1ae4fe04978a78b680c60b789991f73a82b Up Less than a second (health: starting)
2026-10-09T16:55:22.8874768Z ##[command]/usr/bin/docker port 3ff07735dd6cd28d76421605b31ac1ae4fe04978a78b680c60b789991f73a82b
2026-10-09T16:55:22.8970708Z 5432/tcp -> 0.0.0.0:5432
2026-10-09T16:55:22.8971029Z 5432/tcp -> [::]:5432
2026-10-09T16:55:22.9007964Z ##[endgroup]
2026-10-09T16:55:22.9014979Z ##[group]Waiting for all services to be ready
2026-10-09T16:55:22.9026128Z ##[command]/usr/bin/docker inspect --format="{{if .Config.Healthcheck}}{{print .State.Health.Status}}{{end}}" 3ff07735dd6cd28d76421605b31ac1ae4fe04978a78b680c60b789991f73a82b
2026-10-09T16:55:22.9138451Z starting
2026-10-09T16:55:22.9154552Z postgres service is starting, waiting 2 seconds before checking again.
2026-10-09T16:55:24.9153946Z ##[command]/usr/bin/docker inspect --format="{{if .Config.Healthcheck}}{{print .State.Health.Status}}{{end}}" 3ff07735dd6cd28d76421605b31ac1ae4fe04978a78b680c60b789991f73a82b
2026-10-09T16:55:24.9262996Z starting
2026-10-09T16:55:24.9275627Z postgres service is starting, waiting 4 seconds before checking again.
2026-10-09T16:55:29.1882155Z ##[command]/usr/bin/docker inspect --format="{{if .Config.Healthcheck}}{{print .State.Health.Status}}{{end}}" 3ff07735dd6cd28d76421605b31ac1ae4fe04978a78b680c60b789991f73a82b
2026-10-09T16:55:29.1992076Z healthy
2026-10-09T16:55:29.2006123Z postgres service is healthy.
2026-10-09T16:55:29.2006902Z ##[endgroup]
2026-10-09T16:55:29.2232161Z ##[group]Run actions/checkout@v4.2.2
2026-10-09T16:55:29.2232604Z with:
2026-10-09T16:55:29.2232806Z   persist-credentials: false
2026-10-09T16:55:29.2233048Z   repository: 1785235376-blip/AI-Novel-Studio
2026-10-09T16:55:29.2235515Z   token: ***
2026-10-09T16:55:29.2235698Z   ssh-strict: true
2026-10-09T16:55:29.2235871Z   ssh-user: git
2026-10-09T16:55:29.2236044Z   clean: true
2026-10-09T16:55:29.2236226Z   sparse-checkout-cone-mode: true
2026-10-09T16:55:29.2236442Z   fetch-depth: 1
2026-10-09T16:55:29.2236610Z   fetch-tags: false
2026-10-09T16:55:29.2236788Z   show-progress: true
2026-10-09T16:55:29.2236965Z   lfs: false
2026-10-09T16:55:29.2237133Z   submodules: false
2026-10-09T16:55:29.2237318Z   set-safe-directory: true
2026-10-09T16:55:29.2237649Z env:
2026-10-09T16:55:29.2237810Z   MOCK_PROVIDER: true
2026-10-09T16:55:29.2238000Z   ENABLE_CLOUD: false
2026-10-09T16:55:29.2238200Z   CREDENTIAL_VAULT_BACKEND: memory
2026-10-09T16:55:29.2238473Z   CREDENTIAL_VAULT_ALLOW_MEMORY_FALLBACK: true
2026-10-09T16:55:29.2238711Z   HF_HUB_OFFLINE: 1
2026-10-09T16:55:29.2238895Z   TRANSFORMERS_OFFLINE: 1
2026-10-09T16:55:29.2239083Z ##[endgroup]
2026-10-09T16:55:29.3107958Z Syncing repository: 1785235376-blip/AI-Novel-Studio
2026-10-09T16:55:29.3109462Z ##[group]Getting Git version info
2026-10-09T16:55:29.3109969Z Working directory is '/home/runner/work/AI-Novel-Studio/AI-Novel-Studio'
2026-10-09T16:55:29.3110700Z [command]/usr/bin/git version
2026-10-09T16:55:29.3174524Z git version 2.55.0
2026-10-09T16:55:29.3190261Z ##[endgroup]
2026-10-09T16:55:29.3201785Z Temporarily overriding HOME='/home/runner/work/_temp/86271f7c-aa8e-4dbf-9241-e8b103d3a81d' before making global git config changes
2026-10-09T16:55:29.3202765Z Adding repository directory to the temporary git global config as a safe directory
2026-10-09T16:55:29.3206052Z [command]/usr/bin/git config --global --add safe.directory /home/runner/work/AI-Novel-Studio/AI-Novel-Studio
2026-10-09T16:55:29.3252637Z Deleting the contents of '/home/runner/work/AI-Novel-Studio/AI-Novel-Studio'
2026-10-09T16:55:29.3255716Z ##[group]Initializing the repository
2026-10-09T16:55:29.3258759Z [command]/usr/bin/git init /home/runner/work/AI-Novel-Studio/AI-Novel-Studio
2026-10-09T16:55:29.3359978Z hint: Using 'master' as the name for the initial branch. This default branch name
2026-10-09T16:55:29.3360711Z hint: will change to "main" in Git 3.0. To configure the initial branch name
2026-10-09T16:55:29.3361359Z hint: to use in all of your new repositories, which will suppress this warning,
2026-10-09T16:55:29.3361956Z hint: call:
2026-10-09T16:55:29.3362279Z hint:
2026-10-09T16:55:29.3362615Z hint: 	git config --global init.defaultBranch <name>
2026-10-09T16:55:29.3363016Z hint:
2026-10-09T16:55:29.3363386Z hint: Names commonly chosen instead of 'master' are 'main', 'trunk' and
2026-10-09T16:55:29.3364007Z hint: 'development'. The just-created branch can be renamed via this command:
2026-10-09T16:55:29.3364491Z hint:
2026-10-09T16:55:29.3364752Z hint: 	git branch -m <name>
2026-10-09T16:55:29.3366092Z hint:
2026-10-09T16:55:29.3366931Z hint: Disable this message with "git config set advice.defaultBranchName false"
2026-10-09T16:55:29.3367746Z Initialized empty Git repository in /home/runner/work/AI-Novel-Studio/AI-Novel-Studio/.git/
2026-10-09T16:55:29.3373140Z [command]/usr/bin/git remote add origin https://github.com/1785235376-blip/AI-Novel-Studio
2026-10-09T16:55:29.3418202Z ##[endgroup]
2026-10-09T16:55:29.3418752Z ##[group]Disabling automatic garbage collection
2026-10-09T16:55:29.3423053Z [command]/usr/bin/git config --local gc.auto 0
2026-10-09T16:55:29.3473397Z ##[endgroup]
2026-10-09T16:55:29.3474493Z ##[group]Setting up auth
2026-10-09T16:55:29.3475730Z [command]/usr/bin/git config --local --name-only --get-regexp core\.sshCommand
2026-10-09T16:55:29.3499615Z [command]/usr/bin/git submodule foreach --recursive sh -c "git config --local --name-only --get-regexp 'core\.sshCommand' && git config --local --unset-all 'core.sshCommand' || :"
2026-10-09T16:55:29.3860742Z [command]/usr/bin/git config --local --name-only --get-regexp http\.https\:\/\/github\.com\/\.extraheader
2026-10-09T16:55:29.3892804Z [command]/usr/bin/git submodule foreach --recursive sh -c "git config --local --name-only --get-regexp 'http\.https\:\/\/github\.com\/\.extraheader' && git config --local --unset-all 'http.https://github.com/.extraheader' || :"
2026-10-09T16:55:29.4091564Z [command]/usr/bin/git config --local http.https://github.com/.extraheader AUTHORIZATION: basic ***
2026-10-09T16:55:29.4128605Z ##[endgroup]
2026-10-09T16:55:29.4129039Z ##[group]Fetching the repository
2026-10-09T16:55:29.4137599Z [command]/usr/bin/git -c protocol.version=2 fetch --no-tags --prune --no-recurse-submodules --depth=1 origin +ec342fe9b69ba45d850d971ce2e15d1b12046096:refs/remotes/pull/47/merge
2026-10-09T16:55:30.7533586Z From https://github.com/1785235376-blip/AI-Novel-Studio
2026-10-09T16:55:30.7534320Z  * [new ref]         ec342fe9b69ba45d850d971ce2e15d1b12046096 -> pull/47/merge
2026-10-09T16:55:30.7544210Z ##[endgroup]
2026-10-09T16:55:30.7544685Z ##[group]Determining the checkout info
2026-10-09T16:55:30.7545699Z ##[endgroup]
2026-10-09T16:55:30.7555581Z [command]/usr/bin/git sparse-checkout disable
2026-10-09T16:55:30.7651199Z [command]/usr/bin/git config --local --unset-all extensions.worktreeConfig
2026-10-09T16:55:30.7676718Z ##[group]Checking out the ref
2026-10-09T16:55:30.7685706Z [command]/usr/bin/git checkout --progress --force refs/remotes/pull/47/merge
2026-10-09T16:55:31.3439524Z Note: switching to 'refs/remotes/pull/47/merge'.
2026-10-09T16:55:31.3439847Z 
2026-10-09T16:55:31.3440092Z You are in 'detached HEAD' state. You can look around, make experimental
2026-10-09T16:55:31.3440682Z changes and commit them, and you can discard any commits you make in this
2026-10-09T16:55:31.3441060Z state without impacting any branches by switching back to a branch.
2026-10-09T16:55:31.3441374Z 
2026-10-09T16:55:31.3441546Z If you want to create a new branch to retain commits you create, you may
2026-10-09T16:55:31.3441911Z do so (now or later) by using -c with the switch command. Example:
2026-10-09T16:55:31.3442136Z 
2026-10-09T16:55:31.3442232Z   git switch -c <new-branch-name>
2026-10-09T16:55:31.3442383Z 
2026-10-09T16:55:31.3442473Z Or undo this operation with:
2026-10-09T16:55:31.3442600Z 
2026-10-09T16:55:31.3442691Z   git switch -
2026-10-09T16:55:31.3442815Z 
2026-10-09T16:55:31.3442991Z Turn off this advice by setting config variable advice.detachedHead to false
2026-10-09T16:55:31.3443218Z 
2026-10-09T16:55:31.3443488Z HEAD is now at ec342fe Merge c386b0608ae92d18c351b5cb6e367380808a45cf into fed2404c8e30b44061b7139dced45b7f3301601c
2026-10-09T16:55:31.3486798Z ##[endgroup]
2026-10-09T16:55:31.3529455Z [command]/usr/bin/git log -1 --format=%H
2026-10-09T16:55:31.3552526Z ec342fe9b69ba45d850d971ce2e15d1b12046096
2026-10-09T16:55:31.3561011Z ##[group]Removing auth
2026-10-09T16:55:31.3564577Z [command]/usr/bin/git config --local --name-only --get-regexp core\.sshCommand
2026-10-09T16:55:31.3593018Z [command]/usr/bin/git submodule foreach --recursive sh -c "git config --local --name-only --get-regexp 'core\.sshCommand' && git config --local --unset-all 'core.sshCommand' || :"
2026-10-09T16:55:31.3788963Z [command]/usr/bin/git config --local --name-only --get-regexp http\.https\:\/\/github\.com\/\.extraheader
2026-10-09T16:55:31.3813977Z http.https://github.com/.extraheader
2026-10-09T16:55:31.3820564Z [command]/usr/bin/git config --local --unset-all http.https://github.com/.extraheader
2026-10-09T16:55:31.3851219Z [command]/usr/bin/git submodule foreach --recursive sh -c "git config --local --name-only --get-regexp 'http\.https\:\/\/github\.com\/\.extraheader' && git config --local --unset-all 'http.https://github.com/.extraheader' || :"
2026-10-09T16:55:31.4037825Z ##[endgroup]
2026-10-09T16:55:31.4236436Z ##[group]Run actions/setup-python@v5.6.0
2026-10-09T16:55:31.4236686Z with:
2026-10-09T16:55:31.4236870Z   python-version: 3.12.9
2026-10-09T16:55:31.4237072Z   check-latest: false
2026-10-09T16:55:31.4239304Z   token: ***
2026-10-09T16:55:31.4239493Z   update-environment: true
2026-10-09T16:55:31.4239735Z   allow-prereleases: false
2026-10-09T16:55:31.4239934Z   freethreaded: false
2026-10-09T16:55:31.4240119Z env:
2026-10-09T16:55:31.4240289Z   MOCK_PROVIDER: true
2026-10-09T16:55:31.4240479Z   ENABLE_CLOUD: false
2026-10-09T16:55:31.4240674Z   CREDENTIAL_VAULT_BACKEND: memory
2026-10-09T16:55:31.4240917Z   CREDENTIAL_VAULT_ALLOW_MEMORY_FALLBACK: true
2026-10-09T16:55:31.4241164Z   HF_HUB_OFFLINE: 1
2026-10-09T16:55:31.4241355Z   TRANSFORMERS_OFFLINE: 1
2026-10-09T16:55:31.4241557Z ##[endgroup]
2026-10-09T16:55:31.5297675Z ##[group]Installed versions
2026-10-09T16:55:31.5314738Z Version 3.12.9 was not found in the local cache
2026-10-09T16:55:31.5412902Z (node:2489) [DEP0040] DeprecationWarning: The `punycode` module is deprecated. Please use a userland alternative instead.
2026-10-09T16:55:31.5413784Z (Use `node --trace-deprecation ...` to show where the warning was created)
2026-10-09T16:55:32.1787917Z Version 3.12.9 is available for downloading
2026-10-09T16:55:32.1789312Z Download from "https://github.com/actions/python-versions/releases/download/3.12.9-13149478207/python-3.12.9-linux-24.04-x64.tar.gz"
2026-10-09T16:55:32.8888594Z Extract downloaded archive
2026-10-09T16:55:32.8996886Z [command]/usr/bin/tar xz --warning=no-unknown-keyword --overwrite -C /home/runner/work/_temp/8e64ae30-d6b1-4750-88ad-ad7b17e1c75f -f /home/runner/work/_temp/a7e97470-77a9-4f68-8684-22c7ec59f466
2026-10-09T16:55:34.6438432Z Execute installation script
2026-10-09T16:55:34.6521839Z Check if Python hostedtoolcache folder exist...
2026-10-09T16:55:34.6522454Z Create Python 3.12.9 folder
2026-10-09T16:55:34.6536034Z Copy Python binaries to hostedtoolcache folder
2026-10-09T16:55:35.0377381Z Create additional symlinks (Required for the UsePythonVersion Azure Pipelines task and the setup-python GitHub Action)
2026-10-09T16:55:35.0412431Z Upgrading pip...
2026-10-09T16:55:36.7586183Z Looking in links: /tmp/tmpvt4xw1dl
2026-10-09T16:55:36.7588480Z Requirement already satisfied: pip in /opt/hostedtoolcache/Python/3.12.9/x64/lib/python3.12/site-packages (24.3.1)
2026-10-09T16:55:37.6802571Z Collecting pip
2026-10-09T16:55:37.7082554Z Downloading pip-26.2.1-py3-none-any.whl.metadata (4.6 kB)
2026-10-09T16:55:37.7236267Z Downloading pip-26.2.1-py3-none-any.whl (1.8 MB)
2026-10-09T16:55:37.8240759Z ━━━━━━━━━━━━━━━━━━━━━━━━━━━━━━━━━━━━━━━━ 1.8/1.8 MB 19.0 MB/s eta 0:00:00
2026-10-09T16:55:37.8241143Z 
2026-10-09T16:55:37.8584210Z Installing collected packages: pip
2026-10-09T16:55:37.8584627Z Attempting uninstall: pip
2026-10-09T16:55:37.8601378Z Found existing installation: pip 24.3.1
2026-10-09T16:55:37.8857602Z Uninstalling pip-24.3.1:
2026-10-09T16:55:37.8900348Z Successfully uninstalled pip-24.3.1
2026-10-09T16:55:38.6403560Z Successfully installed pip-26.2.1
2026-10-09T16:55:38.6883371Z Create complete file
2026-10-09T16:55:38.6916972Z Successfully set up CPython (3.12.9)
2026-10-09T16:55:38.6918173Z ##[endgroup]
2026-10-09T16:55:38.7080006Z ##[group]Run bash .github/ci/prepare.sh local-interop
2026-10-09T16:55:38.7080553Z [36;1mbash .github/ci/prepare.sh local-interop[0m
2026-10-09T16:55:38.7283680Z shell: /usr/bin/bash -e {0}
2026-10-09T16:55:38.7283928Z env:
2026-10-09T16:55:38.7284106Z   MOCK_PROVIDER: true
2026-10-09T16:55:38.7284298Z   ENABLE_CLOUD: false
2026-10-09T16:55:38.7284485Z   CREDENTIAL_VAULT_BACKEND: memory
2026-10-09T16:55:38.7284722Z   CREDENTIAL_VAULT_ALLOW_MEMORY_FALLBACK: true
2026-10-09T16:55:38.7284954Z   HF_HUB_OFFLINE: 1
2026-10-09T16:55:38.7285389Z   TRANSFORMERS_OFFLINE: 1
2026-10-09T16:55:38.7285638Z   pythonLocation: /opt/hostedtoolcache/Python/3.12.9/x64
2026-10-09T16:55:38.7285998Z   PKG_CONFIG_PATH: /opt/hostedtoolcache/Python/3.12.9/x64/lib/pkgconfig
2026-10-09T16:55:38.7286334Z   Python_ROOT_DIR: /opt/hostedtoolcache/Python/3.12.9/x64
2026-10-09T16:55:38.7286634Z   Python2_ROOT_DIR: /opt/hostedtoolcache/Python/3.12.9/x64
2026-10-09T16:55:38.7286961Z   Python3_ROOT_DIR: /opt/hostedtoolcache/Python/3.12.9/x64
2026-10-09T16:55:38.7287252Z   LD_LIBRARY_PATH: /opt/hostedtoolcache/Python/3.12.9/x64/lib
2026-10-09T16:55:38.7287538Z ##[endgroup]
2026-10-09T16:55:39.3653585Z ##[group]Run python -m pip install -c .github/ci/python-constraints.txt -e '.[dev]'
2026-10-09T16:55:39.3654088Z [36;1mpython -m pip install -c .github/ci/python-constraints.txt -e '.[dev]'[0m
2026-10-09T16:55:39.3712939Z shell: /usr/bin/bash -e {0}
2026-10-09T16:55:39.3713163Z env:
2026-10-09T16:55:39.3713342Z   MOCK_PROVIDER: true
2026-10-09T16:55:39.3713532Z   ENABLE_CLOUD: false
2026-10-09T16:55:39.3713719Z   CREDENTIAL_VAULT_BACKEND: memory
2026-10-09T16:55:39.3713970Z   CREDENTIAL_VAULT_ALLOW_MEMORY_FALLBACK: true
2026-10-09T16:55:39.3714212Z   HF_HUB_OFFLINE: 1
2026-10-09T16:55:39.3714399Z   TRANSFORMERS_OFFLINE: 1
2026-10-09T16:55:39.3714643Z   pythonLocation: /opt/hostedtoolcache/Python/3.12.9/x64
2026-10-09T16:55:39.3714994Z   PKG_CONFIG_PATH: /opt/hostedtoolcache/Python/3.12.9/x64/lib/pkgconfig
2026-10-09T16:55:39.3715496Z   Python_ROOT_DIR: /opt/hostedtoolcache/Python/3.12.9/x64
2026-10-09T16:55:39.3715812Z   Python2_ROOT_DIR: /opt/hostedtoolcache/Python/3.12.9/x64
2026-10-09T16:55:39.3716156Z   Python3_ROOT_DIR: /opt/hostedtoolcache/Python/3.12.9/x64
2026-10-09T16:55:39.3716453Z   LD_LIBRARY_PATH: /opt/hostedtoolcache/Python/3.12.9/x64/lib
2026-10-09T16:55:39.3716756Z   CI_COVERAGE_SHA: ec342fe9b69ba45d850d971ce2e15d1b12046096
2026-10-09T16:55:39.3717056Z   CI_COVERAGE_TREE: 2ec6365e1f1f183f029c9f0a94d040d134e22b47
2026-10-09T16:55:39.3717386Z   CI_SANDBOX: /home/runner/work/_temp/novel-ci-local-interop.4LCBcY
2026-10-09T16:55:39.3717752Z   CI_PROJECT: /home/runner/work/_temp/novel-ci-local-interop.4LCBcY/project
2026-10-09T16:55:39.3718144Z   CI_RECEIPTS: /home/runner/work/_temp/novel-ci-local-interop.4LCBcY/receipts
2026-10-09T16:55:39.3718508Z   HOME: /home/runner/work/_temp/novel-ci-local-interop.4LCBcY/home
2026-10-09T16:55:39.3718866Z   USERPROFILE: /home/runner/work/_temp/novel-ci-local-interop.4LCBcY/home
2026-10-09T16:55:39.3719241Z   APPDATA: /home/runner/work/_temp/novel-ci-local-interop.4LCBcY/appdata
2026-10-09T16:55:39.3719651Z   LOCALAPPDATA: /home/runner/work/_temp/novel-ci-local-interop.4LCBcY/localappdata
2026-10-09T16:55:39.3720061Z   XDG_CONFIG_HOME: /home/runner/work/_temp/novel-ci-local-interop.4LCBcY/config
2026-10-09T16:55:39.3720452Z   XDG_CACHE_HOME: /home/runner/work/_temp/novel-ci-local-interop.4LCBcY/cache
2026-10-09T16:55:39.3720833Z   XDG_DATA_HOME: /home/runner/work/_temp/novel-ci-local-interop.4LCBcY/data
2026-10-09T16:55:39.3721211Z   XDG_STATE_HOME: /home/runner/work/_temp/novel-ci-local-interop.4LCBcY/state
2026-10-09T16:55:39.3721577Z   TMPDIR: /home/runner/work/_temp/novel-ci-local-interop.4LCBcY/tmp
2026-10-09T16:55:39.3721915Z   TMP: /home/runner/work/_temp/novel-ci-local-interop.4LCBcY/tmp
2026-10-09T16:55:39.3722239Z   TEMP: /home/runner/work/_temp/novel-ci-local-interop.4LCBcY/tmp
2026-10-09T16:55:39.3722591Z   PROJECT_ROOT: /home/runner/work/_temp/novel-ci-local-interop.4LCBcY/project
2026-10-09T16:55:39.3722998Z   NOVEL_DATA_PATH: /home/runner/work/_temp/novel-ci-local-interop.4LCBcY/data/novels
2026-10-09T16:55:39.3723636Z   BACKUP_PATH: /home/runner/work/_temp/novel-ci-local-interop.4LCBcY/data/backups
2026-10-09T16:55:39.3724095Z   DATABASE_BACKUP_PATH: /home/runner/work/_temp/novel-ci-local-interop.4LCBcY/data/database-backups
2026-10-09T16:55:39.3724573Z   KNOWLEDGE_SOURCE_PATH: /home/runner/work/_temp/novel-ci-local-interop.4LCBcY/data/novels
2026-10-09T16:55:39.3724911Z ##[endgroup]
2026-10-09T16:55:39.7373239Z Obtaining file:///home/runner/work/_temp/novel-ci-local-interop.4LCBcY/project
2026-10-09T16:55:39.7389557Z   Installing build dependencies: started
2026-10-09T16:55:40.3451807Z   Installing build dependencies: finished with status 'done'
2026-10-09T16:55:40.3457253Z   Checking if build backend supports build_editable: started
2026-10-09T16:55:40.6068022Z   Checking if build backend supports build_editable: finished with status 'done'
2026-10-09T16:55:40.6074760Z   Getting requirements to build editable: started
2026-10-09T16:55:40.9123796Z   Getting requirements to build editable: finished with status 'done'
2026-10-09T16:55:40.9132614Z   Preparing editable metadata (pyproject.toml): started
2026-10-09T16:55:41.0950738Z   Preparing editable metadata (pyproject.toml): finished with status 'done'
2026-10-09T16:55:41.2136551Z Collecting fastapi<1,>=0.115 (from ai-novel-studio==0.7.0)
2026-10-09T16:55:41.2727101Z   Downloading fastapi-0.142.2-py3-none-any.whl.metadata (27 kB)
2026-10-09T16:55:41.3202065Z Collecting uvicorn<1,>=0.30 (from ai-novel-studio==0.7.0)
2026-10-09T16:55:41.3295617Z   Downloading uvicorn-0.54.0-py3-none-any.whl.metadata (6.6 kB)
2026-10-09T16:55:41.3693417Z Collecting psycopg<4,>=3.2 (from psycopg[binary]<4,>=3.2->ai-novel-studio==0.7.0)
2026-10-09T16:55:41.3787196Z   Downloading psycopg-3.3.6-py3-none-any.whl.metadata (4.4 kB)
2026-10-09T16:55:41.6389440Z Collecting sqlalchemy<3,>=2.0 (from ai-novel-studio==0.7.0)
2026-10-09T16:55:41.6494337Z   Downloading sqlalchemy-2.1.3-cp312-cp312-manylinux2014_x86_64.manylinux_2_17_x86_64.manylinux_2_28_x86_64.whl.metadata (9.7 kB)
2026-10-09T16:55:41.6720609Z Collecting httpx<1,>=0.27 (from ai-novel-studio==0.7.0)
2026-10-09T16:55:41.6812087Z   Downloading httpx-0.28.1-py3-none-any.whl.metadata (7.1 kB)
2026-10-09T16:55:41.7465849Z Collecting pydantic-settings<3,>=2.6 (from ai-novel-studio==0.7.0)
2026-10-09T16:55:41.7558460Z   Downloading pydantic_settings-2.15.0-py3-none-any.whl.metadata (3.9 kB)
2026-10-09T16:55:41.8525392Z Collecting reportlab<5,>=4.0 (from ai-novel-studio==0.7.0)
2026-10-09T16:55:41.8621077Z   Downloading reportlab-4.5.1-py3-none-any.whl.metadata (1.7 kB)
2026-10-09T16:55:41.9107452Z Collecting pypdf==6.19.0 (from ai-novel-studio==0.7.0)
2026-10-09T16:55:41.9198090Z   Downloading pypdf-6.19.0-py3-none-any.whl.metadata (7.5 kB)
2026-10-09T16:55:41.9648949Z Collecting jsonschema<5,>=4.18 (from ai-novel-studio==0.7.0)
2026-10-09T16:55:41.9740161Z   Downloading jsonschema-4.26.0-py3-none-any.whl.metadata (7.6 kB)
2026-10-09T16:55:42.0093173Z Collecting pytest<9,>=8 (from ai-novel-studio==0.7.0)
2026-10-09T16:55:42.0186633Z   Downloading pytest-8.4.2-py3-none-any.whl.metadata (7.7 kB)
2026-10-09T16:55:42.0529635Z Collecting starlette>=0.46.0 (from fastapi<1,>=0.115->ai-novel-studio==0.7.0)
2026-10-09T16:55:42.0621957Z   Downloading starlette-1.7.0-py3-none-any.whl.metadata (6.6 kB)
2026-10-09T16:55:42.2335270Z Collecting pydantic>=2.9.0 (from fastapi<1,>=0.115->ai-novel-studio==0.7.0)
2026-10-09T16:55:42.2430289Z   Downloading pydantic-2.13.5-py3-none-any.whl.metadata (110 kB)
2026-10-09T16:55:42.3047212Z Collecting typing-extensions>=4.8.0 (from fastapi<1,>=0.115->ai-novel-studio==0.7.0)
2026-10-09T16:55:42.3141009Z   Downloading typing_extensions-4.16.0-py3-none-any.whl.metadata (3.3 kB)
2026-10-09T16:55:42.3284793Z Collecting typing-inspection>=0.4.2 (from fastapi<1,>=0.115->ai-novel-studio==0.7.0)
2026-10-09T16:55:42.3377867Z   Downloading typing_inspection-0.4.4-py3-none-any.whl.metadata (2.6 kB)
2026-10-09T16:55:42.3933878Z Collecting annotated-doc>=0.0.2 (from fastapi<1,>=0.115->ai-novel-studio==0.7.0)
2026-10-09T16:55:42.4028379Z   Downloading annotated_doc-0.0.5-py3-none-any.whl.metadata (6.5 kB)
2026-10-09T16:55:42.4235772Z Collecting opentelemetry-api>=1.44.0 (from fastapi<1,>=0.115->ai-novel-studio==0.7.0)
2026-10-09T16:55:42.4325368Z   Downloading opentelemetry_api-1.45.0-py3-none-any.whl.metadata (1.4 kB)
2026-10-09T16:55:42.4526705Z Collecting anyio (from httpx<1,>=0.27->ai-novel-studio==0.7.0)
2026-10-09T16:55:42.4617605Z   Downloading anyio-4.15.1-py3-none-any.whl.metadata (4.7 kB)
2026-10-09T16:55:42.5161278Z Collecting certifi (from httpx<1,>=0.27->ai-novel-studio==0.7.0)
2026-10-09T16:55:42.5253327Z   Downloading certifi-2026.7.22-py3-none-any.whl.metadata (2.5 kB)
2026-10-09T16:55:42.5428863Z Collecting httpcore==1.* (from httpx<1,>=0.27->ai-novel-studio==0.7.0)
2026-10-09T16:55:42.5519483Z   Downloading httpcore-1.0.9-py3-none-any.whl.metadata (21 kB)
2026-10-09T16:55:42.5697338Z Collecting idna (from httpx<1,>=0.27->ai-novel-studio==0.7.0)
2026-10-09T16:55:42.5788284Z   Downloading idna-3.20-py3-none-any.whl.metadata (7.2 kB)
2026-10-09T16:55:42.6186747Z Collecting h11>=0.16 (from httpcore==1.*->httpx<1,>=0.27->ai-novel-studio==0.7.0)
2026-10-09T16:55:42.6278315Z   Downloading h11-0.16.0-py3-none-any.whl.metadata (8.3 kB)
2026-10-09T16:55:42.7129899Z Collecting attrs>=22.2.0 (from jsonschema<5,>=4.18->ai-novel-studio==0.7.0)
2026-10-09T16:55:42.7403516Z   Downloading attrs-26.1.0-py3-none-any.whl.metadata (8.8 kB)
2026-10-09T16:55:42.7572824Z Collecting jsonschema-specifications>=2023.03.6 (from jsonschema<5,>=4.18->ai-novel-studio==0.7.0)
2026-10-09T16:55:42.7669717Z   Downloading jsonschema_specifications-2025.9.1-py3-none-any.whl.metadata (2.9 kB)
2026-10-09T16:55:42.8045965Z Collecting referencing>=0.28.4 (from jsonschema<5,>=4.18->ai-novel-studio==0.7.0)
2026-10-09T16:55:42.8154079Z   Downloading referencing-0.37.0-py3-none-any.whl.metadata (2.8 kB)
2026-10-09T16:55:43.0336546Z Collecting rpds-py>=0.25.0 (from jsonschema<5,>=4.18->ai-novel-studio==0.7.0)
2026-10-09T16:55:43.0449478Z   Downloading rpds_py-2026.9.1-cp312-cp312-manylinux_2_17_x86_64.manylinux2014_x86_64.whl.metadata (4.1 kB)
2026-10-09T16:55:43.1911204Z Collecting psycopg-binary==3.3.6 (from psycopg[binary]<4,>=3.2->ai-novel-studio==0.7.0)
2026-10-09T16:55:43.2006953Z   Downloading psycopg_binary-3.3.6-cp312-cp312-manylinux2014_x86_64.manylinux_2_17_x86_64.whl.metadata (2.7 kB)
2026-10-09T16:55:43.2647281Z Collecting python-dotenv>=0.21.0 (from pydantic-settings<3,>=2.6->ai-novel-studio==0.7.0)
2026-10-09T16:55:43.2738506Z   Downloading python_dotenv-1.2.4-py3-none-any.whl.metadata (29 kB)
2026-10-09T16:55:43.2900889Z Collecting iniconfig>=1 (from pytest<9,>=8->ai-novel-studio==0.7.0)
2026-10-09T16:55:43.2992002Z   Downloading iniconfig-2.3.0-py3-none-any.whl.metadata (2.5 kB)
2026-10-09T16:55:43.3306819Z Collecting packaging>=20 (from pytest<9,>=8->ai-novel-studio==0.7.0)
2026-10-09T16:55:43.3399278Z   Downloading packaging-26.3-py3-none-any.whl.metadata (3.5 kB)
2026-10-09T16:55:43.3562848Z Collecting pluggy<2,>=1.5 (from pytest<9,>=8->ai-novel-studio==0.7.0)
2026-10-09T16:55:43.3654549Z   Downloading pluggy-1.6.0-py3-none-any.whl.metadata (4.8 kB)
2026-10-09T16:55:43.9285343Z Collecting pygments>=2.7.2 (from pytest<9,>=8->ai-novel-studio==0.7.0)
2026-10-09T16:55:43.9379361Z   Downloading pygments-2.21.0-py3-none-any.whl.metadata (2.5 kB)
2026-10-09T16:55:44.3180048Z Collecting pillow>=9.0.0 (from reportlab<5,>=4.0->ai-novel-studio==0.7.0)
2026-10-09T16:55:44.3275677Z   Downloading pillow-12.3.0-cp312-cp312-manylinux_2_27_x86_64.manylinux_2_28_x86_64.whl.metadata (9.1 kB)
2026-10-09T16:55:44.7504505Z Collecting charset-normalizer (from reportlab<5,>=4.0->ai-novel-studio==0.7.0)
2026-10-09T16:55:44.7600527Z   Downloading charset_normalizer-3.5.2-cp312-cp312-manylinux2014_x86_64.manylinux_2_17_x86_64.manylinux_2_28_x86_64.whl.metadata (46 kB)
2026-10-09T16:55:44.9197791Z Collecting click>=7.0 (from uvicorn<1,>=0.30->ai-novel-studio==0.7.0)
2026-10-09T16:55:44.9291751Z   Downloading click-8.5.0-py3-none-any.whl.metadata (2.6 kB)
2026-10-09T16:55:45.1280862Z Collecting annotated-types>=0.6.0 (from pydantic>=2.9.0->fastapi<1,>=0.115->ai-novel-studio==0.7.0)
2026-10-09T16:55:45.1374354Z   Downloading annotated_types-0.8.0-py3-none-any.whl.metadata (15 kB)
2026-10-09T16:55:45.8363370Z Collecting pydantic-core==2.46.5 (from pydantic>=2.9.0->fastapi<1,>=0.115->ai-novel-studio==0.7.0)
2026-10-09T16:55:45.8458703Z   Downloading pydantic_core-2.46.5-cp312-cp312-manylinux_2_17_x86_64.manylinux2014_x86_64.whl.metadata (6.6 kB)
2026-10-09T16:55:45.8910462Z Downloading pypdf-6.19.0-py3-none-any.whl (395 kB)
2026-10-09T16:55:46.0027287Z Downloading fastapi-0.142.2-py3-none-any.whl (144 kB)
2026-10-09T16:55:46.0586664Z Downloading httpx-0.28.1-py3-none-any.whl (73 kB)
2026-10-09T16:55:46.1392750Z Downloading httpcore-1.0.9-py3-none-any.whl (78 kB)
2026-10-09T16:55:46.2691138Z Downloading jsonschema-4.26.0-py3-none-any.whl (90 kB)
2026-10-09T16:55:46.3789775Z Downloading psycopg-3.3.6-py3-none-any.whl (215 kB)
2026-10-09T16:55:46.4290180Z Downloading psycopg_binary-3.3.6-cp312-cp312-manylinux2014_x86_64.manylinux_2_17_x86_64.whl (5.2 MB)
2026-10-09T16:55:46.5908408Z    ━━━━━━━━━━━━━━━━━━━━━━━━━━━━━━━━━━━━━━━━ 5.2/5.2 MB 31.3 MB/s  0:00:00
2026-10-09T16:55:46.6040985Z Downloading pydantic_settings-2.15.0-py3-none-any.whl (69 kB)
2026-10-09T16:55:46.6487616Z Downloading pytest-8.4.2-py3-none-any.whl (365 kB)
2026-10-09T16:55:46.6713927Z Downloading pluggy-1.6.0-py3-none-any.whl (20 kB)
2026-10-09T16:55:46.7108860Z Downloading reportlab-4.5.1-py3-none-any.whl (2.0 MB)
2026-10-09T16:55:46.7828718Z    ━━━━━━━━━━━━━━━━━━━━━━━━━━━━━━━━━━━━━━━━ 2.0/2.0 MB 24.6 MB/s  0:00:00
2026-10-09T16:55:46.7924631Z Downloading sqlalchemy-2.1.3-cp312-cp312-manylinux2014_x86_64.manylinux_2_17_x86_64.manylinux_2_28_x86_64.whl (4.7 MB)
2026-10-09T16:55:46.8841997Z    ━━━━━━━━━━━━━━━━━━━━━━━━━━━━━━━━━━━━━━━━ 4.7/4.7 MB 50.2 MB/s  0:00:00
2026-10-09T16:55:46.8937627Z Downloading uvicorn-0.54.0-py3-none-any.whl (87 kB)
2026-10-09T16:55:46.9406558Z Downloading annotated_doc-0.0.5-py3-none-any.whl (5.3 kB)
2026-10-09T16:55:46.9608943Z Downloading attrs-26.1.0-py3-none-any.whl (67 kB)
2026-10-09T16:55:47.1622772Z Downloading click-8.5.0-py3-none-any.whl (125 kB)
2026-10-09T16:55:47.4099763Z Downloading h11-0.16.0-py3-none-any.whl (37 kB)
2026-10-09T16:55:47.5691244Z Downloading iniconfig-2.3.0-py3-none-any.whl (7.5 kB)
2026-10-09T16:55:47.5802964Z Downloading jsonschema_specifications-2025.9.1-py3-none-any.whl (18 kB)
2026-10-09T16:55:47.5994060Z Downloading opentelemetry_api-1.45.0-py3-none-any.whl (60 kB)
2026-10-09T16:55:47.6190778Z Downloading packaging-26.3-py3-none-any.whl (129 kB)
2026-10-09T16:55:47.6699461Z Downloading pillow-12.3.0-cp312-cp312-manylinux_2_27_x86_64.manylinux_2_28_x86_64.whl (6.9 MB)
2026-10-09T16:55:47.9405468Z    ━━━━━━━━━━━━━━━━━━━━━━━━━━━━━━━━━━━━━━━━ 6.9/6.9 MB 24.9 MB/s  0:00:00
2026-10-09T16:55:47.9501416Z Downloading pydantic-2.13.5-py3-none-any.whl (472 kB)
2026-10-09T16:55:48.3500581Z Downloading pydantic_core-2.46.5-cp312-cp312-manylinux_2_17_x86_64.manylinux2014_x86_64.whl (2.1 MB)
2026-10-09T16:55:48.5106520Z    ━━━━━━━━━━━━━━━━━━━━━━━━━━━━━━━━━━━━━━━━ 2.1/2.1 MB 11.4 MB/s  0:00:00
2026-10-09T16:55:48.5201447Z Downloading annotated_types-0.8.0-py3-none-any.whl (13 kB)
2026-10-09T16:55:48.5390348Z Downloading pygments-2.21.0-py3-none-any.whl (1.3 MB)
2026-10-09T16:55:48.5990365Z    ━━━━━━━━━━━━━━━━━━━━━━━━━━━━━━━━━━━━━━━━ 1.3/1.3 MB 17.0 MB/s  0:00:00
2026-10-09T16:55:48.6085359Z Downloading python_dotenv-1.2.4-py3-none-any.whl (23 kB)
2026-10-09T16:55:48.6382008Z Downloading referencing-0.37.0-py3-none-any.whl (26 kB)
2026-10-09T16:55:48.7184023Z Downloading rpds_py-2026.9.1-cp312-cp312-manylinux_2_17_x86_64.manylinux2014_x86_64.whl (371 kB)
2026-10-09T16:55:48.7871725Z Downloading starlette-1.7.0-py3-none-any.whl (78 kB)
2026-10-09T16:55:48.8592355Z Downloading anyio-4.15.1-py3-none-any.whl (132 kB)
2026-10-09T16:55:48.9899271Z Downloading idna-3.20-py3-none-any.whl (69 kB)
2026-10-09T16:55:49.0476380Z Downloading typing_extensions-4.16.0-py3-none-any.whl (45 kB)
2026-10-09T16:55:49.1467737Z Downloading typing_inspection-0.4.4-py3-none-any.whl (14 kB)
2026-10-09T16:55:49.2464751Z Downloading certifi-2026.7.22-py3-none-any.whl (136 kB)
2026-10-09T16:55:49.2980411Z Downloading charset_normalizer-3.5.2-cp312-cp312-manylinux2014_x86_64.manylinux_2_17_x86_64.manylinux_2_28_x86_64.whl (257 kB)
2026-10-09T16:55:49.4315627Z Building wheels for collected packages: ai-novel-studio
2026-10-09T16:55:49.4322560Z   Building editable for ai-novel-studio (pyproject.toml): started
2026-10-09T16:55:49.7972567Z   Building editable for ai-novel-studio (pyproject.toml): finished with status 'done'
2026-10-09T16:55:49.7977170Z   Created wheel for ai-novel-studio: filename=ai_novel_studio-0.7.0-0.editable-py3-none-any.whl size=3185 sha256=c24f606a62dd176530dcda3f47f36cce2771d80edbf28307a4cd637dc8dbbec7
2026-10-09T16:55:49.7978641Z   Stored in directory: /home/runner/work/_temp/novel-ci-local-interop.4LCBcY/tmp/pip-ephem-wheel-cache-lhgm_zp7/wheels/80/64/6c/e9282102ddda4db2ea017f912a380543aaac4a0cab9b1b1c4b
2026-10-09T16:55:49.7991479Z Successfully built ai-novel-studio
2026-10-09T16:55:49.8531005Z Installing collected packages: typing-extensions, rpds-py, python-dotenv, pypdf, pygments, psycopg-binary, pluggy, pillow, packaging, iniconfig, idna, h11, click, charset-normalizer, certifi, attrs, annotated-types, annotated-doc, uvicorn, typing-inspection, sqlalchemy, reportlab, referencing, pytest, pydantic-core, psycopg, opentelemetry-api, httpcore, anyio, starlette, pydantic, jsonschema-specifications, httpx, pydantic-settings, jsonschema, fastapi, ai-novel-studio
2026-10-09T16:55:54.5376342Z 
2026-10-09T16:55:54.5403146Z Successfully installed ai-novel-studio-0.7.0 annotated-doc-0.0.5 annotated-types-0.8.0 anyio-4.15.1 attrs-26.1.0 certifi-2026.7.22 charset-normalizer-3.5.2 click-8.5.0 fastapi-0.142.2 h11-0.16.0 httpcore-1.0.9 httpx-0.28.1 idna-3.20 iniconfig-2.3.0 jsonschema-4.26.0 jsonschema-specifications-2025.9.1 opentelemetry-api-1.45.0 packaging-26.3 pillow-12.3.0 pluggy-1.6.0 psycopg-3.3.6 psycopg-binary-3.3.6 pydantic-2.13.5 pydantic-core-2.46.5 pydantic-settings-2.15.0 pygments-2.21.0 pypdf-6.19.0 pytest-8.4.2 python-dotenv-1.2.4 referencing-0.37.0 reportlab-4.5.1 rpds-py-2026.9.1 sqlalchemy-2.1.3 starlette-1.7.0 typing-extensions-4.16.0 typing-inspection-0.4.4 uvicorn-0.54.0
2026-10-09T16:55:54.6671739Z ##[group]Run python - <<'PYCODE'
2026-10-09T16:55:54.6672026Z [36;1mpython - <<'PYCODE'[0m
2026-10-09T16:55:54.6672246Z [36;1mfrom pathlib import Path[0m
2026-10-09T16:55:54.6672478Z [36;1mimport psycopg[0m
2026-10-09T16:55:54.6673060Z [36;1mwith psycopg.connect('***127.0.0.1:5432/interop_ci', autocommit=True) as connection:[0m
2026-10-09T16:55:54.6673512Z [36;1m    for migration in sorted(Path('database/migrations').glob('*.sql')):[0m
2026-10-09T16:55:54.6673912Z [36;1m        connection.execute(migration.read_text(encoding='utf-8'))[0m
2026-10-09T16:55:54.6674199Z [36;1mPYCODE[0m
2026-10-09T16:55:54.6731043Z shell: /usr/bin/bash -e {0}
2026-10-09T16:55:54.6731271Z env:
2026-10-09T16:55:54.6731444Z   MOCK_PROVIDER: true
2026-10-09T16:55:54.6731629Z   ENABLE_CLOUD: false
2026-10-09T16:55:54.6731815Z   CREDENTIAL_VAULT_BACKEND: memory
2026-10-09T16:55:54.6732058Z   CREDENTIAL_VAULT_ALLOW_MEMORY_FALLBACK: true
2026-10-09T16:55:54.6732300Z   HF_HUB_OFFLINE: 1
2026-10-09T16:55:54.6732532Z   TRANSFORMERS_OFFLINE: 1
2026-10-09T16:55:54.6732779Z   pythonLocation: /opt/hostedtoolcache/Python/3.12.9/x64
2026-10-09T16:55:54.6733108Z   PKG_CONFIG_PATH: /opt/hostedtoolcache/Python/3.12.9/x64/lib/pkgconfig
2026-10-09T16:55:54.6733439Z   Python_ROOT_DIR: /opt/hostedtoolcache/Python/3.12.9/x64
2026-10-09T16:55:54.6733738Z   Python2_ROOT_DIR: /opt/hostedtoolcache/Python/3.12.9/x64
2026-10-09T16:55:54.6734040Z   Python3_ROOT_DIR: /opt/hostedtoolcache/Python/3.12.9/x64
2026-10-09T16:55:54.6734336Z   LD_LIBRARY_PATH: /opt/hostedtoolcache/Python/3.12.9/x64/lib
2026-10-09T16:55:54.6734643Z   CI_COVERAGE_SHA: ec342fe9b69ba45d850d971ce2e15d1b12046096
2026-10-09T16:55:54.6735358Z   CI_COVERAGE_TREE: 2ec6365e1f1f183f029c9f0a94d040d134e22b47
2026-10-09T16:55:54.6735688Z   CI_SANDBOX: /home/runner/work/_temp/novel-ci-local-interop.4LCBcY
2026-10-09T16:55:54.6736054Z   CI_PROJECT: /home/runner/work/_temp/novel-ci-local-interop.4LCBcY/project
2026-10-09T16:55:54.6736449Z   CI_RECEIPTS: /home/runner/work/_temp/novel-ci-local-interop.4LCBcY/receipts
2026-10-09T16:55:54.6736816Z   HOME: /home/runner/work/_temp/novel-ci-local-interop.4LCBcY/home
2026-10-09T16:55:54.6737176Z   USERPROFILE: /home/runner/work/_temp/novel-ci-local-interop.4LCBcY/home
2026-10-09T16:55:54.6737551Z   APPDATA: /home/runner/work/_temp/novel-ci-local-interop.4LCBcY/appdata
2026-10-09T16:55:54.6737952Z   LOCALAPPDATA: /home/runner/work/_temp/novel-ci-local-interop.4LCBcY/localappdata
2026-10-09T16:55:54.6738368Z   XDG_CONFIG_HOME: /home/runner/work/_temp/novel-ci-local-interop.4LCBcY/config
2026-10-09T16:55:54.6738758Z   XDG_CACHE_HOME: /home/runner/work/_temp/novel-ci-local-interop.4LCBcY/cache
2026-10-09T16:55:54.6739145Z   XDG_DATA_HOME: /home/runner/work/_temp/novel-ci-local-interop.4LCBcY/data
2026-10-09T16:55:54.6739524Z   XDG_STATE_HOME: /home/runner/work/_temp/novel-ci-local-interop.4LCBcY/state
2026-10-09T16:55:54.6739889Z   TMPDIR: /home/runner/work/_temp/novel-ci-local-interop.4LCBcY/tmp
2026-10-09T16:55:54.6740236Z   TMP: /home/runner/work/_temp/novel-ci-local-interop.4LCBcY/tmp
2026-10-09T16:55:54.6740565Z   TEMP: /home/runner/work/_temp/novel-ci-local-interop.4LCBcY/tmp
2026-10-09T16:55:54.6740924Z   PROJECT_ROOT: /home/runner/work/_temp/novel-ci-local-interop.4LCBcY/project
2026-10-09T16:55:54.6741330Z   NOVEL_DATA_PATH: /home/runner/work/_temp/novel-ci-local-interop.4LCBcY/data/novels
2026-10-09T16:55:54.6741746Z   BACKUP_PATH: /home/runner/work/_temp/novel-ci-local-interop.4LCBcY/data/backups
2026-10-09T16:55:54.6742202Z   DATABASE_BACKUP_PATH: /home/runner/work/_temp/novel-ci-local-interop.4LCBcY/data/database-backups
2026-10-09T16:55:54.6742686Z   KNOWLEDGE_SOURCE_PATH: /home/runner/work/_temp/novel-ci-local-interop.4LCBcY/data/novels
2026-10-09T16:55:54.6743028Z ##[endgroup]
2026-10-09T16:55:55.6271751Z ##[group]Run set -o pipefail
2026-10-09T16:55:55.6272015Z [36;1mset -o pipefail[0m
2026-10-09T16:55:55.6272450Z [36;1mPYTHONPATH="$CI_PROJECT/.github/ci:$CI_PROJECT" python -m pytest -p postgres_gate -p suite_coverage -q -ra --tb=short \[0m
2026-10-09T16:55:55.6272976Z [36;1m  --ci-coverage-manifest=.github/ci/coverage_manifest_v2.json.gz \[0m
2026-10-09T16:55:55.6273447Z [36;1m  --ci-scope=interop --ci-shard-index=0 --ci-shard-count=1 --ci-coverage-dir="$CI_RECEIPTS" \[0m
2026-10-09T16:55:55.6274027Z [36;1m  tests/test_local_interop*.py --junitxml="$CI_RECEIPTS/local-interop.xml" 2>&1 | tee "$CI_RECEIPTS/local-interop.log"[0m
2026-10-09T16:55:55.6331727Z shell: /usr/bin/bash -e {0}
2026-10-09T16:55:55.6331943Z env:
2026-10-09T16:55:55.6332135Z   MOCK_PROVIDER: true
2026-10-09T16:55:55.6332334Z   ENABLE_CLOUD: false
2026-10-09T16:55:55.6332555Z   CREDENTIAL_VAULT_BACKEND: memory
2026-10-09T16:55:55.6332822Z   CREDENTIAL_VAULT_ALLOW_MEMORY_FALLBACK: true
2026-10-09T16:55:55.6333107Z   HF_HUB_OFFLINE: 1
2026-10-09T16:55:55.6333290Z   TRANSFORMERS_OFFLINE: 1
2026-10-09T16:55:55.6333534Z   pythonLocation: /opt/hostedtoolcache/Python/3.12.9/x64
2026-10-09T16:55:55.6333870Z   PKG_CONFIG_PATH: /opt/hostedtoolcache/Python/3.12.9/x64/lib/pkgconfig
2026-10-09T16:55:55.6334200Z   Python_ROOT_DIR: /opt/hostedtoolcache/Python/3.12.9/x64
2026-10-09T16:55:55.6334503Z   Python2_ROOT_DIR: /opt/hostedtoolcache/Python/3.12.9/x64
2026-10-09T16:55:55.6334800Z   Python3_ROOT_DIR: /opt/hostedtoolcache/Python/3.12.9/x64
2026-10-09T16:55:55.6335276Z   LD_LIBRARY_PATH: /opt/hostedtoolcache/Python/3.12.9/x64/lib
2026-10-09T16:55:55.6335703Z   CI_COVERAGE_SHA: ec342fe9b69ba45d850d971ce2e15d1b12046096
2026-10-09T16:55:55.6336086Z   CI_COVERAGE_TREE: 2ec6365e1f1f183f029c9f0a94d040d134e22b47
2026-10-09T16:55:55.6336413Z   CI_SANDBOX: /home/runner/work/_temp/novel-ci-local-interop.4LCBcY
2026-10-09T16:55:55.6336787Z   CI_PROJECT: /home/runner/work/_temp/novel-ci-local-interop.4LCBcY/project
2026-10-09T16:55:55.6337366Z   CI_RECEIPTS: /home/runner/work/_temp/novel-ci-local-interop.4LCBcY/receipts
2026-10-09T16:55:55.6337731Z   HOME: /home/runner/work/_temp/novel-ci-local-interop.4LCBcY/home
2026-10-09T16:55:55.6338094Z   USERPROFILE: /home/runner/work/_temp/novel-ci-local-interop.4LCBcY/home
2026-10-09T16:55:55.6338483Z   APPDATA: /home/runner/work/_temp/novel-ci-local-interop.4LCBcY/appdata
2026-10-09T16:55:55.6338901Z   LOCALAPPDATA: /home/runner/work/_temp/novel-ci-local-interop.4LCBcY/localappdata
2026-10-09T16:55:55.6339321Z   XDG_CONFIG_HOME: /home/runner/work/_temp/novel-ci-local-interop.4LCBcY/config
2026-10-09T16:55:55.6339719Z   XDG_CACHE_HOME: /home/runner/work/_temp/novel-ci-local-interop.4LCBcY/cache
2026-10-09T16:55:55.6340100Z   XDG_DATA_HOME: /home/runner/work/_temp/novel-ci-local-interop.4LCBcY/data
2026-10-09T16:55:55.6340473Z   XDG_STATE_HOME: /home/runner/work/_temp/novel-ci-local-interop.4LCBcY/state
2026-10-09T16:55:55.6340838Z   TMPDIR: /home/runner/work/_temp/novel-ci-local-interop.4LCBcY/tmp
2026-10-09T16:55:55.6341183Z   TMP: /home/runner/work/_temp/novel-ci-local-interop.4LCBcY/tmp
2026-10-09T16:55:55.6341526Z   TEMP: /home/runner/work/_temp/novel-ci-local-interop.4LCBcY/tmp
2026-10-09T16:55:55.6341885Z   PROJECT_ROOT: /home/runner/work/_temp/novel-ci-local-interop.4LCBcY/project
2026-10-09T16:55:55.6342290Z   NOVEL_DATA_PATH: /home/runner/work/_temp/novel-ci-local-interop.4LCBcY/data/novels
2026-10-09T16:55:55.6342721Z   BACKUP_PATH: /home/runner/work/_temp/novel-ci-local-interop.4LCBcY/data/backups
2026-10-09T16:55:55.6343195Z   DATABASE_BACKUP_PATH: /home/runner/work/_temp/novel-ci-local-interop.4LCBcY/data/database-backups
2026-10-09T16:55:55.6343675Z   KNOWLEDGE_SOURCE_PATH: /home/runner/work/_temp/novel-ci-local-interop.4LCBcY/data/novels
2026-10-09T16:55:55.6344031Z   STORAGE_BACKEND: postgres
2026-10-09T16:55:55.6344523Z   DATABASE_URL: ***127.0.0.1:5432/interop_ci
2026-10-09T16:55:55.6344934Z   TEST_POSTGRES_DATABASE_URL: ***127.0.0.1:5432/interop_ci
2026-10-09T16:55:55.6345545Z ##[endgroup]
2026-10-09T16:56:01.6109643Z ........................................................................ [ 17%]
2026-10-09T16:56:01.7179109Z ........................................................................ [ 34%]
2026-10-09T16:56:53.0894249Z ........................................s.......ss..s................... [ 52%]
2026-10-09T16:59:26.6476377Z ...........................................s.sssssssss.........s..s.s.s. [ 69%]
2026-10-09T17:04:27.9850473Z s.s.sss....s.s.s.s.sss...ssssss......s.s.s.s.........s.s..s.ssss....s.s. [ 87%]
2026-10-09T17:05:52.1012962Z s.s.s.ssss....s.s.s.ssssss......s.s.s................                    [100%]
2026-10-09T17:05:52.1013841Z - generated xml file: /home/runner/work/_temp/novel-ci-local-interop.4LCBcY/receipts/local-interop.xml -
2026-10-09T17:05:52.1014528Z =========================== short test summary info ============================
2026-10-09T17:05:52.1015576Z SKIPPED [1] tests/test_local_interop_cross_process_host.py: File-backend implementation contract; covered by the default/File full suite
2026-10-09T17:05:52.1016698Z SKIPPED [2] tests/test_local_interop_desktop_api_projection_races.py:15: File-backend implementation contract; covered by the default/File full suite
2026-10-09T17:05:52.1017658Z SKIPPED [1] tests/test_local_interop_desktop_api_projection_races.py: File-backend implementation contract; covered by the default/File full suite
2026-10-09T17:05:52.1018354Z SKIPPED [10] tests/test_local_interop_desktop_runtime.py: File-backend implementation contract; covered by the default/File full suite
2026-10-09T17:05:52.1019239Z SKIPPED [9] tests/test_local_interop_desktop_runtime.py:60: File-backend implementation contract; covered by the default/File full suite
2026-10-09T17:05:52.1020023Z SKIPPED [3] tests/test_local_interop_desktop_runtime.py:261: File-backend implementation contract; covered by the default/File full suite
2026-10-09T17:05:52.1023579Z SKIPPED [19] tests/test_local_interop_host.py: File-backend implementation contract; covered by the default/File full suite
2026-10-09T17:05:52.1024445Z SKIPPED [3] tests/test_local_interop_host.py:173: File-backend implementation contract; covered by the default/File full suite
2026-10-09T17:05:52.1025252Z SKIPPED [6] tests/test_local_interop_host.py:203: File-backend implementation contract; covered by the default/File full suite
2026-10-09T17:05:52.1025898Z SKIPPED [4] tests/test_local_interop_host.py:395: File-backend implementation contract; covered by the default/File full suite
2026-10-09T17:05:52.1026502Z SKIPPED [4] tests/test_local_interop_host.py:528: File-backend implementation contract; covered by the default/File full suite
2026-10-09T17:05:52.1027110Z SKIPPED [6] tests/test_local_interop_host.py:611: File-backend implementation contract; covered by the default/File full suite
2026-10-09T17:05:52.1027544Z 345 passed, 68 skipped in 594.89s (0:09:54)
2026-10-09T17:05:53.1597568Z ##[group]Run python .github/ci/coverage_reconcile.py \
2026-10-09T17:05:53.1597941Z [36;1mpython .github/ci/coverage_reconcile.py \[0m
2026-10-09T17:05:53.1598305Z [36;1m  --manifest .github/ci/coverage_manifest_v2.json.gz --scope interop \[0m
2026-10-09T17:05:53.1598711Z [36;1m  --receipts-dir "$CI_RECEIPTS" --expected-shards postgres=1 \[0m
2026-10-09T17:05:53.1599121Z [36;1m  --expected-sha "$CI_COVERAGE_SHA" --expected-tree "$CI_COVERAGE_TREE" \[0m
2026-10-09T17:05:53.1599523Z [36;1m  --expected-event-sha "$GITHUB_SHA" --expected-run "$GITHUB_RUN_ID" \[0m
2026-10-09T17:05:53.1599962Z [36;1m  --expected-attempt "$GITHUB_RUN_ATTEMPT" --expected-repository "$GITHUB_REPOSITORY" \[0m
2026-10-09T17:05:53.1600436Z [36;1m  --constraints .github/ci/python-constraints.txt --source-root "$CI_PROJECT" \[0m
2026-10-09T17:05:53.1600813Z [36;1m  --output "$CI_RECEIPTS/interop-coverage.json"[0m
2026-10-09T17:05:53.1656934Z shell: /usr/bin/bash -e {0}
2026-10-09T17:05:53.1657188Z env:
2026-10-09T17:05:53.1657359Z   MOCK_PROVIDER: true
2026-10-09T17:05:53.1657561Z   ENABLE_CLOUD: false
2026-10-09T17:05:53.1657749Z   CREDENTIAL_VAULT_BACKEND: memory
2026-10-09T17:05:53.1657983Z   CREDENTIAL_VAULT_ALLOW_MEMORY_FALLBACK: true
2026-10-09T17:05:53.1658215Z   HF_HUB_OFFLINE: 1
2026-10-09T17:05:53.1658391Z   TRANSFORMERS_OFFLINE: 1
2026-10-09T17:05:53.1658638Z   pythonLocation: /opt/hostedtoolcache/Python/3.12.9/x64
2026-10-09T17:05:53.1658970Z   PKG_CONFIG_PATH: /opt/hostedtoolcache/Python/3.12.9/x64/lib/pkgconfig
2026-10-09T17:05:53.1659292Z   Python_ROOT_DIR: /opt/hostedtoolcache/Python/3.12.9/x64
2026-10-09T17:05:53.1659583Z   Python2_ROOT_DIR: /opt/hostedtoolcache/Python/3.12.9/x64
2026-10-09T17:05:53.1659873Z   Python3_ROOT_DIR: /opt/hostedtoolcache/Python/3.12.9/x64
2026-10-09T17:05:53.1660163Z   LD_LIBRARY_PATH: /opt/hostedtoolcache/Python/3.12.9/x64/lib
2026-10-09T17:05:53.1660467Z   CI_COVERAGE_SHA: ec342fe9b69ba45d850d971ce2e15d1b12046096
2026-10-09T17:05:53.1660766Z   CI_COVERAGE_TREE: 2ec6365e1f1f183f029c9f0a94d040d134e22b47
2026-10-09T17:05:53.1661095Z   CI_SANDBOX: /home/runner/work/_temp/novel-ci-local-interop.4LCBcY
2026-10-09T17:05:53.1661461Z   CI_PROJECT: /home/runner/work/_temp/novel-ci-local-interop.4LCBcY/project
2026-10-09T17:05:53.1661840Z   CI_RECEIPTS: /home/runner/work/_temp/novel-ci-local-interop.4LCBcY/receipts
2026-10-09T17:05:53.1662201Z   HOME: /home/runner/work/_temp/novel-ci-local-interop.4LCBcY/home
2026-10-09T17:05:53.1662562Z   USERPROFILE: /home/runner/work/_temp/novel-ci-local-interop.4LCBcY/home
2026-10-09T17:05:53.1662940Z   APPDATA: /home/runner/work/_temp/novel-ci-local-interop.4LCBcY/appdata
2026-10-09T17:05:53.1663338Z   LOCALAPPDATA: /home/runner/work/_temp/novel-ci-local-interop.4LCBcY/localappdata
2026-10-09T17:05:53.1663751Z   XDG_CONFIG_HOME: /home/runner/work/_temp/novel-ci-local-interop.4LCBcY/config
2026-10-09T17:05:53.1664137Z   XDG_CACHE_HOME: /home/runner/work/_temp/novel-ci-local-interop.4LCBcY/cache
2026-10-09T17:05:53.1664513Z   XDG_DATA_HOME: /home/runner/work/_temp/novel-ci-local-interop.4LCBcY/data
2026-10-09T17:05:53.1665284Z   XDG_STATE_HOME: /home/runner/work/_temp/novel-ci-local-interop.4LCBcY/state
2026-10-09T17:05:53.1665663Z   TMPDIR: /home/runner/work/_temp/novel-ci-local-interop.4LCBcY/tmp
2026-10-09T17:05:53.1666000Z   TMP: /home/runner/work/_temp/novel-ci-local-interop.4LCBcY/tmp
2026-10-09T17:05:53.1666326Z   TEMP: /home/runner/work/_temp/novel-ci-local-interop.4LCBcY/tmp
2026-10-09T17:05:53.1666686Z   PROJECT_ROOT: /home/runner/work/_temp/novel-ci-local-interop.4LCBcY/project
2026-10-09T17:05:53.1667087Z   NOVEL_DATA_PATH: /home/runner/work/_temp/novel-ci-local-interop.4LCBcY/data/novels
2026-10-09T17:05:53.1667498Z   BACKUP_PATH: /home/runner/work/_temp/novel-ci-local-interop.4LCBcY/data/backups
2026-10-09T17:05:53.1667947Z   DATABASE_BACKUP_PATH: /home/runner/work/_temp/novel-ci-local-interop.4LCBcY/data/database-backups
2026-10-09T17:05:53.1668600Z   KNOWLEDGE_SOURCE_PATH: /home/runner/work/_temp/novel-ci-local-interop.4LCBcY/data/novels
2026-10-09T17:05:53.1668957Z ##[endgroup]
2026-10-09T17:05:53.5062449Z {
2026-10-09T17:05:53.5062862Z   "schema_version": 1,
2026-10-09T17:05:53.5063177Z   "scope": "interop",
2026-10-09T17:05:53.5063447Z   "status": "complete",
2026-10-09T17:05:53.5063688Z   "identity": {
2026-10-09T17:05:53.5064073Z     "checked_out_sha": "ec342fe9b69ba45d850d971ce2e15d1b12046096",
2026-10-09T17:05:53.5064607Z     "source_tree": "2ec6365e1f1f183f029c9f0a94d040d134e22b47",
2026-10-09T17:05:53.5065204Z     "event_sha": "ec342fe9b69ba45d850d971ce2e15d1b12046096",
2026-10-09T17:05:53.5065633Z     "run_id": "37962541535",
2026-10-09T17:05:53.5065899Z     "run_attempt": "1",
2026-10-09T17:05:53.5066222Z     "repository": "1785235376-blip/AI-Novel-Studio",
2026-10-09T17:05:53.5066609Z     "python_version": "3.12.9",
2026-10-09T17:05:53.5066907Z     "platform": "linux",
2026-10-09T17:05:53.5067405Z     "source_manifest_sha256": "904bb2488f729857af98ef7abccacf90f664aea53eb49a48f8262f764141b522",
2026-10-09T17:05:53.5068185Z     "dependency_digest": "fb6f9ade2d88f097b3d1c77f38c07276d773fb4b377ae412194f10805e92b97e"
2026-10-09T17:05:53.5068721Z   },
2026-10-09T17:05:53.5068955Z   "unique_collected_per_profile": 413,
2026-10-09T17:05:53.5069241Z   "profiles": {
2026-10-09T17:05:53.5069503Z     "postgres": {
2026-10-09T17:05:53.5069742Z       "collected": 413,
2026-10-09T17:05:53.5070026Z       "passed": 345,
2026-10-09T17:05:53.5070262Z       "skipped": 68,
2026-10-09T17:05:53.5070513Z       "shards": 1
2026-10-09T17:05:53.5070725Z     }
2026-10-09T17:05:53.5070974Z   },
2026-10-09T17:05:53.5071184Z   "external_gates": {},
2026-10-09T17:05:53.5071686Z   "evidence": "complete collected backend coverage; not monolithic PostgreSQL interaction equivalence"
2026-10-09T17:05:53.5072235Z }
2026-10-09T17:05:53.5161268Z ##[group]Run python scripts/check_desktop_integration.py
2026-10-09T17:05:53.5161609Z [36;1mpython scripts/check_desktop_integration.py[0m
2026-10-09T17:05:53.5162059Z [36;1mpython -m local_interop_desktop.acceptance --mock-only --output "$CI_RECEIPTS/desktop-acceptance.json"[0m
2026-10-09T17:05:53.5217334Z shell: /usr/bin/bash -e {0}
2026-10-09T17:05:53.5217543Z env:
2026-10-09T17:05:53.5217708Z   MOCK_PROVIDER: true
2026-10-09T17:05:53.5217889Z   ENABLE_CLOUD: false
2026-10-09T17:05:53.5218071Z   CREDENTIAL_VAULT_BACKEND: memory
2026-10-09T17:05:53.5218304Z   CREDENTIAL_VAULT_ALLOW_MEMORY_FALLBACK: true
2026-10-09T17:05:53.5218546Z   HF_HUB_OFFLINE: 1
2026-10-09T17:05:53.5218722Z   TRANSFORMERS_OFFLINE: 1
2026-10-09T17:05:53.5218958Z   pythonLocation: /opt/hostedtoolcache/Python/3.12.9/x64
2026-10-09T17:05:53.5219292Z   PKG_CONFIG_PATH: /opt/hostedtoolcache/Python/3.12.9/x64/lib/pkgconfig
2026-10-09T17:05:53.5219619Z   Python_ROOT_DIR: /opt/hostedtoolcache/Python/3.12.9/x64
2026-10-09T17:05:53.5219944Z   Python2_ROOT_DIR: /opt/hostedtoolcache/Python/3.12.9/x64
2026-10-09T17:05:53.5220235Z   Python3_ROOT_DIR: /opt/hostedtoolcache/Python/3.12.9/x64
2026-10-09T17:05:53.5220534Z   LD_LIBRARY_PATH: /opt/hostedtoolcache/Python/3.12.9/x64/lib
2026-10-09T17:05:53.5221006Z   CI_COVERAGE_SHA: ec342fe9b69ba45d850d971ce2e15d1b12046096
2026-10-09T17:05:53.5221300Z   CI_COVERAGE_TREE: 2ec6365e1f1f183f029c9f0a94d040d134e22b47
2026-10-09T17:05:53.5221619Z   CI_SANDBOX: /home/runner/work/_temp/novel-ci-local-interop.4LCBcY
2026-10-09T17:05:53.5221984Z   CI_PROJECT: /home/runner/work/_temp/novel-ci-local-interop.4LCBcY/project
2026-10-09T17:05:53.5222365Z   CI_RECEIPTS: /home/runner/work/_temp/novel-ci-local-interop.4LCBcY/receipts
2026-10-09T17:05:53.5222753Z   HOME: /home/runner/work/_temp/novel-ci-local-interop.4LCBcY/home
2026-10-09T17:05:53.5223113Z   USERPROFILE: /home/runner/work/_temp/novel-ci-local-interop.4LCBcY/home
2026-10-09T17:05:53.5223488Z   APPDATA: /home/runner/work/_temp/novel-ci-local-interop.4LCBcY/appdata
2026-10-09T17:05:53.5223885Z   LOCALAPPDATA: /home/runner/work/_temp/novel-ci-local-interop.4LCBcY/localappdata
2026-10-09T17:05:53.5224292Z   XDG_CONFIG_HOME: /home/runner/work/_temp/novel-ci-local-interop.4LCBcY/config
2026-10-09T17:05:53.5224691Z   XDG_CACHE_HOME: /home/runner/work/_temp/novel-ci-local-interop.4LCBcY/cache
2026-10-09T17:05:53.5225268Z   XDG_DATA_HOME: /home/runner/work/_temp/novel-ci-local-interop.4LCBcY/data
2026-10-09T17:05:53.5225679Z   XDG_STATE_HOME: /home/runner/work/_temp/novel-ci-local-interop.4LCBcY/state
2026-10-09T17:05:53.5226036Z   TMPDIR: /home/runner/work/_temp/novel-ci-local-interop.4LCBcY/tmp
2026-10-09T17:05:53.5226367Z   TMP: /home/runner/work/_temp/novel-ci-local-interop.4LCBcY/tmp
2026-10-09T17:05:53.5226694Z   TEMP: /home/runner/work/_temp/novel-ci-local-interop.4LCBcY/tmp
2026-10-09T17:05:53.5227057Z   PROJECT_ROOT: /home/runner/work/_temp/novel-ci-local-interop.4LCBcY/project
2026-10-09T17:05:53.5227471Z   NOVEL_DATA_PATH: /home/runner/work/_temp/novel-ci-local-interop.4LCBcY/data/novels
2026-10-09T17:05:53.5227890Z   BACKUP_PATH: /home/runner/work/_temp/novel-ci-local-interop.4LCBcY/data/backups
2026-10-09T17:05:53.5228337Z   DATABASE_BACKUP_PATH: /home/runner/work/_temp/novel-ci-local-interop.4LCBcY/data/database-backups
2026-10-09T17:05:53.5228900Z   KNOWLEDGE_SOURCE_PATH: /home/runner/work/_temp/novel-ci-local-interop.4LCBcY/data/novels
2026-10-09T17:05:53.5229262Z ##[endgroup]
2026-10-09T17:05:53.5550871Z {
2026-10-09T17:05:53.5551135Z   "acceptance_scenarios": 24,
2026-10-09T17:05:53.5551389Z   "frozen_protocol_files": 37,
2026-10-09T17:05:53.5551734Z   "manifest_sha256": "77c1f82f0aec0ef385d95cacf6fe04530b83fb62d2403bc7341cbe6bf19c858c",
2026-10-09T17:05:53.5552106Z   "protocol": "PoemSeed Local Interop 1.0",
2026-10-09T17:05:53.5552361Z   "real_desktop_acceptance": "LOCAL_REQUIRED",
2026-10-09T17:05:53.5552597Z   "requirements": 69,
2026-10-09T17:05:53.5552792Z   "shared_desktop_preparation_files": 26
2026-10-09T17:05:53.5553268Z }
2026-10-09T17:05:54.0320474Z {
2026-10-09T17:05:54.0320815Z   "native_acceptance": "LOCAL_REQUIRED",
2026-10-09T17:05:54.0321222Z   "protocol": "PoemSeed Local Interop 1.0",
2026-10-09T17:05:54.0321607Z   "results": [
2026-10-09T17:05:54.0321842Z     {
2026-10-09T17:05:54.0322109Z       "checks": [
2026-10-09T17:05:54.0322365Z         "absent_installation",
2026-10-09T17:05:54.0322689Z         "no_auto_launch"
2026-10-09T17:05:54.0322931Z       ],
2026-10-09T17:05:54.0323165Z       "elapsed_ms": 0.564,
2026-10-09T17:05:54.0323478Z       "error_code": null,
2026-10-09T17:05:54.0323720Z       "id": "A01",
2026-10-09T17:05:54.0324000Z       "name": "Install state",
2026-10-09T17:05:54.0324304Z       "native_status": "LOCAL_REQUIRED",
2026-10-09T17:05:54.0324664Z       "outcome": "PASS",
2026-10-09T17:05:54.0325187Z       "scope": "MOCK_ONLY"
2026-10-09T17:05:54.0325420Z     },
2026-10-09T17:05:54.0325608Z     {
2026-10-09T17:05:54.0325803Z       "checks": [
2026-10-09T17:05:54.0326055Z         "registered_discovery",
2026-10-09T17:05:54.0326332Z         "bounded_deduplication",
2026-10-09T17:05:54.0326600Z         "no_process_scan"
2026-10-09T17:05:54.0326831Z       ],
2026-10-09T17:05:54.0327030Z       "elapsed_ms": 0.381,
2026-10-09T17:05:54.0327276Z       "error_code": null,
2026-10-09T17:05:54.0327739Z       "id": "A02",
2026-10-09T17:05:54.0327956Z       "name": "Peer discovery",
2026-10-09T17:05:54.0328221Z       "native_status": "LOCAL_REQUIRED",
2026-10-09T17:05:54.0328502Z       "outcome": "PASS",
2026-10-09T17:05:54.0328741Z       "scope": "MOCK_ONLY"
2026-10-09T17:05:54.0328962Z     },
2026-10-09T17:05:54.0329148Z     {
2026-10-09T17:05:54.0329334Z       "checks": [
2026-10-09T17:05:54.0329556Z         "synthetic_os_facts_only",
2026-10-09T17:05:54.0329842Z         "explicit_approval",
2026-10-09T17:05:54.0330097Z         "trust_downgrade",
2026-10-09T17:05:54.0330332Z         "revocation"
2026-10-09T17:05:54.0330543Z       ],
2026-10-09T17:05:54.0330739Z       "elapsed_ms": 0.453,
2026-10-09T17:05:54.0330981Z       "error_code": null,
2026-10-09T17:05:54.0331217Z       "id": "A03",
2026-10-09T17:05:54.0331435Z       "name": "Trust",
2026-10-09T17:05:54.0331679Z       "native_status": "LOCAL_REQUIRED",
2026-10-09T17:05:54.0331967Z       "outcome": "PASS",
2026-10-09T17:05:54.0332211Z       "scope": "MOCK_ONLY"
2026-10-09T17:05:54.0332437Z     },
2026-10-09T17:05:54.0332618Z     {
2026-10-09T17:05:54.0332802Z       "checks": [
2026-10-09T17:05:54.0333017Z         "five_distinct_stages",
2026-10-09T17:05:54.0333422Z         "deterministic_observable_history"
2026-10-09T17:05:54.0333722Z       ],
2026-10-09T17:05:54.0334028Z       "elapsed_ms": 8.308,
2026-10-09T17:05:54.0334346Z       "error_code": null,
2026-10-09T17:05:54.0334640Z       "id": "A04",
2026-10-09T17:05:54.0334859Z       "name": "Handshake",
2026-10-09T17:05:54.0335236Z       "native_status": "LOCAL_REQUIRED",
2026-10-09T17:05:54.0335521Z       "outcome": "PASS",
2026-10-09T17:05:54.0335751Z       "scope": "MOCK_ONLY"
2026-10-09T17:05:54.0335983Z     },
2026-10-09T17:05:54.0336169Z     {
2026-10-09T17:05:54.0336420Z       "checks": [
2026-10-09T17:05:54.0336656Z         "negotiated_support",
2026-10-09T17:05:54.0336940Z         "content_permission_not_implied"
2026-10-09T17:05:54.0337281Z       ],
2026-10-09T17:05:54.0337485Z       "elapsed_ms": 8.849,
2026-10-09T17:05:54.0337796Z       "error_code": null,
2026-10-09T17:05:54.0338048Z       "id": "A05",
2026-10-09T17:05:54.0338340Z       "name": "Capability negotiation",
2026-10-09T17:05:54.0338707Z       "native_status": "LOCAL_REQUIRED",
2026-10-09T17:05:54.0339042Z       "outcome": "PASS",
2026-10-09T17:05:54.0339293Z       "scope": "MOCK_ONLY"
2026-10-09T17:05:54.0339576Z     },
2026-10-09T17:05:54.0339771Z     {
2026-10-09T17:05:54.0340021Z       "checks": [
2026-10-09T17:05:54.0340249Z         "metadata_only",
2026-10-09T17:05:54.0340555Z         "no_manuscript_selection_prompt"
2026-10-09T17:05:54.0340873Z       ],
2026-10-09T17:05:54.0341078Z       "elapsed_ms": 0.799,
2026-10-09T17:05:54.0341547Z       "error_code": null,
2026-10-09T17:05:54.0341829Z       "id": "A06",
2026-10-09T17:05:54.0342059Z       "name": "Metadata context",
2026-10-09T17:05:54.0342384Z       "native_status": "LOCAL_REQUIRED",
2026-10-09T17:05:54.0342711Z       "outcome": "PASS",
2026-10-09T17:05:54.0342953Z       "scope": "MOCK_ONLY"
2026-10-09T17:05:54.0343175Z     },
2026-10-09T17:05:54.0343409Z     {
2026-10-09T17:05:54.0343602Z       "checks": [
2026-10-09T17:05:54.0343816Z         "explicit_consent",
2026-10-09T17:05:54.0344114Z         "exact_content_scope",
2026-10-09T17:05:54.0344402Z         "chapter_version_fence"
2026-10-09T17:05:54.0344687Z       ],
2026-10-09T17:05:54.0344910Z       "elapsed_ms": 0.92,
2026-10-09T17:05:54.0345497Z       "error_code": null,
2026-10-09T17:05:54.0345728Z       "id": "A07",
2026-10-09T17:05:54.0345948Z       "name": "Selection context",
2026-10-09T17:05:54.0346278Z       "native_status": "LOCAL_REQUIRED",
2026-10-09T17:05:54.0346550Z       "outcome": "PASS",
2026-10-09T17:05:54.0346789Z       "scope": "MOCK_ONLY"
2026-10-09T17:05:54.0347005Z     },
2026-10-09T17:05:54.0347185Z     {
2026-10-09T17:05:54.0347399Z       "checks": [
2026-10-09T17:05:54.0347626Z         "explicit_consent",
2026-10-09T17:05:54.0347879Z         "exact_content_scope",
2026-10-09T17:05:54.0348303Z         "chapter_version_fence"
2026-10-09T17:05:54.0348548Z       ],
2026-10-09T17:05:54.0348743Z       "elapsed_ms": 0.796,
2026-10-09T17:05:54.0348990Z       "error_code": null,
2026-10-09T17:05:54.0349222Z       "id": "A08",
2026-10-09T17:05:54.0349444Z       "name": "Chapter context",
2026-10-09T17:05:54.0349713Z       "native_status": "LOCAL_REQUIRED",
2026-10-09T17:05:54.0349990Z       "outcome": "PASS",
2026-10-09T17:05:54.0350230Z       "scope": "MOCK_ONLY"
2026-10-09T17:05:54.0350456Z     },
2026-10-09T17:05:54.0350644Z     {
2026-10-09T17:05:54.0350832Z       "checks": [
2026-10-09T17:05:54.0351057Z         "non_content_diagnostic",
2026-10-09T17:05:54.0351324Z         "allowlisted_audit",
2026-10-09T17:05:54.0351588Z         "bounded_audit"
2026-10-09T17:05:54.0351808Z       ],
2026-10-09T17:05:54.0352010Z       "elapsed_ms": 1.24,
2026-10-09T17:05:54.0352237Z       "error_code": null,
2026-10-09T17:05:54.0352463Z       "id": "A09",
2026-10-09T17:05:54.0352674Z       "name": "Diagnostic",
2026-10-09T17:05:54.0352932Z       "native_status": "LOCAL_REQUIRED",
2026-10-09T17:05:54.0353199Z       "outcome": "PASS",
2026-10-09T17:05:54.0353430Z       "scope": "MOCK_ONLY"
2026-10-09T17:05:54.0353653Z     },
2026-10-09T17:05:54.0353835Z     {
2026-10-09T17:05:54.0354025Z       "checks": [
2026-10-09T17:05:54.0354268Z         "coalescing",
2026-10-09T17:05:54.0354513Z         "live_delivery_permission",
2026-10-09T17:05:54.0354788Z         "isolated_revocation",
2026-10-09T17:05:54.0355165Z         "pause_resume",
2026-10-09T17:05:54.0355423Z         "disconnect_no_grant"
2026-10-09T17:05:54.0355677Z       ],
2026-10-09T17:05:54.0355879Z       "elapsed_ms": 73.876,
2026-10-09T17:05:54.0356126Z       "error_code": null,
2026-10-09T17:05:54.0356355Z       "id": "A10",
2026-10-09T17:05:54.0356563Z       "name": "Event",
2026-10-09T17:05:54.0356803Z       "native_status": "LOCAL_REQUIRED",
2026-10-09T17:05:54.0357084Z       "outcome": "PASS",
2026-10-09T17:05:54.0357325Z       "scope": "MOCK_ONLY"
2026-10-09T17:05:54.0357570Z     },
2026-10-09T17:05:54.0357760Z     {
2026-10-09T17:05:54.0357953Z       "checks": [
2026-10-09T17:05:54.0358179Z         "session_revoked",
2026-10-09T17:05:54.0358434Z         "later_delivery_rejected"
2026-10-09T17:05:54.0358686Z       ],
2026-10-09T17:05:54.0358887Z       "elapsed_ms": 8.588,
2026-10-09T17:05:54.0359130Z       "error_code": null,
2026-10-09T17:05:54.0359358Z       "id": "A11",
2026-10-09T17:05:54.0359580Z       "name": "Session revoke",
2026-10-09T17:05:54.0359852Z       "native_status": "LOCAL_REQUIRED",
2026-10-09T17:05:54.0360128Z       "outcome": "PASS",
2026-10-09T17:05:54.0360391Z       "scope": "MOCK_ONLY"
2026-10-09T17:05:54.0376197Z     },
2026-10-09T17:05:54.0376633Z     {
2026-10-09T17:05:54.0376845Z       "checks": [
2026-10-09T17:05:54.0377091Z         "coalescing",
2026-10-09T17:05:54.0377353Z         "live_delivery_permission",
2026-10-09T17:05:54.0377640Z         "isolated_revocation",
2026-10-09T17:05:54.0377903Z         "pause_resume",
2026-10-09T17:05:54.0378259Z         "disconnect_no_grant"
2026-10-09T17:05:54.0378510Z       ],
2026-10-09T17:05:54.0378724Z       "elapsed_ms": 76.289,
2026-10-09T17:05:54.0378974Z       "error_code": null,
2026-10-09T17:05:54.0379210Z       "id": "A12",
2026-10-09T17:05:54.0379436Z       "name": "Permission revoke",
2026-10-09T17:05:54.0379744Z       "native_status": "LOCAL_REQUIRED",
2026-10-09T17:05:54.0380052Z       "outcome": "PASS",
2026-10-09T17:05:54.0380315Z       "scope": "MOCK_ONLY"
2026-10-09T17:05:54.0380559Z     },
2026-10-09T17:05:54.0380758Z     {
2026-10-09T17:05:54.0380955Z       "checks": [
2026-10-09T17:05:54.0381191Z         "v1_request_response_loop",
2026-10-09T17:05:54.0381500Z         "advice_no_mutation"
2026-10-09T17:05:54.0381763Z       ],
2026-10-09T17:05:54.0381972Z       "elapsed_ms": 12.59,
2026-10-09T17:05:54.0382221Z       "error_code": null,
2026-10-09T17:05:54.0382462Z       "id": "A13",
2026-10-09T17:05:54.0382691Z       "name": "Tutor guidance",
2026-10-09T17:05:54.0382968Z       "native_status": "LOCAL_REQUIRED",
2026-10-09T17:05:54.0383448Z       "outcome": "PASS",
2026-10-09T17:05:54.0383704Z       "scope": "MOCK_ONLY"
2026-10-09T17:05:54.0383932Z     },
2026-10-09T17:05:54.0384123Z     {
2026-10-09T17:05:54.0384325Z       "checks": [
2026-10-09T17:05:54.0384551Z         "fresh_owner_callback",
2026-10-09T17:05:54.0384824Z         "wire_evidence_never_promoted"
2026-10-09T17:05:54.0385248Z       ],
2026-10-09T17:05:54.0385456Z       "elapsed_ms": 15.459,
2026-10-09T17:05:54.0385710Z       "error_code": null,
2026-10-09T17:05:54.0385952Z       "id": "A14",
2026-10-09T17:05:54.0386174Z       "name": "Verifier",
2026-10-09T17:05:54.0386427Z       "native_status": "LOCAL_REQUIRED",
2026-10-09T17:05:54.0386729Z       "outcome": "PASS",
2026-10-09T17:05:54.0386973Z       "scope": "MOCK_ONLY"
2026-10-09T17:05:54.0387217Z     },
2026-10-09T17:05:54.0387410Z     {
2026-10-09T17:05:54.0387607Z       "checks": [
2026-10-09T17:05:54.0387837Z         "advice_does_not_navigate",
2026-10-09T17:05:54.0388127Z         "local_user_click",
2026-10-09T17:05:54.0388396Z         "single_use_presence"
2026-10-09T17:05:54.0388651Z       ],
2026-10-09T17:05:54.0388864Z       "elapsed_ms": 0.516,
2026-10-09T17:05:54.0389116Z       "error_code": null,
2026-10-09T17:05:54.0389358Z       "id": "A15",
2026-10-09T17:05:54.0389635Z       "name": "Deep Link",
2026-10-09T17:05:54.0389901Z       "native_status": "LOCAL_REQUIRED",
2026-10-09T17:05:54.0390182Z       "outcome": "PASS",
2026-10-09T17:05:54.0390421Z       "scope": "MOCK_ONLY"
2026-10-09T17:05:54.0390650Z     },
2026-10-09T17:05:54.0390836Z     {
2026-10-09T17:05:54.0391028Z       "checks": [
2026-10-09T17:05:54.0391250Z         "owner_projection",
2026-10-09T17:05:54.0391516Z         "read_only_metadata",
2026-10-09T17:05:54.0391777Z         "stale_cache"
2026-10-09T17:05:54.0392010Z       ],
2026-10-09T17:05:54.0392222Z       "elapsed_ms": 0.564,
2026-10-09T17:05:54.0392476Z       "error_code": null,
2026-10-09T17:05:54.0392727Z       "id": "A16",
2026-10-09T17:05:54.0392964Z       "name": "Model Registry",
2026-10-09T17:05:54.0393241Z       "native_status": "LOCAL_REQUIRED",
2026-10-09T17:05:54.0393521Z       "outcome": "PASS",
2026-10-09T17:05:54.0393769Z       "scope": "MOCK_ONLY"
2026-10-09T17:05:54.0394008Z     },
2026-10-09T17:05:54.0394201Z     {
2026-10-09T17:05:54.0394402Z       "checks": [
2026-10-09T17:05:54.0394626Z         "synthetic_peer_crash",
2026-10-09T17:05:54.0394897Z         "no_successful_late_delivery"
2026-10-09T17:05:54.0395313Z       ],
2026-10-09T17:05:54.0395530Z       "elapsed_ms": 8.581,
2026-10-09T17:05:54.0395776Z       "error_code": null,
2026-10-09T17:05:54.0396016Z       "id": "A17",
2026-10-09T17:05:54.0396383Z       "name": "Tutor crash",
2026-10-09T17:05:54.0396668Z       "native_status": "LOCAL_REQUIRED",
2026-10-09T17:05:54.0396964Z       "outcome": "PASS",
2026-10-09T17:05:54.0397216Z       "scope": "MOCK_ONLY"
2026-10-09T17:05:54.0397446Z     },
2026-10-09T17:05:54.0397635Z     {
2026-10-09T17:05:54.0397835Z       "checks": [
2026-10-09T17:05:54.0398075Z         "simulated_host_shutdown",
2026-10-09T17:05:54.0398371Z         "volatile_session_revoked"
2026-10-09T17:05:54.0398633Z       ],
2026-10-09T17:05:54.0398840Z       "elapsed_ms": 8.378,
2026-10-09T17:05:54.0399085Z       "error_code": null,
2026-10-09T17:05:54.0399324Z       "id": "A18",
2026-10-09T17:05:54.0399550Z       "name": "Studio crash",
2026-10-09T17:05:54.0399817Z       "native_status": "LOCAL_REQUIRED",
2026-10-09T17:05:54.0400111Z       "outcome": "PASS",
2026-10-09T17:05:54.0400358Z       "scope": "MOCK_ONLY"
2026-10-09T17:05:54.0400601Z     },
2026-10-09T17:05:54.0400800Z     {
2026-10-09T17:05:54.0401000Z       "checks": [
2026-10-09T17:05:54.0401232Z         "fresh_instance",
2026-10-09T17:05:54.0401515Z         "no_session_or_standing_grant_restoration"
2026-10-09T17:05:54.0401821Z       ],
2026-10-09T17:05:54.0402024Z       "elapsed_ms": 9.812,
2026-10-09T17:05:54.0402269Z       "error_code": null,
2026-10-09T17:05:54.0402497Z       "id": "A19",
2026-10-09T17:05:54.0402871Z       "name": "Restart",
2026-10-09T17:05:54.0403117Z       "native_status": "LOCAL_REQUIRED",
2026-10-09T17:05:54.0403395Z       "outcome": "PASS",
2026-10-09T17:05:54.0403637Z       "scope": "MOCK_ONLY"
2026-10-09T17:05:54.0403874Z     },
2026-10-09T17:05:54.0404057Z     {
2026-10-09T17:05:54.0404256Z       "checks": [
2026-10-09T17:05:54.0404494Z         "product_upgrade_compatible",
2026-10-09T17:05:54.0404801Z         "optional_1_1_advertisement_selects_1_0",
2026-10-09T17:05:54.0405243Z         "unknown_major_rejected"
2026-10-09T17:05:54.0405482Z       ],
2026-10-09T17:05:54.0405682Z       "elapsed_ms": 12.274,
2026-10-09T17:05:54.0405932Z       "error_code": null,
2026-10-09T17:05:54.0406172Z       "id": "A20",
2026-10-09T17:05:54.0406401Z       "name": "Upgrade compatibility",
2026-10-09T17:05:54.0406696Z       "native_status": "LOCAL_REQUIRED",
2026-10-09T17:05:54.0406989Z       "outcome": "PASS",
2026-10-09T17:05:54.0407230Z       "scope": "MOCK_ONLY"
2026-10-09T17:05:54.0407466Z     },
2026-10-09T17:05:54.0407651Z     {
2026-10-09T17:05:54.0407843Z       "checks": [
2026-10-09T17:05:54.0408087Z         "distinct_windows_user_probe_required"
2026-10-09T17:05:54.0408407Z       ],
2026-10-09T17:05:54.0408615Z       "elapsed_ms": 0.0,
2026-10-09T17:05:54.0408849Z       "error_code": null,
2026-10-09T17:05:54.0409085Z       "id": "A21",
2026-10-09T17:05:54.0409324Z       "name": "Different Windows user",
2026-10-09T17:05:54.0409621Z       "native_status": "NOT_RUN",
2026-10-09T17:05:54.0409895Z       "outcome": "NOT_RUN",
2026-10-09T17:05:54.0410146Z       "scope": "NATIVE_REQUIRED"
2026-10-09T17:05:54.0410396Z     },
2026-10-09T17:05:54.0410586Z     {
2026-10-09T17:05:54.0410784Z       "checks": [
2026-10-09T17:05:54.0411023Z         "claimed_known_product_rejected",
2026-10-09T17:05:54.0411333Z         "no_installation_no_trust"
2026-10-09T17:05:54.0411610Z       ],
2026-10-09T17:05:54.0411819Z       "elapsed_ms": 0.397,
2026-10-09T17:05:54.0412070Z       "error_code": null,
2026-10-09T17:05:54.0412313Z       "id": "A22",
2026-10-09T17:05:54.0412549Z       "name": "Fake product_id",
2026-10-09T17:05:54.0412848Z       "native_status": "LOCAL_REQUIRED",
2026-10-09T17:05:54.0413152Z       "outcome": "PASS",
2026-10-09T17:05:54.0413404Z       "scope": "MOCK_ONLY"
2026-10-09T17:05:54.0413649Z     },
2026-10-09T17:05:54.0413846Z     {
2026-10-09T17:05:54.0414054Z       "checks": [
2026-10-09T17:05:54.0414281Z         "fixed_expiry",
2026-10-09T17:05:54.0414544Z         "heartbeat_does_not_extend",
2026-10-09T17:05:54.0414842Z         "expired_request_rejected"
2026-10-09T17:05:54.0415236Z       ],
2026-10-09T17:05:54.0415446Z       "elapsed_ms": 9.639,
2026-10-09T17:05:54.0415875Z       "error_code": null,
2026-10-09T17:05:54.0416128Z       "id": "A23",
2026-10-09T17:05:54.0416362Z       "name": "Expired session",
2026-10-09T17:05:54.0416650Z       "native_status": "LOCAL_REQUIRED",
2026-10-09T17:05:54.0416947Z       "outcome": "PASS",
2026-10-09T17:05:54.0417205Z       "scope": "MOCK_ONLY"
2026-10-09T17:05:54.0417454Z     },
2026-10-09T17:05:54.0417652Z     {
2026-10-09T17:05:54.0417845Z       "checks": [
2026-10-09T17:05:54.0418079Z         "offline_peer_isolated",
2026-10-09T17:05:54.0418361Z         "no_application_failure"
2026-10-09T17:05:54.0418623Z       ],
2026-10-09T17:05:54.0418833Z       "elapsed_ms": 0.376,
2026-10-09T17:05:54.0419097Z       "error_code": null,
2026-10-09T17:05:54.0419349Z       "id": "A24",
2026-10-09T17:05:54.0419582Z       "name": "Offline",
2026-10-09T17:05:54.0419860Z       "native_status": "LOCAL_REQUIRED",
2026-10-09T17:05:54.0420170Z       "outcome": "PASS",
2026-10-09T17:05:54.0420446Z       "scope": "MOCK_ONLY"
2026-10-09T17:05:54.0420696Z     }
2026-10-09T17:05:54.0420899Z   ],
2026-10-09T17:05:54.0421269Z   "scope": "Desktop preparation contract harness; real Desktop acceptance LOCAL_REQUIRED",
2026-10-09T17:05:54.0421717Z   "summary": {
2026-10-09T17:05:54.0421922Z     "FAIL": 0,
2026-10-09T17:05:54.0422113Z     "NOT_RUN": 1,
2026-10-09T17:05:54.0422454Z     "PASS": 23
2026-10-09T17:05:54.0422641Z   }
2026-10-09T17:05:54.0422828Z }
2026-10-09T17:05:54.0664474Z ##[group]Run python .github/ci/receipt.py "$CI_RECEIPTS"
2026-10-09T17:05:54.0664823Z [36;1mpython .github/ci/receipt.py "$CI_RECEIPTS"[0m
2026-10-09T17:05:54.0720912Z shell: /usr/bin/bash -e {0}
2026-10-09T17:05:54.0721124Z env:
2026-10-09T17:05:54.0721288Z   MOCK_PROVIDER: true
2026-10-09T17:05:54.0721470Z   ENABLE_CLOUD: false
2026-10-09T17:05:54.0721652Z   CREDENTIAL_VAULT_BACKEND: memory
2026-10-09T17:05:54.0721886Z   CREDENTIAL_VAULT_ALLOW_MEMORY_FALLBACK: true
2026-10-09T17:05:54.0722126Z   HF_HUB_OFFLINE: 1
2026-10-09T17:05:54.0722300Z   TRANSFORMERS_OFFLINE: 1
2026-10-09T17:05:54.0722539Z   pythonLocation: /opt/hostedtoolcache/Python/3.12.9/x64
2026-10-09T17:05:54.0722877Z   PKG_CONFIG_PATH: /opt/hostedtoolcache/Python/3.12.9/x64/lib/pkgconfig
2026-10-09T17:05:54.0723202Z   Python_ROOT_DIR: /opt/hostedtoolcache/Python/3.12.9/x64
2026-10-09T17:05:54.0723496Z   Python2_ROOT_DIR: /opt/hostedtoolcache/Python/3.12.9/x64
2026-10-09T17:05:54.0723840Z   Python3_ROOT_DIR: /opt/hostedtoolcache/Python/3.12.9/x64
2026-10-09T17:05:54.0724132Z   LD_LIBRARY_PATH: /opt/hostedtoolcache/Python/3.12.9/x64/lib
2026-10-09T17:05:54.0724432Z   CI_COVERAGE_SHA: ec342fe9b69ba45d850d971ce2e15d1b12046096
2026-10-09T17:05:54.0724722Z   CI_COVERAGE_TREE: 2ec6365e1f1f183f029c9f0a94d040d134e22b47
2026-10-09T17:05:54.0725146Z   CI_SANDBOX: /home/runner/work/_temp/novel-ci-local-interop.4LCBcY
2026-10-09T17:05:54.0725513Z   CI_PROJECT: /home/runner/work/_temp/novel-ci-local-interop.4LCBcY/project
2026-10-09T17:05:54.0725899Z   CI_RECEIPTS: /home/runner/work/_temp/novel-ci-local-interop.4LCBcY/receipts
2026-10-09T17:05:54.0726261Z   HOME: /home/runner/work/_temp/novel-ci-local-interop.4LCBcY/home
2026-10-09T17:05:54.0726610Z   USERPROFILE: /home/runner/work/_temp/novel-ci-local-interop.4LCBcY/home
2026-10-09T17:05:54.0726990Z   APPDATA: /home/runner/work/_temp/novel-ci-local-interop.4LCBcY/appdata
2026-10-09T17:05:54.0727406Z   LOCALAPPDATA: /home/runner/work/_temp/novel-ci-local-interop.4LCBcY/localappdata
2026-10-09T17:05:54.0727830Z   XDG_CONFIG_HOME: /home/runner/work/_temp/novel-ci-local-interop.4LCBcY/config
2026-10-09T17:05:54.0728221Z   XDG_CACHE_HOME: /home/runner/work/_temp/novel-ci-local-interop.4LCBcY/cache
2026-10-09T17:05:54.0728600Z   XDG_DATA_HOME: /home/runner/work/_temp/novel-ci-local-interop.4LCBcY/data
2026-10-09T17:05:54.0728967Z   XDG_STATE_HOME: /home/runner/work/_temp/novel-ci-local-interop.4LCBcY/state
2026-10-09T17:05:54.0729321Z   TMPDIR: /home/runner/work/_temp/novel-ci-local-interop.4LCBcY/tmp
2026-10-09T17:05:54.0729651Z   TMP: /home/runner/work/_temp/novel-ci-local-interop.4LCBcY/tmp
2026-10-09T17:05:54.0729973Z   TEMP: /home/runner/work/_temp/novel-ci-local-interop.4LCBcY/tmp
2026-10-09T17:05:54.0730323Z   PROJECT_ROOT: /home/runner/work/_temp/novel-ci-local-interop.4LCBcY/project
2026-10-09T17:05:54.0730721Z   NOVEL_DATA_PATH: /home/runner/work/_temp/novel-ci-local-interop.4LCBcY/data/novels
2026-10-09T17:05:54.0731152Z   BACKUP_PATH: /home/runner/work/_temp/novel-ci-local-interop.4LCBcY/data/backups
2026-10-09T17:05:54.0731604Z   DATABASE_BACKUP_PATH: /home/runner/work/_temp/novel-ci-local-interop.4LCBcY/data/database-backups
2026-10-09T17:05:54.0732077Z   KNOWLEDGE_SOURCE_PATH: /home/runner/work/_temp/novel-ci-local-interop.4LCBcY/data/novels
2026-10-09T17:05:54.0732409Z ##[endgroup]
2026-10-09T17:05:54.1074628Z {
2026-10-09T17:05:54.1076241Z   "revision": "checked_out_sha=ec342fe9b69ba45d850d971ce2e15d1b12046096\nevent_sha=ec342fe9b69ba45d850d971ce2e15d1b12046096\nrun_url=https://github.com/1785235376-blip/AI-Novel-Studio/actions/runs/37962541535\njob=local-interop\nplatform=Linux; native Windows host/AppContainer/installer=NOT RUN\n",
2026-10-09T17:05:54.1077741Z   "test_reports": {
2026-10-09T17:05:54.1078029Z     "local-interop.xml": {
2026-10-09T17:05:54.1078320Z       "tests": 413,
2026-10-09T17:05:54.1078571Z       "failures": 0,
2026-10-09T17:05:54.1078827Z       "errors": 0,
2026-10-09T17:05:54.1079341Z       "skipped": 68
2026-10-09T17:05:54.1079632Z     }
2026-10-09T17:05:54.1080107Z   },
2026-10-09T17:05:54.1080349Z   "report_status": "RECORDED",
2026-10-09T17:05:54.1080739Z   "native_windows_host_appcontainer_installer": "NOT RUN",
2026-10-09T17:05:54.1081185Z   "real_model_and_paid_provider_execution": "NOT RUN"
2026-10-09T17:05:54.1081540Z }
2026-10-09T17:05:54.1081665Z 
2026-10-09T17:05:54.1166568Z ##[group]Run actions/upload-artifact@v4.6.2
2026-10-09T17:05:54.1166814Z with:
2026-10-09T17:05:54.1167080Z   name: local-interop-postgres-ec342fe9b69ba45d850d971ce2e15d1b12046096
2026-10-09T17:05:54.1167472Z   path: /home/runner/work/_temp/novel-ci-local-interop.4LCBcY/receipts
2026-10-09T17:05:54.1167762Z   if-no-files-found: error
2026-10-09T17:05:54.1167953Z   retention-days: 14
2026-10-09T17:05:54.1168132Z   compression-level: 6
2026-10-09T17:05:54.1168310Z   overwrite: false
2026-10-09T17:05:54.1168487Z   include-hidden-files: false
2026-10-09T17:05:54.1168679Z env:
2026-10-09T17:05:54.1168846Z   MOCK_PROVIDER: true
2026-10-09T17:05:54.1169018Z   ENABLE_CLOUD: false
2026-10-09T17:05:54.1169199Z   CREDENTIAL_VAULT_BACKEND: memory
2026-10-09T17:05:54.1169429Z   CREDENTIAL_VAULT_ALLOW_MEMORY_FALLBACK: true
2026-10-09T17:05:54.1169666Z   HF_HUB_OFFLINE: 1
2026-10-09T17:05:54.1169841Z   TRANSFORMERS_OFFLINE: 1
2026-10-09T17:05:54.1170110Z   pythonLocation: /opt/hostedtoolcache/Python/3.12.9/x64
2026-10-09T17:05:54.1170439Z   PKG_CONFIG_PATH: /opt/hostedtoolcache/Python/3.12.9/x64/lib/pkgconfig
2026-10-09T17:05:54.1170756Z   Python_ROOT_DIR: /opt/hostedtoolcache/Python/3.12.9/x64
2026-10-09T17:05:54.1171045Z   Python2_ROOT_DIR: /opt/hostedtoolcache/Python/3.12.9/x64
2026-10-09T17:05:54.1171332Z   Python3_ROOT_DIR: /opt/hostedtoolcache/Python/3.12.9/x64
2026-10-09T17:05:54.1171615Z   LD_LIBRARY_PATH: /opt/hostedtoolcache/Python/3.12.9/x64/lib
2026-10-09T17:05:54.1171920Z   CI_COVERAGE_SHA: ec342fe9b69ba45d850d971ce2e15d1b12046096
2026-10-09T17:05:54.1172211Z   CI_COVERAGE_TREE: 2ec6365e1f1f183f029c9f0a94d040d134e22b47
2026-10-09T17:05:54.1172533Z   CI_SANDBOX: /home/runner/work/_temp/novel-ci-local-interop.4LCBcY
2026-10-09T17:05:54.1172890Z   CI_PROJECT: /home/runner/work/_temp/novel-ci-local-interop.4LCBcY/project
2026-10-09T17:05:54.1173274Z   CI_RECEIPTS: /home/runner/work/_temp/novel-ci-local-interop.4LCBcY/receipts
2026-10-09T17:05:54.1173645Z   HOME: /home/runner/work/_temp/novel-ci-local-interop.4LCBcY/home
2026-10-09T17:05:54.1173999Z   USERPROFILE: /home/runner/work/_temp/novel-ci-local-interop.4LCBcY/home
2026-10-09T17:05:54.1174364Z   APPDATA: /home/runner/work/_temp/novel-ci-local-interop.4LCBcY/appdata
2026-10-09T17:05:54.1174753Z   LOCALAPPDATA: /home/runner/work/_temp/novel-ci-local-interop.4LCBcY/localappdata
2026-10-09T17:05:54.1175374Z   XDG_CONFIG_HOME: /home/runner/work/_temp/novel-ci-local-interop.4LCBcY/config
2026-10-09T17:05:54.1175760Z   XDG_CACHE_HOME: /home/runner/work/_temp/novel-ci-local-interop.4LCBcY/cache
2026-10-09T17:05:54.1176129Z   XDG_DATA_HOME: /home/runner/work/_temp/novel-ci-local-interop.4LCBcY/data
2026-10-09T17:05:54.1176499Z   XDG_STATE_HOME: /home/runner/work/_temp/novel-ci-local-interop.4LCBcY/state
2026-10-09T17:05:54.1176852Z   TMPDIR: /home/runner/work/_temp/novel-ci-local-interop.4LCBcY/tmp
2026-10-09T17:05:54.1177181Z   TMP: /home/runner/work/_temp/novel-ci-local-interop.4LCBcY/tmp
2026-10-09T17:05:54.1177506Z   TEMP: /home/runner/work/_temp/novel-ci-local-interop.4LCBcY/tmp
2026-10-09T17:05:54.1177861Z   PROJECT_ROOT: /home/runner/work/_temp/novel-ci-local-interop.4LCBcY/project
2026-10-09T17:05:54.1178257Z   NOVEL_DATA_PATH: /home/runner/work/_temp/novel-ci-local-interop.4LCBcY/data/novels
2026-10-09T17:05:54.1178667Z   BACKUP_PATH: /home/runner/work/_temp/novel-ci-local-interop.4LCBcY/data/backups
2026-10-09T17:05:54.1179110Z   DATABASE_BACKUP_PATH: /home/runner/work/_temp/novel-ci-local-interop.4LCBcY/data/database-backups
2026-10-09T17:05:54.1179580Z   KNOWLEDGE_SOURCE_PATH: /home/runner/work/_temp/novel-ci-local-interop.4LCBcY/data/novels
2026-10-09T17:05:54.1180080Z ##[endgroup]
2026-10-09T17:05:54.2539130Z (node:88843) [DEP0040] DeprecationWarning: The `punycode` module is deprecated. Please use a userland alternative instead.
2026-10-09T17:05:54.2540047Z (Use `node --trace-deprecation ...` to show where the warning was created)
2026-10-09T17:05:54.2622750Z With the provided path, there will be 8 files uploaded
2026-10-09T17:05:54.2624347Z Artifact name is valid!
2026-10-09T17:05:54.2624882Z Root directory input is valid!
2026-10-09T17:05:54.4748389Z Beginning upload of artifact content to blob storage
2026-10-09T17:05:54.5040562Z (node:88843) [DEP0169] DeprecationWarning: `url.parse()` behavior is not standardized and prone to errors that have security implications. Use the WHATWG URL API instead. CVEs are not issued for `url.parse()` vulnerabilities.
2026-10-09T17:05:54.5368665Z Uploaded bytes 41575
2026-10-09T17:05:54.5503679Z Finished uploading artifact content to blob storage!
2026-10-09T17:05:54.5504387Z SHA256 digest of uploaded artifact zip is cca7372fc586e812e016f2801288533a98609fd68d18e1a3ae1044196d41606b
2026-10-09T17:05:54.5506385Z Finalizing artifact upload
2026-10-09T17:05:54.7851525Z Artifact local-interop-postgres-ec342fe9b69ba45d850d971ce2e15d1b12046096.zip successfully finalized. Artifact ID 11632507747
2026-10-09T17:05:54.7852494Z Artifact local-interop-postgres-ec342fe9b69ba45d850d971ce2e15d1b12046096 has been successfully uploaded! Final size is 41575 bytes. Artifact ID is 11632507747
2026-10-09T17:05:54.7858279Z Artifact download URL: https://github.com/1785235376-blip/AI-Novel-Studio/actions/runs/37962541535/artifacts/11632507747
2026-10-09T17:05:54.8016060Z Post job cleanup.
2026-10-09T17:05:54.9010997Z (node:88858) [DEP0040] DeprecationWarning: The `punycode` module is deprecated. Please use a userland alternative instead.
2026-10-09T17:05:54.9011593Z (Use `node --trace-deprecation ...` to show where the warning was created)
2026-10-09T17:05:54.9189658Z Post job cleanup.
2026-10-09T17:05:54.9998885Z [command]/usr/bin/git version
2026-10-09T17:05:55.0037794Z git version 2.55.0
2026-10-09T17:05:55.0071203Z Temporarily overriding HOME='/home/runner/work/_temp/cc53c9f0-3eb3-430e-9378-67e25a8b4fcf' before making global git config changes
2026-10-09T17:05:55.0071820Z Adding repository directory to the temporary git global config as a safe directory
2026-10-09T17:05:55.0077544Z [command]/usr/bin/git config --global --add safe.directory /home/runner/work/AI-Novel-Studio/AI-Novel-Studio
2026-10-09T17:05:55.0110150Z [command]/usr/bin/git config --local --name-only --get-regexp core\.sshCommand
2026-10-09T17:05:55.0140984Z [command]/usr/bin/git submodule foreach --recursive sh -c "git config --local --name-only --get-regexp 'core\.sshCommand' && git config --local --unset-all 'core.sshCommand' || :"
2026-10-09T17:05:55.0356738Z [command]/usr/bin/git config --local --name-only --get-regexp http\.https\:\/\/github\.com\/\.extraheader
2026-10-09T17:05:55.0393285Z [command]/usr/bin/git submodule foreach --recursive sh -c "git config --local --name-only --get-regexp 'http\.https\:\/\/github\.com\/\.extraheader' && git config --local --unset-all 'http.https://github.com/.extraheader' || :"
2026-10-09T17:05:55.0750874Z Print service container logs: 7a47c82a14fe40c2995f0ab662bc6a2e_postgres16alpine_110681
2026-10-09T17:05:55.0757172Z ##[command]/usr/bin/docker logs --details 3ff07735dd6cd28d76421605b31ac1ae4fe04978a78b680c60b789991f73a82b
2026-10-09T17:05:55.0890297Z  sh: locale: not found
2026-10-09T17:05:55.0890683Z  The files belonging to this database system will be owned by user "postgres".
2026-10-09T17:05:55.0891045Z  This user must also own the server process.
2026-10-09T17:05:55.0891278Z  
2026-10-09T17:05:55.0891516Z  The database cluster will be initialized with locale "en_US.utf8".
2026-10-09T17:05:55.0891873Z  The default database encoding has accordingly been set to "UTF8".
2026-10-09T17:05:55.0892216Z  The default text search configuration will be set to "english".
2026-10-09T17:05:55.0892478Z  
2026-10-09T17:05:55.0892646Z  Data page checksums are disabled.
2026-10-09T17:05:55.0893155Z  
2026-10-09T17:05:55.0893443Z  fixing permissions on existing directory /var/lib/postgresql/data ... ok
2026-10-09T17:05:55.0893753Z  creating subdirectories ... ok
2026-10-09T17:05:55.0894022Z  selecting dynamic shared memory implementation ... posix
2026-10-09T17:05:55.0894316Z  selecting default max_connections ... 100
2026-10-09T17:05:55.0894555Z  selecting default shared_buffers ... 128MB
2026-10-09T17:05:55.0894790Z  selecting default time zone ... UTC
2026-10-09T17:05:55.0895244Z  creating configuration files ... ok
2026-10-09T17:05:55.0895470Z  running bootstrap script ... ok
2026-10-09T17:05:55.0895711Z  performing post-bootstrap initialization ... ok
2026-10-09T17:05:55.0895958Z  syncing data to disk ... ok
2026-10-09T17:05:55.0896151Z  
2026-10-09T17:05:55.0896297Z  
2026-10-09T17:05:55.0896487Z  Success. You can now start the database server using:
2026-10-09T17:05:55.0896729Z  
2026-10-09T17:05:55.0896936Z      pg_ctl -D /var/lib/postgresql/data -l logfile start
2026-10-09T17:05:55.0897183Z  
2026-10-09T17:05:55.0897629Z  waiting for server to start....2026-10-09 16:55:24.583 UTC [42] LOG:  starting PostgreSQL 16.15 on x86_64-pc-linux-musl, compiled by gcc (Alpine 15.2.0) 15.2.0, 64-bit
2026-10-09T17:05:55.0898242Z  2026-10-09 16:55:24.584 UTC [42] LOG:  listening on Unix socket "/var/run/postgresql/.s.PGSQL.5432"
2026-10-09T17:05:55.0898677Z  2026-10-09 16:55:24.586 UTC [45] LOG:  database system was shut down at 2026-10-09 16:55:23 UTC
2026-10-09T17:05:55.0899060Z  2026-10-09 16:55:24.589 UTC [42] LOG:  database system is ready to accept connections
2026-10-09T17:05:55.0899355Z   done
2026-10-09T17:05:55.0899510Z  server started
2026-10-09T17:05:55.0899678Z  CREATE DATABASE
2026-10-09T17:05:55.0899861Z  
2026-10-09T17:05:55.0900006Z  
2026-10-09T17:05:55.0900263Z  /usr/local/bin/docker-entrypoint.sh: ignoring /docker-entrypoint-initdb.d/*
2026-10-09T17:05:55.0900577Z  
2026-10-09T17:05:55.0900861Z  waiting for server to shut down....2026-10-09 16:55:24.733 UTC [42] LOG:  received fast shutdown request
2026-10-09T17:05:55.0901263Z  2026-10-09 16:55:24.733 UTC [42] LOG:  aborting any active transactions
2026-10-09T17:05:55.0901700Z  2026-10-09 16:55:24.736 UTC [42] LOG:  background worker "logical replication launcher" (PID 48) exited with exit code 1
2026-10-09T17:05:55.0902108Z  2026-10-09 16:55:24.737 UTC [43] LOG:  shutting down
2026-10-09T17:05:55.0902407Z  2026-10-09 16:55:24.737 UTC [43] LOG:  checkpoint starting: shutdown immediate
2026-10-09T17:05:55.0903260Z  2026-10-09 16:55:24.846 UTC [43] LOG:  checkpoint complete: wrote 926 buffers (5.7%); 0 WAL file(s) added, 0 removed, 0 recycled; write=0.068 s, sync=0.040 s, total=0.110 s; sync files=301, longest=0.039 s, average=0.001 s; distance=4283 kB, estimate=4283 kB; lsn=0/1925D60, redo lsn=0/1925D60
2026-10-09T17:05:55.0904079Z  2026-10-09 16:55:24.853 UTC [42] LOG:  database system is shut down
2026-10-09T17:05:55.0904340Z   done
2026-10-09T17:05:55.0904506Z  server stopped
2026-10-09T17:05:55.0904677Z  
2026-10-09T17:05:55.0904871Z  PostgreSQL init process complete; ready for start up.
2026-10-09T17:05:55.0905262Z  
2026-10-09T17:05:55.0914153Z  2026-10-09 16:55:23.489 UTC [36] WARNING:  no usable system locales were found
2026-10-09T17:05:55.0914839Z  initdb: warning: enabling "trust" authentication for local connections
2026-10-09T17:05:55.0915878Z  initdb: hint: You can change this by editing pg_hba.conf or using the option -A, or --auth-local and --auth-host, the next time you run initdb.
2026-10-09T17:05:55.0916934Z  2026-10-09 16:55:24.952 UTC [1] LOG:  starting PostgreSQL 16.15 on x86_64-pc-linux-musl, compiled by gcc (Alpine 15.2.0) 15.2.0, 64-bit
2026-10-09T17:05:55.0917706Z  2026-10-09 16:55:24.952 UTC [1] LOG:  listening on IPv4 address "0.0.0.0", port 5432
2026-10-09T17:05:55.0918290Z  2026-10-09 16:55:24.952 UTC [1] LOG:  listening on IPv6 address "::", port 5432
2026-10-09T17:05:55.0918938Z  2026-10-09 16:55:24.953 UTC [1] LOG:  listening on Unix socket "/var/run/postgresql/.s.PGSQL.5432"
2026-10-09T17:05:55.0919655Z  2026-10-09 16:55:24.955 UTC [58] LOG:  database system was shut down at 2026-10-09 16:55:24 UTC
2026-10-09T17:05:55.0920186Z  2026-10-09 16:55:24.959 UTC [1] LOG:  database system is ready to accept connections
2026-10-09T17:05:55.0920726Z  2026-10-09 17:00:25.055 UTC [56] LOG:  checkpoint starting: time
2026-10-09T17:05:55.0921829Z  2026-10-09 17:01:05.725 UTC [56] LOG:  checkpoint complete: wrote 408 buffers (2.5%); 1 WAL file(s) added, 0 removed, 0 recycled; write=40.572 s, sync=0.009 s, total=40.671 s; sync files=350, longest=0.005 s, average=0.001 s; distance=2785 kB, estimate=2785 kB; lsn=0/1C16768, redo lsn=0/1BDE4E8
2026-10-09T17:05:55.0922861Z  2026-10-09 17:05:25.801 UTC [56] LOG:  checkpoint starting: time
2026-10-09T17:05:55.0923907Z  2026-10-09 17:05:38.268 UTC [56] LOG:  checkpoint complete: wrote 124 buffers (0.8%); 0 WAL file(s) added, 0 removed, 0 recycled; write=12.322 s, sync=0.002 s, total=12.468 s; sync files=67, longest=0.001 s, average=0.001 s; distance=793 kB, estimate=2586 kB; lsn=0/1CCB550, redo lsn=0/1CA4A80
2026-10-09T17:05:55.0930480Z Stop and remove container: 7a47c82a14fe40c2995f0ab662bc6a2e_postgres16alpine_110681
2026-10-09T17:05:55.0934525Z ##[command]/usr/bin/docker rm --force 3ff07735dd6cd28d76421605b31ac1ae4fe04978a78b680c60b789991f73a82b
2026-10-09T17:05:55.6412610Z 3ff07735dd6cd28d76421605b31ac1ae4fe04978a78b680c60b789991f73a82b
2026-10-09T17:05:55.6435869Z Remove container network: github_network_7ec354d2f7234192aba13d384785294c
2026-10-09T17:05:55.6439586Z ##[command]/usr/bin/docker network rm github_network_7ec354d2f7234192aba13d384785294c
2026-10-09T17:05:55.7348238Z github_network_7ec354d2f7234192aba13d384785294c
2026-10-09T17:05:55.7410687Z Cleaning up orphan processes
2026-10-09T17:05:55.7683804Z ##[warning]Node.js 20 is deprecated. The following actions target Node.js 20 but are being forced to run on Node.js 24: actions/checkout@v4.2.2, actions/setup-python@v5.6.0, actions/upload-artifact@v4.6.2. For more information see: https://github.blog/changelog/2025-09-19-deprecation-of-node-20-on-github-actions-runners/
