2026-10-09T17:46:14.3812933Z Current runner version: '2.337.0'
2026-10-09T17:46:14.3834897Z ##[group]Runner Image Provisioner
2026-10-09T17:46:14.3835612Z Hosted Compute Agent
2026-10-09T17:46:14.3836318Z Version: 20261002.596
2026-10-09T17:46:14.3837293Z Commit: c3d12f3313a95f25162a1503be624f3b0617f8c0
2026-10-09T17:46:14.3837897Z Build Date: 2026-10-02T22:28:27Z
2026-10-09T17:46:14.3838482Z Worker ID: {7465b11e-4f7f-490e-9949-9c5984a904cd}
2026-10-09T17:46:14.3839078Z Region: westus3
2026-10-09T17:46:14.3839559Z Cloud: Azure
2026-10-09T17:46:14.3840031Z ##[endgroup]
2026-10-09T17:46:14.3841276Z ##[group]Operating System
2026-10-09T17:46:14.3841782Z Ubuntu
2026-10-09T17:46:14.3842296Z 24.04.5
2026-10-09T17:46:14.3842755Z LTS
2026-10-09T17:46:14.3843339Z ##[endgroup]
2026-10-09T17:46:14.3843791Z ##[group]Runner Image
2026-10-09T17:46:14.3844265Z Image: ubuntu-24.04
2026-10-09T17:46:14.3844794Z Version: 20261004.327.1
2026-10-09T17:46:14.3845837Z Included Software: https://github.com/actions/runner-images/blob/ubuntu24/20261004.327/images/ubuntu/Ubuntu2404-Readme.md
2026-10-09T17:46:14.3847251Z Image Release: https://github.com/actions/runner-images/releases/tag/ubuntu24%2F20261004.327
2026-10-09T17:46:14.3848012Z ##[endgroup]
2026-10-09T17:46:14.3848963Z ##[group]GITHUB_TOKEN Permissions
2026-10-09T17:46:14.3850811Z Contents: read
2026-10-09T17:46:14.3851384Z Metadata: read
2026-10-09T17:46:14.3851845Z ##[endgroup]
2026-10-09T17:46:14.3853623Z Secret source: Actions
2026-10-09T17:46:14.3854445Z Cache mode: write
2026-10-09T17:46:14.3855039Z Prepare workflow directory
2026-10-09T17:46:14.4204332Z Prepare all required actions
2026-10-09T17:46:14.4243135Z Getting action download info
2026-10-09T17:46:14.7302042Z Download action repository 'actions/checkout@v4.2.2' (SHA:11bd71901bbe5b1630ceea73d27597364c9af683)
2026-10-09T17:46:15.0128243Z Download action repository 'actions/setup-python@v5.6.0' (SHA:a26af69be951a213d495a4c3e4e4022e16d87065)
2026-10-09T17:46:15.1093150Z Download action repository 'actions/download-artifact@v4.3.0' (SHA:d3f86a106a0bac45b974a628896c90dbdf5c8093)
2026-10-09T17:46:15.8759916Z Download action repository 'actions/upload-artifact@v4.6.2' (SHA:ea165f8d65b6e75b540449e92b4886f43607fa02)
2026-10-09T17:46:16.2390192Z Complete job name: Backend / postgres
2026-10-09T17:46:16.3082190Z ##[group]Run actions/checkout@v4.2.2
2026-10-09T17:46:16.3083119Z with:
2026-10-09T17:46:16.3083603Z   persist-credentials: false
2026-10-09T17:46:16.3084239Z   repository: 1785235376-blip/AI-Novel-Studio
2026-10-09T17:46:16.3090876Z   token: ***
2026-10-09T17:46:16.3091365Z   ssh-strict: true
2026-10-09T17:46:16.3091854Z   ssh-user: git
2026-10-09T17:46:16.3092324Z   clean: true
2026-10-09T17:46:16.3092811Z   sparse-checkout-cone-mode: true
2026-10-09T17:46:16.3093427Z   fetch-depth: 1
2026-10-09T17:46:16.3093907Z   fetch-tags: false
2026-10-09T17:46:16.3094404Z   show-progress: true
2026-10-09T17:46:16.3094917Z   lfs: false
2026-10-09T17:46:16.3095383Z   submodules: false
2026-10-09T17:46:16.3095904Z   set-safe-directory: true
2026-10-09T17:46:16.3096748Z env:
2026-10-09T17:46:16.3097183Z   MOCK_PROVIDER: true
2026-10-09T17:46:16.3097707Z   MOCK_STREAM_DELAY_MS: 0
2026-10-09T17:46:16.3098255Z   ENABLE_CLOUD: false
2026-10-09T17:46:16.3098776Z   CREDENTIAL_VAULT_BACKEND: memory
2026-10-09T17:46:16.3099503Z   CREDENTIAL_VAULT_ALLOW_MEMORY_FALLBACK: true
2026-10-09T17:46:16.3100238Z   PYTHONDONTWRITEBYTECODE: 1
2026-10-09T17:46:16.3100805Z   HF_HUB_OFFLINE: 1
2026-10-09T17:46:16.3101294Z   TRANSFORMERS_OFFLINE: 1
2026-10-09T17:46:16.3101817Z ##[endgroup]
2026-10-09T17:46:16.3958015Z Syncing repository: 1785235376-blip/AI-Novel-Studio
2026-10-09T17:46:16.3960199Z ##[group]Getting Git version info
2026-10-09T17:46:16.3961153Z Working directory is '/home/runner/work/AI-Novel-Studio/AI-Novel-Studio'
2026-10-09T17:46:16.3962436Z [command]/usr/bin/git version
2026-10-09T17:46:16.4164159Z git version 2.55.0
2026-10-09T17:46:16.4183515Z ##[endgroup]
2026-10-09T17:46:16.4199479Z Temporarily overriding HOME='/home/runner/work/_temp/d62cbc89-33cd-4d18-be61-88b32ab15efe' before making global git config changes
2026-10-09T17:46:16.4202708Z Adding repository directory to the temporary git global config as a safe directory
2026-10-09T17:46:16.4207233Z [command]/usr/bin/git config --global --add safe.directory /home/runner/work/AI-Novel-Studio/AI-Novel-Studio
2026-10-09T17:46:16.4257174Z Deleting the contents of '/home/runner/work/AI-Novel-Studio/AI-Novel-Studio'
2026-10-09T17:46:16.4270642Z ##[group]Initializing the repository
2026-10-09T17:46:16.4275034Z [command]/usr/bin/git init /home/runner/work/AI-Novel-Studio/AI-Novel-Studio
2026-10-09T17:46:16.4393382Z hint: Using 'master' as the name for the initial branch. This default branch name
2026-10-09T17:46:16.4395809Z hint: will change to "main" in Git 3.0. To configure the initial branch name
2026-10-09T17:46:16.4397952Z hint: to use in all of your new repositories, which will suppress this warning,
2026-10-09T17:46:16.4399541Z hint: call:
2026-10-09T17:46:16.4400268Z hint:
2026-10-09T17:46:16.4401260Z hint: 	git config --global init.defaultBranch <name>
2026-10-09T17:46:16.4402716Z hint:
2026-10-09T17:46:16.4403910Z hint: Names commonly chosen instead of 'master' are 'main', 'trunk' and
2026-10-09T17:46:16.4406269Z hint: 'development'. The just-created branch can be renamed via this command:
2026-10-09T17:46:16.4407987Z hint:
2026-10-09T17:46:16.4408790Z hint: 	git branch -m <name>
2026-10-09T17:46:16.4409840Z hint:
2026-10-09T17:46:16.4411095Z hint: Disable this message with "git config set advice.defaultBranchName false"
2026-10-09T17:46:16.4413658Z Initialized empty Git repository in /home/runner/work/AI-Novel-Studio/AI-Novel-Studio/.git/
2026-10-09T17:46:16.4418195Z [command]/usr/bin/git remote add origin https://github.com/1785235376-blip/AI-Novel-Studio
2026-10-09T17:46:16.4478332Z ##[endgroup]
2026-10-09T17:46:16.4479643Z ##[group]Disabling automatic garbage collection
2026-10-09T17:46:16.4480878Z [command]/usr/bin/git config --local gc.auto 0
2026-10-09T17:46:16.4530632Z ##[endgroup]
2026-10-09T17:46:16.4531947Z ##[group]Setting up auth
2026-10-09T17:46:16.4533530Z [command]/usr/bin/git config --local --name-only --get-regexp core\.sshCommand
2026-10-09T17:46:16.4569173Z [command]/usr/bin/git submodule foreach --recursive sh -c "git config --local --name-only --get-regexp 'core\.sshCommand' && git config --local --unset-all 'core.sshCommand' || :"
2026-10-09T17:46:16.5981427Z [command]/usr/bin/git config --local --name-only --get-regexp http\.https\:\/\/github\.com\/\.extraheader
2026-10-09T17:46:16.6012204Z [command]/usr/bin/git submodule foreach --recursive sh -c "git config --local --name-only --get-regexp 'http\.https\:\/\/github\.com\/\.extraheader' && git config --local --unset-all 'http.https://github.com/.extraheader' || :"
2026-10-09T17:46:16.6207213Z [command]/usr/bin/git config --local http.https://github.com/.extraheader AUTHORIZATION: basic ***
2026-10-09T17:46:16.6245100Z ##[endgroup]
2026-10-09T17:46:16.6246495Z ##[group]Fetching the repository
2026-10-09T17:46:16.6253701Z [command]/usr/bin/git -c protocol.version=2 fetch --no-tags --prune --no-recurse-submodules --depth=1 origin +c386b0608ae92d18c351b5cb6e367380808a45cf:refs/remotes/origin/feature/v2-narrative-platform
2026-10-09T17:46:22.6842959Z From https://github.com/1785235376-blip/AI-Novel-Studio
2026-10-09T17:46:22.6845077Z  * [new ref]         c386b0608ae92d18c351b5cb6e367380808a45cf -> origin/feature/v2-narrative-platform
2026-10-09T17:46:22.6855394Z ##[endgroup]
2026-10-09T17:46:22.6856726Z ##[group]Determining the checkout info
2026-10-09T17:46:22.6857626Z ##[endgroup]
2026-10-09T17:46:22.6858219Z [command]/usr/bin/git sparse-checkout disable
2026-10-09T17:46:22.6984482Z [command]/usr/bin/git config --local --unset-all extensions.worktreeConfig
2026-10-09T17:46:22.7015707Z ##[group]Checking out the ref
2026-10-09T17:46:22.7016978Z [command]/usr/bin/git checkout --progress --force -B feature/v2-narrative-platform refs/remotes/origin/feature/v2-narrative-platform
2026-10-09T17:46:23.2780233Z Switched to a new branch 'feature/v2-narrative-platform'
2026-10-09T17:46:23.2783323Z branch 'feature/v2-narrative-platform' set up to track 'origin/feature/v2-narrative-platform'.
2026-10-09T17:46:23.2821264Z ##[endgroup]
2026-10-09T17:46:23.2871683Z [command]/usr/bin/git log -1 --format=%H
2026-10-09T17:46:23.2895085Z c386b0608ae92d18c351b5cb6e367380808a45cf
2026-10-09T17:46:23.2902808Z ##[group]Removing auth
2026-10-09T17:46:23.2905694Z [command]/usr/bin/git config --local --name-only --get-regexp core\.sshCommand
2026-10-09T17:46:23.2933606Z [command]/usr/bin/git submodule foreach --recursive sh -c "git config --local --name-only --get-regexp 'core\.sshCommand' && git config --local --unset-all 'core.sshCommand' || :"
2026-10-09T17:46:23.3128457Z [command]/usr/bin/git config --local --name-only --get-regexp http\.https\:\/\/github\.com\/\.extraheader
2026-10-09T17:46:23.3214248Z http.https://github.com/.extraheader
2026-10-09T17:46:23.3220241Z [command]/usr/bin/git config --local --unset-all http.https://github.com/.extraheader
2026-10-09T17:46:23.3251535Z [command]/usr/bin/git submodule foreach --recursive sh -c "git config --local --name-only --get-regexp 'http\.https\:\/\/github\.com\/\.extraheader' && git config --local --unset-all 'http.https://github.com/.extraheader' || :"
2026-10-09T17:46:23.3443221Z ##[endgroup]
2026-10-09T17:46:23.3658405Z ##[group]Run actions/setup-python@v5.6.0
2026-10-09T17:46:23.3658672Z with:
2026-10-09T17:46:23.3658851Z   python-version: 3.12.9
2026-10-09T17:46:23.3659059Z   check-latest: false
2026-10-09T17:46:23.3661002Z   token: ***
2026-10-09T17:46:23.3661193Z   update-environment: true
2026-10-09T17:46:23.3661419Z   allow-prereleases: false
2026-10-09T17:46:23.3661647Z   freethreaded: false
2026-10-09T17:46:23.3661855Z env:
2026-10-09T17:46:23.3662016Z   MOCK_PROVIDER: true
2026-10-09T17:46:23.3662196Z   MOCK_STREAM_DELAY_MS: 0
2026-10-09T17:46:23.3662388Z   ENABLE_CLOUD: false
2026-10-09T17:46:23.3662573Z   CREDENTIAL_VAULT_BACKEND: memory
2026-10-09T17:46:23.3662806Z   CREDENTIAL_VAULT_ALLOW_MEMORY_FALLBACK: true
2026-10-09T17:46:23.3663080Z   PYTHONDONTWRITEBYTECODE: 1
2026-10-09T17:46:23.3663286Z   HF_HUB_OFFLINE: 1
2026-10-09T17:46:23.3663468Z   TRANSFORMERS_OFFLINE: 1
2026-10-09T17:46:23.3663661Z ##[endgroup]
2026-10-09T17:46:23.4977212Z ##[group]Installed versions
2026-10-09T17:46:23.4993728Z Version 3.12.9 was not found in the local cache
2026-10-09T17:46:23.5084066Z (node:2114) [DEP0040] DeprecationWarning: The `punycode` module is deprecated. Please use a userland alternative instead.
2026-10-09T17:46:23.5085022Z (Use `node --trace-deprecation ...` to show where the warning was created)
2026-10-09T17:46:24.6571085Z Version 3.12.9 is available for downloading
2026-10-09T17:46:24.6571615Z Download from "https://github.com/actions/python-versions/releases/download/3.12.9-13149478207/python-3.12.9-linux-24.04-x64.tar.gz"
2026-10-09T17:46:25.3015693Z Extract downloaded archive
2026-10-09T17:46:25.3114555Z [command]/usr/bin/tar xz --warning=no-unknown-keyword --overwrite -C /home/runner/work/_temp/db4dd8c6-b6c5-4ce3-bcde-6b11cbfd88cd -f /home/runner/work/_temp/676454bc-523d-40e8-b5b0-ca9c2709892d
2026-10-09T17:46:27.0500556Z Execute installation script
2026-10-09T17:46:27.0582566Z Check if Python hostedtoolcache folder exist...
2026-10-09T17:46:27.0583173Z Create Python 3.12.9 folder
2026-10-09T17:46:27.0596793Z Copy Python binaries to hostedtoolcache folder
2026-10-09T17:46:27.6789654Z Create additional symlinks (Required for the UsePythonVersion Azure Pipelines task and the setup-python GitHub Action)
2026-10-09T17:46:27.6825650Z Upgrading pip...
2026-10-09T17:46:29.8290726Z Looking in links: /tmp/tmp2ih7_njr
2026-10-09T17:46:29.8308278Z Requirement already satisfied: pip in /opt/hostedtoolcache/Python/3.12.9/x64/lib/python3.12/site-packages (24.3.1)
2026-10-09T17:46:31.2552213Z Collecting pip
2026-10-09T17:46:31.2813661Z Downloading pip-26.2.1-py3-none-any.whl.metadata (4.6 kB)
2026-10-09T17:46:31.3951897Z Downloading pip-26.2.1-py3-none-any.whl (1.8 MB)
2026-10-09T17:46:31.7836001Z ━━━━━━━━━━━━━━━━━━━━━━━━━━━━━━━━━━━━━━━━ 1.8/1.8 MB 4.2 MB/s eta 0:00:00
2026-10-09T17:46:31.7836856Z 
2026-10-09T17:46:31.8878991Z Installing collected packages: pip
2026-10-09T17:46:31.8879434Z Attempting uninstall: pip
2026-10-09T17:46:31.8895106Z Found existing installation: pip 24.3.1
2026-10-09T17:46:31.9157748Z Uninstalling pip-24.3.1:
2026-10-09T17:46:31.9202464Z Successfully uninstalled pip-24.3.1
2026-10-09T17:46:33.1197307Z Successfully installed pip-26.2.1
2026-10-09T17:46:33.1695829Z Create complete file
2026-10-09T17:46:33.1727996Z Successfully set up CPython (3.12.9)
2026-10-09T17:46:33.1729105Z ##[endgroup]
2026-10-09T17:46:33.2835881Z ##[group]Run test "$EXECUTION_RESULT" = success
2026-10-09T17:46:33.2836472Z [36;1mtest "$EXECUTION_RESULT" = success[0m
2026-10-09T17:46:33.2836733Z [36;1mtest "$TCP_RESULT" = success[0m
2026-10-09T17:46:33.3266869Z shell: /usr/bin/bash -e {0}
2026-10-09T17:46:33.3267131Z env:
2026-10-09T17:46:33.3267331Z   MOCK_PROVIDER: true
2026-10-09T17:46:33.3267527Z   MOCK_STREAM_DELAY_MS: 0
2026-10-09T17:46:33.3267742Z   ENABLE_CLOUD: false
2026-10-09T17:46:33.3267932Z   CREDENTIAL_VAULT_BACKEND: memory
2026-10-09T17:46:33.3268170Z   CREDENTIAL_VAULT_ALLOW_MEMORY_FALLBACK: true
2026-10-09T17:46:33.3268414Z   PYTHONDONTWRITEBYTECODE: 1
2026-10-09T17:46:33.3268616Z   HF_HUB_OFFLINE: 1
2026-10-09T17:46:33.3268786Z   TRANSFORMERS_OFFLINE: 1
2026-10-09T17:46:33.3269025Z   pythonLocation: /opt/hostedtoolcache/Python/3.12.9/x64
2026-10-09T17:46:33.3269360Z   PKG_CONFIG_PATH: /opt/hostedtoolcache/Python/3.12.9/x64/lib/pkgconfig
2026-10-09T17:46:33.3269742Z   Python_ROOT_DIR: /opt/hostedtoolcache/Python/3.12.9/x64
2026-10-09T17:46:33.3270045Z   Python2_ROOT_DIR: /opt/hostedtoolcache/Python/3.12.9/x64
2026-10-09T17:46:33.3270334Z   Python3_ROOT_DIR: /opt/hostedtoolcache/Python/3.12.9/x64
2026-10-09T17:46:33.3270631Z   LD_LIBRARY_PATH: /opt/hostedtoolcache/Python/3.12.9/x64/lib
2026-10-09T17:46:33.3270898Z   EXECUTION_RESULT: cancelled
2026-10-09T17:46:33.3271089Z   TCP_RESULT: success
2026-10-09T17:46:33.3271290Z ##[endgroup]
2026-10-09T17:46:33.3447582Z ##[error]Process completed with exit code 1.
2026-10-09T17:46:33.3616531Z Post job cleanup.
2026-10-09T17:46:33.4300405Z [command]/usr/bin/git version
2026-10-09T17:46:33.4337463Z git version 2.55.0
2026-10-09T17:46:33.4370630Z Temporarily overriding HOME='/home/runner/work/_temp/7179256e-5ce1-4856-a6be-cf4e31409879' before making global git config changes
2026-10-09T17:46:33.4372661Z Adding repository directory to the temporary git global config as a safe directory
2026-10-09T17:46:33.4375476Z [command]/usr/bin/git config --global --add safe.directory /home/runner/work/AI-Novel-Studio/AI-Novel-Studio
2026-10-09T17:46:33.5055212Z [command]/usr/bin/git config --local --name-only --get-regexp core\.sshCommand
2026-10-09T17:46:33.5093213Z [command]/usr/bin/git submodule foreach --recursive sh -c "git config --local --name-only --get-regexp 'core\.sshCommand' && git config --local --unset-all 'core.sshCommand' || :"
2026-10-09T17:46:33.5295166Z [command]/usr/bin/git config --local --name-only --get-regexp http\.https\:\/\/github\.com\/\.extraheader
2026-10-09T17:46:33.5326427Z [command]/usr/bin/git submodule foreach --recursive sh -c "git config --local --name-only --get-regexp 'http\.https\:\/\/github\.com\/\.extraheader' && git config --local --unset-all 'http.https://github.com/.extraheader' || :"
2026-10-09T17:46:33.5644583Z Cleaning up orphan processes
2026-10-09T17:46:33.5899851Z ##[warning]Node.js 20 is deprecated. The following actions target Node.js 20 but are being forced to run on Node.js 24: actions/checkout@v4.2.2, actions/setup-python@v5.6.0. For more information see: https://github.blog/changelog/2025-09-19-deprecation-of-node-20-on-github-actions-runners/
