2026-10-09T16:55:07.2878437Z Current runner version: '2.337.0'
2026-10-09T16:55:07.2913386Z ##[group]Runner Image Provisioner
2026-10-09T16:55:07.2914811Z Hosted Compute Agent
2026-10-09T16:55:07.2915762Z Version: 20261002.596
2026-10-09T16:55:07.2916808Z Commit: c3d12f3313a95f25162a1503be624f3b0617f8c0
2026-10-09T16:55:07.2918697Z Build Date: 2026-10-02T22:28:27Z
2026-10-09T16:55:07.2919829Z Worker ID: {1e518e05-86cd-4e28-b4ab-5bf01e90981d}
2026-10-09T16:55:07.2921401Z Region: eastus
2026-10-09T16:55:07.2922338Z Cloud: Azure
2026-10-09T16:55:07.2923185Z ##[endgroup]
2026-10-09T16:55:07.2925695Z ##[group]Operating System
2026-10-09T16:55:07.2926704Z Ubuntu
2026-10-09T16:55:07.2927711Z 24.04.5
2026-10-09T16:55:07.2928561Z LTS
2026-10-09T16:55:07.2929370Z ##[endgroup]
2026-10-09T16:55:07.2930400Z ##[group]Runner Image
2026-10-09T16:55:07.2931706Z Image: ubuntu-24.04
2026-10-09T16:55:07.2932686Z Version: 20261004.327.1
2026-10-09T16:55:07.2934777Z Included Software: https://github.com/actions/runner-images/blob/ubuntu24/20261004.327/images/ubuntu/Ubuntu2404-Readme.md
2026-10-09T16:55:07.2937643Z Image Release: https://github.com/actions/runner-images/releases/tag/ubuntu24%2F20261004.327
2026-10-09T16:55:07.2939289Z ##[endgroup]
2026-10-09T16:55:07.2941396Z ##[group]GITHUB_TOKEN Permissions
2026-10-09T16:55:07.2944315Z Contents: read
2026-10-09T16:55:07.2945394Z Metadata: read
2026-10-09T16:55:07.2946312Z ##[endgroup]
2026-10-09T16:55:07.2949468Z Secret source: Actions
2026-10-09T16:55:07.2951279Z Cache mode: write
2026-10-09T16:55:07.2952882Z Prepare workflow directory
2026-10-09T16:55:07.3521275Z Prepare all required actions
2026-10-09T16:55:07.3593141Z Getting action download info
2026-10-09T16:55:07.5553026Z Download action repository 'actions/checkout@v4.2.2' (SHA:11bd71901bbe5b1630ceea73d27597364c9af683)
2026-10-09T16:55:07.6653381Z Download action repository 'actions/setup-node@v4.4.0' (SHA:49933ea5288caeca8642d1e84afbd3f7d6820020)
2026-10-09T16:55:07.7531246Z Download action repository 'actions/setup-python@v5.6.0' (SHA:a26af69be951a213d495a4c3e4e4022e16d87065)
2026-10-09T16:55:07.8365026Z Download action repository 'actions/upload-artifact@v4.6.2' (SHA:ea165f8d65b6e75b540449e92b4886f43607fa02)
2026-10-09T16:55:08.0522533Z Complete job name: V2 / Creative live workflows and geometry
2026-10-09T16:55:08.1303465Z ##[group]Run actions/checkout@v4.2.2
2026-10-09T16:55:08.1304381Z with:
2026-10-09T16:55:08.1304826Z   persist-credentials: false
2026-10-09T16:55:08.1305392Z   repository: 1785235376-blip/AI-Novel-Studio
2026-10-09T16:55:08.1309019Z   token: ***
2026-10-09T16:55:08.1309449Z   ssh-strict: true
2026-10-09T16:55:08.1309881Z   ssh-user: git
2026-10-09T16:55:08.1310297Z   clean: true
2026-10-09T16:55:08.1310741Z   sparse-checkout-cone-mode: true
2026-10-09T16:55:08.1311470Z   fetch-depth: 1
2026-10-09T16:55:08.1311900Z   fetch-tags: false
2026-10-09T16:55:08.1312346Z   show-progress: true
2026-10-09T16:55:08.1312790Z   lfs: false
2026-10-09T16:55:08.1313195Z   submodules: false
2026-10-09T16:55:08.1313642Z   set-safe-directory: true
2026-10-09T16:55:08.1314384Z env:
2026-10-09T16:55:08.1314797Z   MOCK_PROVIDER: true
2026-10-09T16:55:08.1315259Z   MOCK_STREAM_DELAY_MS: 0
2026-10-09T16:55:08.1315729Z   ENABLE_CLOUD: false
2026-10-09T16:55:08.1316192Z   CREDENTIAL_VAULT_BACKEND: memory
2026-10-09T16:55:08.1316817Z   CREDENTIAL_VAULT_ALLOW_MEMORY_FALLBACK: true
2026-10-09T16:55:08.1317425Z   PYTHONDONTWRITEBYTECODE: 1
2026-10-09T16:55:08.1317915Z   HF_HUB_OFFLINE: 1
2026-10-09T16:55:08.1318363Z   TRANSFORMERS_OFFLINE: 1
2026-10-09T16:55:08.1318834Z ##[endgroup]
2026-10-09T16:55:08.2304536Z Syncing repository: 1785235376-blip/AI-Novel-Studio
2026-10-09T16:55:08.2306840Z ##[group]Getting Git version info
2026-10-09T16:55:08.2307673Z Working directory is '/home/runner/work/AI-Novel-Studio/AI-Novel-Studio'
2026-10-09T16:55:08.2308739Z [command]/usr/bin/git version
2026-10-09T16:55:08.2412867Z git version 2.55.0
2026-10-09T16:55:08.2456535Z ##[endgroup]
2026-10-09T16:55:08.2487048Z Temporarily overriding HOME='/home/runner/work/_temp/38f2a547-0b86-4ec8-b349-e8ce8989d2f0' before making global git config changes
2026-10-09T16:55:08.2512423Z Adding repository directory to the temporary git global config as a safe directory
2026-10-09T16:55:08.2522304Z [command]/usr/bin/git config --global --add safe.directory /home/runner/work/AI-Novel-Studio/AI-Novel-Studio
2026-10-09T16:55:08.2557382Z Deleting the contents of '/home/runner/work/AI-Novel-Studio/AI-Novel-Studio'
2026-10-09T16:55:08.2561980Z ##[group]Initializing the repository
2026-10-09T16:55:08.2572344Z [command]/usr/bin/git init /home/runner/work/AI-Novel-Studio/AI-Novel-Studio
2026-10-09T16:55:08.2680087Z hint: Using 'master' as the name for the initial branch. This default branch name
2026-10-09T16:55:08.2682134Z hint: will change to "main" in Git 3.0. To configure the initial branch name
2026-10-09T16:55:08.2683719Z hint: to use in all of your new repositories, which will suppress this warning,
2026-10-09T16:55:08.2684918Z hint: call:
2026-10-09T16:55:08.2685542Z hint:
2026-10-09T16:55:08.2686344Z hint: 	git config --global init.defaultBranch <name>
2026-10-09T16:55:08.2687382Z hint:
2026-10-09T16:55:08.2688390Z hint: Names commonly chosen instead of 'master' are 'main', 'trunk' and
2026-10-09T16:55:08.2689954Z hint: 'development'. The just-created branch can be renamed via this command:
2026-10-09T16:55:08.2691373Z hint:
2026-10-09T16:55:08.2692078Z hint: 	git branch -m <name>
2026-10-09T16:55:08.2692891Z hint:
2026-10-09T16:55:08.2693896Z hint: Disable this message with "git config set advice.defaultBranchName false"
2026-10-09T16:55:08.2701376Z Initialized empty Git repository in /home/runner/work/AI-Novel-Studio/AI-Novel-Studio/.git/
2026-10-09T16:55:08.2716157Z [command]/usr/bin/git remote add origin https://github.com/1785235376-blip/AI-Novel-Studio
2026-10-09T16:55:08.2769882Z ##[endgroup]
2026-10-09T16:55:08.2771870Z ##[group]Disabling automatic garbage collection
2026-10-09T16:55:08.2783321Z [command]/usr/bin/git config --local gc.auto 0
2026-10-09T16:55:08.2838661Z ##[endgroup]
2026-10-09T16:55:08.2840364Z ##[group]Setting up auth
2026-10-09T16:55:08.2847157Z [command]/usr/bin/git config --local --name-only --get-regexp core\.sshCommand
2026-10-09T16:55:08.2894506Z [command]/usr/bin/git submodule foreach --recursive sh -c "git config --local --name-only --get-regexp 'core\.sshCommand' && git config --local --unset-all 'core.sshCommand' || :"
2026-10-09T16:55:08.3378241Z [command]/usr/bin/git config --local --name-only --get-regexp http\.https\:\/\/github\.com\/\.extraheader
2026-10-09T16:55:08.3490723Z [command]/usr/bin/git submodule foreach --recursive sh -c "git config --local --name-only --get-regexp 'http\.https\:\/\/github\.com\/\.extraheader' && git config --local --unset-all 'http.https://github.com/.extraheader' || :"
2026-10-09T16:55:08.3731530Z [command]/usr/bin/git config --local http.https://github.com/.extraheader AUTHORIZATION: basic ***
2026-10-09T16:55:08.3781514Z ##[endgroup]
2026-10-09T16:55:08.3783702Z ##[group]Fetching the repository
2026-10-09T16:55:08.3792843Z [command]/usr/bin/git -c protocol.version=2 fetch --no-tags --prune --no-recurse-submodules --depth=1 origin +c386b0608ae92d18c351b5cb6e367380808a45cf:refs/remotes/origin/feature/v2-narrative-platform
2026-10-09T16:55:13.1193636Z From https://github.com/1785235376-blip/AI-Novel-Studio
2026-10-09T16:55:13.1195972Z  * [new ref]         c386b0608ae92d18c351b5cb6e367380808a45cf -> origin/feature/v2-narrative-platform
2026-10-09T16:55:13.1213500Z ##[endgroup]
2026-10-09T16:55:13.1214978Z ##[group]Determining the checkout info
2026-10-09T16:55:13.1216391Z ##[endgroup]
2026-10-09T16:55:13.1216957Z [command]/usr/bin/git sparse-checkout disable
2026-10-09T16:55:13.1273437Z [command]/usr/bin/git config --local --unset-all extensions.worktreeConfig
2026-10-09T16:55:13.1309567Z ##[group]Checking out the ref
2026-10-09T16:55:13.1316635Z [command]/usr/bin/git checkout --progress --force -B feature/v2-narrative-platform refs/remotes/origin/feature/v2-narrative-platform
2026-10-09T16:55:13.8352712Z Switched to a new branch 'feature/v2-narrative-platform'
2026-10-09T16:55:13.8376312Z branch 'feature/v2-narrative-platform' set up to track 'origin/feature/v2-narrative-platform'.
2026-10-09T16:55:13.8433770Z ##[endgroup]
2026-10-09T16:55:13.8559845Z [command]/usr/bin/git log -1 --format=%H
2026-10-09T16:55:13.8561405Z c386b0608ae92d18c351b5cb6e367380808a45cf
2026-10-09T16:55:13.8572939Z ##[group]Removing auth
2026-10-09T16:55:13.8576884Z [command]/usr/bin/git config --local --name-only --get-regexp core\.sshCommand
2026-10-09T16:55:13.8612615Z [command]/usr/bin/git submodule foreach --recursive sh -c "git config --local --name-only --get-regexp 'core\.sshCommand' && git config --local --unset-all 'core.sshCommand' || :"
2026-10-09T16:55:13.8841052Z [command]/usr/bin/git config --local --name-only --get-regexp http\.https\:\/\/github\.com\/\.extraheader
2026-10-09T16:55:13.8877595Z http.https://github.com/.extraheader
2026-10-09T16:55:13.8883654Z [command]/usr/bin/git config --local --unset-all http.https://github.com/.extraheader
2026-10-09T16:55:13.8918338Z [command]/usr/bin/git submodule foreach --recursive sh -c "git config --local --name-only --get-regexp 'http\.https\:\/\/github\.com\/\.extraheader' && git config --local --unset-all 'http.https://github.com/.extraheader' || :"
2026-10-09T16:55:13.9142672Z ##[endgroup]
2026-10-09T16:55:13.9396400Z ##[group]Run actions/setup-node@v4.4.0
2026-10-09T16:55:13.9396786Z with:
2026-10-09T16:55:13.9397040Z   node-version: 22.14.0
2026-10-09T16:55:13.9397325Z   always-auth: false
2026-10-09T16:55:13.9397592Z   check-latest: false
2026-10-09T16:55:13.9400140Z   token: ***
2026-10-09T16:55:13.9400392Z env:
2026-10-09T16:55:13.9400637Z   MOCK_PROVIDER: true
2026-10-09T16:55:13.9401246Z   MOCK_STREAM_DELAY_MS: 0
2026-10-09T16:55:13.9401533Z   ENABLE_CLOUD: false
2026-10-09T16:55:13.9401811Z   CREDENTIAL_VAULT_BACKEND: memory
2026-10-09T16:55:13.9402142Z   CREDENTIAL_VAULT_ALLOW_MEMORY_FALLBACK: true
2026-10-09T16:55:13.9402505Z   PYTHONDONTWRITEBYTECODE: 1
2026-10-09T16:55:13.9402799Z   HF_HUB_OFFLINE: 1
2026-10-09T16:55:13.9403076Z   TRANSFORMERS_OFFLINE: 1
2026-10-09T16:55:13.9403341Z ##[endgroup]
2026-10-09T16:55:14.0817291Z Attempting to download 22.14.0...
2026-10-09T16:55:14.0926926Z (node:2301) [DEP0040] DeprecationWarning: The `punycode` module is deprecated. Please use a userland alternative instead.
2026-10-09T16:55:14.0927946Z (Use `node --trace-deprecation ...` to show where the warning was created)
2026-10-09T16:55:14.5821938Z Acquiring 22.14.0 - x64 from https://github.com/actions/node-versions/releases/download/22.14.0-13265982013/node-22.14.0-linux-x64.tar.gz
2026-10-09T16:55:15.0133928Z Extracting ...
2026-10-09T16:55:15.0261560Z [command]/usr/bin/tar xz --strip 1 --warning=no-unknown-keyword --overwrite -C /home/runner/work/_temp/8f1944fc-e02d-4732-b531-6f2a36fa395e -f /home/runner/work/_temp/d5060f8b-481b-4302-9ff5-0ab54333d17b
2026-10-09T16:55:16.2071449Z Adding to the cache ...
2026-10-09T16:55:18.2879556Z ##[group]Environment details
2026-10-09T16:55:18.5093742Z node: v22.14.0
2026-10-09T16:55:18.5094766Z npm: 10.9.2
2026-10-09T16:55:18.5095087Z yarn: 1.22.22
2026-10-09T16:55:18.5106905Z ##[endgroup]
2026-10-09T16:55:18.5305627Z ##[group]Run actions/setup-python@v5.6.0
2026-10-09T16:55:18.5305967Z with:
2026-10-09T16:55:18.5306196Z   python-version: 3.12.9
2026-10-09T16:55:18.5306452Z   check-latest: false
2026-10-09T16:55:18.5308947Z   token: ***
2026-10-09T16:55:18.5309188Z   update-environment: true
2026-10-09T16:55:18.5309464Z   allow-prereleases: false
2026-10-09T16:55:18.5309710Z   freethreaded: false
2026-10-09T16:55:18.5309924Z env:
2026-10-09T16:55:18.5310120Z   MOCK_PROVIDER: true
2026-10-09T16:55:18.5310350Z   MOCK_STREAM_DELAY_MS: 0
2026-10-09T16:55:18.5310580Z   ENABLE_CLOUD: false
2026-10-09T16:55:18.5311118Z   CREDENTIAL_VAULT_BACKEND: memory
2026-10-09T16:55:18.5311459Z   CREDENTIAL_VAULT_ALLOW_MEMORY_FALLBACK: true
2026-10-09T16:55:18.5311786Z   PYTHONDONTWRITEBYTECODE: 1
2026-10-09T16:55:18.5312036Z   HF_HUB_OFFLINE: 1
2026-10-09T16:55:18.5312277Z   TRANSFORMERS_OFFLINE: 1
2026-10-09T16:55:18.5312789Z ##[endgroup]
2026-10-09T16:55:18.6652218Z ##[group]Installed versions
2026-10-09T16:55:18.6680255Z Version 3.12.9 was not found in the local cache
2026-10-09T16:55:18.6790114Z (node:2335) [DEP0040] DeprecationWarning: The `punycode` module is deprecated. Please use a userland alternative instead.
2026-10-09T16:55:18.6792294Z (Use `node --trace-deprecation ...` to show where the warning was created)
2026-10-09T16:55:19.2914156Z Version 3.12.9 is available for downloading
2026-10-09T16:55:19.2915851Z Download from "https://github.com/actions/python-versions/releases/download/3.12.9-13149478207/python-3.12.9-linux-24.04-x64.tar.gz"
2026-10-09T16:55:20.0953944Z Extract downloaded archive
2026-10-09T16:55:20.1102310Z [command]/usr/bin/tar xz --warning=no-unknown-keyword --overwrite -C /home/runner/work/_temp/c123b660-9c65-4c7e-8471-6b5389160359 -f /home/runner/work/_temp/3aa4bf68-2a1c-4399-b98c-3dfc1268c643
2026-10-09T16:55:22.3086504Z Execute installation script
2026-10-09T16:55:22.3182568Z Check if Python hostedtoolcache folder exist...
2026-10-09T16:55:22.3183237Z Create Python 3.12.9 folder
2026-10-09T16:55:22.3201007Z Copy Python binaries to hostedtoolcache folder
2026-10-09T16:55:22.8055215Z Create additional symlinks (Required for the UsePythonVersion Azure Pipelines task and the setup-python GitHub Action)
2026-10-09T16:55:22.8094185Z Upgrading pip...
2026-10-09T16:55:25.0847548Z Looking in links: /tmp/tmp4q0otmk4
2026-10-09T16:55:25.0852228Z Requirement already satisfied: pip in /opt/hostedtoolcache/Python/3.12.9/x64/lib/python3.12/site-packages (24.3.1)
2026-10-09T16:55:26.6120712Z Collecting pip
2026-10-09T16:55:26.6448209Z Downloading pip-26.2.1-py3-none-any.whl.metadata (4.6 kB)
2026-10-09T16:55:26.6534334Z Downloading pip-26.2.1-py3-none-any.whl (1.8 MB)
2026-10-09T16:55:26.6994843Z ━━━━━━━━━━━━━━━━━━━━━━━━━━━━━━━━━━━━━━━━ 1.8/1.8 MB 60.0 MB/s eta 0:00:00
2026-10-09T16:55:26.6995395Z 
2026-10-09T16:55:26.7211619Z Installing collected packages: pip
2026-10-09T16:55:26.7212380Z Attempting uninstall: pip
2026-10-09T16:55:26.7233695Z Found existing installation: pip 24.3.1
2026-10-09T16:55:26.7596555Z Uninstalling pip-24.3.1:
2026-10-09T16:55:26.7652364Z Successfully uninstalled pip-24.3.1
2026-10-09T16:55:27.6619716Z Successfully installed pip-26.2.1
2026-10-09T16:55:27.7135306Z Create complete file
2026-10-09T16:55:27.7176739Z Successfully set up CPython (3.12.9)
2026-10-09T16:55:27.7177636Z ##[endgroup]
2026-10-09T16:55:27.7329634Z ##[group]Run bash .github/ci/prepare.sh v2-creative-browser
2026-10-09T16:55:27.7330143Z [36;1mbash .github/ci/prepare.sh v2-creative-browser[0m
2026-10-09T16:55:27.7588455Z shell: /usr/bin/bash -e {0}
2026-10-09T16:55:27.7588791Z env:
2026-10-09T16:55:27.7589046Z   MOCK_PROVIDER: true
2026-10-09T16:55:27.7589338Z   MOCK_STREAM_DELAY_MS: 0
2026-10-09T16:55:27.7589637Z   ENABLE_CLOUD: false
2026-10-09T16:55:27.7589928Z   CREDENTIAL_VAULT_BACKEND: memory
2026-10-09T16:55:27.7590302Z   CREDENTIAL_VAULT_ALLOW_MEMORY_FALLBACK: true
2026-10-09T16:55:27.7590701Z   PYTHONDONTWRITEBYTECODE: 1
2026-10-09T16:55:27.7591242Z   HF_HUB_OFFLINE: 1
2026-10-09T16:55:27.7591511Z   TRANSFORMERS_OFFLINE: 1
2026-10-09T16:55:27.7591861Z   pythonLocation: /opt/hostedtoolcache/Python/3.12.9/x64
2026-10-09T16:55:27.7592389Z   PKG_CONFIG_PATH: /opt/hostedtoolcache/Python/3.12.9/x64/lib/pkgconfig
2026-10-09T16:55:27.7592917Z   Python_ROOT_DIR: /opt/hostedtoolcache/Python/3.12.9/x64
2026-10-09T16:55:27.7593413Z   Python2_ROOT_DIR: /opt/hostedtoolcache/Python/3.12.9/x64
2026-10-09T16:55:27.7593880Z   Python3_ROOT_DIR: /opt/hostedtoolcache/Python/3.12.9/x64
2026-10-09T16:55:27.7594347Z   LD_LIBRARY_PATH: /opt/hostedtoolcache/Python/3.12.9/x64/lib
2026-10-09T16:55:27.7594741Z ##[endgroup]
2026-10-09T16:55:28.5420051Z ##[group]Run npm install --global pnpm@10.6.5
2026-10-09T16:55:28.5420440Z [36;1mnpm install --global pnpm@10.6.5[0m
2026-10-09T16:55:28.5420755Z [36;1mpnpm install --frozen-lockfile[0m
2026-10-09T16:55:28.5421579Z [36;1m{ node --version; pnpm --version; sha256sum pnpm-lock.yaml; } > "$CI_RECEIPTS/frontend-tools.txt"[0m
2026-10-09T16:55:28.5422395Z [36;1mpnpm exec playwright install --with-deps chromium[0m
2026-10-09T16:55:28.5487406Z shell: /usr/bin/bash -e {0}
2026-10-09T16:55:28.5487661Z env:
2026-10-09T16:55:28.5487856Z   MOCK_PROVIDER: true
2026-10-09T16:55:28.5488088Z   MOCK_STREAM_DELAY_MS: 0
2026-10-09T16:55:28.5488322Z   ENABLE_CLOUD: false
2026-10-09T16:55:28.5488551Z   CREDENTIAL_VAULT_BACKEND: memory
2026-10-09T16:55:28.5488839Z   CREDENTIAL_VAULT_ALLOW_MEMORY_FALLBACK: true
2026-10-09T16:55:28.5489146Z   PYTHONDONTWRITEBYTECODE: 1
2026-10-09T16:55:28.5489388Z   HF_HUB_OFFLINE: 1
2026-10-09T16:55:28.5489608Z   TRANSFORMERS_OFFLINE: 1
2026-10-09T16:55:28.5489941Z   pythonLocation: /opt/hostedtoolcache/Python/3.12.9/x64
2026-10-09T16:55:28.5490378Z   PKG_CONFIG_PATH: /opt/hostedtoolcache/Python/3.12.9/x64/lib/pkgconfig
2026-10-09T16:55:28.5491031Z   Python_ROOT_DIR: /opt/hostedtoolcache/Python/3.12.9/x64
2026-10-09T16:55:28.5491417Z   Python2_ROOT_DIR: /opt/hostedtoolcache/Python/3.12.9/x64
2026-10-09T16:55:28.5491801Z   Python3_ROOT_DIR: /opt/hostedtoolcache/Python/3.12.9/x64
2026-10-09T16:55:28.5492185Z   LD_LIBRARY_PATH: /opt/hostedtoolcache/Python/3.12.9/x64/lib
2026-10-09T16:55:28.5492565Z   CI_COVERAGE_SHA: c386b0608ae92d18c351b5cb6e367380808a45cf
2026-10-09T16:55:28.5492938Z   CI_COVERAGE_TREE: 2ec6365e1f1f183f029c9f0a94d040d134e22b47
2026-10-09T16:55:28.5493399Z   CI_SANDBOX: /home/runner/work/_temp/novel-ci-v2-creative-browser.L66ohQ
2026-10-09T16:55:28.5493923Z   CI_PROJECT: /home/runner/work/_temp/novel-ci-v2-creative-browser.L66ohQ/project
2026-10-09T16:55:28.5494468Z   CI_RECEIPTS: /home/runner/work/_temp/novel-ci-v2-creative-browser.L66ohQ/receipts
2026-10-09T16:55:28.5494988Z   HOME: /home/runner/work/_temp/novel-ci-v2-creative-browser.L66ohQ/home
2026-10-09T16:55:28.5495495Z   USERPROFILE: /home/runner/work/_temp/novel-ci-v2-creative-browser.L66ohQ/home
2026-10-09T16:55:28.5496039Z   APPDATA: /home/runner/work/_temp/novel-ci-v2-creative-browser.L66ohQ/appdata
2026-10-09T16:55:28.5496609Z   LOCALAPPDATA: /home/runner/work/_temp/novel-ci-v2-creative-browser.L66ohQ/localappdata
2026-10-09T16:55:28.5497194Z   XDG_CONFIG_HOME: /home/runner/work/_temp/novel-ci-v2-creative-browser.L66ohQ/config
2026-10-09T16:55:28.5497755Z   XDG_CACHE_HOME: /home/runner/work/_temp/novel-ci-v2-creative-browser.L66ohQ/cache
2026-10-09T16:55:28.5498286Z   XDG_DATA_HOME: /home/runner/work/_temp/novel-ci-v2-creative-browser.L66ohQ/data
2026-10-09T16:55:28.5498810Z   XDG_STATE_HOME: /home/runner/work/_temp/novel-ci-v2-creative-browser.L66ohQ/state
2026-10-09T16:55:28.5499326Z   TMPDIR: /home/runner/work/_temp/novel-ci-v2-creative-browser.L66ohQ/tmp
2026-10-09T16:55:28.5499822Z   TMP: /home/runner/work/_temp/novel-ci-v2-creative-browser.L66ohQ/tmp
2026-10-09T16:55:28.5500295Z   TEMP: /home/runner/work/_temp/novel-ci-v2-creative-browser.L66ohQ/tmp
2026-10-09T16:55:28.5500927Z   PROJECT_ROOT: /home/runner/work/_temp/novel-ci-v2-creative-browser.L66ohQ/project
2026-10-09T16:55:28.5501509Z   NOVEL_DATA_PATH: /home/runner/work/_temp/novel-ci-v2-creative-browser.L66ohQ/data/novels
2026-10-09T16:55:28.5502102Z   BACKUP_PATH: /home/runner/work/_temp/novel-ci-v2-creative-browser.L66ohQ/data/backups
2026-10-09T16:55:28.5502753Z   DATABASE_BACKUP_PATH: /home/runner/work/_temp/novel-ci-v2-creative-browser.L66ohQ/data/database-backups
2026-10-09T16:55:28.5503474Z   KNOWLEDGE_SOURCE_PATH: /home/runner/work/_temp/novel-ci-v2-creative-browser.L66ohQ/data/novels
2026-10-09T16:55:28.5503934Z ##[endgroup]
2026-10-09T16:55:29.7378446Z 
2026-10-09T16:55:29.7379161Z added 1 package in 1s
2026-10-09T16:55:29.7379429Z 
2026-10-09T16:55:29.7379652Z 1 package is looking for funding
2026-10-09T16:55:29.7380613Z   run `npm fund` for details
2026-10-09T16:55:30.2358222Z Lockfile is up to date, resolution step is skipped
2026-10-09T16:55:30.2674324Z Progress: resolved 1, reused 0, downloaded 0, added 0
2026-10-09T16:55:30.3192358Z Packages: +249
2026-10-09T16:55:30.3193175Z ++++++++++++++++++++++++++++++++++++++++++++++++++++++++++++++++++++++++++++++++
2026-10-09T16:55:31.2731071Z Progress: resolved 249, reused 0, downloaded 146, added 86
2026-10-09T16:55:32.0596775Z Progress: resolved 249, reused 0, downloaded 249, added 249, done
2026-10-09T16:55:32.1872535Z .../esbuild@0.21.5/node_modules/esbuild postinstall$ node install.js
2026-10-09T16:55:32.1878031Z .../esbuild@0.25.12/node_modules/esbuild postinstall$ node install.js
2026-10-09T16:55:32.2785855Z .../esbuild@0.21.5/node_modules/esbuild postinstall: Done
2026-10-09T16:55:32.3252127Z .../esbuild@0.25.12/node_modules/esbuild postinstall: Done
2026-10-09T16:55:32.4742723Z 
2026-10-09T16:55:32.4743317Z dependencies:
2026-10-09T16:55:32.4743946Z + @tanstack/react-query 5.101.4
2026-10-09T16:55:32.4744506Z + @tiptap/extension-placeholder 2.27.2
2026-10-09T16:55:32.4745002Z + @tiptap/react 2.27.2
2026-10-09T16:55:32.4745420Z + @tiptap/starter-kit 2.27.2
2026-10-09T16:55:32.4745844Z + lucide-react 0.468.0
2026-10-09T16:55:32.4746198Z + react 18.3.1
2026-10-09T16:55:32.4746533Z + react-dom 18.3.1
2026-10-09T16:55:32.4746876Z + zustand 5.0.14
2026-10-09T16:55:32.4747076Z 
2026-10-09T16:55:32.4747218Z devDependencies:
2026-10-09T16:55:32.4747603Z + @playwright/test 1.62.1
2026-10-09T16:55:32.4748067Z + @testing-library/react 16.3.2
2026-10-09T16:55:32.4748493Z + @types/node 22.13.10
2026-10-09T16:55:32.4748974Z + @types/react 18.3.31
2026-10-09T16:55:32.4749360Z + @types/react-dom 18.3.7
2026-10-09T16:55:32.4749773Z + @vitejs/plugin-react 4.7.0
2026-10-09T16:55:32.4750194Z + fountain-js 1.2.4
2026-10-09T16:55:32.4750619Z + jsdom 25.0.1
2026-10-09T16:55:32.4751368Z + typescript 5.9.3
2026-10-09T16:55:32.4751778Z + vite 6.4.3
2026-10-09T16:55:32.4752087Z + vitest 2.1.9
2026-10-09T16:55:32.4752285Z 
2026-10-09T16:55:32.4935952Z Done in 2.6s using pnpm v10.6.5
2026-10-09T16:55:33.5516696Z Installing dependencies...
2026-10-09T16:55:33.5580054Z Switching to root user to install dependencies...
2026-10-09T16:55:33.6483135Z Get:1 file:/etc/apt/apt-mirrors.txt Mirrorlist [144 B]
2026-10-09T16:55:33.6848048Z Get:6 https://packages.microsoft.com/ubuntu/24.04/prod noble InRelease [3600 B]
2026-10-09T16:55:33.6985068Z Hit:2 http://azure.archive.ubuntu.com/ubuntu noble InRelease
2026-10-09T16:55:33.6998702Z Get:3 http://azure.archive.ubuntu.com/ubuntu noble-updates InRelease [126 kB]
2026-10-09T16:55:33.7052400Z Get:4 http://azure.archive.ubuntu.com/ubuntu noble-backports InRelease [126 kB]
2026-10-09T16:55:33.7070567Z Get:5 http://azure.archive.ubuntu.com/ubuntu noble-security InRelease [126 kB]
2026-10-09T16:55:33.7722099Z Get:7 https://packages.microsoft.com/ubuntu/24.04/prod noble/main all Packages [640 B]
2026-10-09T16:55:33.7868487Z Get:8 https://packages.microsoft.com/ubuntu/24.04/prod noble/main amd64 Packages [531 kB]
2026-10-09T16:55:33.7973054Z Get:9 https://packages.microsoft.com/ubuntu/24.04/prod noble/main arm64 Packages [475 kB]
2026-10-09T16:55:33.8042402Z Get:10 https://packages.microsoft.com/ubuntu/24.04/prod noble/main armhf Packages [12.3 kB]
2026-10-09T16:55:33.8849939Z Get:11 http://azure.archive.ubuntu.com/ubuntu noble-updates/main amd64 Packages [1375 kB]
2026-10-09T16:55:33.8922784Z Get:12 http://azure.archive.ubuntu.com/ubuntu noble-updates/main Translation-en [306 kB]
2026-10-09T16:55:33.8940235Z Get:13 http://azure.archive.ubuntu.com/ubuntu noble-updates/universe amd64 Packages [1702 kB]
2026-10-09T16:55:33.9040731Z Get:14 http://azure.archive.ubuntu.com/ubuntu noble-updates/universe Translation-en [342 kB]
2026-10-09T16:55:33.9081293Z Get:15 http://azure.archive.ubuntu.com/ubuntu noble-updates/restricted amd64 Packages [1761 kB]
2026-10-09T16:55:33.9167071Z Get:16 http://azure.archive.ubuntu.com/ubuntu noble-updates/restricted Translation-en [401 kB]
2026-10-09T16:55:33.9175315Z Get:17 http://azure.archive.ubuntu.com/ubuntu noble-updates/multiverse amd64 Packages [55.0 kB]
2026-10-09T16:55:33.9189262Z Get:18 http://azure.archive.ubuntu.com/ubuntu noble-updates/multiverse Translation-en [14.3 kB]
2026-10-09T16:55:33.9927100Z Get:19 http://azure.archive.ubuntu.com/ubuntu noble-security/main amd64 Packages [1121 kB]
2026-10-09T16:55:33.9993173Z Get:20 http://azure.archive.ubuntu.com/ubuntu noble-security/main Translation-en [228 kB]
2026-10-09T16:55:34.0439137Z Get:21 http://azure.archive.ubuntu.com/ubuntu noble-security/universe amd64 Packages [1220 kB]
2026-10-09T16:55:34.0523988Z Get:22 http://azure.archive.ubuntu.com/ubuntu noble-security/universe Translation-en [245 kB]
2026-10-09T16:55:34.0552461Z Get:23 http://azure.archive.ubuntu.com/ubuntu noble-security/restricted amd64 Packages [1669 kB]
2026-10-09T16:55:34.0613154Z Get:24 http://azure.archive.ubuntu.com/ubuntu noble-security/restricted Translation-en [383 kB]
2026-10-09T16:55:34.0639394Z Get:25 http://azure.archive.ubuntu.com/ubuntu noble-security/multiverse amd64 Packages [49.8 kB]
2026-10-09T16:55:34.0653686Z Get:26 http://azure.archive.ubuntu.com/ubuntu noble-security/multiverse Translation-en [12.4 kB]
2026-10-09T16:55:36.9684738Z Fetched 12.3 MB in 1s (9591 kB/s)
2026-10-09T16:55:37.8585631Z Reading package lists...
2026-10-09T16:55:37.8832165Z Reading package lists...
2026-10-09T16:55:38.1035245Z Building dependency tree...
2026-10-09T16:55:38.1043045Z Reading state information...
2026-10-09T16:55:38.2624025Z libasound2t64 is already the newest version (1.2.11-1ubuntu0.3).
2026-10-09T16:55:38.2624830Z libasound2t64 set to manually installed.
2026-10-09T16:55:38.2625629Z libatk-bridge2.0-0t64 is already the newest version (2.52.0-1build1).
2026-10-09T16:55:38.2626453Z libatk-bridge2.0-0t64 set to manually installed.
2026-10-09T16:55:38.2627214Z libatk1.0-0t64 is already the newest version (2.52.0-1build1).
2026-10-09T16:55:38.2627892Z libatk1.0-0t64 set to manually installed.
2026-10-09T16:55:38.2628650Z libatspi2.0-0t64 is already the newest version (2.52.0-1build1).
2026-10-09T16:55:38.2629722Z libatspi2.0-0t64 set to manually installed.
2026-10-09T16:55:38.2630348Z libcairo2 is already the newest version (1.18.0-3build1).
2026-10-09T16:55:38.2631253Z libcairo2 set to manually installed.
2026-10-09T16:55:38.2631891Z libcups2t64 is already the newest version (2.4.7-1.2ubuntu7.14).
2026-10-09T16:55:38.2632521Z libcups2t64 set to manually installed.
2026-10-09T16:55:38.2633134Z libdbus-1-3 is already the newest version (1.14.10-4ubuntu4.1).
2026-10-09T16:55:38.2633730Z libdbus-1-3 set to manually installed.
2026-10-09T16:55:38.2634358Z libdrm2 is already the newest version (2.4.125-1ubuntu0.1~24.04.2).
2026-10-09T16:55:38.2634967Z libdrm2 set to manually installed.
2026-10-09T16:55:38.2635568Z libgbm1 is already the newest version (25.2.8-0ubuntu0.24.04.4).
2026-10-09T16:55:38.2636150Z libgbm1 set to manually installed.
2026-10-09T16:55:38.2636761Z libglib2.0-0t64 is already the newest version (2.80.0-6ubuntu3.9).
2026-10-09T16:55:38.2637391Z libglib2.0-0t64 set to manually installed.
2026-10-09T16:55:38.2638012Z libnspr4 is already the newest version (2:4.35-1.1build1).
2026-10-09T16:55:38.2638584Z libnspr4 set to manually installed.
2026-10-09T16:55:38.2639161Z libnss3 is already the newest version (2:3.98-1ubuntu0.2).
2026-10-09T16:55:38.2639574Z libnss3 set to manually installed.
2026-10-09T16:55:38.2640012Z libpango-1.0-0 is already the newest version (1.52.1+ds-1build1).
2026-10-09T16:55:38.2640479Z libpango-1.0-0 set to manually installed.
2026-10-09T16:55:38.2641037Z libx11-6 is already the newest version (2:1.8.7-1build1).
2026-10-09T16:55:38.2641448Z libx11-6 set to manually installed.
2026-10-09T16:55:38.2641851Z libxcb1 is already the newest version (1.15-1ubuntu2).
2026-10-09T16:55:38.2642248Z libxcb1 set to manually installed.
2026-10-09T16:55:38.2642699Z libxcomposite1 is already the newest version (1:0.4.5-1build3).
2026-10-09T16:55:38.2643154Z libxcomposite1 set to manually installed.
2026-10-09T16:55:38.2643989Z libxdamage1 is already the newest version (1:1.1.6-1build1).
2026-10-09T16:55:38.2644460Z libxdamage1 set to manually installed.
2026-10-09T16:55:38.2644885Z libxext6 is already the newest version (2:1.3.4-1build2).
2026-10-09T16:55:38.2645286Z libxext6 set to manually installed.
2026-10-09T16:55:38.2647792Z libxfixes3 is already the newest version (1:6.0.0-2build1).
2026-10-09T16:55:38.2648528Z libxfixes3 set to manually installed.
2026-10-09T16:55:38.2649675Z libxkbcommon0 is already the newest version (1.6.0-1build1).
2026-10-09T16:55:38.2650569Z libxkbcommon0 set to manually installed.
2026-10-09T16:55:38.2651677Z libxrandr2 is already the newest version (2:1.5.2-2build1).
2026-10-09T16:55:38.2652403Z libxrandr2 set to manually installed.
2026-10-09T16:55:38.2653130Z xvfb is already the newest version (2:21.1.12-1ubuntu1.8).
2026-10-09T16:55:38.2654143Z fonts-noto-color-emoji is already the newest version (2.047-0ubuntu0.24.04.1).
2026-10-09T16:55:38.2655206Z libfontconfig1 is already the newest version (2.15.0-1.1ubuntu2).
2026-10-09T16:55:38.2655987Z libfontconfig1 set to manually installed.
2026-10-09T16:55:38.2656751Z fonts-liberation is already the newest version (1:2.1.5-3).
2026-10-09T16:55:38.2657502Z fonts-liberation set to manually installed.
2026-10-09T16:55:38.2658213Z The following additional packages will be installed:
2026-10-09T16:55:38.2658875Z   xfonts-encodings xfonts-utils
2026-10-09T16:55:38.2659361Z Recommended packages:
2026-10-09T16:55:38.2659867Z   fonts-ipafont-mincho fonts-tlwg-loma
2026-10-09T16:55:38.4112136Z The following NEW packages will be installed:
2026-10-09T16:55:38.4113614Z   fonts-freefont-ttf fonts-ipafont-gothic fonts-tlwg-loma-otf fonts-unifont
2026-10-09T16:55:38.4123390Z   fonts-wqy-zenhei xfonts-cyrillic xfonts-encodings xfonts-scalable
2026-10-09T16:55:38.4124127Z   xfonts-utils
2026-10-09T16:55:38.4129566Z The following packages will be upgraded:
2026-10-09T16:55:38.4135584Z   libfreetype6
2026-10-09T16:55:38.4326799Z 1 upgraded, 9 newly installed, 0 to remove and 22 not upgraded.
2026-10-09T16:55:38.4327639Z Need to get 21.5 MB of archives.
2026-10-09T16:55:38.4328409Z After this operation, 79.5 MB of additional disk space will be used.
2026-10-09T16:55:38.4328953Z Get:1 file:/etc/apt/apt-mirrors.txt Mirrorlist [144 B]
2026-10-09T16:55:38.5508466Z Get:2 http://azure.archive.ubuntu.com/ubuntu noble/universe amd64 fonts-ipafont-gothic all 00303-21ubuntu1 [3513 kB]
2026-10-09T16:55:38.7644086Z Get:3 http://azure.archive.ubuntu.com/ubuntu noble/main amd64 fonts-freefont-ttf all 20211204+svn4273-2 [5641 kB]
2026-10-09T16:55:39.0438936Z Get:4 http://azure.archive.ubuntu.com/ubuntu noble/universe amd64 fonts-tlwg-loma-otf all 1:0.7.3-1 [107 kB]
2026-10-09T16:55:39.1472369Z Get:5 http://azure.archive.ubuntu.com/ubuntu noble/universe amd64 fonts-unifont all 1:15.1.01-1build1 [2993 kB]
2026-10-09T16:55:39.3415835Z Get:6 http://azure.archive.ubuntu.com/ubuntu noble/universe amd64 fonts-wqy-zenhei all 0.9.45-8 [7472 kB]
2026-10-09T16:55:39.6802993Z Get:7 http://azure.archive.ubuntu.com/ubuntu noble-updates/main amd64 libfreetype6 amd64 2.13.2+dfsg-1ubuntu0.2 [403 kB]
2026-10-09T16:55:39.7928703Z Get:8 http://azure.archive.ubuntu.com/ubuntu noble/main amd64 xfonts-encodings all 1:1.0.5-0ubuntu2 [578 kB]
2026-10-09T16:55:39.9058517Z Get:9 http://azure.archive.ubuntu.com/ubuntu noble/main amd64 xfonts-utils amd64 1:7.7+6build3 [94.4 kB]
2026-10-09T16:55:40.0037628Z Get:10 http://azure.archive.ubuntu.com/ubuntu noble/universe amd64 xfonts-cyrillic all 1:1.0.5+nmu1 [384 kB]
2026-10-09T16:55:40.1096425Z Get:11 http://azure.archive.ubuntu.com/ubuntu noble/main amd64 xfonts-scalable all 1:1.0.3-1.3 [304 kB]
2026-10-09T16:55:40.3751828Z Fetched 21.5 MB in 2s (12.7 MB/s)
2026-10-09T16:55:40.3996323Z Selecting previously unselected package fonts-ipafont-gothic.
2026-10-09T16:55:40.4265186Z (Reading database ... 
2026-10-09T16:55:40.4265557Z (Reading database ... 5%
2026-10-09T16:55:40.4265855Z (Reading database ... 10%
2026-10-09T16:55:40.4266142Z (Reading database ... 15%
2026-10-09T16:55:40.4266784Z (Reading database ... 20%
2026-10-09T16:55:40.4267265Z (Reading database ... 25%
2026-10-09T16:55:40.4268215Z (Reading database ... 30%
2026-10-09T16:55:40.4268639Z (Reading database ... 35%
2026-10-09T16:55:40.4268909Z (Reading database ... 40%
2026-10-09T16:55:40.4269171Z (Reading database ... 45%
2026-10-09T16:55:40.4269970Z (Reading database ... 50%
2026-10-09T16:55:40.4304594Z (Reading database ... 55%
2026-10-09T16:55:40.5182701Z (Reading database ... 60%
2026-10-09T16:55:40.7663150Z (Reading database ... 65%
2026-10-09T16:55:40.9180267Z (Reading database ... 70%
2026-10-09T16:55:41.1216186Z (Reading database ... 75%
2026-10-09T16:55:41.2637623Z (Reading database ... 80%
2026-10-09T16:55:41.4653187Z (Reading database ... 85%
2026-10-09T16:55:41.6762046Z (Reading database ... 90%
2026-10-09T16:55:41.8561946Z (Reading database ... 95%
2026-10-09T16:55:41.8562523Z (Reading database ... 100%
2026-10-09T16:55:41.8563175Z (Reading database ... 203191 files and directories currently installed.)
2026-10-09T16:55:41.8610000Z Preparing to unpack .../0-fonts-ipafont-gothic_00303-21ubuntu1_all.deb ...
2026-10-09T16:55:41.8700959Z Unpacking fonts-ipafont-gothic (00303-21ubuntu1) ...
2026-10-09T16:55:42.0979560Z Selecting previously unselected package fonts-freefont-ttf.
2026-10-09T16:55:42.1110400Z Preparing to unpack .../1-fonts-freefont-ttf_20211204+svn4273-2_all.deb ...
2026-10-09T16:55:42.1117865Z Unpacking fonts-freefont-ttf (20211204+svn4273-2) ...
2026-10-09T16:55:42.1887862Z Selecting previously unselected package fonts-tlwg-loma-otf.
2026-10-09T16:55:42.2018755Z Preparing to unpack .../2-fonts-tlwg-loma-otf_1%3a0.7.3-1_all.deb ...
2026-10-09T16:55:42.2026225Z Unpacking fonts-tlwg-loma-otf (1:0.7.3-1) ...
2026-10-09T16:55:42.2230138Z Selecting previously unselected package fonts-unifont.
2026-10-09T16:55:42.2362099Z Preparing to unpack .../3-fonts-unifont_1%3a15.1.01-1build1_all.deb ...
2026-10-09T16:55:42.2368354Z Unpacking fonts-unifont (1:15.1.01-1build1) ...
2026-10-09T16:55:42.3543292Z Selecting previously unselected package fonts-wqy-zenhei.
2026-10-09T16:55:42.3674429Z Preparing to unpack .../4-fonts-wqy-zenhei_0.9.45-8_all.deb ...
2026-10-09T16:55:42.3779665Z Unpacking fonts-wqy-zenhei (0.9.45-8) ...
2026-10-09T16:55:42.8588075Z Preparing to unpack .../5-libfreetype6_2.13.2+dfsg-1ubuntu0.2_amd64.deb ...
2026-10-09T16:55:42.8616120Z Unpacking libfreetype6:amd64 (2.13.2+dfsg-1ubuntu0.2) over (2.13.2+dfsg-1ubuntu0.1) ...
2026-10-09T16:55:42.8860069Z Selecting previously unselected package xfonts-encodings.
2026-10-09T16:55:42.8992522Z Preparing to unpack .../6-xfonts-encodings_1%3a1.0.5-0ubuntu2_all.deb ...
2026-10-09T16:55:42.8999016Z Unpacking xfonts-encodings (1:1.0.5-0ubuntu2) ...
2026-10-09T16:55:42.9296308Z Selecting previously unselected package xfonts-utils.
2026-10-09T16:55:42.9425613Z Preparing to unpack .../7-xfonts-utils_1%3a7.7+6build3_amd64.deb ...
2026-10-09T16:55:42.9432019Z Unpacking xfonts-utils (1:7.7+6build3) ...
2026-10-09T16:55:42.9779451Z Selecting previously unselected package xfonts-cyrillic.
2026-10-09T16:55:42.9905494Z Preparing to unpack .../8-xfonts-cyrillic_1%3a1.0.5+nmu1_all.deb ...
2026-10-09T16:55:42.9912848Z Unpacking xfonts-cyrillic (1:1.0.5+nmu1) ...
2026-10-09T16:55:43.0226132Z Selecting previously unselected package xfonts-scalable.
2026-10-09T16:55:43.0359364Z Preparing to unpack .../9-xfonts-scalable_1%3a1.0.3-1.3_all.deb ...
2026-10-09T16:55:43.0366294Z Unpacking xfonts-scalable (1:1.0.3-1.3) ...
2026-10-09T16:55:43.0802311Z Setting up fonts-wqy-zenhei (0.9.45-8) ...
2026-10-09T16:55:43.0913303Z Setting up fonts-freefont-ttf (20211204+svn4273-2) ...
2026-10-09T16:55:43.0930141Z Setting up fonts-tlwg-loma-otf (1:0.7.3-1) ...
2026-10-09T16:55:43.0958536Z Setting up libfreetype6:amd64 (2.13.2+dfsg-1ubuntu0.2) ...
2026-10-09T16:55:43.0975555Z Setting up xfonts-encodings (1:1.0.5-0ubuntu2) ...
2026-10-09T16:55:43.0993251Z Setting up fonts-ipafont-gothic (00303-21ubuntu1) ...
2026-10-09T16:55:43.1058626Z update-alternatives: using /usr/share/fonts/opentype/ipafont-gothic/ipag.ttf to provide /usr/share/fonts/truetype/fonts-japanese-gothic.ttf (fonts-japanese-gothic.ttf) in auto mode
2026-10-09T16:55:43.1074684Z Setting up fonts-unifont (1:15.1.01-1build1) ...
2026-10-09T16:55:43.1091404Z Setting up xfonts-utils (1:7.7+6build3) ...
2026-10-09T16:55:43.1129998Z Setting up xfonts-cyrillic (1:1.0.5+nmu1) ...
2026-10-09T16:55:43.1405867Z Setting up xfonts-scalable (1:1.0.3-1.3) ...
2026-10-09T16:55:43.1669760Z Processing triggers for libc-bin (2.39-0ubuntu8.9) ...
2026-10-09T16:55:43.1973410Z Processing triggers for man-db (2.12.0-4build2) ...
2026-10-09T16:55:43.1992205Z Not building database; man-db/auto-update is not 'true'.
2026-10-09T16:55:43.2002834Z Processing triggers for fontconfig (2.15.0-1.1ubuntu2) ...
2026-10-09T16:55:43.8959319Z 
2026-10-09T16:55:43.8960019Z Running kernel seems to be up-to-date.
2026-10-09T16:55:43.8960379Z 
2026-10-09T16:55:43.8960630Z Restarting services...
2026-10-09T16:55:43.9039205Z  systemctl restart php8.3-fpm.service
2026-10-09T16:55:44.0831115Z 
2026-10-09T16:55:44.0831665Z No containers need to be restarted.
2026-10-09T16:55:44.0831949Z 
2026-10-09T16:55:44.0832171Z No user sessions are running outdated binaries.
2026-10-09T16:55:44.0832436Z 
2026-10-09T16:55:44.0832782Z No VM guests are running outdated hypervisor (qemu) binaries on this host.
2026-10-09T16:55:45.0346233Z Downloading Chrome for Testing 151.0.7922.34 (playwright chromium v1234) from https://cdn.playwright.dev/builds/cft/151.0.7922.34/linux64/chrome-linux64.zip
2026-10-09T16:55:46.0454900Z |                                                                                |   0% of 184.3 MiB
2026-10-09T16:55:46.2502620Z |■■■■■■■■                                                                        |  10% of 184.3 MiB
2026-10-09T16:55:46.3445842Z |■■■■■■■■■■■■■■■■                                                                |  20% of 184.3 MiB
2026-10-09T16:55:46.4267355Z |■■■■■■■■■■■■■■■■■■■■■■■■                                                        |  30% of 184.3 MiB
2026-10-09T16:55:46.4972890Z |■■■■■■■■■■■■■■■■■■■■■■■■■■■■■■■■                                                |  40% of 184.3 MiB
2026-10-09T16:55:46.5613568Z |■■■■■■■■■■■■■■■■■■■■■■■■■■■■■■■■■■■■■■■■                                        |  50% of 184.3 MiB
2026-10-09T16:55:46.6289719Z |■■■■■■■■■■■■■■■■■■■■■■■■■■■■■■■■■■■■■■■■■■■■■■■■                                |  60% of 184.3 MiB
2026-10-09T16:55:46.6860065Z |■■■■■■■■■■■■■■■■■■■■■■■■■■■■■■■■■■■■■■■■■■■■■■■■■■■■■■■■                        |  70% of 184.3 MiB
2026-10-09T16:55:46.7451976Z |■■■■■■■■■■■■■■■■■■■■■■■■■■■■■■■■■■■■■■■■■■■■■■■■■■■■■■■■■■■■■■■■                |  80% of 184.3 MiB
2026-10-09T16:55:46.8030012Z |■■■■■■■■■■■■■■■■■■■■■■■■■■■■■■■■■■■■■■■■■■■■■■■■■■■■■■■■■■■■■■■■■■■■■■■■        |  90% of 184.3 MiB
2026-10-09T16:55:46.8712037Z |■■■■■■■■■■■■■■■■■■■■■■■■■■■■■■■■■■■■■■■■■■■■■■■■■■■■■■■■■■■■■■■■■■■■■■■■■■■■■■■■| 100% of 184.3 MiB
2026-10-09T16:55:49.6184628Z Chrome for Testing 151.0.7922.34 (playwright chromium v1234) downloaded to /home/runner/work/_temp/novel-ci-v2-creative-browser.L66ohQ/cache/ms-playwright/chromium-1234
2026-10-09T16:55:49.6187367Z Downloading FFmpeg (playwright ffmpeg v1011) from https://cdn.playwright.dev/dbazure/download/playwright/builds/ffmpeg/1011/ffmpeg-linux.zip
2026-10-09T16:55:50.5985361Z |                                                                                |   0% of 2.3 MiB
2026-10-09T16:55:50.6051561Z |■■■■■■■■                                                                        |  10% of 2.3 MiB
2026-10-09T16:55:50.6085316Z |■■■■■■■■■■■■■■■■                                                                |  20% of 2.3 MiB
2026-10-09T16:55:50.6108313Z |■■■■■■■■■■■■■■■■■■■■■■■■                                                        |  30% of 2.3 MiB
2026-10-09T16:55:50.6127739Z |■■■■■■■■■■■■■■■■■■■■■■■■■■■■■■■■                                                |  40% of 2.3 MiB
2026-10-09T16:55:50.6149645Z |■■■■■■■■■■■■■■■■■■■■■■■■■■■■■■■■■■■■■■■■                                        |  50% of 2.3 MiB
2026-10-09T16:55:50.6163167Z |■■■■■■■■■■■■■■■■■■■■■■■■■■■■■■■■■■■■■■■■■■■■■■■■                                |  60% of 2.3 MiB
2026-10-09T16:55:50.6180377Z |■■■■■■■■■■■■■■■■■■■■■■■■■■■■■■■■■■■■■■■■■■■■■■■■■■■■■■■■                        |  70% of 2.3 MiB
2026-10-09T16:55:50.6200381Z |■■■■■■■■■■■■■■■■■■■■■■■■■■■■■■■■■■■■■■■■■■■■■■■■■■■■■■■■■■■■■■■■                |  80% of 2.3 MiB
2026-10-09T16:55:50.6213976Z |■■■■■■■■■■■■■■■■■■■■■■■■■■■■■■■■■■■■■■■■■■■■■■■■■■■■■■■■■■■■■■■■■■■■■■■■        |  90% of 2.3 MiB
2026-10-09T16:55:50.6226802Z |■■■■■■■■■■■■■■■■■■■■■■■■■■■■■■■■■■■■■■■■■■■■■■■■■■■■■■■■■■■■■■■■■■■■■■■■■■■■■■■■| 100% of 2.3 MiB
2026-10-09T16:55:50.6853560Z FFmpeg (playwright ffmpeg v1011) downloaded to /home/runner/work/_temp/novel-ci-v2-creative-browser.L66ohQ/cache/ms-playwright/ffmpeg-1011
2026-10-09T16:55:50.6856538Z Downloading Chrome Headless Shell 151.0.7922.34 (playwright chromium-headless-shell v1234) from https://cdn.playwright.dev/builds/cft/151.0.7922.34/linux64/chrome-headless-shell-linux64.zip
2026-10-09T16:55:51.8097967Z |                                                                                |   0% of 114.7 MiB
2026-10-09T16:55:51.9843077Z |■■■■■■■■                                                                        |  10% of 114.7 MiB
2026-10-09T16:55:52.0987161Z |■■■■■■■■■■■■■■■■                                                                |  20% of 114.7 MiB
2026-10-09T16:55:52.1554517Z |■■■■■■■■■■■■■■■■■■■■■■■■                                                        |  30% of 114.7 MiB
2026-10-09T16:55:52.1995509Z |■■■■■■■■■■■■■■■■■■■■■■■■■■■■■■■■                                                |  40% of 114.7 MiB
2026-10-09T16:55:52.2478844Z |■■■■■■■■■■■■■■■■■■■■■■■■■■■■■■■■■■■■■■■■                                        |  50% of 114.7 MiB
2026-10-09T16:55:52.2924226Z |■■■■■■■■■■■■■■■■■■■■■■■■■■■■■■■■■■■■■■■■■■■■■■■■                                |  60% of 114.7 MiB
2026-10-09T16:55:52.3362874Z |■■■■■■■■■■■■■■■■■■■■■■■■■■■■■■■■■■■■■■■■■■■■■■■■■■■■■■■■                        |  70% of 114.7 MiB
2026-10-09T16:55:52.3814782Z |■■■■■■■■■■■■■■■■■■■■■■■■■■■■■■■■■■■■■■■■■■■■■■■■■■■■■■■■■■■■■■■■                |  80% of 114.7 MiB
2026-10-09T16:55:52.4272297Z |■■■■■■■■■■■■■■■■■■■■■■■■■■■■■■■■■■■■■■■■■■■■■■■■■■■■■■■■■■■■■■■■■■■■■■■■        |  90% of 114.7 MiB
2026-10-09T16:55:52.4734540Z |■■■■■■■■■■■■■■■■■■■■■■■■■■■■■■■■■■■■■■■■■■■■■■■■■■■■■■■■■■■■■■■■■■■■■■■■■■■■■■■■| 100% of 114.7 MiB
2026-10-09T16:55:54.4670697Z Chrome Headless Shell 151.0.7922.34 (playwright chromium-headless-shell v1234) downloaded to /home/runner/work/_temp/novel-ci-v2-creative-browser.L66ohQ/cache/ms-playwright/chromium_headless_shell-1234
2026-10-09T16:55:54.4885724Z ##[group]Run python -m pip install -c .github/ci/python-constraints.txt -e '.[dev,fontbuild,otio,comic]'
2026-10-09T16:55:54.4886563Z [36;1mpython -m pip install -c .github/ci/python-constraints.txt -e '.[dev,fontbuild,otio,comic]'[0m
2026-10-09T16:55:54.4887062Z [36;1mpython -m pip check[0m
2026-10-09T16:55:54.4887467Z [36;1mpython -m pip freeze --exclude-editable > "$CI_RECEIPTS/python-packages.txt"[0m
2026-10-09T16:55:54.4953048Z shell: /usr/bin/bash -e {0}
2026-10-09T16:55:54.4953306Z env:
2026-10-09T16:55:54.4953504Z   MOCK_PROVIDER: true
2026-10-09T16:55:54.4953736Z   MOCK_STREAM_DELAY_MS: 0
2026-10-09T16:55:54.4953979Z   ENABLE_CLOUD: false
2026-10-09T16:55:54.4954234Z   CREDENTIAL_VAULT_BACKEND: memory
2026-10-09T16:55:54.4954527Z   CREDENTIAL_VAULT_ALLOW_MEMORY_FALLBACK: true
2026-10-09T16:55:54.4954845Z   PYTHONDONTWRITEBYTECODE: 1
2026-10-09T16:55:54.4955104Z   HF_HUB_OFFLINE: 1
2026-10-09T16:55:54.4955324Z   TRANSFORMERS_OFFLINE: 1
2026-10-09T16:55:54.4955669Z   pythonLocation: /opt/hostedtoolcache/Python/3.12.9/x64
2026-10-09T16:55:54.4956130Z   PKG_CONFIG_PATH: /opt/hostedtoolcache/Python/3.12.9/x64/lib/pkgconfig
2026-10-09T16:55:54.4956585Z   Python_ROOT_DIR: /opt/hostedtoolcache/Python/3.12.9/x64
2026-10-09T16:55:54.4956992Z   Python2_ROOT_DIR: /opt/hostedtoolcache/Python/3.12.9/x64
2026-10-09T16:55:54.4957396Z   Python3_ROOT_DIR: /opt/hostedtoolcache/Python/3.12.9/x64
2026-10-09T16:55:54.4957805Z   LD_LIBRARY_PATH: /opt/hostedtoolcache/Python/3.12.9/x64/lib
2026-10-09T16:55:54.4958217Z   CI_COVERAGE_SHA: c386b0608ae92d18c351b5cb6e367380808a45cf
2026-10-09T16:55:54.4958612Z   CI_COVERAGE_TREE: 2ec6365e1f1f183f029c9f0a94d040d134e22b47
2026-10-09T16:55:54.4959080Z   CI_SANDBOX: /home/runner/work/_temp/novel-ci-v2-creative-browser.L66ohQ
2026-10-09T16:55:54.4959639Z   CI_PROJECT: /home/runner/work/_temp/novel-ci-v2-creative-browser.L66ohQ/project
2026-10-09T16:55:54.4960234Z   CI_RECEIPTS: /home/runner/work/_temp/novel-ci-v2-creative-browser.L66ohQ/receipts
2026-10-09T16:55:54.4961082Z   HOME: /home/runner/work/_temp/novel-ci-v2-creative-browser.L66ohQ/home
2026-10-09T16:55:54.4961663Z   USERPROFILE: /home/runner/work/_temp/novel-ci-v2-creative-browser.L66ohQ/home
2026-10-09T16:55:54.4962249Z   APPDATA: /home/runner/work/_temp/novel-ci-v2-creative-browser.L66ohQ/appdata
2026-10-09T16:55:54.4962863Z   LOCALAPPDATA: /home/runner/work/_temp/novel-ci-v2-creative-browser.L66ohQ/localappdata
2026-10-09T16:55:54.4963507Z   XDG_CONFIG_HOME: /home/runner/work/_temp/novel-ci-v2-creative-browser.L66ohQ/config
2026-10-09T16:55:54.4964110Z   XDG_CACHE_HOME: /home/runner/work/_temp/novel-ci-v2-creative-browser.L66ohQ/cache
2026-10-09T16:55:54.4964690Z   XDG_DATA_HOME: /home/runner/work/_temp/novel-ci-v2-creative-browser.L66ohQ/data
2026-10-09T16:55:54.4965282Z   XDG_STATE_HOME: /home/runner/work/_temp/novel-ci-v2-creative-browser.L66ohQ/state
2026-10-09T16:55:54.4965833Z   TMPDIR: /home/runner/work/_temp/novel-ci-v2-creative-browser.L66ohQ/tmp
2026-10-09T16:55:54.4966316Z   TMP: /home/runner/work/_temp/novel-ci-v2-creative-browser.L66ohQ/tmp
2026-10-09T16:55:54.4966783Z   TEMP: /home/runner/work/_temp/novel-ci-v2-creative-browser.L66ohQ/tmp
2026-10-09T16:55:54.4967287Z   PROJECT_ROOT: /home/runner/work/_temp/novel-ci-v2-creative-browser.L66ohQ/project
2026-10-09T16:55:54.4967860Z   NOVEL_DATA_PATH: /home/runner/work/_temp/novel-ci-v2-creative-browser.L66ohQ/data/novels
2026-10-09T16:55:54.4968449Z   BACKUP_PATH: /home/runner/work/_temp/novel-ci-v2-creative-browser.L66ohQ/data/backups
2026-10-09T16:55:54.4969101Z   DATABASE_BACKUP_PATH: /home/runner/work/_temp/novel-ci-v2-creative-browser.L66ohQ/data/database-backups
2026-10-09T16:55:54.4969787Z   KNOWLEDGE_SOURCE_PATH: /home/runner/work/_temp/novel-ci-v2-creative-browser.L66ohQ/data/novels
2026-10-09T16:55:54.4970550Z ##[endgroup]
2026-10-09T16:55:55.4406605Z Obtaining file:///home/runner/work/_temp/novel-ci-v2-creative-browser.L66ohQ/project
2026-10-09T16:55:55.4426409Z   Installing build dependencies: started
2026-10-09T16:55:56.6735969Z   Installing build dependencies: finished with status 'done'
2026-10-09T16:55:56.6741662Z   Checking if build backend supports build_editable: started
2026-10-09T16:55:57.3707093Z   Checking if build backend supports build_editable: finished with status 'done'
2026-10-09T16:55:57.3715322Z   Getting requirements to build editable: started
2026-10-09T16:55:58.2876935Z   Getting requirements to build editable: finished with status 'done'
2026-10-09T16:55:58.2886511Z   Preparing editable metadata (pyproject.toml): started
2026-10-09T16:55:59.2908617Z   Preparing editable metadata (pyproject.toml): finished with status 'done'
2026-10-09T16:55:59.4994368Z Collecting fastapi<1,>=0.115 (from ai-novel-studio==0.7.0)
2026-10-09T16:55:59.5467391Z   Downloading fastapi-0.142.2-py3-none-any.whl.metadata (27 kB)
2026-10-09T16:56:00.2254480Z Collecting uvicorn<1,>=0.30 (from ai-novel-studio==0.7.0)
2026-10-09T16:56:00.2294542Z   Downloading uvicorn-0.54.0-py3-none-any.whl.metadata (6.6 kB)
2026-10-09T16:56:00.4343714Z Collecting psycopg<4,>=3.2 (from psycopg[binary]<4,>=3.2->ai-novel-studio==0.7.0)
2026-10-09T16:56:00.4378305Z   Downloading psycopg-3.3.6-py3-none-any.whl.metadata (4.4 kB)
2026-10-09T16:56:00.7400409Z Collecting sqlalchemy<3,>=2.0 (from ai-novel-studio==0.7.0)
2026-10-09T16:56:00.7446030Z   Downloading sqlalchemy-2.1.3-cp312-cp312-manylinux2014_x86_64.manylinux_2_17_x86_64.manylinux_2_28_x86_64.whl.metadata (9.7 kB)
2026-10-09T16:56:00.7660229Z Collecting httpx<1,>=0.27 (from ai-novel-studio==0.7.0)
2026-10-09T16:56:00.7700305Z   Downloading httpx-0.28.1-py3-none-any.whl.metadata (7.1 kB)
2026-10-09T16:56:00.7844951Z Collecting pydantic-settings<3,>=2.6 (from ai-novel-studio==0.7.0)
2026-10-09T16:56:00.7880130Z   Downloading pydantic_settings-2.15.0-py3-none-any.whl.metadata (3.9 kB)
2026-10-09T16:56:00.8841812Z Collecting reportlab<5,>=4.0 (from ai-novel-studio==0.7.0)
2026-10-09T16:56:00.8881416Z   Downloading reportlab-4.5.1-py3-none-any.whl.metadata (1.7 kB)
2026-10-09T16:56:00.9092794Z Collecting pypdf==6.19.0 (from ai-novel-studio==0.7.0)
2026-10-09T16:56:00.9134308Z   Downloading pypdf-6.19.0-py3-none-any.whl.metadata (7.5 kB)
2026-10-09T16:56:00.9340678Z Collecting jsonschema<5,>=4.18 (from ai-novel-studio==0.7.0)
2026-10-09T16:56:00.9377830Z   Downloading jsonschema-4.26.0-py3-none-any.whl.metadata (7.6 kB)
2026-10-09T16:56:00.9645221Z Collecting pytest<9,>=8 (from ai-novel-studio==0.7.0)
2026-10-09T16:56:00.9685827Z   Downloading pytest-8.4.2-py3-none-any.whl.metadata (7.7 kB)
2026-10-09T16:56:01.1059345Z Collecting fonttools==4.59.1 (from ai-novel-studio==0.7.0)
2026-10-09T16:56:01.1116261Z   Downloading fonttools-4.59.1-cp312-cp312-manylinux1_x86_64.manylinux2014_x86_64.manylinux_2_17_x86_64.manylinux_2_5_x86_64.whl.metadata (108 kB)
2026-10-09T16:56:01.1455473Z Collecting opentimelineio==0.18.1 (from ai-novel-studio==0.7.0)
2026-10-09T16:56:01.1501392Z   Downloading opentimelineio-0.18.1-cp312-cp312-manylinux2014_x86_64.manylinux_2_17_x86_64.whl.metadata (2.6 kB)
2026-10-09T16:56:01.3308701Z Collecting Pillow==12.3.0 (from ai-novel-studio==0.7.0)
2026-10-09T16:56:01.3347621Z   Downloading pillow-12.3.0-cp312-cp312-manylinux_2_27_x86_64.manylinux_2_28_x86_64.whl.metadata (9.1 kB)
2026-10-09T16:56:01.3612279Z Collecting starlette>=0.46.0 (from fastapi<1,>=0.115->ai-novel-studio==0.7.0)
2026-10-09T16:56:01.3648562Z   Downloading starlette-1.7.0-py3-none-any.whl.metadata (6.6 kB)
2026-10-09T16:56:01.4638743Z Collecting pydantic>=2.9.0 (from fastapi<1,>=0.115->ai-novel-studio==0.7.0)
2026-10-09T16:56:01.4678614Z   Downloading pydantic-2.13.5-py3-none-any.whl.metadata (110 kB)
2026-10-09T16:56:01.4872412Z Collecting typing-extensions>=4.8.0 (from fastapi<1,>=0.115->ai-novel-studio==0.7.0)
2026-10-09T16:56:01.4908211Z   Downloading typing_extensions-4.16.0-py3-none-any.whl.metadata (3.3 kB)
2026-10-09T16:56:01.5007938Z Collecting typing-inspection>=0.4.2 (from fastapi<1,>=0.115->ai-novel-studio==0.7.0)
2026-10-09T16:56:01.5047031Z   Downloading typing_inspection-0.4.4-py3-none-any.whl.metadata (2.6 kB)
2026-10-09T16:56:01.5143814Z Collecting annotated-doc>=0.0.2 (from fastapi<1,>=0.115->ai-novel-studio==0.7.0)
2026-10-09T16:56:01.5178101Z   Downloading annotated_doc-0.0.5-py3-none-any.whl.metadata (6.5 kB)
2026-10-09T16:56:01.5353572Z Collecting opentelemetry-api>=1.44.0 (from fastapi<1,>=0.115->ai-novel-studio==0.7.0)
2026-10-09T16:56:01.5412745Z   Downloading opentelemetry_api-1.45.0-py3-none-any.whl.metadata (1.4 kB)
2026-10-09T16:56:01.5581048Z Collecting anyio (from httpx<1,>=0.27->ai-novel-studio==0.7.0)
2026-10-09T16:56:01.5616013Z   Downloading anyio-4.15.1-py3-none-any.whl.metadata (4.7 kB)
2026-10-09T16:56:01.5793048Z Collecting certifi (from httpx<1,>=0.27->ai-novel-studio==0.7.0)
2026-10-09T16:56:01.5828567Z   Downloading certifi-2026.7.22-py3-none-any.whl.metadata (2.5 kB)
2026-10-09T16:56:01.5983359Z Collecting httpcore==1.* (from httpx<1,>=0.27->ai-novel-studio==0.7.0)
2026-10-09T16:56:01.6030331Z   Downloading httpcore-1.0.9-py3-none-any.whl.metadata (21 kB)
2026-10-09T16:56:01.6172776Z Collecting idna (from httpx<1,>=0.27->ai-novel-studio==0.7.0)
2026-10-09T16:56:01.6206610Z   Downloading idna-3.20-py3-none-any.whl.metadata (7.2 kB)
2026-10-09T16:56:01.6327371Z Collecting h11>=0.16 (from httpcore==1.*->httpx<1,>=0.27->ai-novel-studio==0.7.0)
2026-10-09T16:56:01.6360683Z   Downloading h11-0.16.0-py3-none-any.whl.metadata (8.3 kB)
2026-10-09T16:56:01.6496034Z Collecting attrs>=22.2.0 (from jsonschema<5,>=4.18->ai-novel-studio==0.7.0)
2026-10-09T16:56:01.6534903Z   Downloading attrs-26.1.0-py3-none-any.whl.metadata (8.8 kB)
2026-10-09T16:56:01.6659868Z Collecting jsonschema-specifications>=2023.03.6 (from jsonschema<5,>=4.18->ai-novel-studio==0.7.0)
2026-10-09T16:56:01.6696796Z   Downloading jsonschema_specifications-2025.9.1-py3-none-any.whl.metadata (2.9 kB)
2026-10-09T16:56:01.6893982Z Collecting referencing>=0.28.4 (from jsonschema<5,>=4.18->ai-novel-studio==0.7.0)
2026-10-09T16:56:01.6983380Z   Downloading referencing-0.37.0-py3-none-any.whl.metadata (2.8 kB)
2026-10-09T16:56:01.9503657Z Collecting rpds-py>=0.25.0 (from jsonschema<5,>=4.18->ai-novel-studio==0.7.0)
2026-10-09T16:56:01.9543954Z   Downloading rpds_py-2026.9.1-cp312-cp312-manylinux_2_17_x86_64.manylinux2014_x86_64.whl.metadata (4.1 kB)
2026-10-09T16:56:02.1316196Z Collecting psycopg-binary==3.3.6 (from psycopg[binary]<4,>=3.2->ai-novel-studio==0.7.0)
2026-10-09T16:56:02.1371355Z   Downloading psycopg_binary-3.3.6-cp312-cp312-manylinux2014_x86_64.manylinux_2_17_x86_64.whl.metadata (2.7 kB)
2026-10-09T16:56:02.1539425Z Collecting python-dotenv>=0.21.0 (from pydantic-settings<3,>=2.6->ai-novel-studio==0.7.0)
2026-10-09T16:56:02.1582452Z   Downloading python_dotenv-1.2.4-py3-none-any.whl.metadata (29 kB)
2026-10-09T16:56:02.1717968Z Collecting iniconfig>=1 (from pytest<9,>=8->ai-novel-studio==0.7.0)
2026-10-09T16:56:02.1754854Z   Downloading iniconfig-2.3.0-py3-none-any.whl.metadata (2.5 kB)
2026-10-09T16:56:02.1979953Z Collecting packaging>=20 (from pytest<9,>=8->ai-novel-studio==0.7.0)
2026-10-09T16:56:02.2017600Z   Downloading packaging-26.3-py3-none-any.whl.metadata (3.5 kB)
2026-10-09T16:56:02.2137800Z Collecting pluggy<2,>=1.5 (from pytest<9,>=8->ai-novel-studio==0.7.0)
2026-10-09T16:56:02.2178445Z   Downloading pluggy-1.6.0-py3-none-any.whl.metadata (4.8 kB)
2026-10-09T16:56:02.2345138Z Collecting pygments>=2.7.2 (from pytest<9,>=8->ai-novel-studio==0.7.0)
2026-10-09T16:56:02.2382851Z   Downloading pygments-2.21.0-py3-none-any.whl.metadata (2.5 kB)
2026-10-09T16:56:02.3585078Z Collecting charset-normalizer (from reportlab<5,>=4.0->ai-novel-studio==0.7.0)
2026-10-09T16:56:02.3633184Z   Downloading charset_normalizer-3.5.2-cp312-cp312-manylinux2014_x86_64.manylinux_2_17_x86_64.manylinux_2_28_x86_64.whl.metadata (46 kB)
2026-10-09T16:56:02.3831113Z Collecting click>=7.0 (from uvicorn<1,>=0.30->ai-novel-studio==0.7.0)
2026-10-09T16:56:02.3865090Z   Downloading click-8.5.0-py3-none-any.whl.metadata (2.6 kB)
2026-10-09T16:56:02.4030257Z Collecting annotated-types>=0.6.0 (from pydantic>=2.9.0->fastapi<1,>=0.115->ai-novel-studio==0.7.0)
2026-10-09T16:56:02.4077453Z   Downloading annotated_types-0.8.0-py3-none-any.whl.metadata (15 kB)
2026-10-09T16:56:03.0926109Z Collecting pydantic-core==2.46.5 (from pydantic>=2.9.0->fastapi<1,>=0.115->ai-novel-studio==0.7.0)
2026-10-09T16:56:03.0969357Z   Downloading pydantic_core-2.46.5-cp312-cp312-manylinux_2_17_x86_64.manylinux2014_x86_64.whl.metadata (6.6 kB)
2026-10-09T16:56:03.1204578Z Downloading fonttools-4.59.1-cp312-cp312-manylinux1_x86_64.manylinux2014_x86_64.manylinux_2_17_x86_64.manylinux_2_5_x86_64.whl (4.9 MB)
2026-10-09T16:56:03.1574330Z    ━━━━━━━━━━━━━━━━━━━━━━━━━━━━━━━━━━━━━━━━ 4.9/4.9 MB 142.4 MB/s  0:00:00
2026-10-09T16:56:03.1652295Z Downloading opentimelineio-0.18.1-cp312-cp312-manylinux2014_x86_64.manylinux_2_17_x86_64.whl (842 kB)
2026-10-09T16:56:03.1735758Z    ━━━━━━━━━━━━━━━━━━━━━━━━━━━━━━━━━━━━━━━━ 842.8/842.8 kB 95.3 MB/s  0:00:00
2026-10-09T16:56:03.1774204Z Downloading pillow-12.3.0-cp312-cp312-manylinux_2_27_x86_64.manylinux_2_28_x86_64.whl (6.9 MB)
2026-10-09T16:56:03.2153695Z    ━━━━━━━━━━━━━━━━━━━━━━━━━━━━━━━━━━━━━━━━ 6.9/6.9 MB 188.0 MB/s  0:00:00
2026-10-09T16:56:03.2201458Z Downloading pypdf-6.19.0-py3-none-any.whl (395 kB)
2026-10-09T16:56:03.2283825Z Downloading fastapi-0.142.2-py3-none-any.whl (144 kB)
2026-10-09T16:56:03.2365475Z Downloading httpx-0.28.1-py3-none-any.whl (73 kB)
2026-10-09T16:56:03.2419916Z Downloading httpcore-1.0.9-py3-none-any.whl (78 kB)
2026-10-09T16:56:03.2477126Z Downloading jsonschema-4.26.0-py3-none-any.whl (90 kB)
2026-10-09T16:56:03.2536054Z Downloading psycopg-3.3.6-py3-none-any.whl (215 kB)
2026-10-09T16:56:03.2601680Z Downloading psycopg_binary-3.3.6-cp312-cp312-manylinux2014_x86_64.manylinux_2_17_x86_64.whl (5.2 MB)
2026-10-09T16:56:03.2826942Z    ━━━━━━━━━━━━━━━━━━━━━━━━━━━━━━━━━━━━━━━━ 5.2/5.2 MB 255.4 MB/s  0:00:00
2026-10-09T16:56:03.2936142Z Downloading pydantic_settings-2.15.0-py3-none-any.whl (69 kB)
2026-10-09T16:56:03.3011164Z Downloading pytest-8.4.2-py3-none-any.whl (365 kB)
2026-10-09T16:56:03.3075691Z Downloading pluggy-1.6.0-py3-none-any.whl (20 kB)
2026-10-09T16:56:03.3132792Z Downloading reportlab-4.5.1-py3-none-any.whl (2.0 MB)
2026-10-09T16:56:03.3361841Z    ━━━━━━━━━━━━━━━━━━━━━━━━━━━━━━━━━━━━━━━━ 2.0/2.0 MB 107.0 MB/s  0:00:00
2026-10-09T16:56:03.3411711Z Downloading sqlalchemy-2.1.3-cp312-cp312-manylinux2014_x86_64.manylinux_2_17_x86_64.manylinux_2_28_x86_64.whl (4.7 MB)
2026-10-09T16:56:03.3894022Z    ━━━━━━━━━━━━━━━━━━━━━━━━━━━━━━━━━━━━━━━━ 4.7/4.7 MB 105.6 MB/s  0:00:00
2026-10-09T16:56:03.3933621Z Downloading uvicorn-0.54.0-py3-none-any.whl (87 kB)
2026-10-09T16:56:03.3987686Z Downloading annotated_doc-0.0.5-py3-none-any.whl (5.3 kB)
2026-10-09T16:56:03.4039416Z Downloading attrs-26.1.0-py3-none-any.whl (67 kB)
2026-10-09T16:56:03.4102893Z Downloading click-8.5.0-py3-none-any.whl (125 kB)
2026-10-09T16:56:03.4164433Z Downloading h11-0.16.0-py3-none-any.whl (37 kB)
2026-10-09T16:56:03.4244416Z Downloading iniconfig-2.3.0-py3-none-any.whl (7.5 kB)
2026-10-09T16:56:03.4300294Z Downloading jsonschema_specifications-2025.9.1-py3-none-any.whl (18 kB)
2026-10-09T16:56:03.4355956Z Downloading opentelemetry_api-1.45.0-py3-none-any.whl (60 kB)
2026-10-09T16:56:03.4426466Z Downloading packaging-26.3-py3-none-any.whl (129 kB)
2026-10-09T16:56:03.4484920Z Downloading pydantic-2.13.5-py3-none-any.whl (472 kB)
2026-10-09T16:56:03.4553939Z Downloading pydantic_core-2.46.5-cp312-cp312-manylinux_2_17_x86_64.manylinux2014_x86_64.whl (2.1 MB)
2026-10-09T16:56:03.4641249Z    ━━━━━━━━━━━━━━━━━━━━━━━━━━━━━━━━━━━━━━━━ 2.1/2.1 MB 274.0 MB/s  0:00:00
2026-10-09T16:56:03.4678439Z Downloading annotated_types-0.8.0-py3-none-any.whl (13 kB)
2026-10-09T16:56:03.4737819Z Downloading pygments-2.21.0-py3-none-any.whl (1.3 MB)
2026-10-09T16:56:03.4801573Z    ━━━━━━━━━━━━━━━━━━━━━━━━━━━━━━━━━━━━━━━━ 1.3/1.3 MB 232.7 MB/s  0:00:00
2026-10-09T16:56:03.4837426Z Downloading python_dotenv-1.2.4-py3-none-any.whl (23 kB)
2026-10-09T16:56:03.4889024Z Downloading referencing-0.37.0-py3-none-any.whl (26 kB)
2026-10-09T16:56:03.4967393Z Downloading rpds_py-2026.9.1-cp312-cp312-manylinux_2_17_x86_64.manylinux2014_x86_64.whl (371 kB)
2026-10-09T16:56:03.5050020Z Downloading starlette-1.7.0-py3-none-any.whl (78 kB)
2026-10-09T16:56:03.5106327Z Downloading anyio-4.15.1-py3-none-any.whl (132 kB)
2026-10-09T16:56:03.5160371Z Downloading idna-3.20-py3-none-any.whl (69 kB)
2026-10-09T16:56:03.5220685Z Downloading typing_extensions-4.16.0-py3-none-any.whl (45 kB)
2026-10-09T16:56:03.5273103Z Downloading typing_inspection-0.4.4-py3-none-any.whl (14 kB)
2026-10-09T16:56:03.5324855Z Downloading certifi-2026.7.22-py3-none-any.whl (136 kB)
2026-10-09T16:56:03.5383587Z Downloading charset_normalizer-3.5.2-cp312-cp312-manylinux2014_x86_64.manylinux_2_17_x86_64.manylinux_2_28_x86_64.whl (257 kB)
2026-10-09T16:56:03.6697675Z Building wheels for collected packages: ai-novel-studio
2026-10-09T16:56:03.6706539Z   Building editable for ai-novel-studio (pyproject.toml): started
2026-10-09T16:56:04.6501864Z   Building editable for ai-novel-studio (pyproject.toml): finished with status 'done'
2026-10-09T16:56:04.6508592Z   Created wheel for ai-novel-studio: filename=ai_novel_studio-0.7.0-0.editable-py3-none-any.whl size=3191 sha256=03e36cbfc44d6deb45c57962e39c472a35e1df8adb6ffd43f6e08b84e53430f3
2026-10-09T16:56:04.6511021Z   Stored in directory: /home/runner/work/_temp/novel-ci-v2-creative-browser.L66ohQ/tmp/pip-ephem-wheel-cache-74nw6ktx/wheels/5c/d7/b9/e1c9ecf87bd130a1dfc05080616b3fe6e7383701a085b0dd3e
2026-10-09T16:56:04.6526891Z Successfully built ai-novel-studio
2026-10-09T16:56:04.7567149Z Installing collected packages: typing-extensions, rpds-py, python-dotenv, pypdf, pygments, psycopg-binary, pluggy, Pillow, packaging, opentimelineio, iniconfig, idna, h11, fonttools, click, charset-normalizer, certifi, attrs, annotated-types, annotated-doc, uvicorn, typing-inspection, sqlalchemy, reportlab, referencing, pytest, pydantic-core, psycopg, opentelemetry-api, httpcore, anyio, starlette, pydantic, jsonschema-specifications, httpx, pydantic-settings, jsonschema, fastapi, ai-novel-studio
2026-10-09T16:56:11.1102803Z 
2026-10-09T16:56:11.1144143Z Successfully installed Pillow-12.3.0 ai-novel-studio-0.7.0 annotated-doc-0.0.5 annotated-types-0.8.0 anyio-4.15.1 attrs-26.1.0 certifi-2026.7.22 charset-normalizer-3.5.2 click-8.5.0 fastapi-0.142.2 fonttools-4.59.1 h11-0.16.0 httpcore-1.0.9 httpx-0.28.1 idna-3.20 iniconfig-2.3.0 jsonschema-4.26.0 jsonschema-specifications-2025.9.1 opentelemetry-api-1.45.0 opentimelineio-0.18.1 packaging-26.3 pluggy-1.6.0 psycopg-3.3.6 psycopg-binary-3.3.6 pydantic-2.13.5 pydantic-core-2.46.5 pydantic-settings-2.15.0 pygments-2.21.0 pypdf-6.19.0 pytest-8.4.2 python-dotenv-1.2.4 referencing-0.37.0 reportlab-4.5.1 rpds-py-2026.9.1 sqlalchemy-2.1.3 starlette-1.7.0 typing-extensions-4.16.0 typing-inspection-0.4.4 uvicorn-0.54.0
2026-10-09T16:56:11.9663963Z No broken requirements found.
2026-10-09T16:56:13.3197238Z ##[group]Run set -o pipefail
2026-10-09T16:56:13.3197598Z [36;1mset -o pipefail[0m
2026-10-09T16:56:13.3198523Z [36;1mV2_PYTHON=python CI_RECEIPTS="$CI_RECEIPTS/v2-creative-live" pnpm exec playwright test --config playwright.v2-live.config.ts 2>&1 | tee "$CI_RECEIPTS/v2-creative-live.log"[0m
2026-10-09T16:56:13.3264544Z shell: /usr/bin/bash -e {0}
2026-10-09T16:56:13.3264832Z env:
2026-10-09T16:56:13.3265052Z   MOCK_PROVIDER: true
2026-10-09T16:56:13.3265315Z   MOCK_STREAM_DELAY_MS: 0
2026-10-09T16:56:13.3265574Z   ENABLE_CLOUD: false
2026-10-09T16:56:13.3265836Z   CREDENTIAL_VAULT_BACKEND: memory
2026-10-09T16:56:13.3266163Z   CREDENTIAL_VAULT_ALLOW_MEMORY_FALLBACK: true
2026-10-09T16:56:13.3266514Z   PYTHONDONTWRITEBYTECODE: 1
2026-10-09T16:56:13.3266789Z   HF_HUB_OFFLINE: 1
2026-10-09T16:56:13.3267030Z   TRANSFORMERS_OFFLINE: 1
2026-10-09T16:56:13.3267357Z   pythonLocation: /opt/hostedtoolcache/Python/3.12.9/x64
2026-10-09T16:56:13.3267890Z   PKG_CONFIG_PATH: /opt/hostedtoolcache/Python/3.12.9/x64/lib/pkgconfig
2026-10-09T16:56:13.3268372Z   Python_ROOT_DIR: /opt/hostedtoolcache/Python/3.12.9/x64
2026-10-09T16:56:13.3268801Z   Python2_ROOT_DIR: /opt/hostedtoolcache/Python/3.12.9/x64
2026-10-09T16:56:13.3269236Z   Python3_ROOT_DIR: /opt/hostedtoolcache/Python/3.12.9/x64
2026-10-09T16:56:13.3269671Z   LD_LIBRARY_PATH: /opt/hostedtoolcache/Python/3.12.9/x64/lib
2026-10-09T16:56:13.3270104Z   CI_COVERAGE_SHA: c386b0608ae92d18c351b5cb6e367380808a45cf
2026-10-09T16:56:13.3270527Z   CI_COVERAGE_TREE: 2ec6365e1f1f183f029c9f0a94d040d134e22b47
2026-10-09T16:56:13.3271247Z   CI_SANDBOX: /home/runner/work/_temp/novel-ci-v2-creative-browser.L66ohQ
2026-10-09T16:56:13.3271827Z   CI_PROJECT: /home/runner/work/_temp/novel-ci-v2-creative-browser.L66ohQ/project
2026-10-09T16:56:13.3272436Z   CI_RECEIPTS: /home/runner/work/_temp/novel-ci-v2-creative-browser.L66ohQ/receipts
2026-10-09T16:56:13.3273011Z   HOME: /home/runner/work/_temp/novel-ci-v2-creative-browser.L66ohQ/home
2026-10-09T16:56:13.3273563Z   USERPROFILE: /home/runner/work/_temp/novel-ci-v2-creative-browser.L66ohQ/home
2026-10-09T16:56:13.3274139Z   APPDATA: /home/runner/work/_temp/novel-ci-v2-creative-browser.L66ohQ/appdata
2026-10-09T16:56:13.3274750Z   LOCALAPPDATA: /home/runner/work/_temp/novel-ci-v2-creative-browser.L66ohQ/localappdata
2026-10-09T16:56:13.3275390Z   XDG_CONFIG_HOME: /home/runner/work/_temp/novel-ci-v2-creative-browser.L66ohQ/config
2026-10-09T16:56:13.3275996Z   XDG_CACHE_HOME: /home/runner/work/_temp/novel-ci-v2-creative-browser.L66ohQ/cache
2026-10-09T16:56:13.3276581Z   XDG_DATA_HOME: /home/runner/work/_temp/novel-ci-v2-creative-browser.L66ohQ/data
2026-10-09T16:56:13.3277158Z   XDG_STATE_HOME: /home/runner/work/_temp/novel-ci-v2-creative-browser.L66ohQ/state
2026-10-09T16:56:13.3277713Z   TMPDIR: /home/runner/work/_temp/novel-ci-v2-creative-browser.L66ohQ/tmp
2026-10-09T16:56:13.3278228Z   TMP: /home/runner/work/_temp/novel-ci-v2-creative-browser.L66ohQ/tmp
2026-10-09T16:56:13.3278739Z   TEMP: /home/runner/work/_temp/novel-ci-v2-creative-browser.L66ohQ/tmp
2026-10-09T16:56:13.3279299Z   PROJECT_ROOT: /home/runner/work/_temp/novel-ci-v2-creative-browser.L66ohQ/project
2026-10-09T16:56:13.3279918Z   NOVEL_DATA_PATH: /home/runner/work/_temp/novel-ci-v2-creative-browser.L66ohQ/data/novels
2026-10-09T16:56:13.3280572Z   BACKUP_PATH: /home/runner/work/_temp/novel-ci-v2-creative-browser.L66ohQ/data/backups
2026-10-09T16:56:13.3281476Z   DATABASE_BACKUP_PATH: /home/runner/work/_temp/novel-ci-v2-creative-browser.L66ohQ/data/database-backups
2026-10-09T16:56:13.3282163Z   KNOWLEDGE_SOURCE_PATH: /home/runner/work/_temp/novel-ci-v2-creative-browser.L66ohQ/data/novels
2026-10-09T16:56:13.3282635Z ##[endgroup]
2026-10-09T16:56:28.4230354Z 
2026-10-09T16:56:28.4231543Z Running 7 tests using 1 worker
2026-10-09T16:56:28.4232118Z 
2026-10-09T16:56:41.3453002Z   ✓  1 [v2-live-chromium] › tests/e2e/v2-creative-live.spec.ts:111:1 › real File V2 authoring: reviewed direction, ordered storyboard, production history and restore preserve the manuscript (12.0s)
2026-10-09T16:56:45.1643655Z   ✓  2 [v2-live-chromium] › tests/e2e/v2-creative-live.spec.ts:206:1 › real File V2 cancel and navigation retain dirty drafts without duplicating accepted or cancelled proposals (3.8s)
2026-10-09T16:56:48.2905709Z   ✓  3 [v2-live-chromium] › tests/e2e/v2-creative-live.spec.ts:236:1 › real File V2 scope and stale-write fencing keeps the browser draft and rejects foreign sources (3.1s)
2026-10-09T16:56:49.2901336Z   ✓  4 [v2-live-chromium] › tests/e2e/v2-creative-live.spec.ts:282:1 › real HTTP File V2 lifecycle persists reviewed direction, order, history and restored content with unchanged manuscript (991ms)
2026-10-09T16:56:49.7114400Z   ✓  5 [v2-live-chromium] › tests/e2e/v2-creative-live.spec.ts:346:1 › real HTTP File V2 scope, cancel and stale source fences remain authoritative (412ms)
2026-10-09T16:56:55.4371801Z   ✓  6 [v1-chromium] › tests/e2e/v2-creative-live.spec.ts:267:1 › V1 default-off backend and browser never expose the V2 workbench or accept creative writes (5.0s)
2026-10-09T16:56:55.5354640Z   ✓  7 [v1-chromium] › tests/e2e/v2-creative-live.spec.ts:379:1 › real HTTP default-off gate advertises disabled capabilities and rejects creative reads and writes (89ms)
2026-10-09T16:56:55.5911563Z 
2026-10-09T16:56:55.5941932Z   7 passed (41.1s)
2026-10-09T16:56:55.6411811Z ##[group]Run set -o pipefail
2026-10-09T16:56:55.6412177Z [36;1mset -o pipefail[0m
2026-10-09T16:56:55.6412931Z [36;1mpnpm exec playwright test --config playwright.creative.config.ts --update-snapshots=none --reporter=list,junit 2>&1 | tee "$CI_RECEIPTS/v2-creative-workbench.log"[0m
2026-10-09T16:56:55.6478186Z shell: /usr/bin/bash -e {0}
2026-10-09T16:56:55.6478692Z env:
2026-10-09T16:56:55.6479070Z   MOCK_PROVIDER: true
2026-10-09T16:56:55.6479464Z   MOCK_STREAM_DELAY_MS: 0
2026-10-09T16:56:55.6479823Z   ENABLE_CLOUD: false
2026-10-09T16:56:55.6480182Z   CREDENTIAL_VAULT_BACKEND: memory
2026-10-09T16:56:55.6480668Z   CREDENTIAL_VAULT_ALLOW_MEMORY_FALLBACK: true
2026-10-09T16:56:55.6481431Z   PYTHONDONTWRITEBYTECODE: 1
2026-10-09T16:56:55.6481810Z   HF_HUB_OFFLINE: 1
2026-10-09T16:56:55.6482140Z   TRANSFORMERS_OFFLINE: 1
2026-10-09T16:56:55.6482604Z   pythonLocation: /opt/hostedtoolcache/Python/3.12.9/x64
2026-10-09T16:56:55.6483381Z   PKG_CONFIG_PATH: /opt/hostedtoolcache/Python/3.12.9/x64/lib/pkgconfig
2026-10-09T16:56:55.6484053Z   Python_ROOT_DIR: /opt/hostedtoolcache/Python/3.12.9/x64
2026-10-09T16:56:55.6484456Z   Python2_ROOT_DIR: /opt/hostedtoolcache/Python/3.12.9/x64
2026-10-09T16:56:55.6484862Z   Python3_ROOT_DIR: /opt/hostedtoolcache/Python/3.12.9/x64
2026-10-09T16:56:55.6485269Z   LD_LIBRARY_PATH: /opt/hostedtoolcache/Python/3.12.9/x64/lib
2026-10-09T16:56:55.6485677Z   CI_COVERAGE_SHA: c386b0608ae92d18c351b5cb6e367380808a45cf
2026-10-09T16:56:55.6486078Z   CI_COVERAGE_TREE: 2ec6365e1f1f183f029c9f0a94d040d134e22b47
2026-10-09T16:56:55.6486539Z   CI_SANDBOX: /home/runner/work/_temp/novel-ci-v2-creative-browser.L66ohQ
2026-10-09T16:56:55.6487111Z   CI_PROJECT: /home/runner/work/_temp/novel-ci-v2-creative-browser.L66ohQ/project
2026-10-09T16:56:55.6487715Z   CI_RECEIPTS: /home/runner/work/_temp/novel-ci-v2-creative-browser.L66ohQ/receipts
2026-10-09T16:56:55.6488278Z   HOME: /home/runner/work/_temp/novel-ci-v2-creative-browser.L66ohQ/home
2026-10-09T16:56:55.6488829Z   USERPROFILE: /home/runner/work/_temp/novel-ci-v2-creative-browser.L66ohQ/home
2026-10-09T16:56:55.6489361Z   APPDATA: /home/runner/work/_temp/novel-ci-v2-creative-browser.L66ohQ/appdata
2026-10-09T16:56:55.6489927Z   LOCALAPPDATA: /home/runner/work/_temp/novel-ci-v2-creative-browser.L66ohQ/localappdata
2026-10-09T16:56:55.6490511Z   XDG_CONFIG_HOME: /home/runner/work/_temp/novel-ci-v2-creative-browser.L66ohQ/config
2026-10-09T16:56:55.6491414Z   XDG_CACHE_HOME: /home/runner/work/_temp/novel-ci-v2-creative-browser.L66ohQ/cache
2026-10-09T16:56:55.6491956Z   XDG_DATA_HOME: /home/runner/work/_temp/novel-ci-v2-creative-browser.L66ohQ/data
2026-10-09T16:56:55.6492726Z   XDG_STATE_HOME: /home/runner/work/_temp/novel-ci-v2-creative-browser.L66ohQ/state
2026-10-09T16:56:55.6493247Z   TMPDIR: /home/runner/work/_temp/novel-ci-v2-creative-browser.L66ohQ/tmp
2026-10-09T16:56:55.6493744Z   TMP: /home/runner/work/_temp/novel-ci-v2-creative-browser.L66ohQ/tmp
2026-10-09T16:56:55.6494222Z   TEMP: /home/runner/work/_temp/novel-ci-v2-creative-browser.L66ohQ/tmp
2026-10-09T16:56:55.6494732Z   PROJECT_ROOT: /home/runner/work/_temp/novel-ci-v2-creative-browser.L66ohQ/project
2026-10-09T16:56:55.6495307Z   NOVEL_DATA_PATH: /home/runner/work/_temp/novel-ci-v2-creative-browser.L66ohQ/data/novels
2026-10-09T16:56:55.6495894Z   BACKUP_PATH: /home/runner/work/_temp/novel-ci-v2-creative-browser.L66ohQ/data/backups
2026-10-09T16:56:55.6496544Z   DATABASE_BACKUP_PATH: /home/runner/work/_temp/novel-ci-v2-creative-browser.L66ohQ/data/database-backups
2026-10-09T16:56:55.6497227Z   KNOWLEDGE_SOURCE_PATH: /home/runner/work/_temp/novel-ci-v2-creative-browser.L66ohQ/data/novels
2026-10-09T16:56:55.6498134Z   PLAYWRIGHT_JUNIT_OUTPUT_FILE: /home/runner/work/_temp/novel-ci-v2-creative-browser.L66ohQ/receipts/v2-creative-workbench.xml
2026-10-09T16:56:55.6498800Z ##[endgroup]
2026-10-09T16:56:57.3125749Z 
2026-10-09T16:56:57.3126850Z Running 8 tests using 1 worker
2026-10-09T16:56:57.3127496Z 
2026-10-09T16:57:01.5870414Z   ✓  1 [chromium] › tests/visual/creative-workbench.spec.ts:49:1 › V2 remains off with no creative API requests (3.5s)
2026-10-09T16:57:03.6017680Z   ✓  2 [chromium] › tests/visual/creative-workbench.spec.ts:51:1 › keyboard stages and cancelled exit preserve unsaved creative content (2.0s)
2026-10-09T16:57:05.4124297Z   ✓  3 [chromium] › tests/visual/creative-workbench.spec.ts:53:117 › V2 shared-shell geometry 1366x768 (1.8s)
2026-10-09T16:57:07.9934464Z   ✓  4 [chromium] › tests/visual/creative-workbench.spec.ts:53:117 › V2 shared-shell geometry 1440x900 (2.6s)
2026-10-09T16:57:10.4812099Z   ✓  5 [chromium] › tests/visual/creative-workbench.spec.ts:53:117 › V2 shared-shell geometry 1920x1080 (2.5s)
2026-10-09T16:57:12.4447924Z   ✓  6 [chromium] › tests/visual/creative-workbench.spec.ts:55:117 › V2 timeline header shields scrolled reorder controls 1366x768 (2.0s)
2026-10-09T16:57:14.4122580Z   ✓  7 [chromium] › tests/visual/creative-workbench.spec.ts:55:117 › V2 timeline header shields scrolled reorder controls 1440x900 (2.0s)
2026-10-09T16:57:16.3891381Z   ✓  8 [chromium] › tests/visual/creative-workbench.spec.ts:55:117 › V2 timeline header shields scrolled reorder controls 1920x1080 (2.0s)
2026-10-09T16:57:16.4851295Z 
2026-10-09T16:57:16.4855597Z   8 passed (19.7s)
2026-10-09T16:57:16.5117406Z ##[group]Run if [ -f "$CI_RECEIPTS/v2-creative-live/junit.xml" ]; then
2026-10-09T16:57:16.5117940Z [36;1mif [ -f "$CI_RECEIPTS/v2-creative-live/junit.xml" ]; then[0m
2026-10-09T16:57:16.5118463Z [36;1m  cp "$CI_RECEIPTS/v2-creative-live/junit.xml" "$CI_RECEIPTS/v2-creative-live.xml"[0m
2026-10-09T16:57:16.5118902Z [36;1mfi[0m
2026-10-09T16:57:16.5119174Z [36;1mpython3 .github/ci/receipt.py "$CI_RECEIPTS"[0m
2026-10-09T16:57:16.5182765Z shell: /usr/bin/bash -e {0}
2026-10-09T16:57:16.5183024Z env:
2026-10-09T16:57:16.5183224Z   MOCK_PROVIDER: true
2026-10-09T16:57:16.5183461Z   MOCK_STREAM_DELAY_MS: 0
2026-10-09T16:57:16.5183700Z   ENABLE_CLOUD: false
2026-10-09T16:57:16.5183936Z   CREDENTIAL_VAULT_BACKEND: memory
2026-10-09T16:57:16.5184237Z   CREDENTIAL_VAULT_ALLOW_MEMORY_FALLBACK: true
2026-10-09T16:57:16.5184559Z   PYTHONDONTWRITEBYTECODE: 1
2026-10-09T16:57:16.5184813Z   HF_HUB_OFFLINE: 1
2026-10-09T16:57:16.5185032Z   TRANSFORMERS_OFFLINE: 1
2026-10-09T16:57:16.5185373Z   pythonLocation: /opt/hostedtoolcache/Python/3.12.9/x64
2026-10-09T16:57:16.5185823Z   PKG_CONFIG_PATH: /opt/hostedtoolcache/Python/3.12.9/x64/lib/pkgconfig
2026-10-09T16:57:16.5186271Z   Python_ROOT_DIR: /opt/hostedtoolcache/Python/3.12.9/x64
2026-10-09T16:57:16.5186674Z   Python2_ROOT_DIR: /opt/hostedtoolcache/Python/3.12.9/x64
2026-10-09T16:57:16.5187073Z   Python3_ROOT_DIR: /opt/hostedtoolcache/Python/3.12.9/x64
2026-10-09T16:57:16.5187675Z   LD_LIBRARY_PATH: /opt/hostedtoolcache/Python/3.12.9/x64/lib
2026-10-09T16:57:16.5188083Z   CI_COVERAGE_SHA: c386b0608ae92d18c351b5cb6e367380808a45cf
2026-10-09T16:57:16.5188481Z   CI_COVERAGE_TREE: 2ec6365e1f1f183f029c9f0a94d040d134e22b47
2026-10-09T16:57:16.5188938Z   CI_SANDBOX: /home/runner/work/_temp/novel-ci-v2-creative-browser.L66ohQ
2026-10-09T16:57:16.5189502Z   CI_PROJECT: /home/runner/work/_temp/novel-ci-v2-creative-browser.L66ohQ/project
2026-10-09T16:57:16.5190093Z   CI_RECEIPTS: /home/runner/work/_temp/novel-ci-v2-creative-browser.L66ohQ/receipts
2026-10-09T16:57:16.5190648Z   HOME: /home/runner/work/_temp/novel-ci-v2-creative-browser.L66ohQ/home
2026-10-09T16:57:16.5191426Z   USERPROFILE: /home/runner/work/_temp/novel-ci-v2-creative-browser.L66ohQ/home
2026-10-09T16:57:16.5192006Z   APPDATA: /home/runner/work/_temp/novel-ci-v2-creative-browser.L66ohQ/appdata
2026-10-09T16:57:16.5192589Z   LOCALAPPDATA: /home/runner/work/_temp/novel-ci-v2-creative-browser.L66ohQ/localappdata
2026-10-09T16:57:16.5193172Z   XDG_CONFIG_HOME: /home/runner/work/_temp/novel-ci-v2-creative-browser.L66ohQ/config
2026-10-09T16:57:16.5193720Z   XDG_CACHE_HOME: /home/runner/work/_temp/novel-ci-v2-creative-browser.L66ohQ/cache
2026-10-09T16:57:16.5194252Z   XDG_DATA_HOME: /home/runner/work/_temp/novel-ci-v2-creative-browser.L66ohQ/data
2026-10-09T16:57:16.5194774Z   XDG_STATE_HOME: /home/runner/work/_temp/novel-ci-v2-creative-browser.L66ohQ/state
2026-10-09T16:57:16.5195288Z   TMPDIR: /home/runner/work/_temp/novel-ci-v2-creative-browser.L66ohQ/tmp
2026-10-09T16:57:16.5195764Z   TMP: /home/runner/work/_temp/novel-ci-v2-creative-browser.L66ohQ/tmp
2026-10-09T16:57:16.5196223Z   TEMP: /home/runner/work/_temp/novel-ci-v2-creative-browser.L66ohQ/tmp
2026-10-09T16:57:16.5196728Z   PROJECT_ROOT: /home/runner/work/_temp/novel-ci-v2-creative-browser.L66ohQ/project
2026-10-09T16:57:16.5197288Z   NOVEL_DATA_PATH: /home/runner/work/_temp/novel-ci-v2-creative-browser.L66ohQ/data/novels
2026-10-09T16:57:16.5197880Z   BACKUP_PATH: /home/runner/work/_temp/novel-ci-v2-creative-browser.L66ohQ/data/backups
2026-10-09T16:57:16.5198530Z   DATABASE_BACKUP_PATH: /home/runner/work/_temp/novel-ci-v2-creative-browser.L66ohQ/data/database-backups
2026-10-09T16:57:16.5199220Z   KNOWLEDGE_SOURCE_PATH: /home/runner/work/_temp/novel-ci-v2-creative-browser.L66ohQ/data/novels
2026-10-09T16:57:16.5199675Z ##[endgroup]
2026-10-09T16:57:16.6773538Z {
2026-10-09T16:57:16.6777305Z   "revision": "checked_out_sha=c386b0608ae92d18c351b5cb6e367380808a45cf\nevent_sha=c386b0608ae92d18c351b5cb6e367380808a45cf\nrun_url=https://github.com/1785235376-blip/AI-Novel-Studio/actions/runs/37962531356\njob=v2-creative-browser\nplatform=Linux; native Windows host/AppContainer/installer=NOT RUN\n",
2026-10-09T16:57:16.6779149Z   "test_reports": {
2026-10-09T16:57:16.6779478Z     "v2-creative-live.xml": {
2026-10-09T16:57:16.6779812Z       "tests": 7,
2026-10-09T16:57:16.6780083Z       "failures": 0,
2026-10-09T16:57:16.6780382Z       "errors": 0,
2026-10-09T16:57:16.6780644Z       "skipped": 0
2026-10-09T16:57:16.6781302Z     },
2026-10-09T16:57:16.6781641Z     "v2-creative-workbench.xml": {
2026-10-09T16:57:16.6782006Z       "tests": 8,
2026-10-09T16:57:16.6782279Z       "failures": 0,
2026-10-09T16:57:16.6782563Z       "errors": 0,
2026-10-09T16:57:16.6782829Z       "skipped": 0
2026-10-09T16:57:16.6783086Z     }
2026-10-09T16:57:16.6783316Z   },
2026-10-09T16:57:16.6783604Z   "report_status": "RECORDED",
2026-10-09T16:57:16.6784080Z   "native_windows_host_appcontainer_installer": "NOT RUN",
2026-10-09T16:57:16.6784660Z   "real_model_and_paid_provider_execution": "NOT RUN"
2026-10-09T16:57:16.6785061Z }
2026-10-09T16:57:16.6785170Z 
2026-10-09T16:57:16.6895551Z ##[group]Run actions/upload-artifact@v4.6.2
2026-10-09T16:57:16.6895955Z with:
2026-10-09T16:57:16.6896339Z   name: v2-creative-browser-c386b0608ae92d18c351b5cb6e367380808a45cf-attempt-1
2026-10-09T16:57:16.6897314Z   path: /home/runner/work/_temp/novel-ci-v2-creative-browser.L66ohQ/receipts
/home/runner/work/_temp/novel-ci-v2-creative-browser.L66ohQ/project/frontend/test-results/creative-workbench

2026-10-09T16:57:16.6898373Z   if-no-files-found: error
2026-10-09T16:57:16.6898614Z   retention-days: 14
2026-10-09T16:57:16.6898832Z   compression-level: 6
2026-10-09T16:57:16.6899049Z   overwrite: false
2026-10-09T16:57:16.6899266Z   include-hidden-files: false
2026-10-09T16:57:16.6899500Z env:
2026-10-09T16:57:16.6899693Z   MOCK_PROVIDER: true
2026-10-09T16:57:16.6899908Z   MOCK_STREAM_DELAY_MS: 0
2026-10-09T16:57:16.6900131Z   ENABLE_CLOUD: false
2026-10-09T16:57:16.6900350Z   CREDENTIAL_VAULT_BACKEND: memory
2026-10-09T16:57:16.6900671Z   CREDENTIAL_VAULT_ALLOW_MEMORY_FALLBACK: true
2026-10-09T16:57:16.6901246Z   PYTHONDONTWRITEBYTECODE: 1
2026-10-09T16:57:16.6901509Z   HF_HUB_OFFLINE: 1
2026-10-09T16:57:16.6901719Z   TRANSFORMERS_OFFLINE: 1
2026-10-09T16:57:16.6902010Z   pythonLocation: /opt/hostedtoolcache/Python/3.12.9/x64
2026-10-09T16:57:16.6902440Z   PKG_CONFIG_PATH: /opt/hostedtoolcache/Python/3.12.9/x64/lib/pkgconfig
2026-10-09T16:57:16.6902874Z   Python_ROOT_DIR: /opt/hostedtoolcache/Python/3.12.9/x64
2026-10-09T16:57:16.6903254Z   Python2_ROOT_DIR: /opt/hostedtoolcache/Python/3.12.9/x64
2026-10-09T16:57:16.6903637Z   Python3_ROOT_DIR: /opt/hostedtoolcache/Python/3.12.9/x64
2026-10-09T16:57:16.6904023Z   LD_LIBRARY_PATH: /opt/hostedtoolcache/Python/3.12.9/x64/lib
2026-10-09T16:57:16.6904416Z   CI_COVERAGE_SHA: c386b0608ae92d18c351b5cb6e367380808a45cf
2026-10-09T16:57:16.6904796Z   CI_COVERAGE_TREE: 2ec6365e1f1f183f029c9f0a94d040d134e22b47
2026-10-09T16:57:16.6905228Z   CI_SANDBOX: /home/runner/work/_temp/novel-ci-v2-creative-browser.L66ohQ
2026-10-09T16:57:16.6905756Z   CI_PROJECT: /home/runner/work/_temp/novel-ci-v2-creative-browser.L66ohQ/project
2026-10-09T16:57:16.6906308Z   CI_RECEIPTS: /home/runner/work/_temp/novel-ci-v2-creative-browser.L66ohQ/receipts
2026-10-09T16:57:16.6906829Z   HOME: /home/runner/work/_temp/novel-ci-v2-creative-browser.L66ohQ/home
2026-10-09T16:57:16.6907336Z   USERPROFILE: /home/runner/work/_temp/novel-ci-v2-creative-browser.L66ohQ/home
2026-10-09T16:57:16.6907864Z   APPDATA: /home/runner/work/_temp/novel-ci-v2-creative-browser.L66ohQ/appdata
2026-10-09T16:57:16.6908423Z   LOCALAPPDATA: /home/runner/work/_temp/novel-ci-v2-creative-browser.L66ohQ/localappdata
2026-10-09T16:57:16.6909007Z   XDG_CONFIG_HOME: /home/runner/work/_temp/novel-ci-v2-creative-browser.L66ohQ/config
2026-10-09T16:57:16.6909559Z   XDG_CACHE_HOME: /home/runner/work/_temp/novel-ci-v2-creative-browser.L66ohQ/cache
2026-10-09T16:57:16.6910095Z   XDG_DATA_HOME: /home/runner/work/_temp/novel-ci-v2-creative-browser.L66ohQ/data
2026-10-09T16:57:16.6910631Z   XDG_STATE_HOME: /home/runner/work/_temp/novel-ci-v2-creative-browser.L66ohQ/state
2026-10-09T16:57:16.6911368Z   TMPDIR: /home/runner/work/_temp/novel-ci-v2-creative-browser.L66ohQ/tmp
2026-10-09T16:57:16.6911853Z   TMP: /home/runner/work/_temp/novel-ci-v2-creative-browser.L66ohQ/tmp
2026-10-09T16:57:16.6912314Z   TEMP: /home/runner/work/_temp/novel-ci-v2-creative-browser.L66ohQ/tmp
2026-10-09T16:57:16.6912824Z   PROJECT_ROOT: /home/runner/work/_temp/novel-ci-v2-creative-browser.L66ohQ/project
2026-10-09T16:57:16.6913423Z   NOVEL_DATA_PATH: /home/runner/work/_temp/novel-ci-v2-creative-browser.L66ohQ/data/novels
2026-10-09T16:57:16.6914012Z   BACKUP_PATH: /home/runner/work/_temp/novel-ci-v2-creative-browser.L66ohQ/data/backups
2026-10-09T16:57:16.6914682Z   DATABASE_BACKUP_PATH: /home/runner/work/_temp/novel-ci-v2-creative-browser.L66ohQ/data/database-backups
2026-10-09T16:57:16.6915368Z   KNOWLEDGE_SOURCE_PATH: /home/runner/work/_temp/novel-ci-v2-creative-browser.L66ohQ/data/novels
2026-10-09T16:57:16.6915821Z ##[endgroup]
2026-10-09T16:57:16.8661352Z (node:3757) [DEP0040] DeprecationWarning: The `punycode` module is deprecated. Please use a userland alternative instead.
2026-10-09T16:57:16.8663113Z (Use `node --trace-deprecation ...` to show where the warning was created)
2026-10-09T16:57:16.8893768Z Multiple search paths detected. Calculating the least common ancestor of all paths
2026-10-09T16:57:16.8896979Z The least common ancestor is /home/runner/work/_temp/novel-ci-v2-creative-browser.L66ohQ. This will be the root directory of the artifact
2026-10-09T16:57:16.8898755Z With the provided path, there will be 38 files uploaded
2026-10-09T16:57:16.8900152Z Artifact name is valid!
2026-10-09T16:57:16.8901052Z Root directory input is valid!
2026-10-09T16:57:17.0914235Z Beginning upload of artifact content to blob storage
2026-10-09T16:57:17.2913554Z (node:3757) [DEP0169] DeprecationWarning: `url.parse()` behavior is not standardized and prone to errors that have security implications. Use the WHATWG URL API instead. CVEs are not issued for `url.parse()` vulnerabilities.
2026-10-09T16:57:17.4330646Z Uploaded bytes 4203120
2026-10-09T16:57:17.4492941Z Finished uploading artifact content to blob storage!
2026-10-09T16:57:17.4494403Z SHA256 digest of uploaded artifact zip is d4701898e8013ccc2c9c892fc967824dcd6f420f528b090c8b34e621e7d33f1a
2026-10-09T16:57:17.4496231Z Finalizing artifact upload
2026-10-09T16:57:17.6489313Z Artifact v2-creative-browser-c386b0608ae92d18c351b5cb6e367380808a45cf-attempt-1.zip successfully finalized. Artifact ID 11632356383
2026-10-09T16:57:17.6493344Z Artifact v2-creative-browser-c386b0608ae92d18c351b5cb6e367380808a45cf-attempt-1 has been successfully uploaded! Final size is 4203120 bytes. Artifact ID is 11632356383
2026-10-09T16:57:17.6498643Z Artifact download URL: https://github.com/1785235376-blip/AI-Novel-Studio/actions/runs/37962531356/artifacts/11632356383
2026-10-09T16:57:17.6736953Z Post job cleanup.
2026-10-09T16:57:17.7981308Z (node:3770) [DEP0040] DeprecationWarning: The `punycode` module is deprecated. Please use a userland alternative instead.
2026-10-09T16:57:17.7982890Z (Use `node --trace-deprecation ...` to show where the warning was created)
2026-10-09T16:57:17.8155494Z Post job cleanup.
2026-10-09T16:57:17.9578106Z (node:3778) [DEP0040] DeprecationWarning: The `punycode` module is deprecated. Please use a userland alternative instead.
2026-10-09T16:57:17.9579584Z (Use `node --trace-deprecation ...` to show where the warning was created)
2026-10-09T16:57:17.9752940Z Post job cleanup.
2026-10-09T16:57:18.0665679Z [command]/usr/bin/git version
2026-10-09T16:57:18.0715087Z git version 2.55.0
2026-10-09T16:57:18.0772628Z Temporarily overriding HOME='/home/runner/work/_temp/947b7486-9bfb-48da-a1ca-8c45d69a29cf' before making global git config changes
2026-10-09T16:57:18.0774633Z Adding repository directory to the temporary git global config as a safe directory
2026-10-09T16:57:18.0785853Z [command]/usr/bin/git config --global --add safe.directory /home/runner/work/AI-Novel-Studio/AI-Novel-Studio
2026-10-09T16:57:18.0839940Z [command]/usr/bin/git config --local --name-only --get-regexp core\.sshCommand
2026-10-09T16:57:18.0890191Z [command]/usr/bin/git submodule foreach --recursive sh -c "git config --local --name-only --get-regexp 'core\.sshCommand' && git config --local --unset-all 'core.sshCommand' || :"
2026-10-09T16:57:18.1235820Z [command]/usr/bin/git config --local --name-only --get-regexp http\.https\:\/\/github\.com\/\.extraheader
2026-10-09T16:57:18.1300979Z [command]/usr/bin/git submodule foreach --recursive sh -c "git config --local --name-only --get-regexp 'http\.https\:\/\/github\.com\/\.extraheader' && git config --local --unset-all 'http.https://github.com/.extraheader' || :"
2026-10-09T16:57:18.1794795Z Cleaning up orphan processes
2026-10-09T16:57:18.2291399Z ##[warning]Node.js 20 is deprecated. The following actions target Node.js 20 but are being forced to run on Node.js 24: actions/checkout@v4.2.2, actions/setup-node@v4.4.0, actions/setup-python@v5.6.0, actions/upload-artifact@v4.6.2. For more information see: https://github.blog/changelog/2025-09-19-deprecation-of-node-20-on-github-actions-runners/
