2026-10-09T16:56:42.4038667Z Current runner version: '2.337.0'
2026-10-09T16:56:42.4075445Z ##[group]Runner Image Provisioner
2026-10-09T16:56:42.4076955Z Hosted Compute Agent
2026-10-09T16:56:42.4078324Z Version: 20261002.596
2026-10-09T16:56:42.4079752Z Commit: c3d12f3313a95f25162a1503be624f3b0617f8c0
2026-10-09T16:56:42.4081097Z Build Date: 2026-10-02T22:28:27Z
2026-10-09T16:56:42.4082218Z Worker ID: {a419b41d-0b56-4695-b8dc-989956dbc165}
2026-10-09T16:56:42.4083553Z Region: eastus2
2026-10-09T16:56:42.4084758Z Cloud: Azure
2026-10-09T16:56:42.4085744Z ##[endgroup]
2026-10-09T16:56:42.4088460Z ##[group]Operating System
2026-10-09T16:56:42.4089623Z Ubuntu
2026-10-09T16:56:42.4090518Z 24.04.5
2026-10-09T16:56:42.4091343Z LTS
2026-10-09T16:56:42.4092401Z ##[endgroup]
2026-10-09T16:56:42.4093433Z ##[group]Runner Image
2026-10-09T16:56:42.4094414Z Image: ubuntu-24.04
2026-10-09T16:56:42.4095435Z Version: 20261004.327.1
2026-10-09T16:56:42.4097900Z Included Software: https://github.com/actions/runner-images/blob/ubuntu24/20261004.327/images/ubuntu/Ubuntu2404-Readme.md
2026-10-09T16:56:42.4100760Z Image Release: https://github.com/actions/runner-images/releases/tag/ubuntu24%2F20261004.327
2026-10-09T16:56:42.4102458Z ##[endgroup]
2026-10-09T16:56:42.4104344Z ##[group]GITHUB_TOKEN Permissions
2026-10-09T16:56:42.4107292Z Contents: read
2026-10-09T16:56:42.4108583Z Metadata: read
2026-10-09T16:56:42.4109581Z ##[endgroup]
2026-10-09T16:56:42.4112541Z Secret source: Actions
2026-10-09T16:56:42.4114040Z Cache mode: write
2026-10-09T16:56:42.4115750Z Prepare workflow directory
2026-10-09T16:56:42.4900590Z The service 'postgres' will not be started because the container definition has an empty image.
2026-10-09T16:56:42.4944958Z Prepare all required actions
2026-10-09T16:56:42.5019143Z Getting action download info
2026-10-09T16:56:42.6986861Z Download action repository 'actions/checkout@v4.2.2' (SHA:11bd71901bbe5b1630ceea73d27597364c9af683)
2026-10-09T16:56:42.8059457Z Download action repository 'actions/setup-python@v5.6.0' (SHA:a26af69be951a213d495a4c3e4e4022e16d87065)
2026-10-09T16:56:42.8935462Z Download action repository 'actions/upload-artifact@v4.6.2' (SHA:ea165f8d65b6e75b540449e92b4886f43607fa02)
2026-10-09T16:56:43.0867110Z Complete job name: Protocol and local transport / file
2026-10-09T16:56:43.1635115Z ##[group]Run actions/checkout@v4.2.2
2026-10-09T16:56:43.1636080Z with:
2026-10-09T16:56:43.1636546Z   persist-credentials: false
2026-10-09T16:56:43.1637100Z   repository: 1785235376-blip/AI-Novel-Studio
2026-10-09T16:56:43.1641429Z   token: ***
2026-10-09T16:56:43.1641852Z   ssh-strict: true
2026-10-09T16:56:43.1642285Z   ssh-user: git
2026-10-09T16:56:43.1642703Z   clean: true
2026-10-09T16:56:43.1643150Z   sparse-checkout-cone-mode: true
2026-10-09T16:56:43.1643677Z   fetch-depth: 1
2026-10-09T16:56:43.1644106Z   fetch-tags: false
2026-10-09T16:56:43.1644563Z   show-progress: true
2026-10-09T16:56:43.1645009Z   lfs: false
2026-10-09T16:56:43.1645420Z   submodules: false
2026-10-09T16:56:43.1645861Z   set-safe-directory: true
2026-10-09T16:56:43.1647128Z env:
2026-10-09T16:56:43.1647837Z   MOCK_PROVIDER: true
2026-10-09T16:56:43.1648307Z   ENABLE_CLOUD: false
2026-10-09T16:56:43.1648786Z   CREDENTIAL_VAULT_BACKEND: memory
2026-10-09T16:56:43.1649412Z   CREDENTIAL_VAULT_ALLOW_MEMORY_FALLBACK: true
2026-10-09T16:56:43.1649988Z   HF_HUB_OFFLINE: 1
2026-10-09T16:56:43.1650431Z   TRANSFORMERS_OFFLINE: 1
2026-10-09T16:56:43.1650911Z ##[endgroup]
2026-10-09T16:56:43.2689565Z Syncing repository: 1785235376-blip/AI-Novel-Studio
2026-10-09T16:56:43.2691659Z ##[group]Getting Git version info
2026-10-09T16:56:43.2693080Z Working directory is '/home/runner/work/AI-Novel-Studio/AI-Novel-Studio'
2026-10-09T16:56:43.2694943Z [command]/usr/bin/git version
2026-10-09T16:56:43.2771238Z git version 2.55.0
2026-10-09T16:56:43.2803575Z ##[endgroup]
2026-10-09T16:56:43.2817246Z Temporarily overriding HOME='/home/runner/work/_temp/3b48f702-6fbd-4e99-9763-da677196325b' before making global git config changes
2026-10-09T16:56:43.2820025Z Adding repository directory to the temporary git global config as a safe directory
2026-10-09T16:56:43.2824516Z [command]/usr/bin/git config --global --add safe.directory /home/runner/work/AI-Novel-Studio/AI-Novel-Studio
2026-10-09T16:56:43.2880724Z Deleting the contents of '/home/runner/work/AI-Novel-Studio/AI-Novel-Studio'
2026-10-09T16:56:43.2886257Z ##[group]Initializing the repository
2026-10-09T16:56:43.2891275Z [command]/usr/bin/git init /home/runner/work/AI-Novel-Studio/AI-Novel-Studio
2026-10-09T16:56:43.2996127Z hint: Using 'master' as the name for the initial branch. This default branch name
2026-10-09T16:56:43.2997603Z hint: will change to "main" in Git 3.0. To configure the initial branch name
2026-10-09T16:56:43.2998735Z hint: to use in all of your new repositories, which will suppress this warning,
2026-10-09T16:56:43.2999603Z hint: call:
2026-10-09T16:56:43.3000379Z hint:
2026-10-09T16:56:43.3001365Z hint: 	git config --global init.defaultBranch <name>
2026-10-09T16:56:43.3002588Z hint:
2026-10-09T16:56:43.3003746Z hint: Names commonly chosen instead of 'master' are 'main', 'trunk' and
2026-10-09T16:56:43.3005721Z hint: 'development'. The just-created branch can be renamed via this command:
2026-10-09T16:56:43.3007136Z hint:
2026-10-09T16:56:43.3008195Z hint: 	git branch -m <name>
2026-10-09T16:56:43.3009070Z hint:
2026-10-09T16:56:43.3010189Z hint: Disable this message with "git config set advice.defaultBranchName false"
2026-10-09T16:56:43.3012094Z Initialized empty Git repository in /home/runner/work/AI-Novel-Studio/AI-Novel-Studio/.git/
2026-10-09T16:56:43.3026275Z [command]/usr/bin/git remote add origin https://github.com/1785235376-blip/AI-Novel-Studio
2026-10-09T16:56:43.3070223Z ##[endgroup]
2026-10-09T16:56:43.3071420Z ##[group]Disabling automatic garbage collection
2026-10-09T16:56:43.3074982Z [command]/usr/bin/git config --local gc.auto 0
2026-10-09T16:56:43.3118902Z ##[endgroup]
2026-10-09T16:56:43.3119634Z ##[group]Setting up auth
2026-10-09T16:56:43.3120397Z [command]/usr/bin/git config --local --name-only --get-regexp core\.sshCommand
2026-10-09T16:56:43.3159408Z [command]/usr/bin/git submodule foreach --recursive sh -c "git config --local --name-only --get-regexp 'core\.sshCommand' && git config --local --unset-all 'core.sshCommand' || :"
2026-10-09T16:56:43.3558068Z [command]/usr/bin/git config --local --name-only --get-regexp http\.https\:\/\/github\.com\/\.extraheader
2026-10-09T16:56:43.3614168Z [command]/usr/bin/git submodule foreach --recursive sh -c "git config --local --name-only --get-regexp 'http\.https\:\/\/github\.com\/\.extraheader' && git config --local --unset-all 'http.https://github.com/.extraheader' || :"
2026-10-09T16:56:43.3854418Z [command]/usr/bin/git config --local http.https://github.com/.extraheader AUTHORIZATION: basic ***
2026-10-09T16:56:43.3900213Z ##[endgroup]
2026-10-09T16:56:43.3901270Z ##[group]Fetching the repository
2026-10-09T16:56:43.3912838Z [command]/usr/bin/git -c protocol.version=2 fetch --no-tags --prune --no-recurse-submodules --depth=1 origin +ec342fe9b69ba45d850d971ce2e15d1b12046096:refs/remotes/pull/47/merge
2026-10-09T16:56:48.4796559Z From https://github.com/1785235376-blip/AI-Novel-Studio
2026-10-09T16:56:48.4798125Z  * [new ref]         ec342fe9b69ba45d850d971ce2e15d1b12046096 -> pull/47/merge
2026-10-09T16:56:48.4802443Z ##[endgroup]
2026-10-09T16:56:48.4803411Z ##[group]Determining the checkout info
2026-10-09T16:56:48.4804724Z ##[endgroup]
2026-10-09T16:56:48.4812663Z [command]/usr/bin/git sparse-checkout disable
2026-10-09T16:56:48.4881815Z [command]/usr/bin/git config --local --unset-all extensions.worktreeConfig
2026-10-09T16:56:48.4919865Z ##[group]Checking out the ref
2026-10-09T16:56:48.4924960Z [command]/usr/bin/git checkout --progress --force refs/remotes/pull/47/merge
2026-10-09T16:56:49.1922834Z Note: switching to 'refs/remotes/pull/47/merge'.
2026-10-09T16:56:49.1923822Z 
2026-10-09T16:56:49.1924295Z You are in 'detached HEAD' state. You can look around, make experimental
2026-10-09T16:56:49.1925337Z changes and commit them, and you can discard any commits you make in this
2026-10-09T16:56:49.1926578Z state without impacting any branches by switching back to a branch.
2026-10-09T16:56:49.1927079Z 
2026-10-09T16:56:49.1928105Z If you want to create a new branch to retain commits you create, you may
2026-10-09T16:56:49.1930707Z do so (now or later) by using -c with the switch command. Example:
2026-10-09T16:56:49.1931382Z 
2026-10-09T16:56:49.1931748Z   git switch -c <new-branch-name>
2026-10-09T16:56:49.1932286Z 
2026-10-09T16:56:49.1932617Z Or undo this operation with:
2026-10-09T16:56:49.1933077Z 
2026-10-09T16:56:49.1933339Z   git switch -
2026-10-09T16:56:49.1933755Z 
2026-10-09T16:56:49.1934338Z Turn off this advice by setting config variable advice.detachedHead to false
2026-10-09T16:56:49.1935347Z 
2026-10-09T16:56:49.1936146Z HEAD is now at ec342fe Merge c386b0608ae92d18c351b5cb6e367380808a45cf into fed2404c8e30b44061b7139dced45b7f3301601c
2026-10-09T16:56:49.1975376Z ##[endgroup]
2026-10-09T16:56:49.2031902Z [command]/usr/bin/git log -1 --format=%H
2026-10-09T16:56:49.2108130Z ec342fe9b69ba45d850d971ce2e15d1b12046096
2026-10-09T16:56:49.2125524Z ##[group]Removing auth
2026-10-09T16:56:49.2134762Z [command]/usr/bin/git config --local --name-only --get-regexp core\.sshCommand
2026-10-09T16:56:49.2167239Z [command]/usr/bin/git submodule foreach --recursive sh -c "git config --local --name-only --get-regexp 'core\.sshCommand' && git config --local --unset-all 'core.sshCommand' || :"
2026-10-09T16:56:49.2439064Z [command]/usr/bin/git config --local --name-only --get-regexp http\.https\:\/\/github\.com\/\.extraheader
2026-10-09T16:56:49.2472781Z http.https://github.com/.extraheader
2026-10-09T16:56:49.2481256Z [command]/usr/bin/git config --local --unset-all http.https://github.com/.extraheader
2026-10-09T16:56:49.2535335Z [command]/usr/bin/git submodule foreach --recursive sh -c "git config --local --name-only --get-regexp 'http\.https\:\/\/github\.com\/\.extraheader' && git config --local --unset-all 'http.https://github.com/.extraheader' || :"
2026-10-09T16:56:49.2780377Z ##[endgroup]
2026-10-09T16:56:49.3058359Z ##[group]Run actions/setup-python@v5.6.0
2026-10-09T16:56:49.3058827Z with:
2026-10-09T16:56:49.3059124Z   python-version: 3.12.9
2026-10-09T16:56:49.3059461Z   check-latest: false
2026-10-09T16:56:49.3062528Z   token: ***
2026-10-09T16:56:49.3062844Z   update-environment: true
2026-10-09T16:56:49.3063195Z   allow-prereleases: false
2026-10-09T16:56:49.3063536Z   freethreaded: false
2026-10-09T16:56:49.3063849Z env:
2026-10-09T16:56:49.3064126Z   MOCK_PROVIDER: true
2026-10-09T16:56:49.3064436Z   ENABLE_CLOUD: false
2026-10-09T16:56:49.3064758Z   CREDENTIAL_VAULT_BACKEND: memory
2026-10-09T16:56:49.3065150Z   CREDENTIAL_VAULT_ALLOW_MEMORY_FALLBACK: true
2026-10-09T16:56:49.3065545Z   HF_HUB_OFFLINE: 1
2026-10-09T16:56:49.3065851Z   TRANSFORMERS_OFFLINE: 1
2026-10-09T16:56:49.3066170Z ##[endgroup]
2026-10-09T16:56:49.4454793Z ##[group]Installed versions
2026-10-09T16:56:49.4474754Z Version 3.12.9 was not found in the local cache
2026-10-09T16:56:49.4591388Z (node:2343) [DEP0040] DeprecationWarning: The `punycode` module is deprecated. Please use a userland alternative instead.
2026-10-09T16:56:49.4592732Z (Use `node --trace-deprecation ...` to show where the warning was created)
2026-10-09T16:56:50.0201011Z Version 3.12.9 is available for downloading
2026-10-09T16:56:50.0203216Z Download from "https://github.com/actions/python-versions/releases/download/3.12.9-13149478207/python-3.12.9-linux-24.04-x64.tar.gz"
2026-10-09T16:56:50.6784261Z Extract downloaded archive
2026-10-09T16:56:50.6941350Z [command]/usr/bin/tar xz --warning=no-unknown-keyword --overwrite -C /home/runner/work/_temp/dd5c84e1-0c4c-428e-ac64-0f0cfa203bd9 -f /home/runner/work/_temp/7cb3d3ce-4a22-4f52-bd14-3684e74a74ee
2026-10-09T16:56:52.6977093Z Execute installation script
2026-10-09T16:56:52.7096410Z Check if Python hostedtoolcache folder exist...
2026-10-09T16:56:52.7101190Z Create Python 3.12.9 folder
2026-10-09T16:56:52.7110553Z Copy Python binaries to hostedtoolcache folder
2026-10-09T16:56:53.2694579Z Create additional symlinks (Required for the UsePythonVersion Azure Pipelines task and the setup-python GitHub Action)
2026-10-09T16:56:53.2736428Z Upgrading pip...
2026-10-09T16:56:56.1775764Z Looking in links: /tmp/tmpvkno_sjo
2026-10-09T16:56:56.1780809Z Requirement already satisfied: pip in /opt/hostedtoolcache/Python/3.12.9/x64/lib/python3.12/site-packages (24.3.1)
2026-10-09T16:56:57.7603522Z Collecting pip
2026-10-09T16:56:57.8114809Z Downloading pip-26.2.1-py3-none-any.whl.metadata (4.6 kB)
2026-10-09T16:56:57.8255993Z Downloading pip-26.2.1-py3-none-any.whl (1.8 MB)
2026-10-09T16:56:57.9053448Z ━━━━━━━━━━━━━━━━━━━━━━━━━━━━━━━━━━━━━━━━ 1.8/1.8 MB 28.3 MB/s eta 0:00:00
2026-10-09T16:56:57.9053991Z 
2026-10-09T16:56:57.9263526Z Installing collected packages: pip
2026-10-09T16:56:57.9264348Z Attempting uninstall: pip
2026-10-09T16:56:57.9286409Z Found existing installation: pip 24.3.1
2026-10-09T16:56:57.9650428Z Uninstalling pip-24.3.1:
2026-10-09T16:56:57.9711730Z Successfully uninstalled pip-24.3.1
2026-10-09T16:56:59.1684190Z Successfully installed pip-26.2.1
2026-10-09T16:56:59.2203375Z Create complete file
2026-10-09T16:56:59.2244089Z Successfully set up CPython (3.12.9)
2026-10-09T16:56:59.2245540Z ##[endgroup]
2026-10-09T16:56:59.2512108Z ##[group]Run bash .github/ci/prepare.sh local-interop
2026-10-09T16:56:59.2512885Z [36;1mbash .github/ci/prepare.sh local-interop[0m
2026-10-09T16:56:59.4591363Z shell: /usr/bin/bash -e {0}
2026-10-09T16:56:59.4591778Z env:
2026-10-09T16:56:59.4592070Z   MOCK_PROVIDER: true
2026-10-09T16:56:59.4592418Z   ENABLE_CLOUD: false
2026-10-09T16:56:59.4592752Z   CREDENTIAL_VAULT_BACKEND: memory
2026-10-09T16:56:59.4593174Z   CREDENTIAL_VAULT_ALLOW_MEMORY_FALLBACK: true
2026-10-09T16:56:59.4593595Z   HF_HUB_OFFLINE: 1
2026-10-09T16:56:59.4593897Z   TRANSFORMERS_OFFLINE: 1
2026-10-09T16:56:59.4594327Z   pythonLocation: /opt/hostedtoolcache/Python/3.12.9/x64
2026-10-09T16:56:59.4594966Z   PKG_CONFIG_PATH: /opt/hostedtoolcache/Python/3.12.9/x64/lib/pkgconfig
2026-10-09T16:56:59.4595594Z   Python_ROOT_DIR: /opt/hostedtoolcache/Python/3.12.9/x64
2026-10-09T16:56:59.4596150Z   Python2_ROOT_DIR: /opt/hostedtoolcache/Python/3.12.9/x64
2026-10-09T16:56:59.4596753Z   Python3_ROOT_DIR: /opt/hostedtoolcache/Python/3.12.9/x64
2026-10-09T16:56:59.4597310Z   LD_LIBRARY_PATH: /opt/hostedtoolcache/Python/3.12.9/x64/lib
2026-10-09T16:56:59.4598014Z ##[endgroup]
2026-10-09T16:57:00.2672697Z ##[group]Run python -m pip install -c .github/ci/python-constraints.txt -e '.[dev]'
2026-10-09T16:57:00.2673367Z [36;1mpython -m pip install -c .github/ci/python-constraints.txt -e '.[dev]'[0m
2026-10-09T16:57:00.2740857Z shell: /usr/bin/bash -e {0}
2026-10-09T16:57:00.2741150Z env:
2026-10-09T16:57:00.2741384Z   MOCK_PROVIDER: true
2026-10-09T16:57:00.2741647Z   ENABLE_CLOUD: false
2026-10-09T16:57:00.2741921Z   CREDENTIAL_VAULT_BACKEND: memory
2026-10-09T16:57:00.2742271Z   CREDENTIAL_VAULT_ALLOW_MEMORY_FALLBACK: true
2026-10-09T16:57:00.2742629Z   HF_HUB_OFFLINE: 1
2026-10-09T16:57:00.2742914Z   TRANSFORMERS_OFFLINE: 1
2026-10-09T16:57:00.2743280Z   pythonLocation: /opt/hostedtoolcache/Python/3.12.9/x64
2026-10-09T16:57:00.2743800Z   PKG_CONFIG_PATH: /opt/hostedtoolcache/Python/3.12.9/x64/lib/pkgconfig
2026-10-09T16:57:00.2744313Z   Python_ROOT_DIR: /opt/hostedtoolcache/Python/3.12.9/x64
2026-10-09T16:57:00.2744775Z   Python2_ROOT_DIR: /opt/hostedtoolcache/Python/3.12.9/x64
2026-10-09T16:57:00.2745277Z   Python3_ROOT_DIR: /opt/hostedtoolcache/Python/3.12.9/x64
2026-10-09T16:57:00.2745745Z   LD_LIBRARY_PATH: /opt/hostedtoolcache/Python/3.12.9/x64/lib
2026-10-09T16:57:00.2746210Z   CI_COVERAGE_SHA: ec342fe9b69ba45d850d971ce2e15d1b12046096
2026-10-09T16:57:00.2746668Z   CI_COVERAGE_TREE: 2ec6365e1f1f183f029c9f0a94d040d134e22b47
2026-10-09T16:57:00.2747162Z   CI_SANDBOX: /home/runner/work/_temp/novel-ci-local-interop.IUYcXh
2026-10-09T16:57:00.2747870Z   CI_PROJECT: /home/runner/work/_temp/novel-ci-local-interop.IUYcXh/project
2026-10-09T16:57:00.2748479Z   CI_RECEIPTS: /home/runner/work/_temp/novel-ci-local-interop.IUYcXh/receipts
2026-10-09T16:57:00.2749242Z   HOME: /home/runner/work/_temp/novel-ci-local-interop.IUYcXh/home
2026-10-09T16:57:00.2749799Z   USERPROFILE: /home/runner/work/_temp/novel-ci-local-interop.IUYcXh/home
2026-10-09T16:57:00.2750387Z   APPDATA: /home/runner/work/_temp/novel-ci-local-interop.IUYcXh/appdata
2026-10-09T16:57:00.2751012Z   LOCALAPPDATA: /home/runner/work/_temp/novel-ci-local-interop.IUYcXh/localappdata
2026-10-09T16:57:00.2751659Z   XDG_CONFIG_HOME: /home/runner/work/_temp/novel-ci-local-interop.IUYcXh/config
2026-10-09T16:57:00.2752273Z   XDG_CACHE_HOME: /home/runner/work/_temp/novel-ci-local-interop.IUYcXh/cache
2026-10-09T16:57:00.2752873Z   XDG_DATA_HOME: /home/runner/work/_temp/novel-ci-local-interop.IUYcXh/data
2026-10-09T16:57:00.2753464Z   XDG_STATE_HOME: /home/runner/work/_temp/novel-ci-local-interop.IUYcXh/state
2026-10-09T16:57:00.2754055Z   TMPDIR: /home/runner/work/_temp/novel-ci-local-interop.IUYcXh/tmp
2026-10-09T16:57:00.2754489Z   TMP: /home/runner/work/_temp/novel-ci-local-interop.IUYcXh/tmp
2026-10-09T16:57:00.2754907Z   TEMP: /home/runner/work/_temp/novel-ci-local-interop.IUYcXh/tmp
2026-10-09T16:57:00.2755359Z   PROJECT_ROOT: /home/runner/work/_temp/novel-ci-local-interop.IUYcXh/project
2026-10-09T16:57:00.2755878Z   NOVEL_DATA_PATH: /home/runner/work/_temp/novel-ci-local-interop.IUYcXh/data/novels
2026-10-09T16:57:00.2756418Z   BACKUP_PATH: /home/runner/work/_temp/novel-ci-local-interop.IUYcXh/data/backups
2026-10-09T16:57:00.2757001Z   DATABASE_BACKUP_PATH: /home/runner/work/_temp/novel-ci-local-interop.IUYcXh/data/database-backups
2026-10-09T16:57:00.2757887Z   KNOWLEDGE_SOURCE_PATH: /home/runner/work/_temp/novel-ci-local-interop.IUYcXh/data/novels
2026-10-09T16:57:00.2758320Z ##[endgroup]
2026-10-09T16:57:00.7218319Z Obtaining file:///home/runner/work/_temp/novel-ci-local-interop.IUYcXh/project
2026-10-09T16:57:00.7235297Z   Installing build dependencies: started
2026-10-09T16:57:01.4842975Z   Installing build dependencies: finished with status 'done'
2026-10-09T16:57:01.4848923Z   Checking if build backend supports build_editable: started
2026-10-09T16:57:01.7933181Z   Checking if build backend supports build_editable: finished with status 'done'
2026-10-09T16:57:01.7941758Z   Getting requirements to build editable: started
2026-10-09T16:57:02.1590557Z   Getting requirements to build editable: finished with status 'done'
2026-10-09T16:57:02.1599715Z   Preparing editable metadata (pyproject.toml): started
2026-10-09T16:57:02.3788879Z   Preparing editable metadata (pyproject.toml): finished with status 'done'
2026-10-09T16:57:02.4902586Z Collecting fastapi<1,>=0.115 (from ai-novel-studio==0.7.0)
2026-10-09T16:57:02.5487681Z   Downloading fastapi-0.142.2-py3-none-any.whl.metadata (27 kB)
2026-10-09T16:57:02.5860067Z Collecting uvicorn<1,>=0.30 (from ai-novel-studio==0.7.0)
2026-10-09T16:57:02.5940010Z   Downloading uvicorn-0.54.0-py3-none-any.whl.metadata (6.6 kB)
2026-10-09T16:57:02.6140045Z Collecting psycopg<4,>=3.2 (from psycopg[binary]<4,>=3.2->ai-novel-studio==0.7.0)
2026-10-09T16:57:02.6228463Z   Downloading psycopg-3.3.6-py3-none-any.whl.metadata (4.4 kB)
2026-10-09T16:57:02.9336790Z Collecting sqlalchemy<3,>=2.0 (from ai-novel-studio==0.7.0)
2026-10-09T16:57:02.9438373Z   Downloading sqlalchemy-2.1.3-cp312-cp312-manylinux2014_x86_64.manylinux_2_17_x86_64.manylinux_2_28_x86_64.whl.metadata (9.7 kB)
2026-10-09T16:57:02.9681105Z Collecting httpx<1,>=0.27 (from ai-novel-studio==0.7.0)
2026-10-09T16:57:02.9760642Z   Downloading httpx-0.28.1-py3-none-any.whl.metadata (7.1 kB)
2026-10-09T16:57:02.9941890Z Collecting pydantic-settings<3,>=2.6 (from ai-novel-studio==0.7.0)
2026-10-09T16:57:03.0037211Z   Downloading pydantic_settings-2.15.0-py3-none-any.whl.metadata (3.9 kB)
2026-10-09T16:57:03.1074569Z Collecting reportlab<5,>=4.0 (from ai-novel-studio==0.7.0)
2026-10-09T16:57:03.1155711Z   Downloading reportlab-4.5.1-py3-none-any.whl.metadata (1.7 kB)
2026-10-09T16:57:03.1383989Z Collecting pypdf==6.19.0 (from ai-novel-studio==0.7.0)
2026-10-09T16:57:03.1465739Z   Downloading pypdf-6.19.0-py3-none-any.whl.metadata (7.5 kB)
2026-10-09T16:57:03.1708240Z Collecting jsonschema<5,>=4.18 (from ai-novel-studio==0.7.0)
2026-10-09T16:57:03.1790705Z   Downloading jsonschema-4.26.0-py3-none-any.whl.metadata (7.6 kB)
2026-10-09T16:57:03.2087468Z Collecting pytest<9,>=8 (from ai-novel-studio==0.7.0)
2026-10-09T16:57:03.2195536Z   Downloading pytest-8.4.2-py3-none-any.whl.metadata (7.7 kB)
2026-10-09T16:57:03.2486674Z Collecting starlette>=0.46.0 (from fastapi<1,>=0.115->ai-novel-studio==0.7.0)
2026-10-09T16:57:03.2569338Z   Downloading starlette-1.7.0-py3-none-any.whl.metadata (6.6 kB)
2026-10-09T16:57:03.3588004Z Collecting pydantic>=2.9.0 (from fastapi<1,>=0.115->ai-novel-studio==0.7.0)
2026-10-09T16:57:03.3671389Z   Downloading pydantic-2.13.5-py3-none-any.whl.metadata (110 kB)
2026-10-09T16:57:03.3991461Z Collecting typing-extensions>=4.8.0 (from fastapi<1,>=0.115->ai-novel-studio==0.7.0)
2026-10-09T16:57:03.4072365Z   Downloading typing_extensions-4.16.0-py3-none-any.whl.metadata (3.3 kB)
2026-10-09T16:57:03.4216108Z Collecting typing-inspection>=0.4.2 (from fastapi<1,>=0.115->ai-novel-studio==0.7.0)
2026-10-09T16:57:03.4300472Z   Downloading typing_inspection-0.4.4-py3-none-any.whl.metadata (2.6 kB)
2026-10-09T16:57:03.4431519Z Collecting annotated-doc>=0.0.2 (from fastapi<1,>=0.115->ai-novel-studio==0.7.0)
2026-10-09T16:57:03.4510244Z   Downloading annotated_doc-0.0.5-py3-none-any.whl.metadata (6.5 kB)
2026-10-09T16:57:03.4714984Z Collecting opentelemetry-api>=1.44.0 (from fastapi<1,>=0.115->ai-novel-studio==0.7.0)
2026-10-09T16:57:03.4794340Z   Downloading opentelemetry_api-1.45.0-py3-none-any.whl.metadata (1.4 kB)
2026-10-09T16:57:03.4989226Z Collecting anyio (from httpx<1,>=0.27->ai-novel-studio==0.7.0)
2026-10-09T16:57:03.5064385Z   Downloading anyio-4.15.1-py3-none-any.whl.metadata (4.7 kB)
2026-10-09T16:57:03.5249628Z Collecting certifi (from httpx<1,>=0.27->ai-novel-studio==0.7.0)
2026-10-09T16:57:03.5339028Z   Downloading certifi-2026.7.22-py3-none-any.whl.metadata (2.5 kB)
2026-10-09T16:57:03.5507900Z Collecting httpcore==1.* (from httpx<1,>=0.27->ai-novel-studio==0.7.0)
2026-10-09T16:57:03.5589458Z   Downloading httpcore-1.0.9-py3-none-any.whl.metadata (21 kB)
2026-10-09T16:57:03.5757467Z Collecting idna (from httpx<1,>=0.27->ai-novel-studio==0.7.0)
2026-10-09T16:57:03.5833352Z   Downloading idna-3.20-py3-none-any.whl.metadata (7.2 kB)
2026-10-09T16:57:03.5984974Z Collecting h11>=0.16 (from httpcore==1.*->httpx<1,>=0.27->ai-novel-studio==0.7.0)
2026-10-09T16:57:03.6070382Z   Downloading h11-0.16.0-py3-none-any.whl.metadata (8.3 kB)
2026-10-09T16:57:03.6240255Z Collecting attrs>=22.2.0 (from jsonschema<5,>=4.18->ai-novel-studio==0.7.0)
2026-10-09T16:57:03.6488026Z   Downloading attrs-26.1.0-py3-none-any.whl.metadata (8.8 kB)
2026-10-09T16:57:03.6645177Z Collecting jsonschema-specifications>=2023.03.6 (from jsonschema<5,>=4.18->ai-novel-studio==0.7.0)
2026-10-09T16:57:03.6723142Z   Downloading jsonschema_specifications-2025.9.1-py3-none-any.whl.metadata (2.9 kB)
2026-10-09T16:57:03.6934879Z Collecting referencing>=0.28.4 (from jsonschema<5,>=4.18->ai-novel-studio==0.7.0)
2026-10-09T16:57:03.7042231Z   Downloading referencing-0.37.0-py3-none-any.whl.metadata (2.8 kB)
2026-10-09T16:57:03.9655055Z Collecting rpds-py>=0.25.0 (from jsonschema<5,>=4.18->ai-novel-studio==0.7.0)
2026-10-09T16:57:03.9753895Z   Downloading rpds_py-2026.9.1-cp312-cp312-manylinux_2_17_x86_64.manylinux2014_x86_64.whl.metadata (4.1 kB)
2026-10-09T16:57:04.1230697Z Collecting psycopg-binary==3.3.6 (from psycopg[binary]<4,>=3.2->ai-novel-studio==0.7.0)
2026-10-09T16:57:04.1317906Z   Downloading psycopg_binary-3.3.6-cp312-cp312-manylinux2014_x86_64.manylinux_2_17_x86_64.whl.metadata (2.7 kB)
2026-10-09T16:57:04.1516070Z Collecting python-dotenv>=0.21.0 (from pydantic-settings<3,>=2.6->ai-novel-studio==0.7.0)
2026-10-09T16:57:04.1594956Z   Downloading python_dotenv-1.2.4-py3-none-any.whl.metadata (29 kB)
2026-10-09T16:57:04.1779247Z Collecting iniconfig>=1 (from pytest<9,>=8->ai-novel-studio==0.7.0)
2026-10-09T16:57:04.1860085Z   Downloading iniconfig-2.3.0-py3-none-any.whl.metadata (2.5 kB)
2026-10-09T16:57:04.2026816Z Collecting packaging>=20 (from pytest<9,>=8->ai-novel-studio==0.7.0)
2026-10-09T16:57:04.2105757Z   Downloading packaging-26.3-py3-none-any.whl.metadata (3.5 kB)
2026-10-09T16:57:04.2259029Z Collecting pluggy<2,>=1.5 (from pytest<9,>=8->ai-novel-studio==0.7.0)
2026-10-09T16:57:04.2335256Z   Downloading pluggy-1.6.0-py3-none-any.whl.metadata (4.8 kB)
2026-10-09T16:57:04.2528251Z Collecting pygments>=2.7.2 (from pytest<9,>=8->ai-novel-studio==0.7.0)
2026-10-09T16:57:04.2604763Z   Downloading pygments-2.21.0-py3-none-any.whl.metadata (2.5 kB)
2026-10-09T16:57:04.4212076Z Collecting pillow>=9.0.0 (from reportlab<5,>=4.0->ai-novel-studio==0.7.0)
2026-10-09T16:57:04.4297717Z   Downloading pillow-12.3.0-cp312-cp312-manylinux_2_27_x86_64.manylinux_2_28_x86_64.whl.metadata (9.1 kB)
2026-10-09T16:57:04.5734266Z Collecting charset-normalizer (from reportlab<5,>=4.0->ai-novel-studio==0.7.0)
2026-10-09T16:57:04.5818789Z   Downloading charset_normalizer-3.5.2-cp312-cp312-manylinux2014_x86_64.manylinux_2_17_x86_64.manylinux_2_28_x86_64.whl.metadata (46 kB)
2026-10-09T16:57:04.6080652Z Collecting click>=7.0 (from uvicorn<1,>=0.30->ai-novel-studio==0.7.0)
2026-10-09T16:57:04.6161379Z   Downloading click-8.5.0-py3-none-any.whl.metadata (2.6 kB)
2026-10-09T16:57:04.6360769Z Collecting annotated-types>=0.6.0 (from pydantic>=2.9.0->fastapi<1,>=0.115->ai-novel-studio==0.7.0)
2026-10-09T16:57:04.6446232Z   Downloading annotated_types-0.8.0-py3-none-any.whl.metadata (15 kB)
2026-10-09T16:57:05.3590306Z Collecting pydantic-core==2.46.5 (from pydantic>=2.9.0->fastapi<1,>=0.115->ai-novel-studio==0.7.0)
2026-10-09T16:57:05.3693114Z   Downloading pydantic_core-2.46.5-cp312-cp312-manylinux_2_17_x86_64.manylinux2014_x86_64.whl.metadata (6.6 kB)
2026-10-09T16:57:05.3942099Z Downloading pypdf-6.19.0-py3-none-any.whl (395 kB)
2026-10-09T16:57:05.4370026Z Downloading fastapi-0.142.2-py3-none-any.whl (144 kB)
2026-10-09T16:57:05.4554356Z Downloading httpx-0.28.1-py3-none-any.whl (73 kB)
2026-10-09T16:57:05.4692814Z Downloading httpcore-1.0.9-py3-none-any.whl (78 kB)
2026-10-09T16:57:05.4821634Z Downloading jsonschema-4.26.0-py3-none-any.whl (90 kB)
2026-10-09T16:57:05.4972920Z Downloading psycopg-3.3.6-py3-none-any.whl (215 kB)
2026-10-09T16:57:05.5191699Z Downloading psycopg_binary-3.3.6-cp312-cp312-manylinux2014_x86_64.manylinux_2_17_x86_64.whl (5.2 MB)
2026-10-09T16:57:05.6827379Z    ━━━━━━━━━━━━━━━━━━━━━━━━━━━━━━━━━━━━━━━━ 5.2/5.2 MB 33.7 MB/s  0:00:00
2026-10-09T16:57:05.6908416Z Downloading pydantic_settings-2.15.0-py3-none-any.whl (69 kB)
2026-10-09T16:57:05.7005825Z Downloading pytest-8.4.2-py3-none-any.whl (365 kB)
2026-10-09T16:57:05.7157560Z Downloading pluggy-1.6.0-py3-none-any.whl (20 kB)
2026-10-09T16:57:05.7250298Z Downloading reportlab-4.5.1-py3-none-any.whl (2.0 MB)
2026-10-09T16:57:05.7566836Z    ━━━━━━━━━━━━━━━━━━━━━━━━━━━━━━━━━━━━━━━━ 2.0/2.0 MB 62.1 MB/s  0:00:00
2026-10-09T16:57:05.7682994Z Downloading sqlalchemy-2.1.3-cp312-cp312-manylinux2014_x86_64.manylinux_2_17_x86_64.manylinux_2_28_x86_64.whl (4.7 MB)
2026-10-09T16:57:05.8239503Z    ━━━━━━━━━━━━━━━━━━━━━━━━━━━━━━━━━━━━━━━━ 4.7/4.7 MB 87.9 MB/s  0:00:00
2026-10-09T16:57:05.8320262Z Downloading uvicorn-0.54.0-py3-none-any.whl (87 kB)
2026-10-09T16:57:05.8418619Z Downloading annotated_doc-0.0.5-py3-none-any.whl (5.3 kB)
2026-10-09T16:57:05.8516088Z Downloading attrs-26.1.0-py3-none-any.whl (67 kB)
2026-10-09T16:57:05.8616780Z Downloading click-8.5.0-py3-none-any.whl (125 kB)
2026-10-09T16:57:05.8714326Z Downloading h11-0.16.0-py3-none-any.whl (37 kB)
2026-10-09T16:57:05.8809668Z Downloading iniconfig-2.3.0-py3-none-any.whl (7.5 kB)
2026-10-09T16:57:05.8910829Z Downloading jsonschema_specifications-2025.9.1-py3-none-any.whl (18 kB)
2026-10-09T16:57:05.9027783Z Downloading opentelemetry_api-1.45.0-py3-none-any.whl (60 kB)
2026-10-09T16:57:05.9104855Z Downloading packaging-26.3-py3-none-any.whl (129 kB)
2026-10-09T16:57:05.9205182Z Downloading pillow-12.3.0-cp312-cp312-manylinux_2_27_x86_64.manylinux_2_28_x86_64.whl (6.9 MB)
2026-10-09T16:57:05.9795863Z    ━━━━━━━━━━━━━━━━━━━━━━━━━━━━━━━━━━━━━━━━ 6.9/6.9 MB 119.7 MB/s  0:00:00
2026-10-09T16:57:05.9878733Z Downloading pydantic-2.13.5-py3-none-any.whl (472 kB)
2026-10-09T16:57:05.9992460Z Downloading pydantic_core-2.46.5-cp312-cp312-manylinux_2_17_x86_64.manylinux2014_x86_64.whl (2.1 MB)
2026-10-09T16:57:06.0148842Z    ━━━━━━━━━━━━━━━━━━━━━━━━━━━━━━━━━━━━━━━━ 2.1/2.1 MB 136.3 MB/s  0:00:00
2026-10-09T16:57:06.0231078Z Downloading annotated_types-0.8.0-py3-none-any.whl (13 kB)
2026-10-09T16:57:06.0333321Z Downloading pygments-2.21.0-py3-none-any.whl (1.3 MB)
2026-10-09T16:57:06.0440056Z    ━━━━━━━━━━━━━━━━━━━━━━━━━━━━━━━━━━━━━━━━ 1.3/1.3 MB 118.3 MB/s  0:00:00
2026-10-09T16:57:06.0521620Z Downloading python_dotenv-1.2.4-py3-none-any.whl (23 kB)
2026-10-09T16:57:06.0613919Z Downloading referencing-0.37.0-py3-none-any.whl (26 kB)
2026-10-09T16:57:06.0716302Z Downloading rpds_py-2026.9.1-cp312-cp312-manylinux_2_17_x86_64.manylinux2014_x86_64.whl (371 kB)
2026-10-09T16:57:06.0974367Z Downloading starlette-1.7.0-py3-none-any.whl (78 kB)
2026-10-09T16:57:06.1085365Z Downloading anyio-4.15.1-py3-none-any.whl (132 kB)
2026-10-09T16:57:06.1183718Z Downloading idna-3.20-py3-none-any.whl (69 kB)
2026-10-09T16:57:06.1283890Z Downloading typing_extensions-4.16.0-py3-none-any.whl (45 kB)
2026-10-09T16:57:06.1382089Z Downloading typing_inspection-0.4.4-py3-none-any.whl (14 kB)
2026-10-09T16:57:06.1481133Z Downloading certifi-2026.7.22-py3-none-any.whl (136 kB)
2026-10-09T16:57:06.1590083Z Downloading charset_normalizer-3.5.2-cp312-cp312-manylinux2014_x86_64.manylinux_2_17_x86_64.manylinux_2_28_x86_64.whl (257 kB)
2026-10-09T16:57:06.2736734Z Building wheels for collected packages: ai-novel-studio
2026-10-09T16:57:06.2745688Z   Building editable for ai-novel-studio (pyproject.toml): started
2026-10-09T16:57:06.5553859Z   Building editable for ai-novel-studio (pyproject.toml): finished with status 'done'
2026-10-09T16:57:06.5561073Z   Created wheel for ai-novel-studio: filename=ai_novel_studio-0.7.0-0.editable-py3-none-any.whl size=3184 sha256=8c51111f5ba9a7f9771e05c057f6a180be3963b9bc79fabab8e64ae756bda19b
2026-10-09T16:57:06.5563816Z   Stored in directory: /home/runner/work/_temp/novel-ci-local-interop.IUYcXh/tmp/pip-ephem-wheel-cache-r1_omzdy/wheels/a3/00/94/e577d81434d9da9151f8a9eb494669ac20cb44ec82ae7ae6c8
2026-10-09T16:57:06.5581241Z Successfully built ai-novel-studio
2026-10-09T16:57:06.6291520Z Installing collected packages: typing-extensions, rpds-py, python-dotenv, pypdf, pygments, psycopg-binary, pluggy, pillow, packaging, iniconfig, idna, h11, click, charset-normalizer, certifi, attrs, annotated-types, annotated-doc, uvicorn, typing-inspection, sqlalchemy, reportlab, referencing, pytest, pydantic-core, psycopg, opentelemetry-api, httpcore, anyio, starlette, pydantic, jsonschema-specifications, httpx, pydantic-settings, jsonschema, fastapi, ai-novel-studio
2026-10-09T16:57:12.1081647Z 
2026-10-09T16:57:12.1119825Z Successfully installed ai-novel-studio-0.7.0 annotated-doc-0.0.5 annotated-types-0.8.0 anyio-4.15.1 attrs-26.1.0 certifi-2026.7.22 charset-normalizer-3.5.2 click-8.5.0 fastapi-0.142.2 h11-0.16.0 httpcore-1.0.9 httpx-0.28.1 idna-3.20 iniconfig-2.3.0 jsonschema-4.26.0 jsonschema-specifications-2025.9.1 opentelemetry-api-1.45.0 packaging-26.3 pillow-12.3.0 pluggy-1.6.0 psycopg-3.3.6 psycopg-binary-3.3.6 pydantic-2.13.5 pydantic-core-2.46.5 pydantic-settings-2.15.0 pygments-2.21.0 pypdf-6.19.0 pytest-8.4.2 python-dotenv-1.2.4 referencing-0.37.0 reportlab-4.5.1 rpds-py-2026.9.1 sqlalchemy-2.1.3 starlette-1.7.0 typing-extensions-4.16.0 typing-inspection-0.4.4 uvicorn-0.54.0
2026-10-09T16:57:12.3039422Z ##[group]Run set -o pipefail
2026-10-09T16:57:12.3039778Z [36;1mset -o pipefail[0m
2026-10-09T16:57:12.3040349Z [36;1mPYTHONPATH="$CI_PROJECT/.github/ci:$CI_PROJECT" python -m pytest -p postgres_gate -p suite_coverage -q -ra --tb=short \[0m
2026-10-09T16:57:12.3041040Z [36;1m  --ci-coverage-manifest=.github/ci/coverage_manifest_v2.json.gz \[0m
2026-10-09T16:57:12.3041819Z [36;1m  --ci-scope=interop --ci-shard-index=0 --ci-shard-count=1 --ci-coverage-dir="$CI_RECEIPTS" \[0m
2026-10-09T16:57:12.3042577Z [36;1m  tests/test_local_interop*.py --junitxml="$CI_RECEIPTS/local-interop.xml" 2>&1 | tee "$CI_RECEIPTS/local-interop.log"[0m
2026-10-09T16:57:12.3106501Z shell: /usr/bin/bash -e {0}
2026-10-09T16:57:12.3106758Z env:
2026-10-09T16:57:12.3106959Z   MOCK_PROVIDER: true
2026-10-09T16:57:12.3107181Z   ENABLE_CLOUD: false
2026-10-09T16:57:12.3107681Z   CREDENTIAL_VAULT_BACKEND: memory
2026-10-09T16:57:12.3108071Z   CREDENTIAL_VAULT_ALLOW_MEMORY_FALLBACK: true
2026-10-09T16:57:12.3108394Z   HF_HUB_OFFLINE: 1
2026-10-09T16:57:12.3108693Z   TRANSFORMERS_OFFLINE: 1
2026-10-09T16:57:12.3109203Z   pythonLocation: /opt/hostedtoolcache/Python/3.12.9/x64
2026-10-09T16:57:12.3109717Z   PKG_CONFIG_PATH: /opt/hostedtoolcache/Python/3.12.9/x64/lib/pkgconfig
2026-10-09T16:57:12.3110139Z   Python_ROOT_DIR: /opt/hostedtoolcache/Python/3.12.9/x64
2026-10-09T16:57:12.3110523Z   Python2_ROOT_DIR: /opt/hostedtoolcache/Python/3.12.9/x64
2026-10-09T16:57:12.3110898Z   Python3_ROOT_DIR: /opt/hostedtoolcache/Python/3.12.9/x64
2026-10-09T16:57:12.3111288Z   LD_LIBRARY_PATH: /opt/hostedtoolcache/Python/3.12.9/x64/lib
2026-10-09T16:57:12.3111669Z   CI_COVERAGE_SHA: ec342fe9b69ba45d850d971ce2e15d1b12046096
2026-10-09T16:57:12.3112039Z   CI_COVERAGE_TREE: 2ec6365e1f1f183f029c9f0a94d040d134e22b47
2026-10-09T16:57:12.3112441Z   CI_SANDBOX: /home/runner/work/_temp/novel-ci-local-interop.IUYcXh
2026-10-09T16:57:12.3112904Z   CI_PROJECT: /home/runner/work/_temp/novel-ci-local-interop.IUYcXh/project
2026-10-09T16:57:12.3113402Z   CI_RECEIPTS: /home/runner/work/_temp/novel-ci-local-interop.IUYcXh/receipts
2026-10-09T16:57:12.3113865Z   HOME: /home/runner/work/_temp/novel-ci-local-interop.IUYcXh/home
2026-10-09T16:57:12.3114317Z   USERPROFILE: /home/runner/work/_temp/novel-ci-local-interop.IUYcXh/home
2026-10-09T16:57:12.3114795Z   APPDATA: /home/runner/work/_temp/novel-ci-local-interop.IUYcXh/appdata
2026-10-09T16:57:12.3115310Z   LOCALAPPDATA: /home/runner/work/_temp/novel-ci-local-interop.IUYcXh/localappdata
2026-10-09T16:57:12.3115835Z   XDG_CONFIG_HOME: /home/runner/work/_temp/novel-ci-local-interop.IUYcXh/config
2026-10-09T16:57:12.3116333Z   XDG_CACHE_HOME: /home/runner/work/_temp/novel-ci-local-interop.IUYcXh/cache
2026-10-09T16:57:12.3116814Z   XDG_DATA_HOME: /home/runner/work/_temp/novel-ci-local-interop.IUYcXh/data
2026-10-09T16:57:12.3117292Z   XDG_STATE_HOME: /home/runner/work/_temp/novel-ci-local-interop.IUYcXh/state
2026-10-09T16:57:12.3118042Z   TMPDIR: /home/runner/work/_temp/novel-ci-local-interop.IUYcXh/tmp
2026-10-09T16:57:12.3118472Z   TMP: /home/runner/work/_temp/novel-ci-local-interop.IUYcXh/tmp
2026-10-09T16:57:12.3118885Z   TEMP: /home/runner/work/_temp/novel-ci-local-interop.IUYcXh/tmp
2026-10-09T16:57:12.3119343Z   PROJECT_ROOT: /home/runner/work/_temp/novel-ci-local-interop.IUYcXh/project
2026-10-09T16:57:12.3120007Z   NOVEL_DATA_PATH: /home/runner/work/_temp/novel-ci-local-interop.IUYcXh/data/novels
2026-10-09T16:57:12.3120637Z   BACKUP_PATH: /home/runner/work/_temp/novel-ci-local-interop.IUYcXh/data/backups
2026-10-09T16:57:12.3121226Z   DATABASE_BACKUP_PATH: /home/runner/work/_temp/novel-ci-local-interop.IUYcXh/data/database-backups
2026-10-09T16:57:12.3121881Z   KNOWLEDGE_SOURCE_PATH: /home/runner/work/_temp/novel-ci-local-interop.IUYcXh/data/novels
2026-10-09T16:57:12.3122322Z   STORAGE_BACKEND: file
2026-10-09T16:57:12.3122538Z   DATABASE_URL: 
2026-10-09T16:57:12.3122752Z   TEST_POSTGRES_DATABASE_URL: 
2026-10-09T16:57:12.3122988Z ##[endgroup]
2026-10-09T16:57:20.4938845Z ........................................................................ [ 17%]
2026-10-09T16:57:20.6405364Z ........................................................................ [ 34%]
2026-10-09T16:57:23.2634485Z .........................................s........ss.s.................. [ 52%]
2026-10-09T16:57:26.9249085Z ............................................s.........sssssssss.s..s.s.s [ 69%]
2026-10-09T16:57:33.9333456Z .s.s...sss..s.s.s.s...sss......ssssss.s.s.s.s.........s.s..s....ssss.s.s [ 87%]
2026-10-09T16:57:42.8646532Z .s.s.s....ssss.s.s.s......ssssss.s.s.s...............                    [100%]
2026-10-09T16:57:42.8648537Z - generated xml file: /home/runner/work/_temp/novel-ci-local-interop.IUYcXh/receipts/local-interop.xml -
2026-10-09T16:57:42.8650039Z =========================== short test summary info ============================
2026-10-09T16:57:42.8651817Z SKIPPED [1] tests/test_local_interop_cross_process_host.py: PostgreSQL implementation contract; covered by the real PostgreSQL full suite
2026-10-09T16:57:42.8653510Z SKIPPED [2] tests/test_local_interop_desktop_api_projection_races.py:15: PostgreSQL implementation contract; covered by the real PostgreSQL full suite
2026-10-09T16:57:42.8654880Z SKIPPED [1] tests/test_local_interop_desktop_api_projection_races.py: PostgreSQL implementation contract; covered by the real PostgreSQL full suite
2026-10-09T16:57:42.8656183Z SKIPPED [10] tests/test_local_interop_desktop_runtime.py: PostgreSQL implementation contract; covered by the real PostgreSQL full suite
2026-10-09T16:57:42.8657589Z SKIPPED [9] tests/test_local_interop_desktop_runtime.py:60: PostgreSQL implementation contract; covered by the real PostgreSQL full suite
2026-10-09T16:57:42.8658823Z SKIPPED [3] tests/test_local_interop_desktop_runtime.py:261: PostgreSQL implementation contract; covered by the real PostgreSQL full suite
2026-10-09T16:57:42.8659995Z SKIPPED [19] tests/test_local_interop_host.py: PostgreSQL implementation contract; covered by the real PostgreSQL full suite
2026-10-09T16:57:42.8661117Z SKIPPED [3] tests/test_local_interop_host.py:173: PostgreSQL implementation contract; covered by the real PostgreSQL full suite
2026-10-09T16:57:42.8662242Z SKIPPED [6] tests/test_local_interop_host.py:203: PostgreSQL implementation contract; covered by the real PostgreSQL full suite
2026-10-09T16:57:42.8663365Z SKIPPED [4] tests/test_local_interop_host.py:395: PostgreSQL implementation contract; covered by the real PostgreSQL full suite
2026-10-09T16:57:42.8664373Z SKIPPED [4] tests/test_local_interop_host.py:528: PostgreSQL implementation contract; covered by the real PostgreSQL full suite
2026-10-09T16:57:42.8665208Z SKIPPED [6] tests/test_local_interop_host.py:611: PostgreSQL implementation contract; covered by the real PostgreSQL full suite
2026-10-09T16:57:42.8665768Z 345 passed, 68 skipped in 28.99s
2026-10-09T16:57:43.6663747Z ##[group]Run python .github/ci/coverage_reconcile.py \
2026-10-09T16:57:43.6664215Z [36;1mpython .github/ci/coverage_reconcile.py \[0m
2026-10-09T16:57:43.6664654Z [36;1m  --manifest .github/ci/coverage_manifest_v2.json.gz --scope interop \[0m
2026-10-09T16:57:43.6665143Z [36;1m  --receipts-dir "$CI_RECEIPTS" --expected-shards file=1 \[0m
2026-10-09T16:57:43.6665620Z [36;1m  --expected-sha "$CI_COVERAGE_SHA" --expected-tree "$CI_COVERAGE_TREE" \[0m
2026-10-09T16:57:43.6666121Z [36;1m  --expected-event-sha "$GITHUB_SHA" --expected-run "$GITHUB_RUN_ID" \[0m
2026-10-09T16:57:43.6666695Z [36;1m  --expected-attempt "$GITHUB_RUN_ATTEMPT" --expected-repository "$GITHUB_REPOSITORY" \[0m
2026-10-09T16:57:43.6667302Z [36;1m  --constraints .github/ci/python-constraints.txt --source-root "$CI_PROJECT" \[0m
2026-10-09T16:57:43.6668132Z [36;1m  --output "$CI_RECEIPTS/interop-coverage.json"[0m
2026-10-09T16:57:43.6732593Z shell: /usr/bin/bash -e {0}
2026-10-09T16:57:43.6732899Z env:
2026-10-09T16:57:43.6733104Z   MOCK_PROVIDER: true
2026-10-09T16:57:43.6733336Z   ENABLE_CLOUD: false
2026-10-09T16:57:43.6733579Z   CREDENTIAL_VAULT_BACKEND: memory
2026-10-09T16:57:43.6733884Z   CREDENTIAL_VAULT_ALLOW_MEMORY_FALLBACK: true
2026-10-09T16:57:43.6734196Z   HF_HUB_OFFLINE: 1
2026-10-09T16:57:43.6734419Z   TRANSFORMERS_OFFLINE: 1
2026-10-09T16:57:43.6734731Z   pythonLocation: /opt/hostedtoolcache/Python/3.12.9/x64
2026-10-09T16:57:43.6735187Z   PKG_CONFIG_PATH: /opt/hostedtoolcache/Python/3.12.9/x64/lib/pkgconfig
2026-10-09T16:57:43.6735641Z   Python_ROOT_DIR: /opt/hostedtoolcache/Python/3.12.9/x64
2026-10-09T16:57:43.6736230Z   Python2_ROOT_DIR: /opt/hostedtoolcache/Python/3.12.9/x64
2026-10-09T16:57:43.6736632Z   Python3_ROOT_DIR: /opt/hostedtoolcache/Python/3.12.9/x64
2026-10-09T16:57:43.6737033Z   LD_LIBRARY_PATH: /opt/hostedtoolcache/Python/3.12.9/x64/lib
2026-10-09T16:57:43.6737679Z   CI_COVERAGE_SHA: ec342fe9b69ba45d850d971ce2e15d1b12046096
2026-10-09T16:57:43.6738090Z   CI_COVERAGE_TREE: 2ec6365e1f1f183f029c9f0a94d040d134e22b47
2026-10-09T16:57:43.6738526Z   CI_SANDBOX: /home/runner/work/_temp/novel-ci-local-interop.IUYcXh
2026-10-09T16:57:43.6739028Z   CI_PROJECT: /home/runner/work/_temp/novel-ci-local-interop.IUYcXh/project
2026-10-09T16:57:43.6739546Z   CI_RECEIPTS: /home/runner/work/_temp/novel-ci-local-interop.IUYcXh/receipts
2026-10-09T16:57:43.6740022Z   HOME: /home/runner/work/_temp/novel-ci-local-interop.IUYcXh/home
2026-10-09T16:57:43.6740488Z   USERPROFILE: /home/runner/work/_temp/novel-ci-local-interop.IUYcXh/home
2026-10-09T16:57:43.6740983Z   APPDATA: /home/runner/work/_temp/novel-ci-local-interop.IUYcXh/appdata
2026-10-09T16:57:43.6741504Z   LOCALAPPDATA: /home/runner/work/_temp/novel-ci-local-interop.IUYcXh/localappdata
2026-10-09T16:57:43.6742052Z   XDG_CONFIG_HOME: /home/runner/work/_temp/novel-ci-local-interop.IUYcXh/config
2026-10-09T16:57:43.6742565Z   XDG_CACHE_HOME: /home/runner/work/_temp/novel-ci-local-interop.IUYcXh/cache
2026-10-09T16:57:43.6743068Z   XDG_DATA_HOME: /home/runner/work/_temp/novel-ci-local-interop.IUYcXh/data
2026-10-09T16:57:43.6743564Z   XDG_STATE_HOME: /home/runner/work/_temp/novel-ci-local-interop.IUYcXh/state
2026-10-09T16:57:43.6744038Z   TMPDIR: /home/runner/work/_temp/novel-ci-local-interop.IUYcXh/tmp
2026-10-09T16:57:43.6744472Z   TMP: /home/runner/work/_temp/novel-ci-local-interop.IUYcXh/tmp
2026-10-09T16:57:43.6744891Z   TEMP: /home/runner/work/_temp/novel-ci-local-interop.IUYcXh/tmp
2026-10-09T16:57:43.6745355Z   PROJECT_ROOT: /home/runner/work/_temp/novel-ci-local-interop.IUYcXh/project
2026-10-09T16:57:43.6745886Z   NOVEL_DATA_PATH: /home/runner/work/_temp/novel-ci-local-interop.IUYcXh/data/novels
2026-10-09T16:57:43.6746446Z   BACKUP_PATH: /home/runner/work/_temp/novel-ci-local-interop.IUYcXh/data/backups
2026-10-09T16:57:43.6747043Z   DATABASE_BACKUP_PATH: /home/runner/work/_temp/novel-ci-local-interop.IUYcXh/data/database-backups
2026-10-09T16:57:43.6748145Z   KNOWLEDGE_SOURCE_PATH: /home/runner/work/_temp/novel-ci-local-interop.IUYcXh/data/novels
2026-10-09T16:57:43.6748601Z ##[endgroup]
2026-10-09T16:57:44.1453760Z {
2026-10-09T16:57:44.1454184Z   "schema_version": 1,
2026-10-09T16:57:44.1454580Z   "scope": "interop",
2026-10-09T16:57:44.1454928Z   "status": "complete",
2026-10-09T16:57:44.1455315Z   "identity": {
2026-10-09T16:57:44.1455775Z     "checked_out_sha": "ec342fe9b69ba45d850d971ce2e15d1b12046096",
2026-10-09T16:57:44.1456431Z     "source_tree": "2ec6365e1f1f183f029c9f0a94d040d134e22b47",
2026-10-09T16:57:44.1457042Z     "event_sha": "ec342fe9b69ba45d850d971ce2e15d1b12046096",
2026-10-09T16:57:44.1457943Z     "run_id": "37962541535",
2026-10-09T16:57:44.1458315Z     "run_attempt": "1",
2026-10-09T16:57:44.1458715Z     "repository": "1785235376-blip/AI-Novel-Studio",
2026-10-09T16:57:44.1459178Z     "python_version": "3.12.9",
2026-10-09T16:57:44.1459551Z     "platform": "linux",
2026-10-09T16:57:44.1460207Z     "source_manifest_sha256": "904bb2488f729857af98ef7abccacf90f664aea53eb49a48f8262f764141b522",
2026-10-09T16:57:44.1461235Z     "dependency_digest": "fb6f9ade2d88f097b3d1c77f38c07276d773fb4b377ae412194f10805e92b97e"
2026-10-09T16:57:44.1461906Z   },
2026-10-09T16:57:44.1462212Z   "unique_collected_per_profile": 413,
2026-10-09T16:57:44.1462617Z   "profiles": {
2026-10-09T16:57:44.1462914Z     "file": {
2026-10-09T16:57:44.1463210Z       "collected": 413,
2026-10-09T16:57:44.1463534Z       "passed": 345,
2026-10-09T16:57:44.1463853Z       "skipped": 68,
2026-10-09T16:57:44.1464185Z       "shards": 1
2026-10-09T16:57:44.1464471Z     }
2026-10-09T16:57:44.1464737Z   },
2026-10-09T16:57:44.1465355Z   "external_gates": {},
2026-10-09T16:57:44.1466026Z   "evidence": "complete collected backend coverage; not monolithic PostgreSQL interaction equivalence"
2026-10-09T16:57:44.1466804Z }
2026-10-09T16:57:44.1588347Z ##[group]Run python scripts/check_desktop_integration.py
2026-10-09T16:57:44.1588827Z [36;1mpython scripts/check_desktop_integration.py[0m
2026-10-09T16:57:44.1589398Z [36;1mpython -m local_interop_desktop.acceptance --mock-only --output "$CI_RECEIPTS/desktop-acceptance.json"[0m
2026-10-09T16:57:44.1653595Z shell: /usr/bin/bash -e {0}
2026-10-09T16:57:44.1653854Z env:
2026-10-09T16:57:44.1654060Z   MOCK_PROVIDER: true
2026-10-09T16:57:44.1654294Z   ENABLE_CLOUD: false
2026-10-09T16:57:44.1654531Z   CREDENTIAL_VAULT_BACKEND: memory
2026-10-09T16:57:44.1654836Z   CREDENTIAL_VAULT_ALLOW_MEMORY_FALLBACK: true
2026-10-09T16:57:44.1655146Z   HF_HUB_OFFLINE: 1
2026-10-09T16:57:44.1655370Z   TRANSFORMERS_OFFLINE: 1
2026-10-09T16:57:44.1655679Z   pythonLocation: /opt/hostedtoolcache/Python/3.12.9/x64
2026-10-09T16:57:44.1656139Z   PKG_CONFIG_PATH: /opt/hostedtoolcache/Python/3.12.9/x64/lib/pkgconfig
2026-10-09T16:57:44.1656587Z   Python_ROOT_DIR: /opt/hostedtoolcache/Python/3.12.9/x64
2026-10-09T16:57:44.1657031Z   Python2_ROOT_DIR: /opt/hostedtoolcache/Python/3.12.9/x64
2026-10-09T16:57:44.1657655Z   Python3_ROOT_DIR: /opt/hostedtoolcache/Python/3.12.9/x64
2026-10-09T16:57:44.1658083Z   LD_LIBRARY_PATH: /opt/hostedtoolcache/Python/3.12.9/x64/lib
2026-10-09T16:57:44.1658518Z   CI_COVERAGE_SHA: ec342fe9b69ba45d850d971ce2e15d1b12046096
2026-10-09T16:57:44.1658944Z   CI_COVERAGE_TREE: 2ec6365e1f1f183f029c9f0a94d040d134e22b47
2026-10-09T16:57:44.1659399Z   CI_SANDBOX: /home/runner/work/_temp/novel-ci-local-interop.IUYcXh
2026-10-09T16:57:44.1659935Z   CI_PROJECT: /home/runner/work/_temp/novel-ci-local-interop.IUYcXh/project
2026-10-09T16:57:44.1660499Z   CI_RECEIPTS: /home/runner/work/_temp/novel-ci-local-interop.IUYcXh/receipts
2026-10-09T16:57:44.1661030Z   HOME: /home/runner/work/_temp/novel-ci-local-interop.IUYcXh/home
2026-10-09T16:57:44.1661551Z   USERPROFILE: /home/runner/work/_temp/novel-ci-local-interop.IUYcXh/home
2026-10-09T16:57:44.1662102Z   APPDATA: /home/runner/work/_temp/novel-ci-local-interop.IUYcXh/appdata
2026-10-09T16:57:44.1662675Z   LOCALAPPDATA: /home/runner/work/_temp/novel-ci-local-interop.IUYcXh/localappdata
2026-10-09T16:57:44.1663274Z   XDG_CONFIG_HOME: /home/runner/work/_temp/novel-ci-local-interop.IUYcXh/config
2026-10-09T16:57:44.1663847Z   XDG_CACHE_HOME: /home/runner/work/_temp/novel-ci-local-interop.IUYcXh/cache
2026-10-09T16:57:44.1664396Z   XDG_DATA_HOME: /home/runner/work/_temp/novel-ci-local-interop.IUYcXh/data
2026-10-09T16:57:44.1664940Z   XDG_STATE_HOME: /home/runner/work/_temp/novel-ci-local-interop.IUYcXh/state
2026-10-09T16:57:44.1665463Z   TMPDIR: /home/runner/work/_temp/novel-ci-local-interop.IUYcXh/tmp
2026-10-09T16:57:44.1665938Z   TMP: /home/runner/work/_temp/novel-ci-local-interop.IUYcXh/tmp
2026-10-09T16:57:44.1666405Z   TEMP: /home/runner/work/_temp/novel-ci-local-interop.IUYcXh/tmp
2026-10-09T16:57:44.1666927Z   PROJECT_ROOT: /home/runner/work/_temp/novel-ci-local-interop.IUYcXh/project
2026-10-09T16:57:44.1667738Z   NOVEL_DATA_PATH: /home/runner/work/_temp/novel-ci-local-interop.IUYcXh/data/novels
2026-10-09T16:57:44.1668349Z   BACKUP_PATH: /home/runner/work/_temp/novel-ci-local-interop.IUYcXh/data/backups
2026-10-09T16:57:44.1668947Z   DATABASE_BACKUP_PATH: /home/runner/work/_temp/novel-ci-local-interop.IUYcXh/data/database-backups
2026-10-09T16:57:44.1669614Z   KNOWLEDGE_SOURCE_PATH: /home/runner/work/_temp/novel-ci-local-interop.IUYcXh/data/novels
2026-10-09T16:57:44.1670080Z ##[endgroup]
2026-10-09T16:57:44.2056777Z {
2026-10-09T16:57:44.2057192Z   "acceptance_scenarios": 24,
2026-10-09T16:57:44.2058062Z   "frozen_protocol_files": 37,
2026-10-09T16:57:44.2058693Z   "manifest_sha256": "77c1f82f0aec0ef385d95cacf6fe04530b83fb62d2403bc7341cbe6bf19c858c",
2026-10-09T16:57:44.2059384Z   "protocol": "PoemSeed Local Interop 1.0",
2026-10-09T16:57:44.2060210Z   "real_desktop_acceptance": "LOCAL_REQUIRED",
2026-10-09T16:57:44.2060620Z   "requirements": 69,
2026-10-09T16:57:44.2060948Z   "shared_desktop_preparation_files": 26
2026-10-09T16:57:44.2061542Z }
2026-10-09T16:57:44.8206979Z {
2026-10-09T16:57:44.8207803Z   "native_acceptance": "LOCAL_REQUIRED",
2026-10-09T16:57:44.8208514Z   "protocol": "PoemSeed Local Interop 1.0",
2026-10-09T16:57:44.8209140Z   "results": [
2026-10-09T16:57:44.8209581Z     {
2026-10-09T16:57:44.8210005Z       "checks": [
2026-10-09T16:57:44.8210442Z         "absent_installation",
2026-10-09T16:57:44.8210924Z         "no_auto_launch"
2026-10-09T16:57:44.8211358Z       ],
2026-10-09T16:57:44.8211733Z       "elapsed_ms": 0.686,
2026-10-09T16:57:44.8212209Z       "error_code": null,
2026-10-09T16:57:44.8212582Z       "id": "A01",
2026-10-09T16:57:44.8212934Z       "name": "Install state",
2026-10-09T16:57:44.8213421Z       "native_status": "LOCAL_REQUIRED",
2026-10-09T16:57:44.8214026Z       "outcome": "PASS",
2026-10-09T16:57:44.8214509Z       "scope": "MOCK_ONLY"
2026-10-09T16:57:44.8215016Z     },
2026-10-09T16:57:44.8215371Z     {
2026-10-09T16:57:44.8215729Z       "checks": [
2026-10-09T16:57:44.8216189Z         "registered_discovery",
2026-10-09T16:57:44.8216704Z         "bounded_deduplication",
2026-10-09T16:57:44.8217217Z         "no_process_scan"
2026-10-09T16:57:44.8217857Z       ],
2026-10-09T16:57:44.8218239Z       "elapsed_ms": 0.616,
2026-10-09T16:57:44.8218706Z       "error_code": null,
2026-10-09T16:57:44.8219162Z       "id": "A02",
2026-10-09T16:57:44.8219588Z       "name": "Peer discovery",
2026-10-09T16:57:44.8220110Z       "native_status": "LOCAL_REQUIRED",
2026-10-09T16:57:44.8220667Z       "outcome": "PASS",
2026-10-09T16:57:44.8221062Z       "scope": "MOCK_ONLY"
2026-10-09T16:57:44.8221429Z     },
2026-10-09T16:57:44.8221723Z     {
2026-10-09T16:57:44.8222019Z       "checks": [
2026-10-09T16:57:44.8222382Z         "synthetic_os_facts_only",
2026-10-09T16:57:44.8222919Z         "explicit_approval",
2026-10-09T16:57:44.8223345Z         "trust_downgrade",
2026-10-09T16:57:44.8223740Z         "revocation"
2026-10-09T16:57:44.8224081Z       ],
2026-10-09T16:57:44.8224344Z       "elapsed_ms": 0.561,
2026-10-09T16:57:44.8224585Z       "error_code": null,
2026-10-09T16:57:44.8224815Z       "id": "A03",
2026-10-09T16:57:44.8225023Z       "name": "Trust",
2026-10-09T16:57:44.8225257Z       "native_status": "LOCAL_REQUIRED",
2026-10-09T16:57:44.8225531Z       "outcome": "PASS",
2026-10-09T16:57:44.8225758Z       "scope": "MOCK_ONLY"
2026-10-09T16:57:44.8225970Z     },
2026-10-09T16:57:44.8226141Z     {
2026-10-09T16:57:44.8226322Z       "checks": [
2026-10-09T16:57:44.8226533Z         "five_distinct_stages",
2026-10-09T16:57:44.8226799Z         "deterministic_observable_history"
2026-10-09T16:57:44.8227065Z       ],
2026-10-09T16:57:44.8227254Z       "elapsed_ms": 10.237,
2026-10-09T16:57:44.8227773Z       "error_code": null,
2026-10-09T16:57:44.8227998Z       "id": "A04",
2026-10-09T16:57:44.8228209Z       "name": "Handshake",
2026-10-09T16:57:44.8228457Z       "native_status": "LOCAL_REQUIRED",
2026-10-09T16:57:44.8228719Z       "outcome": "PASS",
2026-10-09T16:57:44.8228942Z       "scope": "MOCK_ONLY"
2026-10-09T16:57:44.8229163Z     },
2026-10-09T16:57:44.8229331Z     {
2026-10-09T16:57:44.8229499Z       "checks": [
2026-10-09T16:57:44.8229732Z         "negotiated_support",
2026-10-09T16:57:44.8229994Z         "content_permission_not_implied"
2026-10-09T16:57:44.8230246Z       ],
2026-10-09T16:57:44.8230431Z       "elapsed_ms": 10.896,
2026-10-09T16:57:44.8230658Z       "error_code": null,
2026-10-09T16:57:44.8230869Z       "id": "A05",
2026-10-09T16:57:44.8231089Z       "name": "Capability negotiation",
2026-10-09T16:57:44.8231363Z       "native_status": "LOCAL_REQUIRED",
2026-10-09T16:57:44.8231622Z       "outcome": "PASS",
2026-10-09T16:57:44.8231842Z       "scope": "MOCK_ONLY"
2026-10-09T16:57:44.8232050Z     },
2026-10-09T16:57:44.8232217Z     {
2026-10-09T16:57:44.8232395Z       "checks": [
2026-10-09T16:57:44.8232594Z         "metadata_only",
2026-10-09T16:57:44.8233434Z         "no_manuscript_selection_prompt"
2026-10-09T16:57:44.8233698Z       ],
2026-10-09T16:57:44.8233892Z       "elapsed_ms": 1.047,
2026-10-09T16:57:44.8234266Z       "error_code": null,
2026-10-09T16:57:44.8234484Z       "id": "A06",
2026-10-09T16:57:44.8234694Z       "name": "Metadata context",
2026-10-09T16:57:44.8234955Z       "native_status": "LOCAL_REQUIRED",
2026-10-09T16:57:44.8235218Z       "outcome": "PASS",
2026-10-09T16:57:44.8235443Z       "scope": "MOCK_ONLY"
2026-10-09T16:57:44.8235674Z     },
2026-10-09T16:57:44.8235846Z     {
2026-10-09T16:57:44.8236017Z       "checks": [
2026-10-09T16:57:44.8236230Z         "explicit_consent",
2026-10-09T16:57:44.8236471Z         "exact_content_scope",
2026-10-09T16:57:44.8236715Z         "chapter_version_fence"
2026-10-09T16:57:44.8236938Z       ],
2026-10-09T16:57:44.8237126Z       "elapsed_ms": 1.168,
2026-10-09T16:57:44.8237349Z       "error_code": null,
2026-10-09T16:57:44.8237841Z       "id": "A07",
2026-10-09T16:57:44.8238061Z       "name": "Selection context",
2026-10-09T16:57:44.8238331Z       "native_status": "LOCAL_REQUIRED",
2026-10-09T16:57:44.8238591Z       "outcome": "PASS",
2026-10-09T16:57:44.8238812Z       "scope": "MOCK_ONLY"
2026-10-09T16:57:44.8239017Z     },
2026-10-09T16:57:44.8239187Z     {
2026-10-09T16:57:44.8239360Z       "checks": [
2026-10-09T16:57:44.8239561Z         "explicit_consent",
2026-10-09T16:57:44.8239793Z         "exact_content_scope",
2026-10-09T16:57:44.8240039Z         "chapter_version_fence"
2026-10-09T16:57:44.8240264Z       ],
2026-10-09T16:57:44.8240448Z       "elapsed_ms": 1.064,
2026-10-09T16:57:44.8240669Z       "error_code": null,
2026-10-09T16:57:44.8240890Z       "id": "A08",
2026-10-09T16:57:44.8241098Z       "name": "Chapter context",
2026-10-09T16:57:44.8241349Z       "native_status": "LOCAL_REQUIRED",
2026-10-09T16:57:44.8241607Z       "outcome": "PASS",
2026-10-09T16:57:44.8241828Z       "scope": "MOCK_ONLY"
2026-10-09T16:57:44.8242032Z     },
2026-10-09T16:57:44.8242201Z     {
2026-10-09T16:57:44.8242367Z       "checks": [
2026-10-09T16:57:44.8242571Z         "non_content_diagnostic",
2026-10-09T16:57:44.8242819Z         "allowlisted_audit",
2026-10-09T16:57:44.8243052Z         "bounded_audit"
2026-10-09T16:57:44.8243262Z       ],
2026-10-09T16:57:44.8243442Z       "elapsed_ms": 1.63,
2026-10-09T16:57:44.8243660Z       "error_code": null,
2026-10-09T16:57:44.8243868Z       "id": "A09",
2026-10-09T16:57:44.8244071Z       "name": "Diagnostic",
2026-10-09T16:57:44.8244311Z       "native_status": "LOCAL_REQUIRED",
2026-10-09T16:57:44.8244572Z       "outcome": "PASS",
2026-10-09T16:57:44.8244788Z       "scope": "MOCK_ONLY"
2026-10-09T16:57:44.8244994Z     },
2026-10-09T16:57:44.8245163Z     {
2026-10-09T16:57:44.8245333Z       "checks": [
2026-10-09T16:57:44.8245612Z         "coalescing",
2026-10-09T16:57:44.8245840Z         "live_delivery_permission",
2026-10-09T16:57:44.8246091Z         "isolated_revocation",
2026-10-09T16:57:44.8246325Z         "pause_resume",
2026-10-09T16:57:44.8246569Z         "disconnect_no_grant"
2026-10-09T16:57:44.8246797Z       ],
2026-10-09T16:57:44.8246980Z       "elapsed_ms": 101.722,
2026-10-09T16:57:44.8247214Z       "error_code": null,
2026-10-09T16:57:44.8247660Z       "id": "A10",
2026-10-09T16:57:44.8247869Z       "name": "Event",
2026-10-09T16:57:44.8248095Z       "native_status": "LOCAL_REQUIRED",
2026-10-09T16:57:44.8248356Z       "outcome": "PASS",
2026-10-09T16:57:44.8248577Z       "scope": "MOCK_ONLY"
2026-10-09T16:57:44.8248790Z     },
2026-10-09T16:57:44.8248962Z     {
2026-10-09T16:57:44.8249139Z       "checks": [
2026-10-09T16:57:44.8249341Z         "session_revoked",
2026-10-09T16:57:44.8249584Z         "later_delivery_rejected"
2026-10-09T16:57:44.8249816Z       ],
2026-10-09T16:57:44.8250001Z       "elapsed_ms": 11.033,
2026-10-09T16:57:44.8250230Z       "error_code": null,
2026-10-09T16:57:44.8250454Z       "id": "A11",
2026-10-09T16:57:44.8250659Z       "name": "Session revoke",
2026-10-09T16:57:44.8250906Z       "native_status": "LOCAL_REQUIRED",
2026-10-09T16:57:44.8251344Z       "outcome": "PASS",
2026-10-09T16:57:44.8251567Z       "scope": "MOCK_ONLY"
2026-10-09T16:57:44.8251772Z     },
2026-10-09T16:57:44.8252059Z     {
2026-10-09T16:57:44.8252240Z       "checks": [
2026-10-09T16:57:44.8252438Z         "coalescing",
2026-10-09T16:57:44.8252654Z         "live_delivery_permission",
2026-10-09T16:57:44.8252907Z         "isolated_revocation",
2026-10-09T16:57:44.8253137Z         "pause_resume",
2026-10-09T16:57:44.8253353Z         "disconnect_no_grant"
2026-10-09T16:57:44.8253574Z       ],
2026-10-09T16:57:44.8253757Z       "elapsed_ms": 111.802,
2026-10-09T16:57:44.8253986Z       "error_code": null,
2026-10-09T16:57:44.8254194Z       "id": "A12",
2026-10-09T16:57:44.8254405Z       "name": "Permission revoke",
2026-10-09T16:57:44.8254671Z       "native_status": "LOCAL_REQUIRED",
2026-10-09T16:57:44.8254928Z       "outcome": "PASS",
2026-10-09T16:57:44.8255144Z       "scope": "MOCK_ONLY"
2026-10-09T16:57:44.8255353Z     },
2026-10-09T16:57:44.8255526Z     {
2026-10-09T16:57:44.8255700Z       "checks": [
2026-10-09T16:57:44.8255909Z         "v1_request_response_loop",
2026-10-09T16:57:44.8256168Z         "advice_no_mutation"
2026-10-09T16:57:44.8256386Z       ],
2026-10-09T16:57:44.8256569Z       "elapsed_ms": 15.773,
2026-10-09T16:57:44.8256793Z       "error_code": null,
2026-10-09T16:57:44.8257013Z       "id": "A13",
2026-10-09T16:57:44.8257220Z       "name": "Tutor guidance",
2026-10-09T16:57:44.8257689Z       "native_status": "LOCAL_REQUIRED",
2026-10-09T16:57:44.8257953Z       "outcome": "PASS",
2026-10-09T16:57:44.8258175Z       "scope": "MOCK_ONLY"
2026-10-09T16:57:44.8258381Z     },
2026-10-09T16:57:44.8258550Z     {
2026-10-09T16:57:44.8258726Z       "checks": [
2026-10-09T16:57:44.8258930Z         "fresh_owner_callback",
2026-10-09T16:57:44.8259178Z         "wire_evidence_never_promoted"
2026-10-09T16:57:44.8259425Z       ],
2026-10-09T16:57:44.8259616Z       "elapsed_ms": 18.94,
2026-10-09T16:57:44.8259840Z       "error_code": null,
2026-10-09T16:57:44.8260057Z       "id": "A14",
2026-10-09T16:57:44.8260265Z       "name": "Verifier",
2026-10-09T16:57:44.8260496Z       "native_status": "LOCAL_REQUIRED",
2026-10-09T16:57:44.8260762Z       "outcome": "PASS",
2026-10-09T16:57:44.8260978Z       "scope": "MOCK_ONLY"
2026-10-09T16:57:44.8261184Z     },
2026-10-09T16:57:44.8261348Z     {
2026-10-09T16:57:44.8261515Z       "checks": [
2026-10-09T16:57:44.8261717Z         "advice_does_not_navigate",
2026-10-09T16:57:44.8261969Z         "local_user_click",
2026-10-09T16:57:44.8262194Z         "single_use_presence"
2026-10-09T16:57:44.8262411Z       ],
2026-10-09T16:57:44.8262590Z       "elapsed_ms": 0.658,
2026-10-09T16:57:44.8262808Z       "error_code": null,
2026-10-09T16:57:44.8263013Z       "id": "A15",
2026-10-09T16:57:44.8263213Z       "name": "Deep Link",
2026-10-09T16:57:44.8263443Z       "native_status": "LOCAL_REQUIRED",
2026-10-09T16:57:44.8263696Z       "outcome": "PASS",
2026-10-09T16:57:44.8263910Z       "scope": "MOCK_ONLY"
2026-10-09T16:57:44.8264116Z     },
2026-10-09T16:57:44.8264284Z     {
2026-10-09T16:57:44.8264464Z       "checks": [
2026-10-09T16:57:44.8264662Z         "owner_projection",
2026-10-09T16:57:44.8264890Z         "read_only_metadata",
2026-10-09T16:57:44.8265116Z         "stale_cache"
2026-10-09T16:57:44.8265309Z       ],
2026-10-09T16:57:44.8265492Z       "elapsed_ms": 0.676,
2026-10-09T16:57:44.8265709Z       "error_code": null,
2026-10-09T16:57:44.8265919Z       "id": "A16",
2026-10-09T16:57:44.8266118Z       "name": "Model Registry",
2026-10-09T16:57:44.8266362Z       "native_status": "LOCAL_REQUIRED",
2026-10-09T16:57:44.8266617Z       "outcome": "PASS",
2026-10-09T16:57:44.8266839Z       "scope": "MOCK_ONLY"
2026-10-09T16:57:44.8267056Z     },
2026-10-09T16:57:44.8267225Z     {
2026-10-09T16:57:44.8267606Z       "checks": [
2026-10-09T16:57:44.8267822Z         "synthetic_peer_crash",
2026-10-09T16:57:44.8268076Z         "no_successful_late_delivery"
2026-10-09T16:57:44.8268319Z       ],
2026-10-09T16:57:44.8268659Z       "elapsed_ms": 10.449,
2026-10-09T16:57:44.8268882Z       "error_code": null,
2026-10-09T16:57:44.8269091Z       "id": "A17",
2026-10-09T16:57:44.8269476Z       "name": "Tutor crash",
2026-10-09T16:57:44.8269727Z       "native_status": "LOCAL_REQUIRED",
2026-10-09T16:57:44.8269979Z       "outcome": "PASS",
2026-10-09T16:57:44.8270192Z       "scope": "MOCK_ONLY"
2026-10-09T16:57:44.8270392Z     },
2026-10-09T16:57:44.8270556Z     {
2026-10-09T16:57:44.8270722Z       "checks": [
2026-10-09T16:57:44.8270928Z         "simulated_host_shutdown",
2026-10-09T16:57:44.8271176Z         "volatile_session_revoked"
2026-10-09T16:57:44.8271401Z       ],
2026-10-09T16:57:44.8271577Z       "elapsed_ms": 10.42,
2026-10-09T16:57:44.8271792Z       "error_code": null,
2026-10-09T16:57:44.8272010Z       "id": "A18",
2026-10-09T16:57:44.8272208Z       "name": "Studio crash",
2026-10-09T16:57:44.8272447Z       "native_status": "LOCAL_REQUIRED",
2026-10-09T16:57:44.8272701Z       "outcome": "PASS",
2026-10-09T16:57:44.8272921Z       "scope": "MOCK_ONLY"
2026-10-09T16:57:44.8273125Z     },
2026-10-09T16:57:44.8273294Z     {
2026-10-09T16:57:44.8273461Z       "checks": [
2026-10-09T16:57:44.8273663Z         "fresh_instance",
2026-10-09T16:57:44.8273906Z         "no_session_or_standing_grant_restoration"
2026-10-09T16:57:44.8274185Z       ],
2026-10-09T16:57:44.8274373Z       "elapsed_ms": 10.9,
2026-10-09T16:57:44.8274589Z       "error_code": null,
2026-10-09T16:57:44.8274796Z       "id": "A19",
2026-10-09T16:57:44.8274994Z       "name": "Restart",
2026-10-09T16:57:44.8275223Z       "native_status": "LOCAL_REQUIRED",
2026-10-09T16:57:44.8275482Z       "outcome": "PASS",
2026-10-09T16:57:44.8275696Z       "scope": "MOCK_ONLY"
2026-10-09T16:57:44.8275901Z     },
2026-10-09T16:57:44.8276066Z     {
2026-10-09T16:57:44.8276234Z       "checks": [
2026-10-09T16:57:44.8276444Z         "product_upgrade_compatible",
2026-10-09T16:57:44.8276737Z         "optional_1_1_advertisement_selects_1_0",
2026-10-09T16:57:44.8277034Z         "unknown_major_rejected"
2026-10-09T16:57:44.8277267Z       ],
2026-10-09T16:57:44.8277706Z       "elapsed_ms": 10.929,
2026-10-09T16:57:44.8277943Z       "error_code": null,
2026-10-09T16:57:44.8278157Z       "id": "A20",
2026-10-09T16:57:44.8278371Z       "name": "Upgrade compatibility",
2026-10-09T16:57:44.8278638Z       "native_status": "LOCAL_REQUIRED",
2026-10-09T16:57:44.8278896Z       "outcome": "PASS",
2026-10-09T16:57:44.8279112Z       "scope": "MOCK_ONLY"
2026-10-09T16:57:44.8279317Z     },
2026-10-09T16:57:44.8279487Z     {
2026-10-09T16:57:44.8279653Z       "checks": [
2026-10-09T16:57:44.8279870Z         "distinct_windows_user_probe_required"
2026-10-09T16:57:44.8280131Z       ],
2026-10-09T16:57:44.8280308Z       "elapsed_ms": 0.0,
2026-10-09T16:57:44.8280524Z       "error_code": null,
2026-10-09T16:57:44.8280732Z       "id": "A21",
2026-10-09T16:57:44.8280940Z       "name": "Different Windows user",
2026-10-09T16:57:44.8281204Z       "native_status": "NOT_RUN",
2026-10-09T16:57:44.8281445Z       "outcome": "NOT_RUN",
2026-10-09T16:57:44.8281672Z       "scope": "NATIVE_REQUIRED"
2026-10-09T16:57:44.8281897Z     },
2026-10-09T16:57:44.8282063Z     {
2026-10-09T16:57:44.8282231Z       "checks": [
2026-10-09T16:57:44.8282442Z         "claimed_known_product_rejected",
2026-10-09T16:57:44.8282717Z         "no_installation_no_trust"
2026-10-09T16:57:44.8282945Z       ],
2026-10-09T16:57:44.8283122Z       "elapsed_ms": 0.341,
2026-10-09T16:57:44.8283342Z       "error_code": null,
2026-10-09T16:57:44.8283544Z       "id": "A22",
2026-10-09T16:57:44.8283745Z       "name": "Fake product_id",
2026-10-09T16:57:44.8283991Z       "native_status": "LOCAL_REQUIRED",
2026-10-09T16:57:44.8284253Z       "outcome": "PASS",
2026-10-09T16:57:44.8284468Z       "scope": "MOCK_ONLY"
2026-10-09T16:57:44.8284673Z     },
2026-10-09T16:57:44.8284841Z     {
2026-10-09T16:57:44.8285012Z       "checks": [
2026-10-09T16:57:44.8285210Z         "fixed_expiry",
2026-10-09T16:57:44.8285431Z         "heartbeat_does_not_extend",
2026-10-09T16:57:44.8285839Z         "expired_request_rejected"
2026-10-09T16:57:44.8286073Z       ],
2026-10-09T16:57:44.8286255Z       "elapsed_ms": 11.48,
2026-10-09T16:57:44.8286590Z       "error_code": null,
2026-10-09T16:57:44.8286802Z       "id": "A23",
2026-10-09T16:57:44.8287015Z       "name": "Expired session",
2026-10-09T16:57:44.8287263Z       "native_status": "LOCAL_REQUIRED",
2026-10-09T16:57:44.8287799Z       "outcome": "PASS",
2026-10-09T16:57:44.8288027Z       "scope": "MOCK_ONLY"
2026-10-09T16:57:44.8288235Z     },
2026-10-09T16:57:44.8288407Z     {
2026-10-09T16:57:44.8288576Z       "checks": [
2026-10-09T16:57:44.8288786Z         "offline_peer_isolated",
2026-10-09T16:57:44.8289028Z         "no_application_failure"
2026-10-09T16:57:44.8289252Z       ],
2026-10-09T16:57:44.8289433Z       "elapsed_ms": 0.489,
2026-10-09T16:57:44.8289661Z       "error_code": null,
2026-10-09T16:57:44.8289870Z       "id": "A24",
2026-10-09T16:57:44.8290067Z       "name": "Offline",
2026-10-09T16:57:44.8290303Z       "native_status": "LOCAL_REQUIRED",
2026-10-09T16:57:44.8290564Z       "outcome": "PASS",
2026-10-09T16:57:44.8290781Z       "scope": "MOCK_ONLY"
2026-10-09T16:57:44.8290987Z     }
2026-10-09T16:57:44.8291157Z   ],
2026-10-09T16:57:44.8291503Z   "scope": "Desktop preparation contract harness; real Desktop acceptance LOCAL_REQUIRED",
2026-10-09T16:57:44.8291929Z   "summary": {
2026-10-09T16:57:44.8292116Z     "FAIL": 0,
2026-10-09T16:57:44.8292306Z     "NOT_RUN": 1,
2026-10-09T16:57:44.8292497Z     "PASS": 23
2026-10-09T16:57:44.8292675Z   }
2026-10-09T16:57:44.8292846Z }
2026-10-09T16:57:44.8573868Z ##[group]Run python .github/ci/receipt.py "$CI_RECEIPTS"
2026-10-09T16:57:44.8574317Z [36;1mpython .github/ci/receipt.py "$CI_RECEIPTS"[0m
2026-10-09T16:57:44.8636868Z shell: /usr/bin/bash -e {0}
2026-10-09T16:57:44.8637139Z env:
2026-10-09T16:57:44.8637569Z   MOCK_PROVIDER: true
2026-10-09T16:57:44.8637864Z   ENABLE_CLOUD: false
2026-10-09T16:57:44.8638118Z   CREDENTIAL_VAULT_BACKEND: memory
2026-10-09T16:57:44.8638451Z   CREDENTIAL_VAULT_ALLOW_MEMORY_FALLBACK: true
2026-10-09T16:57:44.8638775Z   HF_HUB_OFFLINE: 1
2026-10-09T16:57:44.8639008Z   TRANSFORMERS_OFFLINE: 1
2026-10-09T16:57:44.8639341Z   pythonLocation: /opt/hostedtoolcache/Python/3.12.9/x64
2026-10-09T16:57:44.8639825Z   PKG_CONFIG_PATH: /opt/hostedtoolcache/Python/3.12.9/x64/lib/pkgconfig
2026-10-09T16:57:44.8640304Z   Python_ROOT_DIR: /opt/hostedtoolcache/Python/3.12.9/x64
2026-10-09T16:57:44.8640730Z   Python2_ROOT_DIR: /opt/hostedtoolcache/Python/3.12.9/x64
2026-10-09T16:57:44.8641198Z   Python3_ROOT_DIR: /opt/hostedtoolcache/Python/3.12.9/x64
2026-10-09T16:57:44.8641615Z   LD_LIBRARY_PATH: /opt/hostedtoolcache/Python/3.12.9/x64/lib
2026-10-09T16:57:44.8642025Z   CI_COVERAGE_SHA: ec342fe9b69ba45d850d971ce2e15d1b12046096
2026-10-09T16:57:44.8642425Z   CI_COVERAGE_TREE: 2ec6365e1f1f183f029c9f0a94d040d134e22b47
2026-10-09T16:57:44.8642863Z   CI_SANDBOX: /home/runner/work/_temp/novel-ci-local-interop.IUYcXh
2026-10-09T16:57:44.8643367Z   CI_PROJECT: /home/runner/work/_temp/novel-ci-local-interop.IUYcXh/project
2026-10-09T16:57:44.8643921Z   CI_RECEIPTS: /home/runner/work/_temp/novel-ci-local-interop.IUYcXh/receipts
2026-10-09T16:57:44.8644425Z   HOME: /home/runner/work/_temp/novel-ci-local-interop.IUYcXh/home
2026-10-09T16:57:44.8644908Z   USERPROFILE: /home/runner/work/_temp/novel-ci-local-interop.IUYcXh/home
2026-10-09T16:57:44.8645419Z   APPDATA: /home/runner/work/_temp/novel-ci-local-interop.IUYcXh/appdata
2026-10-09T16:57:44.8645972Z   LOCALAPPDATA: /home/runner/work/_temp/novel-ci-local-interop.IUYcXh/localappdata
2026-10-09T16:57:44.8646546Z   XDG_CONFIG_HOME: /home/runner/work/_temp/novel-ci-local-interop.IUYcXh/config
2026-10-09T16:57:44.8647086Z   XDG_CACHE_HOME: /home/runner/work/_temp/novel-ci-local-interop.IUYcXh/cache
2026-10-09T16:57:44.8647809Z   XDG_DATA_HOME: /home/runner/work/_temp/novel-ci-local-interop.IUYcXh/data
2026-10-09T16:57:44.8648323Z   XDG_STATE_HOME: /home/runner/work/_temp/novel-ci-local-interop.IUYcXh/state
2026-10-09T16:57:44.8649021Z   TMPDIR: /home/runner/work/_temp/novel-ci-local-interop.IUYcXh/tmp
2026-10-09T16:57:44.8649475Z   TMP: /home/runner/work/_temp/novel-ci-local-interop.IUYcXh/tmp
2026-10-09T16:57:44.8649915Z   TEMP: /home/runner/work/_temp/novel-ci-local-interop.IUYcXh/tmp
2026-10-09T16:57:44.8650399Z   PROJECT_ROOT: /home/runner/work/_temp/novel-ci-local-interop.IUYcXh/project
2026-10-09T16:57:44.8650955Z   NOVEL_DATA_PATH: /home/runner/work/_temp/novel-ci-local-interop.IUYcXh/data/novels
2026-10-09T16:57:44.8651535Z   BACKUP_PATH: /home/runner/work/_temp/novel-ci-local-interop.IUYcXh/data/backups
2026-10-09T16:57:44.8652121Z   DATABASE_BACKUP_PATH: /home/runner/work/_temp/novel-ci-local-interop.IUYcXh/data/database-backups
2026-10-09T16:57:44.8652750Z   KNOWLEDGE_SOURCE_PATH: /home/runner/work/_temp/novel-ci-local-interop.IUYcXh/data/novels
2026-10-09T16:57:44.8653181Z ##[endgroup]
2026-10-09T16:57:44.9053574Z {
2026-10-09T16:57:44.9055760Z   "revision": "checked_out_sha=ec342fe9b69ba45d850d971ce2e15d1b12046096\nevent_sha=ec342fe9b69ba45d850d971ce2e15d1b12046096\nrun_url=https://github.com/1785235376-blip/AI-Novel-Studio/actions/runs/37962541535\njob=local-interop\nplatform=Linux; native Windows host/AppContainer/installer=NOT RUN\n",
2026-10-09T16:57:44.9058037Z   "test_reports": {
2026-10-09T16:57:44.9058541Z     "local-interop.xml": {
2026-10-09T16:57:44.9059072Z       "tests": 413,
2026-10-09T16:57:44.9059414Z       "failures": 0,
2026-10-09T16:57:44.9059738Z       "errors": 0,
2026-10-09T16:57:44.9060038Z       "skipped": 68
2026-10-09T16:57:44.9060396Z     }
2026-10-09T16:57:44.9060970Z   },
2026-10-09T16:57:44.9061269Z   "report_status": "RECORDED",
2026-10-09T16:57:44.9061827Z   "native_windows_host_appcontainer_installer": "NOT RUN",
2026-10-09T16:57:44.9062375Z   "real_model_and_paid_provider_execution": "NOT RUN"
2026-10-09T16:57:44.9062803Z }
2026-10-09T16:57:44.9062950Z 
2026-10-09T16:57:44.9179354Z ##[group]Run actions/upload-artifact@v4.6.2
2026-10-09T16:57:44.9179670Z with:
2026-10-09T16:57:44.9180000Z   name: local-interop-file-ec342fe9b69ba45d850d971ce2e15d1b12046096
2026-10-09T16:57:44.9180485Z   path: /home/runner/work/_temp/novel-ci-local-interop.IUYcXh/receipts
2026-10-09T16:57:44.9180866Z   if-no-files-found: error
2026-10-09T16:57:44.9181096Z   retention-days: 14
2026-10-09T16:57:44.9181317Z   compression-level: 6
2026-10-09T16:57:44.9181536Z   overwrite: false
2026-10-09T16:57:44.9181755Z   include-hidden-files: false
2026-10-09T16:57:44.9181988Z env:
2026-10-09T16:57:44.9182174Z   MOCK_PROVIDER: true
2026-10-09T16:57:44.9182383Z   ENABLE_CLOUD: false
2026-10-09T16:57:44.9182604Z   CREDENTIAL_VAULT_BACKEND: memory
2026-10-09T16:57:44.9182885Z   CREDENTIAL_VAULT_ALLOW_MEMORY_FALLBACK: true
2026-10-09T16:57:44.9183164Z   HF_HUB_OFFLINE: 1
2026-10-09T16:57:44.9183380Z   TRANSFORMERS_OFFLINE: 1
2026-10-09T16:57:44.9183694Z   pythonLocation: /opt/hostedtoolcache/Python/3.12.9/x64
2026-10-09T16:57:44.9184125Z   PKG_CONFIG_PATH: /opt/hostedtoolcache/Python/3.12.9/x64/lib/pkgconfig
2026-10-09T16:57:44.9184548Z   Python_ROOT_DIR: /opt/hostedtoolcache/Python/3.12.9/x64
2026-10-09T16:57:44.9184920Z   Python2_ROOT_DIR: /opt/hostedtoolcache/Python/3.12.9/x64
2026-10-09T16:57:44.9185285Z   Python3_ROOT_DIR: /opt/hostedtoolcache/Python/3.12.9/x64
2026-10-09T16:57:44.9185660Z   LD_LIBRARY_PATH: /opt/hostedtoolcache/Python/3.12.9/x64/lib
2026-10-09T16:57:44.9186043Z   CI_COVERAGE_SHA: ec342fe9b69ba45d850d971ce2e15d1b12046096
2026-10-09T16:57:44.9186418Z   CI_COVERAGE_TREE: 2ec6365e1f1f183f029c9f0a94d040d134e22b47
2026-10-09T16:57:44.9186825Z   CI_SANDBOX: /home/runner/work/_temp/novel-ci-local-interop.IUYcXh
2026-10-09T16:57:44.9187299Z   CI_PROJECT: /home/runner/work/_temp/novel-ci-local-interop.IUYcXh/project
2026-10-09T16:57:44.9188165Z   CI_RECEIPTS: /home/runner/work/_temp/novel-ci-local-interop.IUYcXh/receipts
2026-10-09T16:57:44.9188653Z   HOME: /home/runner/work/_temp/novel-ci-local-interop.IUYcXh/home
2026-10-09T16:57:44.9189116Z   USERPROFILE: /home/runner/work/_temp/novel-ci-local-interop.IUYcXh/home
2026-10-09T16:57:44.9189800Z   APPDATA: /home/runner/work/_temp/novel-ci-local-interop.IUYcXh/appdata
2026-10-09T16:57:44.9190310Z   LOCALAPPDATA: /home/runner/work/_temp/novel-ci-local-interop.IUYcXh/localappdata
2026-10-09T16:57:44.9190848Z   XDG_CONFIG_HOME: /home/runner/work/_temp/novel-ci-local-interop.IUYcXh/config
2026-10-09T16:57:44.9191358Z   XDG_CACHE_HOME: /home/runner/work/_temp/novel-ci-local-interop.IUYcXh/cache
2026-10-09T16:57:44.9191840Z   XDG_DATA_HOME: /home/runner/work/_temp/novel-ci-local-interop.IUYcXh/data
2026-10-09T16:57:44.9192321Z   XDG_STATE_HOME: /home/runner/work/_temp/novel-ci-local-interop.IUYcXh/state
2026-10-09T16:57:44.9192782Z   TMPDIR: /home/runner/work/_temp/novel-ci-local-interop.IUYcXh/tmp
2026-10-09T16:57:44.9193207Z   TMP: /home/runner/work/_temp/novel-ci-local-interop.IUYcXh/tmp
2026-10-09T16:57:44.9193635Z   TEMP: /home/runner/work/_temp/novel-ci-local-interop.IUYcXh/tmp
2026-10-09T16:57:44.9194100Z   PROJECT_ROOT: /home/runner/work/_temp/novel-ci-local-interop.IUYcXh/project
2026-10-09T16:57:44.9194626Z   NOVEL_DATA_PATH: /home/runner/work/_temp/novel-ci-local-interop.IUYcXh/data/novels
2026-10-09T16:57:44.9195163Z   BACKUP_PATH: /home/runner/work/_temp/novel-ci-local-interop.IUYcXh/data/backups
2026-10-09T16:57:44.9195746Z   DATABASE_BACKUP_PATH: /home/runner/work/_temp/novel-ci-local-interop.IUYcXh/data/database-backups
2026-10-09T16:57:44.9196374Z   KNOWLEDGE_SOURCE_PATH: /home/runner/work/_temp/novel-ci-local-interop.IUYcXh/data/novels
2026-10-09T16:57:44.9196818Z ##[endgroup]
2026-10-09T16:57:45.0998452Z (node:2531) [DEP0040] DeprecationWarning: The `punycode` module is deprecated. Please use a userland alternative instead.
2026-10-09T16:57:45.0999960Z (Use `node --trace-deprecation ...` to show where the warning was created)
2026-10-09T16:57:45.1062595Z With the provided path, there will be 8 files uploaded
2026-10-09T16:57:45.1078699Z Artifact name is valid!
2026-10-09T16:57:45.1108149Z Root directory input is valid!
2026-10-09T16:57:45.3216077Z Beginning upload of artifact content to blob storage
2026-10-09T16:57:45.3595572Z (node:2531) [DEP0169] DeprecationWarning: `url.parse()` behavior is not standardized and prone to errors that have security implications. Use the WHATWG URL API instead. CVEs are not issued for `url.parse()` vulnerabilities.
2026-10-09T16:57:45.4090871Z Uploaded bytes 41533
2026-10-09T16:57:45.4320210Z Finished uploading artifact content to blob storage!
2026-10-09T16:57:45.4321878Z SHA256 digest of uploaded artifact zip is 123c9e0b77e98fb6077289b559b48e6e21e7f62e0178537d074f80222aeb2f1e
2026-10-09T16:57:45.4323308Z Finalizing artifact upload
2026-10-09T16:57:45.6698715Z Artifact local-interop-file-ec342fe9b69ba45d850d971ce2e15d1b12046096.zip successfully finalized. Artifact ID 11632975380
2026-10-09T16:57:45.6701135Z Artifact local-interop-file-ec342fe9b69ba45d850d971ce2e15d1b12046096 has been successfully uploaded! Final size is 41533 bytes. Artifact ID is 11632975380
2026-10-09T16:57:45.6707307Z Artifact download URL: https://github.com/1785235376-blip/AI-Novel-Studio/actions/runs/37962541535/artifacts/11632975380
2026-10-09T16:57:45.6887735Z Post job cleanup.
2026-10-09T16:57:45.8129987Z (node:2543) [DEP0040] DeprecationWarning: The `punycode` module is deprecated. Please use a userland alternative instead.
2026-10-09T16:57:45.8130915Z (Use `node --trace-deprecation ...` to show where the warning was created)
2026-10-09T16:57:45.8350663Z Post job cleanup.
2026-10-09T16:57:45.9283171Z [command]/usr/bin/git version
2026-10-09T16:57:45.9325321Z git version 2.55.0
2026-10-09T16:57:45.9365040Z Temporarily overriding HOME='/home/runner/work/_temp/09ff946e-3e5f-4bd0-871f-69e371289f72' before making global git config changes
2026-10-09T16:57:45.9366466Z Adding repository directory to the temporary git global config as a safe directory
2026-10-09T16:57:45.9372307Z [command]/usr/bin/git config --global --add safe.directory /home/runner/work/AI-Novel-Studio/AI-Novel-Studio
2026-10-09T16:57:45.9413218Z [command]/usr/bin/git config --local --name-only --get-regexp core\.sshCommand
2026-10-09T16:57:45.9451198Z [command]/usr/bin/git submodule foreach --recursive sh -c "git config --local --name-only --get-regexp 'core\.sshCommand' && git config --local --unset-all 'core.sshCommand' || :"
2026-10-09T16:57:45.9778780Z [command]/usr/bin/git config --local --name-only --get-regexp http\.https\:\/\/github\.com\/\.extraheader
2026-10-09T16:57:45.9844871Z [command]/usr/bin/git submodule foreach --recursive sh -c "git config --local --name-only --get-regexp 'http\.https\:\/\/github\.com\/\.extraheader' && git config --local --unset-all 'http.https://github.com/.extraheader' || :"
2026-10-09T16:57:46.0401137Z Cleaning up orphan processes
2026-10-09T16:57:46.0764612Z ##[warning]Node.js 20 is deprecated. The following actions target Node.js 20 but are being forced to run on Node.js 24: actions/checkout@v4.2.2, actions/setup-python@v5.6.0, actions/upload-artifact@v4.6.2. For more information see: https://github.blog/changelog/2025-09-19-deprecation-of-node-20-on-github-actions-runners/
