2026-10-09T16:55:08.0284353Z Current runner version: '2.337.0'
2026-10-09T16:55:08.0307483Z ##[group]Runner Image Provisioner
2026-10-09T16:55:08.0308265Z Hosted Compute Agent
2026-10-09T16:55:08.0308810Z Version: 20261002.596
2026-10-09T16:55:08.0309395Z Commit: c3d12f3313a95f25162a1503be624f3b0617f8c0
2026-10-09T16:55:08.0310065Z Build Date: 2026-10-02T22:28:27Z
2026-10-09T16:55:08.0310680Z Worker ID: {a4c9fa05-7cf0-42de-b29e-b765a1258d5c}
2026-10-09T16:55:08.0311340Z Region: westus
2026-10-09T16:55:08.0311831Z Cloud: Azure
2026-10-09T16:55:08.0312338Z ##[endgroup]
2026-10-09T16:55:08.0313658Z ##[group]Operating System
2026-10-09T16:55:08.0314260Z Microsoft Windows Server 2022
2026-10-09T16:55:08.0314846Z 10.0.20348
2026-10-09T16:55:08.0315314Z Datacenter
2026-10-09T16:55:08.0315761Z ##[endgroup]
2026-10-09T16:55:08.0316245Z ##[group]Runner Image
2026-10-09T16:55:08.0316757Z Image: windows-2022
2026-10-09T16:55:08.0317267Z Version: 20261004.326.1
2026-10-09T16:55:08.0318848Z Included Software: https://github.com/actions/runner-images/blob/win22/20261004.326/images/windows/Windows2022-Readme.md
2026-10-09T16:55:08.0320329Z Image Release: https://github.com/actions/runner-images/releases/tag/win22%2F20261004.326
2026-10-09T16:55:08.0321207Z ##[endgroup]
2026-10-09T16:55:08.0322233Z ##[group]GITHUB_TOKEN Permissions
2026-10-09T16:55:08.0324128Z Contents: read
2026-10-09T16:55:08.0324759Z Metadata: read
2026-10-09T16:55:08.0325249Z ##[endgroup]
2026-10-09T16:55:08.0327166Z Secret source: Actions
2026-10-09T16:55:08.0328011Z Cache mode: write
2026-10-09T16:55:08.0329029Z Prepare workflow directory
2026-10-09T16:55:08.0741174Z Prepare all required actions
2026-10-09T16:55:08.0807967Z Getting action download info
2026-10-09T16:55:08.4892737Z Download action repository 'actions/checkout@v4.2.2' (SHA:11bd71901bbe5b1630ceea73d27597364c9af683)
2026-10-09T16:55:08.6050211Z Download action repository 'actions/setup-dotnet@v4' (SHA:67a3573c9a986a3f9c594539f4ab511d57bb3ce9)
2026-10-09T16:55:09.0344088Z Download action repository 'actions/upload-artifact@v4.6.2' (SHA:ea165f8d65b6e75b540449e92b4886f43607fa02)
2026-10-09T16:55:09.3526748Z Complete job name: Windows current-user pipe reference (MOCK_ONLY)
2026-10-09T16:55:09.5127841Z ##[group]Run actions/checkout@v4.2.2
2026-10-09T16:55:09.5129459Z with:
2026-10-09T16:55:09.5130149Z   persist-credentials: false
2026-10-09T16:55:09.5131111Z   repository: 1785235376-blip/AI-Novel-Studio
2026-10-09T16:55:09.5139468Z   token: ***
2026-10-09T16:55:09.5139962Z   ssh-strict: true
2026-10-09T16:55:09.5140470Z   ssh-user: git
2026-10-09T16:55:09.5140947Z   clean: true
2026-10-09T16:55:09.5141476Z   sparse-checkout-cone-mode: true
2026-10-09T16:55:09.5142146Z   fetch-depth: 1
2026-10-09T16:55:09.5142656Z   fetch-tags: false
2026-10-09T16:55:09.5143188Z   show-progress: true
2026-10-09T16:55:09.5143713Z   lfs: false
2026-10-09T16:55:09.5144179Z   submodules: false
2026-10-09T16:55:09.5144719Z   set-safe-directory: true
2026-10-09T16:55:09.5145504Z env:
2026-10-09T16:55:09.5145997Z   MOCK_PROVIDER: true
2026-10-09T16:55:09.5146549Z   ENABLE_CLOUD: false
2026-10-09T16:55:09.5147114Z   CREDENTIAL_VAULT_BACKEND: memory
2026-10-09T16:55:09.5147903Z   CREDENTIAL_VAULT_ALLOW_MEMORY_FALLBACK: true
2026-10-09T16:55:09.5148671Z   HF_HUB_OFFLINE: 1
2026-10-09T16:55:09.5149201Z   TRANSFORMERS_OFFLINE: 1
2026-10-09T16:55:09.5149764Z ##[endgroup]
2026-10-09T16:55:09.6468905Z Syncing repository: 1785235376-blip/AI-Novel-Studio
2026-10-09T16:55:09.6471044Z ##[group]Getting Git version info
2026-10-09T16:55:09.6472032Z Working directory is 'D:\a\AI-Novel-Studio\AI-Novel-Studio'
2026-10-09T16:55:09.7445976Z [command]"C:\Program Files\Git\bin\git.exe" version
2026-10-09T16:55:10.0621030Z git version 2.56.0.windows.1
2026-10-09T16:55:10.0657212Z ##[endgroup]
2026-10-09T16:55:10.0676115Z Temporarily overriding HOME='D:\a\_temp\78438115-65d1-4d66-a878-91f2380f4c69' before making global git config changes
2026-10-09T16:55:10.0679480Z Adding repository directory to the temporary git global config as a safe directory
2026-10-09T16:55:10.0689140Z [command]"C:\Program Files\Git\bin\git.exe" config --global --add safe.directory D:\a\AI-Novel-Studio\AI-Novel-Studio
2026-10-09T16:55:10.1230181Z Deleting the contents of 'D:\a\AI-Novel-Studio\AI-Novel-Studio'
2026-10-09T16:55:10.1236471Z ##[group]Initializing the repository
2026-10-09T16:55:10.1245248Z [command]"C:\Program Files\Git\bin\git.exe" init D:\a\AI-Novel-Studio\AI-Novel-Studio
2026-10-09T16:55:10.2099029Z Initialized empty Git repository in D:/a/AI-Novel-Studio/AI-Novel-Studio/.git/
2026-10-09T16:55:10.2132000Z [command]"C:\Program Files\Git\bin\git.exe" remote add origin https://github.com/1785235376-blip/AI-Novel-Studio
2026-10-09T16:55:10.2663977Z ##[endgroup]
2026-10-09T16:55:10.2665005Z ##[group]Disabling automatic garbage collection
2026-10-09T16:55:10.2671994Z [command]"C:\Program Files\Git\bin\git.exe" config --local gc.auto 0
2026-10-09T16:55:10.2936398Z ##[endgroup]
2026-10-09T16:55:10.2947610Z ##[group]Setting up auth
2026-10-09T16:55:10.2948869Z [command]"C:\Program Files\Git\bin\git.exe" config --local --name-only --get-regexp core\.sshCommand
2026-10-09T16:55:10.3219545Z [command]"C:\Program Files\Git\bin\git.exe" submodule foreach --recursive "sh -c \"git config --local --name-only --get-regexp 'core\.sshCommand' && git config --local --unset-all 'core.sshCommand' || :\""
2026-10-09T16:55:11.5840428Z [command]"C:\Program Files\Git\bin\git.exe" config --local --name-only --get-regexp http\.https\:\/\/github\.com\/\.extraheader
2026-10-09T16:55:11.6111062Z [command]"C:\Program Files\Git\bin\git.exe" submodule foreach --recursive "sh -c \"git config --local --name-only --get-regexp 'http\.https\:\/\/github\.com\/\.extraheader' && git config --local --unset-all 'http.https://github.com/.extraheader' || :\""
2026-10-09T16:55:12.0647479Z [command]"C:\Program Files\Git\bin\git.exe" config --local http.https://github.com/.extraheader "AUTHORIZATION: basic ***"
2026-10-09T16:55:12.0934437Z ##[endgroup]
2026-10-09T16:55:12.0935070Z ##[group]Fetching the repository
2026-10-09T16:55:12.0955111Z [command]"C:\Program Files\Git\bin\git.exe" -c protocol.version=2 fetch --no-tags --prune --no-recurse-submodules --depth=1 origin +c386b0608ae92d18c351b5cb6e367380808a45cf:refs/remotes/origin/feature/v2-narrative-platform
2026-10-09T16:55:19.1623464Z From https://github.com/1785235376-blip/AI-Novel-Studio
2026-10-09T16:55:19.1624636Z  * [new ref]         c386b0608ae92d18c351b5cb6e367380808a45cf -> origin/feature/v2-narrative-platform
2026-10-09T16:55:19.1656983Z ##[endgroup]
2026-10-09T16:55:19.1657760Z ##[group]Determining the checkout info
2026-10-09T16:55:19.1659485Z ##[endgroup]
2026-10-09T16:55:19.1674100Z [command]"C:\Program Files\Git\bin\git.exe" sparse-checkout disable
2026-10-09T16:55:19.2084732Z [command]"C:\Program Files\Git\bin\git.exe" config --local --unset-all extensions.worktreeConfig
2026-10-09T16:55:19.2357002Z ##[group]Checking out the ref
2026-10-09T16:55:19.2369927Z [command]"C:\Program Files\Git\bin\git.exe" checkout --progress --force -B feature/v2-narrative-platform refs/remotes/origin/feature/v2-narrative-platform
2026-10-09T16:55:20.2846058Z Updating files:  45% (1729/3818)
2026-10-09T16:55:20.2946835Z Updating files:  46% (1757/3818)
2026-10-09T16:55:20.3074960Z Updating files:  47% (1795/3818)
2026-10-09T16:55:20.3183806Z Updating files:  48% (1833/3818)
2026-10-09T16:55:20.3413133Z Updating files:  49% (1871/3818)
2026-10-09T16:55:20.3553655Z Updating files:  50% (1909/3818)
2026-10-09T16:55:20.3668260Z Updating files:  51% (1948/3818)
2026-10-09T16:55:20.3768753Z Updating files:  52% (1986/3818)
2026-10-09T16:55:20.3880893Z Updating files:  53% (2024/3818)
2026-10-09T16:55:20.3980789Z Updating files:  54% (2062/3818)
2026-10-09T16:55:20.4081226Z Updating files:  55% (2100/3818)
2026-10-09T16:55:20.4187979Z Updating files:  56% (2139/3818)
2026-10-09T16:55:20.4295814Z Updating files:  57% (2177/3818)
2026-10-09T16:55:20.4418418Z Updating files:  58% (2215/3818)
2026-10-09T16:55:20.4494849Z Updating files:  59% (2253/3818)
2026-10-09T16:55:20.4711918Z Updating files:  60% (2291/3818)
2026-10-09T16:55:20.4800009Z Updating files:  61% (2329/3818)
2026-10-09T16:55:20.4868884Z Updating files:  62% (2368/3818)
2026-10-09T16:55:20.4935449Z Updating files:  63% (2406/3818)
2026-10-09T16:55:20.5017479Z Updating files:  64% (2444/3818)
2026-10-09T16:55:20.5090715Z Updating files:  65% (2482/3818)
2026-10-09T16:55:20.5167296Z Updating files:  66% (2520/3818)
2026-10-09T16:55:20.5245505Z Updating files:  67% (2559/3818)
2026-10-09T16:55:20.5330315Z Updating files:  68% (2597/3818)
2026-10-09T16:55:20.5423233Z Updating files:  69% (2635/3818)
2026-10-09T16:55:20.5485545Z Updating files:  70% (2673/3818)
2026-10-09T16:55:20.5558596Z Updating files:  71% (2711/3818)
2026-10-09T16:55:20.5630005Z Updating files:  72% (2749/3818)
2026-10-09T16:55:20.5701032Z Updating files:  73% (2788/3818)
2026-10-09T16:55:20.5771046Z Updating files:  74% (2826/3818)
2026-10-09T16:55:20.5842164Z Updating files:  75% (2864/3818)
2026-10-09T16:55:20.5903552Z Updating files:  76% (2902/3818)
2026-10-09T16:55:20.5969145Z Updating files:  77% (2940/3818)
2026-10-09T16:55:20.6038748Z Updating files:  78% (2979/3818)
2026-10-09T16:55:20.6109886Z Updating files:  79% (3017/3818)
2026-10-09T16:55:20.6184100Z Updating files:  80% (3055/3818)
2026-10-09T16:55:20.6276749Z Updating files:  81% (3093/3818)
2026-10-09T16:55:20.6342070Z Updating files:  82% (3131/3818)
2026-10-09T16:55:20.6416233Z Updating files:  83% (3169/3818)
2026-10-09T16:55:20.6481347Z Updating files:  84% (3208/3818)
2026-10-09T16:55:20.6545892Z Updating files:  85% (3246/3818)
2026-10-09T16:55:20.6610943Z Updating files:  86% (3284/3818)
2026-10-09T16:55:20.6690181Z Updating files:  87% (3322/3818)
2026-10-09T16:55:20.6782544Z Updating files:  88% (3360/3818)
2026-10-09T16:55:20.6854045Z Updating files:  89% (3399/3818)
2026-10-09T16:55:20.6927626Z Updating files:  90% (3437/3818)
2026-10-09T16:55:20.6997422Z Updating files:  91% (3475/3818)
2026-10-09T16:55:20.7061408Z Updating files:  92% (3513/3818)
2026-10-09T16:55:20.7132359Z Updating files:  93% (3551/3818)
2026-10-09T16:55:20.7208629Z Updating files:  94% (3589/3818)
2026-10-09T16:55:20.7287015Z Updating files:  95% (3628/3818)
2026-10-09T16:55:20.7371096Z Updating files:  96% (3666/3818)
2026-10-09T16:55:20.7446348Z Updating files:  97% (3704/3818)
2026-10-09T16:55:20.7525547Z Updating files:  98% (3742/3818)
2026-10-09T16:55:20.7598680Z Updating files:  99% (3780/3818)
2026-10-09T16:55:20.7599244Z Updating files: 100% (3818/3818)
2026-10-09T16:55:20.7600139Z Updating files: 100% (3818/3818), done.
2026-10-09T16:55:20.7741646Z Switched to a new branch 'feature/v2-narrative-platform'
2026-10-09T16:55:20.7761127Z branch 'feature/v2-narrative-platform' set up to track 'origin/feature/v2-narrative-platform'.
2026-10-09T16:55:20.7855016Z ##[endgroup]
2026-10-09T16:55:20.8213567Z [command]"C:\Program Files\Git\bin\git.exe" log -1 --format=%H
2026-10-09T16:55:20.8465759Z c386b0608ae92d18c351b5cb6e367380808a45cf
2026-10-09T16:55:20.8493567Z ##[group]Removing auth
2026-10-09T16:55:20.8501532Z [command]"C:\Program Files\Git\bin\git.exe" config --local --name-only --get-regexp core\.sshCommand
2026-10-09T16:55:20.8768605Z [command]"C:\Program Files\Git\bin\git.exe" submodule foreach --recursive "sh -c \"git config --local --name-only --get-regexp 'core\.sshCommand' && git config --local --unset-all 'core.sshCommand' || :\""
2026-10-09T16:55:21.3343726Z [command]"C:\Program Files\Git\bin\git.exe" config --local --name-only --get-regexp http\.https\:\/\/github\.com\/\.extraheader
2026-10-09T16:55:21.3585710Z http.https://github.com/.extraheader
2026-10-09T16:55:21.3614730Z [command]"C:\Program Files\Git\bin\git.exe" config --local --unset-all http.https://github.com/.extraheader
2026-10-09T16:55:21.3888391Z [command]"C:\Program Files\Git\bin\git.exe" submodule foreach --recursive "sh -c \"git config --local --name-only --get-regexp 'http\.https\:\/\/github\.com\/\.extraheader' && git config --local --unset-all 'http.https://github.com/.extraheader' || :\""
2026-10-09T16:55:21.8648776Z ##[endgroup]
2026-10-09T16:55:21.9036116Z ##[group]Run actions/setup-dotnet@v4
2026-10-09T16:55:21.9036450Z with:
2026-10-09T16:55:21.9036646Z   dotnet-version: 8.0.424
2026-10-09T16:55:21.9036877Z   cache: false
2026-10-09T16:55:21.9037049Z env:
2026-10-09T16:55:21.9037212Z   MOCK_PROVIDER: true
2026-10-09T16:55:21.9037406Z   ENABLE_CLOUD: false
2026-10-09T16:55:21.9037606Z   CREDENTIAL_VAULT_BACKEND: memory
2026-10-09T16:55:21.9037875Z   CREDENTIAL_VAULT_ALLOW_MEMORY_FALLBACK: true
2026-10-09T16:55:21.9038147Z   HF_HUB_OFFLINE: 1
2026-10-09T16:55:21.9038347Z   TRANSFORMERS_OFFLINE: 1
2026-10-09T16:55:21.9038563Z ##[endgroup]
2026-10-09T16:55:22.0565884Z (node:716) [DEP0040] DeprecationWarning: The `punycode` module is deprecated. Please use a userland alternative instead.
2026-10-09T16:55:22.0566754Z (Use `node --trace-deprecation ...` to show where the warning was created)
2026-10-09T16:55:22.1622734Z [command]"C:\Program Files\PowerShell\7\pwsh.exe" -NoLogo -Sta -NoProfile -NonInteractive -ExecutionPolicy Unrestricted -Command & 'D:\a\_actions\actions\setup-dotnet\v4\externals\install-dotnet.ps1' -SkipNonVersionedFiles -Runtime dotnet -Channel LTS
2026-10-09T16:55:23.2588271Z dotnet-install: .NET Core Runtime with version '10.0.12' is already installed.
2026-10-09T16:55:23.4007861Z [command]"C:\Program Files\PowerShell\7\pwsh.exe" -NoLogo -Sta -NoProfile -NonInteractive -ExecutionPolicy Unrestricted -Command & 'D:\a\_actions\actions\setup-dotnet\v4\externals\install-dotnet.ps1' -SkipNonVersionedFiles -Version 8.0.424
2026-10-09T16:55:30.4720507Z dotnet-install: Downloaded file https://builds.dotnet.microsoft.com/dotnet/Sdk/8.0.424/dotnet-sdk-8.0.424-win-x64.zip size is 285090820 bytes.
2026-10-09T16:55:30.4727158Z dotnet-install: Either downloaded or local package size can not be measured. One of them may be corrupted.
2026-10-09T16:55:30.4752548Z dotnet-install: Extracting the archive.
2026-10-09T16:55:46.7323424Z dotnet-install: Note that the script does not ensure your Windows version is supported during the installation.
2026-10-09T16:55:46.7328222Z dotnet-install: To check the list of supported versions, go to https://learn.microsoft.com/dotnet/core/install/windows#supported-versions
2026-10-09T16:55:46.7333494Z dotnet-install: Installed version is 8.0.424
2026-10-09T16:55:46.7338649Z dotnet-install: Installation finished
2026-10-09T16:55:46.7915318Z ##[group]Run New-Item -ItemType Directory -Force -Path receipts | Out-Null
2026-10-09T16:55:46.7915975Z [36;1mNew-Item -ItemType Directory -Force -Path receipts | Out-Null[0m
2026-10-09T16:55:46.7916527Z [36;1m"source=$(git rev-parse HEAD)" | Out-File receipts/revision.txt -Encoding utf8[0m
2026-10-09T16:55:46.7917392Z [36;1m"scope=Windows transport reference only; actual Tutor Desktop LOCAL_REQUIRED; cross-user hostile attempt NOT_RUN" | Out-File receipts/revision.txt -Append -Encoding utf8[0m
2026-10-09T16:55:46.7918457Z [36;1mdotnet run --project interop-reference/PoemSeed.LocalInterop.Pipes -c Release 2>&1 | Tee-Object receipts/named-pipe.log[0m
2026-10-09T16:55:46.7919082Z [36;1mif ($LASTEXITCODE -ne 0) { exit $LASTEXITCODE }[0m
2026-10-09T16:55:46.7919775Z [36;1mdotnet build native/local_interop_desktop/PoemSeed.LocalInterop.Pipes -c Release 2>&1 | Tee-Object receipts/named-pipe-library-build.log[0m
2026-10-09T16:55:46.7920485Z [36;1mif ($LASTEXITCODE -ne 0) { exit $LASTEXITCODE }[0m
2026-10-09T16:55:46.7921228Z [36;1mdotnet run --project native/local_interop_desktop/PoemSeed.LocalInterop.Pipes.Acceptance -c Release 2>&1 | Tee-Object receipts/named-pipe-desktop-boundary.log[0m
2026-10-09T16:55:46.7921966Z [36;1mif ($LASTEXITCODE -ne 0) { exit $LASTEXITCODE }[0m
2026-10-09T16:55:46.7999928Z shell: C:\Program Files\PowerShell\7\pwsh.EXE -command ". '{0}'"
2026-10-09T16:55:46.8000286Z env:
2026-10-09T16:55:46.8000468Z   MOCK_PROVIDER: true
2026-10-09T16:55:46.8000677Z   ENABLE_CLOUD: false
2026-10-09T16:55:46.8001083Z   CREDENTIAL_VAULT_BACKEND: memory
2026-10-09T16:55:46.8001362Z   CREDENTIAL_VAULT_ALLOW_MEMORY_FALLBACK: true
2026-10-09T16:55:46.8001637Z   HF_HUB_OFFLINE: 1
2026-10-09T16:55:46.8001833Z   TRANSFORMERS_OFFLINE: 1
2026-10-09T16:55:46.8002067Z   DOTNET_ROOT: C:\Program Files\dotnet
2026-10-09T16:55:46.8002327Z ##[endgroup]
2026-10-09T16:56:00.2250002Z {"status":"CONTRACT_VERIFIED","scope":"WINDOWS_TRANSPORT_REFERENCE_ONLY","checks":8,"counterparty":"MOCK_ONLY","desktop_integration":"LOCAL_REQUIRED","cross_user_attempt":"NOT_RUN"}
2026-10-09T16:56:00.9338234Z   Determining projects to restore...
2026-10-09T16:56:01.1398387Z   All projects are up-to-date for restore.
2026-10-09T16:56:01.4438673Z   PoemSeed.LocalInterop.Pipes -> D:\a\AI-Novel-Studio\AI-Novel-Studio\native\local_interop_desktop\PoemSeed.LocalInterop.Pipes\bin\Release\net8.0-windows\PoemSeed.LocalInterop.Pipes.dll
2026-10-09T16:56:01.4535976Z 
2026-10-09T16:56:01.4546285Z Build succeeded.
2026-10-09T16:56:01.4546914Z     0 Warning(s)
2026-10-09T16:56:01.4547467Z     0 Error(s)
2026-10-09T16:56:01.4571764Z 
2026-10-09T16:56:01.4577958Z Time Elapsed 00:00:00.97
2026-10-09T16:56:05.3157580Z {"status":"CONTRACT_VERIFIED","scope":"CALLABLE_NATIVE_BOUNDARY","checks":33,"passed":["frame_roundtrip","fragmented_frame","coalesced_frames","frame_length_reject_0","frame_length_reject_1048577","frame_length_reject_4294967295","truncated_prefix","truncated_body","invalid_utf8","non_object","duplicate_members","invalid_json","excessive_depth","multibyte_size_limit","frame_timeout","frame_cancellation","queue_config_bound","identity_claims_and_required_loaded_image_proof","attestation_timeout_retains_bounded_outstanding_slot","same_user_separate_process_identity_and_echo","server_handle_not_inheritable","remote_and_arbitrary_name_rejected","first_instance_collision_rejected","accept_cancel_and_shutdown","missing_endpoint_connect_timeout","receive_cancel_invalidates_stream","malformed_peer_frame_closes_connection","single_active_connection_limit","queue_backpressure_and_bounded_shutdown","fake_product_id_rejected_without_installation","mock_attestation_requires_registration_publisher_and_approval","timed_out_attestation_backpressure_survives_reconnect","reconnect_has_new_identity_and_no_trust"],"windows_transport":"CONTRACT_VERIFIED","counterparty":"MOCK_ONLY","real_signed_binary_trust":"LOCAL_REQUIRED","actual_install_registration":"LOCAL_REQUIRED","cross_user_attempt":"NOT_RUN","desktop_integration":"LOCAL_REQUIRED"}
2026-10-09T16:56:05.3785530Z ##[group]Run actions/upload-artifact@v4.6.2
2026-10-09T16:56:05.3785898Z with:
2026-10-09T16:56:05.3786216Z   name: named-pipe-reference-c386b0608ae92d18c351b5cb6e367380808a45cf
2026-10-09T16:56:05.3786599Z   path: receipts/
2026-10-09T16:56:05.3786807Z   if-no-files-found: error
2026-10-09T16:56:05.3787028Z   retention-days: 14
2026-10-09T16:56:05.3787231Z   compression-level: 6
2026-10-09T16:56:05.3787441Z   overwrite: false
2026-10-09T16:56:05.3787644Z   include-hidden-files: false
2026-10-09T16:56:05.3787883Z env:
2026-10-09T16:56:05.3788055Z   MOCK_PROVIDER: true
2026-10-09T16:56:05.3788253Z   ENABLE_CLOUD: false
2026-10-09T16:56:05.3788460Z   CREDENTIAL_VAULT_BACKEND: memory
2026-10-09T16:56:05.3788730Z   CREDENTIAL_VAULT_ALLOW_MEMORY_FALLBACK: true
2026-10-09T16:56:05.3789008Z   HF_HUB_OFFLINE: 1
2026-10-09T16:56:05.3789204Z   TRANSFORMERS_OFFLINE: 1
2026-10-09T16:56:05.3789435Z   DOTNET_ROOT: C:\Program Files\dotnet
2026-10-09T16:56:05.3789718Z ##[endgroup]
2026-10-09T16:56:05.5742415Z (node:1316) [DEP0040] DeprecationWarning: The `punycode` module is deprecated. Please use a userland alternative instead.
2026-10-09T16:56:05.5743712Z (Use `node --trace-deprecation ...` to show where the warning was created)
2026-10-09T16:56:05.5822730Z With the provided path, there will be 4 files uploaded
2026-10-09T16:56:05.5828215Z Artifact name is valid!
2026-10-09T16:56:05.5830298Z Root directory input is valid!
2026-10-09T16:56:05.9770918Z Beginning upload of artifact content to blob storage
2026-10-09T16:56:06.0040410Z (node:1316) [DEP0169] DeprecationWarning: `url.parse()` behavior is not standardized and prone to errors that have security implications. Use the WHATWG URL API instead. CVEs are not issued for `url.parse()` vulnerabilities.
2026-10-09T16:56:06.2790724Z Uploaded bytes 1762
2026-10-09T16:56:06.3587279Z Finished uploading artifact content to blob storage!
2026-10-09T16:56:06.3588550Z SHA256 digest of uploaded artifact zip is 5257c04010577271176bcff301bbf44ba7397671ccf7a17de3e9c0c3e8d041d3
2026-10-09T16:56:06.3591079Z Finalizing artifact upload
2026-10-09T16:56:06.6561969Z Artifact named-pipe-reference-c386b0608ae92d18c351b5cb6e367380808a45cf.zip successfully finalized. Artifact ID 11631986653
2026-10-09T16:56:06.6564291Z Artifact named-pipe-reference-c386b0608ae92d18c351b5cb6e367380808a45cf has been successfully uploaded! Final size is 1762 bytes. Artifact ID is 11631986653
2026-10-09T16:56:06.6577253Z Artifact download URL: https://github.com/1785235376-blip/AI-Novel-Studio/actions/runs/37962531267/artifacts/11631986653
2026-10-09T16:56:06.6891002Z Post job cleanup.
2026-10-09T16:56:06.8681501Z (node:4112) [DEP0040] DeprecationWarning: The `punycode` module is deprecated. Please use a userland alternative instead.
2026-10-09T16:56:06.8682289Z (Use `node --trace-deprecation ...` to show where the warning was created)
2026-10-09T16:56:06.8977761Z Post job cleanup.
2026-10-09T16:56:07.1389946Z [command]"C:\Program Files\Git\bin\git.exe" version
2026-10-09T16:56:07.1688585Z git version 2.56.0.windows.1
2026-10-09T16:56:07.1755598Z Temporarily overriding HOME='D:\a\_temp\8c11f9e1-5752-498c-8cd3-df787e7be442' before making global git config changes
2026-10-09T16:56:07.1756942Z Adding repository directory to the temporary git global config as a safe directory
2026-10-09T16:56:07.1768063Z [command]"C:\Program Files\Git\bin\git.exe" config --global --add safe.directory D:\a\AI-Novel-Studio\AI-Novel-Studio
2026-10-09T16:56:07.2063230Z [command]"C:\Program Files\Git\bin\git.exe" config --local --name-only --get-regexp core\.sshCommand
2026-10-09T16:56:07.2362395Z [command]"C:\Program Files\Git\bin\git.exe" submodule foreach --recursive "sh -c \"git config --local --name-only --get-regexp 'core\.sshCommand' && git config --local --unset-all 'core.sshCommand' || :\""
2026-10-09T16:56:07.7190360Z [command]"C:\Program Files\Git\bin\git.exe" config --local --name-only --get-regexp http\.https\:\/\/github\.com\/\.extraheader
2026-10-09T16:56:07.7502151Z [command]"C:\Program Files\Git\bin\git.exe" submodule foreach --recursive "sh -c \"git config --local --name-only --get-regexp 'http\.https\:\/\/github\.com\/\.extraheader' && git config --local --unset-all 'http.https://github.com/.extraheader' || :\""
2026-10-09T16:56:08.2891174Z Cleaning up orphan processes
2026-10-09T16:56:08.3324485Z Terminate orphan process: pid (4496) (dotnet)
2026-10-09T16:56:08.3558925Z Terminate orphan process: pid (7484) (conhost)
2026-10-09T16:56:08.3579362Z ##[warning]Node.js 20 is deprecated. The following actions target Node.js 20 but are being forced to run on Node.js 24: actions/checkout@v4.2.2, actions/setup-dotnet@v4, actions/upload-artifact@v4.6.2. For more information see: https://github.blog/changelog/2025-09-19-deprecation-of-node-20-on-github-actions-runners/
