2026-10-09T16:56:04.4451428Z Current runner version: '2.337.0'
2026-10-09T16:56:04.4477074Z ##[group]Runner Image Provisioner
2026-10-09T16:56:04.4477935Z Hosted Compute Agent
2026-10-09T16:56:04.4478491Z Version: 20261002.596
2026-10-09T16:56:04.4479116Z Commit: c3d12f3313a95f25162a1503be624f3b0617f8c0
2026-10-09T16:56:04.4479771Z Build Date: 2026-10-02T22:28:27Z
2026-10-09T16:56:04.4480435Z Worker ID: {9cc37004-0a26-4da8-a4f7-0410467bf806}
2026-10-09T16:56:04.4481084Z Region: eastus2
2026-10-09T16:56:04.4481573Z Cloud: Azure
2026-10-09T16:56:04.4482102Z ##[endgroup]
2026-10-09T16:56:04.4483452Z ##[group]Operating System
2026-10-09T16:56:04.4484059Z Microsoft Windows Server 2022
2026-10-09T16:56:04.4484617Z 10.0.20348
2026-10-09T16:56:04.4485119Z Datacenter
2026-10-09T16:56:04.4485590Z ##[endgroup]
2026-10-09T16:56:04.4486077Z ##[group]Runner Image
2026-10-09T16:56:04.4486623Z Image: windows-2022
2026-10-09T16:56:04.4487175Z Version: 20261004.326.1
2026-10-09T16:56:04.4488503Z Included Software: https://github.com/actions/runner-images/blob/win22/20261004.326/images/windows/Windows2022-Readme.md
2026-10-09T16:56:04.4489998Z Image Release: https://github.com/actions/runner-images/releases/tag/win22%2F20261004.326
2026-10-09T16:56:04.4490901Z ##[endgroup]
2026-10-09T16:56:04.4491919Z ##[group]GITHUB_TOKEN Permissions
2026-10-09T16:56:04.4493720Z Contents: read
2026-10-09T16:56:04.4494339Z Metadata: read
2026-10-09T16:56:04.4494826Z ##[endgroup]
2026-10-09T16:56:04.4497081Z Secret source: Actions
2026-10-09T16:56:04.4497991Z Cache mode: write
2026-10-09T16:56:04.4498655Z Prepare workflow directory
2026-10-09T16:56:04.4901587Z Prepare all required actions
2026-10-09T16:56:04.4948453Z Getting action download info
2026-10-09T16:56:04.6755967Z Download action repository 'actions/checkout@v4.2.2' (SHA:11bd71901bbe5b1630ceea73d27597364c9af683)
2026-10-09T16:56:04.7913297Z Download action repository 'actions/setup-python@v5.6.0' (SHA:a26af69be951a213d495a4c3e4e4022e16d87065)
2026-10-09T16:56:04.9461138Z Download action repository 'actions/setup-dotnet@v4' (SHA:67a3573c9a986a3f9c594539f4ab511d57bb3ce9)
2026-10-09T16:56:05.2072797Z Download action repository 'actions/upload-artifact@v4.6.2' (SHA:ea165f8d65b6e75b540449e92b4886f43607fa02)
2026-10-09T16:56:05.5402128Z Complete job name: Windows / Host compile and native contracts
2026-10-09T16:56:05.7237801Z ##[group]Run actions/checkout@v4.2.2
2026-10-09T16:56:05.7238857Z with:
2026-10-09T16:56:05.7239289Z   persist-credentials: false
2026-10-09T16:56:05.7239843Z   repository: 1785235376-blip/AI-Novel-Studio
2026-10-09T16:56:05.7243972Z   token: ***
2026-10-09T16:56:05.7244374Z   ssh-strict: true
2026-10-09T16:56:05.7244782Z   ssh-user: git
2026-10-09T16:56:05.7245174Z   clean: true
2026-10-09T16:56:05.7245582Z   sparse-checkout-cone-mode: true
2026-10-09T16:56:05.7246078Z   fetch-depth: 1
2026-10-09T16:56:05.7246481Z   fetch-tags: false
2026-10-09T16:56:05.7246891Z   show-progress: true
2026-10-09T16:56:05.7247301Z   lfs: false
2026-10-09T16:56:05.7247698Z   submodules: false
2026-10-09T16:56:05.7248164Z   set-safe-directory: true
2026-10-09T16:56:05.7248820Z env:
2026-10-09T16:56:05.7249215Z   MOCK_PROVIDER: true
2026-10-09T16:56:05.7249657Z   MOCK_STREAM_DELAY_MS: 0
2026-10-09T16:56:05.7250112Z   ENABLE_CLOUD: false
2026-10-09T16:56:05.7250597Z   CREDENTIAL_VAULT_BACKEND: memory
2026-10-09T16:56:05.7251141Z   CREDENTIAL_VAULT_ALLOW_MEMORY_FALLBACK: true
2026-10-09T16:56:05.7251727Z   PYTHONDONTWRITEBYTECODE: 1
2026-10-09T16:56:05.7252188Z   HF_HUB_OFFLINE: 1
2026-10-09T16:56:05.7252612Z   TRANSFORMERS_OFFLINE: 1
2026-10-09T16:56:05.7253053Z ##[endgroup]
2026-10-09T16:56:05.8629373Z Syncing repository: 1785235376-blip/AI-Novel-Studio
2026-10-09T16:56:05.8631310Z ##[group]Getting Git version info
2026-10-09T16:56:05.8632057Z Working directory is 'D:\a\AI-Novel-Studio\AI-Novel-Studio'
2026-10-09T16:56:05.9671901Z [command]"C:\Program Files\Git\bin\git.exe" version
2026-10-09T16:56:06.3072114Z git version 2.56.0.windows.1
2026-10-09T16:56:06.3113865Z ##[endgroup]
2026-10-09T16:56:06.3131544Z Temporarily overriding HOME='D:\a\_temp\869b9573-4050-44fe-918c-f2b31ce038ec' before making global git config changes
2026-10-09T16:56:06.3132922Z Adding repository directory to the temporary git global config as a safe directory
2026-10-09T16:56:06.3142936Z [command]"C:\Program Files\Git\bin\git.exe" config --global --add safe.directory D:\a\AI-Novel-Studio\AI-Novel-Studio
2026-10-09T16:56:06.3713861Z Deleting the contents of 'D:\a\AI-Novel-Studio\AI-Novel-Studio'
2026-10-09T16:56:06.3718814Z ##[group]Initializing the repository
2026-10-09T16:56:06.3727819Z [command]"C:\Program Files\Git\bin\git.exe" init D:\a\AI-Novel-Studio\AI-Novel-Studio
2026-10-09T16:56:06.4571863Z Initialized empty Git repository in D:/a/AI-Novel-Studio/AI-Novel-Studio/.git/
2026-10-09T16:56:06.4622316Z [command]"C:\Program Files\Git\bin\git.exe" remote add origin https://github.com/1785235376-blip/AI-Novel-Studio
2026-10-09T16:56:06.5203806Z ##[endgroup]
2026-10-09T16:56:06.5204726Z ##[group]Disabling automatic garbage collection
2026-10-09T16:56:06.5213142Z [command]"C:\Program Files\Git\bin\git.exe" config --local gc.auto 0
2026-10-09T16:56:06.5500629Z ##[endgroup]
2026-10-09T16:56:06.5501394Z ##[group]Setting up auth
2026-10-09T16:56:06.5514422Z [command]"C:\Program Files\Git\bin\git.exe" config --local --name-only --get-regexp core\.sshCommand
2026-10-09T16:56:06.5824389Z [command]"C:\Program Files\Git\bin\git.exe" submodule foreach --recursive "sh -c \"git config --local --name-only --get-regexp 'core\.sshCommand' && git config --local --unset-all 'core.sshCommand' || :\""
2026-10-09T16:56:07.9383155Z [command]"C:\Program Files\Git\bin\git.exe" config --local --name-only --get-regexp http\.https\:\/\/github\.com\/\.extraheader
2026-10-09T16:56:07.9678134Z [command]"C:\Program Files\Git\bin\git.exe" submodule foreach --recursive "sh -c \"git config --local --name-only --get-regexp 'http\.https\:\/\/github\.com\/\.extraheader' && git config --local --unset-all 'http.https://github.com/.extraheader' || :\""
2026-10-09T16:56:08.4535371Z [command]"C:\Program Files\Git\bin\git.exe" config --local http.https://github.com/.extraheader "AUTHORIZATION: basic ***"
2026-10-09T16:56:08.4826948Z ##[endgroup]
2026-10-09T16:56:08.4827546Z ##[group]Fetching the repository
2026-10-09T16:56:08.4841938Z [command]"C:\Program Files\Git\bin\git.exe" -c protocol.version=2 fetch --no-tags --prune --no-recurse-submodules --depth=1 origin +ec342fe9b69ba45d850d971ce2e15d1b12046096:refs/remotes/pull/47/merge
2026-10-09T16:56:14.0459450Z From https://github.com/1785235376-blip/AI-Novel-Studio
2026-10-09T16:56:14.0460569Z  * [new ref]         ec342fe9b69ba45d850d971ce2e15d1b12046096 -> pull/47/merge
2026-10-09T16:56:14.0493653Z ##[endgroup]
2026-10-09T16:56:14.0495654Z ##[group]Determining the checkout info
2026-10-09T16:56:14.0497681Z ##[endgroup]
2026-10-09T16:56:14.0512414Z [command]"C:\Program Files\Git\bin\git.exe" sparse-checkout disable
2026-10-09T16:56:14.0937166Z [command]"C:\Program Files\Git\bin\git.exe" config --local --unset-all extensions.worktreeConfig
2026-10-09T16:56:14.1226195Z ##[group]Checking out the ref
2026-10-09T16:56:14.1235345Z [command]"C:\Program Files\Git\bin\git.exe" checkout --progress --force refs/remotes/pull/47/merge
2026-10-09T16:56:15.1692831Z Updating files:  42% (1633/3818)
2026-10-09T16:56:15.1830377Z Updating files:  43% (1642/3818)
2026-10-09T16:56:15.1986480Z Updating files:  44% (1680/3818)
2026-10-09T16:56:15.2083636Z Updating files:  45% (1719/3818)
2026-10-09T16:56:15.2190525Z Updating files:  46% (1757/3818)
2026-10-09T16:56:15.2325085Z Updating files:  47% (1795/3818)
2026-10-09T16:56:15.2443890Z Updating files:  48% (1833/3818)
2026-10-09T16:56:15.2669139Z Updating files:  49% (1871/3818)
2026-10-09T16:56:15.2812715Z Updating files:  50% (1909/3818)
2026-10-09T16:56:15.2941814Z Updating files:  51% (1948/3818)
2026-10-09T16:56:15.3038808Z Updating files:  52% (1986/3818)
2026-10-09T16:56:15.3152509Z Updating files:  53% (2024/3818)
2026-10-09T16:56:15.3263588Z Updating files:  54% (2062/3818)
2026-10-09T16:56:15.3365246Z Updating files:  55% (2100/3818)
2026-10-09T16:56:15.3473814Z Updating files:  56% (2139/3818)
2026-10-09T16:56:15.3578801Z Updating files:  57% (2177/3818)
2026-10-09T16:56:15.3711640Z Updating files:  58% (2215/3818)
2026-10-09T16:56:15.3792305Z Updating files:  59% (2253/3818)
2026-10-09T16:56:15.4019487Z Updating files:  60% (2291/3818)
2026-10-09T16:56:15.4116392Z Updating files:  61% (2329/3818)
2026-10-09T16:56:15.4190572Z Updating files:  62% (2368/3818)
2026-10-09T16:56:15.4271926Z Updating files:  63% (2406/3818)
2026-10-09T16:56:15.4353674Z Updating files:  64% (2444/3818)
2026-10-09T16:56:15.4431645Z Updating files:  65% (2482/3818)
2026-10-09T16:56:15.4511840Z Updating files:  66% (2520/3818)
2026-10-09T16:56:15.4601794Z Updating files:  67% (2559/3818)
2026-10-09T16:56:15.4687464Z Updating files:  68% (2597/3818)
2026-10-09T16:56:15.4779532Z Updating files:  69% (2635/3818)
2026-10-09T16:56:15.4844062Z Updating files:  70% (2673/3818)
2026-10-09T16:56:15.4923035Z Updating files:  71% (2711/3818)
2026-10-09T16:56:15.4995441Z Updating files:  72% (2749/3818)
2026-10-09T16:56:15.5075574Z Updating files:  73% (2788/3818)
2026-10-09T16:56:15.5148631Z Updating files:  74% (2826/3818)
2026-10-09T16:56:15.5223353Z Updating files:  75% (2864/3818)
2026-10-09T16:56:15.5307987Z Updating files:  76% (2902/3818)
2026-10-09T16:56:15.5374504Z Updating files:  77% (2940/3818)
2026-10-09T16:56:15.5444657Z Updating files:  78% (2979/3818)
2026-10-09T16:56:15.5521158Z Updating files:  79% (3017/3818)
2026-10-09T16:56:15.5601779Z Updating files:  80% (3055/3818)
2026-10-09T16:56:15.5695425Z Updating files:  81% (3093/3818)
2026-10-09T16:56:15.5764915Z Updating files:  82% (3131/3818)
2026-10-09T16:56:15.5838356Z Updating files:  83% (3169/3818)
2026-10-09T16:56:15.5902574Z Updating files:  84% (3208/3818)
2026-10-09T16:56:15.6008250Z Updating files:  85% (3246/3818)
2026-10-09T16:56:15.6081512Z Updating files:  86% (3284/3818)
2026-10-09T16:56:15.6157006Z Updating files:  87% (3322/3818)
2026-10-09T16:56:15.6226636Z Updating files:  88% (3360/3818)
2026-10-09T16:56:15.6297122Z Updating files:  89% (3399/3818)
2026-10-09T16:56:15.6370009Z Updating files:  90% (3437/3818)
2026-10-09T16:56:15.6443296Z Updating files:  91% (3475/3818)
2026-10-09T16:56:15.6513601Z Updating files:  92% (3513/3818)
2026-10-09T16:56:15.6587209Z Updating files:  93% (3551/3818)
2026-10-09T16:56:15.6663377Z Updating files:  94% (3589/3818)
2026-10-09T16:56:15.6743116Z Updating files:  95% (3628/3818)
2026-10-09T16:56:15.6825947Z Updating files:  96% (3666/3818)
2026-10-09T16:56:15.6899687Z Updating files:  97% (3704/3818)
2026-10-09T16:56:15.6978216Z Updating files:  98% (3742/3818)
2026-10-09T16:56:15.7054387Z Updating files:  99% (3780/3818)
2026-10-09T16:56:15.7055122Z Updating files: 100% (3818/3818)
2026-10-09T16:56:15.7055411Z Updating files: 100% (3818/3818), done.
2026-10-09T16:56:15.7220394Z Note: switching to 'refs/remotes/pull/47/merge'.
2026-10-09T16:56:15.7220852Z 
2026-10-09T16:56:15.7221156Z You are in 'detached HEAD' state. You can look around, make experimental
2026-10-09T16:56:15.7221909Z changes and commit them, and you can discard any commits you make in this
2026-10-09T16:56:15.7222474Z state without impacting any branches by switching back to a branch.
2026-10-09T16:56:15.7222809Z 
2026-10-09T16:56:15.7223017Z If you want to create a new branch to retain commits you create, you may
2026-10-09T16:56:15.7223678Z do so (now or later) by using -c with the switch command. Example:
2026-10-09T16:56:15.7223988Z 
2026-10-09T16:56:15.7224098Z   git switch -c <new-branch-name>
2026-10-09T16:56:15.7224291Z 
2026-10-09T16:56:15.7224400Z Or undo this operation with:
2026-10-09T16:56:15.7224578Z 
2026-10-09T16:56:15.7224671Z   git switch -
2026-10-09T16:56:15.7224809Z 
2026-10-09T16:56:15.7225099Z Turn off this advice by setting config variable advice.detachedHead to false
2026-10-09T16:56:15.7225866Z 
2026-10-09T16:56:15.7226288Z HEAD is now at ec342fe Merge c386b0608ae92d18c351b5cb6e367380808a45cf into fed2404c8e30b44061b7139dced45b7f3301601c
2026-10-09T16:56:15.7350540Z ##[endgroup]
2026-10-09T16:56:15.7748781Z [command]"C:\Program Files\Git\bin\git.exe" log -1 --format=%H
2026-10-09T16:56:15.8019652Z ec342fe9b69ba45d850d971ce2e15d1b12046096
2026-10-09T16:56:15.8052824Z ##[group]Removing auth
2026-10-09T16:56:15.8061393Z [command]"C:\Program Files\Git\bin\git.exe" config --local --name-only --get-regexp core\.sshCommand
2026-10-09T16:56:15.8352615Z [command]"C:\Program Files\Git\bin\git.exe" submodule foreach --recursive "sh -c \"git config --local --name-only --get-regexp 'core\.sshCommand' && git config --local --unset-all 'core.sshCommand' || :\""
2026-10-09T16:56:16.3014968Z [command]"C:\Program Files\Git\bin\git.exe" config --local --name-only --get-regexp http\.https\:\/\/github\.com\/\.extraheader
2026-10-09T16:56:16.3264108Z http.https://github.com/.extraheader
2026-10-09T16:56:16.3295758Z [command]"C:\Program Files\Git\bin\git.exe" config --local --unset-all http.https://github.com/.extraheader
2026-10-09T16:56:16.3607078Z [command]"C:\Program Files\Git\bin\git.exe" submodule foreach --recursive "sh -c \"git config --local --name-only --get-regexp 'http\.https\:\/\/github\.com\/\.extraheader' && git config --local --unset-all 'http.https://github.com/.extraheader' || :\""
2026-10-09T16:56:16.8624031Z ##[endgroup]
2026-10-09T16:56:16.9168352Z ##[group]Run actions/setup-python@v5.6.0
2026-10-09T16:56:16.9168699Z with:
2026-10-09T16:56:16.9169391Z   python-version: 3.12.9
2026-10-09T16:56:16.9169690Z   check-latest: false
2026-10-09T16:56:16.9173990Z   token: ***
2026-10-09T16:56:16.9174223Z   update-environment: true
2026-10-09T16:56:16.9175033Z   allow-prereleases: false
2026-10-09T16:56:16.9175338Z   freethreaded: false
2026-10-09T16:56:16.9175550Z env:
2026-10-09T16:56:16.9175730Z   MOCK_PROVIDER: true
2026-10-09T16:56:16.9175952Z   MOCK_STREAM_DELAY_MS: 0
2026-10-09T16:56:16.9176818Z   ENABLE_CLOUD: false
2026-10-09T16:56:16.9177091Z   CREDENTIAL_VAULT_BACKEND: memory
2026-10-09T16:56:16.9177392Z   CREDENTIAL_VAULT_ALLOW_MEMORY_FALLBACK: true
2026-10-09T16:56:16.9177720Z   PYTHONDONTWRITEBYTECODE: 1
2026-10-09T16:56:16.9177972Z   HF_HUB_OFFLINE: 1
2026-10-09T16:56:16.9178715Z   TRANSFORMERS_OFFLINE: 1
2026-10-09T16:56:16.9179037Z ##[endgroup]
2026-10-09T16:56:17.0744930Z ##[group]Installed versions
2026-10-09T16:56:17.0759509Z Version 3.12.9 was not found in the local cache
2026-10-09T16:56:17.0938429Z (node:1096) [DEP0040] DeprecationWarning: The `punycode` module is deprecated. Please use a userland alternative instead.
2026-10-09T16:56:17.0939624Z (Use `node --trace-deprecation ...` to show where the warning was created)
2026-10-09T16:56:17.7236568Z Version 3.12.9 is available for downloading
2026-10-09T16:56:17.7257264Z Download from "https://github.com/actions/python-versions/releases/download/3.12.9-13149478207/python-3.12.9-win32-x64.zip"
2026-10-09T16:56:18.1465620Z Extract downloaded archive
2026-10-09T16:56:18.2478672Z [command]"C:\Program Files\PowerShell\7\pwsh.exe" -NoLogo -NoProfile -NonInteractive -ExecutionPolicy Unrestricted -Command "$ErrorActionPreference = 'Stop' ; try { Add-Type -AssemblyName System.IO.Compression.ZipFile } catch { } ; try { [System.IO.Compression.ZipFile]::ExtractToDirectory('D:\a\_temp\python-3.12.9-win32-x64.zip', 'D:\a\_temp\2a443b18-f6b0-4997-a1f0-2c12f730b2eb', $true) } catch { if (($_.Exception.GetType().FullName -eq 'System.Management.Automation.MethodException') -or ($_.Exception.GetType().FullName -eq 'System.Management.Automation.RuntimeException') ){ Expand-Archive -LiteralPath 'D:\a\_temp\python-3.12.9-win32-x64.zip' -DestinationPath 'D:\a\_temp\2a443b18-f6b0-4997-a1f0-2c12f730b2eb' -Force } else { throw $_ } } ;"
2026-10-09T16:56:18.6874057Z Execute installation script
2026-10-09T16:56:23.1444244Z Check if Python hostedtoolcache folder exist...
2026-10-09T16:56:23.1444852Z 
2026-10-09T16:56:23.1609971Z Check if current Python version is installed...
2026-10-09T16:56:23.1610623Z 
2026-10-09T16:56:23.1805489Z Python3.12 (x64) was found in C:\hostedtoolcache\windows\Python...
2026-10-09T16:56:23.1806051Z 
2026-10-09T16:56:23.2286981Z Deleting C:\hostedtoolcache\windows\Python\3.12.10\x64...
2026-10-09T16:56:23.2287965Z 
2026-10-09T16:56:28.1699911Z VERBOSE: Performing the operation "Remove File" on target "C:\hostedtoolcache\windows\Python\3.12.10\x64.complete".
2026-10-09T16:56:28.1700661Z 
2026-10-09T16:56:28.1709512Z Remove registry entries for Python 3.12(x64)...
2026-10-09T16:56:28.1709911Z 
2026-10-09T16:56:28.7087945Z VERBOSE: Performing the operation "Remove Key" on target "Item: 
2026-10-09T16:56:28.7089357Z HKEY_LOCAL_MACHINE\SOFTWARE\Microsoft\Windows\CurrentVersion\Installer\UserData\S-1-5-18\Products\06D3A4FE35A979641AD83
2026-10-09T16:56:28.7090257Z D53F358456E".
2026-10-09T16:56:28.7090442Z 
2026-10-09T16:56:28.7124189Z VERBOSE: Performing the operation "Remove Key" on target "Item: 
2026-10-09T16:56:28.7125610Z HKEY_LOCAL_MACHINE\SOFTWARE\Microsoft\Windows\CurrentVersion\Installer\UserData\S-1-5-18\Products\3661A0DCD2CDDB1498FA1
2026-10-09T16:56:28.7126584Z E80E9488122".
2026-10-09T16:56:28.7126768Z 
2026-10-09T16:56:28.7144938Z VERBOSE: Performing the operation "Remove Key" on target "Item: 
2026-10-09T16:56:28.7148407Z HKEY_LOCAL_MACHINE\SOFTWARE\Microsoft\Windows\CurrentVersion\Installer\UserData\S-1-5-18\Products\3865845730FE6E14FB121
2026-10-09T16:56:28.7149044Z D94614945C8".
2026-10-09T16:56:28.7149170Z 
2026-10-09T16:56:28.7168631Z VERBOSE: Performing the operation "Remove Key" on target "Item: 
2026-10-09T16:56:28.7169803Z HKEY_LOCAL_MACHINE\SOFTWARE\Microsoft\Windows\CurrentVersion\Installer\UserData\S-1-5-18\Products\795B21EDFB4DB1B4FBF55
2026-10-09T16:56:28.7170577Z CEC14FADBCF".
2026-10-09T16:56:28.7170695Z 
2026-10-09T16:56:28.7188111Z VERBOSE: Performing the operation "Remove Key" on target "Item: 
2026-10-09T16:56:28.7189193Z HKEY_LOCAL_MACHINE\SOFTWARE\Microsoft\Windows\CurrentVersion\Installer\UserData\S-1-5-18\Products\8843FD815422B2340A32A
2026-10-09T16:56:28.7189998Z 30AC5A2008C".
2026-10-09T16:56:28.7190108Z 
2026-10-09T16:56:28.7215911Z VERBOSE: Performing the operation "Remove Key" on target "Item: 
2026-10-09T16:56:28.7216880Z HKEY_LOCAL_MACHINE\SOFTWARE\Microsoft\Windows\CurrentVersion\Installer\UserData\S-1-5-18\Products\D3908510908FB5544992D
2026-10-09T16:56:28.7217679Z 6614A5B1D81".
2026-10-09T16:56:28.7217792Z 
2026-10-09T16:56:28.7237257Z VERBOSE: Performing the operation "Remove Key" on target "Item: 
2026-10-09T16:56:28.7238444Z HKEY_LOCAL_MACHINE\SOFTWARE\Microsoft\Windows\CurrentVersion\Installer\UserData\S-1-5-18\Products\FA171F1012F1E534EB4EC
2026-10-09T16:56:28.7239390Z F4C63C098C6".
2026-10-09T16:56:28.7239516Z 
2026-10-09T16:56:28.7254329Z VERBOSE: Performing the operation "Remove Key" on target "Item: 
2026-10-09T16:56:28.7255206Z HKEY_LOCAL_MACHINE\SOFTWARE\Microsoft\Windows\CurrentVersion\Installer\UserData\S-1-5-18\Products\FE9C90D9C75AA2247BA9C
2026-10-09T16:56:28.7256096Z C29029756A3".
2026-10-09T16:56:28.7256223Z 
2026-10-09T16:56:28.7444312Z VERBOSE: Performing the operation "Remove Key" on target "Item: 
2026-10-09T16:56:28.7445093Z HKEY_CLASSES_ROOT\Installer\Products\06D3A4FE35A979641AD83D53F358456E".
2026-10-09T16:56:28.7445513Z 
2026-10-09T16:56:28.7845751Z VERBOSE: Performing the operation "Remove Key" on target "Item: 
2026-10-09T16:56:28.7846663Z HKEY_CLASSES_ROOT\Installer\Products\3661A0DCD2CDDB1498FA1E80E9488122".
2026-10-09T16:56:28.7847177Z 
2026-10-09T16:56:28.7878825Z VERBOSE: Performing the operation "Remove Key" on target "Item: 
2026-10-09T16:56:28.7879437Z HKEY_CLASSES_ROOT\Installer\Products\3865845730FE6E14FB121D94614945C8".
2026-10-09T16:56:28.7879938Z 
2026-10-09T16:56:28.8216899Z VERBOSE: Performing the operation "Remove Key" on target "Item: 
2026-10-09T16:56:28.8217879Z HKEY_CLASSES_ROOT\Installer\Products\795B21EDFB4DB1B4FBF55CEC14FADBCF".
2026-10-09T16:56:28.8218323Z 
2026-10-09T16:56:28.8328873Z VERBOSE: Performing the operation "Remove Key" on target "Item: 
2026-10-09T16:56:28.8329765Z HKEY_CLASSES_ROOT\Installer\Products\8843FD815422B2340A32A30AC5A2008C".
2026-10-09T16:56:28.8330358Z 
2026-10-09T16:56:28.8822456Z VERBOSE: Performing the operation "Remove Key" on target "Item: 
2026-10-09T16:56:28.8823184Z HKEY_CLASSES_ROOT\Installer\Products\D3908510908FB5544992D6614A5B1D81".
2026-10-09T16:56:28.8823503Z 
2026-10-09T16:56:28.9067878Z VERBOSE: Performing the operation "Remove Key" on target "Item: 
2026-10-09T16:56:28.9068768Z HKEY_CLASSES_ROOT\Installer\Products\FA171F1012F1E534EB4ECF4C63C098C6".
2026-10-09T16:56:28.9069306Z 
2026-10-09T16:56:28.9114893Z VERBOSE: Performing the operation "Remove Key" on target "Item: 
2026-10-09T16:56:28.9115680Z HKEY_CLASSES_ROOT\Installer\Products\FE9C90D9C75AA2247BA9CC29029756A3".
2026-10-09T16:56:28.9116140Z 
2026-10-09T16:56:28.9336909Z VERBOSE: Performing the operation "Remove Key" on target "Item: 
2026-10-09T16:56:28.9337992Z HKEY_LOCAL_MACHINE\Software\Microsoft\Windows\CurrentVersion\Uninstall\{0158093D-F809-455B-9429-6D16A4B5D118}".
2026-10-09T16:56:28.9338826Z 
2026-10-09T16:56:28.9353323Z VERBOSE: Performing the operation "Remove Key" on target "Item: 
2026-10-09T16:56:28.9354409Z HKEY_LOCAL_MACHINE\Software\Microsoft\Windows\CurrentVersion\Uninstall\{01F171AF-1F21-435E-BEE4-FCC4360C896C}".
2026-10-09T16:56:28.9355204Z 
2026-10-09T16:56:28.9416820Z VERBOSE: Performing the operation "Remove Key" on target "Item: 
2026-10-09T16:56:28.9417993Z HKEY_LOCAL_MACHINE\Software\Microsoft\Windows\CurrentVersion\Uninstall\{18DF3488-2245-432B-A023-3AA05C2A00C8}".
2026-10-09T16:56:28.9418789Z 
2026-10-09T16:56:28.9561736Z VERBOSE: Performing the operation "Remove Key" on target "Item: 
2026-10-09T16:56:28.9562754Z HKEY_LOCAL_MACHINE\Software\Microsoft\Windows\CurrentVersion\Uninstall\{75485683-EF03-41E6-BF21-D1491694548C}".
2026-10-09T16:56:28.9563521Z 
2026-10-09T16:56:28.9628716Z VERBOSE: Performing the operation "Remove Key" on target "Item: 
2026-10-09T16:56:28.9629878Z HKEY_LOCAL_MACHINE\Software\Microsoft\Windows\CurrentVersion\Uninstall\{9D09C9EF-A57C-422A-B79A-CC922079653A}".
2026-10-09T16:56:28.9630706Z 
2026-10-09T16:56:28.9733887Z VERBOSE: Performing the operation "Remove Key" on target "Item: 
2026-10-09T16:56:28.9734986Z HKEY_LOCAL_MACHINE\Software\Microsoft\Windows\CurrentVersion\Uninstall\{CD0A1663-DC2D-41BD-89AF-E1089E841822}".
2026-10-09T16:56:28.9735785Z 
2026-10-09T16:56:28.9780059Z VERBOSE: Performing the operation "Remove Key" on target "Item: 
2026-10-09T16:56:28.9781085Z HKEY_LOCAL_MACHINE\Software\Microsoft\Windows\CurrentVersion\Uninstall\{DE12B597-D4BF-4B1B-BF5F-C5CE41AFBDFC}".
2026-10-09T16:56:28.9781709Z 
2026-10-09T16:56:28.9816033Z VERBOSE: Performing the operation "Remove Key" on target "Item: 
2026-10-09T16:56:28.9816774Z HKEY_LOCAL_MACHINE\Software\Microsoft\Windows\CurrentVersion\Uninstall\{EF4A3D60-9A53-4697-A18D-D3353F8554E6}".
2026-10-09T16:56:28.9817443Z 
2026-10-09T16:56:29.0654578Z Create Python 3.12.9 folder in C:\hostedtoolcache\windows\Python
2026-10-09T16:56:29.0655738Z 
2026-10-09T16:56:29.0741521Z Copy Python binaries to C:\hostedtoolcache\windows\Python\3.12.9\x64
2026-10-09T16:56:29.0742574Z 
2026-10-09T16:56:29.0853030Z Install Python 3.12.9 in C:\hostedtoolcache\windows\Python...
2026-10-09T16:56:29.0853856Z 
2026-10-09T16:56:58.1845857Z Create python3 symlink
2026-10-09T16:56:58.1846175Z 
2026-10-09T16:56:58.2931350Z 
2026-10-09T16:56:58.2932556Z 
2026-10-09T16:56:58.2939896Z Directory: C:\hostedtoolcache\windows\Python\3.12.9\x64
2026-10-09T16:56:58.2940511Z 
2026-10-09T16:56:58.2941140Z 
2026-10-09T16:56:58.2954581Z Mode                 LastWriteTime         Length Name
2026-10-09T16:56:58.2960827Z ----                 -------------         ------ ----
2026-10-09T16:56:58.2974810Z -a---l         10/9/2026   4:56 PM              0 python3.exe
2026-10-09T16:56:58.2984911Z Install and upgrade Pip
2026-10-09T16:56:58.2986103Z 
2026-10-09T16:57:01.0036609Z Looking in links: c:\Users\RUNNER~1\AppData\Local\Temp\tmpv0mr_80q
2026-10-09T16:57:01.0041517Z Requirement already satisfied: pip in c:\hostedtoolcache\windows\python\3.12.9\x64\lib\site-packages (24.3.1)
2026-10-09T16:57:02.6290970Z Collecting pip
2026-10-09T16:57:02.6578717Z Downloading pip-26.2.1-py3-none-any.whl.metadata (4.6 kB)
2026-10-09T16:57:02.6844935Z Downloading pip-26.2.1-py3-none-any.whl (1.8 MB)
2026-10-09T16:57:02.7420032Z 
2026-10-09T16:57:02.7421589Z ----------------------------------------
2026-10-09T16:57:02.7422093Z 1.8/1.8 MB 33.1 MB/s eta 0:00:00
2026-10-09T16:57:02.7424145Z 
2026-10-09T16:57:02.7816978Z Installing collected packages: pip
2026-10-09T16:57:02.7819137Z Attempting uninstall: pip
2026-10-09T16:57:02.7848275Z Found existing installation: pip 24.3.1
2026-10-09T16:57:02.8761571Z Uninstalling pip-24.3.1:
2026-10-09T16:57:02.8932682Z Successfully uninstalled pip-24.3.1
2026-10-09T16:57:05.0593557Z Successfully installed pip-26.2.1
2026-10-09T16:57:05.3823562Z Create complete file
2026-10-09T16:57:05.3823985Z 
2026-10-09T16:57:05.3838142Z 
2026-10-09T16:57:05.3838268Z 
2026-10-09T16:57:05.4317854Z Successfully set up CPython (3.12.9)
2026-10-09T16:57:05.4318691Z ##[endgroup]
2026-10-09T16:57:05.4574316Z ##[group]Run actions/setup-dotnet@v4
2026-10-09T16:57:05.4574653Z with:
2026-10-09T16:57:05.4574840Z   dotnet-version: 8.0.424
2026-10-09T16:57:05.4575054Z   cache: false
2026-10-09T16:57:05.4575225Z env:
2026-10-09T16:57:05.4575385Z   MOCK_PROVIDER: true
2026-10-09T16:57:05.4575583Z   MOCK_STREAM_DELAY_MS: 0
2026-10-09T16:57:05.4575782Z   ENABLE_CLOUD: false
2026-10-09T16:57:05.4575984Z   CREDENTIAL_VAULT_BACKEND: memory
2026-10-09T16:57:05.4576244Z   CREDENTIAL_VAULT_ALLOW_MEMORY_FALLBACK: true
2026-10-09T16:57:05.4576531Z   PYTHONDONTWRITEBYTECODE: 1
2026-10-09T16:57:05.4576760Z   HF_HUB_OFFLINE: 1
2026-10-09T16:57:05.4577008Z   TRANSFORMERS_OFFLINE: 1
2026-10-09T16:57:05.4589927Z   pythonLocation: C:\hostedtoolcache\windows\Python\3.12.9\x64
2026-10-09T16:57:05.4590456Z   PKG_CONFIG_PATH: C:\hostedtoolcache\windows\Python\3.12.9\x64/lib/pkgconfig
2026-10-09T16:57:05.4590918Z   Python_ROOT_DIR: C:\hostedtoolcache\windows\Python\3.12.9\x64
2026-10-09T16:57:05.4591359Z   Python2_ROOT_DIR: C:\hostedtoolcache\windows\Python\3.12.9\x64
2026-10-09T16:57:05.4591759Z   Python3_ROOT_DIR: C:\hostedtoolcache\windows\Python\3.12.9\x64
2026-10-09T16:57:05.4592083Z ##[endgroup]
2026-10-09T16:57:05.6240336Z (node:1328) [DEP0040] DeprecationWarning: The `punycode` module is deprecated. Please use a userland alternative instead.
2026-10-09T16:57:05.6241185Z (Use `node --trace-deprecation ...` to show where the warning was created)
2026-10-09T16:57:05.7266113Z [command]"C:\Program Files\PowerShell\7\pwsh.exe" -NoLogo -Sta -NoProfile -NonInteractive -ExecutionPolicy Unrestricted -Command & 'D:\a\_actions\actions\setup-dotnet\v4\externals\install-dotnet.ps1' -SkipNonVersionedFiles -Runtime dotnet -Channel LTS
2026-10-09T16:57:06.9227463Z dotnet-install: .NET Core Runtime with version '10.0.12' is already installed.
2026-10-09T16:57:07.0747127Z [command]"C:\Program Files\PowerShell\7\pwsh.exe" -NoLogo -Sta -NoProfile -NonInteractive -ExecutionPolicy Unrestricted -Command & 'D:\a\_actions\actions\setup-dotnet\v4\externals\install-dotnet.ps1' -SkipNonVersionedFiles -Version 8.0.424
2026-10-09T16:57:14.2766451Z dotnet-install: Downloaded file https://builds.dotnet.microsoft.com/dotnet/Sdk/8.0.424/dotnet-sdk-8.0.424-win-x64.zip size is 285090820 bytes.
2026-10-09T16:57:14.2773161Z dotnet-install: Either downloaded or local package size can not be measured. One of them may be corrupted.
2026-10-09T16:57:14.2799110Z dotnet-install: Extracting the archive.
2026-10-09T16:57:30.6125235Z dotnet-install: Note that the script does not ensure your Windows version is supported during the installation.
2026-10-09T16:57:30.6130499Z dotnet-install: To check the list of supported versions, go to https://learn.microsoft.com/dotnet/core/install/windows#supported-versions
2026-10-09T16:57:30.6135656Z dotnet-install: Installed version is 8.0.424
2026-10-09T16:57:30.6140811Z dotnet-install: Installation finished
2026-10-09T16:57:30.6779784Z ##[group]Run $sandbox = Join-Path $env:RUNNER_TEMP 'novel-r2-native'
2026-10-09T16:57:30.6780392Z [36;1m$sandbox = Join-Path $env:RUNNER_TEMP 'novel-r2-native'[0m
2026-10-09T16:57:30.6781089Z [36;1mNew-Item -ItemType Directory -Force -Path $sandbox, "$sandbox/data", "$sandbox/receipts", "$sandbox/host" | Out-Null[0m
2026-10-09T16:57:30.6781871Z [36;1m"NOVEL_DATA_PATH=$sandbox/data" | Out-File $env:GITHUB_ENV -Append -Encoding utf8[0m
2026-10-09T16:57:30.6782517Z [36;1m"PROJECT_ROOT=$env:GITHUB_WORKSPACE" | Out-File $env:GITHUB_ENV -Append -Encoding utf8[0m
2026-10-09T16:57:30.6783160Z [36;1m"STORAGE_BACKEND=file" | Out-File $env:GITHUB_ENV -Append -Encoding utf8[0m
2026-10-09T16:57:30.6783776Z [36;1m"CI_RECEIPTS=$sandbox/receipts" | Out-File $env:GITHUB_ENV -Append -Encoding utf8[0m
2026-10-09T16:57:30.6784411Z [36;1m"R2_HOST_OUTPUT=$sandbox/host" | Out-File $env:GITHUB_ENV -Append -Encoding utf8[0m
2026-10-09T16:57:30.6785155Z [36;1m"checked_out_sha=$(git rev-parse HEAD)" | Out-File "$sandbox/receipts/revision.txt" -Encoding utf8[0m
2026-10-09T16:57:30.6786196Z [36;1m"platform=Windows hosted runner; interactive DesktopHost/WebView2/user acceptance NOT_RUN" | Out-File "$sandbox/receipts/revision.txt" -Append -Encoding utf8[0m
2026-10-09T16:57:30.6828835Z shell: C:\Program Files\PowerShell\7\pwsh.EXE -command ". '{0}'"
2026-10-09T16:57:30.6829211Z env:
2026-10-09T16:57:30.6829391Z   MOCK_PROVIDER: true
2026-10-09T16:57:30.6829604Z   MOCK_STREAM_DELAY_MS: 0
2026-10-09T16:57:30.6829815Z   ENABLE_CLOUD: false
2026-10-09T16:57:30.6830025Z   CREDENTIAL_VAULT_BACKEND: memory
2026-10-09T16:57:30.6830303Z   CREDENTIAL_VAULT_ALLOW_MEMORY_FALLBACK: true
2026-10-09T16:57:30.6830593Z   PYTHONDONTWRITEBYTECODE: 1
2026-10-09T16:57:30.6830817Z   HF_HUB_OFFLINE: 1
2026-10-09T16:57:30.6831007Z   TRANSFORMERS_OFFLINE: 1
2026-10-09T16:57:30.6831305Z   pythonLocation: C:\hostedtoolcache\windows\Python\3.12.9\x64
2026-10-09T16:57:30.6831782Z   PKG_CONFIG_PATH: C:\hostedtoolcache\windows\Python\3.12.9\x64/lib/pkgconfig
2026-10-09T16:57:30.6832250Z   Python_ROOT_DIR: C:\hostedtoolcache\windows\Python\3.12.9\x64
2026-10-09T16:57:30.6832658Z   Python2_ROOT_DIR: C:\hostedtoolcache\windows\Python\3.12.9\x64
2026-10-09T16:57:30.6833071Z   Python3_ROOT_DIR: C:\hostedtoolcache\windows\Python\3.12.9\x64
2026-10-09T16:57:30.6833409Z   DOTNET_ROOT: C:\Program Files\dotnet
2026-10-09T16:57:30.6833656Z ##[endgroup]
2026-10-09T16:57:31.0968473Z ##[group]Run python -m pip install -c .github/ci/python-constraints.txt -e '.[dev,fontbuild]'
2026-10-09T16:57:31.0969234Z [36;1mpython -m pip install -c .github/ci/python-constraints.txt -e '.[dev,fontbuild]'[0m
2026-10-09T16:57:31.1008144Z shell: C:\Program Files\PowerShell\7\pwsh.EXE -command ". '{0}'"
2026-10-09T16:57:31.1008493Z env:
2026-10-09T16:57:31.1008670Z   MOCK_PROVIDER: true
2026-10-09T16:57:31.1008892Z   MOCK_STREAM_DELAY_MS: 0
2026-10-09T16:57:31.1009106Z   ENABLE_CLOUD: false
2026-10-09T16:57:31.1009314Z   CREDENTIAL_VAULT_BACKEND: memory
2026-10-09T16:57:31.1009583Z   CREDENTIAL_VAULT_ALLOW_MEMORY_FALLBACK: true
2026-10-09T16:57:31.1009895Z   PYTHONDONTWRITEBYTECODE: 1
2026-10-09T16:57:31.1010137Z   HF_HUB_OFFLINE: 1
2026-10-09T16:57:31.1010330Z   TRANSFORMERS_OFFLINE: 1
2026-10-09T16:57:31.1010620Z   pythonLocation: C:\hostedtoolcache\windows\Python\3.12.9\x64
2026-10-09T16:57:31.1011109Z   PKG_CONFIG_PATH: C:\hostedtoolcache\windows\Python\3.12.9\x64/lib/pkgconfig
2026-10-09T16:57:31.1011600Z   Python_ROOT_DIR: C:\hostedtoolcache\windows\Python\3.12.9\x64
2026-10-09T16:57:31.1012012Z   Python2_ROOT_DIR: C:\hostedtoolcache\windows\Python\3.12.9\x64
2026-10-09T16:57:31.1012421Z   Python3_ROOT_DIR: C:\hostedtoolcache\windows\Python\3.12.9\x64
2026-10-09T16:57:31.1012763Z   DOTNET_ROOT: C:\Program Files\dotnet
2026-10-09T16:57:31.1013050Z   NOVEL_DATA_PATH: D:\a\_temp\novel-r2-native/data
2026-10-09T16:57:31.1013544Z   PROJECT_ROOT: D:\a\AI-Novel-Studio\AI-Novel-Studio
2026-10-09T16:57:31.1013851Z   STORAGE_BACKEND: file
2026-10-09T16:57:31.1014091Z   CI_RECEIPTS: D:\a\_temp\novel-r2-native/receipts
2026-10-09T16:57:31.1014405Z   R2_HOST_OUTPUT: D:\a\_temp\novel-r2-native/host
2026-10-09T16:57:31.1014682Z ##[endgroup]
2026-10-09T16:57:32.4587205Z Obtaining file:///D:/a/AI-Novel-Studio/AI-Novel-Studio
2026-10-09T16:57:32.4619935Z   Installing build dependencies: started
2026-10-09T16:57:34.7760978Z   Installing build dependencies: finished with status 'done'
2026-10-09T16:57:34.7778537Z   Checking if build backend supports build_editable: started
2026-10-09T16:57:35.1712509Z   Checking if build backend supports build_editable: finished with status 'done'
2026-10-09T16:57:35.1737272Z   Getting requirements to build editable: started
2026-10-09T16:57:35.8414537Z   Getting requirements to build editable: finished with status 'done'
2026-10-09T16:57:35.8443547Z   Preparing editable metadata (pyproject.toml): started
2026-10-09T16:57:36.5202818Z   Preparing editable metadata (pyproject.toml): finished with status 'done'
2026-10-09T16:57:36.8135306Z Collecting fastapi<1,>=0.115 (from ai-novel-studio==0.7.0)
2026-10-09T16:57:36.9886507Z   Downloading fastapi-0.142.2-py3-none-any.whl.metadata (27 kB)
2026-10-09T16:57:37.0767773Z Collecting uvicorn<1,>=0.30 (from ai-novel-studio==0.7.0)
2026-10-09T16:57:37.0880323Z   Downloading uvicorn-0.54.0-py3-none-any.whl.metadata (6.6 kB)
2026-10-09T16:57:37.2370343Z Collecting psycopg<4,>=3.2 (from psycopg[binary]<4,>=3.2->ai-novel-studio==0.7.0)
2026-10-09T16:57:37.2474617Z   Downloading psycopg-3.3.6-py3-none-any.whl.metadata (4.4 kB)
2026-10-09T16:57:37.6421709Z Collecting sqlalchemy<3,>=2.0 (from ai-novel-studio==0.7.0)
2026-10-09T16:57:37.6520333Z   Downloading sqlalchemy-2.1.3-cp312-cp312-win_amd64.whl.metadata (9.9 kB)
2026-10-09T16:57:37.7044221Z Collecting httpx<1,>=0.27 (from ai-novel-studio==0.7.0)
2026-10-09T16:57:37.7140760Z   Downloading httpx-0.28.1-py3-none-any.whl.metadata (7.1 kB)
2026-10-09T16:57:37.7594822Z Collecting pydantic-settings<3,>=2.6 (from ai-novel-studio==0.7.0)
2026-10-09T16:57:37.7682599Z   Downloading pydantic_settings-2.15.0-py3-none-any.whl.metadata (3.9 kB)
2026-10-09T16:57:37.9238693Z Collecting reportlab<5,>=4.0 (from ai-novel-studio==0.7.0)
2026-10-09T16:57:37.9343386Z   Downloading reportlab-4.5.1-py3-none-any.whl.metadata (1.7 kB)
2026-10-09T16:57:37.9848910Z Collecting pypdf==6.19.0 (from ai-novel-studio==0.7.0)
2026-10-09T16:57:37.9934911Z   Downloading pypdf-6.19.0-py3-none-any.whl.metadata (7.5 kB)
2026-10-09T16:57:38.0456684Z Collecting jsonschema<5,>=4.18 (from ai-novel-studio==0.7.0)
2026-10-09T16:57:38.0542940Z   Downloading jsonschema-4.26.0-py3-none-any.whl.metadata (7.6 kB)
2026-10-09T16:57:38.1108369Z Collecting pytest<9,>=8 (from ai-novel-studio==0.7.0)
2026-10-09T16:57:38.1195448Z   Downloading pytest-8.4.2-py3-none-any.whl.metadata (7.7 kB)
2026-10-09T16:57:38.3034581Z Collecting fonttools==4.59.1 (from ai-novel-studio==0.7.0)
2026-10-09T16:57:38.3165094Z   Downloading fonttools-4.59.1-cp312-cp312-win_amd64.whl.metadata (111 kB)
2026-10-09T16:57:38.3975128Z Collecting starlette>=0.46.0 (from fastapi<1,>=0.115->ai-novel-studio==0.7.0)
2026-10-09T16:57:38.4061235Z   Downloading starlette-1.7.0-py3-none-any.whl.metadata (6.6 kB)
2026-10-09T16:57:38.6376511Z Collecting pydantic>=2.9.0 (from fastapi<1,>=0.115->ai-novel-studio==0.7.0)
2026-10-09T16:57:38.6463064Z   Downloading pydantic-2.13.5-py3-none-any.whl.metadata (110 kB)
2026-10-09T16:57:38.7037594Z Collecting typing-extensions>=4.8.0 (from fastapi<1,>=0.115->ai-novel-studio==0.7.0)
2026-10-09T16:57:38.7122695Z   Downloading typing_extensions-4.16.0-py3-none-any.whl.metadata (3.3 kB)
2026-10-09T16:57:38.7526629Z Collecting typing-inspection>=0.4.2 (from fastapi<1,>=0.115->ai-novel-studio==0.7.0)
2026-10-09T16:57:38.7638885Z   Downloading typing_inspection-0.4.4-py3-none-any.whl.metadata (2.6 kB)
2026-10-09T16:57:38.8108726Z Collecting annotated-doc>=0.0.2 (from fastapi<1,>=0.115->ai-novel-studio==0.7.0)
2026-10-09T16:57:38.8197200Z   Downloading annotated_doc-0.0.5-py3-none-any.whl.metadata (6.5 kB)
2026-10-09T16:57:38.8721938Z Collecting opentelemetry-api>=1.44.0 (from fastapi<1,>=0.115->ai-novel-studio==0.7.0)
2026-10-09T16:57:38.8820044Z   Downloading opentelemetry_api-1.45.0-py3-none-any.whl.metadata (1.4 kB)
2026-10-09T16:57:38.9352043Z Collecting anyio (from httpx<1,>=0.27->ai-novel-studio==0.7.0)
2026-10-09T16:57:38.9444139Z   Downloading anyio-4.15.1-py3-none-any.whl.metadata (4.7 kB)
2026-10-09T16:57:39.0042957Z Collecting certifi (from httpx<1,>=0.27->ai-novel-studio==0.7.0)
2026-10-09T16:57:39.0131960Z   Downloading certifi-2026.7.22-py3-none-any.whl.metadata (2.5 kB)
2026-10-09T16:57:39.0766973Z Collecting httpcore==1.* (from httpx<1,>=0.27->ai-novel-studio==0.7.0)
2026-10-09T16:57:39.0850431Z   Downloading httpcore-1.0.9-py3-none-any.whl.metadata (21 kB)
2026-10-09T16:57:39.1317855Z Collecting idna (from httpx<1,>=0.27->ai-novel-studio==0.7.0)
2026-10-09T16:57:39.1406688Z   Downloading idna-3.20-py3-none-any.whl.metadata (7.2 kB)
2026-10-09T16:57:39.1864539Z Collecting h11>=0.16 (from httpcore==1.*->httpx<1,>=0.27->ai-novel-studio==0.7.0)
2026-10-09T16:57:39.1945037Z   Downloading h11-0.16.0-py3-none-any.whl.metadata (8.3 kB)
2026-10-09T16:57:39.2445575Z Collecting attrs>=22.2.0 (from jsonschema<5,>=4.18->ai-novel-studio==0.7.0)
2026-10-09T16:57:39.2537751Z   Downloading attrs-26.1.0-py3-none-any.whl.metadata (8.8 kB)
2026-10-09T16:57:39.3040227Z Collecting jsonschema-specifications>=2023.03.6 (from jsonschema<5,>=4.18->ai-novel-studio==0.7.0)
2026-10-09T16:57:39.3126381Z   Downloading jsonschema_specifications-2025.9.1-py3-none-any.whl.metadata (2.9 kB)
2026-10-09T16:57:39.3696102Z Collecting referencing>=0.28.4 (from jsonschema<5,>=4.18->ai-novel-studio==0.7.0)
2026-10-09T16:57:39.3778587Z   Downloading referencing-0.37.0-py3-none-any.whl.metadata (2.8 kB)
2026-10-09T16:57:39.7009330Z Collecting rpds-py>=0.25.0 (from jsonschema<5,>=4.18->ai-novel-studio==0.7.0)
2026-10-09T16:57:39.7091703Z   Downloading rpds_py-2026.9.1-cp312-cp312-win_amd64.whl.metadata (4.2 kB)
2026-10-09T16:57:39.7531341Z Collecting tzdata (from psycopg<4,>=3.2->psycopg[binary]<4,>=3.2->ai-novel-studio==0.7.0)
2026-10-09T16:57:39.7616309Z   Downloading tzdata-2026.5-py2.py3-none-any.whl.metadata (1.4 kB)
2026-10-09T16:57:40.2197258Z Collecting psycopg-binary==3.3.6 (from psycopg[binary]<4,>=3.2->ai-novel-studio==0.7.0)
2026-10-09T16:57:40.2282197Z   Downloading psycopg_binary-3.3.6-cp312-cp312-win_amd64.whl.metadata (2.8 kB)
2026-10-09T16:57:40.2750029Z Collecting python-dotenv>=0.21.0 (from pydantic-settings<3,>=2.6->ai-novel-studio==0.7.0)
2026-10-09T16:57:40.3033693Z   Downloading python_dotenv-1.2.4-py3-none-any.whl.metadata (29 kB)
2026-10-09T16:57:40.3510736Z Collecting colorama>=0.4 (from pytest<9,>=8->ai-novel-studio==0.7.0)
2026-10-09T16:57:40.3594347Z   Downloading colorama-0.4.6-py2.py3-none-any.whl.metadata (17 kB)
2026-10-09T16:57:40.4005869Z Collecting iniconfig>=1 (from pytest<9,>=8->ai-novel-studio==0.7.0)
2026-10-09T16:57:40.4091471Z   Downloading iniconfig-2.3.0-py3-none-any.whl.metadata (2.5 kB)
2026-10-09T16:57:40.4590869Z Collecting packaging>=20 (from pytest<9,>=8->ai-novel-studio==0.7.0)
2026-10-09T16:57:40.4706740Z   Downloading packaging-26.3-py3-none-any.whl.metadata (3.5 kB)
2026-10-09T16:57:40.5149299Z Collecting pluggy<2,>=1.5 (from pytest<9,>=8->ai-novel-studio==0.7.0)
2026-10-09T16:57:40.5229387Z   Downloading pluggy-1.6.0-py3-none-any.whl.metadata (4.8 kB)
2026-10-09T16:57:40.5710124Z Collecting pygments>=2.7.2 (from pytest<9,>=8->ai-novel-studio==0.7.0)
2026-10-09T16:57:40.5797885Z   Downloading pygments-2.21.0-py3-none-any.whl.metadata (2.5 kB)
2026-10-09T16:57:40.8091990Z Collecting pillow>=9.0.0 (from reportlab<5,>=4.0->ai-novel-studio==0.7.0)
2026-10-09T16:57:40.8180597Z   Downloading pillow-12.3.0-cp312-cp312-win_amd64.whl.metadata (9.3 kB)
2026-10-09T16:57:40.9768917Z Collecting charset-normalizer (from reportlab<5,>=4.0->ai-novel-studio==0.7.0)
2026-10-09T16:57:40.9856506Z   Downloading charset_normalizer-3.5.2-cp312-cp312-win_amd64.whl.metadata (47 kB)
2026-10-09T16:57:41.0472033Z Collecting click>=7.0 (from uvicorn<1,>=0.30->ai-novel-studio==0.7.0)
2026-10-09T16:57:41.0556092Z   Downloading click-8.5.0-py3-none-any.whl.metadata (2.6 kB)
2026-10-09T16:57:41.1072077Z Collecting annotated-types>=0.6.0 (from pydantic>=2.9.0->fastapi<1,>=0.115->ai-novel-studio==0.7.0)
2026-10-09T16:57:41.1151253Z   Downloading annotated_types-0.8.0-py3-none-any.whl.metadata (15 kB)
2026-10-09T16:57:41.9190471Z Collecting pydantic-core==2.46.5 (from pydantic>=2.9.0->fastapi<1,>=0.115->ai-novel-studio==0.7.0)
2026-10-09T16:57:41.9290034Z   Downloading pydantic_core-2.46.5-cp312-cp312-win_amd64.whl.metadata (6.7 kB)
2026-10-09T16:57:41.9761569Z Downloading fonttools-4.59.1-cp312-cp312-win_amd64.whl (2.3 MB)
2026-10-09T16:57:42.0398536Z    ---------------------------------------- 2.3/2.3 MB 31.6 MB/s  0:00:00
2026-10-09T16:57:42.0483897Z Downloading pypdf-6.19.0-py3-none-any.whl (395 kB)
2026-10-09T16:57:42.0832585Z Downloading fastapi-0.142.2-py3-none-any.whl (144 kB)
2026-10-09T16:57:42.1110200Z Downloading httpx-0.28.1-py3-none-any.whl (73 kB)
2026-10-09T16:57:42.1380723Z Downloading httpcore-1.0.9-py3-none-any.whl (78 kB)
2026-10-09T16:57:42.1603468Z Downloading jsonschema-4.26.0-py3-none-any.whl (90 kB)
2026-10-09T16:57:42.1850513Z Downloading psycopg-3.3.6-py3-none-any.whl (215 kB)
2026-10-09T16:57:42.2117729Z Downloading psycopg_binary-3.3.6-cp312-cp312-win_amd64.whl (3.7 MB)
2026-10-09T16:57:42.2625899Z    ---------------------------------------- 3.7/3.7 MB 72.3 MB/s  0:00:00
2026-10-09T16:57:42.2733337Z Downloading pydantic_settings-2.15.0-py3-none-any.whl (69 kB)
2026-10-09T16:57:42.2979253Z Downloading pytest-8.4.2-py3-none-any.whl (365 kB)
2026-10-09T16:57:42.3228684Z Downloading pluggy-1.6.0-py3-none-any.whl (20 kB)
2026-10-09T16:57:42.3497945Z Downloading reportlab-4.5.1-py3-none-any.whl (2.0 MB)
2026-10-09T16:57:42.3925756Z    ---------------------------------------- 2.0/2.0 MB 54.7 MB/s  0:00:00
2026-10-09T16:57:42.4024028Z Downloading sqlalchemy-2.1.3-cp312-cp312-win_amd64.whl (2.4 MB)
2026-10-09T16:57:42.4377622Z    ---------------------------------------- 2.4/2.4 MB 69.8 MB/s  0:00:00
2026-10-09T16:57:42.4490307Z Downloading uvicorn-0.54.0-py3-none-any.whl (87 kB)
2026-10-09T16:57:42.4813510Z Downloading annotated_doc-0.0.5-py3-none-any.whl (5.3 kB)
2026-10-09T16:57:42.5049727Z Downloading attrs-26.1.0-py3-none-any.whl (67 kB)
2026-10-09T16:57:42.5277106Z Downloading click-8.5.0-py3-none-any.whl (125 kB)
2026-10-09T16:57:42.5912715Z Downloading colorama-0.4.6-py2.py3-none-any.whl (25 kB)
2026-10-09T16:57:42.6111328Z Downloading h11-0.16.0-py3-none-any.whl (37 kB)
2026-10-09T16:57:42.6343960Z Downloading iniconfig-2.3.0-py3-none-any.whl (7.5 kB)
2026-10-09T16:57:42.6558246Z Downloading jsonschema_specifications-2025.9.1-py3-none-any.whl (18 kB)
2026-10-09T16:57:42.6772028Z Downloading opentelemetry_api-1.45.0-py3-none-any.whl (60 kB)
2026-10-09T16:57:42.7063571Z Downloading packaging-26.3-py3-none-any.whl (129 kB)
2026-10-09T16:57:42.7276260Z Downloading pillow-12.3.0-cp312-cp312-win_amd64.whl (7.2 MB)
2026-10-09T16:57:42.8096911Z    ---------------------------------------- 7.2/7.2 MB 89.3 MB/s  0:00:00
2026-10-09T16:57:42.8192457Z Downloading pydantic-2.13.5-py3-none-any.whl (472 kB)
2026-10-09T16:57:42.8477589Z Downloading pydantic_core-2.46.5-cp312-cp312-win_amd64.whl (2.0 MB)
2026-10-09T16:57:42.8910271Z    ---------------------------------------- 2.0/2.0 MB 37.9 MB/s  0:00:00
2026-10-09T16:57:42.8998499Z Downloading annotated_types-0.8.0-py3-none-any.whl (13 kB)
2026-10-09T16:57:42.9229516Z Downloading pygments-2.21.0-py3-none-any.whl (1.3 MB)
2026-10-09T16:57:42.9502691Z    ---------------------------------------- 1.3/1.3 MB 31.9 MB/s  0:00:00
2026-10-09T16:57:42.9595920Z Downloading python_dotenv-1.2.4-py3-none-any.whl (23 kB)
2026-10-09T16:57:42.9826385Z Downloading referencing-0.37.0-py3-none-any.whl (26 kB)
2026-10-09T16:57:43.0111656Z Downloading rpds_py-2026.9.1-cp312-cp312-win_amd64.whl (222 kB)
2026-10-09T16:57:43.0338764Z Downloading starlette-1.7.0-py3-none-any.whl (78 kB)
2026-10-09T16:57:43.0717391Z Downloading anyio-4.15.1-py3-none-any.whl (132 kB)
2026-10-09T16:57:43.0964229Z Downloading idna-3.20-py3-none-any.whl (69 kB)
2026-10-09T16:57:43.1194683Z Downloading typing_extensions-4.16.0-py3-none-any.whl (45 kB)
2026-10-09T16:57:43.1441520Z Downloading typing_inspection-0.4.4-py3-none-any.whl (14 kB)
2026-10-09T16:57:43.1653634Z Downloading certifi-2026.7.22-py3-none-any.whl (136 kB)
2026-10-09T16:57:43.1879141Z Downloading charset_normalizer-3.5.2-cp312-cp312-win_amd64.whl (207 kB)
2026-10-09T16:57:43.2120734Z Downloading tzdata-2026.5-py2.py3-none-any.whl (347 kB)
2026-10-09T16:57:43.4066091Z Building wheels for collected packages: ai-novel-studio
2026-10-09T16:57:43.4099376Z   Building editable for ai-novel-studio (pyproject.toml): started
2026-10-09T16:57:44.2013741Z   Building editable for ai-novel-studio (pyproject.toml): finished with status 'done'
2026-10-09T16:57:44.2052436Z   Created wheel for ai-novel-studio: filename=ai_novel_studio-0.7.0-0.editable-py3-none-any.whl size=3169 sha256=b5f522820103bc18a23949b192a4751e033ea979c2aae40d00095dea29c483d0
2026-10-09T16:57:44.2054734Z   Stored in directory: C:\Users\runneradmin\AppData\Local\Temp\pip-ephem-wheel-cache-xhr7zdhb\wheels\bc\96\d9\23bbbf472cce62cc5daf428b8cf5c693a6d54b50fcbdee6f2d
2026-10-09T16:57:44.2080253Z Successfully built ai-novel-studio
2026-10-09T16:57:44.3049548Z Installing collected packages: tzdata, typing-extensions, rpds-py, python-dotenv, pypdf, pygments, psycopg-binary, pluggy, pillow, packaging, iniconfig, idna, h11, fonttools, colorama, click, charset-normalizer, certifi, attrs, annotated-types, annotated-doc, uvicorn, typing-inspection, sqlalchemy, reportlab, referencing, pytest, pydantic-core, psycopg, opentelemetry-api, httpcore, anyio, starlette, pydantic, jsonschema-specifications, httpx, pydantic-settings, jsonschema, fastapi, ai-novel-studio
2026-10-09T16:57:58.0415918Z 
2026-10-09T16:57:58.0456851Z Successfully installed ai-novel-studio-0.7.0 annotated-doc-0.0.5 annotated-types-0.8.0 anyio-4.15.1 attrs-26.1.0 certifi-2026.7.22 charset-normalizer-3.5.2 click-8.5.0 colorama-0.4.6 fastapi-0.142.2 fonttools-4.59.1 h11-0.16.0 httpcore-1.0.9 httpx-0.28.1 idna-3.20 iniconfig-2.3.0 jsonschema-4.26.0 jsonschema-specifications-2025.9.1 opentelemetry-api-1.45.0 packaging-26.3 pillow-12.3.0 pluggy-1.6.0 psycopg-3.3.6 psycopg-binary-3.3.6 pydantic-2.13.5 pydantic-core-2.46.5 pydantic-settings-2.15.0 pygments-2.21.0 pypdf-6.19.0 pytest-8.4.2 python-dotenv-1.2.4 referencing-0.37.0 reportlab-4.5.1 rpds-py-2026.9.1 sqlalchemy-2.1.3 starlette-1.7.0 typing-extensions-4.16.0 typing-inspection-0.4.4 tzdata-2026.5 uvicorn-0.54.0
2026-10-09T16:57:58.4427359Z ##[group]Run if ((dotnet --version).Trim() -ne '8.0.424') { throw 'Wrong .NET SDK selected' }
2026-10-09T16:57:58.4428131Z [36;1mif ((dotnet --version).Trim() -ne '8.0.424') { throw 'Wrong .NET SDK selected' }[0m
2026-10-09T16:57:58.4428729Z [36;1mdotnet --version | Out-File "$env:CI_RECEIPTS/dotnet-sdk.txt" -Encoding utf8[0m
2026-10-09T16:57:58.4429827Z [36;1mdotnet publish desktop-host/AI.NovelStudio.DesktopHost/AI.NovelStudio.DesktopHost.csproj -c Release -r win-x64 --self-contained false -o "$env:R2_HOST_OUTPUT" 2>&1 | Tee-Object "$env:CI_RECEIPTS/host-build.log"[0m
2026-10-09T16:57:58.4430806Z [36;1mif ($LASTEXITCODE -ne 0) { exit $LASTEXITCODE }[0m
2026-10-09T16:57:58.4431828Z [36;1mGet-ChildItem "$env:R2_HOST_OUTPUT" -File -Recurse | Get-FileHash -Algorithm SHA256 | ForEach-Object { "$($_.Hash)  $([IO.Path]::GetRelativePath($env:R2_HOST_OUTPUT, $_.Path))" } | Out-File "$env:CI_RECEIPTS/host-sha256.txt" -Encoding utf8[0m
2026-10-09T16:57:58.4473547Z shell: C:\Program Files\PowerShell\7\pwsh.EXE -command ". '{0}'"
2026-10-09T16:57:58.4473910Z env:
2026-10-09T16:57:58.4474085Z   MOCK_PROVIDER: true
2026-10-09T16:57:58.4474439Z   MOCK_STREAM_DELAY_MS: 0
2026-10-09T16:57:58.4474653Z   ENABLE_CLOUD: false
2026-10-09T16:57:58.4474865Z   CREDENTIAL_VAULT_BACKEND: memory
2026-10-09T16:57:58.4475136Z   CREDENTIAL_VAULT_ALLOW_MEMORY_FALLBACK: true
2026-10-09T16:57:58.4475441Z   PYTHONDONTWRITEBYTECODE: 1
2026-10-09T16:57:58.4475678Z   HF_HUB_OFFLINE: 1
2026-10-09T16:57:58.4475873Z   TRANSFORMERS_OFFLINE: 1
2026-10-09T16:57:58.4476166Z   pythonLocation: C:\hostedtoolcache\windows\Python\3.12.9\x64
2026-10-09T16:57:58.4476626Z   PKG_CONFIG_PATH: C:\hostedtoolcache\windows\Python\3.12.9\x64/lib/pkgconfig
2026-10-09T16:57:58.4477083Z   Python_ROOT_DIR: C:\hostedtoolcache\windows\Python\3.12.9\x64
2026-10-09T16:57:58.4477490Z   Python2_ROOT_DIR: C:\hostedtoolcache\windows\Python\3.12.9\x64
2026-10-09T16:57:58.4477897Z   Python3_ROOT_DIR: C:\hostedtoolcache\windows\Python\3.12.9\x64
2026-10-09T16:57:58.4478245Z   DOTNET_ROOT: C:\Program Files\dotnet
2026-10-09T16:57:58.4478530Z   NOVEL_DATA_PATH: D:\a\_temp\novel-r2-native/data
2026-10-09T16:57:58.4478880Z   PROJECT_ROOT: D:\a\AI-Novel-Studio\AI-Novel-Studio
2026-10-09T16:57:58.4479175Z   STORAGE_BACKEND: file
2026-10-09T16:57:58.4479430Z   CI_RECEIPTS: D:\a\_temp\novel-r2-native/receipts
2026-10-09T16:57:58.4479751Z   R2_HOST_OUTPUT: D:\a\_temp\novel-r2-native/host
2026-10-09T16:57:58.4480030Z ##[endgroup]
2026-10-09T16:58:08.5790964Z   Determining projects to restore...
2026-10-09T16:58:10.6498878Z   Restored D:\a\AI-Novel-Studio\AI-Novel-Studio\desktop-host\AI.NovelStudio.DesktopHost\AI.NovelStudio.DesktopHost.csproj (in 1.6 sec).
2026-10-09T16:58:13.2095097Z   AI.NovelStudio.DesktopHost -> D:\a\AI-Novel-Studio\AI-Novel-Studio\desktop-host\AI.NovelStudio.DesktopHost\bin\Release\net8.0-windows\win-x64\AI-Novel-Studio.DesktopHost.dll
2026-10-09T16:58:13.2374982Z   AI.NovelStudio.DesktopHost -> D:\a\_temp\novel-r2-native\host\
2026-10-09T16:58:13.3592322Z ##[group]Run python -m pytest -q -ra --tb=short tests/test_runtime_ownership_foundation_v070.py tests/test_webview2_host_contract_v070.py tests/test_packaged_process_factory_v070.py tests/test_packaged_local_session_bootstrap_v070.py tests/test_packaged_desktop_bridge_v070.py tests/test_packaged_postgres_migrations_v070.py tests/test_windows_packaging_host_provenance_v070.py --junitxml="$env:CI_RECEIPTS/windows.xml" 2>&1 | Tee-Object "$env:CI_RECEIPTS/windows-tests.log"
2026-10-09T16:58:13.3596896Z [36;1mpython -m pytest -q -ra --tb=short tests/test_runtime_ownership_foundation_v070.py tests/test_webview2_host_contract_v070.py tests/test_packaged_process_factory_v070.py tests/test_packaged_local_session_bootstrap_v070.py tests/test_packaged_desktop_bridge_v070.py tests/test_packaged_postgres_migrations_v070.py tests/test_windows_packaging_host_provenance_v070.py --junitxml="$env:CI_RECEIPTS/windows.xml" 2>&1 | Tee-Object "$env:CI_RECEIPTS/windows-tests.log"[0m
2026-10-09T16:58:13.3598672Z [36;1mexit $LASTEXITCODE[0m
2026-10-09T16:58:13.3641924Z shell: C:\Program Files\PowerShell\7\pwsh.EXE -command ". '{0}'"
2026-10-09T16:58:13.3642286Z env:
2026-10-09T16:58:13.3642459Z   MOCK_PROVIDER: true
2026-10-09T16:58:13.3642665Z   MOCK_STREAM_DELAY_MS: 0
2026-10-09T16:58:13.3642869Z   ENABLE_CLOUD: false
2026-10-09T16:58:13.3643083Z   CREDENTIAL_VAULT_BACKEND: memory
2026-10-09T16:58:13.3643350Z   CREDENTIAL_VAULT_ALLOW_MEMORY_FALLBACK: true
2026-10-09T16:58:13.3643640Z   PYTHONDONTWRITEBYTECODE: 1
2026-10-09T16:58:13.3643872Z   HF_HUB_OFFLINE: 1
2026-10-09T16:58:13.3644062Z   TRANSFORMERS_OFFLINE: 1
2026-10-09T16:58:13.3644349Z   pythonLocation: C:\hostedtoolcache\windows\Python\3.12.9\x64
2026-10-09T16:58:13.3644821Z   PKG_CONFIG_PATH: C:\hostedtoolcache\windows\Python\3.12.9\x64/lib/pkgconfig
2026-10-09T16:58:13.3645274Z   Python_ROOT_DIR: C:\hostedtoolcache\windows\Python\3.12.9\x64
2026-10-09T16:58:13.3645707Z   Python2_ROOT_DIR: C:\hostedtoolcache\windows\Python\3.12.9\x64
2026-10-09T16:58:13.3646123Z   Python3_ROOT_DIR: C:\hostedtoolcache\windows\Python\3.12.9\x64
2026-10-09T16:58:13.3646604Z   DOTNET_ROOT: C:\Program Files\dotnet
2026-10-09T16:58:13.3646892Z   NOVEL_DATA_PATH: D:\a\_temp\novel-r2-native/data
2026-10-09T16:58:13.3647226Z   PROJECT_ROOT: D:\a\AI-Novel-Studio\AI-Novel-Studio
2026-10-09T16:58:13.3647509Z   STORAGE_BACKEND: file
2026-10-09T16:58:13.3647747Z   CI_RECEIPTS: D:\a\_temp\novel-r2-native/receipts
2026-10-09T16:58:13.3648050Z   R2_HOST_OUTPUT: D:\a\_temp\novel-r2-native/host
2026-10-09T16:58:13.3648319Z ##[endgroup]
2026-10-09T16:58:31.0111950Z ...........................................................              [100%]
2026-10-09T16:58:31.0115630Z ============================== warnings summary ===============================
2026-10-09T16:58:31.0118418Z C:\hostedtoolcache\windows\Python\3.12.9\x64\Lib\site-packages\fastapi\testclient.py:1
2026-10-09T16:58:31.0121732Z   C:\hostedtoolcache\windows\Python\3.12.9\x64\Lib\site-packages\fastapi\testclient.py:1: StarletteDeprecationWarning: Using `httpx` with `starlette.testclient` is deprecated; install `httpx2` instead.
2026-10-09T16:58:31.0123337Z     from starlette.testclient import TestClient as TestClient  # noqa
2026-10-09T16:58:31.0125423Z 
2026-10-09T16:58:31.0128191Z -- Docs: https://docs.pytest.org/en/stable/how-to/capture-warnings.html
2026-10-09T16:58:31.0130475Z ----- generated xml file: D:\a\_temp\novel-r2-native\receipts\windows.xml -----
2026-10-09T16:58:31.0132485Z 59 passed, 1 warning in 15.54s
2026-10-09T16:58:32.2788097Z ##[group]Run python scripts/run_v2_checks.py cloud-windows-v2-environment-contracts -- python -m pytest -q -ra --tb=short -p no:cacheprovider --basetemp=.runtime/v2-checks/cloud-windows-v2-environment-contracts/pytest tests/test_local_ai_environment_v2.py::test_common_roots_are_fixed_scoped_windows_locations tests/test_local_ai_environment_v2.py::test_system_component_presence_is_not_a_driver_or_inference_claim tests/test_local_ai_environment_v2.py::test_environment_get_is_session_protected_and_never_scans --junitxml="$env:CI_RECEIPTS/windows-v2-environment.xml"
2026-10-09T16:58:32.2792291Z [36;1mpython scripts/run_v2_checks.py cloud-windows-v2-environment-contracts -- python -m pytest -q -ra --tb=short -p no:cacheprovider --basetemp=.runtime/v2-checks/cloud-windows-v2-environment-contracts/pytest tests/test_local_ai_environment_v2.py::test_common_roots_are_fixed_scoped_windows_locations tests/test_local_ai_environment_v2.py::test_system_component_presence_is_not_a_driver_or_inference_claim tests/test_local_ai_environment_v2.py::test_environment_get_is_session_protected_and_never_scans --junitxml="$env:CI_RECEIPTS/windows-v2-environment.xml"[0m
2026-10-09T16:58:32.2794461Z [36;1m$testExit = $LASTEXITCODE[0m
2026-10-09T16:58:32.2794973Z [36;1mCopy-Item docs/delivery/v2-development/cloud-windows-v2-environment-contracts.* "$env:CI_RECEIPTS/"[0m
2026-10-09T16:58:32.2795487Z [36;1mexit $testExit[0m
2026-10-09T16:58:32.2835023Z shell: C:\Program Files\PowerShell\7\pwsh.EXE -command ". '{0}'"
2026-10-09T16:58:32.2835361Z env:
2026-10-09T16:58:32.2835549Z   MOCK_PROVIDER: true
2026-10-09T16:58:32.2835747Z   MOCK_STREAM_DELAY_MS: 0
2026-10-09T16:58:32.2835951Z   ENABLE_CLOUD: false
2026-10-09T16:58:32.2836147Z   CREDENTIAL_VAULT_BACKEND: memory
2026-10-09T16:58:32.2836408Z   CREDENTIAL_VAULT_ALLOW_MEMORY_FALLBACK: true
2026-10-09T16:58:32.2836688Z   PYTHONDONTWRITEBYTECODE: 1
2026-10-09T16:58:32.2836900Z   HF_HUB_OFFLINE: 1
2026-10-09T16:58:32.2837092Z   TRANSFORMERS_OFFLINE: 1
2026-10-09T16:58:32.2837375Z   pythonLocation: C:\hostedtoolcache\windows\Python\3.12.9\x64
2026-10-09T16:58:32.2837811Z   PKG_CONFIG_PATH: C:\hostedtoolcache\windows\Python\3.12.9\x64/lib/pkgconfig
2026-10-09T16:58:32.2838245Z   Python_ROOT_DIR: C:\hostedtoolcache\windows\Python\3.12.9\x64
2026-10-09T16:58:32.2838629Z   Python2_ROOT_DIR: C:\hostedtoolcache\windows\Python\3.12.9\x64
2026-10-09T16:58:32.2839024Z   Python3_ROOT_DIR: C:\hostedtoolcache\windows\Python\3.12.9\x64
2026-10-09T16:58:32.2839348Z   DOTNET_ROOT: C:\Program Files\dotnet
2026-10-09T16:58:32.2839619Z   NOVEL_DATA_PATH: D:\a\_temp\novel-r2-native/data
2026-10-09T16:58:32.2840086Z   PROJECT_ROOT: D:\a\AI-Novel-Studio\AI-Novel-Studio
2026-10-09T16:58:32.2840374Z   STORAGE_BACKEND: file
2026-10-09T16:58:32.2840608Z   CI_RECEIPTS: D:\a\_temp\novel-r2-native/receipts
2026-10-09T16:58:32.2840908Z   R2_HOST_OUTPUT: D:\a\_temp\novel-r2-native/host
2026-10-09T16:58:32.2841169Z ##[endgroup]
2026-10-09T16:58:40.5829209Z ...                                                                      [100%]
2026-10-09T16:58:40.5829794Z ============================== warnings summary ===============================
2026-10-09T16:58:40.5830461Z C:\hostedtoolcache\windows\Python\3.12.9\x64\Lib\site-packages\fastapi\testclient.py:1
2026-10-09T16:58:40.5831732Z   C:\hostedtoolcache\windows\Python\3.12.9\x64\Lib\site-packages\fastapi\testclient.py:1: StarletteDeprecationWarning: Using `httpx` with `starlette.testclient` is deprecated; install `httpx2` instead.
2026-10-09T16:58:40.5832916Z     from starlette.testclient import TestClient as TestClient  # noqa
2026-10-09T16:58:40.5833287Z 
2026-10-09T16:58:40.5833572Z -- Docs: https://docs.pytest.org/en/stable/how-to/capture-warnings.html
2026-10-09T16:58:40.5834305Z - generated xml file: D:\a\_temp\novel-r2-native\receipts\windows-v2-environment.xml -
2026-10-09T16:58:40.5834855Z 3 passed, 1 warning in 5.21s
2026-10-09T16:58:40.5835037Z 
2026-10-09T16:58:40.5838071Z {"receipt": "docs/delivery/v2-development/cloud-windows-v2-environment-contracts.json", "status": "PASS"}
2026-10-09T16:58:40.7160563Z ##[group]Run actions/upload-artifact@v4.6.2
2026-10-09T16:58:40.7160923Z with:
2026-10-09T16:58:40.7161200Z   name: windows-host-ec342fe9b69ba45d850d971ce2e15d1b12046096
2026-10-09T16:58:40.7161694Z   path: D:\a\_temp\novel-r2-native/receipts
D:\a\_temp\novel-r2-native/host

2026-10-09T16:58:40.7162072Z   if-no-files-found: error
2026-10-09T16:58:40.7162296Z   retention-days: 14
2026-10-09T16:58:40.7162507Z   compression-level: 6
2026-10-09T16:58:40.7162708Z   overwrite: false
2026-10-09T16:58:40.7162919Z   include-hidden-files: false
2026-10-09T16:58:40.7163129Z env:
2026-10-09T16:58:40.7163285Z   MOCK_PROVIDER: true
2026-10-09T16:58:40.7163472Z   MOCK_STREAM_DELAY_MS: 0
2026-10-09T16:58:40.7163668Z   ENABLE_CLOUD: false
2026-10-09T16:58:40.7163859Z   CREDENTIAL_VAULT_BACKEND: memory
2026-10-09T16:58:40.7164116Z   CREDENTIAL_VAULT_ALLOW_MEMORY_FALLBACK: true
2026-10-09T16:58:40.7164389Z   PYTHONDONTWRITEBYTECODE: 1
2026-10-09T16:58:40.7164639Z   HF_HUB_OFFLINE: 1
2026-10-09T16:58:40.7164817Z   TRANSFORMERS_OFFLINE: 1
2026-10-09T16:58:40.7165090Z   pythonLocation: C:\hostedtoolcache\windows\Python\3.12.9\x64
2026-10-09T16:58:40.7165525Z   PKG_CONFIG_PATH: C:\hostedtoolcache\windows\Python\3.12.9\x64/lib/pkgconfig
2026-10-09T16:58:40.7165952Z   Python_ROOT_DIR: C:\hostedtoolcache\windows\Python\3.12.9\x64
2026-10-09T16:58:40.7166331Z   Python2_ROOT_DIR: C:\hostedtoolcache\windows\Python\3.12.9\x64
2026-10-09T16:58:40.7166719Z   Python3_ROOT_DIR: C:\hostedtoolcache\windows\Python\3.12.9\x64
2026-10-09T16:58:40.7167065Z   DOTNET_ROOT: C:\Program Files\dotnet
2026-10-09T16:58:40.7167348Z   NOVEL_DATA_PATH: D:\a\_temp\novel-r2-native/data
2026-10-09T16:58:40.7167671Z   PROJECT_ROOT: D:\a\AI-Novel-Studio\AI-Novel-Studio
2026-10-09T16:58:40.7167951Z   STORAGE_BACKEND: file
2026-10-09T16:58:40.7168183Z   CI_RECEIPTS: D:\a\_temp\novel-r2-native/receipts
2026-10-09T16:58:40.7168478Z   R2_HOST_OUTPUT: D:\a\_temp\novel-r2-native/host
2026-10-09T16:58:40.7168740Z ##[endgroup]
2026-10-09T16:58:40.9054650Z (node:3100) [DEP0040] DeprecationWarning: The `punycode` module is deprecated. Please use a userland alternative instead.
2026-10-09T16:58:40.9055426Z (Use `node --trace-deprecation ...` to show where the warning was created)
2026-10-09T16:58:40.9187974Z Multiple search paths detected. Calculating the least common ancestor of all paths
2026-10-09T16:58:40.9191319Z The least common ancestor is D:\a\_temp\novel-r2-native. This will be the root directory of the artifact
2026-10-09T16:58:40.9192543Z With the provided path, there will be 20 files uploaded
2026-10-09T16:58:40.9197404Z Artifact name is valid!
2026-10-09T16:58:40.9199228Z Root directory input is valid!
2026-10-09T16:58:41.1538135Z Beginning upload of artifact content to blob storage
2026-10-09T16:58:41.2566379Z (node:3100) [DEP0169] DeprecationWarning: `url.parse()` behavior is not standardized and prone to errors that have security implications. Use the WHATWG URL API instead. CVEs are not issued for `url.parse()` vulnerabilities.
2026-10-09T16:58:41.3446516Z Uploaded bytes 692316
2026-10-09T16:58:41.3575946Z Finished uploading artifact content to blob storage!
2026-10-09T16:58:41.3577597Z SHA256 digest of uploaded artifact zip is abb90482806c202cc0d6892a5591f5e23652288f3b2944440b2eb67c310307c1
2026-10-09T16:58:41.3580022Z Finalizing artifact upload
2026-10-09T16:58:41.6027582Z Artifact windows-host-ec342fe9b69ba45d850d971ce2e15d1b12046096.zip successfully finalized. Artifact ID 11632111839
2026-10-09T16:58:41.6028996Z Artifact windows-host-ec342fe9b69ba45d850d971ce2e15d1b12046096 has been successfully uploaded! Final size is 692316 bytes. Artifact ID is 11632111839
2026-10-09T16:58:41.6038228Z Artifact download URL: https://github.com/1785235376-blip/AI-Novel-Studio/actions/runs/37962541363/artifacts/11632111839
2026-10-09T16:58:41.6319200Z Post job cleanup.
2026-10-09T16:58:41.7687639Z (node:7560) [DEP0040] DeprecationWarning: The `punycode` module is deprecated. Please use a userland alternative instead.
2026-10-09T16:58:41.7688704Z (Use `node --trace-deprecation ...` to show where the warning was created)
2026-10-09T16:58:41.7940515Z Post job cleanup.
2026-10-09T16:58:41.9347143Z (node:2868) [DEP0040] DeprecationWarning: The `punycode` module is deprecated. Please use a userland alternative instead.
2026-10-09T16:58:41.9348522Z (Use `node --trace-deprecation ...` to show where the warning was created)
2026-10-09T16:58:41.9660001Z Post job cleanup.
2026-10-09T16:58:42.1736980Z [command]"C:\Program Files\Git\bin\git.exe" version
2026-10-09T16:58:42.2020724Z git version 2.56.0.windows.1
2026-10-09T16:58:42.2085222Z Temporarily overriding HOME='D:\a\_temp\6501303a-d6d6-41b3-8500-d8ac293f6a98' before making global git config changes
2026-10-09T16:58:42.2086954Z Adding repository directory to the temporary git global config as a safe directory
2026-10-09T16:58:42.2096790Z [command]"C:\Program Files\Git\bin\git.exe" config --global --add safe.directory D:\a\AI-Novel-Studio\AI-Novel-Studio
2026-10-09T16:58:42.2400334Z [command]"C:\Program Files\Git\bin\git.exe" config --local --name-only --get-regexp core\.sshCommand
2026-10-09T16:58:42.2696656Z [command]"C:\Program Files\Git\bin\git.exe" submodule foreach --recursive "sh -c \"git config --local --name-only --get-regexp 'core\.sshCommand' && git config --local --unset-all 'core.sshCommand' || :\""
2026-10-09T16:58:42.7487520Z [command]"C:\Program Files\Git\bin\git.exe" config --local --name-only --get-regexp http\.https\:\/\/github\.com\/\.extraheader
2026-10-09T16:58:42.7776692Z [command]"C:\Program Files\Git\bin\git.exe" submodule foreach --recursive "sh -c \"git config --local --name-only --get-regexp 'http\.https\:\/\/github\.com\/\.extraheader' && git config --local --unset-all 'http.https://github.com/.extraheader' || :\""
2026-10-09T16:58:43.2649407Z Cleaning up orphan processes
2026-10-09T16:58:43.3083546Z Terminate orphan process: pid (5772) (dotnet)
2026-10-09T16:58:43.3199636Z Terminate orphan process: pid (5096) (conhost)
2026-10-09T16:58:43.3246018Z ##[warning]Node.js 20 is deprecated. The following actions target Node.js 20 but are being forced to run on Node.js 24: actions/checkout@v4.2.2, actions/setup-dotnet@v4, actions/setup-python@v5.6.0, actions/upload-artifact@v4.6.2. For more information see: https://github.blog/changelog/2025-09-19-deprecation-of-node-20-on-github-actions-runners/
