ss..ss..ss..ssss....ss..sssss....ss........sssssssssssssssss......ssssss [  0%]
ssssss............sssssssssssssss..............ssss....ssss....ssss....s [  1%]
sss....ssss....ssss....ssss....ssss....ssss....ssss....ssss....ssss....s [  2%]
sss....ssss....ssss....ssss....ssss....ssss....ssss....ssss....ssss....s [  3%]
sss....ssss....ssss....ssss....ssss....ssss....sssssssssss...sss...sss.. [  3%]
..........ssssss.............s.s..ssssss.......Fss..ss.s.sss...sF....... [  4%]
.....................F....F..F.......................................... [  5%]
.......................................................s................ [  6%]
......s................s.............s.......ssss....................... [  7%]
...........................s............................................ [  7%]
..........................................................ssssssssssssss [  8%]
sssssssssssss............s...................ss......................... [  9%]
........................................................................ [ 10%]
...............F.............ss...............................F......... [ 11%]
........................................................................ [ 11%]
........................................................................ [ 12%]
........................................................................ [ 13%]
.........................................F................sF.....Fss..s. [ 14%]
.............................................................s.sssssssss [ 14%]
.......FFs..s.s