
Running 7 tests using 1 worker

(node:73) Warning: The 'NO_COLOR' env is ignored due to the 'FORCE_COLOR' env being set.
(Use `node --trace-warnings ...` to show where the warning was created)
  ✘  1 [v2-live-chromium] › tests/e2e/v2-creative-live.spec.ts:72:1 › real File V2 authoring: reviewed direction, ordered storyboard, production history and restore preserve the manuscript (3ms)
(node:111) Warning: The 'NO_COLOR' env is ignored due to the 'FORCE_COLOR' env being set.
(Use `node --trace-warnings ...` to show where the warning was created)
  ✘  2 [v2-live-chromium] › tests/e2e/v2-creative-live.spec.ts:167:1 › real File V2 cancel and navigation retain dirty drafts without duplicating accepted or cancelled proposals (1ms)
(node:145) Warning: The 'NO_COLOR' env is ignored due to the 'FORCE_COLOR' env being set.
(Use `node --trace-warnings ...` to show where the warning was created)
  ✘  3 [v2-live-chromium] › tests/e2e/v2-creative-live.spec.ts:197:1 › real File V2 scope and stale-write fencing keeps the browser draft and rejects foreign sources (2ms)
(node:179) Warning: The 'NO_COLOR' env is ignored due to the 'FORCE_COLOR' env being set.
(Use `node --trace-warnings ...` to show where the warning was created)
  ✓  4 [v2-live-chromium] › tests/e2e/v2-creative-live.spec.ts:242:1 › real HTTP File V2 lifecycle persists reviewed direction, order, history and restored content with unchanged manuscript (2.0s)
  ✓  5 [v2-live-chromium] › tests/e2e/v2-creative-live.spec.ts:306:1 › real HTTP File V2 scope, cancel and stale source fences remain authoritative (335ms)
(node:192) Warning: The 'NO_COLOR' env is ignored due to the 'FORCE_COLOR' env being set.
(Use `node --trace-warnings ...` to show where the warning was created)
  ✘  6 [v1-chromium] › tests/e2e/v2-creative-live.spec.ts:228:1 › V1 default-off backend and browser never expose the V2 workbench or accept creative writes (2ms)
(node:226) Warning: The 'NO_COLOR' env is ignored due to the 'FORCE_COLOR' env being set.
(Use `node --trace-warnings ...` to show where the warning was created)
  ✓  7 [v1-chromium] › tests/e2e/v2-creative-live.spec.ts:339:1 › real HTTP default-off gate advertises disabled capabilities and rejects creative reads and writes (1.2s)


  1) [v2-live-chromium] › tests/e2e/v2-creative-live.spec.ts:72:1 › real File V2 authoring: reviewed direction, ordered storyboard, production history and restore preserve the manuscript 

    Error: browserType.launch: Target page, context or browser has been closed
    Browser logs:

    <launching> /usr/bin/chromium --disable-field-trial-config --disable-background-networking --disable-background-timer-throttling --disable-backgrounding-occluded-windows --disable-back-forward-cache --disable-breakpad --disable-client-side-phishing-detection --disable-component-extensions-with-background-pages --disable-component-update --no-default-browser-check --disable-default-apps --disable-dev-shm-usage --disable-edgeupdater --disable-extensions --disable-features=AvoidUnnecessaryBeforeUnloadCheckSync,BoundaryEventDispatchTracksNodeRemoval,DestroyProfileOnBrowserClose,DialMediaRouteProvider,GlobalMediaControls,HttpsUpgrades,LensOverlay,MediaRouter,PaintHolding,ThirdPartyStoragePartitioning,BlockOriginHeaderModificationOnRedirect,Translate,AutoDeElevate,OptimizationHints,msForceBrowserSignIn,msEdgeUpdateLaunchServicesPreferredVersion --enable-features=CDPScreenshotNewSurface --allow-pre-commit-input --disable-hang-monitor --disable-ipc-flooding-protection --disable-popup-blocking --disable-prompt-on-repost --disable-renderer-backgrounding --disable-updater-scheduler --force-color-profile=srgb --metrics-recording-only --no-first-run --password-store=basic --use-mock-keychain --no-service-autorun --export-tagged-pdf --disable-search-engine-choice-screen --unsafely-disable-devtools-self-xss-warnings --edge-skip-compat-layer-relaunch --disable-infobars --disable-search-engine-choice-screen --disable-sync --enable-unsafe-swiftshader --headless --hide-scrollbars --mute-audio --blink-settings=primaryHoverType=2,availableHoverTypes=2,primaryPointerType=4,availablePointerTypes=4 --no-sandbox --user-data-dir=/workspace/scratch/b8734129d01d/AI-Novel-Studio/.runtime/v2-live-runner/tmp/playwright_chromiumdev_profile-DYCJE0 --remote-debugging-pipe --no-startup-window
    <launched> pid=89
    [pid=89][err] [89:89:1008/220044.027075:FATAL:chrome/browser/process_singleton_posix.cc:297] Check failed: . socket() failed: Operation not permitted (1)
    [pid=89][err] [1008/220044.027285:ERROR:third_party/crashpad/crashpad/util/linux/scoped_ptrace_attach.cc:27] ptrace: Operation not permitted (1)
    Call log:
      - <launching> /usr/bin/chromium --disable-field-trial-config --disable-background-networking --disable-background-timer-throttling --disable-backgrounding-occluded-windows --disable-back-forward-cache --disable-breakpad --disable-client-side-phishing-detection --disable-component-extensions-with-background-pages --disable-component-update --no-default-browser-check --disable-default-apps --disable-dev-shm-usage --disable-edgeupdater --disable-extensions --disable-features=AvoidUnnecessaryBeforeUnloadCheckSync,BoundaryEventDispatchTracksNodeRemoval,DestroyProfileOnBrowserClose,DialMediaRouteProvider,GlobalMediaControls,HttpsUpgrades,LensOverlay,MediaRouter,PaintHolding,ThirdPartyStoragePartitioning,BlockOriginHeaderModificationOnRedirect,Translate,AutoDeElevate,OptimizationHints,msForceBrowserSignIn,msEdgeUpdateLaunchServicesPreferredVersion --enable-features=CDPScreenshotNewSurface --allow-pre-commit-input --disable-hang-monitor --disable-ipc-flooding-protection --disable-popup-blocking --disable-prompt-on-repost --disable-renderer-backgrounding --disable-updater-scheduler --force-color-profile=srgb --metrics-recording-only --no-first-run --password-store=basic --use-mock-keychain --no-service-autorun --export-tagged-pdf --disable-search-engine-choice-screen --unsafely-disable-devtools-self-xss-warnings --edge-skip-compat-layer-relaunch --disable-infobars --disable-search-engine-choice-screen --disable-sync --enable-unsafe-swiftshader --headless --hide-scrollbars --mute-audio --blink-settings=primaryHoverType=2,availableHoverTypes=2,primaryPointerType=4,availablePointerTypes=4 --no-sandbox --user-data-dir=/workspace/scratch/b8734129d01d/AI-Novel-Studio/.runtime/v2-live-runner/tmp/playwright_chromiumdev_profile-DYCJE0 --remote-debugging-pipe --no-startup-window
      - <launched> pid=89
      - [pid=89][err] [89:89:1008/220044.027075:FATAL:chrome/browser/process_singleton_posix.cc:297] Check failed: . socket() failed: Operation not permitted (1)
      - [pid=89][err] [1008/220044.027285:ERROR:third_party/crashpad/crashpad/util/linux/scoped_ptrace_attach.cc:27] ptrace: Operation not permitted (1)
      - [pid=89] <gracefully close start>
      - [pid=89] <kill>
      - [pid=89] <will force kill>
      - [pid=89] <process did exit: exitCode=null, signal=SIGABRT>
      - [pid=89] starting temporary directories cleanup
      - [pid=89] finished temporary directories cleanup
      - [pid=89] <gracefully close end>


    Error Context: ../docs/delivery/v2-development/cloud-v2-creative-browser/test-results/v2-creative-live-real-File-81609-ore-preserve-the-manuscript-v2-live-chromium/error-context.md

    attachment #2: trace (application/zip) ─────────────────────────────────────────────────────────
    ../docs/delivery/v2-development/cloud-v2-creative-browser/test-results/v2-creative-live-real-File-81609-ore-preserve-the-manuscript-v2-live-chromium/trace.zip
    Usage:

        npx playwright show-trace ../docs/delivery/v2-development/cloud-v2-creative-browser/test-results/v2-creative-live-real-File-81609-ore-preserve-the-manuscript-v2-live-chromium/trace.zip

    ────────────────────────────────────────────────────────────────────────────────────────────────

  2) [v2-live-chromium] › tests/e2e/v2-creative-live.spec.ts:167:1 › real File V2 cancel and navigation retain dirty drafts without duplicating accepted or cancelled proposals 

    Error: browserType.launch: Target page, context or browser has been closed
    Browser logs:

    <launching> /usr/bin/chromium --disable-field-trial-config --disable-background-networking --disable-background-timer-throttling --disable-backgrounding-occluded-windows --disable-back-forward-cache --disable-breakpad --disable-client-side-phishing-detection --disable-component-extensions-with-background-pages --disable-component-update --no-default-browser-check --disable-default-apps --disable-dev-shm-usage --disable-edgeupdater --disable-extensions --disable-features=AvoidUnnecessaryBeforeUnloadCheckSync,BoundaryEventDispatchTracksNodeRemoval,DestroyProfileOnBrowserClose,DialMediaRouteProvider,GlobalMediaControls,HttpsUpgrades,LensOverlay,MediaRouter,PaintHolding,ThirdPartyStoragePartitioning,BlockOriginHeaderModificationOnRedirect,Translate,AutoDeElevate,OptimizationHints,msForceBrowserSignIn,msEdgeUpdateLaunchServicesPreferredVersion --enable-features=CDPScreenshotNewSurface --allow-pre-commit-input --disable-hang-monitor --disable-ipc-flooding-protection --disable-popup-blocking --disable-prompt-on-repost --disable-renderer-backgrounding --disable-updater-scheduler --force-color-profile=srgb --metrics-recording-only --no-first-run --password-store=basic --use-mock-keychain --no-service-autorun --export-tagged-pdf --disable-search-engine-choice-screen --unsafely-disable-devtools-self-xss-warnings --edge-skip-compat-layer-relaunch --disable-infobars --disable-search-engine-choice-screen --disable-sync --enable-unsafe-swiftshader --headless --hide-scrollbars --mute-audio --blink-settings=primaryHoverType=2,availableHoverTypes=2,primaryPointerType=4,availablePointerTypes=4 --no-sandbox --user-data-dir=/workspace/scratch/b8734129d01d/AI-Novel-Studio/.runtime/v2-live-runner/tmp/playwright_chromiumdev_profile-ZissUi --remote-debugging-pipe --no-startup-window
    <launched> pid=123
    [pid=123][err] [123:123:1008/220044.588097:FATAL:chrome/browser/process_singleton_posix.cc:297] Check failed: . socket() failed: Operation not permitted (1)
    [pid=123][err] [1008/220044.588393:ERROR:third_party/crashpad/crashpad/util/linux/scoped_ptrace_attach.cc:27] ptrace: Operation not permitted (1)
    Call log:
      - <launching> /usr/bin/chromium --disable-field-trial-config --disable-background-networking --disable-background-timer-throttling --disable-backgrounding-occluded-windows --disable-back-forward-cache --disable-breakpad --disable-client-side-phishing-detection --disable-component-extensions-with-background-pages --disable-component-update --no-default-browser-check --disable-default-apps --disable-dev-shm-usage --disable-edgeupdater --disable-extensions --disable-features=AvoidUnnecessaryBeforeUnloadCheckSync,BoundaryEventDispatchTracksNodeRemoval,DestroyProfileOnBrowserClose,DialMediaRouteProvider,GlobalMediaControls,HttpsUpgrades,LensOverlay,MediaRouter,PaintHolding,ThirdPartyStoragePartitioning,BlockOriginHeaderModificationOnRedirect,Translate,AutoDeElevate,OptimizationHints,msForceBrowserSignIn,msEdgeUpdateLaunchServicesPreferredVersion --enable-features=CDPScreenshotNewSurface --allow-pre-commit-input --disable-hang-monitor --disable-ipc-flooding-protection --disable-popup-blocking --disable-prompt-on-repost --disable-renderer-backgrounding --disable-updater-scheduler --force-color-profile=srgb --metrics-recording-only --no-first-run --password-store=basic --use-mock-keychain --no-service-autorun --export-tagged-pdf --disable-search-engine-choice-screen --unsafely-disable-devtools-self-xss-warnings --edge-skip-compat-layer-relaunch --disable-infobars --disable-search-engine-choice-screen --disable-sync --enable-unsafe-swiftshader --headless --hide-scrollbars --mute-audio --blink-settings=primaryHoverType=2,availableHoverTypes=2,primaryPointerType=4,availablePointerTypes=4 --no-sandbox --user-data-dir=/workspace/scratch/b8734129d01d/AI-Novel-Studio/.runtime/v2-live-runner/tmp/playwright_chromiumdev_profile-ZissUi --remote-debugging-pipe --no-startup-window
      - <launched> pid=123
      - [pid=123][err] [123:123:1008/220044.588097:FATAL:chrome/browser/process_singleton_posix.cc:297] Check failed: . socket() failed: Operation not permitted (1)
      - [pid=123][err] [1008/220044.588393:ERROR:third_party/crashpad/crashpad/util/linux/scoped_ptrace_attach.cc:27] ptrace: Operation not permitted (1)
      - [pid=123] <gracefully close start>
      - [pid=123] <kill>
      - [pid=123] <will force kill>
      - [pid=123] <process did exit: exitCode=null, signal=SIGABRT>
      - [pid=123] starting temporary directories cleanup
      - [pid=123] finished temporary directories cleanup
      - [pid=123] <gracefully close end>


    Error Context: ../docs/delivery/v2-development/cloud-v2-creative-browser/test-results/v2-creative-live-real-File-946d5-pted-or-cancelled-proposals-v2-live-chromium/error-context.md

    attachment #2: trace (application/zip) ─────────────────────────────────────────────────────────
    ../docs/delivery/v2-development/cloud-v2-creative-browser/test-results/v2-creative-live-real-File-946d5-pted-or-cancelled-proposals-v2-live-chromium/trace.zip
    Usage:

        npx playwright show-trace ../docs/delivery/v2-development/cloud-v2-creative-browser/test-results/v2-creative-live-real-File-946d5-pted-or-cancelled-proposals-v2-live-chromium/trace.zip

    ────────────────────────────────────────────────────────────────────────────────────────────────

  3) [v2-live-chromium] › tests/e2e/v2-creative-live.spec.ts:197:1 › real File V2 scope and stale-write fencing keeps the browser draft and rejects foreign sources 

    Error: browserType.launch: Target page, context or browser has been closed
    Browser logs:

    <launching> /usr/bin/chromium --disable-field-trial-config --disable-background-networking --disable-background-timer-throttling --disable-backgrounding-occluded-windows --disable-back-forward-cache --disable-breakpad --disable-client-side-phishing-detection --disable-component-extensions-with-background-pages --disable-component-update --no-default-browser-check --disable-default-apps --disable-dev-shm-usage --disable-edgeupdater --disable-extensions --disable-features=AvoidUnnecessaryBeforeUnloadCheckSync,BoundaryEventDispatchTracksNodeRemoval,DestroyProfileOnBrowserClose,DialMediaRouteProvider,GlobalMediaControls,HttpsUpgrades,LensOverlay,MediaRouter,PaintHolding,ThirdPartyStoragePartitioning,BlockOriginHeaderModificationOnRedirect,Translate,AutoDeElevate,OptimizationHints,msForceBrowserSignIn,msEdgeUpdateLaunchServicesPreferredVersion --enable-features=CDPScreenshotNewSurface --allow-pre-commit-input --disable-hang-monitor --disable-ipc-flooding-protection --disable-popup-blocking --disable-prompt-on-repost --disable-renderer-backgrounding --disable-updater-scheduler --force-color-profile=srgb --metrics-recording-only --no-first-run --password-store=basic --use-mock-keychain --no-service-autorun --export-tagged-pdf --disable-search-engine-choice-screen --unsafely-disable-devtools-self-xss-warnings --edge-skip-compat-layer-relaunch --disable-infobars --disable-search-engine-choice-screen --disable-sync --enable-unsafe-swiftshader --headless --hide-scrollbars --mute-audio --blink-settings=primaryHoverType=2,availableHoverTypes=2,primaryPointerType=4,availablePointerTypes=4 --no-sandbox --user-data-dir=/workspace/scratch/b8734129d01d/AI-Novel-Studio/.runtime/v2-live-runner/tmp/playwright_chromiumdev_profile-15UewH --remote-debugging-pipe --no-startup-window
    <launched> pid=157
    [pid=157][err] [157:157:1008/220045.181932:FATAL:chrome/browser/process_singleton_posix.cc:297] Check failed: . socket() failed: Operation not permitted (1)
    [pid=157][err] [1008/220045.182192:ERROR:third_party/crashpad/crashpad/util/linux/scoped_ptrace_attach.cc:27] ptrace: Operation not permitted (1)
    Call log:
      - <launching> /usr/bin/chromium --disable-field-trial-config --disable-background-networking --disable-background-timer-throttling --disable-backgrounding-occluded-windows --disable-back-forward-cache --disable-breakpad --disable-client-side-phishing-detection --disable-component-extensions-with-background-pages --disable-component-update --no-default-browser-check --disable-default-apps --disable-dev-shm-usage --disable-edgeupdater --disable-extensions --disable-features=AvoidUnnecessaryBeforeUnloadCheckSync,BoundaryEventDispatchTracksNodeRemoval,DestroyProfileOnBrowserClose,DialMediaRouteProvider,GlobalMediaControls,HttpsUpgrades,LensOverlay,MediaRouter,PaintHolding,ThirdPartyStoragePartitioning,BlockOriginHeaderModificationOnRedirect,Translate,AutoDeElevate,OptimizationHints,msForceBrowserSignIn,msEdgeUpdateLaunchServicesPreferredVersion --enable-features=CDPScreenshotNewSurface --allow-pre-commit-input --disable-hang-monitor --disable-ipc-flooding-protection --disable-popup-blocking --disable-prompt-on-repost --disable-renderer-backgrounding --disable-updater-scheduler --force-color-profile=srgb --metrics-recording-only --no-first-run --password-store=basic --use-mock-keychain --no-service-autorun --export-tagged-pdf --disable-search-engine-choice-screen --unsafely-disable-devtools-self-xss-warnings --edge-skip-compat-layer-relaunch --disable-infobars --disable-search-engine-choice-screen --disable-sync --enable-unsafe-swiftshader --headless --hide-scrollbars --mute-audio --blink-settings=primaryHoverType=2,availableHoverTypes=2,primaryPointerType=4,availablePointerTypes=4 --no-sandbox --user-data-dir=/workspace/scratch/b8734129d01d/AI-Novel-Studio/.runtime/v2-live-runner/tmp/playwright_chromiumdev_profile-15UewH --remote-debugging-pipe --no-startup-window
      - <launched> pid=157
      - [pid=157][err] [157:157:1008/220045.181932:FATAL:chrome/browser/process_singleton_posix.cc:297] Check failed: . socket() failed: Operation not permitted (1)
      - [pid=157][err] [1008/220045.182192:ERROR:third_party/crashpad/crashpad/util/linux/scoped_ptrace_attach.cc:27] ptrace: Operation not permitted (1)
      - [pid=157] <gracefully close start>
      - [pid=157] <kill>
      - [pid=157] <will force kill>
      - [pid=157] <process did exit: exitCode=null, signal=SIGABRT>
      - [pid=157] starting temporary directories cleanup
      - [pid=157] finished temporary directories cleanup
      - [pid=157] <gracefully close end>


    Error Context: ../docs/delivery/v2-development/cloud-v2-creative-browser/test-results/v2-creative-live-real-File-55744-and-rejects-foreign-sources-v2-live-chromium/error-context.md

    attachment #2: trace (application/zip) ─────────────────────────────────────────────────────────
    ../docs/delivery/v2-development/cloud-v2-creative-browser/test-results/v2-creative-live-real-File-55744-and-rejects-foreign-sources-v2-live-chromium/trace.zip
    Usage:

        npx playwright show-trace ../docs/delivery/v2-development/cloud-v2-creative-browser/test-results/v2-creative-live-real-File-55744-and-rejects-foreign-sources-v2-live-chromium/trace.zip

    ────────────────────────────────────────────────────────────────────────────────────────────────

  4) [v1-chromium] › tests/e2e/v2-creative-live.spec.ts:228:1 › V1 default-off backend and browser never expose the V2 workbench or accept creative writes 

    Error: browserType.launch: Target page, context or browser has been closed
    Browser logs:

    <launching> /usr/bin/chromium --disable-field-trial-config --disable-background-networking --disable-background-timer-throttling --disable-backgrounding-occluded-windows --disable-back-forward-cache --disable-breakpad --disable-client-side-phishing-detection --disable-component-extensions-with-background-pages --disable-component-update --no-default-browser-check --disable-default-apps --disable-dev-shm-usage --disable-edgeupdater --disable-extensions --disable-features=AvoidUnnecessaryBeforeUnloadCheckSync,BoundaryEventDispatchTracksNodeRemoval,DestroyProfileOnBrowserClose,DialMediaRouteProvider,GlobalMediaControls,HttpsUpgrades,LensOverlay,MediaRouter,PaintHolding,ThirdPartyStoragePartitioning,BlockOriginHeaderModificationOnRedirect,Translate,AutoDeElevate,OptimizationHints,msForceBrowserSignIn,msEdgeUpdateLaunchServicesPreferredVersion --enable-features=CDPScreenshotNewSurface --allow-pre-commit-input --disable-hang-monitor --disable-ipc-flooding-protection --disable-popup-blocking --disable-prompt-on-repost --disable-renderer-backgrounding --disable-updater-scheduler --force-color-profile=srgb --metrics-recording-only --no-first-run --password-store=basic --use-mock-keychain --no-service-autorun --export-tagged-pdf --disable-search-engine-choice-screen --unsafely-disable-devtools-self-xss-warnings --edge-skip-compat-layer-relaunch --disable-infobars --disable-search-engine-choice-screen --disable-sync --enable-unsafe-swiftshader --headless --hide-scrollbars --mute-audio --blink-settings=primaryHoverType=2,availableHoverTypes=2,primaryPointerType=4,availablePointerTypes=4 --no-sandbox --user-data-dir=/workspace/scratch/b8734129d01d/AI-Novel-Studio/.runtime/v2-live-runner/tmp/playwright_chromiumdev_profile-NuNBBZ --remote-debugging-pipe --no-startup-window
    <launched> pid=204
    [pid=204][err] [204:204:1008/220048.476968:FATAL:chrome/browser/process_singleton_posix.cc:297] Check failed: . socket() failed: Operation not permitted (1)
    [pid=204][err] [1008/220048.477180:ERROR:third_party/crashpad/crashpad/util/linux/scoped_ptrace_attach.cc:27] ptrace: Operation not permitted (1)
    Call log:
      - <launching> /usr/bin/chromium --disable-field-trial-config --disable-background-networking --disable-background-timer-throttling --disable-backgrounding-occluded-windows --disable-back-forward-cache --disable-breakpad --disable-client-side-phishing-detection --disable-component-extensions-with-background-pages --disable-component-update --no-default-browser-check --disable-default-apps --disable-dev-shm-usage --disable-edgeupdater --disable-extensions --disable-features=AvoidUnnecessaryBeforeUnloadCheckSync,BoundaryEventDispatchTracksNodeRemoval,DestroyProfileOnBrowserClose,DialMediaRouteProvider,GlobalMediaControls,HttpsUpgrades,LensOverlay,MediaRouter,PaintHolding,ThirdPartyStoragePartitioning,BlockOriginHeaderModificationOnRedirect,Translate,AutoDeElevate,OptimizationHints,msForceBrowserSignIn,msEdgeUpdateLaunchServicesPreferredVersion --enable-features=CDPScreenshotNewSurface --allow-pre-commit-input --disable-hang-monitor --disable-ipc-flooding-protection --disable-popup-blocking --disable-prompt-on-repost --disable-renderer-backgrounding --disable-updater-scheduler --force-color-profile=srgb --metrics-recording-only --no-first-run --password-store=basic --use-mock-keychain --no-service-autorun --export-tagged-pdf --disable-search-engine-choice-screen --unsafely-disable-devtools-self-xss-warnings --edge-skip-compat-layer-relaunch --disable-infobars --disable-search-engine-choice-screen --disable-sync --enable-unsafe-swiftshader --headless --hide-scrollbars --mute-audio --blink-settings=primaryHoverType=2,availableHoverTypes=2,primaryPointerType=4,availablePointerTypes=4 --no-sandbox --user-data-dir=/workspace/scratch/b8734129d01d/AI-Novel-Studio/.runtime/v2-live-runner/tmp/playwright_chromiumdev_profile-NuNBBZ --remote-debugging-pipe --no-startup-window
      - <launched> pid=204
      - [pid=204][err] [204:204:1008/220048.476968:FATAL:chrome/browser/process_singleton_posix.cc:297] Check failed: . socket() failed: Operation not permitted (1)
      - [pid=204][err] [1008/220048.477180:ERROR:third_party/crashpad/crashpad/util/linux/scoped_ptrace_attach.cc:27] ptrace: Operation not permitted (1)
      - [pid=204] <gracefully close start>
      - [pid=204] <kill>
      - [pid=204] <will force kill>
      - [pid=204] <process did exit: exitCode=null, signal=SIGABRT>
      - [pid=204] starting temporary directories cleanup
      - [pid=204] finished temporary directories cleanup
      - [pid=204] <gracefully close end>


    Error Context: ../docs/delivery/v2-development/cloud-v2-creative-browser/test-results/v2-creative-live-V1-defaul-2304c-h-or-accept-creative-writes-v1-chromium/error-context.md

    attachment #2: trace (application/zip) ─────────────────────────────────────────────────────────
    ../docs/delivery/v2-development/cloud-v2-creative-browser/test-results/v2-creative-live-V1-defaul-2304c-h-or-accept-creative-writes-v1-chromium/trace.zip
    Usage:

        npx playwright show-trace ../docs/delivery/v2-development/cloud-v2-creative-browser/test-results/v2-creative-live-V1-defaul-2304c-h-or-accept-creative-writes-v1-chromium/trace.zip

    ────────────────────────────────────────────────────────────────────────────────────────────────

  4 failed
    [v2-live-chromium] › tests/e2e/v2-creative-live.spec.ts:72:1 › real File V2 authoring: reviewed direction, ordered storyboard, production history and restore preserve the manuscript 
    [v2-live-chromium] › tests/e2e/v2-creative-live.spec.ts:167:1 › real File V2 cancel and navigation retain dirty drafts without duplicating accepted or cancelled proposals 
    [v2-live-chromium] › tests/e2e/v2-creative-live.spec.ts:197:1 › real File V2 scope and stale-write fencing keeps the browser draft and rejects foreign sources 
    [v1-chromium] › tests/e2e/v2-creative-live.spec.ts:228:1 › V1 default-off backend and browser never expose the V2 workbench or accept creative writes 
  3 passed (14.4s)
