EEsssEEEsEsEsEsEsEsEsEsssssssEEEEEEEsEsEsEsEsEsEsssEEEsEEssEE            [100%]
==================================== ERRORS ====================================
__ ERROR at setup of test_v2_runner_owns_posix_and_windows_state_directories ___
tests/conftest.py:58: in restore_global_settings
    from app.main import app
app/main.py:9: in <module>
    from .dependencies import context_service,collaboration_read_service,collaboration_admin_service,packaged_bootstrap_registry,packaged_initial_workspace_provisioner,trusted_session_resolver,harness_process_service,model_center_service,local_ai_discovery
app/dependencies.py:50: in <module>
    repositories=create_repository_bundle()
                 ^^^^^^^^^^^^^^^^^^^^^^^^^^
app/repositories/factory.py:14: in create_repository_bundle
    database=Database(config.database_url);database.require_healthy()
                                           ^^^^^^^^^^^^^^^^^^^^^^^^^^
app/repositories/postgres/session.py:21: in require_healthy
    if not self.health_check():raise ConnectionError("PostgreSQL is unavailable; STORAGE_BACKEND=postgres will not fall back to file")
                               ^^^^^^^^^^^^^^^^^^^^^^^^^^^^^^^^^^^^^^^^^^^^^^^^^^^^^^^^^^^^^^^^^^^^^^^^^^^^^^^^^^^^^^^^^^^^^^^^^^^^^^^
E   ConnectionError: PostgreSQL is unavailable; STORAGE_BACKEND=postgres will not fall back to file
__ ERROR at setup of test_v2_runner_receipt_hashes_runtime_tests_and_frontend __
tests/conftest.py:58: in restore_global_settings
    from app.main import app
app/main.py:9: in <module>
    from .dependencies import context_service,collaboration_read_service,collaboration_admin_service,packaged_bootstrap_registry,packaged_initial_workspace_provisioner,trusted_session_resolver,harness_process_service,model_center_service,local_ai_discovery
app/dependencies.py:50: in <module>
    repositories=create_repository_bundle()
                 ^^^^^^^^^^^^^^^^^^^^^^^^^^
app/repositories/factory.py:14: in create_repository_bundle
    database=Database(config.database_url);database.require_healthy()
                                           ^^^^^^^^^^^^^^^^^^^^^^^^^^
app/repositories/postgres/session.py:21: in require_healthy
    if not self.health_check():raise ConnectionError("PostgreSQL is unavailable; STORAGE_BACKEND=postgres will not fall back to file")
                               ^^^^^^^^^^^^^^^^^^^^^^^^^^^^^^^^^^^^^^^^^^^^^^^^^^^^^^^^^^^^^^^^^^^^^^^^^^^^^^^^^^^^^^^^^^^^^^^^^^^^^^^
E   ConnectionError: PostgreSQL is unavailable; STORAGE_BACKEND=postgres will not fall back to file
_ ERROR at setup of test_real_file_roundtrip_restart_history_export_and_archive[postgres-SCREENPLAY] _
tests/conftest.py:58: in restore_global_settings
    from app.main import app
app/main.py:9: in <module>
    from .dependencies import context_service,collaboration_read_service,collaboration_admin_service,packaged_bootstrap_registry,packaged_initial_workspace_provisioner,trusted_session_resolver,harness_process_service,model_center_service,local_ai_discovery
app/dependencies.py:50: in <module>
    repositories=create_repository_bundle()
                 ^^^^^^^^^^^^^^^^^^^^^^^^^^
app/repositories/factory.py:14: in create_repository_bundle
    database=Database(config.database_url);database.require_healthy()
                                           ^^^^^^^^^^^^^^^^^^^^^^^^^^
app/repositories/postgres/session.py:21: in require_healthy
    if not self.health_check():raise ConnectionError("PostgreSQL is unavailable; STORAGE_BACKEND=postgres will not fall back to file")
                               ^^^^^^^^^^^^^^^^^^^^^^^^^^^^^^^^^^^^^^^^^^^^^^^^^^^^^^^^^^^^^^^^^^^^^^^^^^^^^^^^^^^^^^^^^^^^^^^^^^^^^^^
E   ConnectionError: PostgreSQL is unavailable; STORAGE_BACKEND=postgres will not fall back to file
_ ERROR at setup of test_real_file_roundtrip_restart_history_export_and_archive[postgres-STORYBOARD] _
tests/conftest.py:58: in restore_global_settings
    from app.main import app
app/main.py:9: in <module>
    from .dependencies import context_service,collaboration_read_service,collaboration_admin_service,packaged_bootstrap_registry,packaged_initial_workspace_provisioner,trusted_session_resolver,harness_process_service,model_center_service,local_ai_discovery
app/dependencies.py:50: in <module>
    repositories=create_repository_bundle()
                 ^^^^^^^^^^^^^^^^^^^^^^^^^^
app/repositories/factory.py:14: in create_repository_bundle
    database=Database(config.database_url);database.require_healthy()
                                           ^^^^^^^^^^^^^^^^^^^^^^^^^^
app/repositories/postgres/session.py:21: in require_healthy
    if not self.health_check():raise ConnectionError("PostgreSQL is unavailable; STORAGE_BACKEND=postgres will not fall back to file")
                               ^^^^^^^^^^^^^^^^^^^^^^^^^^^^^^^^^^^^^^^^^^^^^^^^^^^^^^^^^^^^^^^^^^^^^^^^^^^^^^^^^^^^^^^^^^^^^^^^^^^^^^^
E   ConnectionError: PostgreSQL is unavailable; STORAGE_BACKEND=postgres will not fall back to file
_ ERROR at setup of test_real_file_roundtrip_restart_history_export_and_archive[postgres-VIDEO_PLANNING] _
tests/conftest.py:58: in restore_global_settings
    from app.main import app
app/main.py:9: in <module>
    from .dependencies import context_service,collaboration_read_service,collaboration_admin_service,packaged_bootstrap_registry,packaged_initial_workspace_provisioner,trusted_session_resolver,harness_process_service,model_center_service,local_ai_discovery
app/dependencies.py:50: in <module>
    repositories=create_repository_bundle()
                 ^^^^^^^^^^^^^^^^^^^^^^^^^^
app/repositories/factory.py:14: in create_repository_bundle
    database=Database(config.database_url);database.require_healthy()
                                           ^^^^^^^^^^^^^^^^^^^^^^^^^^
app/repositories/postgres/session.py:21: in require_healthy
    if not self.health_check():raise ConnectionError("PostgreSQL is unavailable; STORAGE_BACKEND=postgres will not fall back to file")
                               ^^^^^^^^^^^^^^^^^^^^^^^^^^^^^^^^^^^^^^^^^^^^^^^^^^^^^^^^^^^^^^^^^^^^^^^^^^^^^^^^^^^^^^^^^^^^^^^^^^^^^^^
E   ConnectionError: PostgreSQL is unavailable; STORAGE_BACKEND=postgres will not fall back to file
_____ ERROR at setup of test_process_restart_reads_actual_store[postgres] ______
tests/conftest.py:58: in restore_global_settings
    from app.main import app
app/main.py:9: in <module>
    from .dependencies import context_service,collaboration_read_service,collaboration_admin_service,packaged_bootstrap_registry,packaged_initial_workspace_provisioner,trusted_session_resolver,harness_process_service,model_center_service,local_ai_discovery
app/dependencies.py:50: in <module>
    repositories=create_repository_bundle()
                 ^^^^^^^^^^^^^^^^^^^^^^^^^^
app/repositories/factory.py:14: in create_repository_bundle
    database=Database(config.database_url);database.require_healthy()
                                           ^^^^^^^^^^^^^^^^^^^^^^^^^^
app/repositories/postgres/session.py:21: in require_healthy
    if not self.health_check():raise ConnectionError("PostgreSQL is unavailable; STORAGE_BACKEND=postgres will not fall back to file")
                               ^^^^^^^^^^^^^^^^^^^^^^^^^^^^^^^^^^^^^^^^^^^^^^^^^^^^^^^^^^^^^^^^^^^^^^^^^^^^^^^^^^^^^^^^^^^^^^^^^^^^^^^
E   ConnectionError: PostgreSQL is unavailable; STORAGE_BACKEND=postgres will not fall back to file
_ ERROR at setup of test_two_service_cas_rejects_lost_update_and_preserves_history[postgres] _
tests/conftest.py:58: in restore_global_settings
    from app.main import app
app/main.py:9: in <module>
    from .dependencies import context_service,collaboration_read_service,collaboration_admin_service,packaged_bootstrap_registry,packaged_initial_workspace_provisioner,trusted_session_resolver,harness_process_service,model_center_service,local_ai_discovery
app/dependencies.py:50: in <module>
    repositories=create_repository_bundle()
                 ^^^^^^^^^^^^^^^^^^^^^^^^^^
app/repositories/factory.py:14: in create_repository_bundle
    database=Database(config.database_url);database.require_healthy()
                                           ^^^^^^^^^^^^^^^^^^^^^^^^^^
app/repositories/postgres/session.py:21: in require_healthy
    if not self.health_check():raise ConnectionError("PostgreSQL is unavailable; STORAGE_BACKEND=postgres will not fall back to file")
                               ^^^^^^^^^^^^^^^^^^^^^^^^^^^^^^^^^^^^^^^^^^^^^^^^^^^^^^^^^^^^^^^^^^^^^^^^^^^^^^^^^^^^^^^^^^^^^^^^^^^^^^^
E   ConnectionError: PostgreSQL is unavailable; STORAGE_BACKEND=postgres will not fall back to file
_ ERROR at setup of test_simultaneous_independent_file_writers_commit_exactly_one_revision[postgres] _
tests/conftest.py:58: in restore_global_settings
    from app.main import app
app/main.py:9: in <module>
    from .dependencies import context_service,collaboration_read_service,collaboration_admin_service,packaged_bootstrap_registry,packaged_initial_workspace_provisioner,trusted_session_resolver,harness_process_service,model_center_service,local_ai_discovery
app/dependencies.py:50: in <module>
    repositories=create_repository_bundle()
                 ^^^^^^^^^^^^^^^^^^^^^^^^^^
app/repositories/factory.py:14: in create_repository_bundle
    database=Database(config.database_url);database.require_healthy()
                                           ^^^^^^^^^^^^^^^^^^^^^^^^^^
app/repositories/postgres/session.py:21: in require_healthy
    if not self.health_check():raise ConnectionError("PostgreSQL is unavailable; STORAGE_BACKEND=postgres will not fall back to file")
                               ^^^^^^^^^^^^^^^^^^^^^^^^^^^^^^^^^^^^^^^^^^^^^^^^^^^^^^^^^^^^^^^^^^^^^^^^^^^^^^^^^^^^^^^^^^^^^^^^^^^^^^^
E   ConnectionError: PostgreSQL is unavailable; STORAGE_BACKEND=postgres will not fall back to file
_ ERROR at setup of test_chapter_change_fences_read_write_export_and_history[postgres] _
tests/conftest.py:58: in restore_global_settings
    from app.main import app
app/main.py:9: in <module>
    from .dependencies import context_service,collaboration_read_service,collaboration_admin_service,packaged_bootstrap_registry,packaged_initial_workspace_provisioner,trusted_session_resolver,harness_process_service,model_center_service,local_ai_discovery
app/dependencies.py:50: in <module>
    repositories=create_repository_bundle()
                 ^^^^^^^^^^^^^^^^^^^^^^^^^^
app/repositories/factory.py:14: in create_repository_bundle
    database=Database(config.database_url);database.require_healthy()
                                           ^^^^^^^^^^^^^^^^^^^^^^^^^^
app/repositories/postgres/session.py:21: in require_healthy
    if not self.health_check():raise ConnectionError("PostgreSQL is unavailable; STORAGE_BACKEND=postgres will not fall back to file")
                               ^^^^^^^^^^^^^^^^^^^^^^^^^^^^^^^^^^^^^^^^^^^^^^^^^^^^^^^^^^^^^^^^^^^^^^^^^^^^^^^^^^^^^^^^^^^^^^^^^^^^^^^
E   ConnectionError: PostgreSQL is unavailable; STORAGE_BACKEND=postgres will not fall back to file
_ ERROR at setup of test_privacy_review_change_revokes_previously_captured_source[postgres] _
tests/conftest.py:58: in restore_global_settings
    from app.main import app
app/main.py:9: in <module>
    from .dependencies import context_service,collaboration_read_service,collaboration_admin_service,packaged_bootstrap_registry,packaged_initial_workspace_provisioner,trusted_session_resolver,harness_process_service,model_center_service,local_ai_discovery
app/dependencies.py:50: in <module>
    repositories=create_repository_bundle()
                 ^^^^^^^^^^^^^^^^^^^^^^^^^^
app/repositories/factory.py:14: in create_repository_bundle
    database=Database(config.database_url);database.require_healthy()
                                           ^^^^^^^^^^^^^^^^^^^^^^^^^^
app/repositories/postgres/session.py:21: in require_healthy
    if not self.health_check():raise ConnectionError("PostgreSQL is unavailable; STORAGE_BACKEND=postgres will not fall back to file")
                               ^^^^^^^^^^^^^^^^^^^^^^^^^^^^^^^^^^^^^^^^^^^^^^^^^^^^^^^^^^^^^^^^^^^^^^^^^^^^^^^^^^^^^^^^^^^^^^^^^^^^^^^
E   ConnectionError: PostgreSQL is unavailable; STORAGE_BACKEND=postgres will not fall back to file
_ ERROR at setup of test_cross_project_and_branch_are_fenced_without_mainline_fallback[postgres] _
tests/conftest.py:58: in restore_global_settings
    from app.main import app
app/main.py:9: in <module>
    from .dependencies import context_service,collaboration_read_service,collaboration_admin_service,packaged_bootstrap_registry,packaged_initial_workspace_provisioner,trusted_session_resolver,harness_process_service,model_center_service,local_ai_discovery
app/dependencies.py:50: in <module>
    repositories=create_repository_bundle()
                 ^^^^^^^^^^^^^^^^^^^^^^^^^^
app/repositories/factory.py:14: in create_repository_bundle
    database=Database(config.database_url);database.require_healthy()
                                           ^^^^^^^^^^^^^^^^^^^^^^^^^^
app/repositories/postgres/session.py:21: in require_healthy
    if not self.health_check():raise ConnectionError("PostgreSQL is unavailable; STORAGE_BACKEND=postgres will not fall back to file")
                               ^^^^^^^^^^^^^^^^^^^^^^^^^^^^^^^^^^^^^^^^^^^^^^^^^^^^^^^^^^^^^^^^^^^^^^^^^^^^^^^^^^^^^^^^^^^^^^^^^^^^^^^
E   ConnectionError: PostgreSQL is unavailable; STORAGE_BACKEND=postgres will not fall back to file
_ ERROR at setup of test_independent_document_requires_explicit_opt_in_and_sources_cannot_be_forged[postgres] _
tests/conftest.py:58: in restore_global_settings
    from app.main import app
app/main.py:9: in <module>
    from .dependencies import context_service,collaboration_read_service,collaboration_admin_service,packaged_bootstrap_registry,packaged_initial_workspace_provisioner,trusted_session_resolver,harness_process_service,model_center_service,local_ai_discovery
app/dependencies.py:50: in <module>
    repositories=create_repository_bundle()
                 ^^^^^^^^^^^^^^^^^^^^^^^^^^
app/repositories/factory.py:14: in create_repository_bundle
    database=Database(config.database_url);database.require_healthy()
                                           ^^^^^^^^^^^^^^^^^^^^^^^^^^
app/repositories/postgres/session.py:21: in require_healthy
    if not self.health_check():raise ConnectionError("PostgreSQL is unavailable; STORAGE_BACKEND=postgres will not fall back to file")
                               ^^^^^^^^^^^^^^^^^^^^^^^^^^^^^^^^^^^^^^^^^^^^^^^^^^^^^^^^^^^^^^^^^^^^^^^^^^^^^^^^^^^^^^^^^^^^^^^^^^^^^^^
E   ConnectionError: PostgreSQL is unavailable; STORAGE_BACKEND=postgres will not fall back to file
_ ERROR at setup of test_strict_schema_rejects_untrusted_fields_and_invalid_structure[postgres-<lambda>0] _
tests/conftest.py:58: in restore_global_settings
    from app.main import app
app/main.py:9: in <module>
    from .dependencies import context_service,collaboration_read_service,collaboration_admin_service,packaged_bootstrap_registry,packaged_initial_workspace_provisioner,trusted_session_resolver,harness_process_service,model_center_service,local_ai_discovery
app/dependencies.py:50: in <module>
    repositories=create_repository_bundle()
                 ^^^^^^^^^^^^^^^^^^^^^^^^^^
app/repositories/factory.py:14: in create_repository_bundle
    database=Database(config.database_url);database.require_healthy()
                                           ^^^^^^^^^^^^^^^^^^^^^^^^^^
app/repositories/postgres/session.py:21: in require_healthy
    if not self.health_check():raise ConnectionError("PostgreSQL is unavailable; STORAGE_BACKEND=postgres will not fall back to file")
                               ^^^^^^^^^^^^^^^^^^^^^^^^^^^^^^^^^^^^^^^^^^^^^^^^^^^^^^^^^^^^^^^^^^^^^^^^^^^^^^^^^^^^^^^^^^^^^^^^^^^^^^^
E   ConnectionError: PostgreSQL is unavailable; STORAGE_BACKEND=postgres will not fall back to file
_ ERROR at setup of test_strict_schema_rejects_untrusted_fields_and_invalid_structure[postgres-<lambda>1] _
tests/conftest.py:58: in restore_global_settings
    from app.main import app
app/main.py:9: in <module>
    from .dependencies import context_service,collaboration_read_service,collaboration_admin_service,packaged_bootstrap_registry,packaged_initial_workspace_provisioner,trusted_session_resolver,harness_process_service,model_center_service,local_ai_discovery
app/dependencies.py:50: in <module>
    repositories=create_repository_bundle()
                 ^^^^^^^^^^^^^^^^^^^^^^^^^^
app/repositories/factory.py:14: in create_repository_bundle
    database=Database(config.database_url);database.require_healthy()
                                           ^^^^^^^^^^^^^^^^^^^^^^^^^^
app/repositories/postgres/session.py:21: in require_healthy
    if not self.health_check():raise ConnectionError("PostgreSQL is unavailable; STORAGE_BACKEND=postgres will not fall back to file")
                               ^^^^^^^^^^^^^^^^^^^^^^^^^^^^^^^^^^^^^^^^^^^^^^^^^^^^^^^^^^^^^^^^^^^^^^^^^^^^^^^^^^^^^^^^^^^^^^^^^^^^^^^
E   ConnectionError: PostgreSQL is unavailable; STORAGE_BACKEND=postgres will not fall back to file
_ ERROR at setup of test_strict_schema_rejects_untrusted_fields_and_invalid_structure[postgres-<lambda>2] _
tests/conftest.py:58: in restore_global_settings
    from app.main import app
app/main.py:9: in <module>
    from .dependencies import context_service,collaboration_read_service,collaboration_admin_service,packaged_bootstrap_registry,packaged_initial_workspace_provisioner,trusted_session_resolver,harness_process_service,model_center_service,local_ai_discovery
app/dependencies.py:50: in <module>
    repositories=create_repository_bundle()
                 ^^^^^^^^^^^^^^^^^^^^^^^^^^
app/repositories/factory.py:14: in create_repository_bundle
    database=Database(config.database_url);database.require_healthy()
                                           ^^^^^^^^^^^^^^^^^^^^^^^^^^
app/repositories/postgres/session.py:21: in require_healthy
    if not self.health_check():raise ConnectionError("PostgreSQL is unavailable; STORAGE_BACKEND=postgres will not fall back to file")
                               ^^^^^^^^^^^^^^^^^^^^^^^^^^^^^^^^^^^^^^^^^^^^^^^^^^^^^^^^^^^^^^^^^^^^^^^^^^^^^^^^^^^^^^^^^^^^^^^^^^^^^^^
E   ConnectionError: PostgreSQL is unavailable; STORAGE_BACKEND=postgres will not fall back to file
_ ERROR at setup of test_strict_schema_rejects_untrusted_fields_and_invalid_structure[postgres-<lambda>3] _
tests/conftest.py:58: in restore_global_settings
    from app.main import app
app/main.py:9: in <module>
    from .dependencies import context_service,collaboration_read_service,collaboration_admin_service,packaged_bootstrap_registry,packaged_initial_workspace_provisioner,trusted_session_resolver,harness_process_service,model_center_service,local_ai_discovery
app/dependencies.py:50: in <module>
    repositories=create_repository_bundle()
                 ^^^^^^^^^^^^^^^^^^^^^^^^^^
app/repositories/factory.py:14: in create_repository_bundle
    database=Database(config.database_url);database.require_healthy()
                                           ^^^^^^^^^^^^^^^^^^^^^^^^^^
app/repositories/postgres/session.py:21: in require_healthy
    if not self.health_check():raise ConnectionError("PostgreSQL is unavailable; STORAGE_BACKEND=postgres will not fall back to file")
                               ^^^^^^^^^^^^^^^^^^^^^^^^^^^^^^^^^^^^^^^^^^^^^^^^^^^^^^^^^^^^^^^^^^^^^^^^^^^^^^^^^^^^^^^^^^^^^^^^^^^^^^^
E   ConnectionError: PostgreSQL is unavailable; STORAGE_BACKEND=postgres will not fall back to file
_ ERROR at setup of test_strict_schema_rejects_untrusted_fields_and_invalid_structure[postgres-<lambda>4] _
tests/conftest.py:58: in restore_global_settings
    from app.main import app
app/main.py:9: in <module>
    from .dependencies import context_service,collaboration_read_service,collaboration_admin_service,packaged_bootstrap_registry,packaged_initial_workspace_provisioner,trusted_session_resolver,harness_process_service,model_center_service,local_ai_discovery
app/dependencies.py:50: in <module>
    repositories=create_repository_bundle()
                 ^^^^^^^^^^^^^^^^^^^^^^^^^^
app/repositories/factory.py:14: in create_repository_bundle
    database=Database(config.database_url);database.require_healthy()
                                           ^^^^^^^^^^^^^^^^^^^^^^^^^^
app/repositories/postgres/session.py:21: in require_healthy
    if not self.health_check():raise ConnectionError("PostgreSQL is unavailable; STORAGE_BACKEND=postgres will not fall back to file")
                               ^^^^^^^^^^^^^^^^^^^^^^^^^^^^^^^^^^^^^^^^^^^^^^^^^^^^^^^^^^^^^^^^^^^^^^^^^^^^^^^^^^^^^^^^^^^^^^^^^^^^^^^
E   ConnectionError: PostgreSQL is unavailable; STORAGE_BACKEND=postgres will not fall back to file
_ ERROR at setup of test_strict_schema_rejects_untrusted_fields_and_invalid_structure[postgres-<lambda>5] _
tests/conftest.py:58: in restore_global_settings
    from app.main import app
app/main.py:9: in <module>
    from .dependencies import context_service,collaboration_read_service,collaboration_admin_service,packaged_bootstrap_registry,packaged_initial_workspace_provisioner,trusted_session_resolver,harness_process_service,model_center_service,local_ai_discovery
app/dependencies.py:50: in <module>
    repositories=create_repository_bundle()
                 ^^^^^^^^^^^^^^^^^^^^^^^^^^
app/repositories/factory.py:14: in create_repository_bundle
    database=Database(config.database_url);database.require_healthy()
                                           ^^^^^^^^^^^^^^^^^^^^^^^^^^
app/repositories/postgres/session.py:21: in require_healthy
    if not self.health_check():raise ConnectionError("PostgreSQL is unavailable; STORAGE_BACKEND=postgres will not fall back to file")
                               ^^^^^^^^^^^^^^^^^^^^^^^^^^^^^^^^^^^^^^^^^^^^^^^^^^^^^^^^^^^^^^^^^^^^^^^^^^^^^^^^^^^^^^^^^^^^^^^^^^^^^^^
E   ConnectionError: PostgreSQL is unavailable; STORAGE_BACKEND=postgres will not fall back to file
_ ERROR at setup of test_strict_schema_rejects_untrusted_fields_and_invalid_structure[postgres-<lambda>6] _
tests/conftest.py:58: in restore_global_settings
    from app.main import app
app/main.py:9: in <module>
    from .dependencies import context_service,collaboration_read_service,collaboration_admin_service,packaged_bootstrap_registry,packaged_initial_workspace_provisioner,trusted_session_resolver,harness_process_service,model_center_service,local_ai_discovery
app/dependencies.py:50: in <module>
    repositories=create_repository_bundle()
                 ^^^^^^^^^^^^^^^^^^^^^^^^^^
app/repositories/factory.py:14: in create_repository_bundle
    database=Database(config.database_url);database.require_healthy()
                                           ^^^^^^^^^^^^^^^^^^^^^^^^^^
app/repositories/postgres/session.py:21: in require_healthy
    if not self.health_check():raise ConnectionError("PostgreSQL is unavailable; STORAGE_BACKEND=postgres will not fall back to file")
                               ^^^^^^^^^^^^^^^^^^^^^^^^^^^^^^^^^^^^^^^^^^^^^^^^^^^^^^^^^^^^^^^^^^^^^^^^^^^^^^^^^^^^^^^^^^^^^^^^^^^^^^^
E   ConnectionError: PostgreSQL is unavailable; STORAGE_BACKEND=postgres will not fall back to file
_ ERROR at setup of test_derived_sources_are_atomic_recursive_and_preserved_on_update[postgres] _
tests/conftest.py:58: in restore_global_settings
    from app.main import app
app/main.py:9: in <module>
    from .dependencies import context_service,collaboration_read_service,collaboration_admin_service,packaged_bootstrap_registry,packaged_initial_workspace_provisioner,trusted_session_resolver,harness_process_service,model_center_service,local_ai_discovery
app/dependencies.py:50: in <module>
    repositories=create_repository_bundle()
                 ^^^^^^^^^^^^^^^^^^^^^^^^^^
app/repositories/factory.py:14: in create_repository_bundle
    database=Database(config.database_url);database.require_healthy()
                                           ^^^^^^^^^^^^^^^^^^^^^^^^^^
app/repositories/postgres/session.py:21: in require_healthy
    if not self.health_check():raise ConnectionError("PostgreSQL is unavailable; STORAGE_BACKEND=postgres will not fall back to file")
                               ^^^^^^^^^^^^^^^^^^^^^^^^^^^^^^^^^^^^^^^^^^^^^^^^^^^^^^^^^^^^^^^^^^^^^^^^^^^^^^^^^^^^^^^^^^^^^^^^^^^^^^^
E   ConnectionError: PostgreSQL is unavailable; STORAGE_BACKEND=postgres will not fall back to file
_ ERROR at setup of test_derived_archive_digest_and_scope_changes_fail_closed[postgres] _
tests/conftest.py:58: in restore_global_settings
    from app.main import app
app/main.py:9: in <module>
    from .dependencies import context_service,collaboration_read_service,collaboration_admin_service,packaged_bootstrap_registry,packaged_initial_workspace_provisioner,trusted_session_resolver,harness_process_service,model_center_service,local_ai_discovery
app/dependencies.py:50: in <module>
    repositories=create_repository_bundle()
                 ^^^^^^^^^^^^^^^^^^^^^^^^^^
app/repositories/factory.py:14: in create_repository_bundle
    database=Database(config.database_url);database.require_healthy()
                                           ^^^^^^^^^^^^^^^^^^^^^^^^^^
app/repositories/postgres/session.py:21: in require_healthy
    if not self.health_check():raise ConnectionError("PostgreSQL is unavailable; STORAGE_BACKEND=postgres will not fall back to file")
                               ^^^^^^^^^^^^^^^^^^^^^^^^^^^^^^^^^^^^^^^^^^^^^^^^^^^^^^^^^^^^^^^^^^^^^^^^^^^^^^^^^^^^^^^^^^^^^^^^^^^^^^^
E   ConnectionError: PostgreSQL is unavailable; STORAGE_BACKEND=postgres will not fall back to file
_ ERROR at setup of test_cycle_and_corrupt_persisted_evidence_are_rejected[postgres] _
tests/conftest.py:58: in restore_global_settings
    from app.main import app
app/main.py:9: in <module>
    from .dependencies import context_service,collaboration_read_service,collaboration_admin_service,packaged_bootstrap_registry,packaged_initial_workspace_provisioner,trusted_session_resolver,harness_process_service,model_center_service,local_ai_discovery
app/dependencies.py:50: in <module>
    repositories=create_repository_bundle()
                 ^^^^^^^^^^^^^^^^^^^^^^^^^^
app/repositories/factory.py:14: in create_repository_bundle
    database=Database(config.database_url);database.require_healthy()
                                           ^^^^^^^^^^^^^^^^^^^^^^^^^^
app/repositories/postgres/session.py:21: in require_healthy
    if not self.health_check():raise ConnectionError("PostgreSQL is unavailable; STORAGE_BACKEND=postgres will not fall back to file")
                               ^^^^^^^^^^^^^^^^^^^^^^^^^^^^^^^^^^^^^^^^^^^^^^^^^^^^^^^^^^^^^^^^^^^^^^^^^^^^^^^^^^^^^^^^^^^^^^^^^^^^^^^
E   ConnectionError: PostgreSQL is unavailable; STORAGE_BACKEND=postgres will not fall back to file
_ ERROR at setup of test_authority_revocation_rolls_back_the_entire_scope_transaction[postgres] _
tests/conftest.py:58: in restore_global_settings
    from app.main import app
app/main.py:9: in <module>
    from .dependencies import context_service,collaboration_read_service,collaboration_admin_service,packaged_bootstrap_registry,packaged_initial_workspace_provisioner,trusted_session_resolver,harness_process_service,model_center_service,local_ai_discovery
app/dependencies.py:50: in <module>
    repositories=create_repository_bundle()
                 ^^^^^^^^^^^^^^^^^^^^^^^^^^
app/repositories/factory.py:14: in create_repository_bundle
    database=Database(config.database_url);database.require_healthy()
                                           ^^^^^^^^^^^^^^^^^^^^^^^^^^
app/repositories/postgres/session.py:21: in require_healthy
    if not self.health_check():raise ConnectionError("PostgreSQL is unavailable; STORAGE_BACKEND=postgres will not fall back to file")
                               ^^^^^^^^^^^^^^^^^^^^^^^^^^^^^^^^^^^^^^^^^^^^^^^^^^^^^^^^^^^^^^^^^^^^^^^^^^^^^^^^^^^^^^^^^^^^^^^^^^^^^^^
E   ConnectionError: PostgreSQL is unavailable; STORAGE_BACKEND=postgres will not fall back to file
_ ERROR at setup of test_document_capacity_rejection_keeps_the_existing_snapshot[postgres] _
tests/conftest.py:58: in restore_global_settings
    from app.main import app
app/main.py:9: in <module>
    from .dependencies import context_service,collaboration_read_service,collaboration_admin_service,packaged_bootstrap_registry,packaged_initial_workspace_provisioner,trusted_session_resolver,harness_process_service,model_center_service,local_ai_discovery
app/dependencies.py:50: in <module>
    repositories=create_repository_bundle()
                 ^^^^^^^^^^^^^^^^^^^^^^^^^^
app/repositories/factory.py:14: in create_repository_bundle
    database=Database(config.database_url);database.require_healthy()
                                           ^^^^^^^^^^^^^^^^^^^^^^^^^^
app/repositories/postgres/session.py:21: in require_healthy
    if not self.health_check():raise ConnectionError("PostgreSQL is unavailable; STORAGE_BACKEND=postgres will not fall back to file")
                               ^^^^^^^^^^^^^^^^^^^^^^^^^^^^^^^^^^^^^^^^^^^^^^^^^^^^^^^^^^^^^^^^^^^^^^^^^^^^^^^^^^^^^^^^^^^^^^^^^^^^^^^
E   ConnectionError: PostgreSQL is unavailable; STORAGE_BACKEND=postgres will not fall back to file
_ ERROR at setup of test_api_error_rechecks_authority_before_returning_private_projection[postgres] _
tests/conftest.py:58: in restore_global_settings
    from app.main import app
app/main.py:9: in <module>
    from .dependencies import context_service,collaboration_read_service,collaboration_admin_service,packaged_bootstrap_registry,packaged_initial_workspace_provisioner,trusted_session_resolver,harness_process_service,model_center_service,local_ai_discovery
app/dependencies.py:50: in <module>
    repositories=create_repository_bundle()
                 ^^^^^^^^^^^^^^^^^^^^^^^^^^
app/repositories/factory.py:14: in create_repository_bundle
    database=Database(config.database_url);database.require_healthy()
                                           ^^^^^^^^^^^^^^^^^^^^^^^^^^
app/repositories/postgres/session.py:21: in require_healthy
    if not self.health_check():raise ConnectionError("PostgreSQL is unavailable; STORAGE_BACKEND=postgres will not fall back to file")
                               ^^^^^^^^^^^^^^^^^^^^^^^^^^^^^^^^^^^^^^^^^^^^^^^^^^^^^^^^^^^^^^^^^^^^^^^^^^^^^^^^^^^^^^^^^^^^^^^^^^^^^^^
E   ConnectionError: PostgreSQL is unavailable; STORAGE_BACKEND=postgres will not fall back to file
_ ERROR at setup of test_api_flag_off_wildcard_and_v1_acceptance_fail_closed[postgres--False] _
tests/conftest.py:58: in restore_global_settings
    from app.main import app
app/main.py:9: in <module>
    from .dependencies import context_service,collaboration_read_service,collaboration_admin_service,packaged_bootstrap_registry,packaged_initial_workspace_provisioner,trusted_session_resolver,harness_process_service,model_center_service,local_ai_discovery
app/dependencies.py:50: in <module>
    repositories=create_repository_bundle()
                 ^^^^^^^^^^^^^^^^^^^^^^^^^^
app/repositories/factory.py:14: in create_repository_bundle
    database=Database(config.database_url);database.require_healthy()
                                           ^^^^^^^^^^^^^^^^^^^^^^^^^^
app/repositories/postgres/session.py:21: in require_healthy
    if not self.health_check():raise ConnectionError("PostgreSQL is unavailable; STORAGE_BACKEND=postgres will not fall back to file")
                               ^^^^^^^^^^^^^^^^^^^^^^^^^^^^^^^^^^^^^^^^^^^^^^^^^^^^^^^^^^^^^^^^^^^^^^^^^^^^^^^^^^^^^^^^^^^^^^^^^^^^^^^
E   ConnectionError: PostgreSQL is unavailable; STORAGE_BACKEND=postgres will not fall back to file
_ ERROR at setup of test_api_flag_off_wildcard_and_v1_acceptance_fail_closed[postgres-*-False] _
tests/conftest.py:58: in restore_global_settings
    from app.main import app
app/main.py:9: in <module>
    from .dependencies import context_service,collaboration_read_service,collaboration_admin_service,packaged_bootstrap_registry,packaged_initial_workspace_provisioner,trusted_session_resolver,harness_process_service,model_center_service,local_ai_discovery
app/dependencies.py:50: in <module>
    repositories=create_repository_bundle()
                 ^^^^^^^^^^^^^^^^^^^^^^^^^^
app/repositories/factory.py:14: in create_repository_bundle
    database=Database(config.database_url);database.require_healthy()
                                           ^^^^^^^^^^^^^^^^^^^^^^^^^^
app/repositories/postgres/session.py:21: in require_healthy
    if not self.health_check():raise ConnectionError("PostgreSQL is unavailable; STORAGE_BACKEND=postgres will not fall back to file")
                               ^^^^^^^^^^^^^^^^^^^^^^^^^^^^^^^^^^^^^^^^^^^^^^^^^^^^^^^^^^^^^^^^^^^^^^^^^^^^^^^^^^^^^^^^^^^^^^^^^^^^^^^
E   ConnectionError: PostgreSQL is unavailable; STORAGE_BACKEND=postgres will not fall back to file
_ ERROR at setup of test_api_flag_off_wildcard_and_v1_acceptance_fail_closed[postgres-narrative_production_v2-True] _
tests/conftest.py:58: in restore_global_settings
    from app.main import app
app/main.py:9: in <module>
    from .dependencies import context_service,collaboration_read_service,collaboration_admin_service,packaged_bootstrap_registry,packaged_initial_workspace_provisioner,trusted_session_resolver,harness_process_service,model_center_service,local_ai_discovery
app/dependencies.py:50: in <module>
    repositories=create_repository_bundle()
                 ^^^^^^^^^^^^^^^^^^^^^^^^^^
app/repositories/factory.py:14: in create_repository_bundle
    database=Database(config.database_url);database.require_healthy()
                                           ^^^^^^^^^^^^^^^^^^^^^^^^^^
app/repositories/postgres/session.py:21: in require_healthy
    if not self.health_check():raise ConnectionError("PostgreSQL is unavailable; STORAGE_BACKEND=postgres will not fall back to file")
                               ^^^^^^^^^^^^^^^^^^^^^^^^^^^^^^^^^^^^^^^^^^^^^^^^^^^^^^^^^^^^^^^^^^^^^^^^^^^^^^^^^^^^^^^^^^^^^^^^^^^^^^^
E   ConnectionError: PostgreSQL is unavailable; STORAGE_BACKEND=postgres will not fall back to file
_ ERROR at setup of test_api_authority_crud_private_cas_export_and_branch_scope[postgres] _
tests/conftest.py:58: in restore_global_settings
    from app.main import app
app/main.py:9: in <module>
    from .dependencies import context_service,collaboration_read_service,collaboration_admin_service,packaged_bootstrap_registry,packaged_initial_workspace_provisioner,trusted_session_resolver,harness_process_service,model_center_service,local_ai_discovery
app/dependencies.py:50: in <module>
    repositories=create_repository_bundle()
                 ^^^^^^^^^^^^^^^^^^^^^^^^^^
app/repositories/factory.py:14: in create_repository_bundle
    database=Database(config.database_url);database.require_healthy()
                                           ^^^^^^^^^^^^^^^^^^^^^^^^^^
app/repositories/postgres/session.py:21: in require_healthy
    if not self.health_check():raise ConnectionError("PostgreSQL is unavailable; STORAGE_BACKEND=postgres will not fall back to file")
                               ^^^^^^^^^^^^^^^^^^^^^^^^^^^^^^^^^^^^^^^^^^^^^^^^^^^^^^^^^^^^^^^^^^^^^^^^^^^^^^^^^^^^^^^^^^^^^^^^^^^^^^^
E   ConnectionError: PostgreSQL is unavailable; STORAGE_BACKEND=postgres will not fall back to file
_ ERROR at setup of test_composition_mounts_both_existing_api_aliases_and_keeps_published_flags _
tests/conftest.py:58: in restore_global_settings
    from app.main import app
app/main.py:9: in <module>
    from .dependencies import context_service,collaboration_read_service,collaboration_admin_service,packaged_bootstrap_registry,packaged_initial_workspace_provisioner,trusted_session_resolver,harness_process_service,model_center_service,local_ai_discovery
app/dependencies.py:50: in <module>
    repositories=create_repository_bundle()
                 ^^^^^^^^^^^^^^^^^^^^^^^^^^
app/repositories/factory.py:14: in create_repository_bundle
    database=Database(config.database_url);database.require_healthy()
                                           ^^^^^^^^^^^^^^^^^^^^^^^^^^
app/repositories/postgres/session.py:21: in require_healthy
    if not self.health_check():raise ConnectionError("PostgreSQL is unavailable; STORAGE_BACKEND=postgres will not fall back to file")
                               ^^^^^^^^^^^^^^^^^^^^^^^^^^^^^^^^^^^^^^^^^^^^^^^^^^^^^^^^^^^^^^^^^^^^^^^^^^^^^^^^^^^^^^^^^^^^^^^^^^^^^^^
E   ConnectionError: PostgreSQL is unavailable; STORAGE_BACKEND=postgres will not fall back to file
_ ERROR at setup of test_real_composed_identity_membership_permissions_and_scope[postgres-/api] _
tests/conftest.py:58: in restore_global_settings
    from app.main import app
app/main.py:9: in <module>
    from .dependencies import context_service,collaboration_read_service,collaboration_admin_service,packaged_bootstrap_registry,packaged_initial_workspace_provisioner,trusted_session_resolver,harness_process_service,model_center_service,local_ai_discovery
app/dependencies.py:50: in <module>
    repositories=create_repository_bundle()
                 ^^^^^^^^^^^^^^^^^^^^^^^^^^
app/repositories/factory.py:14: in create_repository_bundle
    database=Database(config.database_url);database.require_healthy()
                                           ^^^^^^^^^^^^^^^^^^^^^^^^^^
app/repositories/postgres/session.py:21: in require_healthy
    if not self.health_check():raise ConnectionError("PostgreSQL is unavailable; STORAGE_BACKEND=postgres will not fall back to file")
                               ^^^^^^^^^^^^^^^^^^^^^^^^^^^^^^^^^^^^^^^^^^^^^^^^^^^^^^^^^^^^^^^^^^^^^^^^^^^^^^^^^^^^^^^^^^^^^^^^^^^^^^^
E   ConnectionError: PostgreSQL is unavailable; STORAGE_BACKEND=postgres will not fall back to file
_ ERROR at setup of test_real_composed_identity_membership_permissions_and_scope[postgres-/api/v1] _
tests/conftest.py:58: in restore_global_settings
    from app.main import app
app/main.py:9: in <module>
    from .dependencies import context_service,collaboration_read_service,collaboration_admin_service,packaged_bootstrap_registry,packaged_initial_workspace_provisioner,trusted_session_resolver,harness_process_service,model_center_service,local_ai_discovery
app/dependencies.py:50: in <module>
    repositories=create_repository_bundle()
                 ^^^^^^^^^^^^^^^^^^^^^^^^^^
app/repositories/factory.py:14: in create_repository_bundle
    database=Database(config.database_url);database.require_healthy()
                                           ^^^^^^^^^^^^^^^^^^^^^^^^^^
app/repositories/postgres/session.py:21: in require_healthy
    if not self.health_check():raise ConnectionError("PostgreSQL is unavailable; STORAGE_BACKEND=postgres will not fall back to file")
                               ^^^^^^^^^^^^^^^^^^^^^^^^^^^^^^^^^^^^^^^^^^^^^^^^^^^^^^^^^^^^^^^^^^^^^^^^^^^^^^^^^^^^^^^^^^^^^^^^^^^^^^^
E   ConnectionError: PostgreSQL is unavailable; STORAGE_BACKEND=postgres will not fall back to file
=============================== warnings summary ===============================
.venv/lib/python3.12/site-packages/fastapi/testclient.py:1
  /workspace/scratch/b8734129d01d/AI-Novel-Studio/.venv/lib/python3.12/site-packages/fastapi/testclient.py:1: StarletteDeprecationWarning: Using `httpx` with `starlette.testclient` is deprecated; install `httpx2` instead.
    from starlette.testclient import TestClient as TestClient  # noqa

-- Docs: https://docs.pytest.org/en/stable/how-to/capture-warnings.html
=========================== short test summary info ============================
SKIPPED [3] tests/test_v2_creative_foundation.py:82: File-backend implementation contract; covered by the default/File full suite
SKIPPED [16] tests/test_v2_creative_foundation.py: File-backend implementation contract; covered by the default/File full suite
SKIPPED [7] tests/test_v2_creative_foundation.py:198: File-backend implementation contract; covered by the default/File full suite
SKIPPED [3] tests/test_v2_creative_foundation.py:319: File-backend implementation contract; covered by the default/File full suite
ERROR tests/test_v2_check_runner.py::test_v2_runner_owns_posix_and_windows_state_directories
ERROR tests/test_v2_check_runner.py::test_v2_runner_receipt_hashes_runtime_tests_and_frontend
ERROR tests/test_v2_creative_foundation.py::test_real_file_roundtrip_restart_history_export_and_archive[postgres-SCREENPLAY]
ERROR tests/test_v2_creative_foundation.py::test_real_file_roundtrip_restart_history_export_and_archive[postgres-STORYBOARD]
ERROR tests/test_v2_creative_foundation.py::test_real_file_roundtrip_restart_history_export_and_archive[postgres-VIDEO_PLANNING]
ERROR tests/test_v2_creative_foundation.py::test_process_restart_reads_actual_store[postgres]
ERROR tests/test_v2_creative_foundation.py::test_two_service_cas_rejects_lost_update_and_preserves_history[postgres]
ERROR tests/test_v2_creative_foundation.py::test_simultaneous_independent_file_writers_commit_exactly_one_revision[postgres]
ERROR tests/test_v2_creative_foundation.py::test_chapter_change_fences_read_write_export_and_history[postgres]
ERROR tests/test_v2_creative_foundation.py::test_privacy_review_change_revokes_previously_captured_source[postgres]
ERROR tests/test_v2_creative_foundation.py::test_cross_project_and_branch_are_fenced_without_mainline_fallback[postgres]
ERROR tests/test_v2_creative_foundation.py::test_independent_document_requires_explicit_opt_in_and_sources_cannot_be_forged[postgres]
ERROR tests/test_v2_creative_foundation.py::test_strict_schema_rejects_untrusted_fields_and_invalid_structure[postgres-<lambda>0]
ERROR tests/test_v2_creative_foundation.py::test_strict_schema_rejects_untrusted_fields_and_invalid_structure[postgres-<lambda>1]
ERROR tests/test_v2_creative_foundation.py::test_strict_schema_rejects_untrusted_fields_and_invalid_structure[postgres-<lambda>2]
ERROR tests/test_v2_creative_foundation.py::test_strict_schema_rejects_untrusted_fields_and_invalid_structure[postgres-<lambda>3]
ERROR tests/test_v2_creative_foundation.py::test_strict_schema_rejects_untrusted_fields_and_invalid_structure[postgres-<lambda>4]
ERROR tests/test_v2_creative_foundation.py::test_strict_schema_rejects_untrusted_fields_and_invalid_structure[postgres-<lambda>5]
ERROR tests/test_v2_creative_foundation.py::test_strict_schema_rejects_untrusted_fields_and_invalid_structure[postgres-<lambda>6]
ERROR tests/test_v2_creative_foundation.py::test_derived_sources_are_atomic_recursive_and_preserved_on_update[postgres]
ERROR tests/test_v2_creative_foundation.py::test_derived_archive_digest_and_scope_changes_fail_closed[postgres]
ERROR tests/test_v2_creative_foundation.py::test_cycle_and_corrupt_persisted_evidence_are_rejected[postgres]
ERROR tests/test_v2_creative_foundation.py::test_authority_revocation_rolls_back_the_entire_scope_transaction[postgres]
ERROR tests/test_v2_creative_foundation.py::test_document_capacity_rejection_keeps_the_existing_snapshot[postgres]
ERROR tests/test_v2_creative_foundation.py::test_api_error_rechecks_authority_before_returning_private_projection[postgres]
ERROR tests/test_v2_creative_foundation.py::test_api_flag_off_wildcard_and_v1_acceptance_fail_closed[postgres--False]
ERROR tests/test_v2_creative_foundation.py::test_api_flag_off_wildcard_and_v1_acceptance_fail_closed[postgres-*-False]
ERROR tests/test_v2_creative_foundation.py::test_api_flag_off_wildcard_and_v1_acceptance_fail_closed[postgres-narrative_production_v2-True]
ERROR tests/test_v2_creative_foundation.py::test_api_authority_crud_private_cas_export_and_branch_scope[postgres]
ERROR tests/test_v2_creative_foundation.py::test_composition_mounts_both_existing_api_aliases_and_keeps_published_flags
ERROR tests/test_v2_creative_foundation.py::test_real_composed_identity_membership_permissions_and_scope[postgres-/api]
ERROR tests/test_v2_creative_foundation.py::test_real_composed_identity_membership_permissions_and_scope[postgres-/api/v1]
29 skipped, 1 warning, 32 errors in 1.95s
