
 RUN  v2.1.9 /workspace/scratch/b8734129d01d/AI-Novel-Studio/frontend

 ✓ src/ui/LocalAiDiscovery.test.tsx (24 tests) 466ms
 ✓ src/novel/StoryCoreRecordVersionEditor.test.tsx (59 tests) 3007ms
 ✓ src/experimental/StyleReviewPanels.test.tsx (16 tests) 1971ms
   ✓ reads without running analysis, requires explicit preview/review/use, and validates the receipt again 436ms
 ✓ src/experimental/WorkspaceToolsPanel.test.tsx (30 tests) 4320ms
   ✓ real workspace tools UI > shows stale recovery choice and never jumps until explicit current-version approval 434ms
   ✓ deduplicates repeated resolves and only honors the reopened search request 518ms
   ✓ captures actual split visibility and keeps search/task filters across section changes and remount 315ms
 ✓ src/experimental/StorySimulatorPanel.test.tsx (14 tests) 4897ms
   ✓ reads only on opening; builds explicit bounded manual inputs with captured authority and normalized fact lines 802ms
   ✓ compares violations and hypotheses, saves only REVIEW once and navigates to the existing planning authority 346ms
   ✓ preserves editable drafts on failure and requires recovery before retry 499ms
   ✓ previews exact local character request, dispatches once with consent, then manually selects checked candidate 679ms
   ✓ changing selected model route clears consent and fences a previously reviewed request 335ms
   ✓ invalidates scene context receipts and sends selected original scene with separate mind claims 575ms
 ✓ src/creative/CreativeWorkspace.test.tsx (19 tests) 4586ms
   ✓ creative workspace protected manuscript and request boundaries > exposes all five keyboard-accessible modes while the manuscript stays mounted 740ms
   ✓ creative workspace protected manuscript and request boundaries > creates once, saves again with the returned version, and preserves captured identity 360ms
   ✓ creative workspace protected manuscript and request boundaries > preserves and locks the local draft after uncertain status 500 322ms
   ✓ creative workspace protected manuscript and request boundaries > locks the workspace and removes creative contents after authorization is denied 315ms
   ✓ creative workspace protected manuscript and request boundaries > requires explicit server-version adoption and preserves the draft when adoption is cancelled 518ms
 ✓ src/AuditGenerationScope.test.tsx (28 tests) 1680ms
 ✓ src/experimental/OfflineSyncPanel.test.tsx (11 tests) 2317ms
   ✓ defaults to no selection, no mutation or external transport, and explicit selected chapter queue 470ms
   ✓ outbox preview requires copy acknowledgement, reuses same envelope and cleans up local file on revocation 395ms
   ✓ withdraws one chapter only after versioned preview, clears cached file and blocks its pending review 309ms
 ✓ src/ui/ModelCenter.test.tsx (10 tests) 406ms
 ✓ src/experimental/DeclarativeTemplatePanels.test.tsx (8 tests) 2426ms
   ✓ opens both panels read-only in StrictMode with original authority headers and no auto execution 341ms
   ✓ uses real form contracts, explicit graph check and version-bound creation before separate execute and review 659ms
   ✓ previews installs favorites copies edits compares and reverts without running a workflow or overwriting instantiated work 418ms
   ✓ requires a separate exact model preview confirmation and never auto dispatches or approves a deferred model node 427ms
 ✓ src/experimental/WritingFocusPanel.test.tsx (13 tests) 1657ms
   ✓ U04 actual writing focus controls > requires selected target, reviewed preview and explicit copy; never approves the proposal 328ms
   ✓ U04 actual writing focus controls > invalidates copy preview when field changes and on stale response 350ms
 ✓ src/AppRevisionHistory.test.tsx (23 tests) 1741ms
 ✓ src/novel/PluginManagerPanel.test.tsx (15 tests) 856ms
 ✓ src/interop/LocalTutorIntegration.test.tsx (70 tests) 8898ms
 ✓ src/ui/AppShell.test.tsx (19 tests) 426ms
 ✓ src/AppWorkspaceResume.test.tsx (33 tests) 6692ms
   ✓ reopens the saved chapter through current authority and applies original reading/split state only after explicit restore 854ms
   ✓ does not navigate away from dirty manuscript 301ms
   ✓ opens another authorized project only after original inventory and exact chapter version revalidation 419ms
   ✓ refuses cross-project search navigation while manuscript is dirty 626ms
   ✓ drops a delayed cross-project source when the author types during revalidation 499ms
   ✓ does not navigate to a search project removed from the refreshed original inventory 342ms
   ✓ opens the exact revision model owner with its original chapter after authoritative verification 325ms
   ✓ refuses a revision-owner chapter switch when the manuscript has unsaved work 386ms
   ✓ rejects a mismatched original revision job and never falls back to another draft 333ms
   ✓ drops delayed revision-owner navigation after new typing or scope change 373ms
   ✓ does not open a delayed revision source after its feature is revoked 389ms
 ✓ src/AppDraftRecovery.test.tsx (21 tests) 3605ms
   ✓ suppresses autosave and manual submit throughout composition and submits after it ends 1162ms
   ✓ labels browser-offline drafts honestly and permits an explicit reachable local-backend save 1089ms
 ✓ src/experimental/RevisionIntelligencePanel.test.tsx (10 tests) 1335ms
   ✓ captures original PM selection, previews two accepted blocks, and requires explicit confirmation 363ms
 ✓ src/novel/ImageGenerationPanel.test.tsx (10 tests) 779ms
 ✓ src/experimental/ModelBrokerPanel.test.tsx (9 tests) 2044ms
   ✓ captures actual scoped route preview and requires exact author receipt plus review before existing job dispatch 597ms
   ✓ invalidates prior authorization and sends the exact reviewed material scope 611ms
 ✓ src/experimental/InteractiveStoryPanel.test.tsx (11 tests) 1910ms
   ✓ authors Unicode choices and typed variables then saves exact original IDs and scope 481ms
   ✓ requires exact review preview and drops receipt when edited 424ms
 ✓ src/experimental/ExperimentalWorkbench.test.tsx (14 tests) 1372ms
 ✓ src/novel/StoryRecordVersionEditor.test.tsx (14 tests) 953ms
 ✓ src/experimental/ProductionLineagePanel.test.tsx (11 tests) 1259ms
   ✓ ProductionLineagePanel real API actions > shows relationship graph, known impact and saves explicit versioned declaration 314ms
 ✓ src/novel/AuthorRequestPreviewPanel.test.tsx (11 tests) 810ms
 ✓ src/AppAuthorTaskNavigation.test.tsx (10 tests) 1365ms
   ✓ opens the exact original text job without broker or recovery flags, generation or acceptance 388ms
 ✓ src/experimental/WriterRoomPanel.test.tsx (9 tests) 1540ms
   ✓ renders actual task progress and responsible change-request round trip without domain approval 784ms
 ✓ src/experimental/MultilingualEditionsPanel.test.tsx (10 tests) 1664ms
   ✓ manual bilingual save→review→exact acceptance with RTL and no model calls 563ms
 ✓ src/experimental/SafeBatchesPanel.test.tsx (10 tests) 869ms
 ✓ src/novel/ResearchPanel.test.tsx (14 tests) 952ms
 ✓ src/experimental/ReaderSessionPanels.test.tsx (9 tests) 1347ms
   ✓ U11 real client request contracts > offers contiguous reader, TOC keyboard focus and codepoint-exact server-validated jump 486ms
   ✓ U11 real client request contracts > submits bounded literal rule configuration and status-only preflight with no editor content 302ms
 ✓ src/novel/ScreenplayPanel.test.tsx (17 tests) 1120ms
 ✓ src/manualPromptConsent.test.tsx (17 tests) 1044ms
 ✓ src/experimental/ResearchLibraryPanel.test.tsx (10 tests) 2029ms
   ✓ allows deliberate current-version recovery while keeping edited metadata text 365ms
 ✓ src/experimental/Wave5TemplatesSdkComics.test.tsx (4 tests) 1193ms
   ✓ combines legacy and extended catalogs, filters exact types and copies Agent to original definition without execution 414ms
   ✓ Agent runtime and capability requirements persist alongside finite input/output schemas, never granting a runtime 422ms
 ✓ src/creative/AIDirectorPanel.test.tsx (10 tests) 803ms
   ✓ AI director local proposal and explicit review > honestly prepares local rules without model calls and requires reviewed edited output before adoption 314ms
 ✓ src/experimental/ComicLayoutsPanel.test.tsx (8 tests) 1497ms
   ✓ mount is read-only; hand-edited numeric geometry reuses original source IDs and supports undo 507ms
 ✓ src/experimental/StoryGraphPanel.test.tsx (8 tests) 1684ms
   ✓ creates a typed relation with selected real IDs, no raw JSON form 603ms
   ✓ keeps the draft on conflict and sends the reviewed expected version 314ms
 ✓ src/experimental/ProjectForksPanel.test.tsx (6 tests) 652ms
 ✓ src/experimental/ModelTaskReopen.test.tsx (16 tests) 1384ms
   ✓ 'simulator' reopens the exact receipt, handles missing/back and never replays 360ms
 ✓ src/experimental/VoiceSubtitlePanels.test.tsx (7 tests) 712ms
   ✓ captures actor/branch and reviewed text with literal pronunciation without unsolicited generation 315ms
 ✓ src/novel/ExportPanel.test.tsx (12 tests) 1565ms
   ✓ ExportPanel industry formats > submits Fountain 剧本 through the authenticated durable queue 386ms
 ✓ src/experimental/StyleAnalysisModelPanel.test.tsx (7 tests) 567ms
 ↓ src/experimental/ExperimentalWorkbench.http.test.tsx (6 tests | 6 skipped)
 ✓ src/experimental/ChangeImpactPanel.test.tsx (8 tests) 786ms
   ✓ ChangeImpactPanel explicit scoped actions > shows exact/unknown evidence and preflights only explicitly selected nodes, never auto executes 365ms
 ✓ src/experimental/LanguageTranslationPanel.test.tsx (5 tests) 1407ms
   ✓ exact preview, explicit single dispatch, original recovery and separate adopt consent 413ms
   ✓ adoption updates visible saved draft while requiring separate submit and review 762ms
 ✓ src/experimental/NarrativeJudgeContinuationPanels.test.tsx (6 tests) 394ms
 ✓ src/experimental/StructuredForksPanel.test.tsx (7 tests) 524ms
 ✓ src/novel/AIPlanningPanel.project.test.tsx (11 tests) 612ms
 ✓ src/novel/LocalHostSessionPanel.test.tsx (9 tests) 381ms
 ✓ src/novel/EntryExperience.test.tsx (10 tests) 564ms
 ✓ src/novel/PluginInspector.test.tsx (8 tests) 297ms
 ✓ src/AppBrokerRecovery.test.tsx (4 tests) 706ms
   ✓ opens an existing broker job only after fresh authorization and retains original review actions 398ms
 ✓ src/experimental/StructuredSearchNavigation.test.tsx (12 tests) 1912ms
   ✓ resolves organization with its exact original owner and original ID 429ms
   ✓ resolves rule with its exact original owner and original ID 303ms
   ✓ resolves story_graph with its exact original owner and original ID 304ms
 ✓ src/experimental/BranchManuscriptPanel.test.tsx (6 tests) 465ms
 ✓ src/novel/FirstUsePanel.test.tsx (8 tests) 402ms
 ✓ src/novel/MultimodalDirectorWorkspace.test.tsx (11 tests) 747ms
 ✓ src/novel/AiWritingPanel.test.tsx (12 tests) 472ms
 ✓ src/novel/WorkflowScopeGuards.test.tsx (20 tests) 676ms
 ✓ src/experimental/WorkspaceInteractionPanel.test.tsx (13 tests) 388ms
 ✓ src/experimental/MediaPanel.continuation.test.tsx (6 tests) 826ms
 ✓ src/experimental/AdapterReceiptProjection.test.tsx (8 tests) 479ms
 ✓ src/interop/client.test.ts (10 tests) 12ms
 ✓ src/novel/AuthorSourcePicker.test.tsx (5 tests) 601ms
 ✓ src/experimental/NarrativeJudgeModelPanel.test.tsx (6 tests) 306ms
 ✓ src/experimental/MediaPanel.recovery.test.tsx (7 tests) 709ms
 ✓ src/experimental/PortableProjectsPanel.maintenance.test.tsx (5 tests) 417ms
 ✓ src/novel/PendingCanonReviewPanel.test.tsx (7 tests) 491ms
 ✓ src/WorkspaceAdminPanel.test.tsx (6 tests) 291ms
 ✓ src/AppStorySourceNavigation.test.tsx (9 tests) 1252ms
   ✓ reads the exact chapter through original authority before normal App hydration 410ms
 ✓ src/novel/ScreenplayPanel.revision.test.tsx (5 tests) 477ms
 ✓ src/experimental/WorkspaceSearch.test.tsx (6 tests) 2998ms
   ✓ sends scoped filters, pages and a safe rebuild through the captured client 1082ms
   ✓ cancels server work, drops late bodies/counts/suggestions, and permits retry 353ms
   ✓ withholds source text and autocomplete after a revoked refresh or resolve 330ms
   ✓ does not search unfinished IME composition and submits the completed Chinese text 670ms
 ✓ src/novel/StoryRecordLifecycle.test.tsx (20 tests) 1431ms
 ✓ src/experimental/WorkflowInspectionPanel.test.tsx (6 tests) 501ms
 ✓ src/novel/AiContextPreviewPanel.test.tsx (6 tests) 312ms
 ✓ src/experimental/PortableProjectsPanel.test.tsx (5 tests) 483ms
 ✓ src/experimental/EmbeddingPanel.continuation.test.tsx (5 tests) 618ms
 ✓ src/AIEnvironmentSummary.test.tsx (7 tests) 345ms
 ✓ src/novel/AdaptationPanel.test.tsx (6 tests) 531ms
 ✓ src/novel/FindingReviewPanel.test.tsx (5 tests) 652ms
   ✓ source-bound finding review > requires reason and human confirmation, cancellation writes nothing, and submits exact CAS tokens 400ms
 ✓ src/experimental/RegisteredMediaPanel.test.tsx (4 tests) 649ms
 ✓ src/ConflictDialog.test.tsx (6 tests) 75ms
 ✓ src/AppAdaptationNavigation.test.tsx (12 tests) 1004ms
   ✓ opens exact original proposal/task/revision without switching manuscript or executing work 354ms
 ✓ src/novel/ExportPanel.scope.test.tsx (13 tests) 1533ms
 ✓ src/novel/AIPlanningPanel.test.tsx (6 tests) 306ms
 ✓ src/novel/AudiobookManifestPanel.test.tsx (4 tests) 305ms
 ✓ src/novel/VideoTimeline.test.tsx (12 tests) 137ms
 ✓ src/experimental/RevisionComparisonModelPanel.test.tsx (4 tests) 285ms
 ✓ src/novel/CharacterAuthorPanel.test.tsx (3 tests) 400ms
 ✓ src/novel/AdaptationLifecycleControls.test.tsx (4 tests) 583ms
 ✓ src/novel/AiWritingVariants.test.tsx (6 tests) 370ms
 ✓ src/experimental/DirectorPanel.test.tsx (3 tests) 549ms
   ✓ mount is read-only and manual candidate save keeps original source versions 316ms
 ✓ src/novel/AuthorSourceItems.test.tsx (4 tests) 308ms
 ✓ src/drafts.test.ts (6 tests) 26ms
 ✓ src/creative/DirectorModelControls.test.tsx (3 tests) 355ms
 ✓ src/experimental/TimelineExchangePanel.test.tsx (4 tests) 415ms
 ✓ src/novel/ExportPanel.recovery.test.tsx (4 tests) 1126ms
   ✓ rediscovers the same durable job and snapshot after full remount and downloads it 594ms
 ✓ src/WorkspaceManagement.test.tsx (5 tests) 201ms
 ✓ src/experimental/PlanningPanel.recovery.test.tsx (2 tests) 840ms
   ✓ planning same-node version recovery > retains local edits after external change and only rebases through an explicit action 550ms
 ✓ src/interop/DesktopIntegrationDetails.test.tsx (19 tests) 456ms
 ✓ src/novel/AgentTeamPanel.additional.test.tsx (5 tests) 355ms
 ✓ src/experimental/TranslationMemoryPanel.test.tsx (4 tests) 175ms
 ✓ src/Editor.anchor.test.tsx (3 tests) 220ms
 ✓ src/novel/MotionTaskWorkspace.test.tsx (5 tests) 265ms
 ✓ src/AppProjectStory.test.tsx (4 tests) 852ms
   ✓ opens and saves world settings through the project owner before a first chapter exists 323ms
 ✓ src/novel/VisualReferencePanel.test.tsx (3 tests) 229ms
 ✓ src/ui/MediaProviderSettings.test.tsx (3 tests) 187ms
 ✓ src/novel/NovelImportPanel.test.tsx (3 tests) 129ms
 ✓ src/RevisionPanel.test.tsx (4 tests) 254ms
 ✓ src/ui/FeatureLauncher.test.tsx (5 tests) 691ms
 ✓ src/experimental/SharedUniversePanel.test.tsx (3 tests) 469ms
   ✓ source preview has no writes; separate explicit pin approval keeps exact snapshot and CAS 324ms
 ✓ src/novel/ImageInfiniteCanvas.test.tsx (6 tests) 313ms
 ✓ src/creative/ProductionTimeline.test.tsx (4 tests) 372ms
 ✓ src/novel/ChapterTree.accessibility.test.tsx (5 tests) 351ms
 ✓ src/novel/VisualTextWorkflow.test.tsx (3 tests) 139ms
 ✓ src/experimental/ResearchLibraryPanel.continuation.test.tsx (3 tests) 1000ms
   ✓ replaces original file bytes against the selected source version 520ms
   ✓ requires explicit review to restore a historical source as a new private version 311ms
 ✓ src/novel/ChapterTree.test.tsx (5 tests) 365ms
 ✓ src/localHostSession.test.ts (6 tests) 18ms
 ✓ src/experimental/TaskOwnerNavigation.continuation.test.tsx (4 tests) 281ms
 ✓ src/novel/useMultimodalWorkspacePersistence.test.ts (7 tests) 37ms
 ✓ src/Editor.recovery.test.tsx (4 tests) 220ms
 ✓ src/novel/DirectorShotList.test.tsx (6 tests) 248ms
 ✓ src/novel/CreationWorkbenchPanel.test.tsx (4 tests) 260ms
 ✓ src/PermissionManagement.test.tsx (3 tests) 105ms
 ✓ src/AppWritingGoalRecovery.test.tsx (4 tests) 316ms
 ✓ src/novel/WorldTimelineView.test.tsx (3 tests) 199ms
 ✓ src/experimental/ExperimentalWorkbench.continuation.test.tsx (5 tests) 139ms
 ✓ src/novel/A43ChapterIdentity.test.tsx (2 tests) 257ms
 ✓ src/Editor.a43-rich.test.tsx (3 tests) 218ms
 ✓ src/ui/primitives.test.tsx (4 tests) 116ms
 ✓ src/novel/AssetLibraryPanel.test.tsx (4 tests) 317ms
 ✓ src/ui/SaveControls.test.tsx (5 tests) 49ms
 ✓ src/novel/ChapterTree.lifecycle.test.tsx (5 tests) 500ms
 ✓ src/novel/SourcePrivacyControl.test.tsx (2 tests) 144ms
 ✓ src/novel/AgentTeamPanel.test.tsx (2 tests) 267ms
 ✓ src/novel/WorldRelationshipGraph.test.tsx (4 tests) 197ms
 ✓ src/novel/WorkflowPanel.test.tsx (2 tests) 428ms
 ✓ src/novel/WorldBuildingDashboard.test.tsx (4 tests) 311ms
 ✓ src/novel/SpeechSynthesisPanel.test.tsx (3 tests) 468ms
 ✓ src/RevisionHistory.independent-audit.test.tsx (3 tests) 150ms
 ✓ src/experimental/VoiceDirectionPanel.continuation.test.tsx (3 tests) 198ms
 ✓ src/experimental/EmbeddingPanel.hybrid.test.tsx (2 tests) 259ms
 ✓ src/AuditColdStorage.test.ts (4 tests) 95ms
 ✓ src/novel/GenerationWorkflowTimeline.test.tsx (7 tests) 152ms
 ✓ src/AppWorldSummary.test.tsx (3 tests) 495ms
   ✓ shows and edits the same world_summary owner used by an adopted model proposal 341ms
 ✓ src/experimental/DeferredExperimentalWorkbench.test.tsx (2 tests) 137ms
 ✓ src/novel/ImageQueuePanel.test.tsx (2 tests) 178ms
 ✓ src/ui/ModuleWorkspaceRoutes.test.tsx (7 tests) 395ms
 ✓ src/novel/ContinuityCheckPanel.test.tsx (2 tests) 222ms
 ✓ src/experimental/InboxPanel.findings.test.tsx (2 tests) 360ms
 ✓ src/StorySearchNavigation.test.tsx (1 test) 233ms
 ✓ src/novel/DirectorShotCard.test.tsx (4 tests) 234ms
 ✓ src/localAiDiscoveryApi.test.ts (3 tests) 12ms
 ✓ src/novel/AgentQueuePanel.test.tsx (2 tests) 231ms
 ✓ src/experimental/ProductionLineagePanel.continuation.test.tsx (2 tests) 314ms
 ✓ src/novel/ScreenplayPipelinePanel.test.tsx (3 tests) 189ms
 ✓ src/experimental/ModelBenchmarkPanel.continuation.test.tsx (1 test) 393ms
   ✓ keeps catalog claims distinct and requires explicit bounded user-verification review 392ms
 ✓ src/novel/AuthorRequestControls.test.tsx (2 tests) 122ms
 ✓ src/novel/RuntimeDiagnostics.test.tsx (3 tests) 170ms
 ✓ src/novel/AudioGenerationPanel.test.tsx (2 tests) 236ms
 ✓ src/ui/taskSummary.test.ts (4 tests) 7ms
 ✓ src/ui/AiControlCenter.test.tsx (1 test) 149ms
 ✓ src/novel/VideoTaskInspector.test.tsx (3 tests) 206ms
 ✓ src/novel/GenerationRecoveryPicker.test.tsx (2 tests) 228ms
 ✓ src/interop/entryScopeReview.test.tsx (1 test) 241ms
 ✓ src/experimental/shared.test.tsx (2 tests) 144ms
 ✓ src/novel/NovelOverviewPanel.test.tsx (1 test) 99ms
 ✓ src/novel/StoryPlanningWorkspace.test.tsx (2 tests) 95ms
 ✓ src/generationRecovery.test.ts (3 tests) 20ms
 ✓ src/experimental/InteractiveStoryHistory.test.tsx (1 test) 166ms
 ✓ src/workspaceSelection.test.ts (3 tests) 8ms
 ✓ src/interop/entry.test.tsx (1 test) 305ms
   ✓ dismisses a pending deferred load and does not reopen or connect when its module arrives late 304ms
 ✓ src/novel/AgentActivityCenter.test.tsx (2 tests) 235ms
 ✓ src/localAiEnvironmentApi.test.ts (2 tests) 11ms
 ✓ src/novel/AssetInspector.test.tsx (2 tests) 201ms
 ✓ src/novel/ConstraintImportPreview.test.tsx (2 tests) 131ms
 ✓ src/novel/MotionPrivacyPanel.test.tsx (1 test) 302ms
   ✓ requires visible current prompt review before approving an exact hash 301ms
 ✓ src/ui/AuthorTerminology.test.tsx (2 tests) 27ms
 ✓ src/novel/AgentResultReview.test.tsx (2 tests) 130ms
 ✓ src/novel/SceneEditor.test.tsx (1 test) 241ms
 ✓ src/novel/VideoAssemblyPanel.test.tsx (1 test) 364ms
   ✓ submits explicit clip order and trims without claiming an audio mix 363ms
 ✓ src/novel/ScreenplayPanel.motion-binding.test.ts (2 tests) 12ms
 ✓ src/experimental/WorldPanel.test.tsx (1 test) 292ms
 ✓ src/experimental/revisionLocks.test.ts (2 tests) 114ms
 ✓ src/novel/ForeshadowingEditor.test.tsx (1 test) 177ms
 ✓ src/novel/StoryDatabase.test.tsx (2 tests) 139ms
 ✓ src/novel/useMultimodalBindingManifest.test.ts (2 tests) 21ms
 ✓ src/novel/ImageTaskInspector.test.tsx (2 tests) 135ms
 ✓ src/novel/RelationshipEditor.test.tsx (1 test) 200ms
 ✓ src/novel/StoryRecordNavigation.test.tsx (2 tests) 276ms
 ✓ src/novel/OutlineEditor.test.tsx (1 test) 139ms
 ✓ src/novel/VisualContextPanel.test.tsx (2 tests) 158ms
 ✓ src/novel/TimelineEditor.test.tsx (1 test) 176ms
 ✓ src/novel/AudioTaskInspector.test.tsx (2 tests) 140ms
 ✓ src/novel/WorkflowPanel.independent-audit.test.tsx (1 test) 115ms
 ✓ src/novel/StoryRouteEditor.test.tsx (1 test) 213ms
 ✓ src/ui/CapabilityRoadmapPanel.test.tsx (1 test) 113ms
 ✓ src/novel/CharacterEditor.test.tsx (1 test) 221ms
 ✓ src/novel/VolumeEditor.test.tsx (1 test) 132ms
 ✓ src/ui/CapabilityStatusCenter.test.tsx (1 test) 47ms
 ✓ tests/r3FixtureLifecycle.test.ts (17 tests) 52ms
 ↓ tests/localInteropRealHost.test.ts (2 tests | 2 skipped)
 ✓ src/novel/LocationEditor.test.tsx (1 test) 126ms
 ✓ src/novel/WorkflowInspector.test.tsx (2 tests) 166ms
 ✓ src/novel/DirectorVoiceToolbar.test.tsx (1 test) 33ms
 ✓ src/creative/client.test.ts (11 tests) 17ms
 ✓ src/novel/BindingManifestPanel.test.tsx (1 test) 57ms
 ✓ src/novel/WorldSummaryEditor.test.tsx (1 test) 221ms
 ✓ src/experimental/api.test.ts (5 tests) 11ms
 ✓ src/interop/ChapterWireIdentity.test.ts (3 tests) 50ms
 ✓ src/e2eDatabaseContract.test.ts (20 tests) 487ms
   ✓ E2E database environment contract > keeps the DSN out of Playwright commands and scopes each child environment 419ms
 ✓ tests/workspaceResumeLayout.test.ts (5 tests) 11ms
 ✓ src/collaborationGuards.test.ts (7 tests) 6ms
 ✓ src/contracts.test.ts (7 tests) 33ms
 ✓ src/packagedHost.test.ts (7 tests) 9ms
 ✓ src/productLanguage.test.ts (4 tests) 4ms
 ✓ src/novel/AdaptationRouteMatching.test.ts (1 test) 11ms
 ✓ src/experimental/api.surface-flags.test.ts (4 tests) 13ms
 ✓ tests/localInteropLayout.test.ts (3 tests) 4ms
 ✓ src/novel/ChapterTree.css.test.ts (4 tests) 4ms
 ✓ src/ui/FeatureLauncher.css.test.ts (3 tests) 4ms
 ✓ tests/writingGoalLayout.test.ts (4 tests) 6ms
 ✓ src/novel/firstUseClient.test.ts (2 tests) 14ms
 ✓ src/novel/findingReviewClient.test.ts (2 tests) 4ms
 ✓ tests/uiContracts.test.ts (5 tests) 11ms
 ✓ src/novel/importRecovery.test.ts (2 tests) 11ms
 ✓ src/ui/scopeLabels.test.ts (4 tests) 10ms
 ✓ src/Editor.typography.test.ts (3 tests) 2ms
 ✓ src/planningProjectApi.test.ts (1 test) 6ms
 ✓ src/sourcePrivacyApi.test.ts (1 test) 3ms
 ✓ src/experimental/writingFocus.layout.test.ts (1 test) 3ms
 ✓ src/novel/FountainParser.test.ts (21 tests) 1677ms
 ✓ src/novel/MotionTaskBatchControls.test.ts (1 test) 3ms
 ✓ src/generationVariants.test.ts (7 tests) 7ms
 ✓ src/App.test.tsx (12 tests) 11ms

 Test Files  233 passed | 2 skipped (235)
      Tests  1554 passed | 8 skipped (1562)
   Start at  22:51:35
   Duration  53.79s (transform 14.16s, setup 0ms, collect 82.38s, tests 142.24s, environment 111.85s, prepare 21.81s)

JUNIT report written to /workspace/scratch/b8734129d01d/AI-Novel-Studio/docs/delivery/v2-development/cloud-frontend-complete-final.xml
