.......sssssssFs.s.s.s.s.s.s.s.s.s.s.s.s.s.s.s.s.s.s.s.s.s.s.s.s         [100%]
=================================== FAILURES ===================================
_______ test_task_cannot_override_capability_locality_or_spending[file] ________

env = namespace(service=<app.experimental.model_broker.ModelBrokerService object at 0x7f4c1832f6e0>, store=<app.experimental...3', 'source_locality': 'LOCAL_VERIFIED'}, 'available': True, 'reasons': [], 'verification': 'SYNTHETIC_PROTOCOL_ONLY'})

    def test_task_cannot_override_capability_locality_or_spending(env):
        for extra in ({'capability': 'TEXT'}, {'profile': 'HYBRID'}, {'max_cost_microusd': 1},
                      {'allow_cloud_fallback': True}, {'task_type': 'UNKNOWN'}):
            with pytest.raises(ValueError):
>               task(env, 'FRAME_ANALYSIS', **extra)
E               TypeError: task() got multiple values for argument 'task_type'

tests/test_v2_task_router.py:45: TypeError
=============================== warnings summary ===============================
.venv/lib/python3.12/site-packages/fastapi/testclient.py:1
  /workspace/scratch/b8734129d01d/AI-Novel-Studio/.venv/lib/python3.12/site-packages/fastapi/testclient.py:1: StarletteDeprecationWarning: Using `httpx` with `starlette.testclient` is deprecated; install `httpx2` instead.
    from starlette.testclient import TestClient as TestClient  # noqa

-- Docs: https://docs.pytest.org/en/stable/how-to/capture-warnings.html
- generated xml file: /workspace/scratch/b8734129d01d/AI-Novel-Studio/docs/delivery/v2-development/cloud-task-router.xml -
=========================== short test summary info ============================
FAILED tests/test_v2_task_router.py::test_task_cannot_override_capability_locality_or_spending[file]
1 failed, 31 passed, 32 skipped, 1 warning in 5.79s
