
 RUN  v2.1.9 /workspace/scratch/b8734129d01d/AI-Novel-Studio/frontend

 ✓ src/ui/LocalAiDiscovery.test.tsx (24 tests) 490ms
 ✓ src/novel/StoryCoreRecordVersionEditor.test.tsx (59 tests) 3062ms
 ✓ src/experimental/StyleReviewPanels.test.tsx (16 tests) 1906ms
   ✓ reads without running analysis, requires explicit preview/review/use, and validates the receipt again 425ms
 ✓ src/experimental/WorkspaceToolsPanel.test.tsx (30 tests) 4254ms
   ✓ real workspace tools UI > shows stale recovery choice and never jumps until explicit current-version approval 449ms
   ✓ real workspace tools UI > discards pending search and action responses after A → B → A scope changes 310ms
   ✓ real workspace tools UI > supports keyboard search results and only exposes enabled safe scenario navigation 305ms
   ✓ deduplicates repeated resolves and only honors the reopened search request 536ms
   ✓ captures actual split visibility and keeps search/task filters across section changes and remount 325ms
 ✓ src/experimental/StorySimulatorPanel.test.tsx (14 tests) 5179ms
   ✓ reads only on opening; builds explicit bounded manual inputs with captured authority and normalized fact lines 906ms
   ✓ compares violations and hypotheses, saves only REVIEW once and navigates to the existing planning authority 407ms
   ✓ preserves editable drafts on failure and requires recovery before retry 409ms
   ✓ invalidates source-bound context immediately when the active chapter revision advances 456ms
   ✓ previews exact local character request, dispatches once with consent, then manually selects checked candidate 552ms
   ✓ model cancellation and unknown admission never offer automatic replay or candidate adoption 309ms
   ✓ changing selected model route clears consent and fences a previously reviewed request 355ms
   ✓ invalidates scene context receipts and sends selected original scene with separate mind claims 535ms
 ✓ src/AuditGenerationScope.test.tsx (28 tests) 1799ms
 ✓ src/creative/CreativeWorkspace.test.tsx (19 tests) 5026ms
   ✓ creative workspace protected manuscript and request boundaries > exposes all five keyboard-accessible modes while the manuscript stays mounted 624ms
   ✓ creative workspace protected manuscript and request boundaries > creates once, saves again with the returned version, and preserves captured identity 372ms
   ✓ creative workspace protected manuscript and request boundaries > requires explicit server-version adoption and preserves the draft when adoption is cancelled 655ms
   ✓ creative workspace protected manuscript and request boundaries > restores history only after explicit review and creates a new current version 316ms
   ✓ creative workspace protected manuscript and request boundaries > reorders storyboard shots without replacing their identities and saves their new sequence 448ms
 ✓ src/ui/ModelCenter.test.tsx (10 tests) 296ms
 ✓ src/experimental/OfflineSyncPanel.test.tsx (11 tests) 2029ms
   ✓ defaults to no selection, no mutation or external transport, and explicit selected chapter queue 352ms
   ✓ withdraws one chapter only after versioned preview, clears cached file and blocks its pending review 311ms
 ✓ src/experimental/DeclarativeTemplatePanels.test.tsx (8 tests) 2764ms
   ✓ uses real form contracts, explicit graph check and version-bound creation before separate execute and review 982ms
   ✓ invalidates graph preflight on edits, never lists browser invented tools, and preserves input on rejected save 303ms
   ✓ previews installs favorites copies edits compares and reverts without running a workflow or overwriting instantiated work 372ms
   ✓ requires a separate exact model preview confirmation and never auto dispatches or approves a deferred model node 384ms
 ✓ src/novel/PluginManagerPanel.test.tsx (15 tests) 939ms
 ✓ src/AppRevisionHistory.test.tsx (23 tests) 1969ms
   ✓ refreshes mounted history when the server chapter advances from v2 to v3 402ms
 ✓ src/experimental/WritingFocusPanel.test.tsx (13 tests) 2552ms
   ✓ U04 actual writing focus controls > loads under StrictMode, applies prose preferences and persists versioned personal settings 452ms
   ✓ U04 actual writing focus controls > requires selected target, reviewed preview and explicit copy; never approves the proposal 390ms
   ✓ U04 actual writing focus controls > invalidates copy preview when field changes and on stale response 479ms
 ✓ src/interop/LocalTutorIntegration.test.tsx (70 tests) 9631ms
 ✓ src/ui/AppShell.test.tsx (19 tests) 447ms
 ✓ src/AppDraftRecovery.test.tsx (21 tests) 3599ms
   ✓ suppresses autosave and manual submit throughout composition and submits after it ends 1149ms
   ✓ labels browser-offline drafts honestly and permits an explicit reachable local-backend save 1084ms
 ✓ src/AppWorkspaceResume.test.tsx (33 tests) 7434ms
   ✓ reopens the saved chapter through current authority and applies original reading/split state only after explicit restore 639ms
   ✓ does not navigate away from dirty manuscript 326ms
   ✓ opens another authorized project only after original inventory and exact chapter version revalidation 489ms
   ✓ refuses cross-project search navigation while manuscript is dirty 542ms
   ✓ drops a delayed cross-project source when the author types during revalidation 571ms
   ✓ does not navigate to a search project removed from the refreshed original inventory 561ms
   ✓ opens the exact revision model owner with its original chapter after authoritative verification 438ms
   ✓ refuses a revision-owner chapter switch when the manuscript has unsaved work 416ms
   ✓ rejects a mismatched original revision job and never falls back to another draft 329ms
   ✓ drops delayed revision-owner navigation after new typing or scope change 350ms
   ✓ does not open a delayed revision source after its feature is revoked 398ms
 ✓ src/novel/ImageGenerationPanel.test.tsx (10 tests) 756ms
 ✓ src/experimental/ModelBrokerPanel.test.tsx (9 tests) 1804ms
   ✓ captures actual scoped route preview and requires exact author receipt plus review before existing job dispatch 577ms
   ✓ invalidates prior authorization and sends the exact reviewed material scope 414ms
 ✓ src/experimental/RevisionIntelligencePanel.test.tsx (10 tests) 1583ms
   ✓ captures original PM selection, previews two accepted blocks, and requires explicit confirmation 441ms
   ✓ reuses exact author preview and blocks extra generated paragraphs from automatic candidate import 323ms
   ✓ compares real-version pins and explicitly labels imported model interpretations 347ms
 ✓ src/experimental/ExperimentalWorkbench.test.tsx (14 tests) 1155ms
 ✓ src/novel/StoryRecordVersionEditor.test.tsx (14 tests) 1061ms
 ✓ src/experimental/InteractiveStoryPanel.test.tsx (11 tests) 3025ms
   ✓ authors Unicode choices and typed variables then saves exact original IDs and scope 486ms
   ✓ actually plays server-returned choices to an ending, and resets bounded state 438ms
   ✓ preserves unsaved draft and beforeunload protection after a CAS conflict 343ms
   ✓ requires exact review preview and drops receipt when edited 547ms
   ✓ requires explicit loss acknowledgment before ZIP generation and revokes object URL 305ms
 ✓ src/experimental/ProductionLineagePanel.test.tsx (11 tests) 1532ms
   ✓ ProductionLineagePanel real API actions > shows relationship graph, known impact and saves explicit versioned declaration 450ms
 ✓ src/novel/AuthorRequestPreviewPanel.test.tsx (11 tests) 884ms
   ✓ Author actual request preflight > does not fetch automatically and reads exact request with scope headers 333ms
 ✓ src/AppAuthorTaskNavigation.test.tsx (10 tests) 1271ms
   ✓ opens the exact original text job without broker or recovery flags, generation or acceptance 365ms
 ✓ src/experimental/WriterRoomPanel.test.tsx (9 tests) 1408ms
   ✓ renders actual task progress and responsible change-request round trip without domain approval 555ms
 ✓ src/experimental/ReaderSessionPanels.test.tsx (9 tests) 1292ms
   ✓ U11 real client request contracts > offers contiguous reader, TOC keyboard focus and codepoint-exact server-validated jump 413ms
   ✓ U11 real client request contracts > submits bounded literal rule configuration and status-only preflight with no editor content 401ms
 ✓ src/experimental/MultilingualEditionsPanel.test.tsx (10 tests) 2224ms
   ✓ manual bilingual save→review→exact acceptance with RTL and no model calls 766ms
   ✓ preserves unsaved Unicode draft on conflict and explicitly restores saved value 331ms
   ✓ invalidates acceptance receipt immediately when the draft changes 345ms
 ✓ src/experimental/SafeBatchesPanel.test.tsx (10 tests) 918ms
 ✓ src/novel/ScreenplayPanel.test.tsx (17 tests) 1125ms
 ✓ src/novel/ResearchPanel.test.tsx (14 tests) 1512ms
 ✓ src/experimental/ResearchLibraryPanel.test.tsx (10 tests) 1614ms
 ✓ src/experimental/ComicLayoutsPanel.test.tsx (8 tests) 1362ms
   ✓ mount is read-only; hand-edited numeric geometry reuses original source IDs and supports undo 448ms
 ✓ src/experimental/StoryGraphPanel.test.tsx (8 tests) 1672ms
   ✓ creates a typed relation with selected real IDs, no raw JSON form 476ms
   ✓ keeps the draft on conflict and sends the reviewed expected version 307ms
 ✓ src/manualPromptConsent.test.tsx (17 tests) 1437ms
   ✓ vision sends default denial and resets explicit consent on either text or reference edits 317ms
 ✓ src/experimental/Wave5TemplatesSdkComics.test.tsx (4 tests) 1291ms
   ✓ combines legacy and extended catalogs, filters exact types and copies Agent to original definition without execution 587ms
   ✓ Agent runtime and capability requirements persist alongside finite input/output schemas, never granting a runtime 425ms
 ✓ src/creative/AIDirectorPanel.test.tsx (10 tests) 831ms
   ✓ AI director local proposal and explicit review > honestly prepares local rules without model calls and requires reviewed edited output before adoption 359ms
 ✓ src/experimental/ProjectForksPanel.test.tsx (6 tests) 664ms
 ✓ src/experimental/StyleAnalysisModelPanel.test.tsx (7 tests) 507ms
 ✓ src/novel/ExportPanel.test.tsx (12 tests) 1262ms
 ✓ src/experimental/ChangeImpactPanel.test.tsx (8 tests) 586ms
 ✓ src/experimental/VoiceSubtitlePanels.test.tsx (7 tests) 1110ms
   ✓ captures actor/branch and reviewed text with literal pronunciation without unsolicited generation 406ms
 ↓ src/experimental/ExperimentalWorkbench.http.test.tsx (6 tests | 6 skipped)
 ✓ src/experimental/ModelTaskReopen.test.tsx (16 tests) 2250ms
   ✓ 'simulator' reopens the exact receipt, handles missing/back and never replays 669ms
   ✓ Workbench forwards 'simulator' only for its original owner 343ms
 ✓ src/experimental/LanguageTranslationPanel.test.tsx (5 tests) 1463ms
   ✓ exact preview, explicit single dispatch, original recovery and separate adopt consent 560ms
   ✓ adoption updates visible saved draft while requiring separate submit and review 592ms
 ✓ src/experimental/StructuredForksPanel.test.tsx (7 tests) 699ms
 ✓ src/experimental/NarrativeJudgeContinuationPanels.test.tsx (6 tests) 556ms
 ✓ src/AppBrokerRecovery.test.tsx (4 tests) 571ms
 ✓ src/novel/AIPlanningPanel.project.test.tsx (11 tests) 762ms
 ✓ src/novel/EntryExperience.test.tsx (10 tests) 886ms
 ✓ src/novel/LocalHostSessionPanel.test.tsx (9 tests) 529ms
 ✓ src/novel/PluginInspector.test.tsx (8 tests) 326ms
 ✓ src/experimental/StructuredSearchNavigation.test.tsx (12 tests) 2387ms
   ✓ resolves organization with its exact original owner and original ID 551ms
   ✓ resolves rule with its exact original owner and original ID 304ms
   ✓ resolves story_graph with its exact original owner and original ID 341ms
   ✓ resolves asset with its exact original owner and original ID 312ms
   ✓ resolves workflow with its exact original owner and original ID 341ms
 ✓ src/experimental/BranchManuscriptPanel.test.tsx (6 tests) 587ms
 ✓ src/novel/FirstUsePanel.test.tsx (8 tests) 513ms
 ✓ src/novel/AiWritingPanel.test.tsx (12 tests) 751ms
 ✓ src/experimental/WorkspaceInteractionPanel.test.tsx (13 tests) 394ms
 ✓ src/novel/MultimodalDirectorWorkspace.test.tsx (11 tests) 912ms
 ✓ src/novel/WorkflowScopeGuards.test.tsx (20 tests) 801ms
 ✓ src/experimental/MediaPanel.continuation.test.tsx (6 tests) 1022ms
   ✓ uses original project character and screenplay/shot choices, including source CAS 414ms
 ✓ src/experimental/AdapterReceiptProjection.test.tsx (8 tests) 686ms
 ✓ src/interop/client.test.ts (10 tests) 19ms
 ✓ src/experimental/NarrativeJudgeModelPanel.test.tsx (6 tests) 392ms
 ✓ src/novel/AuthorSourcePicker.test.tsx (5 tests) 746ms
   ✓ never resurrects source pins after switching project authority and returning 393ms
 ✓ src/experimental/MediaPanel.recovery.test.tsx (7 tests) 671ms
   ✓ media promotion checkpoint recovery > makes interrupted cover approval recoverable with Inbox disabled, only after explicit action 308ms
 ✓ src/experimental/PortableProjectsPanel.maintenance.test.tsx (5 tests) 614ms
 ✓ src/AppStorySourceNavigation.test.tsx (9 tests) 1470ms
   ✓ reads the exact chapter through original authority before normal App hydration 414ms
 ✓ src/novel/PendingCanonReviewPanel.test.tsx (7 tests) 885ms
   ✓ original Canon review surface > requires human review, closes without write, and deduplicates clicks with exact CAS evidence 363ms
 ✓ src/experimental/WorkspaceSearch.test.tsx (6 tests) 3093ms
   ✓ sends scoped filters, pages and a safe rebuild through the captured client 1012ms
   ✓ cancels server work, drops late bodies/counts/suggestions, and permits retry 379ms
   ✓ withholds source text and autocomplete after a revoked refresh or resolve 332ms
   ✓ does not search unfinished IME composition and submits the completed Chinese text 714ms
   ✓ invalidates a pending cross-project source jump on filter change 376ms
 ✓ src/novel/StoryRecordLifecycle.test.tsx (20 tests) 1297ms
 ✓ src/WorkspaceAdminPanel.test.tsx (6 tests) 410ms
 ✓ src/novel/ScreenplayPanel.revision.test.tsx (5 tests) 592ms
 ✓ src/novel/AiContextPreviewPanel.test.tsx (6 tests) 338ms
 ✓ src/experimental/WorkflowInspectionPanel.test.tsx (6 tests) 521ms
 ✓ src/experimental/PortableProjectsPanel.test.tsx (5 tests) 631ms
 ✓ src/experimental/EmbeddingPanel.continuation.test.tsx (5 tests) 515ms
 ✓ src/AIEnvironmentSummary.test.tsx (7 tests) 373ms
 ✓ src/novel/FindingReviewPanel.test.tsx (5 tests) 557ms
 ✓ src/novel/AdaptationPanel.test.tsx (6 tests) 591ms
 ✓ src/novel/ExportPanel.scope.test.tsx (13 tests) 1522ms
 ✓ src/ConflictDialog.test.tsx (6 tests) 120ms
 ✓ src/experimental/RegisteredMediaPanel.test.tsx (4 tests) 916ms
   ✓ selects a registered original image route and queues exactly one seeded task without inference 496ms
 ✓ src/AppAdaptationNavigation.test.tsx (12 tests) 1138ms
   ✓ opens exact original proposal/task/revision without switching manuscript or executing work 430ms
 ✓ src/novel/AIPlanningPanel.test.tsx (6 tests) 412ms
 ✓ src/novel/AudiobookManifestPanel.test.tsx (4 tests) 396ms
 ✓ src/experimental/RevisionComparisonModelPanel.test.tsx (4 tests) 296ms
 ✓ src/novel/CharacterAuthorPanel.test.tsx (3 tests) 491ms
 ✓ src/novel/AdaptationLifecycleControls.test.tsx (4 tests) 484ms
 ✓ src/novel/VideoTimeline.test.tsx (12 tests) 327ms
 ✓ src/novel/AiWritingVariants.test.tsx (6 tests) 398ms
 ✓ src/novel/AuthorSourceItems.test.tsx (4 tests) 276ms
 ✓ src/creative/DirectorModelControls.test.tsx (3 tests) 296ms
 ✓ src/experimental/DirectorPanel.test.tsx (3 tests) 618ms
   ✓ mount is read-only and manual candidate save keeps original source versions 370ms
 ✓ src/novel/ExportPanel.recovery.test.tsx (4 tests) 785ms
   ✓ rediscovers the same durable job and snapshot after full remount and downloads it 465ms
 ✓ src/drafts.test.ts (6 tests) 47ms
 ✓ src/experimental/TimelineExchangePanel.test.tsx (4 tests) 375ms
 ✓ src/WorkspaceManagement.test.tsx (5 tests) 144ms
 ✓ src/interop/DesktopIntegrationDetails.test.tsx (19 tests) 440ms
 ✓ src/experimental/PlanningPanel.recovery.test.tsx (2 tests) 893ms
   ✓ planning same-node version recovery > retains local edits after external change and only rebases through an explicit action 555ms
   ✓ planning same-node version recovery > retains local edits after proposal approval and only rebases through an explicit action 337ms
 ✓ src/novel/AgentTeamPanel.additional.test.tsx (5 tests) 451ms
 ✓ src/Editor.anchor.test.tsx (3 tests) 222ms
 ✓ src/experimental/TranslationMemoryPanel.test.tsx (4 tests) 274ms
 ✓ src/novel/MotionTaskWorkspace.test.tsx (5 tests) 277ms
 ✓ src/novel/NovelImportPanel.test.tsx (3 tests) 100ms
 ✓ src/novel/VisualReferencePanel.test.tsx (3 tests) 261ms
 ✓ src/AppProjectStory.test.tsx (4 tests) 725ms
 ✓ src/ui/MediaProviderSettings.test.tsx (3 tests) 189ms
 ✓ src/RevisionPanel.test.tsx (4 tests) 121ms
 ✓ src/ui/FeatureLauncher.test.tsx (5 tests) 662ms
 ✓ src/experimental/SharedUniversePanel.test.tsx (3 tests) 460ms
   ✓ source preview has no writes; separate explicit pin approval keeps exact snapshot and CAS 315ms
 ✓ src/novel/ChapterTree.accessibility.test.tsx (5 tests) 254ms
 ✓ src/experimental/ResearchLibraryPanel.continuation.test.tsx (3 tests) 750ms
   ✓ replaces original file bytes against the selected source version 405ms
 ✓ src/novel/ImageInfiniteCanvas.test.tsx (6 tests) 345ms
 ✓ src/creative/ProductionTimeline.test.tsx (4 tests) 300ms
 ✓ src/novel/VisualTextWorkflow.test.tsx (3 tests) 186ms
 ✓ src/novel/ChapterTree.test.tsx (5 tests) 293ms
 ✓ src/Editor.recovery.test.tsx (4 tests) 394ms
 ✓ src/localHostSession.test.ts (6 tests) 14ms
 ✓ src/experimental/TaskOwnerNavigation.continuation.test.tsx (4 tests) 260ms
 ✓ src/novel/DirectorShotList.test.tsx (6 tests) 237ms
 ✓ src/novel/useMultimodalWorkspacePersistence.test.ts (7 tests) 54ms
 ✓ src/PermissionManagement.test.tsx (3 tests) 183ms
 ✓ src/novel/CreationWorkbenchPanel.test.tsx (4 tests) 196ms
 ✓ src/AppWritingGoalRecovery.test.tsx (4 tests) 335ms
 ✓ src/novel/A43ChapterIdentity.test.tsx (2 tests) 214ms
 ✓ src/novel/WorldTimelineView.test.tsx (3 tests) 231ms
 ✓ src/ui/primitives.test.tsx (4 tests) 133ms
 ✓ src/Editor.a43-rich.test.tsx (3 tests) 268ms
 ✓ src/ui/SaveControls.test.tsx (5 tests) 85ms
 ✓ src/novel/AssetLibraryPanel.test.tsx (4 tests) 332ms
 ✓ src/experimental/ExperimentalWorkbench.continuation.test.tsx (5 tests) 153ms
 ✓ src/novel/ChapterTree.lifecycle.test.tsx (5 tests) 444ms
 ✓ src/novel/SourcePrivacyControl.test.tsx (2 tests) 268ms
 ✓ src/novel/AgentTeamPanel.test.tsx (2 tests) 308ms
 ✓ src/novel/WorldRelationshipGraph.test.tsx (4 tests) 274ms
 ✓ src/novel/WorkflowPanel.test.tsx (2 tests) 438ms
   ✓ publishes loaded workflow runs and focuses their real workspace 315ms
 ✓ src/novel/WorldBuildingDashboard.test.tsx (4 tests) 303ms
 ✓ src/novel/SpeechSynthesisPanel.test.tsx (3 tests) 323ms
 ✓ src/RevisionHistory.independent-audit.test.tsx (3 tests) 246ms
 ✓ src/AuditColdStorage.test.ts (4 tests) 36ms
 ✓ src/experimental/VoiceDirectionPanel.continuation.test.tsx (3 tests) 262ms
 ✓ src/experimental/EmbeddingPanel.hybrid.test.tsx (2 tests) 357ms
   ✓ uses the hybrid endpoint with captured index version and preserves conflict input 305ms
 ✓ src/novel/GenerationWorkflowTimeline.test.tsx (7 tests) 150ms
 ✓ src/experimental/DeferredExperimentalWorkbench.test.tsx (2 tests) 138ms
 ✓ src/AppWorldSummary.test.tsx (3 tests) 502ms
   ✓ shows and edits the same world_summary owner used by an adopted model proposal 351ms
 ✓ src/novel/ImageQueuePanel.test.tsx (2 tests) 232ms
 ✓ src/ui/ModuleWorkspaceRoutes.test.tsx (7 tests) 393ms
 ✓ src/StorySearchNavigation.test.tsx (1 test) 108ms
 ✓ src/novel/ContinuityCheckPanel.test.tsx (2 tests) 156ms
 ✓ src/novel/DirectorShotCard.test.tsx (4 tests) 198ms
 ✓ src/localAiDiscoveryApi.test.ts (3 tests) 9ms
 ✓ src/experimental/InboxPanel.findings.test.tsx (2 tests) 605ms
   ✓ filters original finding/Canon domains and honestly presents formal navigation metadata without generic approval 503ms
 ✓ src/novel/ScreenplayPipelinePanel.test.tsx (3 tests) 138ms
 ✓ src/experimental/ModelBenchmarkPanel.continuation.test.tsx (1 test) 314ms
   ✓ keeps catalog claims distinct and requires explicit bounded user-verification review 313ms
 ✓ src/experimental/ProductionLineagePanel.continuation.test.tsx (2 tests) 270ms
 ✓ src/novel/RuntimeDiagnostics.test.tsx (3 tests) 123ms
 ✓ src/novel/AgentQueuePanel.test.tsx (2 tests) 245ms
 ✓ src/novel/AudioGenerationPanel.test.tsx (2 tests) 383ms
   ✓ exposes non-TTS audio capabilities and submits with project scope 319ms
 ✓ src/ui/taskSummary.test.ts (4 tests) 8ms
 ✓ src/novel/AuthorRequestControls.test.tsx (2 tests) 202ms
 ✓ src/ui/AiControlCenter.test.tsx (1 test) 121ms
 ✓ src/novel/VideoTaskInspector.test.tsx (3 tests) 131ms
 ✓ src/novel/GenerationRecoveryPicker.test.tsx (2 tests) 239ms
 ✓ src/experimental/shared.test.tsx (2 tests) 119ms
 ✓ src/interop/entryScopeReview.test.tsx (1 test) 229ms
 ✓ src/novel/NovelOverviewPanel.test.tsx (1 test) 71ms
 ✓ src/generationRecovery.test.ts (3 tests) 4ms
 ✓ src/novel/StoryPlanningWorkspace.test.tsx (2 tests) 141ms
 ✓ src/experimental/InteractiveStoryHistory.test.tsx (1 test) 126ms
 ✓ src/interop/entry.test.tsx (1 test) 128ms
 ✓ src/workspaceSelection.test.ts (3 tests) 3ms
 ✓ src/novel/AgentActivityCenter.test.tsx (2 tests) 126ms
 ✓ src/novel/AssetInspector.test.tsx (2 tests) 152ms
 ✓ src/novel/MotionPrivacyPanel.test.tsx (1 test) 132ms
 ✓ src/localAiEnvironmentApi.test.ts (2 tests) 34ms
 ✓ src/novel/ConstraintImportPreview.test.tsx (2 tests) 63ms
 ✓ src/ui/AuthorTerminology.test.tsx (2 tests) 20ms
 ✓ src/novel/VideoAssemblyPanel.test.tsx (1 test) 155ms
 ✓ src/novel/SceneEditor.test.tsx (1 test) 188ms
 ✓ src/novel/ScreenplayPanel.motion-binding.test.ts (2 tests) 5ms
 ✓ src/novel/AgentResultReview.test.tsx (2 tests) 116ms
 ✓ src/experimental/revisionLocks.test.ts (2 tests) 57ms
 ✓ src/experimental/WorldPanel.test.tsx (1 test) 190ms
 ✓ src/novel/ForeshadowingEditor.test.tsx (1 test) 166ms
 ✓ src/novel/useMultimodalBindingManifest.test.ts (2 tests) 17ms
 ✓ src/novel/StoryDatabase.test.tsx (2 tests) 151ms
 ✓ src/novel/ImageTaskInspector.test.tsx (2 tests) 82ms
 ✓ src/novel/VisualContextPanel.test.tsx (2 tests) 114ms
 ✓ src/novel/StoryRecordNavigation.test.tsx (2 tests) 232ms
 ✓ src/novel/RelationshipEditor.test.tsx (1 test) 174ms
 ✓ src/novel/TimelineEditor.test.tsx (1 test) 108ms
 ✓ src/novel/OutlineEditor.test.tsx (1 test) 104ms
 ✓ src/novel/WorkflowPanel.independent-audit.test.tsx (1 test) 74ms
 ✓ src/novel/AudioTaskInspector.test.tsx (2 tests) 101ms
 ✓ src/novel/StoryRouteEditor.test.tsx (1 test) 181ms
 ✓ src/novel/VolumeEditor.test.tsx (1 test) 167ms
 ✓ src/novel/CharacterEditor.test.tsx (1 test) 151ms
 ✓ src/ui/CapabilityRoadmapPanel.test.tsx (1 test) 62ms
 ✓ src/ui/CapabilityStatusCenter.test.tsx (1 test) 66ms
 ✓ src/novel/WorkflowInspector.test.tsx (2 tests) 180ms
 ✓ tests/r3FixtureLifecycle.test.ts (17 tests) 39ms
 ✓ src/novel/DirectorVoiceToolbar.test.tsx (1 test) 51ms
 ↓ tests/localInteropRealHost.test.ts (2 tests | 2 skipped)
 ✓ src/creative/client.test.ts (11 tests) 17ms
 ✓ src/novel/LocationEditor.test.tsx (1 test) 110ms
 ✓ src/interop/ChapterWireIdentity.test.ts (3 tests) 28ms
 ✓ src/novel/WorldSummaryEditor.test.tsx (1 test) 103ms
 ✓ src/novel/BindingManifestPanel.test.tsx (1 test) 55ms
 ✓ tests/workspaceResumeLayout.test.ts (5 tests) 4ms
 ✓ src/experimental/api.test.ts (5 tests) 19ms
 ✓ src/e2eDatabaseContract.test.ts (20 tests) 493ms
   ✓ E2E database environment contract > keeps the DSN out of Playwright commands and scopes each child environment 434ms
 ✓ src/collaborationGuards.test.ts (7 tests) 5ms
 ✓ src/packagedHost.test.ts (7 tests) 7ms
 ✓ src/contracts.test.ts (7 tests) 29ms
 ✓ src/productLanguage.test.ts (4 tests) 8ms
 ✓ src/novel/AdaptationRouteMatching.test.ts (1 test) 5ms
 ✓ tests/localInteropLayout.test.ts (3 tests) 4ms
 ✓ src/experimental/api.surface-flags.test.ts (4 tests) 10ms
 ✓ src/novel/ChapterTree.css.test.ts (4 tests) 3ms
 ✓ src/ui/FeatureLauncher.css.test.ts (3 tests) 3ms
 ✓ src/novel/firstUseClient.test.ts (2 tests) 17ms
 ✓ tests/writingGoalLayout.test.ts (4 tests) 3ms
 ✓ tests/uiContracts.test.ts (5 tests) 3ms
 ✓ src/novel/findingReviewClient.test.ts (2 tests) 11ms
 ✓ src/novel/importRecovery.test.ts (2 tests) 7ms
 ✓ src/ui/scopeLabels.test.ts (4 tests) 4ms
 ✓ src/Editor.typography.test.ts (3 tests) 4ms
 ✓ src/planningProjectApi.test.ts (1 test) 3ms
 ✓ src/experimental/writingFocus.layout.test.ts (1 test) 2ms
 ✓ src/sourcePrivacyApi.test.ts (1 test) 3ms
 ✓ src/novel/MotionTaskBatchControls.test.ts (1 test) 5ms
 ✓ src/novel/FountainParser.test.ts (21 tests) 1456ms
 ✓ src/generationVariants.test.ts (7 tests) 4ms
 ✓ src/App.test.tsx (12 tests) 10ms

 Test Files  233 passed | 2 skipped (235)
      Tests  1554 passed | 8 skipped (1562)
   Start at  22:03:59
   Duration  54.05s (transform 14.32s, setup 0ms, collect 81.79s, tests 151.04s, environment 109.48s, prepare 21.34s)

JUNIT report written to /workspace/scratch/b8734129d01d/AI-Novel-Studio/docs/delivery/v2-development/cloud-final-frontend.xml
