
 RUN  v2.1.9 /workspace/scratch/b8734129d01d/AI-Novel-Studio/frontend

 ✓ src/interop/LocalTutorIntegration.test.tsx (70 tests) 5687ms
 ✓ src/AppWorkspaceResume.test.tsx (33 tests) 4201ms
   ✓ reopens the saved chapter through current authority and applies original reading/split state only after explicit restore 309ms
 ✓ src/AuditGenerationScope.test.tsx (28 tests) 1132ms
 ✓ src/experimental/WorkspaceToolsPanel.test.tsx (30 tests) 2903ms
   ✓ real workspace tools UI > shows stale recovery choice and never jumps until explicit current-version approval 322ms
   ✓ deduplicates repeated resolves and only honors the reopened search request 436ms
 ✓ src/novel/StoryCoreRecordVersionEditor.test.tsx (59 tests) 1784ms
 ✓ src/ui/LocalAiDiscovery.test.tsx (24 tests) 314ms
 ✓ src/experimental/StorySimulatorPanel.test.tsx (14 tests) 4208ms
   ✓ reads only on opening; builds explicit bounded manual inputs with captured authority and normalized fact lines 572ms
   ✓ compares violations and hypotheses, saves only REVIEW once and navigates to the existing planning authority 378ms
   ✓ preserves editable drafts on failure and requires recovery before retry 458ms
   ✓ invalidates source-bound context immediately when the active chapter revision advances 325ms
   ✓ previews exact local character request, dispatches once with consent, then manually selects checked candidate 514ms
   ✓ invalidates scene context receipts and sends selected original scene with separate mind claims 392ms
 ✓ src/creative/CreativeWorkspace.test.tsx (19 tests) 3040ms
   ✓ creative workspace protected manuscript and request boundaries > exposes all five keyboard-accessible modes while the manuscript stays mounted 407ms
   ✓ creative workspace protected manuscript and request boundaries > creates once, saves again with the returned version, and preserves captured identity 363ms
 ✓ src/experimental/StyleReviewPanels.test.tsx (16 tests) 1277ms
 ✓ src/experimental/OfflineSyncPanel.test.tsx (11 tests) 1160ms
 ✓ src/experimental/DeclarativeTemplatePanels.test.tsx (8 tests) 1631ms
   ✓ uses real form contracts, explicit graph check and version-bound creation before separate execute and review 499ms
 ✓ src/AppRevisionHistory.test.tsx (23 tests) 954ms
 ✓ src/ui/ModelCenter.test.tsx (10 tests) 182ms
 ✓ src/experimental/WritingFocusPanel.test.tsx (13 tests) 1115ms
 ✓ src/AppDraftRecovery.test.tsx (21 tests) 2866ms
   ✓ suppresses autosave and manual submit throughout composition and submits after it ends 1107ms
   ✓ labels browser-offline drafts honestly and permits an explicit reachable local-backend save 1041ms
 ✓ src/novel/PluginManagerPanel.test.tsx (15 tests) 615ms
 ✓ src/experimental/ExperimentalWorkbench.test.tsx (14 tests) 773ms
 ✓ src/experimental/ModelBrokerPanel.test.tsx (9 tests) 1253ms
   ✓ captures actual scoped route preview and requires exact author receipt plus review before existing job dispatch 427ms
 ✓ src/ui/AppShell.test.tsx (19 tests) 374ms
 ✓ src/experimental/RevisionIntelligencePanel.test.tsx (10 tests) 1042ms
 ✓ src/novel/ImageGenerationPanel.test.tsx (10 tests) 415ms
 ✓ src/experimental/InteractiveStoryPanel.test.tsx (11 tests) 1264ms
   ✓ authors Unicode choices and typed variables then saves exact original IDs and scope 310ms
 ✓ src/novel/StoryRecordVersionEditor.test.tsx (14 tests) 603ms
 ✓ src/AppAuthorTaskNavigation.test.tsx (10 tests) 693ms
 ✓ src/experimental/ProductionLineagePanel.test.tsx (11 tests) 578ms
 ✓ src/novel/AuthorRequestPreviewPanel.test.tsx (11 tests) 437ms
 ✓ src/experimental/WriterRoomPanel.test.tsx (9 tests) 690ms
 ✓ src/experimental/ReaderSessionPanels.test.tsx (9 tests) 599ms
 ✓ src/experimental/MultilingualEditionsPanel.test.tsx (10 tests) 1001ms
   ✓ manual bilingual save→review→exact acceptance with RTL and no model calls 328ms
 ✓ src/novel/ResearchPanel.test.tsx (14 tests) 530ms
 ✓ src/experimental/SafeBatchesPanel.test.tsx (10 tests) 492ms
 ✓ src/novel/ScreenplayPanel.test.tsx (17 tests) 681ms
 ✓ src/experimental/ResearchLibraryPanel.test.tsx (10 tests) 1101ms
 ✓ src/manualPromptConsent.test.tsx (17 tests) 739ms
 ✓ src/experimental/StoryGraphPanel.test.tsx (8 tests) 885ms
 ✓ src/experimental/ComicLayoutsPanel.test.tsx (8 tests) 888ms
 ✓ src/experimental/Wave5TemplatesSdkComics.test.tsx (4 tests) 712ms
 ✓ src/creative/AIDirectorPanel.test.tsx (10 tests) 551ms
 ✓ src/experimental/ModelTaskReopen.test.tsx (16 tests) 1515ms
   ✓ 'simulator' reopens the exact receipt, handles missing/back and never replays 319ms
 ✓ src/novel/ExportPanel.test.tsx (12 tests) 1410ms
 ✓ src/experimental/ProjectForksPanel.test.tsx (6 tests) 436ms
 ✓ src/experimental/VoiceSubtitlePanels.test.tsx (7 tests) 563ms
 ✓ src/experimental/StyleAnalysisModelPanel.test.tsx (7 tests) 292ms
 ✓ src/experimental/LanguageTranslationPanel.test.tsx (5 tests) 875ms
   ✓ adoption updates visible saved draft while requiring separate submit and review 450ms
 ✓ src/experimental/ChangeImpactPanel.test.tsx (8 tests) 498ms
 ↓ src/experimental/ExperimentalWorkbench.http.test.tsx (6 tests | 6 skipped)
 ✓ src/experimental/StructuredForksPanel.test.tsx (7 tests) 373ms
 ✓ src/experimental/StructuredSearchNavigation.test.tsx (12 tests) 1500ms
   ✓ resolves organization with its exact original owner and original ID 344ms
 ✓ src/experimental/NarrativeJudgeContinuationPanels.test.tsx (6 tests) 348ms
 ✓ src/AppBrokerRecovery.test.tsx (4 tests) 521ms
 ✓ src/novel/AIPlanningPanel.project.test.tsx (11 tests) 514ms
 ✓ src/novel/LocalHostSessionPanel.test.tsx (9 tests) 283ms
 ✓ src/novel/EntryExperience.test.tsx (10 tests) 564ms
 ✓ src/novel/PluginInspector.test.tsx (8 tests) 210ms
 ✓ src/experimental/BranchManuscriptPanel.test.tsx (6 tests) 293ms
 ✓ src/novel/MultimodalDirectorWorkspace.test.tsx (11 tests) 715ms
 ✓ src/novel/AiWritingPanel.test.tsx (12 tests) 448ms
 ✓ src/novel/FirstUsePanel.test.tsx (8 tests) 290ms
 ✓ src/novel/WorkflowScopeGuards.test.tsx (20 tests) 438ms
 ✓ src/experimental/WorkspaceInteractionPanel.test.tsx (13 tests) 314ms
 ✓ src/experimental/MediaPanel.continuation.test.tsx (6 tests) 683ms
 ✓ src/experimental/AdapterReceiptProjection.test.tsx (8 tests) 388ms
 ✓ src/experimental/WorkspaceSearch.test.tsx (6 tests) 2381ms
   ✓ sends scoped filters, pages and a safe rebuild through the captured client 765ms
   ✓ does not search unfinished IME composition and submits the completed Chinese text 632ms
 ✓ src/experimental/MediaPanel.recovery.test.tsx (7 tests) 563ms
 ✓ src/novel/AuthorSourcePicker.test.tsx (5 tests) 485ms
 ✓ src/AppStorySourceNavigation.test.tsx (9 tests) 988ms
 ✓ src/interop/client.test.ts (10 tests) 17ms
 ✓ src/experimental/NarrativeJudgeModelPanel.test.tsx (6 tests) 182ms
 ✓ src/experimental/PortableProjectsPanel.maintenance.test.tsx (5 tests) 414ms
 ✓ src/novel/PendingCanonReviewPanel.test.tsx (7 tests) 449ms
 ✓ src/novel/StoryRecordLifecycle.test.tsx (20 tests) 1160ms
 ✓ src/WorkspaceAdminPanel.test.tsx (6 tests) 221ms
 ✓ src/novel/ScreenplayPanel.revision.test.tsx (5 tests) 416ms
 ✓ src/experimental/WorkflowInspectionPanel.test.tsx (6 tests) 373ms
 ✓ src/novel/AiContextPreviewPanel.test.tsx (6 tests) 206ms
 ✓ src/experimental/PortableProjectsPanel.test.tsx (5 tests) 307ms
 ✓ src/AppAdaptationNavigation.test.tsx (12 tests) 604ms
 ✓ src/novel/ExportPanel.scope.test.tsx (13 tests) 1093ms
 ✓ src/experimental/EmbeddingPanel.continuation.test.tsx (5 tests) 384ms
 ✓ src/AIEnvironmentSummary.test.tsx (7 tests) 157ms
 ✓ src/novel/FindingReviewPanel.test.tsx (5 tests) 359ms
 ✓ src/experimental/RegisteredMediaPanel.test.tsx (4 tests) 516ms
 ✓ src/novel/AdaptationPanel.test.tsx (6 tests) 410ms
 ✓ src/ConflictDialog.test.tsx (6 tests) 67ms
 ✓ src/novel/AIPlanningPanel.test.tsx (6 tests) 222ms
 ✓ src/novel/AudiobookManifestPanel.test.tsx (4 tests) 240ms
 ✓ src/experimental/RevisionComparisonModelPanel.test.tsx (4 tests) 159ms
 ✓ src/novel/CharacterAuthorPanel.test.tsx (3 tests) 296ms
 ✓ src/novel/AdaptationLifecycleControls.test.tsx (4 tests) 436ms
 ✓ src/novel/VideoTimeline.test.tsx (12 tests) 126ms
 ✓ src/novel/AiWritingVariants.test.tsx (6 tests) 302ms
 ✓ src/experimental/DirectorPanel.test.tsx (3 tests) 337ms
 ✓ src/novel/AuthorSourceItems.test.tsx (4 tests) 158ms
 ✓ src/novel/ExportPanel.recovery.test.tsx (4 tests) 522ms
   ✓ rediscovers the same durable job and snapshot after full remount and downloads it 302ms
 ✓ src/creative/DirectorModelControls.test.tsx (3 tests) 199ms
 ✓ src/experimental/TimelineExchangePanel.test.tsx (4 tests) 266ms
 ✓ src/drafts.test.ts (6 tests) 24ms
 ✓ src/experimental/PlanningPanel.recovery.test.tsx (2 tests) 538ms
   ✓ planning same-node version recovery > retains local edits after external change and only rebases through an explicit action 330ms
 ✓ src/interop/DesktopIntegrationDetails.test.tsx (19 tests) 268ms
 ✓ src/WorkspaceManagement.test.tsx (5 tests) 100ms
 ✓ src/AppProjectStory.test.tsx (4 tests) 546ms
 ✓ src/novel/AgentTeamPanel.additional.test.tsx (5 tests) 258ms
 ✓ src/experimental/TranslationMemoryPanel.test.tsx (4 tests) 163ms
 ✓ src/novel/MotionTaskWorkspace.test.tsx (5 tests) 166ms
 ✓ src/Editor.anchor.test.tsx (3 tests) 166ms
 ✓ src/novel/NovelImportPanel.test.tsx (3 tests) 84ms
 ✓ src/novel/VisualReferencePanel.test.tsx (3 tests) 206ms
 ✓ src/ui/MediaProviderSettings.test.tsx (3 tests) 128ms
 ✓ src/ui/FeatureLauncher.test.tsx (5 tests) 380ms
 ✓ src/RevisionPanel.test.tsx (4 tests) 88ms
 ✓ src/experimental/SharedUniversePanel.test.tsx (3 tests) 264ms
 ✓ src/experimental/ResearchLibraryPanel.continuation.test.tsx (3 tests) 578ms
 ✓ src/novel/ImageInfiniteCanvas.test.tsx (6 tests) 185ms
 ✓ src/novel/ChapterTree.accessibility.test.tsx (5 tests) 152ms
 ✓ src/creative/ProductionTimeline.test.tsx (4 tests) 227ms
 ✓ src/novel/VisualTextWorkflow.test.tsx (3 tests) 116ms
 ✓ src/novel/ChapterTree.test.tsx (5 tests) 216ms
 ✓ src/Editor.recovery.test.tsx (4 tests) 213ms
 ✓ src/experimental/TaskOwnerNavigation.continuation.test.tsx (4 tests) 165ms
 ✓ src/novel/DirectorShotList.test.tsx (6 tests) 133ms
 ✓ src/AppWritingGoalRecovery.test.tsx (4 tests) 222ms
 ✓ src/localHostSession.test.ts (6 tests) 11ms
 ✓ src/novel/useMultimodalWorkspacePersistence.test.ts (7 tests) 27ms
 ✓ src/PermissionManagement.test.tsx (3 tests) 60ms
 ✓ src/novel/CreationWorkbenchPanel.test.tsx (4 tests) 186ms
 ✓ src/novel/WorldTimelineView.test.tsx (3 tests) 148ms
 ✓ src/experimental/ExperimentalWorkbench.continuation.test.tsx (5 tests) 123ms
 ✓ src/novel/A43ChapterIdentity.test.tsx (2 tests) 182ms
 ✓ src/Editor.a43-rich.test.tsx (3 tests) 159ms
 ✓ src/ui/primitives.test.tsx (4 tests) 102ms
 ✓ src/novel/AssetLibraryPanel.test.tsx (4 tests) 286ms
 ✓ src/ui/SaveControls.test.tsx (5 tests) 36ms
 ✓ src/novel/ChapterTree.lifecycle.test.tsx (5 tests) 258ms
 ✓ src/novel/AgentTeamPanel.test.tsx (2 tests) 140ms
 ✓ src/novel/SourcePrivacyControl.test.tsx (2 tests) 111ms
 ✓ src/novel/WorkflowPanel.test.tsx (2 tests) 227ms
 ✓ src/novel/WorldRelationshipGraph.test.tsx (4 tests) 107ms
 ✓ src/novel/WorldBuildingDashboard.test.tsx (4 tests) 164ms
 ✓ src/RevisionHistory.independent-audit.test.tsx (3 tests) 123ms
 ✓ src/novel/SpeechSynthesisPanel.test.tsx (3 tests) 180ms
 ✓ src/AppWorldSummary.test.tsx (3 tests) 269ms
 ✓ src/experimental/VoiceDirectionPanel.continuation.test.tsx (3 tests) 144ms
 ✓ src/AuditColdStorage.test.ts (4 tests) 34ms
 ✓ src/experimental/EmbeddingPanel.hybrid.test.tsx (2 tests) 193ms
 ✓ src/novel/GenerationWorkflowTimeline.test.tsx (7 tests) 85ms
 ✓ src/ui/ModuleWorkspaceRoutes.test.tsx (7 tests) 184ms
 ✓ src/StorySearchNavigation.test.tsx (1 test) 104ms
 ✓ src/novel/ImageQueuePanel.test.tsx (2 tests) 180ms
 ✓ src/experimental/DeferredExperimentalWorkbench.test.tsx (2 tests) 110ms
 ✓ src/novel/ContinuityCheckPanel.test.tsx (2 tests) 129ms
 ✓ src/novel/DirectorShotCard.test.tsx (4 tests) 125ms
 ✓ src/experimental/InboxPanel.findings.test.tsx (2 tests) 212ms
 ✓ src/localAiDiscoveryApi.test.ts (3 tests) 7ms
 ✓ src/experimental/ProductionLineagePanel.continuation.test.tsx (2 tests) 203ms
 ✓ src/experimental/ModelBenchmarkPanel.continuation.test.tsx (1 test) 188ms
 ✓ src/novel/AgentQueuePanel.test.tsx (2 tests) 191ms
 ✓ src/novel/ScreenplayPipelinePanel.test.tsx (3 tests) 136ms
 ✓ src/novel/RuntimeDiagnostics.test.tsx (3 tests) 99ms
 ✓ src/novel/AudioGenerationPanel.test.tsx (2 tests) 192ms
 ✓ src/novel/AuthorRequestControls.test.tsx (2 tests) 113ms
 ✓ src/novel/VideoTaskInspector.test.tsx (3 tests) 118ms
 ✓ src/ui/AiControlCenter.test.tsx (1 test) 103ms
 ✓ src/ui/taskSummary.test.ts (4 tests) 5ms
 ✓ src/novel/GenerationRecoveryPicker.test.tsx (2 tests) 137ms
 ✓ src/interop/entryScopeReview.test.tsx (1 test) 156ms
 ✓ src/experimental/shared.test.tsx (2 tests) 78ms
 ✓ src/novel/NovelOverviewPanel.test.tsx (1 test) 65ms
 ✓ src/novel/StoryPlanningWorkspace.test.tsx (2 tests) 108ms
 ✓ src/generationRecovery.test.ts (3 tests) 4ms
 ✓ src/experimental/InteractiveStoryHistory.test.tsx (1 test) 102ms
 ✓ src/interop/entry.test.tsx (1 test) 121ms
 ✓ src/novel/AssetInspector.test.tsx (2 tests) 85ms
 ✓ src/novel/AgentActivityCenter.test.tsx (2 tests) 136ms
 ✓ src/workspaceSelection.test.ts (3 tests) 5ms
 ✓ src/novel/MotionPrivacyPanel.test.tsx (1 test) 92ms
 ✓ src/novel/ConstraintImportPreview.test.tsx (2 tests) 59ms
 ✓ src/localAiEnvironmentApi.test.ts (2 tests) 8ms
 ✓ src/novel/VideoAssemblyPanel.test.tsx (1 test) 115ms
 ✓ src/ui/AuthorTerminology.test.tsx (2 tests) 22ms
 ✓ src/novel/AgentResultReview.test.tsx (2 tests) 85ms
 ✓ src/novel/SceneEditor.test.tsx (1 test) 111ms
 ✓ src/experimental/WorldPanel.test.tsx (1 test) 168ms
 ✓ src/novel/ForeshadowingEditor.test.tsx (1 test) 133ms
 ✓ src/novel/ScreenplayPanel.motion-binding.test.ts (2 tests) 6ms
 ✓ src/experimental/revisionLocks.test.ts (2 tests) 54ms
 ✓ src/novel/useMultimodalBindingManifest.test.ts (2 tests) 20ms
 ✓ src/novel/StoryDatabase.test.tsx (2 tests) 94ms
 ✓ src/novel/ImageTaskInspector.test.tsx (2 tests) 85ms
 ✓ src/novel/StoryRecordNavigation.test.tsx (2 tests) 205ms
 ✓ src/novel/VisualContextPanel.test.tsx (2 tests) 98ms
 ✓ src/novel/RelationshipEditor.test.tsx (1 test) 128ms
 ✓ src/novel/TimelineEditor.test.tsx (1 test) 135ms
 ✓ src/novel/OutlineEditor.test.tsx (1 test) 125ms
 ✓ src/novel/AudioTaskInspector.test.tsx (2 tests) 67ms
 ✓ src/novel/WorkflowPanel.independent-audit.test.tsx (1 test) 48ms
 ✓ src/novel/StoryRouteEditor.test.tsx (1 test) 106ms
 ✓ src/novel/CharacterEditor.test.tsx (1 test) 116ms
 ✓ src/ui/CapabilityRoadmapPanel.test.tsx (1 test) 78ms
 ✓ src/novel/VolumeEditor.test.tsx (1 test) 124ms
 ✓ src/novel/WorkflowInspector.test.tsx (2 tests) 58ms
 ✓ src/ui/CapabilityStatusCenter.test.tsx (1 test) 45ms
 ✓ src/novel/LocationEditor.test.tsx (1 test) 102ms
 ✓ src/novel/DirectorVoiceToolbar.test.tsx (1 test) 28ms
 ✓ src/novel/BindingManifestPanel.test.tsx (1 test) 26ms
 ✓ src/novel/WorldSummaryEditor.test.tsx (1 test) 79ms
 ✓ tests/r3FixtureLifecycle.test.ts (17 tests) 22ms
 ↓ tests/localInteropRealHost.test.ts (2 tests | 2 skipped)
 ✓ src/creative/client.test.ts (11 tests) 10ms
 ✓ src/e2eDatabaseContract.test.ts (20 tests) 418ms
   ✓ E2E database environment contract > keeps the DSN out of Playwright commands and scopes each child environment 376ms
 ✓ src/interop/ChapterWireIdentity.test.ts (3 tests) 20ms
 ✓ src/experimental/api.test.ts (5 tests) 11ms
 ✓ src/novel/FountainParser.test.ts (21 tests) 1003ms
 ✓ tests/workspaceResumeLayout.test.ts (5 tests) 4ms
 ✓ src/App.test.tsx (12 tests) 10ms
 ✓ src/collaborationGuards.test.ts (7 tests) 5ms
 ✓ src/contracts.test.ts (7 tests) 9ms
 ✓ src/packagedHost.test.ts (7 tests) 6ms
 ✓ src/productLanguage.test.ts (4 tests) 3ms
 ✓ src/novel/AdaptationRouteMatching.test.ts (1 test) 5ms
 ✓ src/generationVariants.test.ts (7 tests) 4ms
 ✓ src/experimental/api.surface-flags.test.ts (4 tests) 9ms
 ✓ tests/localInteropLayout.test.ts (3 tests) 5ms
 ✓ src/ui/FeatureLauncher.css.test.ts (3 tests) 3ms
 ✓ src/novel/ChapterTree.css.test.ts (4 tests) 6ms
 ✓ src/novel/firstUseClient.test.ts (2 tests) 4ms
 ✓ src/creative/CreativeWorkbenchEntry.test.ts (2 tests) 3ms
 ✓ tests/writingGoalLayout.test.ts (4 tests) 3ms
 ✓ src/novel/findingReviewClient.test.ts (2 tests) 6ms
 ✓ tests/uiContracts.test.ts (5 tests) 3ms
 ✓ src/novel/importRecovery.test.ts (2 tests) 7ms
 ✓ src/ui/scopeLabels.test.ts (4 tests) 4ms
 ✓ src/Editor.typography.test.ts (3 tests) 3ms
 ✓ src/planningProjectApi.test.ts (1 test) 4ms
 ✓ src/sourcePrivacyApi.test.ts (1 test) 4ms
 ✓ src/experimental/writingFocus.layout.test.ts (1 test) 3ms
 ✓ src/novel/MotionTaskBatchControls.test.ts (1 test) 2ms

 Test Files  234 passed | 2 skipped (236)
      Tests  1556 passed | 8 skipped (1564)
   Start at  00:48:18
   Duration  128.33s (transform 7.84s, setup 0ms, collect 43.01s, tests 94.42s, environment 73.21s, prepare 13.08s)

JUNIT report written to /workspace/scratch/b8734129d01d/AI-Novel-Studio/docs/delivery/v2-development/cloud-v2-closeout-frontend.xml
