Command: git diff --check && node frontend/node_modules/typescript/bin/tsc --noEmit -p frontend/tsconfig.json && npm --prefix frontend run build && npm --prefix frontend run lint

Earlier streamed output: npm build started (tsc -b && vite build).

vite v6.4.3 building for production...
transforming...
✓ 2007 modules transformed.
rendering chunks...
computing gzip size...
dist/index.html                                   0.33 kB │ gzip:   0.19 kB
dist/assets/LocalTutorIntegration-Bg9pZcT3.css    2.93 kB │ gzip:   0.82 kB
dist/assets/style-6MlQLGa4.css                    3.79 kB │ gzip:   1.39 kB
dist/assets/ExperimentalWorkbench-kya-NcdA.css    4.16 kB │ gzip:   1.07 kB
dist/assets/index-Cj-tLRQ5.css                   32.29 kB │ gzip:   5.90 kB
dist/assets/App-B624_zvF.css                    136.06 kB │ gzip:  18.10 kB
dist/assets/Health-CZ8uPwlY.js                    0.99 kB │ gzip:   0.57 kB
dist/assets/index-jvxwnBNa.js                    30.10 kB │ gzip:   9.98 kB
dist/assets/LocalTutorIntegration-zStG_wsC.js    42.44 kB │ gzip:  13.79 kB
dist/assets/style-Bul4PUzB.js                    44.99 kB │ gzip:   8.37 kB
dist/assets/query-vendor-CUnTvSIi.js             45.60 kB │ gzip:  13.56 kB
dist/assets/react-vendor-D3pO_op5.js            142.98 kB │ gzip:  45.80 kB
dist/assets/editor-vendor-WoPbGn4i.js           307.09 kB │ gzip:  93.11 kB
dist/assets/ExperimentalWorkbench-DXJ_yjvf.js   647.28 kB │ gzip: 189.39 kB
dist/assets/App-CLhZMBmj.js                     775.04 kB │ gzip: 223.69 kB

(!) Some chunks are larger than 500 kB after minification. Consider:
- Using dynamic import() to code-split the application
- Use build.rollupOptions.output.manualChunks to improve chunking: https://rollupjs.org/configuration-options/#output-manualchunks
- Adjust chunk size limit for this warning via build.chunkSizeWarningLimit.
✓ built in 4.78s
npm notice
npm notice New major version of npm available! 11.9.0 -> 12.2.0
npm notice Changelog: https://github.com/npm/cli/releases/tag/v12.2.0
npm notice To update run: npm install -g npm@12.2.0
npm notice
npm warn Unknown env config "http-proxy". This will stop working in the next major version of npm.

> ai-novel-studio-ui@0.7.0 lint
> node ../scripts/check_ui_design_tokens.mjs

UI token guard PASS (42 files)
