2026-10-09T14:09:03.2783959Z Current runner version: '2.337.0'
2026-10-09T14:09:03.2809574Z ##[group]Runner Image Provisioner
2026-10-09T14:09:03.2810585Z Hosted Compute Agent
2026-10-09T14:09:03.2811225Z Version: 20261002.596
2026-10-09T14:09:03.2812264Z Commit: c3d12f3313a95f25162a1503be624f3b0617f8c0
2026-10-09T14:09:03.2813011Z Build Date: 2026-10-02T22:28:27Z
2026-10-09T14:09:03.2813673Z Worker ID: {cab9d9b0-43d8-4908-aff4-ba1b3147e1dd}
2026-10-09T14:09:03.2814441Z Region: westus
2026-10-09T14:09:03.2814969Z Cloud: Azure
2026-10-09T14:09:03.2815559Z ##[endgroup]
2026-10-09T14:09:03.2817478Z ##[group]Operating System
2026-10-09T14:09:03.2818135Z Ubuntu
2026-10-09T14:09:03.2818773Z 24.04.5
2026-10-09T14:09:03.2819317Z LTS
2026-10-09T14:09:03.2819861Z ##[endgroup]
2026-10-09T14:09:03.2820420Z ##[group]Runner Image
2026-10-09T14:09:03.2821007Z Image: ubuntu-24.04
2026-10-09T14:09:03.2821623Z Version: 20261004.327.1
2026-10-09T14:09:03.2822902Z Included Software: https://github.com/actions/runner-images/blob/ubuntu24/20261004.327/images/ubuntu/Ubuntu2404-Readme.md
2026-10-09T14:09:03.2824551Z Image Release: https://github.com/actions/runner-images/releases/tag/ubuntu24%2F20261004.327
2026-10-09T14:09:03.2825527Z ##[endgroup]
2026-10-09T14:09:03.2826999Z ##[group]GITHUB_TOKEN Permissions
2026-10-09T14:09:03.2829164Z Contents: read
2026-10-09T14:09:03.2829861Z Metadata: read
2026-10-09T14:09:03.2830420Z ##[endgroup]
2026-10-09T14:09:03.2832480Z Secret source: Actions
2026-10-09T14:09:03.2833594Z Cache mode: write
2026-10-09T14:09:03.2834283Z Prepare workflow directory
2026-10-09T14:09:03.3241946Z Prepare all required actions
2026-10-09T14:09:03.3291073Z Getting action download info
2026-10-09T14:09:03.6917297Z Download action repository 'actions/checkout@v4.2.2' (SHA:11bd71901bbe5b1630ceea73d27597364c9af683)
2026-10-09T14:09:03.8317952Z Download action repository 'actions/setup-python@v5.6.0' (SHA:a26af69be951a213d495a4c3e4e4022e16d87065)
2026-10-09T14:09:03.9085665Z Download action repository 'actions/download-artifact@v4.3.0' (SHA:d3f86a106a0bac45b974a628896c90dbdf5c8093)
2026-10-09T14:09:04.3228449Z Download action repository 'actions/upload-artifact@v4.6.2' (SHA:ea165f8d65b6e75b540449e92b4886f43607fa02)
2026-10-09T14:09:04.5475802Z Complete job name: Backend / file
2026-10-09T14:09:04.6333107Z ##[group]Run actions/checkout@v4.2.2
2026-10-09T14:09:04.6334103Z with:
2026-10-09T14:09:04.6334602Z   persist-credentials: false
2026-10-09T14:09:04.6335215Z   repository: 1785235376-blip/AI-Novel-Studio
2026-10-09T14:09:04.6339934Z   token: ***
2026-10-09T14:09:04.6340416Z   ssh-strict: true
2026-10-09T14:09:04.6340888Z   ssh-user: git
2026-10-09T14:09:04.6341332Z   clean: true
2026-10-09T14:09:04.6341812Z   sparse-checkout-cone-mode: true
2026-10-09T14:09:04.6342369Z   fetch-depth: 1
2026-10-09T14:09:04.6342830Z   fetch-tags: false
2026-10-09T14:09:04.6343300Z   show-progress: true
2026-10-09T14:09:04.6343787Z   lfs: false
2026-10-09T14:09:04.6344242Z   submodules: false
2026-10-09T14:09:04.6344716Z   set-safe-directory: true
2026-10-09T14:09:04.6345521Z env:
2026-10-09T14:09:04.6345973Z   MOCK_PROVIDER: true
2026-10-09T14:09:04.6346474Z   MOCK_STREAM_DELAY_MS: 0
2026-10-09T14:09:04.6347453Z   ENABLE_CLOUD: false
2026-10-09T14:09:04.6347986Z   CREDENTIAL_VAULT_BACKEND: memory
2026-10-09T14:09:04.6348643Z   CREDENTIAL_VAULT_ALLOW_MEMORY_FALLBACK: true
2026-10-09T14:09:04.6349288Z   PYTHONDONTWRITEBYTECODE: 1
2026-10-09T14:09:04.6349814Z   HF_HUB_OFFLINE: 1
2026-10-09T14:09:04.6350290Z   TRANSFORMERS_OFFLINE: 1
2026-10-09T14:09:04.6350787Z ##[endgroup]
2026-10-09T14:09:04.7366598Z Syncing repository: 1785235376-blip/AI-Novel-Studio
2026-10-09T14:09:04.7369386Z ##[group]Getting Git version info
2026-10-09T14:09:04.7370382Z Working directory is '/home/runner/work/AI-Novel-Studio/AI-Novel-Studio'
2026-10-09T14:09:04.7371613Z [command]/usr/bin/git version
2026-10-09T14:09:04.7429952Z git version 2.55.0
2026-10-09T14:09:04.7453931Z ##[endgroup]
2026-10-09T14:09:04.7481275Z Temporarily overriding HOME='/home/runner/work/_temp/2106a2ba-8c03-4418-82ee-010120a676f2' before making global git config changes
2026-10-09T14:09:04.7484437Z Adding repository directory to the temporary git global config as a safe directory
2026-10-09T14:09:04.7488413Z [command]/usr/bin/git config --global --add safe.directory /home/runner/work/AI-Novel-Studio/AI-Novel-Studio
2026-10-09T14:09:04.7541716Z Deleting the contents of '/home/runner/work/AI-Novel-Studio/AI-Novel-Studio'
2026-10-09T14:09:04.7547287Z ##[group]Initializing the repository
2026-10-09T14:09:04.7552783Z [command]/usr/bin/git init /home/runner/work/AI-Novel-Studio/AI-Novel-Studio
2026-10-09T14:09:04.7650801Z hint: Using 'master' as the name for the initial branch. This default branch name
2026-10-09T14:09:04.7652139Z hint: will change to "main" in Git 3.0. To configure the initial branch name
2026-10-09T14:09:04.7654240Z hint: to use in all of your new repositories, which will suppress this warning,
2026-10-09T14:09:04.7655870Z hint: call:
2026-10-09T14:09:04.7657076Z hint:
2026-10-09T14:09:04.7658272Z hint: 	git config --global init.defaultBranch <name>
2026-10-09T14:09:04.7659670Z hint:
2026-10-09T14:09:04.7660963Z hint: Names commonly chosen instead of 'master' are 'main', 'trunk' and
2026-10-09T14:09:04.7662962Z hint: 'development'. The just-created branch can be renamed via this command:
2026-10-09T14:09:04.7664470Z hint:
2026-10-09T14:09:04.7665363Z hint: 	git branch -m <name>
2026-10-09T14:09:04.7666467Z hint:
2026-10-09T14:09:04.7668202Z hint: Disable this message with "git config set advice.defaultBranchName false"
2026-10-09T14:09:04.7670547Z Initialized empty Git repository in /home/runner/work/AI-Novel-Studio/AI-Novel-Studio/.git/
2026-10-09T14:09:04.7676253Z [command]/usr/bin/git remote add origin https://github.com/1785235376-blip/AI-Novel-Studio
2026-10-09T14:09:04.7722040Z ##[endgroup]
2026-10-09T14:09:04.7723859Z ##[group]Disabling automatic garbage collection
2026-10-09T14:09:04.7725729Z [command]/usr/bin/git config --local gc.auto 0
2026-10-09T14:09:04.7762905Z ##[endgroup]
2026-10-09T14:09:04.7764544Z ##[group]Setting up auth
2026-10-09T14:09:04.7771904Z [command]/usr/bin/git config --local --name-only --get-regexp core\.sshCommand
2026-10-09T14:09:04.7807914Z [command]/usr/bin/git submodule foreach --recursive sh -c "git config --local --name-only --get-regexp 'core\.sshCommand' && git config --local --unset-all 'core.sshCommand' || :"
2026-10-09T14:09:04.8194117Z [command]/usr/bin/git config --local --name-only --get-regexp http\.https\:\/\/github\.com\/\.extraheader
2026-10-09T14:09:04.8241622Z [command]/usr/bin/git submodule foreach --recursive sh -c "git config --local --name-only --get-regexp 'http\.https\:\/\/github\.com\/\.extraheader' && git config --local --unset-all 'http.https://github.com/.extraheader' || :"
2026-10-09T14:09:04.8479743Z [command]/usr/bin/git config --local http.https://github.com/.extraheader AUTHORIZATION: basic ***
2026-10-09T14:09:04.8523504Z ##[endgroup]
2026-10-09T14:09:04.8525209Z ##[group]Fetching the repository
2026-10-09T14:09:04.8536030Z [command]/usr/bin/git -c protocol.version=2 fetch --no-tags --prune --no-recurse-submodules --depth=1 origin +57986cb13d452731baf82bbc242bfc79f9cfd145:refs/remotes/origin/feature/v2-narrative-platform
2026-10-09T14:09:11.4265791Z From https://github.com/1785235376-blip/AI-Novel-Studio
2026-10-09T14:09:11.4268283Z  * [new ref]         57986cb13d452731baf82bbc242bfc79f9cfd145 -> origin/feature/v2-narrative-platform
2026-10-09T14:09:11.4273266Z ##[endgroup]
2026-10-09T14:09:11.4274224Z ##[group]Determining the checkout info
2026-10-09T14:09:11.4277333Z ##[endgroup]
2026-10-09T14:09:11.4288835Z [command]/usr/bin/git sparse-checkout disable
2026-10-09T14:09:11.4359428Z [command]/usr/bin/git config --local --unset-all extensions.worktreeConfig
2026-10-09T14:09:11.4399978Z ##[group]Checking out the ref
2026-10-09T14:09:11.4410800Z [command]/usr/bin/git checkout --progress --force -B feature/v2-narrative-platform refs/remotes/origin/feature/v2-narrative-platform
2026-10-09T14:09:12.0839898Z Switched to a new branch 'feature/v2-narrative-platform'
2026-10-09T14:09:12.0867894Z branch 'feature/v2-narrative-platform' set up to track 'origin/feature/v2-narrative-platform'.
2026-10-09T14:09:12.0880461Z ##[endgroup]
2026-10-09T14:09:12.0931652Z [command]/usr/bin/git log -1 --format=%H
2026-10-09T14:09:12.0967463Z 57986cb13d452731baf82bbc242bfc79f9cfd145
2026-10-09T14:09:12.0977298Z ##[group]Removing auth
2026-10-09T14:09:12.0981865Z [command]/usr/bin/git config --local --name-only --get-regexp core\.sshCommand
2026-10-09T14:09:12.1017546Z [command]/usr/bin/git submodule foreach --recursive sh -c "git config --local --name-only --get-regexp 'core\.sshCommand' && git config --local --unset-all 'core.sshCommand' || :"
2026-10-09T14:09:12.1247802Z [command]/usr/bin/git config --local --name-only --get-regexp http\.https\:\/\/github\.com\/\.extraheader
2026-10-09T14:09:12.1282462Z http.https://github.com/.extraheader
2026-10-09T14:09:12.1292110Z [command]/usr/bin/git config --local --unset-all http.https://github.com/.extraheader
2026-10-09T14:09:12.1328558Z [command]/usr/bin/git submodule foreach --recursive sh -c "git config --local --name-only --get-regexp 'http\.https\:\/\/github\.com\/\.extraheader' && git config --local --unset-all 'http.https://github.com/.extraheader' || :"
2026-10-09T14:09:12.1550705Z ##[endgroup]
2026-10-09T14:09:12.1806964Z ##[group]Run actions/setup-python@v5.6.0
2026-10-09T14:09:12.1807311Z with:
2026-10-09T14:09:12.1807523Z   python-version: 3.12.9
2026-10-09T14:09:12.1807767Z   check-latest: false
2026-10-09T14:09:12.1810440Z   token: ***
2026-10-09T14:09:12.1810661Z   update-environment: true
2026-10-09T14:09:12.1810926Z   allow-prereleases: false
2026-10-09T14:09:12.1811194Z   freethreaded: false
2026-10-09T14:09:12.1811429Z env:
2026-10-09T14:09:12.1811620Z   MOCK_PROVIDER: true
2026-10-09T14:09:12.1811844Z   MOCK_STREAM_DELAY_MS: 0
2026-10-09T14:09:12.1812079Z   ENABLE_CLOUD: false
2026-10-09T14:09:12.1812310Z   CREDENTIAL_VAULT_BACKEND: memory
2026-10-09T14:09:12.1812610Z   CREDENTIAL_VAULT_ALLOW_MEMORY_FALLBACK: true
2026-10-09T14:09:12.1812948Z   PYTHONDONTWRITEBYTECODE: 1
2026-10-09T14:09:12.1813198Z   HF_HUB_OFFLINE: 1
2026-10-09T14:09:12.1813414Z   TRANSFORMERS_OFFLINE: 1
2026-10-09T14:09:12.1813652Z ##[endgroup]
2026-10-09T14:09:12.3155244Z ##[group]Installed versions
2026-10-09T14:09:12.3177125Z Version 3.12.9 was not found in the local cache
2026-10-09T14:09:12.3293052Z (node:2347) [DEP0040] DeprecationWarning: The `punycode` module is deprecated. Please use a userland alternative instead.
2026-10-09T14:09:12.3294610Z (Use `node --trace-deprecation ...` to show where the warning was created)
2026-10-09T14:09:13.0890937Z Version 3.12.9 is available for downloading
2026-10-09T14:09:13.0892750Z Download from "https://github.com/actions/python-versions/releases/download/3.12.9-13149478207/python-3.12.9-linux-24.04-x64.tar.gz"
2026-10-09T14:09:13.8830588Z Extract downloaded archive
2026-10-09T14:09:13.8990468Z [command]/usr/bin/tar xz --warning=no-unknown-keyword --overwrite -C /home/runner/work/_temp/7b54c0d5-4451-406d-b061-dbfad16a502b -f /home/runner/work/_temp/ab65c3db-1c2d-4b78-802a-98cc4866b76c
2026-10-09T14:09:15.9124304Z Execute installation script
2026-10-09T14:09:15.9248180Z Check if Python hostedtoolcache folder exist...
2026-10-09T14:09:15.9248835Z Create Python 3.12.9 folder
2026-10-09T14:09:15.9262936Z Copy Python binaries to hostedtoolcache folder
2026-10-09T14:09:16.4084883Z Create additional symlinks (Required for the UsePythonVersion Azure Pipelines task and the setup-python GitHub Action)
2026-10-09T14:09:16.4126590Z Upgrading pip...
2026-10-09T14:09:19.0644744Z Looking in links: /tmp/tmp84x0y56_
2026-10-09T14:09:19.0648490Z Requirement already satisfied: pip in /opt/hostedtoolcache/Python/3.12.9/x64/lib/python3.12/site-packages (24.3.1)
2026-10-09T14:09:21.0593676Z Collecting pip
2026-10-09T14:09:21.0897284Z Downloading pip-26.2.1-py3-none-any.whl.metadata (4.6 kB)
2026-10-09T14:09:21.0977349Z Downloading pip-26.2.1-py3-none-any.whl (1.8 MB)
2026-10-09T14:09:21.1399834Z ━━━━━━━━━━━━━━━━━━━━━━━━━━━━━━━━━━━━━━━━ 1.8/1.8 MB 82.3 MB/s eta 0:00:00
2026-10-09T14:09:21.1400633Z 
2026-10-09T14:09:21.1682007Z Installing collected packages: pip
2026-10-09T14:09:21.1688233Z Attempting uninstall: pip
2026-10-09T14:09:21.1706395Z Found existing installation: pip 24.3.1
2026-10-09T14:09:21.2068653Z Uninstalling pip-24.3.1:
2026-10-09T14:09:21.2126111Z Successfully uninstalled pip-24.3.1
2026-10-09T14:09:22.0723154Z Successfully installed pip-26.2.1
2026-10-09T14:09:22.1205808Z Create complete file
2026-10-09T14:09:22.1246143Z Successfully set up CPython (3.12.9)
2026-10-09T14:09:22.1248097Z ##[endgroup]
2026-10-09T14:09:22.1491828Z ##[group]Run test "$EXECUTION_RESULT" = success
2026-10-09T14:09:22.1492273Z [36;1mtest "$EXECUTION_RESULT" = success[0m
2026-10-09T14:09:22.1492584Z [36;1mtest "$TCP_RESULT" = success[0m
2026-10-09T14:09:22.1920694Z shell: /usr/bin/bash -e {0}
2026-10-09T14:09:22.1921011Z env:
2026-10-09T14:09:22.1921236Z   MOCK_PROVIDER: true
2026-10-09T14:09:22.1921499Z   MOCK_STREAM_DELAY_MS: 0
2026-10-09T14:09:22.1921774Z   ENABLE_CLOUD: false
2026-10-09T14:09:22.1922024Z   CREDENTIAL_VAULT_BACKEND: memory
2026-10-09T14:09:22.1922344Z   CREDENTIAL_VAULT_ALLOW_MEMORY_FALLBACK: true
2026-10-09T14:09:22.1922692Z   PYTHONDONTWRITEBYTECODE: 1
2026-10-09T14:09:22.1922956Z   HF_HUB_OFFLINE: 1
2026-10-09T14:09:22.1923187Z   TRANSFORMERS_OFFLINE: 1
2026-10-09T14:09:22.1923507Z   pythonLocation: /opt/hostedtoolcache/Python/3.12.9/x64
2026-10-09T14:09:22.1923991Z   PKG_CONFIG_PATH: /opt/hostedtoolcache/Python/3.12.9/x64/lib/pkgconfig
2026-10-09T14:09:22.1924520Z   Python_ROOT_DIR: /opt/hostedtoolcache/Python/3.12.9/x64
2026-10-09T14:09:22.1924953Z   Python2_ROOT_DIR: /opt/hostedtoolcache/Python/3.12.9/x64
2026-10-09T14:09:22.1925385Z   Python3_ROOT_DIR: /opt/hostedtoolcache/Python/3.12.9/x64
2026-10-09T14:09:22.1925810Z   LD_LIBRARY_PATH: /opt/hostedtoolcache/Python/3.12.9/x64/lib
2026-10-09T14:09:22.1926182Z   EXECUTION_RESULT: success
2026-10-09T14:09:22.1926436Z   TCP_RESULT: failure
2026-10-09T14:09:22.1926881Z ##[endgroup]
2026-10-09T14:09:22.2054570Z ##[error]Process completed with exit code 1.
2026-10-09T14:09:22.2210349Z Post job cleanup.
2026-10-09T14:09:22.3080673Z [command]/usr/bin/git version
2026-10-09T14:09:22.3126890Z git version 2.55.0
2026-10-09T14:09:22.3173255Z Temporarily overriding HOME='/home/runner/work/_temp/a4dbc79f-fd0f-43cb-ab99-16e1b1fce13c' before making global git config changes
2026-10-09T14:09:22.3174738Z Adding repository directory to the temporary git global config as a safe directory
2026-10-09T14:09:22.3180373Z [command]/usr/bin/git config --global --add safe.directory /home/runner/work/AI-Novel-Studio/AI-Novel-Studio
2026-10-09T14:09:22.3223041Z [command]/usr/bin/git config --local --name-only --get-regexp core\.sshCommand
2026-10-09T14:09:22.3262564Z [command]/usr/bin/git submodule foreach --recursive sh -c "git config --local --name-only --get-regexp 'core\.sshCommand' && git config --local --unset-all 'core.sshCommand' || :"
2026-10-09T14:09:22.3541194Z [command]/usr/bin/git config --local --name-only --get-regexp http\.https\:\/\/github\.com\/\.extraheader
2026-10-09T14:09:22.3586299Z [command]/usr/bin/git submodule foreach --recursive sh -c "git config --local --name-only --get-regexp 'http\.https\:\/\/github\.com\/\.extraheader' && git config --local --unset-all 'http.https://github.com/.extraheader' || :"
2026-10-09T14:09:22.4057618Z Cleaning up orphan processes
2026-10-09T14:09:22.4362311Z ##[warning]Node.js 20 is deprecated. The following actions target Node.js 20 but are being forced to run on Node.js 24: actions/checkout@v4.2.2, actions/setup-python@v5.6.0. For more information see: https://github.blog/changelog/2025-09-19-deprecation-of-node-20-on-github-actions-runners/
