2026-10-09T14:14:40.0629378Z Current runner version: '2.337.0'
2026-10-09T14:14:40.0653626Z ##[group]Runner Image Provisioner
2026-10-09T14:14:40.0654421Z Hosted Compute Agent
2026-10-09T14:14:40.0654969Z Version: 20261002.596
2026-10-09T14:14:40.0655583Z Commit: c3d12f3313a95f25162a1503be624f3b0617f8c0
2026-10-09T14:14:40.0656246Z Build Date: 2026-10-02T22:28:27Z
2026-10-09T14:14:40.0656881Z Worker ID: {bb3dbd3a-22c2-4f07-afd3-99260feb9aef}
2026-10-09T14:14:40.0657691Z Region: westus3
2026-10-09T14:14:40.0658223Z Cloud: Azure
2026-10-09T14:14:40.0658759Z ##[endgroup]
2026-10-09T14:14:40.0660158Z ##[group]Operating System
2026-10-09T14:14:40.0660758Z Ubuntu
2026-10-09T14:14:40.0661234Z 24.04.5
2026-10-09T14:14:40.0661718Z LTS
2026-10-09T14:14:40.0662219Z ##[endgroup]
2026-10-09T14:14:40.0662723Z ##[group]Runner Image
2026-10-09T14:14:40.0663255Z Image: ubuntu-24.04
2026-10-09T14:14:40.0663791Z Version: 20261004.327.1
2026-10-09T14:14:40.0665021Z Included Software: https://github.com/actions/runner-images/blob/ubuntu24/20261004.327/images/ubuntu/Ubuntu2404-Readme.md
2026-10-09T14:14:40.0666534Z Image Release: https://github.com/actions/runner-images/releases/tag/ubuntu24%2F20261004.327
2026-10-09T14:14:40.0667571Z ##[endgroup]
2026-10-09T14:14:40.0668668Z ##[group]GITHUB_TOKEN Permissions
2026-10-09T14:14:40.0670649Z Contents: read
2026-10-09T14:14:40.0671253Z Metadata: read
2026-10-09T14:14:40.0671772Z ##[endgroup]
2026-10-09T14:14:40.0674218Z Secret source: Actions
2026-10-09T14:14:40.0675089Z Cache mode: write
2026-10-09T14:14:40.0675730Z Prepare workflow directory
2026-10-09T14:14:40.1036829Z Prepare all required actions
2026-10-09T14:14:40.1086785Z Getting action download info
2026-10-09T14:14:40.4496407Z Download action repository 'actions/checkout@v4.2.2' (SHA:11bd71901bbe5b1630ceea73d27597364c9af683)
2026-10-09T14:14:40.5381676Z Download action repository 'actions/setup-python@v5.6.0' (SHA:a26af69be951a213d495a4c3e4e4022e16d87065)
2026-10-09T14:14:40.6055578Z Download action repository 'actions/download-artifact@v4.3.0' (SHA:d3f86a106a0bac45b974a628896c90dbdf5c8093)
2026-10-09T14:14:41.2820326Z Download action repository 'actions/upload-artifact@v4.6.2' (SHA:ea165f8d65b6e75b540449e92b4886f43607fa02)
2026-10-09T14:14:41.4851932Z Complete job name: Backend / postgres
2026-10-09T14:14:41.5588598Z ##[group]Run actions/checkout@v4.2.2
2026-10-09T14:14:41.5589610Z with:
2026-10-09T14:14:41.5590124Z   persist-credentials: false
2026-10-09T14:14:41.5590747Z   repository: 1785235376-blip/AI-Novel-Studio
2026-10-09T14:14:41.5595176Z   token: ***
2026-10-09T14:14:41.5595659Z   ssh-strict: true
2026-10-09T14:14:41.5596157Z   ssh-user: git
2026-10-09T14:14:41.5596649Z   clean: true
2026-10-09T14:14:41.5597156Z   sparse-checkout-cone-mode: true
2026-10-09T14:14:41.5597961Z   fetch-depth: 1
2026-10-09T14:14:41.5598460Z   fetch-tags: false
2026-10-09T14:14:41.5598968Z   show-progress: true
2026-10-09T14:14:41.5599493Z   lfs: false
2026-10-09T14:14:41.5599978Z   submodules: false
2026-10-09T14:14:41.5600488Z   set-safe-directory: true
2026-10-09T14:14:41.5601319Z env:
2026-10-09T14:14:41.5601788Z   MOCK_PROVIDER: true
2026-10-09T14:14:41.5602313Z   MOCK_STREAM_DELAY_MS: 0
2026-10-09T14:14:41.5602853Z   ENABLE_CLOUD: false
2026-10-09T14:14:41.5603395Z   CREDENTIAL_VAULT_BACKEND: memory
2026-10-09T14:14:41.5604078Z   CREDENTIAL_VAULT_ALLOW_MEMORY_FALLBACK: true
2026-10-09T14:14:41.5604763Z   PYTHONDONTWRITEBYTECODE: 1
2026-10-09T14:14:41.5605321Z   HF_HUB_OFFLINE: 1
2026-10-09T14:14:41.5605819Z   TRANSFORMERS_OFFLINE: 1
2026-10-09T14:14:41.5606342Z ##[endgroup]
2026-10-09T14:14:41.6679536Z Syncing repository: 1785235376-blip/AI-Novel-Studio
2026-10-09T14:14:41.6683017Z ##[group]Getting Git version info
2026-10-09T14:14:41.6684662Z Working directory is '/home/runner/work/AI-Novel-Studio/AI-Novel-Studio'
2026-10-09T14:14:41.6687132Z [command]/usr/bin/git version
2026-10-09T14:14:41.6695900Z git version 2.55.0
2026-10-09T14:14:41.6716606Z ##[endgroup]
2026-10-09T14:14:41.6730911Z Temporarily overriding HOME='/home/runner/work/_temp/0ab763c0-a475-4998-8df4-39ea53f13fdb' before making global git config changes
2026-10-09T14:14:41.6734394Z Adding repository directory to the temporary git global config as a safe directory
2026-10-09T14:14:41.6737664Z [command]/usr/bin/git config --global --add safe.directory /home/runner/work/AI-Novel-Studio/AI-Novel-Studio
2026-10-09T14:14:41.6786106Z Deleting the contents of '/home/runner/work/AI-Novel-Studio/AI-Novel-Studio'
2026-10-09T14:14:41.6791033Z ##[group]Initializing the repository
2026-10-09T14:14:41.6797160Z [command]/usr/bin/git init /home/runner/work/AI-Novel-Studio/AI-Novel-Studio
2026-10-09T14:14:41.6901791Z hint: Using 'master' as the name for the initial branch. This default branch name
2026-10-09T14:14:41.6904719Z hint: will change to "main" in Git 3.0. To configure the initial branch name
2026-10-09T14:14:41.6907050Z hint: to use in all of your new repositories, which will suppress this warning,
2026-10-09T14:14:41.6909099Z hint: call:
2026-10-09T14:14:41.6910168Z hint:
2026-10-09T14:14:41.6911485Z hint: 	git config --global init.defaultBranch <name>
2026-10-09T14:14:41.6913005Z hint:
2026-10-09T14:14:41.6914630Z hint: Names commonly chosen instead of 'master' are 'main', 'trunk' and
2026-10-09T14:14:41.6916900Z hint: 'development'. The just-created branch can be renamed via this command:
2026-10-09T14:14:41.6918928Z hint:
2026-10-09T14:14:41.6921197Z hint: 	git branch -m <name>
2026-10-09T14:14:41.6922316Z hint:
2026-10-09T14:14:41.6923969Z hint: Disable this message with "git config set advice.defaultBranchName false"
2026-10-09T14:14:41.6926312Z Initialized empty Git repository in /home/runner/work/AI-Novel-Studio/AI-Novel-Studio/.git/
2026-10-09T14:14:41.6930512Z [command]/usr/bin/git remote add origin https://github.com/1785235376-blip/AI-Novel-Studio
2026-10-09T14:14:41.6966748Z ##[endgroup]
2026-10-09T14:14:41.6968547Z ##[group]Disabling automatic garbage collection
2026-10-09T14:14:41.6970766Z [command]/usr/bin/git config --local gc.auto 0
2026-10-09T14:14:41.7003163Z ##[endgroup]
2026-10-09T14:14:41.7005666Z ##[group]Setting up auth
2026-10-09T14:14:41.7011801Z [command]/usr/bin/git config --local --name-only --get-regexp core\.sshCommand
2026-10-09T14:14:41.7044382Z [command]/usr/bin/git submodule foreach --recursive sh -c "git config --local --name-only --get-regexp 'core\.sshCommand' && git config --local --unset-all 'core.sshCommand' || :"
2026-10-09T14:14:41.7357331Z [command]/usr/bin/git config --local --name-only --get-regexp http\.https\:\/\/github\.com\/\.extraheader
2026-10-09T14:14:41.7401741Z [command]/usr/bin/git submodule foreach --recursive sh -c "git config --local --name-only --get-regexp 'http\.https\:\/\/github\.com\/\.extraheader' && git config --local --unset-all 'http.https://github.com/.extraheader' || :"
2026-10-09T14:14:41.7612519Z [command]/usr/bin/git config --local http.https://github.com/.extraheader AUTHORIZATION: basic ***
2026-10-09T14:14:41.7649332Z ##[endgroup]
2026-10-09T14:14:41.7651038Z ##[group]Fetching the repository
2026-10-09T14:14:41.7661022Z [command]/usr/bin/git -c protocol.version=2 fetch --no-tags --prune --no-recurse-submodules --depth=1 origin +2815d03ac31b3e132453f6b9ad63eff777269468:refs/remotes/pull/47/merge
2026-10-09T14:14:46.0187512Z From https://github.com/1785235376-blip/AI-Novel-Studio
2026-10-09T14:14:46.0190630Z  * [new ref]         2815d03ac31b3e132453f6b9ad63eff777269468 -> pull/47/merge
2026-10-09T14:14:46.0195191Z ##[endgroup]
2026-10-09T14:14:46.0196955Z ##[group]Determining the checkout info
2026-10-09T14:14:46.0199163Z ##[endgroup]
2026-10-09T14:14:46.0200359Z [command]/usr/bin/git sparse-checkout disable
2026-10-09T14:14:46.0242364Z [command]/usr/bin/git config --local --unset-all extensions.worktreeConfig
2026-10-09T14:14:46.0270838Z ##[group]Checking out the ref
2026-10-09T14:14:46.0272926Z [command]/usr/bin/git checkout --progress --force refs/remotes/pull/47/merge
2026-10-09T14:14:46.5709675Z Note: switching to 'refs/remotes/pull/47/merge'.
2026-10-09T14:14:46.5710247Z 
2026-10-09T14:14:46.5710634Z You are in 'detached HEAD' state. You can look around, make experimental
2026-10-09T14:14:46.5712010Z changes and commit them, and you can discard any commits you make in this
2026-10-09T14:14:46.5713000Z state without impacting any branches by switching back to a branch.
2026-10-09T14:14:46.5713618Z 
2026-10-09T14:14:46.5714039Z If you want to create a new branch to retain commits you create, you may
2026-10-09T14:14:46.5714873Z do so (now or later) by using -c with the switch command. Example:
2026-10-09T14:14:46.5715350Z 
2026-10-09T14:14:46.5715566Z   git switch -c <new-branch-name>
2026-10-09T14:14:46.5715922Z 
2026-10-09T14:14:46.5716138Z Or undo this operation with:
2026-10-09T14:14:46.5716435Z 
2026-10-09T14:14:46.5716620Z   git switch -
2026-10-09T14:14:46.5716909Z 
2026-10-09T14:14:46.5717334Z Turn off this advice by setting config variable advice.detachedHead to false
2026-10-09T14:14:46.5718170Z 
2026-10-09T14:14:46.5718830Z HEAD is now at 2815d03 Merge 57986cb13d452731baf82bbc242bfc79f9cfd145 into fed2404c8e30b44061b7139dced45b7f3301601c
2026-10-09T14:14:46.5772581Z ##[endgroup]
2026-10-09T14:14:46.5776434Z [command]/usr/bin/git log -1 --format=%H
2026-10-09T14:14:46.5800173Z 2815d03ac31b3e132453f6b9ad63eff777269468
2026-10-09T14:14:46.5808869Z ##[group]Removing auth
2026-10-09T14:14:46.5813075Z [command]/usr/bin/git config --local --name-only --get-regexp core\.sshCommand
2026-10-09T14:14:46.5840414Z [command]/usr/bin/git submodule foreach --recursive sh -c "git config --local --name-only --get-regexp 'core\.sshCommand' && git config --local --unset-all 'core.sshCommand' || :"
2026-10-09T14:14:46.6019430Z [command]/usr/bin/git config --local --name-only --get-regexp http\.https\:\/\/github\.com\/\.extraheader
2026-10-09T14:14:46.6044654Z http.https://github.com/.extraheader
2026-10-09T14:14:46.6050872Z [command]/usr/bin/git config --local --unset-all http.https://github.com/.extraheader
2026-10-09T14:14:46.6080269Z [command]/usr/bin/git submodule foreach --recursive sh -c "git config --local --name-only --get-regexp 'http\.https\:\/\/github\.com\/\.extraheader' && git config --local --unset-all 'http.https://github.com/.extraheader' || :"
2026-10-09T14:14:46.6263190Z ##[endgroup]
2026-10-09T14:14:46.6553466Z ##[group]Run actions/setup-python@v5.6.0
2026-10-09T14:14:46.6553845Z with:
2026-10-09T14:14:46.6554111Z   python-version: 3.12.9
2026-10-09T14:14:46.6554401Z   check-latest: false
2026-10-09T14:14:46.6557267Z   token: ***
2026-10-09T14:14:46.6557666Z   update-environment: true
2026-10-09T14:14:46.6557970Z   allow-prereleases: false
2026-10-09T14:14:46.6558260Z   freethreaded: false
2026-10-09T14:14:46.6558525Z env:
2026-10-09T14:14:46.6558766Z   MOCK_PROVIDER: true
2026-10-09T14:14:46.6559031Z   MOCK_STREAM_DELAY_MS: 0
2026-10-09T14:14:46.6559306Z   ENABLE_CLOUD: false
2026-10-09T14:14:46.6559575Z   CREDENTIAL_VAULT_BACKEND: memory
2026-10-09T14:14:46.6559901Z   CREDENTIAL_VAULT_ALLOW_MEMORY_FALLBACK: true
2026-10-09T14:14:46.6560244Z   PYTHONDONTWRITEBYTECODE: 1
2026-10-09T14:14:46.6560525Z   HF_HUB_OFFLINE: 1
2026-10-09T14:14:46.6560780Z   TRANSFORMERS_OFFLINE: 1
2026-10-09T14:14:46.6561076Z ##[endgroup]
2026-10-09T14:14:46.7880082Z ##[group]Installed versions
2026-10-09T14:14:46.7898202Z Version 3.12.9 was not found in the local cache
2026-10-09T14:14:46.8005420Z (node:2346) [DEP0040] DeprecationWarning: The `punycode` module is deprecated. Please use a userland alternative instead.
2026-10-09T14:14:46.8006193Z (Use `node --trace-deprecation ...` to show where the warning was created)
2026-10-09T14:14:47.8998555Z Version 3.12.9 is available for downloading
2026-10-09T14:14:47.9000515Z Download from "https://github.com/actions/python-versions/releases/download/3.12.9-13149478207/python-3.12.9-linux-24.04-x64.tar.gz"
2026-10-09T14:14:48.5765251Z Extract downloaded archive
2026-10-09T14:14:48.5879566Z [command]/usr/bin/tar xz --warning=no-unknown-keyword --overwrite -C /home/runner/work/_temp/4a5ee335-69e3-4793-a2ce-d7dc116ab5c5 -f /home/runner/work/_temp/2a488707-a085-4263-8945-3eba5208028f
2026-10-09T14:14:50.5707562Z Execute installation script
2026-10-09T14:14:50.5785548Z Check if Python hostedtoolcache folder exist...
2026-10-09T14:14:50.5790554Z Create Python 3.12.9 folder
2026-10-09T14:14:50.5797131Z Copy Python binaries to hostedtoolcache folder
2026-10-09T14:14:50.8588191Z Create additional symlinks (Required for the UsePythonVersion Azure Pipelines task and the setup-python GitHub Action)
2026-10-09T14:14:50.8622600Z Upgrading pip...
2026-10-09T14:14:52.9586682Z Looking in links: /tmp/tmp0iati42f
2026-10-09T14:14:52.9590975Z Requirement already satisfied: pip in /opt/hostedtoolcache/Python/3.12.9/x64/lib/python3.12/site-packages (24.3.1)
2026-10-09T14:14:54.3402234Z Collecting pip
2026-10-09T14:14:54.3741973Z Downloading pip-26.2.1-py3-none-any.whl.metadata (4.6 kB)
2026-10-09T14:14:54.3823033Z Downloading pip-26.2.1-py3-none-any.whl (1.8 MB)
2026-10-09T14:14:54.4137198Z ━━━━━━━━━━━━━━━━━━━━━━━━━━━━━━━━━━━━━━━━ 1.8/1.8 MB 90.9 MB/s eta 0:00:00
2026-10-09T14:14:54.4137842Z 
2026-10-09T14:14:54.4338978Z Installing collected packages: pip
2026-10-09T14:14:54.4339554Z Attempting uninstall: pip
2026-10-09T14:14:54.4359740Z Found existing installation: pip 24.3.1
2026-10-09T14:14:54.4622195Z Uninstalling pip-24.3.1:
2026-10-09T14:14:54.4666909Z Successfully uninstalled pip-24.3.1
2026-10-09T14:14:55.2280264Z Successfully installed pip-26.2.1
2026-10-09T14:14:55.2903731Z Create complete file
2026-10-09T14:14:55.2941536Z Successfully set up CPython (3.12.9)
2026-10-09T14:14:55.2943084Z ##[endgroup]
2026-10-09T14:14:55.3081645Z ##[group]Run test "$EXECUTION_RESULT" = success
2026-10-09T14:14:55.3082056Z [36;1mtest "$EXECUTION_RESULT" = success[0m
2026-10-09T14:14:55.3082358Z [36;1mtest "$TCP_RESULT" = success[0m
2026-10-09T14:14:55.3254137Z shell: /usr/bin/bash -e {0}
2026-10-09T14:14:55.3254437Z env:
2026-10-09T14:14:55.3254655Z   MOCK_PROVIDER: true
2026-10-09T14:14:55.3254884Z   MOCK_STREAM_DELAY_MS: 0
2026-10-09T14:14:55.3255115Z   ENABLE_CLOUD: false
2026-10-09T14:14:55.3255343Z   CREDENTIAL_VAULT_BACKEND: memory
2026-10-09T14:14:55.3255633Z   CREDENTIAL_VAULT_ALLOW_MEMORY_FALLBACK: true
2026-10-09T14:14:55.3255956Z   PYTHONDONTWRITEBYTECODE: 1
2026-10-09T14:14:55.3256195Z   HF_HUB_OFFLINE: 1
2026-10-09T14:14:55.3256400Z   TRANSFORMERS_OFFLINE: 1
2026-10-09T14:14:55.3256689Z   pythonLocation: /opt/hostedtoolcache/Python/3.12.9/x64
2026-10-09T14:14:55.3257105Z   PKG_CONFIG_PATH: /opt/hostedtoolcache/Python/3.12.9/x64/lib/pkgconfig
2026-10-09T14:14:55.3257792Z   Python_ROOT_DIR: /opt/hostedtoolcache/Python/3.12.9/x64
2026-10-09T14:14:55.3258161Z   Python2_ROOT_DIR: /opt/hostedtoolcache/Python/3.12.9/x64
2026-10-09T14:14:55.3258573Z   Python3_ROOT_DIR: /opt/hostedtoolcache/Python/3.12.9/x64
2026-10-09T14:14:55.3258938Z   LD_LIBRARY_PATH: /opt/hostedtoolcache/Python/3.12.9/x64/lib
2026-10-09T14:14:55.3259263Z   EXECUTION_RESULT: cancelled
2026-10-09T14:14:55.3259499Z   TCP_RESULT: failure
2026-10-09T14:14:55.3259729Z ##[endgroup]
2026-10-09T14:14:55.3363710Z ##[error]Process completed with exit code 1.
2026-10-09T14:14:55.3512284Z Post job cleanup.
2026-10-09T14:14:55.4434783Z [command]/usr/bin/git version
2026-10-09T14:14:55.4473781Z git version 2.55.0
2026-10-09T14:14:55.4508927Z Temporarily overriding HOME='/home/runner/work/_temp/8295f265-eea6-48eb-864f-7e98b36df269' before making global git config changes
2026-10-09T14:14:55.4510643Z Adding repository directory to the temporary git global config as a safe directory
2026-10-09T14:14:55.4514338Z [command]/usr/bin/git config --global --add safe.directory /home/runner/work/AI-Novel-Studio/AI-Novel-Studio
2026-10-09T14:14:55.4551109Z [command]/usr/bin/git config --local --name-only --get-regexp core\.sshCommand
2026-10-09T14:14:55.4583304Z [command]/usr/bin/git submodule foreach --recursive sh -c "git config --local --name-only --get-regexp 'core\.sshCommand' && git config --local --unset-all 'core.sshCommand' || :"
2026-10-09T14:14:55.4799074Z [command]/usr/bin/git config --local --name-only --get-regexp http\.https\:\/\/github\.com\/\.extraheader
2026-10-09T14:14:55.4831634Z [command]/usr/bin/git submodule foreach --recursive sh -c "git config --local --name-only --get-regexp 'http\.https\:\/\/github\.com\/\.extraheader' && git config --local --unset-all 'http.https://github.com/.extraheader' || :"
2026-10-09T14:14:55.5222880Z Cleaning up orphan processes
2026-10-09T14:14:55.5438017Z ##[warning]Node.js 20 is deprecated. The following actions target Node.js 20 but are being forced to run on Node.js 24: actions/checkout@v4.2.2, actions/setup-python@v5.6.0. For more information see: https://github.blog/changelog/2025-09-19-deprecation-of-node-20-on-github-actions-runners/
