2026-10-09T14:14:40.2827894Z Current runner version: '2.337.0'
2026-10-09T14:14:40.2854586Z ##[group]Runner Image Provisioner
2026-10-09T14:14:40.2855491Z Hosted Compute Agent
2026-10-09T14:14:40.2856061Z Version: 20261002.596
2026-10-09T14:14:40.2856878Z Commit: c3d12f3313a95f25162a1503be624f3b0617f8c0
2026-10-09T14:14:40.2857617Z Build Date: 2026-10-02T22:28:27Z
2026-10-09T14:14:40.2858356Z Worker ID: {089f2e3a-58d3-4f10-ac08-d2b869ae70db}
2026-10-09T14:14:40.2859104Z Region: westus3
2026-10-09T14:14:40.2859642Z Cloud: Azure
2026-10-09T14:14:40.2860292Z ##[endgroup]
2026-10-09T14:14:40.2862002Z ##[group]Operating System
2026-10-09T14:14:40.2862734Z Ubuntu
2026-10-09T14:14:40.2863328Z 24.04.5
2026-10-09T14:14:40.2863849Z LTS
2026-10-09T14:14:40.2864471Z ##[endgroup]
2026-10-09T14:14:40.2865034Z ##[group]Runner Image
2026-10-09T14:14:40.2865679Z Image: ubuntu-24.04
2026-10-09T14:14:40.2866309Z Version: 20261004.327.1
2026-10-09T14:14:40.2867661Z Included Software: https://github.com/actions/runner-images/blob/ubuntu24/20261004.327/images/ubuntu/Ubuntu2404-Readme.md
2026-10-09T14:14:40.2869316Z Image Release: https://github.com/actions/runner-images/releases/tag/ubuntu24%2F20261004.327
2026-10-09T14:14:40.2870338Z ##[endgroup]
2026-10-09T14:14:40.2871798Z ##[group]GITHUB_TOKEN Permissions
2026-10-09T14:14:40.2873923Z Contents: read
2026-10-09T14:14:40.2874563Z Metadata: read
2026-10-09T14:14:40.2875125Z ##[endgroup]
2026-10-09T14:14:40.2877484Z Secret source: Actions
2026-10-09T14:14:40.2878449Z Cache mode: write
2026-10-09T14:14:40.2879231Z Prepare workflow directory
2026-10-09T14:14:40.3296253Z Prepare all required actions
2026-10-09T14:14:40.3345777Z Getting action download info
2026-10-09T14:14:40.6588337Z Download action repository 'actions/checkout@v4.2.2' (SHA:11bd71901bbe5b1630ceea73d27597364c9af683)
2026-10-09T14:14:40.7533300Z Download action repository 'actions/setup-python@v5.6.0' (SHA:a26af69be951a213d495a4c3e4e4022e16d87065)
2026-10-09T14:14:40.8402283Z Download action repository 'actions/download-artifact@v4.3.0' (SHA:d3f86a106a0bac45b974a628896c90dbdf5c8093)
2026-10-09T14:14:41.6069629Z Download action repository 'actions/upload-artifact@v4.6.2' (SHA:ea165f8d65b6e75b540449e92b4886f43607fa02)
2026-10-09T14:14:41.8509121Z Complete job name: Backend / file
2026-10-09T14:14:41.9578144Z ##[group]Run actions/checkout@v4.2.2
2026-10-09T14:14:41.9579755Z with:
2026-10-09T14:14:41.9580661Z   persist-credentials: false
2026-10-09T14:14:41.9582022Z   repository: 1785235376-blip/AI-Novel-Studio
2026-10-09T14:14:41.9590662Z   token: ***
2026-10-09T14:14:41.9591748Z   ssh-strict: true
2026-10-09T14:14:41.9592630Z   ssh-user: git
2026-10-09T14:14:41.9593483Z   clean: true
2026-10-09T14:14:41.9594380Z   sparse-checkout-cone-mode: true
2026-10-09T14:14:41.9595453Z   fetch-depth: 1
2026-10-09T14:14:41.9596323Z   fetch-tags: false
2026-10-09T14:14:41.9597232Z   show-progress: true
2026-10-09T14:14:41.9598149Z   lfs: false
2026-10-09T14:14:41.9599005Z   submodules: false
2026-10-09T14:14:41.9599912Z   set-safe-directory: true
2026-10-09T14:14:41.9601411Z env:
2026-10-09T14:14:41.9602244Z   MOCK_PROVIDER: true
2026-10-09T14:14:41.9603183Z   MOCK_STREAM_DELAY_MS: 0
2026-10-09T14:14:41.9604150Z   ENABLE_CLOUD: false
2026-10-09T14:14:41.9605109Z   CREDENTIAL_VAULT_BACKEND: memory
2026-10-09T14:14:41.9606325Z   CREDENTIAL_VAULT_ALLOW_MEMORY_FALLBACK: true
2026-10-09T14:14:41.9607571Z   PYTHONDONTWRITEBYTECODE: 1
2026-10-09T14:14:41.9608588Z   HF_HUB_OFFLINE: 1
2026-10-09T14:14:41.9609489Z   TRANSFORMERS_OFFLINE: 1
2026-10-09T14:14:41.9610428Z ##[endgroup]
2026-10-09T14:14:42.0863895Z Syncing repository: 1785235376-blip/AI-Novel-Studio
2026-10-09T14:14:42.0867406Z ##[group]Getting Git version info
2026-10-09T14:14:42.0869086Z Working directory is '/home/runner/work/AI-Novel-Studio/AI-Novel-Studio'
2026-10-09T14:14:42.0871986Z [command]/usr/bin/git version
2026-10-09T14:14:42.0873485Z git version 2.55.0
2026-10-09T14:14:42.0891337Z ##[endgroup]
2026-10-09T14:14:42.0909967Z Temporarily overriding HOME='/home/runner/work/_temp/efd413c0-6562-46f0-9867-433d928ad292' before making global git config changes
2026-10-09T14:14:42.0915676Z Adding repository directory to the temporary git global config as a safe directory
2026-10-09T14:14:42.0918503Z [command]/usr/bin/git config --global --add safe.directory /home/runner/work/AI-Novel-Studio/AI-Novel-Studio
2026-10-09T14:14:42.0997908Z Deleting the contents of '/home/runner/work/AI-Novel-Studio/AI-Novel-Studio'
2026-10-09T14:14:42.1002819Z ##[group]Initializing the repository
2026-10-09T14:14:42.1008600Z [command]/usr/bin/git init /home/runner/work/AI-Novel-Studio/AI-Novel-Studio
2026-10-09T14:14:42.1156125Z hint: Using 'master' as the name for the initial branch. This default branch name
2026-10-09T14:14:42.1160040Z hint: will change to "main" in Git 3.0. To configure the initial branch name
2026-10-09T14:14:42.1163543Z hint: to use in all of your new repositories, which will suppress this warning,
2026-10-09T14:14:42.1165295Z hint: call:
2026-10-09T14:14:42.1166096Z hint:
2026-10-09T14:14:42.1167106Z hint: 	git config --global init.defaultBranch <name>
2026-10-09T14:14:42.1168623Z hint:
2026-10-09T14:14:42.1169944Z hint: Names commonly chosen instead of 'master' are 'main', 'trunk' and
2026-10-09T14:14:42.1172662Z hint: 'development'. The just-created branch can be renamed via this command:
2026-10-09T14:14:42.1174177Z hint:
2026-10-09T14:14:42.1174999Z hint: 	git branch -m <name>
2026-10-09T14:14:42.1175938Z hint:
2026-10-09T14:14:42.1177218Z hint: Disable this message with "git config set advice.defaultBranchName false"
2026-10-09T14:14:42.1179328Z Initialized empty Git repository in /home/runner/work/AI-Novel-Studio/AI-Novel-Studio/.git/
2026-10-09T14:14:42.1193283Z [command]/usr/bin/git remote add origin https://github.com/1785235376-blip/AI-Novel-Studio
2026-10-09T14:14:42.1238358Z ##[endgroup]
2026-10-09T14:14:42.1239945Z ##[group]Disabling automatic garbage collection
2026-10-09T14:14:42.1244369Z [command]/usr/bin/git config --local gc.auto 0
2026-10-09T14:14:42.1284532Z ##[endgroup]
2026-10-09T14:14:42.1286006Z ##[group]Setting up auth
2026-10-09T14:14:42.1297122Z [command]/usr/bin/git config --local --name-only --get-regexp core\.sshCommand
2026-10-09T14:14:42.1350431Z [command]/usr/bin/git submodule foreach --recursive sh -c "git config --local --name-only --get-regexp 'core\.sshCommand' && git config --local --unset-all 'core.sshCommand' || :"
2026-10-09T14:14:42.1781582Z [command]/usr/bin/git config --local --name-only --get-regexp http\.https\:\/\/github\.com\/\.extraheader
2026-10-09T14:14:42.1823232Z [command]/usr/bin/git submodule foreach --recursive sh -c "git config --local --name-only --get-regexp 'http\.https\:\/\/github\.com\/\.extraheader' && git config --local --unset-all 'http.https://github.com/.extraheader' || :"
2026-10-09T14:14:42.2060579Z [command]/usr/bin/git config --local http.https://github.com/.extraheader AUTHORIZATION: basic ***
2026-10-09T14:14:42.2106655Z ##[endgroup]
2026-10-09T14:14:42.2108231Z ##[group]Fetching the repository
2026-10-09T14:14:42.2118004Z [command]/usr/bin/git -c protocol.version=2 fetch --no-tags --prune --no-recurse-submodules --depth=1 origin +2815d03ac31b3e132453f6b9ad63eff777269468:refs/remotes/pull/47/merge
2026-10-09T14:14:46.2418063Z From https://github.com/1785235376-blip/AI-Novel-Studio
2026-10-09T14:14:46.2420660Z  * [new ref]         2815d03ac31b3e132453f6b9ad63eff777269468 -> pull/47/merge
2026-10-09T14:14:46.2423992Z ##[endgroup]
2026-10-09T14:14:46.2424902Z ##[group]Determining the checkout info
2026-10-09T14:14:46.2433460Z ##[endgroup]
2026-10-09T14:14:46.2442234Z [command]/usr/bin/git sparse-checkout disable
2026-10-09T14:14:46.2488589Z [command]/usr/bin/git config --local --unset-all extensions.worktreeConfig
2026-10-09T14:14:46.2557684Z ##[group]Checking out the ref
2026-10-09T14:14:46.2561539Z [command]/usr/bin/git checkout --progress --force refs/remotes/pull/47/merge
2026-10-09T14:14:46.8749742Z Note: switching to 'refs/remotes/pull/47/merge'.
2026-10-09T14:14:46.8750331Z 
2026-10-09T14:14:46.8751024Z You are in 'detached HEAD' state. You can look around, make experimental
2026-10-09T14:14:46.8752627Z changes and commit them, and you can discard any commits you make in this
2026-10-09T14:14:46.8753606Z state without impacting any branches by switching back to a branch.
2026-10-09T14:14:46.8754257Z 
2026-10-09T14:14:46.8754672Z If you want to create a new branch to retain commits you create, you may
2026-10-09T14:14:46.8755523Z do so (now or later) by using -c with the switch command. Example:
2026-10-09T14:14:46.8756021Z 
2026-10-09T14:14:46.8756235Z   git switch -c <new-branch-name>
2026-10-09T14:14:46.8756583Z 
2026-10-09T14:14:46.8756816Z Or undo this operation with:
2026-10-09T14:14:46.8757137Z 
2026-10-09T14:14:46.8757327Z   git switch -
2026-10-09T14:14:46.8757593Z 
2026-10-09T14:14:46.8758016Z Turn off this advice by setting config variable advice.detachedHead to false
2026-10-09T14:14:46.8758624Z 
2026-10-09T14:14:46.8759278Z HEAD is now at 2815d03 Merge 57986cb13d452731baf82bbc242bfc79f9cfd145 into fed2404c8e30b44061b7139dced45b7f3301601c
2026-10-09T14:14:46.8786417Z ##[endgroup]
2026-10-09T14:14:46.8834055Z [command]/usr/bin/git log -1 --format=%H
2026-10-09T14:14:46.8862264Z 2815d03ac31b3e132453f6b9ad63eff777269468
2026-10-09T14:14:46.8872829Z ##[group]Removing auth
2026-10-09T14:14:46.8877604Z [command]/usr/bin/git config --local --name-only --get-regexp core\.sshCommand
2026-10-09T14:14:46.8913840Z [command]/usr/bin/git submodule foreach --recursive sh -c "git config --local --name-only --get-regexp 'core\.sshCommand' && git config --local --unset-all 'core.sshCommand' || :"
2026-10-09T14:14:46.9144742Z [command]/usr/bin/git config --local --name-only --get-regexp http\.https\:\/\/github\.com\/\.extraheader
2026-10-09T14:14:46.9174615Z http.https://github.com/.extraheader
2026-10-09T14:14:46.9183860Z [command]/usr/bin/git config --local --unset-all http.https://github.com/.extraheader
2026-10-09T14:14:46.9222165Z [command]/usr/bin/git submodule foreach --recursive sh -c "git config --local --name-only --get-regexp 'http\.https\:\/\/github\.com\/\.extraheader' && git config --local --unset-all 'http.https://github.com/.extraheader' || :"
2026-10-09T14:14:46.9450019Z ##[endgroup]
2026-10-09T14:14:46.9765504Z ##[group]Run actions/setup-python@v5.6.0
2026-10-09T14:14:46.9765895Z with:
2026-10-09T14:14:46.9766152Z   python-version: 3.12.9
2026-10-09T14:14:46.9766442Z   check-latest: false
2026-10-09T14:14:46.9768857Z   token: ***
2026-10-09T14:14:46.9769131Z   update-environment: true
2026-10-09T14:14:46.9769448Z   allow-prereleases: false
2026-10-09T14:14:46.9769738Z   freethreaded: false
2026-10-09T14:14:46.9769992Z env:
2026-10-09T14:14:46.9770229Z   MOCK_PROVIDER: true
2026-10-09T14:14:46.9770494Z   MOCK_STREAM_DELAY_MS: 0
2026-10-09T14:14:46.9771050Z   ENABLE_CLOUD: false
2026-10-09T14:14:46.9771364Z   CREDENTIAL_VAULT_BACKEND: memory
2026-10-09T14:14:46.9771701Z   CREDENTIAL_VAULT_ALLOW_MEMORY_FALLBACK: true
2026-10-09T14:14:46.9772062Z   PYTHONDONTWRITEBYTECODE: 1
2026-10-09T14:14:46.9772353Z   HF_HUB_OFFLINE: 1
2026-10-09T14:14:46.9772618Z   TRANSFORMERS_OFFLINE: 1
2026-10-09T14:14:46.9772922Z ##[endgroup]
2026-10-09T14:14:47.1134952Z ##[group]Installed versions
2026-10-09T14:14:47.1209865Z Version 3.12.9 was not found in the local cache
2026-10-09T14:14:47.1319320Z (node:2325) [DEP0040] DeprecationWarning: The `punycode` module is deprecated. Please use a userland alternative instead.
2026-10-09T14:14:47.1320622Z (Use `node --trace-deprecation ...` to show where the warning was created)
2026-10-09T14:14:48.3908713Z Version 3.12.9 is available for downloading
2026-10-09T14:14:48.3909389Z Download from "https://github.com/actions/python-versions/releases/download/3.12.9-13149478207/python-3.12.9-linux-24.04-x64.tar.gz"
2026-10-09T14:14:49.2155026Z Extract downloaded archive
2026-10-09T14:14:49.2287588Z [command]/usr/bin/tar xz --warning=no-unknown-keyword --overwrite -C /home/runner/work/_temp/c11c8a25-4f24-4159-a52e-8a6c01c873e3 -f /home/runner/work/_temp/56a8ec58-3f70-40aa-9392-128582dd4f58
2026-10-09T14:14:51.2585623Z Execute installation script
2026-10-09T14:14:51.2677485Z Check if Python hostedtoolcache folder exist...
2026-10-09T14:14:51.2678031Z Create Python 3.12.9 folder
2026-10-09T14:14:51.2694986Z Copy Python binaries to hostedtoolcache folder
2026-10-09T14:14:51.8261577Z Create additional symlinks (Required for the UsePythonVersion Azure Pipelines task and the setup-python GitHub Action)
2026-10-09T14:14:51.8321576Z Upgrading pip...
2026-10-09T14:14:54.2019902Z Looking in links: /tmp/tmpq2_ulsid
2026-10-09T14:14:54.2023859Z Requirement already satisfied: pip in /opt/hostedtoolcache/Python/3.12.9/x64/lib/python3.12/site-packages (24.3.1)
2026-10-09T14:14:55.7416669Z Collecting pip
2026-10-09T14:14:55.7746384Z Downloading pip-26.2.1-py3-none-any.whl.metadata (4.6 kB)
2026-10-09T14:14:55.7822841Z Downloading pip-26.2.1-py3-none-any.whl (1.8 MB)
2026-10-09T14:14:55.8319522Z ━━━━━━━━━━━━━━━━━━━━━━━━━━━━━━━━━━━━━━━━ 1.8/1.8 MB 58.8 MB/s eta 0:00:00
2026-10-09T14:14:55.8320362Z 
2026-10-09T14:14:55.8539622Z Installing collected packages: pip
2026-10-09T14:14:55.8540032Z Attempting uninstall: pip
2026-10-09T14:14:55.8561525Z Found existing installation: pip 24.3.1
2026-10-09T14:14:55.8932355Z Uninstalling pip-24.3.1:
2026-10-09T14:14:55.8989890Z Successfully uninstalled pip-24.3.1
2026-10-09T14:14:56.7974832Z Successfully installed pip-26.2.1
2026-10-09T14:14:56.8447371Z Create complete file
2026-10-09T14:14:56.8490747Z Successfully set up CPython (3.12.9)
2026-10-09T14:14:56.8492369Z ##[endgroup]
2026-10-09T14:14:56.8661777Z ##[group]Run test "$EXECUTION_RESULT" = success
2026-10-09T14:14:56.8662204Z [36;1mtest "$EXECUTION_RESULT" = success[0m
2026-10-09T14:14:56.8662519Z [36;1mtest "$TCP_RESULT" = success[0m
2026-10-09T14:14:56.8955807Z shell: /usr/bin/bash -e {0}
2026-10-09T14:14:56.8956138Z env:
2026-10-09T14:14:56.8956385Z   MOCK_PROVIDER: true
2026-10-09T14:14:56.8956675Z   MOCK_STREAM_DELAY_MS: 0
2026-10-09T14:14:56.8956970Z   ENABLE_CLOUD: false
2026-10-09T14:14:56.8957257Z   CREDENTIAL_VAULT_BACKEND: memory
2026-10-09T14:14:56.8957629Z   CREDENTIAL_VAULT_ALLOW_MEMORY_FALLBACK: true
2026-10-09T14:14:56.8958043Z   PYTHONDONTWRITEBYTECODE: 1
2026-10-09T14:14:56.8958356Z   HF_HUB_OFFLINE: 1
2026-10-09T14:14:56.8958618Z   TRANSFORMERS_OFFLINE: 1
2026-10-09T14:14:56.8958985Z   pythonLocation: /opt/hostedtoolcache/Python/3.12.9/x64
2026-10-09T14:14:56.8959529Z   PKG_CONFIG_PATH: /opt/hostedtoolcache/Python/3.12.9/x64/lib/pkgconfig
2026-10-09T14:14:56.8960104Z   Python_ROOT_DIR: /opt/hostedtoolcache/Python/3.12.9/x64
2026-10-09T14:14:56.8960585Z   Python2_ROOT_DIR: /opt/hostedtoolcache/Python/3.12.9/x64
2026-10-09T14:14:56.8961285Z   Python3_ROOT_DIR: /opt/hostedtoolcache/Python/3.12.9/x64
2026-10-09T14:14:56.8961767Z   LD_LIBRARY_PATH: /opt/hostedtoolcache/Python/3.12.9/x64/lib
2026-10-09T14:14:56.8962192Z   EXECUTION_RESULT: cancelled
2026-10-09T14:14:56.8962488Z   TCP_RESULT: failure
2026-10-09T14:14:56.8962770Z ##[endgroup]
2026-10-09T14:14:56.9087365Z ##[error]Process completed with exit code 1.
2026-10-09T14:14:56.9243552Z Post job cleanup.
2026-10-09T14:14:57.0119679Z [command]/usr/bin/git version
2026-10-09T14:14:57.0164589Z git version 2.55.0
2026-10-09T14:14:57.0208441Z Temporarily overriding HOME='/home/runner/work/_temp/c5ef2caf-c4aa-4dd6-a1fe-8992d306d9d5' before making global git config changes
2026-10-09T14:14:57.0209561Z Adding repository directory to the temporary git global config as a safe directory
2026-10-09T14:14:57.0214993Z [command]/usr/bin/git config --global --add safe.directory /home/runner/work/AI-Novel-Studio/AI-Novel-Studio
2026-10-09T14:14:57.0255127Z [command]/usr/bin/git config --local --name-only --get-regexp core\.sshCommand
2026-10-09T14:14:57.0293195Z [command]/usr/bin/git submodule foreach --recursive sh -c "git config --local --name-only --get-regexp 'core\.sshCommand' && git config --local --unset-all 'core.sshCommand' || :"
2026-10-09T14:14:57.0551204Z [command]/usr/bin/git config --local --name-only --get-regexp http\.https\:\/\/github\.com\/\.extraheader
2026-10-09T14:14:57.0589264Z [command]/usr/bin/git submodule foreach --recursive sh -c "git config --local --name-only --get-regexp 'http\.https\:\/\/github\.com\/\.extraheader' && git config --local --unset-all 'http.https://github.com/.extraheader' || :"
2026-10-09T14:14:57.1052002Z Cleaning up orphan processes
2026-10-09T14:14:57.1389776Z ##[warning]Node.js 20 is deprecated. The following actions target Node.js 20 but are being forced to run on Node.js 24: actions/checkout@v4.2.2, actions/setup-python@v5.6.0. For more information see: https://github.blog/changelog/2025-09-19-deprecation-of-node-20-on-github-actions-runners/
