2026-10-09T15:09:05.8901267Z Current runner version: '2.337.0'
2026-10-09T15:09:05.8923540Z ##[group]Runner Image Provisioner
2026-10-09T15:09:05.8924361Z Hosted Compute Agent
2026-10-09T15:09:05.8925227Z Version: 20261002.596
2026-10-09T15:09:05.8925852Z Commit: c3d12f3313a95f25162a1503be624f3b0617f8c0
2026-10-09T15:09:05.8926534Z Build Date: 2026-10-02T22:28:27Z
2026-10-09T15:09:05.8927345Z Worker ID: {a9f66561-5950-43ba-87c8-88f9cc8357fc}
2026-10-09T15:09:05.8928029Z Region: westus3
2026-10-09T15:09:05.8928522Z Cloud: Azure
2026-10-09T15:09:05.8929082Z ##[endgroup]
2026-10-09T15:09:05.8930432Z ##[group]Operating System
2026-10-09T15:09:05.8931103Z Ubuntu
2026-10-09T15:09:05.8931591Z 24.04.5
2026-10-09T15:09:05.8932071Z LTS
2026-10-09T15:09:05.8932581Z ##[endgroup]
2026-10-09T15:09:05.8933158Z ##[group]Runner Image
2026-10-09T15:09:05.8933728Z Image: ubuntu-24.04
2026-10-09T15:09:05.8934266Z Version: 20261004.327.1
2026-10-09T15:09:05.8935465Z Included Software: https://github.com/actions/runner-images/blob/ubuntu24/20261004.327/images/ubuntu/Ubuntu2404-Readme.md
2026-10-09T15:09:05.8936905Z Image Release: https://github.com/actions/runner-images/releases/tag/ubuntu24%2F20261004.327
2026-10-09T15:09:05.8937927Z ##[endgroup]
2026-10-09T15:09:05.8939006Z ##[group]GITHUB_TOKEN Permissions
2026-10-09T15:09:05.8941106Z Contents: read
2026-10-09T15:09:05.8941672Z Metadata: read
2026-10-09T15:09:05.8942209Z ##[endgroup]
2026-10-09T15:09:05.8944097Z Secret source: Actions
2026-10-09T15:09:05.8944943Z Cache mode: write
2026-10-09T15:09:05.8945592Z Prepare workflow directory
2026-10-09T15:09:05.9271228Z Prepare all required actions
2026-10-09T15:09:05.9317926Z Getting action download info
2026-10-09T15:09:06.2670220Z Download action repository 'actions/checkout@v4.2.2' (SHA:11bd71901bbe5b1630ceea73d27597364c9af683)
2026-10-09T15:09:06.3859425Z Download action repository 'actions/setup-python@v5.6.0' (SHA:a26af69be951a213d495a4c3e4e4022e16d87065)
2026-10-09T15:09:06.5032201Z Download action repository 'actions/download-artifact@v4.3.0' (SHA:d3f86a106a0bac45b974a628896c90dbdf5c8093)
2026-10-09T15:09:07.2733929Z Download action repository 'actions/upload-artifact@v4.6.2' (SHA:ea165f8d65b6e75b540449e92b4886f43607fa02)
2026-10-09T15:09:07.5526235Z Complete job name: Backend / file
2026-10-09T15:09:07.6170317Z ##[group]Run actions/checkout@v4.2.2
2026-10-09T15:09:07.6171073Z with:
2026-10-09T15:09:07.6171544Z   persist-credentials: false
2026-10-09T15:09:07.6172102Z   repository: 1785235376-blip/AI-Novel-Studio
2026-10-09T15:09:07.6175710Z   token: ***
2026-10-09T15:09:07.6176371Z   ssh-strict: true
2026-10-09T15:09:07.6176880Z   ssh-user: git
2026-10-09T15:09:07.6177456Z   clean: true
2026-10-09T15:09:07.6177932Z   sparse-checkout-cone-mode: true
2026-10-09T15:09:07.6178450Z   fetch-depth: 1
2026-10-09T15:09:07.6178927Z   fetch-tags: false
2026-10-09T15:09:07.6179382Z   show-progress: true
2026-10-09T15:09:07.6179819Z   lfs: false
2026-10-09T15:09:07.6180281Z   submodules: false
2026-10-09T15:09:07.6180733Z   set-safe-directory: true
2026-10-09T15:09:07.6181507Z env:
2026-10-09T15:09:07.6181921Z   MOCK_PROVIDER: true
2026-10-09T15:09:07.6182374Z   MOCK_STREAM_DELAY_MS: 0
2026-10-09T15:09:07.6182874Z   ENABLE_CLOUD: false
2026-10-09T15:09:07.6183338Z   CREDENTIAL_VAULT_BACKEND: memory
2026-10-09T15:09:07.6184022Z   CREDENTIAL_VAULT_ALLOW_MEMORY_FALLBACK: true
2026-10-09T15:09:07.6184607Z   PYTHONDONTWRITEBYTECODE: 1
2026-10-09T15:09:07.6185095Z   HF_HUB_OFFLINE: 1
2026-10-09T15:09:07.6185547Z   TRANSFORMERS_OFFLINE: 1
2026-10-09T15:09:07.6186032Z ##[endgroup]
2026-10-09T15:09:07.7151457Z Syncing repository: 1785235376-blip/AI-Novel-Studio
2026-10-09T15:09:07.7154141Z ##[group]Getting Git version info
2026-10-09T15:09:07.7155362Z Working directory is '/home/runner/work/AI-Novel-Studio/AI-Novel-Studio'
2026-10-09T15:09:07.7157301Z [command]/usr/bin/git version
2026-10-09T15:09:07.7196822Z git version 2.55.0
2026-10-09T15:09:07.7214125Z ##[endgroup]
2026-10-09T15:09:07.7227373Z Temporarily overriding HOME='/home/runner/work/_temp/0a8401dd-2ae1-4cbd-bda1-9e57bcbba405' before making global git config changes
2026-10-09T15:09:07.7229827Z Adding repository directory to the temporary git global config as a safe directory
2026-10-09T15:09:07.7232936Z [command]/usr/bin/git config --global --add safe.directory /home/runner/work/AI-Novel-Studio/AI-Novel-Studio
2026-10-09T15:09:07.7277158Z Deleting the contents of '/home/runner/work/AI-Novel-Studio/AI-Novel-Studio'
2026-10-09T15:09:07.7280889Z ##[group]Initializing the repository
2026-10-09T15:09:07.7283695Z [command]/usr/bin/git init /home/runner/work/AI-Novel-Studio/AI-Novel-Studio
2026-10-09T15:09:07.7387372Z hint: Using 'master' as the name for the initial branch. This default branch name
2026-10-09T15:09:07.7389102Z hint: will change to "main" in Git 3.0. To configure the initial branch name
2026-10-09T15:09:07.7390366Z hint: to use in all of your new repositories, which will suppress this warning,
2026-10-09T15:09:07.7391283Z hint: call:
2026-10-09T15:09:07.7391721Z hint:
2026-10-09T15:09:07.7392326Z hint: 	git config --global init.defaultBranch <name>
2026-10-09T15:09:07.7393008Z hint:
2026-10-09T15:09:07.7393590Z hint: Names commonly chosen instead of 'master' are 'main', 'trunk' and
2026-10-09T15:09:07.7394612Z hint: 'development'. The just-created branch can be renamed via this command:
2026-10-09T15:09:07.7395498Z hint:
2026-10-09T15:09:07.7396142Z hint: 	git branch -m <name>
2026-10-09T15:09:07.7396821Z hint:
2026-10-09T15:09:07.7397688Z hint: Disable this message with "git config set advice.defaultBranchName false"
2026-10-09T15:09:07.7398741Z Initialized empty Git repository in /home/runner/work/AI-Novel-Studio/AI-Novel-Studio/.git/
2026-10-09T15:09:07.7400648Z [command]/usr/bin/git remote add origin https://github.com/1785235376-blip/AI-Novel-Studio
2026-10-09T15:09:07.7451332Z ##[endgroup]
2026-10-09T15:09:07.7452170Z ##[group]Disabling automatic garbage collection
2026-10-09T15:09:07.7455143Z [command]/usr/bin/git config --local gc.auto 0
2026-10-09T15:09:07.7579433Z ##[endgroup]
2026-10-09T15:09:07.7580287Z ##[group]Setting up auth
2026-10-09T15:09:07.7587807Z [command]/usr/bin/git config --local --name-only --get-regexp core\.sshCommand
2026-10-09T15:09:07.7620231Z [command]/usr/bin/git submodule foreach --recursive sh -c "git config --local --name-only --get-regexp 'core\.sshCommand' && git config --local --unset-all 'core.sshCommand' || :"
2026-10-09T15:09:07.7949001Z [command]/usr/bin/git config --local --name-only --get-regexp http\.https\:\/\/github\.com\/\.extraheader
2026-10-09T15:09:07.7981074Z [command]/usr/bin/git submodule foreach --recursive sh -c "git config --local --name-only --get-regexp 'http\.https\:\/\/github\.com\/\.extraheader' && git config --local --unset-all 'http.https://github.com/.extraheader' || :"
2026-10-09T15:09:07.8151252Z [command]/usr/bin/git config --local http.https://github.com/.extraheader AUTHORIZATION: basic ***
2026-10-09T15:09:07.8183332Z ##[endgroup]
2026-10-09T15:09:07.8192090Z ##[group]Fetching the repository
2026-10-09T15:09:07.8194244Z [command]/usr/bin/git -c protocol.version=2 fetch --no-tags --prune --no-recurse-submodules --depth=1 origin +99c43b6892038233c390be2ae61acb669163d0b5:refs/remotes/origin/feature/v2-narrative-platform
2026-10-09T15:09:13.3531822Z From https://github.com/1785235376-blip/AI-Novel-Studio
2026-10-09T15:09:13.3534885Z  * [new ref]         99c43b6892038233c390be2ae61acb669163d0b5 -> origin/feature/v2-narrative-platform
2026-10-09T15:09:13.3540495Z ##[endgroup]
2026-10-09T15:09:13.3542579Z ##[group]Determining the checkout info
2026-10-09T15:09:13.3545102Z ##[endgroup]
2026-10-09T15:09:13.3546486Z [command]/usr/bin/git sparse-checkout disable
2026-10-09T15:09:13.3594497Z [command]/usr/bin/git config --local --unset-all extensions.worktreeConfig
2026-10-09T15:09:13.3623292Z ##[group]Checking out the ref
2026-10-09T15:09:13.3627828Z [command]/usr/bin/git checkout --progress --force -B feature/v2-narrative-platform refs/remotes/origin/feature/v2-narrative-platform
2026-10-09T15:09:13.8665515Z Switched to a new branch 'feature/v2-narrative-platform'
2026-10-09T15:09:13.8670062Z branch 'feature/v2-narrative-platform' set up to track 'origin/feature/v2-narrative-platform'.
2026-10-09T15:09:13.8689572Z ##[endgroup]
2026-10-09T15:09:13.8729987Z [command]/usr/bin/git log -1 --format=%H
2026-10-09T15:09:13.8758245Z 99c43b6892038233c390be2ae61acb669163d0b5
2026-10-09T15:09:13.8765625Z ##[group]Removing auth
2026-10-09T15:09:13.8768725Z [command]/usr/bin/git config --local --name-only --get-regexp core\.sshCommand
2026-10-09T15:09:13.8793492Z [command]/usr/bin/git submodule foreach --recursive sh -c "git config --local --name-only --get-regexp 'core\.sshCommand' && git config --local --unset-all 'core.sshCommand' || :"
2026-10-09T15:09:13.8964655Z [command]/usr/bin/git config --local --name-only --get-regexp http\.https\:\/\/github\.com\/\.extraheader
2026-10-09T15:09:13.8994751Z http.https://github.com/.extraheader
2026-10-09T15:09:13.9000469Z [command]/usr/bin/git config --local --unset-all http.https://github.com/.extraheader
2026-10-09T15:09:13.9026926Z [command]/usr/bin/git submodule foreach --recursive sh -c "git config --local --name-only --get-regexp 'http\.https\:\/\/github\.com\/\.extraheader' && git config --local --unset-all 'http.https://github.com/.extraheader' || :"
2026-10-09T15:09:13.9186703Z ##[endgroup]
2026-10-09T15:09:13.9419703Z ##[group]Run actions/setup-python@v5.6.0
2026-10-09T15:09:13.9420141Z with:
2026-10-09T15:09:13.9420465Z   python-version: 3.12.9
2026-10-09T15:09:13.9420805Z   check-latest: false
2026-10-09T15:09:13.9423332Z   token: ***
2026-10-09T15:09:13.9423658Z   update-environment: true
2026-10-09T15:09:13.9424047Z   allow-prereleases: false
2026-10-09T15:09:13.9424433Z   freethreaded: false
2026-10-09T15:09:13.9424782Z env:
2026-10-09T15:09:13.9425116Z   MOCK_PROVIDER: true
2026-10-09T15:09:13.9425455Z   MOCK_STREAM_DELAY_MS: 0
2026-10-09T15:09:13.9425814Z   ENABLE_CLOUD: false
2026-10-09T15:09:13.9426192Z   CREDENTIAL_VAULT_BACKEND: memory
2026-10-09T15:09:13.9426571Z   CREDENTIAL_VAULT_ALLOW_MEMORY_FALLBACK: true
2026-10-09T15:09:13.9427110Z   PYTHONDONTWRITEBYTECODE: 1
2026-10-09T15:09:13.9427479Z   HF_HUB_OFFLINE: 1
2026-10-09T15:09:13.9427824Z   TRANSFORMERS_OFFLINE: 1
2026-10-09T15:09:13.9428166Z ##[endgroup]
2026-10-09T15:09:14.0563160Z ##[group]Installed versions
2026-10-09T15:09:14.0579722Z Version 3.12.9 was not found in the local cache
2026-10-09T15:09:14.0702334Z (node:2172) [DEP0040] DeprecationWarning: The `punycode` module is deprecated. Please use a userland alternative instead.
2026-10-09T15:09:14.0703292Z (Use `node --trace-deprecation ...` to show where the warning was created)
2026-10-09T15:09:15.2575444Z Version 3.12.9 is available for downloading
2026-10-09T15:09:15.2577130Z Download from "https://github.com/actions/python-versions/releases/download/3.12.9-13149478207/python-3.12.9-linux-24.04-x64.tar.gz"
2026-10-09T15:09:16.0276560Z Extract downloaded archive
2026-10-09T15:09:16.0379352Z [command]/usr/bin/tar xz --warning=no-unknown-keyword --overwrite -C /home/runner/work/_temp/2962b6fb-d0ec-4eb0-bd80-2047116ff867 -f /home/runner/work/_temp/a044e16d-5829-4460-bfd9-ee53c688662f
2026-10-09T15:09:18.1023566Z Execute installation script
2026-10-09T15:09:18.1103039Z Check if Python hostedtoolcache folder exist...
2026-10-09T15:09:18.1103830Z Create Python 3.12.9 folder
2026-10-09T15:09:18.1114208Z Copy Python binaries to hostedtoolcache folder
2026-10-09T15:09:18.3611007Z Create additional symlinks (Required for the UsePythonVersion Azure Pipelines task and the setup-python GitHub Action)
2026-10-09T15:09:18.3642265Z Upgrading pip...
2026-10-09T15:09:20.6225159Z Looking in links: /tmp/tmpqk481n24
2026-10-09T15:09:20.6228488Z Requirement already satisfied: pip in /opt/hostedtoolcache/Python/3.12.9/x64/lib/python3.12/site-packages (24.3.1)
2026-10-09T15:09:22.3626439Z Collecting pip
2026-10-09T15:09:22.4313603Z Downloading pip-26.2.1-py3-none-any.whl.metadata (4.6 kB)
2026-10-09T15:09:22.4453121Z Downloading pip-26.2.1-py3-none-any.whl (1.8 MB)
2026-10-09T15:09:22.5109108Z ━━━━━━━━━━━━━━━━━━━━━━━━━━━━━━━━━━━━━━━━ 1.8/1.8 MB 40.1 MB/s eta 0:00:00
2026-10-09T15:09:22.5109794Z 
2026-10-09T15:09:22.5282260Z Installing collected packages: pip
2026-10-09T15:09:22.5283366Z Attempting uninstall: pip
2026-10-09T15:09:22.5300081Z Found existing installation: pip 24.3.1
2026-10-09T15:09:22.5499615Z Uninstalling pip-24.3.1:
2026-10-09T15:09:22.5535631Z Successfully uninstalled pip-24.3.1
2026-10-09T15:09:23.2187842Z Successfully installed pip-26.2.1
2026-10-09T15:09:23.2715884Z Create complete file
2026-10-09T15:09:23.2744542Z Successfully set up CPython (3.12.9)
2026-10-09T15:09:23.2745763Z ##[endgroup]
2026-10-09T15:09:23.2864347Z ##[group]Run test "$EXECUTION_RESULT" = success
2026-10-09T15:09:23.2864913Z [36;1mtest "$EXECUTION_RESULT" = success[0m
2026-10-09T15:09:23.2865317Z [36;1mtest "$TCP_RESULT" = success[0m
2026-10-09T15:09:23.3053638Z shell: /usr/bin/bash -e {0}
2026-10-09T15:09:23.3054017Z env:
2026-10-09T15:09:23.3054436Z   MOCK_PROVIDER: true
2026-10-09T15:09:23.3054814Z   MOCK_STREAM_DELAY_MS: 0
2026-10-09T15:09:23.3055228Z   ENABLE_CLOUD: false
2026-10-09T15:09:23.3055563Z   CREDENTIAL_VAULT_BACKEND: memory
2026-10-09T15:09:23.3055943Z   CREDENTIAL_VAULT_ALLOW_MEMORY_FALLBACK: true
2026-10-09T15:09:23.3056381Z   PYTHONDONTWRITEBYTECODE: 1
2026-10-09T15:09:23.3056731Z   HF_HUB_OFFLINE: 1
2026-10-09T15:09:23.3057345Z   TRANSFORMERS_OFFLINE: 1
2026-10-09T15:09:23.3057769Z   pythonLocation: /opt/hostedtoolcache/Python/3.12.9/x64
2026-10-09T15:09:23.3058350Z   PKG_CONFIG_PATH: /opt/hostedtoolcache/Python/3.12.9/x64/lib/pkgconfig
2026-10-09T15:09:23.3059053Z   Python_ROOT_DIR: /opt/hostedtoolcache/Python/3.12.9/x64
2026-10-09T15:09:23.3059554Z   Python2_ROOT_DIR: /opt/hostedtoolcache/Python/3.12.9/x64
2026-10-09T15:09:23.3060048Z   Python3_ROOT_DIR: /opt/hostedtoolcache/Python/3.12.9/x64
2026-10-09T15:09:23.3060518Z   LD_LIBRARY_PATH: /opt/hostedtoolcache/Python/3.12.9/x64/lib
2026-10-09T15:09:23.3060950Z   EXECUTION_RESULT: cancelled
2026-10-09T15:09:23.3061305Z   TCP_RESULT: success
2026-10-09T15:09:23.3061659Z ##[endgroup]
2026-10-09T15:09:23.3159544Z ##[error]Process completed with exit code 1.
2026-10-09T15:09:23.3306185Z Post job cleanup.
2026-10-09T15:09:23.4037518Z [command]/usr/bin/git version
2026-10-09T15:09:23.4070303Z git version 2.55.0
2026-10-09T15:09:23.4101018Z Temporarily overriding HOME='/home/runner/work/_temp/8d8d479d-d473-40f1-bd0f-0fd2cd83c26d' before making global git config changes
2026-10-09T15:09:23.4102368Z Adding repository directory to the temporary git global config as a safe directory
2026-10-09T15:09:23.4106205Z [command]/usr/bin/git config --global --add safe.directory /home/runner/work/AI-Novel-Studio/AI-Novel-Studio
2026-10-09T15:09:23.4142241Z [command]/usr/bin/git config --local --name-only --get-regexp core\.sshCommand
2026-10-09T15:09:23.4172905Z [command]/usr/bin/git submodule foreach --recursive sh -c "git config --local --name-only --get-regexp 'core\.sshCommand' && git config --local --unset-all 'core.sshCommand' || :"
2026-10-09T15:09:23.4363144Z [command]/usr/bin/git config --local --name-only --get-regexp http\.https\:\/\/github\.com\/\.extraheader
2026-10-09T15:09:23.4389406Z [command]/usr/bin/git submodule foreach --recursive sh -c "git config --local --name-only --get-regexp 'http\.https\:\/\/github\.com\/\.extraheader' && git config --local --unset-all 'http.https://github.com/.extraheader' || :"
2026-10-09T15:09:23.4710035Z Cleaning up orphan processes
2026-10-09T15:09:23.4939067Z ##[warning]Node.js 20 is deprecated. The following actions target Node.js 20 but are being forced to run on Node.js 24: actions/checkout@v4.2.2, actions/setup-python@v5.6.0. For more information see: https://github.blog/changelog/2025-09-19-deprecation-of-node-20-on-github-actions-runners/
