2026-10-09T14:20:20.3263382Z Current runner version: '2.337.0'
2026-10-09T14:20:20.3278799Z ##[group]Runner Image Provisioner
2026-10-09T14:20:20.3279275Z Hosted Compute Agent
2026-10-09T14:20:20.3279621Z Version: 20261002.596
2026-10-09T14:20:20.3279986Z Commit: c3d12f3313a95f25162a1503be624f3b0617f8c0
2026-10-09T14:20:20.3280367Z Build Date: 2026-10-02T22:28:27Z
2026-10-09T14:20:20.3280714Z Worker ID: {388df6ab-ac6c-422b-928b-2f1313ec6678}
2026-10-09T14:20:20.3281102Z Region: southcentralus
2026-10-09T14:20:20.3281414Z Cloud: Azure
2026-10-09T14:20:20.3281730Z ##[endgroup]
2026-10-09T14:20:20.3282417Z ##[group]Operating System
2026-10-09T14:20:20.3282807Z Microsoft Windows Server 2022
2026-10-09T14:20:20.3283107Z 10.0.20348
2026-10-09T14:20:20.3283445Z Datacenter
2026-10-09T14:20:20.3283705Z ##[endgroup]
2026-10-09T14:20:20.3284004Z ##[group]Runner Image
2026-10-09T14:20:20.3284299Z Image: windows-2022
2026-10-09T14:20:20.3284586Z Version: 20261004.326.1
2026-10-09T14:20:20.3285391Z Included Software: https://github.com/actions/runner-images/blob/win22/20261004.326/images/windows/Windows2022-Readme.md
2026-10-09T14:20:20.3286216Z Image Release: https://github.com/actions/runner-images/releases/tag/win22%2F20261004.326
2026-10-09T14:20:20.3286737Z ##[endgroup]
2026-10-09T14:20:20.3287339Z ##[group]GITHUB_TOKEN Permissions
2026-10-09T14:20:20.3288402Z Contents: read
2026-10-09T14:20:20.3288723Z Metadata: read
2026-10-09T14:20:20.3289010Z ##[endgroup]
2026-10-09T14:20:20.3290151Z Secret source: Actions
2026-10-09T14:20:20.3290634Z Cache mode: write
2026-10-09T14:20:20.3291010Z Prepare workflow directory
2026-10-09T14:20:20.3515385Z Prepare all required actions
2026-10-09T14:20:20.3547132Z Getting action download info
2026-10-09T14:20:20.6644513Z Download action repository 'actions/checkout@v4.2.2' (SHA:11bd71901bbe5b1630ceea73d27597364c9af683)
2026-10-09T14:20:20.7242381Z Download action repository 'actions/setup-python@v5.6.0' (SHA:a26af69be951a213d495a4c3e4e4022e16d87065)
2026-10-09T14:20:20.8258326Z Download action repository 'actions/setup-node@v4.4.0' (SHA:49933ea5288caeca8642d1e84afbd3f7d6820020)
2026-10-09T14:20:20.9173298Z Download action repository 'actions/setup-dotnet@v4' (SHA:67a3573c9a986a3f9c594539f4ab511d57bb3ce9)
2026-10-09T14:20:21.3943582Z Download action repository 'actions/upload-artifact@v4.6.2' (SHA:ea165f8d65b6e75b540449e92b4886f43607fa02)
2026-10-09T14:20:21.6374088Z Complete job name: Windows / Fresh base and acceptance package
2026-10-09T14:20:21.7797414Z ##[group]Run actions/checkout@v4.2.2
2026-10-09T14:20:21.7798048Z with:
2026-10-09T14:20:21.7798264Z   persist-credentials: false
2026-10-09T14:20:21.7798549Z   repository: 1785235376-blip/AI-Novel-Studio
2026-10-09T14:20:21.7800625Z   token: ***
2026-10-09T14:20:21.7800831Z   ssh-strict: true
2026-10-09T14:20:21.7801168Z   ssh-user: git
2026-10-09T14:20:21.7801472Z   clean: true
2026-10-09T14:20:21.7801694Z   sparse-checkout-cone-mode: true
2026-10-09T14:20:21.7801955Z   fetch-depth: 1
2026-10-09T14:20:21.7802163Z   fetch-tags: false
2026-10-09T14:20:21.7802395Z   show-progress: true
2026-10-09T14:20:21.7802611Z   lfs: false
2026-10-09T14:20:21.7802812Z   submodules: false
2026-10-09T14:20:21.7803033Z   set-safe-directory: true
2026-10-09T14:20:21.7803363Z env:
2026-10-09T14:20:21.7803557Z   MOCK_PROVIDER: true
2026-10-09T14:20:21.7803781Z   MOCK_STREAM_DELAY_MS: 0
2026-10-09T14:20:21.7804019Z   ENABLE_CLOUD: false
2026-10-09T14:20:21.7804269Z   CREDENTIAL_VAULT_BACKEND: memory
2026-10-09T14:20:21.7804559Z   CREDENTIAL_VAULT_ALLOW_MEMORY_FALLBACK: true
2026-10-09T14:20:21.7804860Z   PYTHONDONTWRITEBYTECODE: 1
2026-10-09T14:20:21.7805104Z   HF_HUB_OFFLINE: 1
2026-10-09T14:20:21.7805321Z   TRANSFORMERS_OFFLINE: 1
2026-10-09T14:20:21.7805548Z ##[endgroup]
2026-10-09T14:20:21.8748672Z Syncing repository: 1785235376-blip/AI-Novel-Studio
2026-10-09T14:20:21.8749719Z ##[group]Getting Git version info
2026-10-09T14:20:21.8750076Z Working directory is 'D:\a\AI-Novel-Studio\AI-Novel-Studio'
2026-10-09T14:20:21.9382411Z [command]"C:\Program Files\Git\bin\git.exe" version
2026-10-09T14:20:22.3525814Z git version 2.56.0.windows.1
2026-10-09T14:20:22.3550842Z ##[endgroup]
2026-10-09T14:20:22.3562139Z Temporarily overriding HOME='D:\a\_temp\c1d84fe2-cfb7-45a0-9249-d105318a2230' before making global git config changes
2026-10-09T14:20:22.3562862Z Adding repository directory to the temporary git global config as a safe directory
2026-10-09T14:20:22.3568971Z [command]"C:\Program Files\Git\bin\git.exe" config --global --add safe.directory D:\a\AI-Novel-Studio\AI-Novel-Studio
2026-10-09T14:20:22.4081497Z Deleting the contents of 'D:\a\AI-Novel-Studio\AI-Novel-Studio'
2026-10-09T14:20:22.4084586Z ##[group]Initializing the repository
2026-10-09T14:20:22.4090645Z [command]"C:\Program Files\Git\bin\git.exe" init D:\a\AI-Novel-Studio\AI-Novel-Studio
2026-10-09T14:20:22.4851960Z Initialized empty Git repository in D:/a/AI-Novel-Studio/AI-Novel-Studio/.git/
2026-10-09T14:20:22.4874010Z [command]"C:\Program Files\Git\bin\git.exe" remote add origin https://github.com/1785235376-blip/AI-Novel-Studio
2026-10-09T14:20:22.5375525Z ##[endgroup]
2026-10-09T14:20:22.5375952Z ##[group]Disabling automatic garbage collection
2026-10-09T14:20:22.5381139Z [command]"C:\Program Files\Git\bin\git.exe" config --local gc.auto 0
2026-10-09T14:20:22.5564731Z ##[endgroup]
2026-10-09T14:20:22.5572456Z ##[group]Setting up auth
2026-10-09T14:20:22.5572973Z [command]"C:\Program Files\Git\bin\git.exe" config --local --name-only --get-regexp core\.sshCommand
2026-10-09T14:20:22.5757871Z [command]"C:\Program Files\Git\bin\git.exe" submodule foreach --recursive "sh -c \"git config --local --name-only --get-regexp 'core\.sshCommand' && git config --local --unset-all 'core.sshCommand' || :\""
2026-10-09T14:20:23.9557841Z [command]"C:\Program Files\Git\bin\git.exe" config --local --name-only --get-regexp http\.https\:\/\/github\.com\/\.extraheader
2026-10-09T14:20:23.9755068Z [command]"C:\Program Files\Git\bin\git.exe" submodule foreach --recursive "sh -c \"git config --local --name-only --get-regexp 'http\.https\:\/\/github\.com\/\.extraheader' && git config --local --unset-all 'http.https://github.com/.extraheader' || :\""
2026-10-09T14:20:24.3407509Z [command]"C:\Program Files\Git\bin\git.exe" config --local http.https://github.com/.extraheader "AUTHORIZATION: basic ***"
2026-10-09T14:20:24.3607407Z ##[endgroup]
2026-10-09T14:20:24.3607853Z ##[group]Fetching the repository
2026-10-09T14:20:24.3616998Z [command]"C:\Program Files\Git\bin\git.exe" -c protocol.version=2 fetch --no-tags --prune --no-recurse-submodules --depth=1 origin +7f0d911549b04e8dbb7cf078316ad74c42095449:refs/remotes/pull/47/merge
2026-10-09T14:20:30.0108196Z From https://github.com/1785235376-blip/AI-Novel-Studio
2026-10-09T14:20:30.0108796Z  * [new ref]         7f0d911549b04e8dbb7cf078316ad74c42095449 -> pull/47/merge
2026-10-09T14:20:30.0130374Z ##[endgroup]
2026-10-09T14:20:30.0130657Z ##[group]Determining the checkout info
2026-10-09T14:20:30.0131782Z ##[endgroup]
2026-10-09T14:20:30.0138197Z [command]"C:\Program Files\Git\bin\git.exe" sparse-checkout disable
2026-10-09T14:20:30.0494198Z [command]"C:\Program Files\Git\bin\git.exe" config --local --unset-all extensions.worktreeConfig
2026-10-09T14:20:30.0686896Z ##[group]Checking out the ref
2026-10-09T14:20:30.0692244Z [command]"C:\Program Files\Git\bin\git.exe" checkout --progress --force refs/remotes/pull/47/merge
2026-10-09T14:20:30.9751276Z Note: switching to 'refs/remotes/pull/47/merge'.
2026-10-09T14:20:30.9751600Z 
2026-10-09T14:20:30.9751782Z You are in 'detached HEAD' state. You can look around, make experimental
2026-10-09T14:20:30.9752189Z changes and commit them, and you can discard any commits you make in this
2026-10-09T14:20:30.9752594Z state without impacting any branches by switching back to a branch.
2026-10-09T14:20:30.9752835Z 
2026-10-09T14:20:30.9752987Z If you want to create a new branch to retain commits you create, you may
2026-10-09T14:20:30.9753383Z do so (now or later) by using -c with the switch command. Example:
2026-10-09T14:20:30.9754516Z 
2026-10-09T14:20:30.9754709Z   git switch -c <new-branch-name>
2026-10-09T14:20:30.9754881Z 
2026-10-09T14:20:30.9754974Z Or undo this operation with:
2026-10-09T14:20:30.9755115Z 
2026-10-09T14:20:30.9755199Z   git switch -
2026-10-09T14:20:30.9755338Z 
2026-10-09T14:20:30.9755530Z Turn off this advice by setting config variable advice.detachedHead to false
2026-10-09T14:20:30.9755798Z 
2026-10-09T14:20:30.9764641Z HEAD is now at 7f0d911 Merge 99c43b6892038233c390be2ae61acb669163d0b5 into fed2404c8e30b44061b7139dced45b7f3301601c
2026-10-09T14:20:30.9854939Z ##[endgroup]
2026-10-09T14:20:31.0156333Z [command]"C:\Program Files\Git\bin\git.exe" log -1 --format=%H
2026-10-09T14:20:31.0338611Z 7f0d911549b04e8dbb7cf078316ad74c42095449
2026-10-09T14:20:31.0361292Z ##[group]Removing auth
2026-10-09T14:20:31.0367175Z [command]"C:\Program Files\Git\bin\git.exe" config --local --name-only --get-regexp core\.sshCommand
2026-10-09T14:20:31.0561885Z [command]"C:\Program Files\Git\bin\git.exe" submodule foreach --recursive "sh -c \"git config --local --name-only --get-regexp 'core\.sshCommand' && git config --local --unset-all 'core.sshCommand' || :\""
2026-10-09T14:20:31.4112127Z [command]"C:\Program Files\Git\bin\git.exe" config --local --name-only --get-regexp http\.https\:\/\/github\.com\/\.extraheader
2026-10-09T14:20:31.4285768Z http.https://github.com/.extraheader
2026-10-09T14:20:31.4307563Z [command]"C:\Program Files\Git\bin\git.exe" config --local --unset-all http.https://github.com/.extraheader
2026-10-09T14:20:31.4508635Z [command]"C:\Program Files\Git\bin\git.exe" submodule foreach --recursive "sh -c \"git config --local --name-only --get-regexp 'http\.https\:\/\/github\.com\/\.extraheader' && git config --local --unset-all 'http.https://github.com/.extraheader' || :\""
2026-10-09T14:20:31.8015155Z ##[endgroup]
2026-10-09T14:20:31.8273467Z ##[group]Run actions/setup-python@v5.6.0
2026-10-09T14:20:31.8273675Z with:
2026-10-09T14:20:31.8273805Z   python-version: 3.12.9
2026-10-09T14:20:31.8273934Z   check-latest: false
2026-10-09T14:20:31.8275297Z   token: ***
2026-10-09T14:20:31.8275408Z   update-environment: true
2026-10-09T14:20:31.8275536Z   allow-prereleases: false
2026-10-09T14:20:31.8275656Z   freethreaded: false
2026-10-09T14:20:31.8275796Z env:
2026-10-09T14:20:31.8275893Z   MOCK_PROVIDER: true
2026-10-09T14:20:31.8276004Z   MOCK_STREAM_DELAY_MS: 0
2026-10-09T14:20:31.8276119Z   ENABLE_CLOUD: false
2026-10-09T14:20:31.8276235Z   CREDENTIAL_VAULT_BACKEND: memory
2026-10-09T14:20:31.8276383Z   CREDENTIAL_VAULT_ALLOW_MEMORY_FALLBACK: true
2026-10-09T14:20:31.8276550Z   PYTHONDONTWRITEBYTECODE: 1
2026-10-09T14:20:31.8276676Z   HF_HUB_OFFLINE: 1
2026-10-09T14:20:31.8276784Z   TRANSFORMERS_OFFLINE: 1
2026-10-09T14:20:31.8276900Z ##[endgroup]
2026-10-09T14:20:31.9317241Z ##[group]Installed versions
2026-10-09T14:20:31.9317801Z Version 3.12.9 was not found in the local cache
2026-10-09T14:20:31.9399159Z (node:4500) [DEP0040] DeprecationWarning: The `punycode` module is deprecated. Please use a userland alternative instead.
2026-10-09T14:20:31.9399577Z (Use `node --trace-deprecation ...` to show where the warning was created)
2026-10-09T14:20:32.9398230Z Version 3.12.9 is available for downloading
2026-10-09T14:20:32.9399249Z Download from "https://github.com/actions/python-versions/releases/download/3.12.9-13149478207/python-3.12.9-win32-x64.zip"
2026-10-09T14:20:33.8323015Z Extract downloaded archive
2026-10-09T14:20:33.8781400Z [command]"C:\Program Files\PowerShell\7\pwsh.exe" -NoLogo -NoProfile -NonInteractive -ExecutionPolicy Unrestricted -Command "$ErrorActionPreference = 'Stop' ; try { Add-Type -AssemblyName System.IO.Compression.ZipFile } catch { } ; try { [System.IO.Compression.ZipFile]::ExtractToDirectory('D:\a\_temp\python-3.12.9-win32-x64.zip', 'D:\a\_temp\909669e0-1cde-435c-b06c-9432e89b1903', $true) } catch { if (($_.Exception.GetType().FullName -eq 'System.Management.Automation.MethodException') -or ($_.Exception.GetType().FullName -eq 'System.Management.Automation.RuntimeException') ){ Expand-Archive -LiteralPath 'D:\a\_temp\python-3.12.9-win32-x64.zip' -DestinationPath 'D:\a\_temp\909669e0-1cde-435c-b06c-9432e89b1903' -Force } else { throw $_ } } ;"
2026-10-09T14:20:34.2099121Z Execute installation script
2026-10-09T14:20:39.0716875Z Check if Python hostedtoolcache folder exist...
2026-10-09T14:20:39.0718911Z 
2026-10-09T14:20:39.0909176Z Check if current Python version is installed...
2026-10-09T14:20:39.0909732Z 
2026-10-09T14:20:39.1062613Z Python3.12 (x64) was found in C:\hostedtoolcache\windows\Python...
2026-10-09T14:20:39.1063554Z 
2026-10-09T14:20:39.1628109Z Deleting C:\hostedtoolcache\windows\Python\3.12.10\x64...
2026-10-09T14:20:39.1628342Z 
2026-10-09T14:20:43.5269292Z VERBOSE: Performing the operation "Remove File" on target "C:\hostedtoolcache\windows\Python\3.12.10\x64.complete".
2026-10-09T14:20:43.5269726Z 
2026-10-09T14:20:43.5274795Z Remove registry entries for Python 3.12(x64)...
2026-10-09T14:20:43.5275583Z 
2026-10-09T14:20:43.8530724Z VERBOSE: Performing the operation "Remove Key" on target "Item: 
2026-10-09T14:20:43.8531643Z HKEY_LOCAL_MACHINE\SOFTWARE\Microsoft\Windows\CurrentVersion\Installer\UserData\S-1-5-18\Products\06D3A4FE35A979641AD83
2026-10-09T14:20:43.8532140Z D53F358456E".
2026-10-09T14:20:43.8532248Z 
2026-10-09T14:20:43.8549073Z VERBOSE: Performing the operation "Remove Key" on target "Item: 
2026-10-09T14:20:43.8549633Z HKEY_LOCAL_MACHINE\SOFTWARE\Microsoft\Windows\CurrentVersion\Installer\UserData\S-1-5-18\Products\3661A0DCD2CDDB1498FA1
2026-10-09T14:20:43.8550058Z E80E9488122".
2026-10-09T14:20:43.8565028Z 
2026-10-09T14:20:43.8565250Z VERBOSE: Performing the operation "Remove Key" on target "Item: 
2026-10-09T14:20:43.8568173Z HKEY_LOCAL_MACHINE\SOFTWARE\Microsoft\Windows\CurrentVersion\Installer\UserData\S-1-5-18\Products\3865845730FE6E14FB121
2026-10-09T14:20:43.8568479Z D94614945C8".
2026-10-09T14:20:43.8568538Z 
2026-10-09T14:20:43.8578478Z VERBOSE: Performing the operation "Remove Key" on target "Item: 
2026-10-09T14:20:43.8579053Z HKEY_LOCAL_MACHINE\SOFTWARE\Microsoft\Windows\CurrentVersion\Installer\UserData\S-1-5-18\Products\795B21EDFB4DB1B4FBF55
2026-10-09T14:20:43.8579453Z CEC14FADBCF".
2026-10-09T14:20:43.8579514Z 
2026-10-09T14:20:43.8589367Z VERBOSE: Performing the operation "Remove Key" on target "Item: 
2026-10-09T14:20:43.8589774Z HKEY_LOCAL_MACHINE\SOFTWARE\Microsoft\Windows\CurrentVersion\Installer\UserData\S-1-5-18\Products\8843FD815422B2340A32A
2026-10-09T14:20:43.8590039Z 30AC5A2008C".
2026-10-09T14:20:43.8590182Z 
2026-10-09T14:20:43.8608107Z VERBOSE: Performing the operation "Remove Key" on target "Item: 
2026-10-09T14:20:43.8608451Z HKEY_LOCAL_MACHINE\SOFTWARE\Microsoft\Windows\CurrentVersion\Installer\UserData\S-1-5-18\Products\D3908510908FB5544992D
2026-10-09T14:20:43.8608731Z 6614A5B1D81".
2026-10-09T14:20:43.8608891Z 
2026-10-09T14:20:43.8623636Z VERBOSE: Performing the operation "Remove Key" on target "Item: 
2026-10-09T14:20:43.8623967Z HKEY_LOCAL_MACHINE\SOFTWARE\Microsoft\Windows\CurrentVersion\Installer\UserData\S-1-5-18\Products\FA171F1012F1E534EB4EC
2026-10-09T14:20:43.8624231Z F4C63C098C6".
2026-10-09T14:20:43.8625260Z 
2026-10-09T14:20:43.8635327Z VERBOSE: Performing the operation "Remove Key" on target "Item: 
2026-10-09T14:20:43.8635651Z HKEY_LOCAL_MACHINE\SOFTWARE\Microsoft\Windows\CurrentVersion\Installer\UserData\S-1-5-18\Products\FE9C90D9C75AA2247BA9C
2026-10-09T14:20:43.8635916Z C29029756A3".
2026-10-09T14:20:43.8636309Z 
2026-10-09T14:20:43.8791796Z VERBOSE: Performing the operation "Remove Key" on target "Item: 
2026-10-09T14:20:43.8792542Z HKEY_CLASSES_ROOT\Installer\Products\06D3A4FE35A979641AD83D53F358456E".
2026-10-09T14:20:43.8794257Z 
2026-10-09T14:20:43.9043299Z VERBOSE: Performing the operation "Remove Key" on target "Item: 
2026-10-09T14:20:43.9043800Z HKEY_CLASSES_ROOT\Installer\Products\3661A0DCD2CDDB1498FA1E80E9488122".
2026-10-09T14:20:43.9044128Z 
2026-10-09T14:20:43.9060757Z VERBOSE: Performing the operation "Remove Key" on target "Item: 
2026-10-09T14:20:43.9061186Z HKEY_CLASSES_ROOT\Installer\Products\3865845730FE6E14FB121D94614945C8".
2026-10-09T14:20:43.9061419Z 
2026-10-09T14:20:43.9263110Z VERBOSE: Performing the operation "Remove Key" on target "Item: 
2026-10-09T14:20:43.9263529Z HKEY_CLASSES_ROOT\Installer\Products\795B21EDFB4DB1B4FBF55CEC14FADBCF".
2026-10-09T14:20:43.9263935Z 
2026-10-09T14:20:43.9326782Z VERBOSE: Performing the operation "Remove Key" on target "Item: 
2026-10-09T14:20:43.9327042Z HKEY_CLASSES_ROOT\Installer\Products\8843FD815422B2340A32A30AC5A2008C".
2026-10-09T14:20:43.9327580Z 
2026-10-09T14:20:43.9597568Z VERBOSE: Performing the operation "Remove Key" on target "Item: 
2026-10-09T14:20:43.9597822Z HKEY_CLASSES_ROOT\Installer\Products\D3908510908FB5544992D6614A5B1D81".
2026-10-09T14:20:43.9598908Z 
2026-10-09T14:20:43.9733209Z VERBOSE: Performing the operation "Remove Key" on target "Item: 
2026-10-09T14:20:43.9733471Z HKEY_CLASSES_ROOT\Installer\Products\FA171F1012F1E534EB4ECF4C63C098C6".
2026-10-09T14:20:43.9734450Z 
2026-10-09T14:20:43.9760538Z VERBOSE: Performing the operation "Remove Key" on target "Item: 
2026-10-09T14:20:43.9760796Z HKEY_CLASSES_ROOT\Installer\Products\FE9C90D9C75AA2247BA9CC29029756A3".
2026-10-09T14:20:43.9761758Z 
2026-10-09T14:20:43.9894244Z VERBOSE: Performing the operation "Remove Key" on target "Item: 
2026-10-09T14:20:43.9895290Z HKEY_LOCAL_MACHINE\Software\Microsoft\Windows\CurrentVersion\Uninstall\{0158093D-F809-455B-9429-6D16A4B5D118}".
2026-10-09T14:20:43.9895693Z 
2026-10-09T14:20:43.9906644Z VERBOSE: Performing the operation "Remove Key" on target "Item: 
2026-10-09T14:20:43.9906970Z HKEY_LOCAL_MACHINE\Software\Microsoft\Windows\CurrentVersion\Uninstall\{01F171AF-1F21-435E-BEE4-FCC4360C896C}".
2026-10-09T14:20:43.9908069Z 
2026-10-09T14:20:43.9941908Z VERBOSE: Performing the operation "Remove Key" on target "Item: 
2026-10-09T14:20:43.9942268Z HKEY_LOCAL_MACHINE\Software\Microsoft\Windows\CurrentVersion\Uninstall\{18DF3488-2245-432B-A023-3AA05C2A00C8}".
2026-10-09T14:20:43.9942509Z 
2026-10-09T14:20:44.0020361Z VERBOSE: Performing the operation "Remove Key" on target "Item: 
2026-10-09T14:20:44.0020959Z HKEY_LOCAL_MACHINE\Software\Microsoft\Windows\CurrentVersion\Uninstall\{75485683-EF03-41E6-BF21-D1491694548C}".
2026-10-09T14:20:44.0021335Z 
2026-10-09T14:20:44.0058430Z VERBOSE: Performing the operation "Remove Key" on target "Item: 
2026-10-09T14:20:44.0058783Z HKEY_LOCAL_MACHINE\Software\Microsoft\Windows\CurrentVersion\Uninstall\{9D09C9EF-A57C-422A-B79A-CC922079653A}".
2026-10-09T14:20:44.0059339Z 
2026-10-09T14:20:44.0117075Z VERBOSE: Performing the operation "Remove Key" on target "Item: 
2026-10-09T14:20:44.0117578Z HKEY_LOCAL_MACHINE\Software\Microsoft\Windows\CurrentVersion\Uninstall\{CD0A1663-DC2D-41BD-89AF-E1089E841822}".
2026-10-09T14:20:44.0117969Z 
2026-10-09T14:20:44.0144785Z VERBOSE: Performing the operation "Remove Key" on target "Item: 
2026-10-09T14:20:44.0145327Z HKEY_LOCAL_MACHINE\Software\Microsoft\Windows\CurrentVersion\Uninstall\{DE12B597-D4BF-4B1B-BF5F-C5CE41AFBDFC}".
2026-10-09T14:20:44.0145707Z 
2026-10-09T14:20:44.0165257Z VERBOSE: Performing the operation "Remove Key" on target "Item: 
2026-10-09T14:20:44.0165573Z HKEY_LOCAL_MACHINE\Software\Microsoft\Windows\CurrentVersion\Uninstall\{EF4A3D60-9A53-4697-A18D-D3353F8554E6}".
2026-10-09T14:20:44.0165974Z 
2026-10-09T14:20:44.0628068Z Create Python 3.12.9 folder in C:\hostedtoolcache\windows\Python
2026-10-09T14:20:44.0628425Z 
2026-10-09T14:20:44.0715538Z Copy Python binaries to C:\hostedtoolcache\windows\Python\3.12.9\x64
2026-10-09T14:20:44.0717162Z 
2026-10-09T14:20:44.0818083Z Install Python 3.12.9 in C:\hostedtoolcache\windows\Python...
2026-10-09T14:20:44.0818995Z 
2026-10-09T14:21:05.0757000Z Create python3 symlink
2026-10-09T14:21:05.0757201Z 
2026-10-09T14:21:05.1380603Z 
2026-10-09T14:21:05.1381091Z 
2026-10-09T14:21:05.1386233Z Directory: C:\hostedtoolcache\windows\Python\3.12.9\x64
2026-10-09T14:21:05.1387498Z 
2026-10-09T14:21:05.1387502Z 
2026-10-09T14:21:05.1395348Z Mode                 LastWriteTime         Length Name
2026-10-09T14:21:05.1398409Z ----                 -------------         ------ ----
2026-10-09T14:21:05.1406042Z -a---l         10/9/2026   2:21 PM              0 python3.exe
2026-10-09T14:21:05.1411036Z Install and upgrade Pip
2026-10-09T14:21:05.1412039Z 
2026-10-09T14:21:07.0193724Z Looking in links: c:\Users\RUNNER~1\AppData\Local\Temp\tmpuh3thd2k
2026-10-09T14:21:07.0195112Z Requirement already satisfied: pip in c:\hostedtoolcache\windows\python\3.12.9\x64\lib\site-packages (24.3.1)
2026-10-09T14:21:08.2454441Z Collecting pip
2026-10-09T14:21:08.3054266Z Downloading pip-26.2.1-py3-none-any.whl.metadata (4.6 kB)
2026-10-09T14:21:08.3348432Z Downloading pip-26.2.1-py3-none-any.whl (1.8 MB)
2026-10-09T14:21:08.4172701Z 
2026-10-09T14:21:08.4173335Z ---------------------------------------- 1.8/1.8 MB 33.1 MB/s eta
2026-10-09T14:21:08.4173667Z 0:00:00
2026-10-09T14:21:08.4174495Z 
2026-10-09T14:21:08.4417346Z Installing collected packages: pip
2026-10-09T14:21:08.4417630Z 
2026-10-09T14:21:08.4418825Z Attempting uninstall: pip
2026-10-09T14:21:08.4434406Z Found existing installation: pip 24.3.1
2026-10-09T14:21:08.4836091Z Uninstalling pip-24.3.1:
2026-10-09T14:21:08.4928717Z Successfully uninstalled pip-24.3.1
2026-10-09T14:21:10.1384153Z Successfully installed pip-26.2.1
2026-10-09T14:21:10.4096808Z Create complete file
2026-10-09T14:21:10.4109023Z 
2026-10-09T14:21:10.4109522Z 
2026-10-09T14:21:10.4600301Z Successfully set up CPython (3.12.9)
2026-10-09T14:21:10.4601473Z ##[endgroup]
2026-10-09T14:21:10.4840381Z ##[group]Run actions/setup-node@v4.4.0
2026-10-09T14:21:10.4840568Z with:
2026-10-09T14:21:10.4840693Z   node-version: 22.14.0
2026-10-09T14:21:10.4840816Z   always-auth: false
2026-10-09T14:21:10.4840932Z   check-latest: false
2026-10-09T14:21:10.4842255Z   token: ***
2026-10-09T14:21:10.4842365Z env:
2026-10-09T14:21:10.4842488Z   MOCK_PROVIDER: true
2026-10-09T14:21:10.4842610Z   MOCK_STREAM_DELAY_MS: 0
2026-10-09T14:21:10.4842743Z   ENABLE_CLOUD: false
2026-10-09T14:21:10.4842866Z   CREDENTIAL_VAULT_BACKEND: memory
2026-10-09T14:21:10.4843028Z   CREDENTIAL_VAULT_ALLOW_MEMORY_FALLBACK: true
2026-10-09T14:21:10.4843193Z   PYTHONDONTWRITEBYTECODE: 1
2026-10-09T14:21:10.4843328Z   HF_HUB_OFFLINE: 1
2026-10-09T14:21:10.4843446Z   TRANSFORMERS_OFFLINE: 1
2026-10-09T14:21:10.4843614Z   pythonLocation: C:\hostedtoolcache\windows\Python\3.12.9\x64
2026-10-09T14:21:10.4843887Z   PKG_CONFIG_PATH: C:\hostedtoolcache\windows\Python\3.12.9\x64/lib/pkgconfig
2026-10-09T14:21:10.4844166Z   Python_ROOT_DIR: C:\hostedtoolcache\windows\Python\3.12.9\x64
2026-10-09T14:21:10.4844388Z   Python2_ROOT_DIR: C:\hostedtoolcache\windows\Python\3.12.9\x64
2026-10-09T14:21:10.4844608Z   Python3_ROOT_DIR: C:\hostedtoolcache\windows\Python\3.12.9\x64
2026-10-09T14:21:10.4844792Z ##[endgroup]
2026-10-09T14:21:10.5842810Z Attempting to download 22.14.0...
2026-10-09T14:21:10.5943882Z (node:828) [DEP0040] DeprecationWarning: The `punycode` module is deprecated. Please use a userland alternative instead.
2026-10-09T14:21:10.5944599Z (Use `node --trace-deprecation ...` to show where the warning was created)
2026-10-09T14:21:11.3620961Z Acquiring 22.14.0 - x64 from https://github.com/actions/node-versions/releases/download/22.14.0-13265982013/node-22.14.0-win32-x64.7z
2026-10-09T14:21:11.7966585Z Extracting ...
2026-10-09T14:21:13.0275405Z Adding to the cache ...
2026-10-09T14:21:16.8024672Z ##[group]Environment details
2026-10-09T14:21:18.3924796Z node: v22.14.0
2026-10-09T14:21:18.3925044Z npm: 10.9.2
2026-10-09T14:21:18.3925205Z yarn: 1.22.22
2026-10-09T14:21:18.3925625Z ##[endgroup]
2026-10-09T14:21:18.4124676Z ##[group]Run actions/setup-dotnet@v4
2026-10-09T14:21:18.4124860Z with:
2026-10-09T14:21:18.4124970Z   dotnet-version: 8.0.424
2026-10-09T14:21:18.4125098Z   cache: false
2026-10-09T14:21:18.4125209Z env:
2026-10-09T14:21:18.4125452Z   MOCK_PROVIDER: true
2026-10-09T14:21:18.4125572Z   MOCK_STREAM_DELAY_MS: 0
2026-10-09T14:21:18.4125696Z   ENABLE_CLOUD: false
2026-10-09T14:21:18.4125815Z   CREDENTIAL_VAULT_BACKEND: memory
2026-10-09T14:21:18.4125971Z   CREDENTIAL_VAULT_ALLOW_MEMORY_FALLBACK: true
2026-10-09T14:21:18.4126137Z   PYTHONDONTWRITEBYTECODE: 1
2026-10-09T14:21:18.4126266Z   HF_HUB_OFFLINE: 1
2026-10-09T14:21:18.4126379Z   TRANSFORMERS_OFFLINE: 1
2026-10-09T14:21:18.4126542Z   pythonLocation: C:\hostedtoolcache\windows\Python\3.12.9\x64
2026-10-09T14:21:18.4126796Z   PKG_CONFIG_PATH: C:\hostedtoolcache\windows\Python\3.12.9\x64/lib/pkgconfig
2026-10-09T14:21:18.4127041Z   Python_ROOT_DIR: C:\hostedtoolcache\windows\Python\3.12.9\x64
2026-10-09T14:21:18.4127286Z   Python2_ROOT_DIR: C:\hostedtoolcache\windows\Python\3.12.9\x64
2026-10-09T14:21:18.4127503Z   Python3_ROOT_DIR: C:\hostedtoolcache\windows\Python\3.12.9\x64
2026-10-09T14:21:18.4127678Z ##[endgroup]
2026-10-09T14:21:18.5130613Z (node:1468) [DEP0040] DeprecationWarning: The `punycode` module is deprecated. Please use a userland alternative instead.
2026-10-09T14:21:18.5131136Z (Use `node --trace-deprecation ...` to show where the warning was created)
2026-10-09T14:21:18.5516848Z [command]"C:\Program Files\PowerShell\7\pwsh.exe" -NoLogo -Sta -NoProfile -NonInteractive -ExecutionPolicy Unrestricted -Command & 'D:\a\_actions\actions\setup-dotnet\v4\externals\install-dotnet.ps1' -SkipNonVersionedFiles -Runtime dotnet -Channel LTS
2026-10-09T14:21:19.8874096Z dotnet-install: .NET Core Runtime with version '10.0.12' is already installed.
2026-10-09T14:21:19.9851394Z [command]"C:\Program Files\PowerShell\7\pwsh.exe" -NoLogo -Sta -NoProfile -NonInteractive -ExecutionPolicy Unrestricted -Command & 'D:\a\_actions\actions\setup-dotnet\v4\externals\install-dotnet.ps1' -SkipNonVersionedFiles -Version 8.0.424
2026-10-09T14:21:27.5751775Z dotnet-install: Downloaded file https://builds.dotnet.microsoft.com/dotnet/Sdk/8.0.424/dotnet-sdk-8.0.424-win-x64.zip size is 285090820 bytes.
2026-10-09T14:21:27.5754337Z dotnet-install: Either downloaded or local package size can not be measured. One of them may be corrupted.
2026-10-09T14:21:27.5772370Z dotnet-install: Extracting the archive.
2026-10-09T14:21:41.2889499Z dotnet-install: Note that the script does not ensure your Windows version is supported during the installation.
2026-10-09T14:21:41.2890596Z dotnet-install: To check the list of supported versions, go to https://learn.microsoft.com/dotnet/core/install/windows#supported-versions
2026-10-09T14:21:41.2894319Z dotnet-install: Installed version is 8.0.424
2026-10-09T14:21:41.2897914Z dotnet-install: Installation finished
2026-10-09T14:21:41.3448632Z ##[group]Run if ((dotnet --version).Trim() -ne '8.0.424') { throw 'Wrong .NET SDK selected' }
2026-10-09T14:21:41.3449050Z [36;1mif ((dotnet --version).Trim() -ne '8.0.424') { throw 'Wrong .NET SDK selected' }[0m
2026-10-09T14:21:41.3449354Z [36;1m$sandbox = Join-Path $env:RUNNER_TEMP 'r2-complete-package'[0m
2026-10-09T14:21:41.3449705Z [36;1mNew-Item -ItemType Directory -Force -Path $sandbox, "$sandbox/receipts", "$sandbox/data" | Out-Null[0m
2026-10-09T14:21:41.3450043Z [36;1m"R2_PACKAGE_ROOT=$sandbox" | Out-File $env:GITHUB_ENV -Append -Encoding utf8[0m
2026-10-09T14:21:41.3450346Z [36;1m"NOVEL_DATA_PATH=$sandbox/data" | Out-File $env:GITHUB_ENV -Append -Encoding utf8[0m
2026-10-09T14:21:41.3450636Z [36;1m"STORAGE_BACKEND=file" | Out-File $env:GITHUB_ENV -Append -Encoding utf8[0m
2026-10-09T14:21:41.3450935Z [36;1m"PROJECT_ROOT=$env:GITHUB_WORKSPACE" | Out-File $env:GITHUB_ENV -Append -Encoding utf8[0m
2026-10-09T14:21:41.3451313Z [36;1m"checked_out_sha=$(git rev-parse HEAD)" | Out-File "$sandbox/receipts/revision.txt" -Encoding utf8[0m
2026-10-09T14:21:41.3451658Z [36;1m"sdk=$(dotnet --version)" | Out-File "$sandbox/receipts/revision.txt" -Append -Encoding utf8[0m
2026-10-09T14:21:41.3452155Z [36;1m"scope=Fresh native base smoke; interactive DesktopHost/IME/install/upgrade/signing/user acceptance NOT_RUN" | Out-File "$sandbox/receipts/revision.txt" -Append -Encoding utf8[0m
2026-10-09T14:21:41.3479076Z shell: C:\Program Files\PowerShell\7\pwsh.EXE -command ". '{0}'"
2026-10-09T14:21:41.3479272Z env:
2026-10-09T14:21:41.3479385Z   MOCK_PROVIDER: true
2026-10-09T14:21:41.3479509Z   MOCK_STREAM_DELAY_MS: 0
2026-10-09T14:21:41.3479637Z   ENABLE_CLOUD: false
2026-10-09T14:21:41.3479759Z   CREDENTIAL_VAULT_BACKEND: memory
2026-10-09T14:21:41.3479913Z   CREDENTIAL_VAULT_ALLOW_MEMORY_FALLBACK: true
2026-10-09T14:21:41.3480081Z   PYTHONDONTWRITEBYTECODE: 1
2026-10-09T14:21:41.3480212Z   HF_HUB_OFFLINE: 1
2026-10-09T14:21:41.3480332Z   TRANSFORMERS_OFFLINE: 1
2026-10-09T14:21:41.3480496Z   pythonLocation: C:\hostedtoolcache\windows\Python\3.12.9\x64
2026-10-09T14:21:41.3480740Z   PKG_CONFIG_PATH: C:\hostedtoolcache\windows\Python\3.12.9\x64/lib/pkgconfig
2026-10-09T14:21:41.3480986Z   Python_ROOT_DIR: C:\hostedtoolcache\windows\Python\3.12.9\x64
2026-10-09T14:21:41.3481205Z   Python2_ROOT_DIR: C:\hostedtoolcache\windows\Python\3.12.9\x64
2026-10-09T14:21:41.3481425Z   Python3_ROOT_DIR: C:\hostedtoolcache\windows\Python\3.12.9\x64
2026-10-09T14:21:41.3481612Z   DOTNET_ROOT: C:\Program Files\dotnet
2026-10-09T14:21:41.3481755Z ##[endgroup]
2026-10-09T14:21:49.2188777Z ##[group]Run python -m pip install -c .github/ci/python-constraints.txt -e '.[dev,fontbuild]'
2026-10-09T14:21:49.2189231Z [36;1mpython -m pip install -c .github/ci/python-constraints.txt -e '.[dev,fontbuild]'[0m
2026-10-09T14:21:49.2189509Z [36;1mif ($LASTEXITCODE -ne 0) { exit $LASTEXITCODE }[0m
2026-10-09T14:21:49.2189698Z [36;1mnpm install --global pnpm@10.6.5[0m
2026-10-09T14:21:49.2189881Z [36;1mif ($LASTEXITCODE -ne 0) { exit $LASTEXITCODE }[0m
2026-10-09T14:21:49.2190080Z [36;1mpnpm --dir frontend install --frozen-lockfile[0m
2026-10-09T14:21:49.2190352Z [36;1mexit $LASTEXITCODE[0m
2026-10-09T14:21:49.2222033Z shell: C:\Program Files\PowerShell\7\pwsh.EXE -command ". '{0}'"
2026-10-09T14:21:49.2222352Z env:
2026-10-09T14:21:49.2222510Z   MOCK_PROVIDER: true
2026-10-09T14:21:49.2222690Z   MOCK_STREAM_DELAY_MS: 0
2026-10-09T14:21:49.2222883Z   ENABLE_CLOUD: false
2026-10-09T14:21:49.2223066Z   CREDENTIAL_VAULT_BACKEND: memory
2026-10-09T14:21:49.2223344Z   CREDENTIAL_VAULT_ALLOW_MEMORY_FALLBACK: true
2026-10-09T14:21:49.2223619Z   PYTHONDONTWRITEBYTECODE: 1
2026-10-09T14:21:49.2223823Z   HF_HUB_OFFLINE: 1
2026-10-09T14:21:49.2235385Z   TRANSFORMERS_OFFLINE: 1
2026-10-09T14:21:49.2235694Z   pythonLocation: C:\hostedtoolcache\windows\Python\3.12.9\x64
2026-10-09T14:21:49.2236105Z   PKG_CONFIG_PATH: C:\hostedtoolcache\windows\Python\3.12.9\x64/lib/pkgconfig
2026-10-09T14:21:49.2236508Z   Python_ROOT_DIR: C:\hostedtoolcache\windows\Python\3.12.9\x64
2026-10-09T14:21:49.2236737Z   Python2_ROOT_DIR: C:\hostedtoolcache\windows\Python\3.12.9\x64
2026-10-09T14:21:49.2236966Z   Python3_ROOT_DIR: C:\hostedtoolcache\windows\Python\3.12.9\x64
2026-10-09T14:21:49.2237248Z   DOTNET_ROOT: C:\Program Files\dotnet
2026-10-09T14:21:49.2237459Z   R2_PACKAGE_ROOT: D:\a\_temp\r2-complete-package
2026-10-09T14:21:49.2237710Z   NOVEL_DATA_PATH: D:\a\_temp\r2-complete-package/data
2026-10-09T14:21:49.2237882Z   STORAGE_BACKEND: file
2026-10-09T14:21:49.2238035Z   PROJECT_ROOT: D:\a\AI-Novel-Studio\AI-Novel-Studio
2026-10-09T14:21:49.2238290Z ##[endgroup]
2026-10-09T14:21:50.2764256Z Obtaining file:///D:/a/AI-Novel-Studio/AI-Novel-Studio
2026-10-09T14:21:50.2785266Z   Installing build dependencies: started
2026-10-09T14:21:53.4817179Z   Installing build dependencies: finished with status 'done'
2026-10-09T14:21:53.4830632Z   Checking if build backend supports build_editable: started
2026-10-09T14:21:53.7273051Z   Checking if build backend supports build_editable: finished with status 'done'
2026-10-09T14:21:53.7287413Z   Getting requirements to build editable: started
2026-10-09T14:21:54.1243796Z   Getting requirements to build editable: finished with status 'done'
2026-10-09T14:21:54.1263589Z   Preparing editable metadata (pyproject.toml): started
2026-10-09T14:21:54.6445995Z   Preparing editable metadata (pyproject.toml): finished with status 'done'
2026-10-09T14:21:55.0182455Z Collecting fastapi<1,>=0.115 (from ai-novel-studio==0.7.0)
2026-10-09T14:21:55.1548717Z   Downloading fastapi-0.142.2-py3-none-any.whl.metadata (27 kB)
2026-10-09T14:21:55.9248911Z Collecting uvicorn<1,>=0.30 (from ai-novel-studio==0.7.0)
2026-10-09T14:21:55.9987662Z   Downloading uvicorn-0.54.0-py3-none-any.whl.metadata (6.6 kB)
2026-10-09T14:21:56.8157850Z Collecting psycopg<4,>=3.2 (from psycopg[binary]<4,>=3.2->ai-novel-studio==0.7.0)
2026-10-09T14:21:56.8284606Z   Downloading psycopg-3.3.6-py3-none-any.whl.metadata (4.4 kB)
2026-10-09T14:21:57.0476632Z Collecting sqlalchemy<3,>=2.0 (from ai-novel-studio==0.7.0)
2026-10-09T14:21:57.0626352Z   Downloading sqlalchemy-2.1.3-cp312-cp312-win_amd64.whl.metadata (9.9 kB)
2026-10-09T14:21:57.1193651Z Collecting httpx<1,>=0.27 (from ai-novel-studio==0.7.0)
2026-10-09T14:21:57.1314011Z   Downloading httpx-0.28.1-py3-none-any.whl.metadata (7.1 kB)
2026-10-09T14:21:57.1847761Z Collecting pydantic-settings<3,>=2.6 (from ai-novel-studio==0.7.0)
2026-10-09T14:21:57.1987549Z   Downloading pydantic_settings-2.15.0-py3-none-any.whl.metadata (3.9 kB)
2026-10-09T14:21:57.3005851Z Collecting reportlab<5,>=4.0 (from ai-novel-studio==0.7.0)
2026-10-09T14:21:57.3383321Z   Downloading reportlab-4.5.1-py3-none-any.whl.metadata (1.7 kB)
2026-10-09T14:21:57.4159921Z Collecting pypdf==6.19.0 (from ai-novel-studio==0.7.0)
2026-10-09T14:21:57.4281326Z   Downloading pypdf-6.19.0-py3-none-any.whl.metadata (7.5 kB)
2026-10-09T14:21:57.5362585Z Collecting jsonschema<5,>=4.18 (from ai-novel-studio==0.7.0)
2026-10-09T14:21:57.5486179Z   Downloading jsonschema-4.26.0-py3-none-any.whl.metadata (7.6 kB)
2026-10-09T14:21:57.6189310Z Collecting pytest<9,>=8 (from ai-novel-studio==0.7.0)
2026-10-09T14:21:57.6315079Z   Downloading pytest-8.4.2-py3-none-any.whl.metadata (7.7 kB)
2026-10-09T14:21:57.7452797Z Collecting fonttools==4.59.1 (from ai-novel-studio==0.7.0)
2026-10-09T14:21:57.7588806Z   Downloading fonttools-4.59.1-cp312-cp312-win_amd64.whl.metadata (111 kB)
2026-10-09T14:21:57.8764376Z Collecting starlette>=0.46.0 (from fastapi<1,>=0.115->ai-novel-studio==0.7.0)
2026-10-09T14:21:57.8887135Z   Downloading starlette-1.7.0-py3-none-any.whl.metadata (6.6 kB)
2026-10-09T14:21:58.0808031Z Collecting pydantic>=2.9.0 (from fastapi<1,>=0.115->ai-novel-studio==0.7.0)
2026-10-09T14:21:58.2043394Z   Downloading pydantic-2.13.5-py3-none-any.whl.metadata (110 kB)
2026-10-09T14:21:58.2630396Z Collecting typing-extensions>=4.8.0 (from fastapi<1,>=0.115->ai-novel-studio==0.7.0)
2026-10-09T14:21:58.2757831Z   Downloading typing_extensions-4.16.0-py3-none-any.whl.metadata (3.3 kB)
2026-10-09T14:21:58.3248217Z Collecting typing-inspection>=0.4.2 (from fastapi<1,>=0.115->ai-novel-studio==0.7.0)
2026-10-09T14:21:58.3366649Z   Downloading typing_inspection-0.4.4-py3-none-any.whl.metadata (2.6 kB)
2026-10-09T14:21:58.3827041Z Collecting annotated-doc>=0.0.2 (from fastapi<1,>=0.115->ai-novel-studio==0.7.0)
2026-10-09T14:21:58.3954698Z   Downloading annotated_doc-0.0.5-py3-none-any.whl.metadata (6.5 kB)
2026-10-09T14:21:58.4570945Z Collecting opentelemetry-api>=1.44.0 (from fastapi<1,>=0.115->ai-novel-studio==0.7.0)
2026-10-09T14:21:58.4691051Z   Downloading opentelemetry_api-1.45.0-py3-none-any.whl.metadata (1.4 kB)
2026-10-09T14:21:58.5172984Z Collecting anyio (from httpx<1,>=0.27->ai-novel-studio==0.7.0)
2026-10-09T14:21:58.5297442Z   Downloading anyio-4.15.1-py3-none-any.whl.metadata (4.7 kB)
2026-10-09T14:21:58.5788020Z Collecting certifi (from httpx<1,>=0.27->ai-novel-studio==0.7.0)
2026-10-09T14:21:58.5904842Z   Downloading certifi-2026.7.22-py3-none-any.whl.metadata (2.5 kB)
2026-10-09T14:21:58.9848956Z Collecting httpcore==1.* (from httpx<1,>=0.27->ai-novel-studio==0.7.0)
2026-10-09T14:21:58.9974536Z   Downloading httpcore-1.0.9-py3-none-any.whl.metadata (21 kB)
2026-10-09T14:21:59.4089884Z Collecting idna (from httpx<1,>=0.27->ai-novel-studio==0.7.0)
2026-10-09T14:21:59.4214839Z   Downloading idna-3.20-py3-none-any.whl.metadata (7.2 kB)
2026-10-09T14:21:59.4662028Z Collecting h11>=0.16 (from httpcore==1.*->httpx<1,>=0.27->ai-novel-studio==0.7.0)
2026-10-09T14:21:59.4783307Z   Downloading h11-0.16.0-py3-none-any.whl.metadata (8.3 kB)
2026-10-09T14:21:59.5245266Z Collecting attrs>=22.2.0 (from jsonschema<5,>=4.18->ai-novel-studio==0.7.0)
2026-10-09T14:21:59.5366528Z   Downloading attrs-26.1.0-py3-none-any.whl.metadata (8.8 kB)
2026-10-09T14:21:59.5808218Z Collecting jsonschema-specifications>=2023.03.6 (from jsonschema<5,>=4.18->ai-novel-studio==0.7.0)
2026-10-09T14:21:59.5925115Z   Downloading jsonschema_specifications-2025.9.1-py3-none-any.whl.metadata (2.9 kB)
2026-10-09T14:21:59.6417730Z Collecting referencing>=0.28.4 (from jsonschema<5,>=4.18->ai-novel-studio==0.7.0)
2026-10-09T14:21:59.6534366Z   Downloading referencing-0.37.0-py3-none-any.whl.metadata (2.8 kB)
2026-10-09T14:21:59.8153343Z Collecting rpds-py>=0.25.0 (from jsonschema<5,>=4.18->ai-novel-studio==0.7.0)
2026-10-09T14:21:59.8273565Z   Downloading rpds_py-2026.9.1-cp312-cp312-win_amd64.whl.metadata (4.2 kB)
2026-10-09T14:21:59.8751016Z Collecting tzdata (from psycopg<4,>=3.2->psycopg[binary]<4,>=3.2->ai-novel-studio==0.7.0)
2026-10-09T14:21:59.8873675Z   Downloading tzdata-2026.5-py2.py3-none-any.whl.metadata (1.4 kB)
2026-10-09T14:21:59.9986721Z Collecting psycopg-binary==3.3.6 (from psycopg[binary]<4,>=3.2->ai-novel-studio==0.7.0)
2026-10-09T14:22:00.0115026Z   Downloading psycopg_binary-3.3.6-cp312-cp312-win_amd64.whl.metadata (2.8 kB)
2026-10-09T14:22:00.0874108Z Collecting python-dotenv>=0.21.0 (from pydantic-settings<3,>=2.6->ai-novel-studio==0.7.0)
2026-10-09T14:22:00.0991113Z   Downloading python_dotenv-1.2.4-py3-none-any.whl.metadata (29 kB)
2026-10-09T14:22:00.1488113Z Collecting colorama>=0.4 (from pytest<9,>=8->ai-novel-studio==0.7.0)
2026-10-09T14:22:00.1606676Z   Downloading colorama-0.4.6-py2.py3-none-any.whl.metadata (17 kB)
2026-10-09T14:22:00.3305423Z Collecting iniconfig>=1 (from pytest<9,>=8->ai-novel-studio==0.7.0)
2026-10-09T14:22:00.3426101Z   Downloading iniconfig-2.3.0-py3-none-any.whl.metadata (2.5 kB)
2026-10-09T14:22:00.3903838Z Collecting packaging>=20 (from pytest<9,>=8->ai-novel-studio==0.7.0)
2026-10-09T14:22:00.4024670Z   Downloading packaging-26.3-py3-none-any.whl.metadata (3.5 kB)
2026-10-09T14:22:00.4490516Z Collecting pluggy<2,>=1.5 (from pytest<9,>=8->ai-novel-studio==0.7.0)
2026-10-09T14:22:00.4611568Z   Downloading pluggy-1.6.0-py3-none-any.whl.metadata (4.8 kB)
2026-10-09T14:22:00.5143080Z Collecting pygments>=2.7.2 (from pytest<9,>=8->ai-novel-studio==0.7.0)
2026-10-09T14:22:00.5263920Z   Downloading pygments-2.21.0-py3-none-any.whl.metadata (2.5 kB)
2026-10-09T14:22:00.6715999Z Collecting pillow>=9.0.0 (from reportlab<5,>=4.0->ai-novel-studio==0.7.0)
2026-10-09T14:22:00.6842926Z   Downloading pillow-12.3.0-cp312-cp312-win_amd64.whl.metadata (9.3 kB)
2026-10-09T14:22:00.7809574Z Collecting charset-normalizer (from reportlab<5,>=4.0->ai-novel-studio==0.7.0)
2026-10-09T14:22:00.7938198Z   Downloading charset_normalizer-3.5.2-cp312-cp312-win_amd64.whl.metadata (47 kB)
2026-10-09T14:22:00.8461627Z Collecting click>=7.0 (from uvicorn<1,>=0.30->ai-novel-studio==0.7.0)
2026-10-09T14:22:00.8582415Z   Downloading click-8.5.0-py3-none-any.whl.metadata (2.6 kB)
2026-10-09T14:22:00.9073362Z Collecting annotated-types>=0.6.0 (from pydantic>=2.9.0->fastapi<1,>=0.115->ai-novel-studio==0.7.0)
2026-10-09T14:22:00.9189628Z   Downloading annotated_types-0.8.0-py3-none-any.whl.metadata (15 kB)
2026-10-09T14:22:01.3302926Z Collecting pydantic-core==2.46.5 (from pydantic>=2.9.0->fastapi<1,>=0.115->ai-novel-studio==0.7.0)
2026-10-09T14:22:01.3443147Z   Downloading pydantic_core-2.46.5-cp312-cp312-win_amd64.whl.metadata (6.7 kB)
2026-10-09T14:22:01.3812907Z Downloading fonttools-4.59.1-cp312-cp312-win_amd64.whl (2.3 MB)
2026-10-09T14:22:01.4412152Z    ---------------------------------------- 2.3/2.3 MB 32.1 MB/s  0:00:00
2026-10-09T14:22:01.4529488Z Downloading pypdf-6.19.0-py3-none-any.whl (395 kB)
2026-10-09T14:22:01.4872747Z Downloading fastapi-0.142.2-py3-none-any.whl (144 kB)
2026-10-09T14:22:01.5135149Z Downloading httpx-0.28.1-py3-none-any.whl (73 kB)
2026-10-09T14:22:01.5408939Z Downloading httpcore-1.0.9-py3-none-any.whl (78 kB)
2026-10-09T14:22:01.6365462Z Downloading jsonschema-4.26.0-py3-none-any.whl (90 kB)
2026-10-09T14:22:01.6659756Z Downloading psycopg-3.3.6-py3-none-any.whl (215 kB)
2026-10-09T14:22:01.6989339Z Downloading psycopg_binary-3.3.6-cp312-cp312-win_amd64.whl (3.7 MB)
2026-10-09T14:22:01.7453914Z    ---------------------------------------- 3.7/3.7 MB 72.3 MB/s  0:00:00
2026-10-09T14:22:01.7568985Z Downloading pydantic_settings-2.15.0-py3-none-any.whl (69 kB)
2026-10-09T14:22:01.7844325Z Downloading pytest-8.4.2-py3-none-any.whl (365 kB)
2026-10-09T14:22:01.8132913Z Downloading pluggy-1.6.0-py3-none-any.whl (20 kB)
2026-10-09T14:22:01.8401472Z Downloading reportlab-4.5.1-py3-none-any.whl (2.0 MB)
2026-10-09T14:22:01.8695370Z    ---------------------------------------- 2.0/2.0 MB 54.7 MB/s  0:00:00
2026-10-09T14:22:01.8839219Z Downloading sqlalchemy-2.1.3-cp312-cp312-win_amd64.whl (2.4 MB)
2026-10-09T14:22:01.9197466Z    ---------------------------------------- 2.4/2.4 MB 69.8 MB/s  0:00:00
2026-10-09T14:22:01.9318017Z Downloading uvicorn-0.54.0-py3-none-any.whl (87 kB)
2026-10-09T14:22:01.9569868Z Downloading annotated_doc-0.0.5-py3-none-any.whl (5.3 kB)
2026-10-09T14:22:01.9959843Z Downloading attrs-26.1.0-py3-none-any.whl (67 kB)
2026-10-09T14:22:02.0243552Z Downloading click-8.5.0-py3-none-any.whl (125 kB)
2026-10-09T14:22:02.0526736Z Downloading colorama-0.4.6-py2.py3-none-any.whl (25 kB)
2026-10-09T14:22:02.0787904Z Downloading h11-0.16.0-py3-none-any.whl (37 kB)
2026-10-09T14:22:02.1061945Z Downloading iniconfig-2.3.0-py3-none-any.whl (7.5 kB)
2026-10-09T14:22:02.1365391Z Downloading jsonschema_specifications-2025.9.1-py3-none-any.whl (18 kB)
2026-10-09T14:22:02.1659294Z Downloading opentelemetry_api-1.45.0-py3-none-any.whl (60 kB)
2026-10-09T14:22:02.1941813Z Downloading packaging-26.3-py3-none-any.whl (129 kB)
2026-10-09T14:22:02.2222728Z Downloading pillow-12.3.0-cp312-cp312-win_amd64.whl (7.2 MB)
2026-10-09T14:22:02.2929295Z    ---------------------------------------- 7.2/7.2 MB 110.6 MB/s  0:00:00
2026-10-09T14:22:02.3114698Z Downloading pydantic-2.13.5-py3-none-any.whl (472 kB)
2026-10-09T14:22:02.3441114Z Downloading pydantic_core-2.46.5-cp312-cp312-win_amd64.whl (2.0 MB)
2026-10-09T14:22:02.3785083Z    ---------------------------------------- 2.0/2.0 MB 57.5 MB/s  0:00:00
2026-10-09T14:22:02.3899960Z Downloading annotated_types-0.8.0-py3-none-any.whl (13 kB)
2026-10-09T14:22:02.4213305Z Downloading pygments-2.21.0-py3-none-any.whl (1.3 MB)
2026-10-09T14:22:02.4500756Z    ---------------------------------------- 1.3/1.3 MB 31.9 MB/s  0:00:00
2026-10-09T14:22:02.4620907Z Downloading python_dotenv-1.2.4-py3-none-any.whl (23 kB)
2026-10-09T14:22:02.4870043Z Downloading referencing-0.37.0-py3-none-any.whl (26 kB)
2026-10-09T14:22:02.5153176Z Downloading rpds_py-2026.9.1-cp312-cp312-win_amd64.whl (222 kB)
2026-10-09T14:22:02.5430668Z Downloading starlette-1.7.0-py3-none-any.whl (78 kB)
2026-10-09T14:22:02.5721129Z Downloading anyio-4.15.1-py3-none-any.whl (132 kB)
2026-10-09T14:22:02.6038697Z Downloading idna-3.20-py3-none-any.whl (69 kB)
2026-10-09T14:22:02.6336133Z Downloading typing_extensions-4.16.0-py3-none-any.whl (45 kB)
2026-10-09T14:22:02.6637067Z Downloading typing_inspection-0.4.4-py3-none-any.whl (14 kB)
2026-10-09T14:22:02.6880572Z Downloading certifi-2026.7.22-py3-none-any.whl (136 kB)
2026-10-09T14:22:02.7176304Z Downloading charset_normalizer-3.5.2-cp312-cp312-win_amd64.whl (207 kB)
2026-10-09T14:22:02.7438570Z Downloading tzdata-2026.5-py2.py3-none-any.whl (347 kB)
2026-10-09T14:22:02.8731704Z Building wheels for collected packages: ai-novel-studio
2026-10-09T14:22:02.8754226Z   Building editable for ai-novel-studio (pyproject.toml): started
2026-10-09T14:22:03.3474213Z   Building editable for ai-novel-studio (pyproject.toml): finished with status 'done'
2026-10-09T14:22:03.3505948Z   Created wheel for ai-novel-studio: filename=ai_novel_studio-0.7.0-0.editable-py3-none-any.whl size=3169 sha256=c6baad32c8a49eaeae76e85fc47fd4913a31fd50d7ba7d5829b90811ef3a4f56
2026-10-09T14:22:03.3506763Z   Stored in directory: C:\Users\runneradmin\AppData\Local\Temp\pip-ephem-wheel-cache-9dxqan6m\wheels\bc\96\d9\23bbbf472cce62cc5daf428b8cf5c693a6d54b50fcbdee6f2d
2026-10-09T14:22:03.3523209Z Successfully built ai-novel-studio
2026-10-09T14:22:03.4028801Z Installing collected packages: tzdata, typing-extensions, rpds-py, python-dotenv, pypdf, pygments, psycopg-binary, pluggy, pillow, packaging, iniconfig, idna, h11, fonttools, colorama, click, charset-normalizer, certifi, attrs, annotated-types, annotated-doc, uvicorn, typing-inspection, sqlalchemy, reportlab, referencing, pytest, pydantic-core, psycopg, opentelemetry-api, httpcore, anyio, starlette, pydantic, jsonschema-specifications, httpx, pydantic-settings, jsonschema, fastapi, ai-novel-studio
2026-10-09T14:22:12.3563042Z 
2026-10-09T14:22:12.3586496Z Successfully installed ai-novel-studio-0.7.0 annotated-doc-0.0.5 annotated-types-0.8.0 anyio-4.15.1 attrs-26.1.0 certifi-2026.7.22 charset-normalizer-3.5.2 click-8.5.0 colorama-0.4.6 fastapi-0.142.2 fonttools-4.59.1 h11-0.16.0 httpcore-1.0.9 httpx-0.28.1 idna-3.20 iniconfig-2.3.0 jsonschema-4.26.0 jsonschema-specifications-2025.9.1 opentelemetry-api-1.45.0 packaging-26.3 pillow-12.3.0 pluggy-1.6.0 psycopg-3.3.6 psycopg-binary-3.3.6 pydantic-2.13.5 pydantic-core-2.46.5 pydantic-settings-2.15.0 pygments-2.21.0 pypdf-6.19.0 pytest-8.4.2 python-dotenv-1.2.4 referencing-0.37.0 reportlab-4.5.1 rpds-py-2026.9.1 sqlalchemy-2.1.3 starlette-1.7.0 typing-extensions-4.16.0 typing-inspection-0.4.4 tzdata-2026.5 uvicorn-0.54.0
2026-10-09T14:22:20.3231633Z 
2026-10-09T14:22:20.3232216Z added 1 package in 8s
2026-10-09T14:22:20.3232434Z 
2026-10-09T14:22:20.3232593Z 1 package is looking for funding
2026-10-09T14:22:20.3232759Z   run `npm fund` for details
2026-10-09T14:22:22.3766955Z Lockfile is up to date, resolution step is skipped
2026-10-09T14:22:22.4160163Z Progress: resolved 1, reused 0, downloaded 0, added 0
2026-10-09T14:22:22.4460110Z Packages: +249
2026-10-09T14:22:22.4460855Z ++++++++++++++++++++++++++++++++++++++++++++++++++++++++++++++++++++++++++++++++
2026-10-09T14:22:23.4164197Z Progress: resolved 249, reused 0, downloaded 115, added 62
2026-10-09T14:22:24.4224954Z Progress: resolved 249, reused 0, downloaded 201, added 102
2026-10-09T14:22:25.1397131Z Progress: resolved 249, reused 0, downloaded 249, added 249, done
2026-10-09T14:22:25.2345873Z .../esbuild@0.21.5/node_modules/esbuild postinstall$ node install.js
2026-10-09T14:22:25.2350810Z .../esbuild@0.25.12/node_modules/esbuild postinstall$ node install.js
2026-10-09T14:22:25.3910231Z .../esbuild@0.21.5/node_modules/esbuild postinstall: Done
2026-10-09T14:22:25.3979826Z .../esbuild@0.25.12/node_modules/esbuild postinstall: Done
2026-10-09T14:22:25.4762154Z 
2026-10-09T14:22:25.4762591Z dependencies:
2026-10-09T14:22:25.4762910Z + @tanstack/react-query 5.101.4
2026-10-09T14:22:25.4763237Z + @tiptap/extension-placeholder 2.27.2
2026-10-09T14:22:25.4763473Z + @tiptap/react 2.27.2
2026-10-09T14:22:25.4763667Z + @tiptap/starter-kit 2.27.2
2026-10-09T14:22:25.4763870Z + lucide-react 0.468.0
2026-10-09T14:22:25.4764035Z + react 18.3.1
2026-10-09T14:22:25.4764206Z + react-dom 18.3.1
2026-10-09T14:22:25.4764356Z + zustand 5.0.14
2026-10-09T14:22:25.4764445Z 
2026-10-09T14:22:25.4764512Z devDependencies:
2026-10-09T14:22:25.4764704Z + @playwright/test 1.62.1
2026-10-09T14:22:25.4764853Z + @testing-library/react 16.3.2
2026-10-09T14:22:25.4764991Z + @types/node 22.13.10
2026-10-09T14:22:25.4765112Z + @types/react 18.3.31
2026-10-09T14:22:25.4765231Z + @types/react-dom 18.3.7
2026-10-09T14:22:25.4765362Z + @vitejs/plugin-react 4.7.0
2026-10-09T14:22:25.4765490Z + fountain-js 1.2.4
2026-10-09T14:22:25.4765804Z + jsdom 25.0.1
2026-10-09T14:22:25.4765911Z + typescript 5.9.3
2026-10-09T14:22:25.4766019Z + vite 6.4.3
2026-10-09T14:22:25.4766117Z + vitest 2.1.9
2026-10-09T14:22:25.4766175Z 
2026-10-09T14:22:25.4920089Z Done in 3.6s using pnpm v10.6.5
2026-10-09T14:22:25.5364156Z ##[group]Run python scripts/prepare_windows_base.py --output "$env:R2_PACKAGE_ROOT/base" --cache "$env:R2_PACKAGE_ROOT/inputs" 2>&1 | Tee-Object "$env:R2_PACKAGE_ROOT/receipts/prepare-base.log"
2026-10-09T14:22:25.5364877Z [36;1mpython scripts/prepare_windows_base.py --output "$env:R2_PACKAGE_ROOT/base" --cache "$env:R2_PACKAGE_ROOT/inputs" 2>&1 | Tee-Object "$env:R2_PACKAGE_ROOT/receipts/prepare-base.log"[0m
2026-10-09T14:22:25.5365291Z [36;1mif ($LASTEXITCODE -ne 0) { exit $LASTEXITCODE }[0m
2026-10-09T14:22:25.5365613Z [36;1mpython scripts/prepare_pdf_font.py --output "$env:R2_PACKAGE_ROOT/fonts" > "$env:R2_PACKAGE_ROOT/receipts/font-manifest.json"[0m
2026-10-09T14:22:25.5365915Z [36;1mexit $LASTEXITCODE[0m
2026-10-09T14:22:25.5390330Z shell: C:\Program Files\PowerShell\7\pwsh.EXE -command ". '{0}'"
2026-10-09T14:22:25.5390517Z env:
2026-10-09T14:22:25.5390619Z   MOCK_PROVIDER: true
2026-10-09T14:22:25.5390738Z   MOCK_STREAM_DELAY_MS: 0
2026-10-09T14:22:25.5390878Z   ENABLE_CLOUD: false
2026-10-09T14:22:25.5390992Z   CREDENTIAL_VAULT_BACKEND: memory
2026-10-09T14:22:25.5391140Z   CREDENTIAL_VAULT_ALLOW_MEMORY_FALLBACK: true
2026-10-09T14:22:25.5391297Z   PYTHONDONTWRITEBYTECODE: 1
2026-10-09T14:22:25.5391419Z   HF_HUB_OFFLINE: 1
2026-10-09T14:22:25.5391523Z   TRANSFORMERS_OFFLINE: 1
2026-10-09T14:22:25.5391681Z   pythonLocation: C:\hostedtoolcache\windows\Python\3.12.9\x64
2026-10-09T14:22:25.5391918Z   PKG_CONFIG_PATH: C:\hostedtoolcache\windows\Python\3.12.9\x64/lib/pkgconfig
2026-10-09T14:22:25.5392152Z   Python_ROOT_DIR: C:\hostedtoolcache\windows\Python\3.12.9\x64
2026-10-09T14:22:25.5392366Z   Python2_ROOT_DIR: C:\hostedtoolcache\windows\Python\3.12.9\x64
2026-10-09T14:22:25.5392584Z   Python3_ROOT_DIR: C:\hostedtoolcache\windows\Python\3.12.9\x64
2026-10-09T14:22:25.5392766Z   DOTNET_ROOT: C:\Program Files\dotnet
2026-10-09T14:22:25.5392934Z   R2_PACKAGE_ROOT: D:\a\_temp\r2-complete-package
2026-10-09T14:22:25.5393124Z   NOVEL_DATA_PATH: D:\a\_temp\r2-complete-package/data
2026-10-09T14:22:25.5393288Z   STORAGE_BACKEND: file
2026-10-09T14:22:25.5393431Z   PROJECT_ROOT: D:\a\AI-Novel-Studio\AI-Novel-Studio
2026-10-09T14:22:25.5393588Z ##[endgroup]
2026-10-09T14:22:35.9404563Z Looking in links: d:\a\_temp\r2-complete-package\inputs\wheels
2026-10-09T14:22:35.9490722Z Processing D:\a\_temp\r2-complete-package\inputs\wheels\annotated_doc-0.0.5-py3-none-any.whl (from -r D:\a\AI-Novel-Studio\AI-Novel-Studio\packaging\requirements-windows.lock.txt (line 3))
2026-10-09T14:22:35.9518445Z Processing D:\a\_temp\r2-complete-package\inputs\wheels\annotated_types-0.8.0-py3-none-any.whl (from -r D:\a\AI-Novel-Studio\AI-Novel-Studio\packaging\requirements-windows.lock.txt (line 4))
2026-10-09T14:22:35.9540269Z Processing D:\a\_temp\r2-complete-package\inputs\wheels\anyio-4.15.1-py3-none-any.whl (from -r D:\a\AI-Novel-Studio\AI-Novel-Studio\packaging\requirements-windows.lock.txt (line 5))
2026-10-09T14:22:35.9586878Z Processing D:\a\_temp\r2-complete-package\inputs\wheels\attrs-26.1.0-py3-none-any.whl (from -r D:\a\AI-Novel-Studio\AI-Novel-Studio\packaging\requirements-windows.lock.txt (line 6))
2026-10-09T14:22:35.9587956Z Processing D:\a\_temp\r2-complete-package\inputs\wheels\certifi-2026.7.22-py3-none-any.whl (from -r D:\a\AI-Novel-Studio\AI-Novel-Studio\packaging\requirements-windows.lock.txt (line 7))
2026-10-09T14:22:35.9609027Z Processing D:\a\_temp\r2-complete-package\inputs\wheels\charset_normalizer-3.5.2-cp312-cp312-win_amd64.whl (from -r D:\a\AI-Novel-Studio\AI-Novel-Studio\packaging\requirements-windows.lock.txt (line 8))
2026-10-09T14:22:35.9643194Z Processing D:\a\_temp\r2-complete-package\inputs\wheels\click-8.5.0-py3-none-any.whl (from -r D:\a\AI-Novel-Studio\AI-Novel-Studio\packaging\requirements-windows.lock.txt (line 9))
2026-10-09T14:22:35.9664850Z Processing D:\a\_temp\r2-complete-package\inputs\wheels\colorama-0.4.6-py2.py3-none-any.whl (from -r D:\a\AI-Novel-Studio\AI-Novel-Studio\packaging\requirements-windows.lock.txt (line 10))
2026-10-09T14:22:35.9690044Z Processing D:\a\_temp\r2-complete-package\inputs\wheels\fastapi-0.142.2-py3-none-any.whl (from -r D:\a\AI-Novel-Studio\AI-Novel-Studio\packaging\requirements-windows.lock.txt (line 11))
2026-10-09T14:22:35.9735169Z Processing D:\a\_temp\r2-complete-package\inputs\wheels\h11-0.16.0-py3-none-any.whl (from -r D:\a\AI-Novel-Studio\AI-Novel-Studio\packaging\requirements-windows.lock.txt (line 12))
2026-10-09T14:22:35.9757406Z Processing D:\a\_temp\r2-complete-package\inputs\wheels\httpcore-1.0.9-py3-none-any.whl (from -r D:\a\AI-Novel-Studio\AI-Novel-Studio\packaging\requirements-windows.lock.txt (line 13))
2026-10-09T14:22:35.9787695Z Processing D:\a\_temp\r2-complete-package\inputs\wheels\httpx-0.28.1-py3-none-any.whl (from -r D:\a\AI-Novel-Studio\AI-Novel-Studio\packaging\requirements-windows.lock.txt (line 14))
2026-10-09T14:22:35.9812711Z Processing D:\a\_temp\r2-complete-package\inputs\wheels\idna-3.20-py3-none-any.whl (from -r D:\a\AI-Novel-Studio\AI-Novel-Studio\packaging\requirements-windows.lock.txt (line 15))
2026-10-09T14:22:35.9836861Z Processing D:\a\_temp\r2-complete-package\inputs\wheels\jsonschema-4.26.0-py3-none-any.whl (from -r D:\a\AI-Novel-Studio\AI-Novel-Studio\packaging\requirements-windows.lock.txt (line 16))
2026-10-09T14:22:35.9865741Z Processing D:\a\_temp\r2-complete-package\inputs\wheels\jsonschema_specifications-2025.9.1-py3-none-any.whl (from -r D:\a\AI-Novel-Studio\AI-Novel-Studio\packaging\requirements-windows.lock.txt (line 17))
2026-10-09T14:22:35.9885669Z Processing D:\a\_temp\r2-complete-package\inputs\wheels\opentelemetry_api-1.45.0-py3-none-any.whl (from -r D:\a\AI-Novel-Studio\AI-Novel-Studio\packaging\requirements-windows.lock.txt (line 18))
2026-10-09T14:22:35.9906409Z Processing D:\a\_temp\r2-complete-package\inputs\wheels\pillow-12.3.0-cp312-cp312-win_amd64.whl (from -r D:\a\AI-Novel-Studio\AI-Novel-Studio\packaging\requirements-windows.lock.txt (line 19))
2026-10-09T14:22:36.0043900Z Processing D:\a\_temp\r2-complete-package\inputs\wheels\psycopg-3.3.6-py3-none-any.whl (from -r D:\a\AI-Novel-Studio\AI-Novel-Studio\packaging\requirements-windows.lock.txt (line 20))
2026-10-09T14:22:36.0079807Z Processing D:\a\_temp\r2-complete-package\inputs\wheels\psycopg_binary-3.3.6-cp312-cp312-win_amd64.whl (from -r D:\a\AI-Novel-Studio\AI-Novel-Studio\packaging\requirements-windows.lock.txt (line 21))
2026-10-09T14:22:36.0151429Z Processing D:\a\_temp\r2-complete-package\inputs\wheels\pydantic-2.13.5-py3-none-any.whl (from -r D:\a\AI-Novel-Studio\AI-Novel-Studio\packaging\requirements-windows.lock.txt (line 22))
2026-10-09T14:22:36.0199082Z Processing D:\a\_temp\r2-complete-package\inputs\wheels\pydantic_settings-2.15.0-py3-none-any.whl (from -r D:\a\AI-Novel-Studio\AI-Novel-Studio\packaging\requirements-windows.lock.txt (line 23))
2026-10-09T14:22:36.0223266Z Processing D:\a\_temp\r2-complete-package\inputs\wheels\pydantic_core-2.46.5-cp312-cp312-win_amd64.whl (from -r D:\a\AI-Novel-Studio\AI-Novel-Studio\packaging\requirements-windows.lock.txt (line 24))
2026-10-09T14:22:36.0269132Z Processing D:\a\_temp\r2-complete-package\inputs\wheels\pypdf-6.19.0-py3-none-any.whl (from -r D:\a\AI-Novel-Studio\AI-Novel-Studio\packaging\requirements-windows.lock.txt (line 25))
2026-10-09T14:22:36.0303650Z Processing D:\a\_temp\r2-complete-package\inputs\wheels\python_dotenv-1.2.4-py3-none-any.whl (from -r D:\a\AI-Novel-Studio\AI-Novel-Studio\packaging\requirements-windows.lock.txt (line 26))
2026-10-09T14:22:36.0331772Z Processing D:\a\_temp\r2-complete-package\inputs\wheels\referencing-0.37.0-py3-none-any.whl (from -r D:\a\AI-Novel-Studio\AI-Novel-Studio\packaging\requirements-windows.lock.txt (line 27))
2026-10-09T14:22:36.0352678Z Processing D:\a\_temp\r2-complete-package\inputs\wheels\reportlab-4.5.1-py3-none-any.whl (from -r D:\a\AI-Novel-Studio\AI-Novel-Studio\packaging\requirements-windows.lock.txt (line 28))
2026-10-09T14:22:36.0404463Z Processing D:\a\_temp\r2-complete-package\inputs\wheels\rpds_py-2026.9.1-cp312-cp312-win_amd64.whl (from -r D:\a\AI-Novel-Studio\AI-Novel-Studio\packaging\requirements-windows.lock.txt (line 29))
2026-10-09T14:22:36.0426566Z Processing D:\a\_temp\r2-complete-package\inputs\wheels\sqlalchemy-2.1.3-cp312-cp312-win_amd64.whl (from -r D:\a\AI-Novel-Studio\AI-Novel-Studio\packaging\requirements-windows.lock.txt (line 30))
2026-10-09T14:22:36.0508471Z Processing D:\a\_temp\r2-complete-package\inputs\wheels\starlette-1.7.0-py3-none-any.whl (from -r D:\a\AI-Novel-Studio\AI-Novel-Studio\packaging\requirements-windows.lock.txt (line 31))
2026-10-09T14:22:36.0533853Z Processing D:\a\_temp\r2-complete-package\inputs\wheels\typing_inspection-0.4.4-py3-none-any.whl (from -r D:\a\AI-Novel-Studio\AI-Novel-Studio\packaging\requirements-windows.lock.txt (line 32))
2026-10-09T14:22:36.0554154Z Processing D:\a\_temp\r2-complete-package\inputs\wheels\typing_extensions-4.16.0-py3-none-any.whl (from -r D:\a\AI-Novel-Studio\AI-Novel-Studio\packaging\requirements-windows.lock.txt (line 33))
2026-10-09T14:22:36.0574724Z Processing D:\a\_temp\r2-complete-package\inputs\wheels\tzdata-2026.3-py2.py3-none-any.whl (from -r D:\a\AI-Novel-Studio\AI-Novel-Studio\packaging\requirements-windows.lock.txt (line 34))
2026-10-09T14:22:36.0613855Z Processing D:\a\_temp\r2-complete-package\inputs\wheels\uvicorn-0.54.0-py3-none-any.whl (from -r D:\a\AI-Novel-Studio\AI-Novel-Studio\packaging\requirements-windows.lock.txt (line 35))
2026-10-09T14:22:36.0791769Z Installing collected packages: uvicorn, tzdata, typing-inspection, typing_extensions, starlette, SQLAlchemy, rpds-py, reportlab, referencing, python-dotenv, pypdf, pydantic-settings, pydantic_core, pydantic, psycopg-binary, psycopg, pillow, opentelemetry-api, jsonschema-specifications, jsonschema, idna, httpx, httpcore, h11, fastapi, colorama, click, charset-normalizer, certifi, attrs, anyio, annotated-types, annotated-doc
2026-10-09T14:22:38.3728690Z 
2026-10-09T14:22:38.3744741Z Successfully installed SQLAlchemy-2.1.3 annotated-doc-0.0.5 annotated-types-0.8.0 anyio-4.15.1 attrs-26.1.0 certifi-2026.7.22 charset-normalizer-3.5.2 click-8.5.0 colorama-0.4.6 fastapi-0.142.2 h11-0.16.0 httpcore-1.0.9 httpx-0.28.1 idna-3.20 jsonschema-4.26.0 jsonschema-specifications-2025.9.1 opentelemetry-api-1.45.0 pillow-12.3.0 psycopg-3.3.6 psycopg-binary-3.3.6 pydantic-2.13.5 pydantic-settings-2.15.0 pydantic_core-2.46.5 pypdf-6.19.0 python-dotenv-1.2.4 referencing-0.37.0 reportlab-4.5.1 rpds-py-2026.9.1 starlette-1.7.0 typing-inspection-0.4.4 typing_extensions-4.16.0 tzdata-2026.3 uvicorn-0.54.0
2026-10-09T14:22:41.5823289Z {"base_application": "D:\\a\\_temp\\r2-complete-package\\base", "files": 5087, "native_runtime_verification": "NOT_RUN"}
2026-10-09T14:22:51.7280165Z ##[group]Run ./scripts/package_windows_acceptance.ps1 -BaseApplication "$env:R2_PACKAGE_ROOT/base" -OutputRoot "$env:R2_PACKAGE_ROOT/package" -HostPublishDirectory "$env:R2_PACKAGE_ROOT/host" -DotnetPath (Get-Command dotnet).Source -NodePath (Get-Command node).Source -ViteCliPath (Join-Path $PWD 'frontend/node_modules/vite/bin/vite.js') -VerifiedFontDirectory "$env:R2_PACKAGE_ROOT/fonts" -SkipIExpress 2>&1 | Tee-Object "$env:R2_PACKAGE_ROOT/receipts/package.log"
2026-10-09T14:22:51.7282944Z [36;1m./scripts/package_windows_acceptance.ps1 -BaseApplication "$env:R2_PACKAGE_ROOT/base" -OutputRoot "$env:R2_PACKAGE_ROOT/package" -HostPublishDirectory "$env:R2_PACKAGE_ROOT/host" -DotnetPath (Get-Command dotnet).Source -NodePath (Get-Command node).Source -ViteCliPath (Join-Path $PWD 'frontend/node_modules/vite/bin/vite.js') -VerifiedFontDirectory "$env:R2_PACKAGE_ROOT/fonts" -SkipIExpress 2>&1 | Tee-Object "$env:R2_PACKAGE_ROOT/receipts/package.log"[0m
2026-10-09T14:22:51.7283876Z [36;1mif (-not $?) { throw 'Acceptance package build failed' }[0m
2026-10-09T14:22:51.7307909Z shell: C:\Program Files\PowerShell\7\pwsh.EXE -command ". '{0}'"
2026-10-09T14:22:51.7308218Z env:
2026-10-09T14:22:51.7308321Z   MOCK_PROVIDER: true
2026-10-09T14:22:51.7308435Z   MOCK_STREAM_DELAY_MS: 0
2026-10-09T14:22:51.7308550Z   ENABLE_CLOUD: false
2026-10-09T14:22:51.7308660Z   CREDENTIAL_VAULT_BACKEND: memory
2026-10-09T14:22:51.7308807Z   CREDENTIAL_VAULT_ALLOW_MEMORY_FALLBACK: true
2026-10-09T14:22:51.7308961Z   PYTHONDONTWRITEBYTECODE: 1
2026-10-09T14:22:51.7309081Z   HF_HUB_OFFLINE: 1
2026-10-09T14:22:51.7309182Z   TRANSFORMERS_OFFLINE: 1
2026-10-09T14:22:51.7309341Z   pythonLocation: C:\hostedtoolcache\windows\Python\3.12.9\x64
2026-10-09T14:22:51.7309574Z   PKG_CONFIG_PATH: C:\hostedtoolcache\windows\Python\3.12.9\x64/lib/pkgconfig
2026-10-09T14:22:51.7309804Z   Python_ROOT_DIR: C:\hostedtoolcache\windows\Python\3.12.9\x64
2026-10-09T14:22:51.7310014Z   Python2_ROOT_DIR: C:\hostedtoolcache\windows\Python\3.12.9\x64
2026-10-09T14:22:51.7310215Z   Python3_ROOT_DIR: C:\hostedtoolcache\windows\Python\3.12.9\x64
2026-10-09T14:22:51.7310389Z   DOTNET_ROOT: C:\Program Files\dotnet
2026-10-09T14:22:51.7310547Z   R2_PACKAGE_ROOT: D:\a\_temp\r2-complete-package
2026-10-09T14:22:51.7310723Z   NOVEL_DATA_PATH: D:\a\_temp\r2-complete-package/data
2026-10-09T14:22:51.7310882Z   STORAGE_BACKEND: file
2026-10-09T14:22:51.7311016Z   PROJECT_ROOT: D:\a\AI-Novel-Studio\AI-Novel-Studio
2026-10-09T14:22:51.7311167Z ##[endgroup]
2026-10-09T14:22:52.5158073Z [36mvite v6.4.3 [32mbuilding for production...[36m[39m
2026-10-09T14:22:52.5548930Z transforming...
2026-10-09T14:22:56.0849407Z [32m✓[39m 2021 modules transformed.
2026-10-09T14:22:56.3420526Z rendering chunks...
2026-10-09T14:22:56.5625476Z computing gzip size...
2026-10-09T14:22:56.5683558Z [2m../../../_temp/r2-complete-package/package/frontend-build/dist/[22m[32mindex.html                                 [39m[1m[2m  0.33 kB[22m[1m[22m[2m │ gzip:   0.20 kB[22m
2026-10-09T14:22:56.5690114Z [2m../../../_temp/r2-complete-package/package/frontend-build/dist/[22m[35massets/LocalTutorIntegration-Bg9pZcT3.css  [39m[1m[2m  2.93 kB[22m[1m[22m[2m │ gzip:   0.82 kB[22m
2026-10-09T14:22:56.5691406Z [2m../../../_temp/r2-complete-package/package/frontend-build/dist/[22m[35massets/style-6MlQLGa4.css                  [39m[1m[2m  3.79 kB[22m[1m[22m[2m │ gzip:   1.39 kB[22m
2026-10-09T14:22:56.5693031Z [2m../../../_temp/r2-complete-package/package/frontend-build/dist/[22m[35massets/ExperimentalWorkbench-kya-NcdA.css  [39m[1m[2m  4.16 kB[22m[1m[22m[2m │ gzip:   1.07 kB[22m
2026-10-09T14:22:56.5694377Z [2m../../../_temp/r2-complete-package/package/frontend-build/dist/[22m[35massets/index-Cj-tLRQ5.css                  [39m[1m[2m 32.29 kB[22m[1m[22m[2m │ gzip:   5.90 kB[22m
2026-10-09T14:22:56.5697827Z [2m../../../_temp/r2-complete-package/package/frontend-build/dist/[22m[35massets/App-BH1TA0Vr.css                    [39m[1m[2m144.86 kB[22m[1m[22m[2m │ gzip:  19.35 kB[22m
2026-10-09T14:22:56.5699197Z [2m../../../_temp/r2-complete-package/package/frontend-build/dist/[22m[36massets/Health-CKk-pQzM.js                  [39m[1m[2m  0.99 kB[22m[1m[22m[2m │ gzip:   0.57 kB[22m
2026-10-09T14:22:56.5700437Z [2m../../../_temp/r2-complete-package/package/frontend-build/dist/[22m[36massets/index-Boh1HfvI.js                   [39m[1m[2m 30.15 kB[22m[1m[22m[2m │ gzip:  10.01 kB[22m
2026-10-09T14:22:56.5701379Z [2m../../../_temp/r2-complete-package/package/frontend-build/dist/[22m[36massets/LocalTutorIntegration-Bvw3y47Y.js   [39m[1m[2m 42.44 kB[22m[1m[22m[2m │ gzip:  13.79 kB[22m
2026-10-09T14:22:56.5702362Z [2m../../../_temp/r2-complete-package/package/frontend-build/dist/[22m[36massets/style-XjGVyqXG.js                   [39m[1m[2m 45.00 kB[22m[1m[22m[2m │ gzip:   8.38 kB[22m
2026-10-09T14:22:56.5703263Z [2m../../../_temp/r2-complete-package/package/frontend-build/dist/[22m[36massets/query-vendor-CUnTvSIi.js            [39m[1m[2m 45.60 kB[22m[1m[22m[2m │ gzip:  13.56 kB[22m
2026-10-09T14:22:56.5704113Z [2m../../../_temp/r2-complete-package/package/frontend-build/dist/[22m[36massets/react-vendor-D3pO_op5.js            [39m[1m[2m142.98 kB[22m[1m[22m[2m │ gzip:  45.80 kB[22m
2026-10-09T14:22:56.5704803Z [2m../../../_temp/r2-complete-package/package/frontend-build/dist/[22m[36massets/editor-vendor-WoPbGn4i.js           [39m[1m[2m307.09 kB[22m[1m[22m[2m │ gzip:  93.11 kB[22m
2026-10-09T14:22:56.5705525Z [2m../../../_temp/r2-complete-package/package/frontend-build/dist/[22m[36massets/ExperimentalWorkbench-CZAW_JbV.js   [39m[1m[33m628.01 kB[39m[22m[2m │ gzip: 183.51 kB[22m
2026-10-09T14:22:56.5706232Z [2m../../../_temp/r2-complete-package/package/frontend-build/dist/[22m[36massets/App-CgCHrwYE.js                     [39m[1m[33m886.52 kB[39m[22m[2m │ gzip: 260.00 kB[22m
2026-10-09T14:22:56.6055898Z [31;1m[33m[0m
2026-10-09T14:22:56.6073813Z [31;1m(!) Some chunks are larger than 500 kB after minification. Consider:[0m
2026-10-09T14:22:56.6083785Z [31;1m- Using dynamic import() to code-split the application[0m
2026-10-09T14:22:56.6086571Z [31;1m- Use build.rollupOptions.output.manualChunks to improve chunking: https://rollupjs.org/configuration-options/#output-manualchunks[0m
2026-10-09T14:22:56.6088684Z [31;1m- Adjust chunk size limit for this warning via build.chunkSizeWarningLimit.[39m[0m
2026-10-09T14:22:56.6089414Z [32m✓ built in 4.04s[39m
2026-10-09T14:22:59.9452894Z   Determining projects to restore...
2026-10-09T14:23:07.7663862Z   Restored D:\a\AI-Novel-Studio\AI-Novel-Studio\desktop-host\AI.NovelStudio.DesktopHost\AI.NovelStudio.DesktopHost.csproj (in 7.45 sec).
2026-10-09T14:23:11.8770335Z   AI.NovelStudio.DesktopHost -> D:\a\AI-Novel-Studio\AI-Novel-Studio\desktop-host\AI.NovelStudio.DesktopHost\bin\Release\net8.0-windows\win-x64\AI-Novel-Studio.DesktopHost.dll
2026-10-09T14:23:12.2385420Z   AI.NovelStudio.DesktopHost -> D:\a\_temp\r2-complete-package\host\
2026-10-09T14:23:15.3884760Z APPLICATION_STAGED D:\a\_temp\r2-complete-package\package\Application
2026-10-09T14:23:15.3885322Z DESKTOPHOST_DLL_SHA256 D197410A91F3D8DDEF900CF3422EB7ADA817EC30FD6255FCEB7CEC8F8DFEC9BE
2026-10-09T14:23:15.3885966Z PROVENANCE_MANIFEST D:\a\_temp\r2-complete-package\package\desktophost-provenance.json
2026-10-09T14:23:15.3887329Z APPLICATION_PROVENANCE_MANIFEST D:\a\_temp\r2-complete-package\package\application-provenance.json
2026-10-09T14:23:26.7708969Z ACCEPTANCE_PACKAGE_ROOT D:\a\_temp\r2-complete-package\package\Package
2026-10-09T14:23:26.7709569Z ACCEPTANCE_ZIP D:\a\_temp\r2-complete-package\package\AI-Novel-Studio-Windows-DesktopHost-acceptance.zip
2026-10-09T14:23:26.7711034Z ACCEPTANCE_MANIFEST D:\a\_temp\r2-complete-package\package\acceptance-package-manifest.json
2026-10-09T14:23:26.7993287Z ##[group]Run python scripts/verify_windows_base.py --base "$env:R2_PACKAGE_ROOT/package/Application" --work-root "$env:R2_PACKAGE_ROOT/native-smoke" 2>&1 | Tee-Object "$env:R2_PACKAGE_ROOT/receipts/native-smoke.log"
2026-10-09T14:23:26.7994092Z [36;1mpython scripts/verify_windows_base.py --base "$env:R2_PACKAGE_ROOT/package/Application" --work-root "$env:R2_PACKAGE_ROOT/native-smoke" 2>&1 | Tee-Object "$env:R2_PACKAGE_ROOT/receipts/native-smoke.log"[0m
2026-10-09T14:23:26.7994518Z [36;1mexit $LASTEXITCODE[0m
2026-10-09T14:23:26.8018274Z shell: C:\Program Files\PowerShell\7\pwsh.EXE -command ". '{0}'"
2026-10-09T14:23:26.8018461Z env:
2026-10-09T14:23:26.8018566Z   MOCK_PROVIDER: true
2026-10-09T14:23:26.8018688Z   MOCK_STREAM_DELAY_MS: 0
2026-10-09T14:23:26.8018807Z   ENABLE_CLOUD: false
2026-10-09T14:23:26.8018933Z   CREDENTIAL_VAULT_BACKEND: memory
2026-10-09T14:23:26.8019084Z   CREDENTIAL_VAULT_ALLOW_MEMORY_FALLBACK: true
2026-10-09T14:23:26.8019281Z   PYTHONDONTWRITEBYTECODE: 1
2026-10-09T14:23:26.8019405Z   HF_HUB_OFFLINE: 1
2026-10-09T14:23:26.8019512Z   TRANSFORMERS_OFFLINE: 1
2026-10-09T14:23:26.8019668Z   pythonLocation: C:\hostedtoolcache\windows\Python\3.12.9\x64
2026-10-09T14:23:26.8020430Z   PKG_CONFIG_PATH: C:\hostedtoolcache\windows\Python\3.12.9\x64/lib/pkgconfig
2026-10-09T14:23:26.8020665Z   Python_ROOT_DIR: C:\hostedtoolcache\windows\Python\3.12.9\x64
2026-10-09T14:23:26.8020876Z   Python2_ROOT_DIR: C:\hostedtoolcache\windows\Python\3.12.9\x64
2026-10-09T14:23:26.8021083Z   Python3_ROOT_DIR: C:\hostedtoolcache\windows\Python\3.12.9\x64
2026-10-09T14:23:26.8021263Z   DOTNET_ROOT: C:\Program Files\dotnet
2026-10-09T14:23:26.8021431Z   R2_PACKAGE_ROOT: D:\a\_temp\r2-complete-package
2026-10-09T14:23:26.8021616Z   NOVEL_DATA_PATH: D:\a\_temp\r2-complete-package/data
2026-10-09T14:23:26.8021776Z   STORAGE_BACKEND: file
2026-10-09T14:23:26.8021914Z   PROJECT_ROOT: D:\a\AI-Novel-Studio\AI-Novel-Studio
2026-10-09T14:23:26.8022073Z ##[endgroup]
2026-10-09T14:23:27.0385670Z NATIVE_BASE_PROGRESS {"files": 5087, "stage": "inventory_start"}
2026-10-09T14:23:30.0677284Z NATIVE_BASE_PROGRESS {"files": 5087, "stage": "inventory_complete"}
2026-10-09T14:23:30.0678269Z NATIVE_BASE_PROGRESS {"executable": "python.exe", "number": 1, "stage": "command_start"}
2026-10-09T14:23:31.6255758Z NATIVE_BASE_PROGRESS {"executable": "python.exe", "exit_code": 0, "number": 1, "stage": "command_complete"}
2026-10-09T14:23:31.6374077Z NATIVE_BASE_PROGRESS {"executable": "postgres.exe", "number": 2, "stage": "command_start"}
2026-10-09T14:23:31.6746903Z NATIVE_BASE_PROGRESS {"executable": "postgres.exe", "exit_code": 0, "number": 2, "stage": "command_complete"}
2026-10-09T14:23:31.6753339Z NATIVE_BASE_PROGRESS {"executable": "initdb.exe", "number": 3, "stage": "command_start"}
2026-10-09T14:23:32.5070389Z NATIVE_BASE_PROGRESS {"executable": "initdb.exe", "exit_code": 0, "number": 3, "stage": "command_complete"}
2026-10-09T14:23:32.5076154Z NATIVE_BASE_PROGRESS {"executable": "pg_ctl.exe", "number": 4, "stage": "command_start"}
2026-10-09T14:23:32.6412013Z NATIVE_BASE_PROGRESS {"executable": "pg_ctl.exe", "exit_code": 0, "number": 4, "stage": "command_complete"}
2026-10-09T14:23:32.6415661Z NATIVE_BASE_PROGRESS {"executable": "psql.exe", "number": 5, "stage": "command_start"}
2026-10-09T14:23:32.6878801Z NATIVE_BASE_PROGRESS {"executable": "psql.exe", "exit_code": 0, "number": 5, "stage": "command_complete"}
2026-10-09T14:23:32.6879300Z NATIVE_BASE_PROGRESS {"executable": "pg_dump.exe", "number": 6, "stage": "command_start"}
2026-10-09T14:23:32.7620625Z NATIVE_BASE_PROGRESS {"executable": "pg_dump.exe", "exit_code": 0, "number": 6, "stage": "command_complete"}
2026-10-09T14:23:32.7626597Z NATIVE_BASE_PROGRESS {"executable": "createdb.exe", "number": 7, "stage": "command_start"}
2026-10-09T14:23:32.8443924Z NATIVE_BASE_PROGRESS {"executable": "createdb.exe", "exit_code": 0, "number": 7, "stage": "command_complete"}
2026-10-09T14:23:32.8451386Z NATIVE_BASE_PROGRESS {"executable": "pg_restore.exe", "number": 8, "stage": "command_start"}
2026-10-09T14:23:32.8857500Z NATIVE_BASE_PROGRESS {"executable": "pg_restore.exe", "exit_code": 0, "number": 8, "stage": "command_complete"}
2026-10-09T14:23:32.8863993Z NATIVE_BASE_PROGRESS {"executable": "psql.exe", "number": 9, "stage": "command_start"}
2026-10-09T14:23:32.9167394Z NATIVE_BASE_PROGRESS {"executable": "psql.exe", "exit_code": 0, "number": 9, "stage": "command_complete"}
2026-10-09T14:23:32.9201141Z NATIVE_BASE_PROGRESS {"executable": "python.exe", "number": 10, "stage": "command_start"}
2026-10-09T14:23:36.6807373Z NATIVE_BASE_PROGRESS {"executable": "python.exe", "exit_code": 0, "number": 10, "stage": "command_complete"}
2026-10-09T14:23:36.6812351Z NATIVE_BASE_PROGRESS {"executable": "pg_ctl.exe", "number": 11, "stage": "command_start"}
2026-10-09T14:23:36.8141498Z NATIVE_BASE_PROGRESS {"executable": "pg_ctl.exe", "exit_code": 0, "number": 11, "stage": "command_complete"}
2026-10-09T14:23:36.8160752Z {"kind": "native-windows-base-smoke", "status": "PASS", "public_release": false, "interactive_desktop": "NOT_RUN", "user_acceptance": "NOT_RUN", "python": {"python": [3, 12, 9], "isolated": 1, "psycopg_impl": "binary", "packages": {"annotated-doc": "0.0.5", "annotated-types": "0.8.0", "anyio": "4.15.1", "attrs": "26.1.0", "certifi": "2026.7.22", "charset-normalizer": "3.5.2", "click": "8.5.0", "colorama": "0.4.6", "fastapi": "0.142.2", "h11": "0.16.0", "httpcore": "1.0.9", "httpx": "0.28.1", "idna": "3.20", "jsonschema": "4.26.0", "jsonschema-specifications": "2025.9.1", "opentelemetry-api": "1.45.0", "pillow": "12.3.0", "psycopg": "3.3.6", "psycopg-binary": "3.3.6", "pydantic": "2.13.5", "pydantic-settings": "2.15.0", "pydantic_core": "2.46.5", "pypdf": "6.19.0", "python-dotenv": "1.2.4", "referencing": "0.37.0", "reportlab": "4.5.1", "rpds-py": "2026.9.1", "SQLAlchemy": "2.1.3", "starlette": "1.7.0", "typing-inspection": "0.4.4", "typing_extensions": "4.16.0", "tzdata": "2026.3", "uvicorn": "0.54.0"}}, "vc_runtime": {"msvcp140.dll": {"location": "C:\\Windows\\System32\\msvcp140.dll", "sha256": "7c26614e1d733892c2deac7e245ce115504b1d80592dd0a01b08e3e5a55f89ca"}, "vcruntime140.dll": {"location": "C:\\Windows\\System32\\vcruntime140.dll", "sha256": "d1f4225df2cd877dbf130d5668a021dce3f94118455ff5ec952061c30afc9ce7"}}, "postgres_version": "postgres (PostgreSQL) 16.15", "pgcrypto": "PASS", "custom_dump_restore": "PASS", "utf8_roundtrip": "PASS", "packaged_app_import": "PASS"}
2026-10-09T14:23:36.8656125Z ##[group]Run actions/upload-artifact@v4.6.2
2026-10-09T14:23:36.8656321Z with:
2026-10-09T14:23:36.8656504Z   name: windows-native-receipts-7f0d911549b04e8dbb7cf078316ad74c42095449
2026-10-09T14:23:36.8657266Z   path: D:\a\_temp\r2-complete-package/receipts
D:\a\_temp\r2-complete-package/base/base-input-provenance.json
D:\a\_temp\r2-complete-package/package/*.json
D:\a\_temp\r2-complete-package/package/*.txt
D:\a\_temp\r2-complete-package/native-smoke/native-base-smoke.json
D:\a\_temp\r2-complete-package/native-smoke/command-logs

2026-10-09T14:23:36.8657911Z   if-no-files-found: error
2026-10-09T14:23:36.8658041Z   retention-days: 14
2026-10-09T14:23:36.8658158Z   compression-level: 6
2026-10-09T14:23:36.8658310Z   overwrite: false
2026-10-09T14:23:36.8658439Z   include-hidden-files: false
2026-10-09T14:23:36.8658564Z env:
2026-10-09T14:23:36.8658674Z   MOCK_PROVIDER: true
2026-10-09T14:23:36.8658787Z   MOCK_STREAM_DELAY_MS: 0
2026-10-09T14:23:36.8658930Z   ENABLE_CLOUD: false
2026-10-09T14:23:36.8659052Z   CREDENTIAL_VAULT_BACKEND: memory
2026-10-09T14:23:36.8659199Z   CREDENTIAL_VAULT_ALLOW_MEMORY_FALLBACK: true
2026-10-09T14:23:36.8659357Z   PYTHONDONTWRITEBYTECODE: 1
2026-10-09T14:23:36.8659482Z   HF_HUB_OFFLINE: 1
2026-10-09T14:23:36.8659586Z   TRANSFORMERS_OFFLINE: 1
2026-10-09T14:23:36.8659744Z   pythonLocation: C:\hostedtoolcache\windows\Python\3.12.9\x64
2026-10-09T14:23:36.8659980Z   PKG_CONFIG_PATH: C:\hostedtoolcache\windows\Python\3.12.9\x64/lib/pkgconfig
2026-10-09T14:23:36.8660218Z   Python_ROOT_DIR: C:\hostedtoolcache\windows\Python\3.12.9\x64
2026-10-09T14:23:36.8660433Z   Python2_ROOT_DIR: C:\hostedtoolcache\windows\Python\3.12.9\x64
2026-10-09T14:23:36.8660645Z   Python3_ROOT_DIR: C:\hostedtoolcache\windows\Python\3.12.9\x64
2026-10-09T14:23:36.8660827Z   DOTNET_ROOT: C:\Program Files\dotnet
2026-10-09T14:23:36.8660982Z   R2_PACKAGE_ROOT: D:\a\_temp\r2-complete-package
2026-10-09T14:23:36.8661162Z   NOVEL_DATA_PATH: D:\a\_temp\r2-complete-package/data
2026-10-09T14:23:36.8661322Z   STORAGE_BACKEND: file
2026-10-09T14:23:36.8661457Z   PROJECT_ROOT: D:\a\AI-Novel-Studio\AI-Novel-Studio
2026-10-09T14:23:36.8661622Z ##[endgroup]
2026-10-09T14:23:36.9804524Z (node:6692) [DEP0040] DeprecationWarning: The `punycode` module is deprecated. Please use a userland alternative instead.
2026-10-09T14:23:36.9804994Z (Use `node --trace-deprecation ...` to show where the warning was created)
2026-10-09T14:23:36.9902954Z Multiple search paths detected. Calculating the least common ancestor of all paths
2026-10-09T14:23:36.9904750Z The least common ancestor is D:\a\_temp\r2-complete-package. This will be the root directory of the artifact
2026-10-09T14:23:36.9905204Z With the provided path, there will be 35 files uploaded
2026-10-09T14:23:36.9907847Z Artifact name is valid!
2026-10-09T14:23:36.9908788Z Root directory input is valid!
2026-10-09T14:23:37.2750948Z Beginning upload of artifact content to blob storage
2026-10-09T14:23:37.3318974Z (node:6692) [DEP0169] DeprecationWarning: `url.parse()` behavior is not standardized and prone to errors that have security implications. Use the WHATWG URL API instead. CVEs are not issued for `url.parse()` vulnerabilities.
2026-10-09T14:23:37.7198344Z Uploaded bytes 581670
2026-10-09T14:23:37.7633053Z Finished uploading artifact content to blob storage!
2026-10-09T14:23:37.7634211Z SHA256 digest of uploaded artifact zip is b34fc5deb3c1292882b8d2a918c55ae83fb5390b59e81453c69f2dc4dfe524f0
2026-10-09T14:23:37.7635817Z Finalizing artifact upload
2026-10-09T14:23:37.9946173Z Artifact windows-native-receipts-7f0d911549b04e8dbb7cf078316ad74c42095449.zip successfully finalized. Artifact ID 11621852836
2026-10-09T14:23:37.9947053Z Artifact windows-native-receipts-7f0d911549b04e8dbb7cf078316ad74c42095449 has been successfully uploaded! Final size is 581670 bytes. Artifact ID is 11621852836
2026-10-09T14:23:37.9955550Z Artifact download URL: https://github.com/1785235376-blip/AI-Novel-Studio/actions/runs/37943412489/artifacts/11621852836
2026-10-09T14:23:38.0147126Z ##[group]Run actions/upload-artifact@v4.6.2
2026-10-09T14:23:38.0147341Z with:
2026-10-09T14:23:38.0147511Z   name: windows-acceptance-7f0d911549b04e8dbb7cf078316ad74c42095449
2026-10-09T14:23:38.0148190Z   path: D:\a\_temp\r2-complete-package/receipts
D:\a\_temp\r2-complete-package/base/base-input-provenance.json
D:\a\_temp\r2-complete-package/package/*.json
D:\a\_temp\r2-complete-package/package/*.txt
D:\a\_temp\r2-complete-package/package/*.zip
D:\a\_temp\r2-complete-package/native-smoke/native-base-smoke.json

2026-10-09T14:23:38.0148809Z   if-no-files-found: error
2026-10-09T14:23:38.0148936Z   retention-days: 14
2026-10-09T14:23:38.0149056Z   compression-level: 6
2026-10-09T14:23:38.0149167Z   overwrite: false
2026-10-09T14:23:38.0149293Z   include-hidden-files: false
2026-10-09T14:23:38.0149427Z env:
2026-10-09T14:23:38.0149526Z   MOCK_PROVIDER: true
2026-10-09T14:23:38.0149639Z   MOCK_STREAM_DELAY_MS: 0
2026-10-09T14:23:38.0149756Z   ENABLE_CLOUD: false
2026-10-09T14:23:38.0149896Z   CREDENTIAL_VAULT_BACKEND: memory
2026-10-09T14:23:38.0150055Z   CREDENTIAL_VAULT_ALLOW_MEMORY_FALLBACK: true
2026-10-09T14:23:38.0150219Z   PYTHONDONTWRITEBYTECODE: 1
2026-10-09T14:23:38.0150349Z   HF_HUB_OFFLINE: 1
2026-10-09T14:23:38.0150458Z   TRANSFORMERS_OFFLINE: 1
2026-10-09T14:23:38.0150632Z   pythonLocation: C:\hostedtoolcache\windows\Python\3.12.9\x64
2026-10-09T14:23:38.0150877Z   PKG_CONFIG_PATH: C:\hostedtoolcache\windows\Python\3.12.9\x64/lib/pkgconfig
2026-10-09T14:23:38.0151124Z   Python_ROOT_DIR: C:\hostedtoolcache\windows\Python\3.12.9\x64
2026-10-09T14:23:38.0151345Z   Python2_ROOT_DIR: C:\hostedtoolcache\windows\Python\3.12.9\x64
2026-10-09T14:23:38.0151569Z   Python3_ROOT_DIR: C:\hostedtoolcache\windows\Python\3.12.9\x64
2026-10-09T14:23:38.0151756Z   DOTNET_ROOT: C:\Program Files\dotnet
2026-10-09T14:23:38.0151920Z   R2_PACKAGE_ROOT: D:\a\_temp\r2-complete-package
2026-10-09T14:23:38.0152111Z   NOVEL_DATA_PATH: D:\a\_temp\r2-complete-package/data
2026-10-09T14:23:38.0152290Z   STORAGE_BACKEND: file
2026-10-09T14:23:38.0152435Z   PROJECT_ROOT: D:\a\AI-Novel-Studio\AI-Novel-Studio
2026-10-09T14:23:38.0152610Z ##[endgroup]
2026-10-09T14:23:38.1319489Z (node:7232) [DEP0040] DeprecationWarning: The `punycode` module is deprecated. Please use a userland alternative instead.
2026-10-09T14:23:38.1319950Z (Use `node --trace-deprecation ...` to show where the warning was created)
2026-10-09T14:23:38.1389591Z Multiple search paths detected. Calculating the least common ancestor of all paths
2026-10-09T14:23:38.1391323Z The least common ancestor is D:\a\_temp\r2-complete-package. This will be the root directory of the artifact
2026-10-09T14:23:38.1391906Z With the provided path, there will be 14 files uploaded
2026-10-09T14:23:38.1395171Z Artifact name is valid!
2026-10-09T14:23:38.1396108Z Root directory input is valid!
2026-10-09T14:23:38.4240450Z Beginning upload of artifact content to blob storage
2026-10-09T14:23:38.6125150Z (node:7232) [DEP0169] DeprecationWarning: `url.parse()` behavior is not standardized and prone to errors that have security implications. Use the WHATWG URL API instead. CVEs are not issued for `url.parse()` vulnerabilities.
2026-10-09T14:23:39.3860553Z Uploaded bytes 8388608
2026-10-09T14:23:39.4823228Z Uploaded bytes 16777216
2026-10-09T14:23:39.5738269Z Uploaded bytes 25165824
2026-10-09T14:23:39.6657637Z Uploaded bytes 33554432
2026-10-09T14:23:39.7177757Z Uploaded bytes 41943040
2026-10-09T14:23:39.7650873Z Uploaded bytes 50331648
2026-10-09T14:23:39.8276249Z Uploaded bytes 58720256
2026-10-09T14:23:40.0252283Z Uploaded bytes 67108864
2026-10-09T14:23:40.1800684Z Uploaded bytes 75497472
2026-10-09T14:23:40.3496275Z Uploaded bytes 83886080
2026-10-09T14:23:40.5665261Z Uploaded bytes 92274688
2026-10-09T14:23:40.6506666Z Uploaded bytes 100663296
2026-10-09T14:23:40.9349983Z Uploaded bytes 109051904
2026-10-09T14:23:41.0519843Z Uploaded bytes 117440512
2026-10-09T14:23:41.2511912Z Uploaded bytes 125829120
2026-10-09T14:23:41.4071844Z Uploaded bytes 134217728
2026-10-09T14:23:41.5722018Z Uploaded bytes 142606336
2026-10-09T14:23:41.7895835Z Uploaded bytes 150994944
2026-10-09T14:23:41.9773544Z Uploaded bytes 159383552
2026-10-09T14:23:42.1329421Z Uploaded bytes 163698614
2026-10-09T14:23:42.1780102Z Finished uploading artifact content to blob storage!
2026-10-09T14:23:42.1782268Z SHA256 digest of uploaded artifact zip is 58c2d254d2110ff0ce5465b6f1413b3cee8a05f20a36a34a92011f4b83733a2f
2026-10-09T14:23:42.1783461Z Finalizing artifact upload
2026-10-09T14:23:42.4564813Z Artifact windows-acceptance-7f0d911549b04e8dbb7cf078316ad74c42095449.zip successfully finalized. Artifact ID 11621862606
2026-10-09T14:23:42.4565668Z Artifact windows-acceptance-7f0d911549b04e8dbb7cf078316ad74c42095449 has been successfully uploaded! Final size is 163698614 bytes. Artifact ID is 11621862606
2026-10-09T14:23:42.4572039Z Artifact download URL: https://github.com/1785235376-blip/AI-Novel-Studio/actions/runs/37943412489/artifacts/11621862606
2026-10-09T14:23:42.4808587Z Post job cleanup.
2026-10-09T14:23:42.5679085Z (node:1012) [DEP0040] DeprecationWarning: The `punycode` module is deprecated. Please use a userland alternative instead.
2026-10-09T14:23:42.5679551Z (Use `node --trace-deprecation ...` to show where the warning was created)
2026-10-09T14:23:42.5858454Z Post job cleanup.
2026-10-09T14:23:42.6727831Z (node:7208) [DEP0040] DeprecationWarning: The `punycode` module is deprecated. Please use a userland alternative instead.
2026-10-09T14:23:42.6728569Z (Use `node --trace-deprecation ...` to show where the warning was created)
2026-10-09T14:23:42.6905906Z Post job cleanup.
2026-10-09T14:23:42.7768498Z (node:6352) [DEP0040] DeprecationWarning: The `punycode` module is deprecated. Please use a userland alternative instead.
2026-10-09T14:23:42.7768989Z (Use `node --trace-deprecation ...` to show where the warning was created)
2026-10-09T14:23:42.7948624Z Post job cleanup.
2026-10-09T14:23:42.9105421Z [command]"C:\Program Files\Git\bin\git.exe" version
2026-10-09T14:23:42.9302039Z git version 2.56.0.windows.1
2026-10-09T14:23:42.9337968Z Temporarily overriding HOME='D:\a\_temp\b9ad9aeb-7cbc-4db7-b9c0-03319f2d1983' before making global git config changes
2026-10-09T14:23:42.9338550Z Adding repository directory to the temporary git global config as a safe directory
2026-10-09T14:23:42.9344779Z [command]"C:\Program Files\Git\bin\git.exe" config --global --add safe.directory D:\a\AI-Novel-Studio\AI-Novel-Studio
2026-10-09T14:23:42.9551001Z [command]"C:\Program Files\Git\bin\git.exe" config --local --name-only --get-regexp core\.sshCommand
2026-10-09T14:23:42.9751575Z [command]"C:\Program Files\Git\bin\git.exe" submodule foreach --recursive "sh -c \"git config --local --name-only --get-regexp 'core\.sshCommand' && git config --local --unset-all 'core.sshCommand' || :\""
2026-10-09T14:23:43.3479990Z [command]"C:\Program Files\Git\bin\git.exe" config --local --name-only --get-regexp http\.https\:\/\/github\.com\/\.extraheader
2026-10-09T14:23:43.3685250Z [command]"C:\Program Files\Git\bin\git.exe" submodule foreach --recursive "sh -c \"git config --local --name-only --get-regexp 'http\.https\:\/\/github\.com\/\.extraheader' && git config --local --unset-all 'http.https://github.com/.extraheader' || :\""
2026-10-09T14:23:43.7371201Z Cleaning up orphan processes
2026-10-09T14:23:43.7901124Z Terminate orphan process: pid (7204) (dotnet)
2026-10-09T14:23:43.8129214Z Terminate orphan process: pid (5344) (conhost)
2026-10-09T14:23:43.8140461Z ##[warning]Node.js 20 is deprecated. The following actions target Node.js 20 but are being forced to run on Node.js 24: actions/checkout@v4.2.2, actions/setup-dotnet@v4, actions/setup-node@v4.4.0, actions/setup-python@v5.6.0, actions/upload-artifact@v4.6.2. For more information see: https://github.blog/changelog/2025-09-19-deprecation-of-node-20-on-github-actions-runners/
