2026-10-09T14:20:14.4668200Z Current runner version: '2.337.0'
2026-10-09T14:20:14.4704079Z ##[group]Runner Image Provisioner
2026-10-09T14:20:14.4705699Z Hosted Compute Agent
2026-10-09T14:20:14.4706661Z Version: 20261002.596
2026-10-09T14:20:14.4707945Z Commit: c3d12f3313a95f25162a1503be624f3b0617f8c0
2026-10-09T14:20:14.4709221Z Build Date: 2026-10-02T22:28:27Z
2026-10-09T14:20:14.4710856Z Worker ID: {9eda4ec7-2f12-4fbe-8b4f-49b146133ca7}
2026-10-09T14:20:14.4712136Z Region: eastus
2026-10-09T14:20:14.4713038Z Cloud: Azure
2026-10-09T14:20:14.4713959Z ##[endgroup]
2026-10-09T14:20:14.4716338Z ##[group]Operating System
2026-10-09T14:20:14.4717537Z Ubuntu
2026-10-09T14:20:14.4718428Z 24.04.5
2026-10-09T14:20:14.4719594Z LTS
2026-10-09T14:20:14.4720620Z ##[endgroup]
2026-10-09T14:20:14.4721509Z ##[group]Runner Image
2026-10-09T14:20:14.4722642Z Image: ubuntu-24.04
2026-10-09T14:20:14.4723614Z Version: 20261004.327.1
2026-10-09T14:20:14.4725812Z Included Software: https://github.com/actions/runner-images/blob/ubuntu24/20261004.327/images/ubuntu/Ubuntu2404-Readme.md
2026-10-09T14:20:14.4728524Z Image Release: https://github.com/actions/runner-images/releases/tag/ubuntu24%2F20261004.327
2026-10-09T14:20:14.4730755Z ##[endgroup]
2026-10-09T14:20:14.4732591Z ##[group]GITHUB_TOKEN Permissions
2026-10-09T14:20:14.4735722Z Contents: read
2026-10-09T14:20:14.4736703Z Metadata: read
2026-10-09T14:20:14.4737707Z ##[endgroup]
2026-10-09T14:20:14.4741082Z Secret source: Actions
2026-10-09T14:20:14.4742795Z Cache mode: write
2026-10-09T14:20:14.4743909Z Prepare workflow directory
2026-10-09T14:20:14.5274167Z Prepare all required actions
2026-10-09T14:20:14.5323410Z Getting action download info
2026-10-09T14:20:14.7342412Z Download action repository 'actions/checkout@v4.2.2' (SHA:11bd71901bbe5b1630ceea73d27597364c9af683)
2026-10-09T14:20:14.8581673Z Download action repository 'actions/setup-node@v4.4.0' (SHA:49933ea5288caeca8642d1e84afbd3f7d6820020)
2026-10-09T14:20:14.9457551Z Download action repository 'actions/setup-python@v5.6.0' (SHA:a26af69be951a213d495a4c3e4e4022e16d87065)
2026-10-09T14:20:15.0227531Z Download action repository 'actions/upload-artifact@v4.6.2' (SHA:ea165f8d65b6e75b540449e92b4886f43607fa02)
2026-10-09T14:20:15.2352345Z Complete job name: V2 / Creative live workflows and geometry
2026-10-09T14:20:15.3169213Z ##[group]Run actions/checkout@v4.2.2
2026-10-09T14:20:15.3170501Z with:
2026-10-09T14:20:15.3170961Z   persist-credentials: false
2026-10-09T14:20:15.3171536Z   repository: 1785235376-blip/AI-Novel-Studio
2026-10-09T14:20:15.3175350Z   token: ***
2026-10-09T14:20:15.3175776Z   ssh-strict: true
2026-10-09T14:20:15.3176208Z   ssh-user: git
2026-10-09T14:20:15.3176621Z   clean: true
2026-10-09T14:20:15.3177058Z   sparse-checkout-cone-mode: true
2026-10-09T14:20:15.3177583Z   fetch-depth: 1
2026-10-09T14:20:15.3178058Z   fetch-tags: false
2026-10-09T14:20:15.3178505Z   show-progress: true
2026-10-09T14:20:15.3178947Z   lfs: false
2026-10-09T14:20:15.3179568Z   submodules: false
2026-10-09T14:20:15.3180053Z   set-safe-directory: true
2026-10-09T14:20:15.3180832Z env:
2026-10-09T14:20:15.3181250Z   MOCK_PROVIDER: true
2026-10-09T14:20:15.3181725Z   MOCK_STREAM_DELAY_MS: 0
2026-10-09T14:20:15.3182195Z   ENABLE_CLOUD: false
2026-10-09T14:20:15.3182659Z   CREDENTIAL_VAULT_BACKEND: memory
2026-10-09T14:20:15.3183276Z   CREDENTIAL_VAULT_ALLOW_MEMORY_FALLBACK: true
2026-10-09T14:20:15.3183884Z   PYTHONDONTWRITEBYTECODE: 1
2026-10-09T14:20:15.3184385Z   HF_HUB_OFFLINE: 1
2026-10-09T14:20:15.3184822Z   TRANSFORMERS_OFFLINE: 1
2026-10-09T14:20:15.3185295Z ##[endgroup]
2026-10-09T14:20:15.4242343Z Syncing repository: 1785235376-blip/AI-Novel-Studio
2026-10-09T14:20:15.4245056Z ##[group]Getting Git version info
2026-10-09T14:20:15.4246280Z Working directory is '/home/runner/work/AI-Novel-Studio/AI-Novel-Studio'
2026-10-09T14:20:15.4248032Z [command]/usr/bin/git version
2026-10-09T14:20:15.4385634Z git version 2.55.0
2026-10-09T14:20:15.4423238Z ##[endgroup]
2026-10-09T14:20:15.4434528Z Temporarily overriding HOME='/home/runner/work/_temp/b6f8d3fa-f80b-4550-8d22-97dbac659a05' before making global git config changes
2026-10-09T14:20:15.4437361Z Adding repository directory to the temporary git global config as a safe directory
2026-10-09T14:20:15.4441524Z [command]/usr/bin/git config --global --add safe.directory /home/runner/work/AI-Novel-Studio/AI-Novel-Studio
2026-10-09T14:20:15.4505463Z Deleting the contents of '/home/runner/work/AI-Novel-Studio/AI-Novel-Studio'
2026-10-09T14:20:15.4510607Z ##[group]Initializing the repository
2026-10-09T14:20:15.4517067Z [command]/usr/bin/git init /home/runner/work/AI-Novel-Studio/AI-Novel-Studio
2026-10-09T14:20:15.4656089Z hint: Using 'master' as the name for the initial branch. This default branch name
2026-10-09T14:20:15.4658039Z hint: will change to "main" in Git 3.0. To configure the initial branch name
2026-10-09T14:20:15.4659967Z hint: to use in all of your new repositories, which will suppress this warning,
2026-10-09T14:20:15.4661435Z hint: call:
2026-10-09T14:20:15.4663465Z hint:
2026-10-09T14:20:15.4664474Z hint: 	git config --global init.defaultBranch <name>
2026-10-09T14:20:15.4667308Z hint:
2026-10-09T14:20:15.4668522Z hint: Names commonly chosen instead of 'master' are 'main', 'trunk' and
2026-10-09T14:20:15.4670786Z hint: 'development'. The just-created branch can be renamed via this command:
2026-10-09T14:20:15.4672201Z hint:
2026-10-09T14:20:15.4672975Z hint: 	git branch -m <name>
2026-10-09T14:20:15.4673848Z hint:
2026-10-09T14:20:15.4675322Z hint: Disable this message with "git config set advice.defaultBranchName false"
2026-10-09T14:20:15.4677754Z Initialized empty Git repository in /home/runner/work/AI-Novel-Studio/AI-Novel-Studio/.git/
2026-10-09T14:20:15.4681285Z [command]/usr/bin/git remote add origin https://github.com/1785235376-blip/AI-Novel-Studio
2026-10-09T14:20:15.4757368Z ##[endgroup]
2026-10-09T14:20:15.4758658Z ##[group]Disabling automatic garbage collection
2026-10-09T14:20:15.4767682Z [command]/usr/bin/git config --local gc.auto 0
2026-10-09T14:20:15.4813595Z ##[endgroup]
2026-10-09T14:20:15.4815227Z ##[group]Setting up auth
2026-10-09T14:20:15.4834297Z [command]/usr/bin/git config --local --name-only --get-regexp core\.sshCommand
2026-10-09T14:20:15.4889895Z [command]/usr/bin/git submodule foreach --recursive sh -c "git config --local --name-only --get-regexp 'core\.sshCommand' && git config --local --unset-all 'core.sshCommand' || :"
2026-10-09T14:20:15.5400477Z [command]/usr/bin/git config --local --name-only --get-regexp http\.https\:\/\/github\.com\/\.extraheader
2026-10-09T14:20:15.5440546Z [command]/usr/bin/git submodule foreach --recursive sh -c "git config --local --name-only --get-regexp 'http\.https\:\/\/github\.com\/\.extraheader' && git config --local --unset-all 'http.https://github.com/.extraheader' || :"
2026-10-09T14:20:15.5691510Z [command]/usr/bin/git config --local http.https://github.com/.extraheader AUTHORIZATION: basic ***
2026-10-09T14:20:15.5736814Z ##[endgroup]
2026-10-09T14:20:15.5737830Z ##[group]Fetching the repository
2026-10-09T14:20:15.5747930Z [command]/usr/bin/git -c protocol.version=2 fetch --no-tags --prune --no-recurse-submodules --depth=1 origin +99c43b6892038233c390be2ae61acb669163d0b5:refs/remotes/origin/feature/v2-narrative-platform
2026-10-09T14:20:19.2527995Z From https://github.com/1785235376-blip/AI-Novel-Studio
2026-10-09T14:20:19.2531442Z  * [new ref]         99c43b6892038233c390be2ae61acb669163d0b5 -> origin/feature/v2-narrative-platform
2026-10-09T14:20:19.2544529Z ##[endgroup]
2026-10-09T14:20:19.2546759Z ##[group]Determining the checkout info
2026-10-09T14:20:19.2548997Z ##[endgroup]
2026-10-09T14:20:19.2556593Z [command]/usr/bin/git sparse-checkout disable
2026-10-09T14:20:19.2646212Z [command]/usr/bin/git config --local --unset-all extensions.worktreeConfig
2026-10-09T14:20:19.2685644Z ##[group]Checking out the ref
2026-10-09T14:20:19.2691356Z [command]/usr/bin/git checkout --progress --force -B feature/v2-narrative-platform refs/remotes/origin/feature/v2-narrative-platform
2026-10-09T14:20:19.9408266Z Switched to a new branch 'feature/v2-narrative-platform'
2026-10-09T14:20:19.9411951Z branch 'feature/v2-narrative-platform' set up to track 'origin/feature/v2-narrative-platform'.
2026-10-09T14:20:19.9449725Z ##[endgroup]
2026-10-09T14:20:19.9502847Z [command]/usr/bin/git log -1 --format=%H
2026-10-09T14:20:19.9531080Z 99c43b6892038233c390be2ae61acb669163d0b5
2026-10-09T14:20:19.9543390Z ##[group]Removing auth
2026-10-09T14:20:19.9548408Z [command]/usr/bin/git config --local --name-only --get-regexp core\.sshCommand
2026-10-09T14:20:19.9586381Z [command]/usr/bin/git submodule foreach --recursive sh -c "git config --local --name-only --get-regexp 'core\.sshCommand' && git config --local --unset-all 'core.sshCommand' || :"
2026-10-09T14:20:19.9818514Z [command]/usr/bin/git config --local --name-only --get-regexp http\.https\:\/\/github\.com\/\.extraheader
2026-10-09T14:20:19.9851913Z http.https://github.com/.extraheader
2026-10-09T14:20:19.9862281Z [command]/usr/bin/git config --local --unset-all http.https://github.com/.extraheader
2026-10-09T14:20:19.9902971Z [command]/usr/bin/git submodule foreach --recursive sh -c "git config --local --name-only --get-regexp 'http\.https\:\/\/github\.com\/\.extraheader' && git config --local --unset-all 'http.https://github.com/.extraheader' || :"
2026-10-09T14:20:20.0129217Z ##[endgroup]
2026-10-09T14:20:20.0490907Z ##[group]Run actions/setup-node@v4.4.0
2026-10-09T14:20:20.0492044Z with:
2026-10-09T14:20:20.0492849Z   node-version: 22.14.0
2026-10-09T14:20:20.0493771Z   always-auth: false
2026-10-09T14:20:20.0494659Z   check-latest: false
2026-10-09T14:20:20.0502889Z   token: ***
2026-10-09T14:20:20.0503703Z env:
2026-10-09T14:20:20.0504489Z   MOCK_PROVIDER: true
2026-10-09T14:20:20.0505422Z   MOCK_STREAM_DELAY_MS: 0
2026-10-09T14:20:20.0506343Z   ENABLE_CLOUD: false
2026-10-09T14:20:20.0507256Z   CREDENTIAL_VAULT_BACKEND: memory
2026-10-09T14:20:20.0508382Z   CREDENTIAL_VAULT_ALLOW_MEMORY_FALLBACK: true
2026-10-09T14:20:20.0509860Z   PYTHONDONTWRITEBYTECODE: 1
2026-10-09T14:20:20.0510850Z   HF_HUB_OFFLINE: 1
2026-10-09T14:20:20.0511751Z   TRANSFORMERS_OFFLINE: 1
2026-10-09T14:20:20.0512653Z ##[endgroup]
2026-10-09T14:20:20.1987078Z Attempting to download 22.14.0...
2026-10-09T14:20:20.2097791Z (node:2336) [DEP0040] DeprecationWarning: The `punycode` module is deprecated. Please use a userland alternative instead.
2026-10-09T14:20:20.2102128Z (Use `node --trace-deprecation ...` to show where the warning was created)
2026-10-09T14:20:20.7275035Z Acquiring 22.14.0 - x64 from https://github.com/actions/node-versions/releases/download/22.14.0-13265982013/node-22.14.0-linux-x64.tar.gz
2026-10-09T14:20:21.2578492Z Extracting ...
2026-10-09T14:20:21.2720955Z [command]/usr/bin/tar xz --strip 1 --warning=no-unknown-keyword --overwrite -C /home/runner/work/_temp/ac2778de-712f-43f2-9f8d-96eb8d1b5667 -f /home/runner/work/_temp/b0191470-15ff-4386-80e2-55871cc3d103
2026-10-09T14:20:22.4883342Z Adding to the cache ...
2026-10-09T14:20:24.6746909Z ##[group]Environment details
2026-10-09T14:20:24.9092474Z node: v22.14.0
2026-10-09T14:20:24.9093032Z npm: 10.9.2
2026-10-09T14:20:24.9093921Z yarn: 1.22.22
2026-10-09T14:20:24.9094606Z ##[endgroup]
2026-10-09T14:20:24.9354051Z ##[group]Run actions/setup-python@v5.6.0
2026-10-09T14:20:24.9354605Z with:
2026-10-09T14:20:24.9354966Z   python-version: 3.12.9
2026-10-09T14:20:24.9355374Z   check-latest: false
2026-10-09T14:20:24.9360063Z   token: ***
2026-10-09T14:20:24.9360474Z   update-environment: true
2026-10-09T14:20:24.9360936Z   allow-prereleases: false
2026-10-09T14:20:24.9361351Z   freethreaded: false
2026-10-09T14:20:24.9361722Z env:
2026-10-09T14:20:24.9362047Z   MOCK_PROVIDER: true
2026-10-09T14:20:24.9362432Z   MOCK_STREAM_DELAY_MS: 0
2026-10-09T14:20:24.9362840Z   ENABLE_CLOUD: false
2026-10-09T14:20:24.9363225Z   CREDENTIAL_VAULT_BACKEND: memory
2026-10-09T14:20:24.9363735Z   CREDENTIAL_VAULT_ALLOW_MEMORY_FALLBACK: true
2026-10-09T14:20:24.9364271Z   PYTHONDONTWRITEBYTECODE: 1
2026-10-09T14:20:24.9364691Z   HF_HUB_OFFLINE: 1
2026-10-09T14:20:24.9365067Z   TRANSFORMERS_OFFLINE: 1
2026-10-09T14:20:24.9365795Z ##[endgroup]
2026-10-09T14:20:25.0841160Z ##[group]Installed versions
2026-10-09T14:20:25.0875105Z Version 3.12.9 was not found in the local cache
2026-10-09T14:20:25.0985012Z (node:2373) [DEP0040] DeprecationWarning: The `punycode` module is deprecated. Please use a userland alternative instead.
2026-10-09T14:20:25.0986885Z (Use `node --trace-deprecation ...` to show where the warning was created)
2026-10-09T14:20:25.7520535Z Version 3.12.9 is available for downloading
2026-10-09T14:20:25.7523445Z Download from "https://github.com/actions/python-versions/releases/download/3.12.9-13149478207/python-3.12.9-linux-24.04-x64.tar.gz"
2026-10-09T14:20:26.6214879Z Extract downloaded archive
2026-10-09T14:20:26.6342860Z [command]/usr/bin/tar xz --warning=no-unknown-keyword --overwrite -C /home/runner/work/_temp/cc167de1-327a-4566-a7cf-77afc1805ab6 -f /home/runner/work/_temp/7180a539-db66-4b14-8b7b-7aac20de75d4
2026-10-09T14:20:28.6779549Z Execute installation script
2026-10-09T14:20:28.6882346Z Check if Python hostedtoolcache folder exist...
2026-10-09T14:20:28.6883090Z Create Python 3.12.9 folder
2026-10-09T14:20:28.6900324Z Copy Python binaries to hostedtoolcache folder
2026-10-09T14:20:29.1665888Z Create additional symlinks (Required for the UsePythonVersion Azure Pipelines task and the setup-python GitHub Action)
2026-10-09T14:20:29.1708821Z Upgrading pip...
2026-10-09T14:20:31.5606597Z Looking in links: /tmp/tmp60czs3jo
2026-10-09T14:20:31.5611549Z Requirement already satisfied: pip in /opt/hostedtoolcache/Python/3.12.9/x64/lib/python3.12/site-packages (24.3.1)
2026-10-09T14:20:33.1441703Z Collecting pip
2026-10-09T14:20:33.1770113Z Downloading pip-26.2.1-py3-none-any.whl.metadata (4.6 kB)
2026-10-09T14:20:33.1851554Z Downloading pip-26.2.1-py3-none-any.whl (1.8 MB)
2026-10-09T14:20:33.2301309Z ━━━━━━━━━━━━━━━━━━━━━━━━━━━━━━━━━━━━━━━━ 1.8/1.8 MB 63.2 MB/s eta 0:00:00
2026-10-09T14:20:33.2302079Z 
2026-10-09T14:20:33.2520046Z Installing collected packages: pip
2026-10-09T14:20:33.2520956Z Attempting uninstall: pip
2026-10-09T14:20:33.2542018Z Found existing installation: pip 24.3.1
2026-10-09T14:20:33.2908050Z Uninstalling pip-24.3.1:
2026-10-09T14:20:33.2966804Z Successfully uninstalled pip-24.3.1
2026-10-09T14:20:34.1829824Z Successfully installed pip-26.2.1
2026-10-09T14:20:34.2423800Z Create complete file
2026-10-09T14:20:34.2463045Z Successfully set up CPython (3.12.9)
2026-10-09T14:20:34.2463859Z ##[endgroup]
2026-10-09T14:20:34.2634080Z ##[group]Run bash .github/ci/prepare.sh v2-creative-browser
2026-10-09T14:20:34.2634591Z [36;1mbash .github/ci/prepare.sh v2-creative-browser[0m
2026-10-09T14:20:34.2924899Z shell: /usr/bin/bash -e {0}
2026-10-09T14:20:34.2925253Z env:
2026-10-09T14:20:34.2925511Z   MOCK_PROVIDER: true
2026-10-09T14:20:34.2925808Z   MOCK_STREAM_DELAY_MS: 0
2026-10-09T14:20:34.2926098Z   ENABLE_CLOUD: false
2026-10-09T14:20:34.2926406Z   CREDENTIAL_VAULT_BACKEND: memory
2026-10-09T14:20:34.2926790Z   CREDENTIAL_VAULT_ALLOW_MEMORY_FALLBACK: true
2026-10-09T14:20:34.2927185Z   PYTHONDONTWRITEBYTECODE: 1
2026-10-09T14:20:34.2927510Z   HF_HUB_OFFLINE: 1
2026-10-09T14:20:34.2927742Z   TRANSFORMERS_OFFLINE: 1
2026-10-09T14:20:34.2928067Z   pythonLocation: /opt/hostedtoolcache/Python/3.12.9/x64
2026-10-09T14:20:34.2928552Z   PKG_CONFIG_PATH: /opt/hostedtoolcache/Python/3.12.9/x64/lib/pkgconfig
2026-10-09T14:20:34.2929022Z   Python_ROOT_DIR: /opt/hostedtoolcache/Python/3.12.9/x64
2026-10-09T14:20:34.2929766Z   Python2_ROOT_DIR: /opt/hostedtoolcache/Python/3.12.9/x64
2026-10-09T14:20:34.2930196Z   Python3_ROOT_DIR: /opt/hostedtoolcache/Python/3.12.9/x64
2026-10-09T14:20:34.2930625Z   LD_LIBRARY_PATH: /opt/hostedtoolcache/Python/3.12.9/x64/lib
2026-10-09T14:20:34.2930988Z ##[endgroup]
2026-10-09T14:20:35.0305821Z ##[group]Run npm install --global pnpm@10.6.5
2026-10-09T14:20:35.0306229Z [36;1mnpm install --global pnpm@10.6.5[0m
2026-10-09T14:20:35.0306550Z [36;1mpnpm install --frozen-lockfile[0m
2026-10-09T14:20:35.0307067Z [36;1m{ node --version; pnpm --version; sha256sum pnpm-lock.yaml; } > "$CI_RECEIPTS/frontend-tools.txt"[0m
2026-10-09T14:20:35.0307839Z [36;1mpnpm exec playwright install --with-deps chromium[0m
2026-10-09T14:20:35.0372225Z shell: /usr/bin/bash -e {0}
2026-10-09T14:20:35.0372502Z env:
2026-10-09T14:20:35.0372717Z   MOCK_PROVIDER: true
2026-10-09T14:20:35.0372972Z   MOCK_STREAM_DELAY_MS: 0
2026-10-09T14:20:35.0373225Z   ENABLE_CLOUD: false
2026-10-09T14:20:35.0373479Z   CREDENTIAL_VAULT_BACKEND: memory
2026-10-09T14:20:35.0373799Z   CREDENTIAL_VAULT_ALLOW_MEMORY_FALLBACK: true
2026-10-09T14:20:35.0374139Z   PYTHONDONTWRITEBYTECODE: 1
2026-10-09T14:20:35.0374406Z   HF_HUB_OFFLINE: 1
2026-10-09T14:20:35.0374645Z   TRANSFORMERS_OFFLINE: 1
2026-10-09T14:20:35.0375003Z   pythonLocation: /opt/hostedtoolcache/Python/3.12.9/x64
2026-10-09T14:20:35.0375482Z   PKG_CONFIG_PATH: /opt/hostedtoolcache/Python/3.12.9/x64/lib/pkgconfig
2026-10-09T14:20:35.0375961Z   Python_ROOT_DIR: /opt/hostedtoolcache/Python/3.12.9/x64
2026-10-09T14:20:35.0376388Z   Python2_ROOT_DIR: /opt/hostedtoolcache/Python/3.12.9/x64
2026-10-09T14:20:35.0376821Z   Python3_ROOT_DIR: /opt/hostedtoolcache/Python/3.12.9/x64
2026-10-09T14:20:35.0377255Z   LD_LIBRARY_PATH: /opt/hostedtoolcache/Python/3.12.9/x64/lib
2026-10-09T14:20:35.0377683Z   CI_COVERAGE_SHA: 99c43b6892038233c390be2ae61acb669163d0b5
2026-10-09T14:20:35.0378092Z   CI_COVERAGE_TREE: 69d69ffe71838263069d164a0a07b39b5f4a4333
2026-10-09T14:20:35.0378588Z   CI_SANDBOX: /home/runner/work/_temp/novel-ci-v2-creative-browser.a1D6wV
2026-10-09T14:20:35.0379168Z   CI_PROJECT: /home/runner/work/_temp/novel-ci-v2-creative-browser.a1D6wV/project
2026-10-09T14:20:35.0380295Z   CI_RECEIPTS: /home/runner/work/_temp/novel-ci-v2-creative-browser.a1D6wV/receipts
2026-10-09T14:20:35.0380891Z   HOME: /home/runner/work/_temp/novel-ci-v2-creative-browser.a1D6wV/home
2026-10-09T14:20:35.0381457Z   USERPROFILE: /home/runner/work/_temp/novel-ci-v2-creative-browser.a1D6wV/home
2026-10-09T14:20:35.0400924Z   APPDATA: /home/runner/work/_temp/novel-ci-v2-creative-browser.a1D6wV/appdata
2026-10-09T14:20:35.0401622Z   LOCALAPPDATA: /home/runner/work/_temp/novel-ci-v2-creative-browser.a1D6wV/localappdata
2026-10-09T14:20:35.0402226Z   XDG_CONFIG_HOME: /home/runner/work/_temp/novel-ci-v2-creative-browser.a1D6wV/config
2026-10-09T14:20:35.0402802Z   XDG_CACHE_HOME: /home/runner/work/_temp/novel-ci-v2-creative-browser.a1D6wV/cache
2026-10-09T14:20:35.0403352Z   XDG_DATA_HOME: /home/runner/work/_temp/novel-ci-v2-creative-browser.a1D6wV/data
2026-10-09T14:20:35.0403871Z   XDG_STATE_HOME: /home/runner/work/_temp/novel-ci-v2-creative-browser.a1D6wV/state
2026-10-09T14:20:35.0404370Z   TMPDIR: /home/runner/work/_temp/novel-ci-v2-creative-browser.a1D6wV/tmp
2026-10-09T14:20:35.0404840Z   TMP: /home/runner/work/_temp/novel-ci-v2-creative-browser.a1D6wV/tmp
2026-10-09T14:20:35.0405288Z   TEMP: /home/runner/work/_temp/novel-ci-v2-creative-browser.a1D6wV/tmp
2026-10-09T14:20:35.0405781Z   PROJECT_ROOT: /home/runner/work/_temp/novel-ci-v2-creative-browser.a1D6wV/project
2026-10-09T14:20:35.0406338Z   NOVEL_DATA_PATH: /home/runner/work/_temp/novel-ci-v2-creative-browser.a1D6wV/data/novels
2026-10-09T14:20:35.0406905Z   BACKUP_PATH: /home/runner/work/_temp/novel-ci-v2-creative-browser.a1D6wV/data/backups
2026-10-09T14:20:35.0407528Z   DATABASE_BACKUP_PATH: /home/runner/work/_temp/novel-ci-v2-creative-browser.a1D6wV/data/database-backups
2026-10-09T14:20:35.0408182Z   KNOWLEDGE_SOURCE_PATH: /home/runner/work/_temp/novel-ci-v2-creative-browser.a1D6wV/data/novels
2026-10-09T14:20:35.0408630Z ##[endgroup]
2026-10-09T14:20:36.1863893Z 
2026-10-09T14:20:36.1864811Z added 1 package in 1s
2026-10-09T14:20:36.1865310Z 
2026-10-09T14:20:36.1865591Z 1 package is looking for funding
2026-10-09T14:20:36.1866420Z   run `npm fund` for details
2026-10-09T14:20:36.6733203Z Lockfile is up to date, resolution step is skipped
2026-10-09T14:20:36.7166707Z Progress: resolved 1, reused 0, downloaded 0, added 0
2026-10-09T14:20:36.7749898Z Packages: +249
2026-10-09T14:20:36.7770257Z ++++++++++++++++++++++++++++++++++++++++++++++++++++++++++++++++++++++++++++++++
2026-10-09T14:20:37.7193752Z Progress: resolved 249, reused 0, downloaded 136, added 80
2026-10-09T14:20:38.7201208Z Progress: resolved 249, reused 0, downloaded 248, added 248
2026-10-09T14:20:38.9863871Z Progress: resolved 249, reused 0, downloaded 249, added 249, done
2026-10-09T14:20:39.3592889Z .../esbuild@0.25.12/node_modules/esbuild postinstall$ node install.js
2026-10-09T14:20:39.3689630Z .../esbuild@0.21.5/node_modules/esbuild postinstall$ node install.js
2026-10-09T14:20:39.4076924Z .../esbuild@0.25.12/node_modules/esbuild postinstall: Done
2026-10-09T14:20:39.4489484Z .../esbuild@0.21.5/node_modules/esbuild postinstall: Done
2026-10-09T14:20:39.5996442Z 
2026-10-09T14:20:39.5996925Z dependencies:
2026-10-09T14:20:39.5997361Z + @tanstack/react-query 5.101.4
2026-10-09T14:20:39.5997813Z + @tiptap/extension-placeholder 2.27.2
2026-10-09T14:20:39.5998212Z + @tiptap/react 2.27.2
2026-10-09T14:20:39.5998550Z + @tiptap/starter-kit 2.27.2
2026-10-09T14:20:39.5998897Z + lucide-react 0.468.0
2026-10-09T14:20:39.5999200Z + react 18.3.1
2026-10-09T14:20:39.5999948Z + react-dom 18.3.1
2026-10-09T14:20:39.6000423Z + zustand 5.0.14
2026-10-09T14:20:39.6000688Z 
2026-10-09T14:20:39.6000893Z devDependencies:
2026-10-09T14:20:39.6001276Z + @playwright/test 1.62.1
2026-10-09T14:20:39.6001872Z + @testing-library/react 16.3.2
2026-10-09T14:20:39.6002613Z + @types/node 22.13.10
2026-10-09T14:20:39.6003032Z + @types/react 18.3.31
2026-10-09T14:20:39.6003447Z + @types/react-dom 18.3.7
2026-10-09T14:20:39.6003927Z + @vitejs/plugin-react 4.7.0
2026-10-09T14:20:39.6004393Z + fountain-js 1.2.4
2026-10-09T14:20:39.6004771Z + jsdom 25.0.1
2026-10-09T14:20:39.6005203Z + typescript 5.9.3
2026-10-09T14:20:39.6005626Z + vite 6.4.3
2026-10-09T14:20:39.6006015Z + vitest 2.1.9
2026-10-09T14:20:39.6006232Z 
2026-10-09T14:20:39.6220077Z Done in 3.3s using pnpm v10.6.5
2026-10-09T14:20:40.7735371Z Installing dependencies...
2026-10-09T14:20:40.7808760Z Switching to root user to install dependencies...
2026-10-09T14:20:40.8790523Z Get:1 file:/etc/apt/apt-mirrors.txt Mirrorlist [144 B]
2026-10-09T14:20:40.9113666Z Get:6 https://packages.microsoft.com/ubuntu/24.04/prod noble InRelease [3600 B]
2026-10-09T14:20:40.9244382Z Hit:2 http://azure.archive.ubuntu.com/ubuntu noble InRelease
2026-10-09T14:20:40.9252198Z Get:3 http://azure.archive.ubuntu.com/ubuntu noble-updates InRelease [126 kB]
2026-10-09T14:20:40.9286495Z Get:4 http://azure.archive.ubuntu.com/ubuntu noble-backports InRelease [126 kB]
2026-10-09T14:20:40.9337921Z Get:5 http://azure.archive.ubuntu.com/ubuntu noble-security InRelease [126 kB]
2026-10-09T14:20:41.0023919Z Get:7 https://packages.microsoft.com/ubuntu/24.04/prod noble/main amd64 Packages [531 kB]
2026-10-09T14:20:41.0184706Z Get:8 https://packages.microsoft.com/ubuntu/24.04/prod noble/main armhf Packages [12.3 kB]
2026-10-09T14:20:41.0238308Z Get:9 https://packages.microsoft.com/ubuntu/24.04/prod noble/main arm64 Packages [475 kB]
2026-10-09T14:20:41.0301412Z Get:10 https://packages.microsoft.com/ubuntu/24.04/prod noble/main all Packages [640 B]
2026-10-09T14:20:41.1156684Z Get:11 http://azure.archive.ubuntu.com/ubuntu noble-updates/main amd64 Packages [1375 kB]
2026-10-09T14:20:41.1243004Z Get:12 http://azure.archive.ubuntu.com/ubuntu noble-updates/main Translation-en [306 kB]
2026-10-09T14:20:41.1246541Z Get:13 http://azure.archive.ubuntu.com/ubuntu noble-updates/universe amd64 Packages [1702 kB]
2026-10-09T14:20:41.1341668Z Get:14 http://azure.archive.ubuntu.com/ubuntu noble-updates/universe Translation-en [342 kB]
2026-10-09T14:20:41.1360640Z Get:15 http://azure.archive.ubuntu.com/ubuntu noble-updates/restricted amd64 Packages [1761 kB]
2026-10-09T14:20:41.1482440Z Get:16 http://azure.archive.ubuntu.com/ubuntu noble-updates/restricted Translation-en [401 kB]
2026-10-09T14:20:41.1491636Z Get:17 http://azure.archive.ubuntu.com/ubuntu noble-updates/multiverse amd64 Packages [55.0 kB]
2026-10-09T14:20:41.1495794Z Get:18 http://azure.archive.ubuntu.com/ubuntu noble-updates/multiverse Translation-en [14.3 kB]
2026-10-09T14:20:41.2411469Z Get:19 http://azure.archive.ubuntu.com/ubuntu noble-security/main amd64 Packages [1121 kB]
2026-10-09T14:20:41.2437821Z Get:20 http://azure.archive.ubuntu.com/ubuntu noble-security/main Translation-en [228 kB]
2026-10-09T14:20:41.2890168Z Get:21 http://azure.archive.ubuntu.com/ubuntu noble-security/universe amd64 Packages [1220 kB]
2026-10-09T14:20:41.2963051Z Get:22 http://azure.archive.ubuntu.com/ubuntu noble-security/universe Translation-en [245 kB]
2026-10-09T14:20:41.2976375Z Get:23 http://azure.archive.ubuntu.com/ubuntu noble-security/restricted amd64 Packages [1669 kB]
2026-10-09T14:20:41.3074032Z Get:24 http://azure.archive.ubuntu.com/ubuntu noble-security/restricted Translation-en [383 kB]
2026-10-09T14:20:41.3097641Z Get:25 http://azure.archive.ubuntu.com/ubuntu noble-security/multiverse amd64 Packages [49.8 kB]
2026-10-09T14:20:41.3108191Z Get:26 http://azure.archive.ubuntu.com/ubuntu noble-security/multiverse Translation-en [12.4 kB]
2026-10-09T14:20:44.4216859Z Fetched 12.3 MB in 1s (9497 kB/s)
2026-10-09T14:20:45.3224077Z Reading package lists...
2026-10-09T14:20:45.3480232Z Reading package lists...
2026-10-09T14:20:45.5806595Z Building dependency tree...
2026-10-09T14:20:45.5814331Z Reading state information...
2026-10-09T14:20:45.7701487Z libasound2t64 is already the newest version (1.2.11-1ubuntu0.3).
2026-10-09T14:20:45.7702268Z libasound2t64 set to manually installed.
2026-10-09T14:20:45.7703044Z libatk-bridge2.0-0t64 is already the newest version (2.52.0-1build1).
2026-10-09T14:20:45.7703835Z libatk-bridge2.0-0t64 set to manually installed.
2026-10-09T14:20:45.7704561Z libatk1.0-0t64 is already the newest version (2.52.0-1build1).
2026-10-09T14:20:45.7705250Z libatk1.0-0t64 set to manually installed.
2026-10-09T14:20:45.7705953Z libatspi2.0-0t64 is already the newest version (2.52.0-1build1).
2026-10-09T14:20:45.7706636Z libatspi2.0-0t64 set to manually installed.
2026-10-09T14:20:45.7707300Z libcairo2 is already the newest version (1.18.0-3build1).
2026-10-09T14:20:45.7707940Z libcairo2 set to manually installed.
2026-10-09T14:20:45.7708838Z libcups2t64 is already the newest version (2.4.7-1.2ubuntu7.14).
2026-10-09T14:20:45.7710145Z libcups2t64 set to manually installed.
2026-10-09T14:20:45.7710896Z libdbus-1-3 is already the newest version (1.14.10-4ubuntu4.1).
2026-10-09T14:20:45.7711573Z libdbus-1-3 set to manually installed.
2026-10-09T14:20:45.7712263Z libdrm2 is already the newest version (2.4.125-1ubuntu0.1~24.04.2).
2026-10-09T14:20:45.7712924Z libdrm2 set to manually installed.
2026-10-09T14:20:45.7713590Z libgbm1 is already the newest version (25.2.8-0ubuntu0.24.04.4).
2026-10-09T14:20:45.7714053Z libgbm1 set to manually installed.
2026-10-09T14:20:45.7714533Z libglib2.0-0t64 is already the newest version (2.80.0-6ubuntu3.9).
2026-10-09T14:20:45.7715006Z libglib2.0-0t64 set to manually installed.
2026-10-09T14:20:45.7715480Z libnspr4 is already the newest version (2:4.35-1.1build1).
2026-10-09T14:20:45.7715919Z libnspr4 set to manually installed.
2026-10-09T14:20:45.7716362Z libnss3 is already the newest version (2:3.98-1ubuntu0.2).
2026-10-09T14:20:45.7716792Z libnss3 set to manually installed.
2026-10-09T14:20:45.7717265Z libpango-1.0-0 is already the newest version (1.52.1+ds-1build1).
2026-10-09T14:20:45.7717739Z libpango-1.0-0 set to manually installed.
2026-10-09T14:20:45.7718193Z libx11-6 is already the newest version (2:1.8.7-1build1).
2026-10-09T14:20:45.7718611Z libx11-6 set to manually installed.
2026-10-09T14:20:45.7719021Z libxcb1 is already the newest version (1.15-1ubuntu2).
2026-10-09T14:20:45.7719616Z libxcb1 set to manually installed.
2026-10-09T14:20:45.7720091Z libxcomposite1 is already the newest version (1:0.4.5-1build3).
2026-10-09T14:20:45.7720947Z libxcomposite1 set to manually installed.
2026-10-09T14:20:45.7721439Z libxdamage1 is already the newest version (1:1.1.6-1build1).
2026-10-09T14:20:45.7721886Z libxdamage1 set to manually installed.
2026-10-09T14:20:45.7722332Z libxext6 is already the newest version (2:1.3.4-1build2).
2026-10-09T14:20:45.7722917Z libxext6 set to manually installed.
2026-10-09T14:20:45.7723359Z libxfixes3 is already the newest version (1:6.0.0-2build1).
2026-10-09T14:20:45.7723806Z libxfixes3 set to manually installed.
2026-10-09T14:20:45.7724234Z libxkbcommon0 is already the newest version (1.6.0-1build1).
2026-10-09T14:20:45.7724639Z libxkbcommon0 set to manually installed.
2026-10-09T14:20:45.7725050Z libxrandr2 is already the newest version (2:1.5.2-2build1).
2026-10-09T14:20:45.7725448Z libxrandr2 set to manually installed.
2026-10-09T14:20:45.7725850Z xvfb is already the newest version (2:21.1.12-1ubuntu1.8).
2026-10-09T14:20:45.7726408Z fonts-noto-color-emoji is already the newest version (2.047-0ubuntu0.24.04.1).
2026-10-09T14:20:45.7726992Z libfontconfig1 is already the newest version (2.15.0-1.1ubuntu2).
2026-10-09T14:20:45.7727423Z libfontconfig1 set to manually installed.
2026-10-09T14:20:45.7727851Z fonts-liberation is already the newest version (1:2.1.5-3).
2026-10-09T14:20:45.7728267Z fonts-liberation set to manually installed.
2026-10-09T14:20:45.7728683Z The following additional packages will be installed:
2026-10-09T14:20:45.7729046Z   xfonts-encodings xfonts-utils
2026-10-09T14:20:45.7729491Z Recommended packages:
2026-10-09T14:20:45.7729777Z   fonts-ipafont-mincho fonts-tlwg-loma
2026-10-09T14:20:45.7958091Z The following NEW packages will be installed:
2026-10-09T14:20:45.7959099Z   fonts-freefont-ttf fonts-ipafont-gothic fonts-tlwg-loma-otf fonts-unifont
2026-10-09T14:20:45.7969204Z   fonts-wqy-zenhei xfonts-cyrillic xfonts-encodings xfonts-scalable
2026-10-09T14:20:45.7970317Z   xfonts-utils
2026-10-09T14:20:45.7976290Z The following packages will be upgraded:
2026-10-09T14:20:45.7983262Z   libfreetype6
2026-10-09T14:20:45.8177543Z 1 upgraded, 9 newly installed, 0 to remove and 22 not upgraded.
2026-10-09T14:20:45.8178113Z Need to get 21.5 MB of archives.
2026-10-09T14:20:45.8178660Z After this operation, 79.5 MB of additional disk space will be used.
2026-10-09T14:20:45.8179264Z Get:1 file:/etc/apt/apt-mirrors.txt Mirrorlist [144 B]
2026-10-09T14:20:45.9167601Z Get:2 http://azure.archive.ubuntu.com/ubuntu noble/universe amd64 fonts-ipafont-gothic all 00303-21ubuntu1 [3513 kB]
2026-10-09T14:20:46.0880022Z Get:3 http://azure.archive.ubuntu.com/ubuntu noble/main amd64 fonts-freefont-ttf all 20211204+svn4273-2 [5641 kB]
2026-10-09T14:20:46.3149561Z Get:4 http://azure.archive.ubuntu.com/ubuntu noble/universe amd64 fonts-tlwg-loma-otf all 1:0.7.3-1 [107 kB]
2026-10-09T14:20:46.3984565Z Get:5 http://azure.archive.ubuntu.com/ubuntu noble/universe amd64 fonts-unifont all 1:15.1.01-1build1 [2993 kB]
2026-10-09T14:20:46.5568451Z Get:6 http://azure.archive.ubuntu.com/ubuntu noble/universe amd64 fonts-wqy-zenhei all 0.9.45-8 [7472 kB]
2026-10-09T14:20:46.8337976Z Get:7 http://azure.archive.ubuntu.com/ubuntu noble-updates/main amd64 libfreetype6 amd64 2.13.2+dfsg-1ubuntu0.2 [403 kB]
2026-10-09T14:20:46.9270438Z Get:8 http://azure.archive.ubuntu.com/ubuntu noble/main amd64 xfonts-encodings all 1:1.0.5-0ubuntu2 [578 kB]
2026-10-09T14:20:47.0229071Z Get:9 http://azure.archive.ubuntu.com/ubuntu noble/main amd64 xfonts-utils amd64 1:7.7+6build3 [94.4 kB]
2026-10-09T14:20:47.1151427Z Get:10 http://azure.archive.ubuntu.com/ubuntu noble/universe amd64 xfonts-cyrillic all 1:1.0.5+nmu1 [384 kB]
2026-10-09T14:20:47.2156709Z Get:11 http://azure.archive.ubuntu.com/ubuntu noble/main amd64 xfonts-scalable all 1:1.0.3-1.3 [304 kB]
2026-10-09T14:20:47.4992898Z Fetched 21.5 MB in 1s (15.2 MB/s)
2026-10-09T14:20:47.5241805Z Selecting previously unselected package fonts-ipafont-gothic.
2026-10-09T14:20:47.5566065Z (Reading database ... 
2026-10-09T14:20:47.5566691Z (Reading database ... 5%
2026-10-09T14:20:47.5567353Z (Reading database ... 10%
2026-10-09T14:20:47.5567774Z (Reading database ... 15%
2026-10-09T14:20:47.5568266Z (Reading database ... 20%
2026-10-09T14:20:47.5568772Z (Reading database ... 25%
2026-10-09T14:20:47.5569629Z (Reading database ... 30%
2026-10-09T14:20:47.5570079Z (Reading database ... 35%
2026-10-09T14:20:47.5570651Z (Reading database ... 40%
2026-10-09T14:20:47.5570980Z (Reading database ... 45%
2026-10-09T14:20:47.5571301Z (Reading database ... 50%
2026-10-09T14:20:47.5620453Z (Reading database ... 55%
2026-10-09T14:20:47.6468318Z (Reading database ... 60%
2026-10-09T14:20:47.8922522Z (Reading database ... 65%
2026-10-09T14:20:48.0812351Z (Reading database ... 70%
2026-10-09T14:20:48.2437762Z (Reading database ... 75%
2026-10-09T14:20:48.3945280Z (Reading database ... 80%
2026-10-09T14:20:48.5361443Z (Reading database ... 85%
2026-10-09T14:20:48.6967363Z (Reading database ... 90%
2026-10-09T14:20:48.8332337Z (Reading database ... 95%
2026-10-09T14:20:48.8333160Z (Reading database ... 100%
2026-10-09T14:20:48.8334014Z (Reading database ... 203191 files and directories currently installed.)
2026-10-09T14:20:48.8378253Z Preparing to unpack .../0-fonts-ipafont-gothic_00303-21ubuntu1_all.deb ...
2026-10-09T14:20:48.8475011Z Unpacking fonts-ipafont-gothic (00303-21ubuntu1) ...
2026-10-09T14:20:49.0864664Z Selecting previously unselected package fonts-freefont-ttf.
2026-10-09T14:20:49.0991072Z Preparing to unpack .../1-fonts-freefont-ttf_20211204+svn4273-2_all.deb ...
2026-10-09T14:20:49.0999972Z Unpacking fonts-freefont-ttf (20211204+svn4273-2) ...
2026-10-09T14:20:49.1815258Z Selecting previously unselected package fonts-tlwg-loma-otf.
2026-10-09T14:20:49.1941721Z Preparing to unpack .../2-fonts-tlwg-loma-otf_1%3a0.7.3-1_all.deb ...
2026-10-09T14:20:49.1948737Z Unpacking fonts-tlwg-loma-otf (1:0.7.3-1) ...
2026-10-09T14:20:49.2160868Z Selecting previously unselected package fonts-unifont.
2026-10-09T14:20:49.2287816Z Preparing to unpack .../3-fonts-unifont_1%3a15.1.01-1build1_all.deb ...
2026-10-09T14:20:49.2295233Z Unpacking fonts-unifont (1:15.1.01-1build1) ...
2026-10-09T14:20:49.3360649Z Selecting previously unselected package fonts-wqy-zenhei.
2026-10-09T14:20:49.3487429Z Preparing to unpack .../4-fonts-wqy-zenhei_0.9.45-8_all.deb ...
2026-10-09T14:20:49.3595264Z Unpacking fonts-wqy-zenhei (0.9.45-8) ...
2026-10-09T14:20:49.8630603Z Preparing to unpack .../5-libfreetype6_2.13.2+dfsg-1ubuntu0.2_amd64.deb ...
2026-10-09T14:20:49.8664932Z Unpacking libfreetype6:amd64 (2.13.2+dfsg-1ubuntu0.2) over (2.13.2+dfsg-1ubuntu0.1) ...
2026-10-09T14:20:49.8935990Z Selecting previously unselected package xfonts-encodings.
2026-10-09T14:20:49.9065185Z Preparing to unpack .../6-xfonts-encodings_1%3a1.0.5-0ubuntu2_all.deb ...
2026-10-09T14:20:49.9072755Z Unpacking xfonts-encodings (1:1.0.5-0ubuntu2) ...
2026-10-09T14:20:49.9364086Z Selecting previously unselected package xfonts-utils.
2026-10-09T14:20:49.9491994Z Preparing to unpack .../7-xfonts-utils_1%3a7.7+6build3_amd64.deb ...
2026-10-09T14:20:49.9500226Z Unpacking xfonts-utils (1:7.7+6build3) ...
2026-10-09T14:20:49.9878514Z Selecting previously unselected package xfonts-cyrillic.
2026-10-09T14:20:50.0008730Z Preparing to unpack .../8-xfonts-cyrillic_1%3a1.0.5+nmu1_all.deb ...
2026-10-09T14:20:50.0016603Z Unpacking xfonts-cyrillic (1:1.0.5+nmu1) ...
2026-10-09T14:20:50.0375586Z Selecting previously unselected package xfonts-scalable.
2026-10-09T14:20:50.0502003Z Preparing to unpack .../9-xfonts-scalable_1%3a1.0.3-1.3_all.deb ...
2026-10-09T14:20:50.0509452Z Unpacking xfonts-scalable (1:1.0.3-1.3) ...
2026-10-09T14:20:50.0948147Z Setting up fonts-wqy-zenhei (0.9.45-8) ...
2026-10-09T14:20:50.1074424Z Setting up fonts-freefont-ttf (20211204+svn4273-2) ...
2026-10-09T14:20:50.1094988Z Setting up fonts-tlwg-loma-otf (1:0.7.3-1) ...
2026-10-09T14:20:50.1115285Z Setting up libfreetype6:amd64 (2.13.2+dfsg-1ubuntu0.2) ...
2026-10-09T14:20:50.1135716Z Setting up xfonts-encodings (1:1.0.5-0ubuntu2) ...
2026-10-09T14:20:50.1154828Z Setting up fonts-ipafont-gothic (00303-21ubuntu1) ...
2026-10-09T14:20:50.1224850Z update-alternatives: using /usr/share/fonts/opentype/ipafont-gothic/ipag.ttf to provide /usr/share/fonts/truetype/fonts-japanese-gothic.ttf (fonts-japanese-gothic.ttf) in auto mode
2026-10-09T14:20:50.1239878Z Setting up fonts-unifont (1:15.1.01-1build1) ...
2026-10-09T14:20:50.1257157Z Setting up xfonts-utils (1:7.7+6build3) ...
2026-10-09T14:20:50.1298826Z Setting up xfonts-cyrillic (1:1.0.5+nmu1) ...
2026-10-09T14:20:50.1592019Z Setting up xfonts-scalable (1:1.0.3-1.3) ...
2026-10-09T14:20:50.1863893Z Processing triggers for libc-bin (2.39-0ubuntu8.9) ...
2026-10-09T14:20:50.2201520Z Processing triggers for man-db (2.12.0-4build2) ...
2026-10-09T14:20:50.2225582Z Not building database; man-db/auto-update is not 'true'.
2026-10-09T14:20:50.2238235Z Processing triggers for fontconfig (2.15.0-1.1ubuntu2) ...
2026-10-09T14:20:50.9619956Z 
2026-10-09T14:20:50.9620921Z Running kernel seems to be up-to-date.
2026-10-09T14:20:50.9621431Z 
2026-10-09T14:20:50.9621738Z Restarting services...
2026-10-09T14:20:50.9700358Z  systemctl restart php8.3-fpm.service
2026-10-09T14:20:51.0744840Z 
2026-10-09T14:20:51.0746347Z No containers need to be restarted.
2026-10-09T14:20:51.0746666Z 
2026-10-09T14:20:51.0747204Z No user sessions are running outdated binaries.
2026-10-09T14:20:51.0747640Z 
2026-10-09T14:20:51.0748291Z No VM guests are running outdated hypervisor (qemu) binaries on this host.
2026-10-09T14:20:52.2156597Z Downloading Chrome for Testing 151.0.7922.34 (playwright chromium v1234) from https://cdn.playwright.dev/builds/cft/151.0.7922.34/linux64/chrome-linux64.zip
2026-10-09T14:20:53.2216157Z |                                                                                |   0% of 184.3 MiB
2026-10-09T14:20:53.4088577Z |■■■■■■■■                                                                        |  10% of 184.3 MiB
2026-10-09T14:20:53.5157859Z |■■■■■■■■■■■■■■■■                                                                |  20% of 184.3 MiB
2026-10-09T14:20:53.5877176Z |■■■■■■■■■■■■■■■■■■■■■■■■                                                        |  30% of 184.3 MiB
2026-10-09T14:20:53.6574106Z |■■■■■■■■■■■■■■■■■■■■■■■■■■■■■■■■                                                |  40% of 184.3 MiB
2026-10-09T14:20:53.7225142Z |■■■■■■■■■■■■■■■■■■■■■■■■■■■■■■■■■■■■■■■■                                        |  50% of 184.3 MiB
2026-10-09T14:20:53.7896895Z |■■■■■■■■■■■■■■■■■■■■■■■■■■■■■■■■■■■■■■■■■■■■■■■■                                |  60% of 184.3 MiB
2026-10-09T14:20:53.8527629Z |■■■■■■■■■■■■■■■■■■■■■■■■■■■■■■■■■■■■■■■■■■■■■■■■■■■■■■■■                        |  70% of 184.3 MiB
2026-10-09T14:20:53.9158691Z |■■■■■■■■■■■■■■■■■■■■■■■■■■■■■■■■■■■■■■■■■■■■■■■■■■■■■■■■■■■■■■■■                |  80% of 184.3 MiB
2026-10-09T14:20:53.9817850Z |■■■■■■■■■■■■■■■■■■■■■■■■■■■■■■■■■■■■■■■■■■■■■■■■■■■■■■■■■■■■■■■■■■■■■■■■        |  90% of 184.3 MiB
2026-10-09T14:20:54.0374833Z |■■■■■■■■■■■■■■■■■■■■■■■■■■■■■■■■■■■■■■■■■■■■■■■■■■■■■■■■■■■■■■■■■■■■■■■■■■■■■■■■| 100% of 184.3 MiB
2026-10-09T14:20:56.8760236Z Chrome for Testing 151.0.7922.34 (playwright chromium v1234) downloaded to /home/runner/work/_temp/novel-ci-v2-creative-browser.a1D6wV/cache/ms-playwright/chromium-1234
2026-10-09T14:20:56.8763226Z Downloading FFmpeg (playwright ffmpeg v1011) from https://cdn.playwright.dev/dbazure/download/playwright/builds/ffmpeg/1011/ffmpeg-linux.zip
2026-10-09T14:20:57.8577355Z |                                                                                |   0% of 2.3 MiB
2026-10-09T14:20:57.8633603Z |■■■■■■■■                                                                        |  10% of 2.3 MiB
2026-10-09T14:20:57.8664853Z |■■■■■■■■■■■■■■■■                                                                |  20% of 2.3 MiB
2026-10-09T14:20:57.8687003Z |■■■■■■■■■■■■■■■■■■■■■■■■                                                        |  30% of 2.3 MiB
2026-10-09T14:20:57.8703703Z |■■■■■■■■■■■■■■■■■■■■■■■■■■■■■■■■                                                |  40% of 2.3 MiB
2026-10-09T14:20:57.8721754Z |■■■■■■■■■■■■■■■■■■■■■■■■■■■■■■■■■■■■■■■■                                        |  50% of 2.3 MiB
2026-10-09T14:20:57.8733112Z |■■■■■■■■■■■■■■■■■■■■■■■■■■■■■■■■■■■■■■■■■■■■■■■■                                |  60% of 2.3 MiB
2026-10-09T14:20:57.8745681Z |■■■■■■■■■■■■■■■■■■■■■■■■■■■■■■■■■■■■■■■■■■■■■■■■■■■■■■■■                        |  70% of 2.3 MiB
2026-10-09T14:20:57.8760578Z |■■■■■■■■■■■■■■■■■■■■■■■■■■■■■■■■■■■■■■■■■■■■■■■■■■■■■■■■■■■■■■■■                |  80% of 2.3 MiB
2026-10-09T14:20:57.8771315Z |■■■■■■■■■■■■■■■■■■■■■■■■■■■■■■■■■■■■■■■■■■■■■■■■■■■■■■■■■■■■■■■■■■■■■■■■        |  90% of 2.3 MiB
2026-10-09T14:20:57.8783155Z |■■■■■■■■■■■■■■■■■■■■■■■■■■■■■■■■■■■■■■■■■■■■■■■■■■■■■■■■■■■■■■■■■■■■■■■■■■■■■■■■| 100% of 2.3 MiB
2026-10-09T14:20:57.9379129Z FFmpeg (playwright ffmpeg v1011) downloaded to /home/runner/work/_temp/novel-ci-v2-creative-browser.a1D6wV/cache/ms-playwright/ffmpeg-1011
2026-10-09T14:20:57.9382613Z Downloading Chrome Headless Shell 151.0.7922.34 (playwright chromium-headless-shell v1234) from https://cdn.playwright.dev/builds/cft/151.0.7922.34/linux64/chrome-headless-shell-linux64.zip
2026-10-09T14:20:58.9439939Z |                                                                                |   0% of 114.7 MiB
2026-10-09T14:20:59.0683139Z |■■■■■■■■                                                                        |  10% of 114.7 MiB
2026-10-09T14:20:59.1356470Z |■■■■■■■■■■■■■■■■                                                                |  20% of 114.7 MiB
2026-10-09T14:20:59.1850837Z |■■■■■■■■■■■■■■■■■■■■■■■■                                                        |  30% of 114.7 MiB
2026-10-09T14:20:59.2332387Z |■■■■■■■■■■■■■■■■■■■■■■■■■■■■■■■■                                                |  40% of 114.7 MiB
2026-10-09T14:20:59.2751586Z |■■■■■■■■■■■■■■■■■■■■■■■■■■■■■■■■■■■■■■■■                                        |  50% of 114.7 MiB
2026-10-09T14:20:59.3204234Z |■■■■■■■■■■■■■■■■■■■■■■■■■■■■■■■■■■■■■■■■■■■■■■■■                                |  60% of 114.7 MiB
2026-10-09T14:20:59.3623429Z |■■■■■■■■■■■■■■■■■■■■■■■■■■■■■■■■■■■■■■■■■■■■■■■■■■■■■■■■                        |  70% of 114.7 MiB
2026-10-09T14:20:59.4048658Z |■■■■■■■■■■■■■■■■■■■■■■■■■■■■■■■■■■■■■■■■■■■■■■■■■■■■■■■■■■■■■■■■                |  80% of 114.7 MiB
2026-10-09T14:20:59.4486655Z |■■■■■■■■■■■■■■■■■■■■■■■■■■■■■■■■■■■■■■■■■■■■■■■■■■■■■■■■■■■■■■■■■■■■■■■■        |  90% of 114.7 MiB
2026-10-09T14:20:59.4866887Z |■■■■■■■■■■■■■■■■■■■■■■■■■■■■■■■■■■■■■■■■■■■■■■■■■■■■■■■■■■■■■■■■■■■■■■■■■■■■■■■■| 100% of 114.7 MiB
2026-10-09T14:21:01.5278671Z Chrome Headless Shell 151.0.7922.34 (playwright chromium-headless-shell v1234) downloaded to /home/runner/work/_temp/novel-ci-v2-creative-browser.a1D6wV/cache/ms-playwright/chromium_headless_shell-1234
2026-10-09T14:21:01.5494637Z ##[group]Run python -m pip install -c .github/ci/python-constraints.txt -e '.[dev,fontbuild,otio,comic]'
2026-10-09T14:21:01.5495593Z [36;1mpython -m pip install -c .github/ci/python-constraints.txt -e '.[dev,fontbuild,otio,comic]'[0m
2026-10-09T14:21:01.5496206Z [36;1mpython -m pip check[0m
2026-10-09T14:21:01.5496681Z [36;1mpython -m pip freeze --exclude-editable > "$CI_RECEIPTS/python-packages.txt"[0m
2026-10-09T14:21:01.5561880Z shell: /usr/bin/bash -e {0}
2026-10-09T14:21:01.5562203Z env:
2026-10-09T14:21:01.5562447Z   MOCK_PROVIDER: true
2026-10-09T14:21:01.5562768Z   MOCK_STREAM_DELAY_MS: 0
2026-10-09T14:21:01.5563072Z   ENABLE_CLOUD: false
2026-10-09T14:21:01.5563367Z   CREDENTIAL_VAULT_BACKEND: memory
2026-10-09T14:21:01.5563742Z   CREDENTIAL_VAULT_ALLOW_MEMORY_FALLBACK: true
2026-10-09T14:21:01.5564141Z   PYTHONDONTWRITEBYTECODE: 1
2026-10-09T14:21:01.5564456Z   HF_HUB_OFFLINE: 1
2026-10-09T14:21:01.5564725Z   TRANSFORMERS_OFFLINE: 1
2026-10-09T14:21:01.5565137Z   pythonLocation: /opt/hostedtoolcache/Python/3.12.9/x64
2026-10-09T14:21:01.5565684Z   PKG_CONFIG_PATH: /opt/hostedtoolcache/Python/3.12.9/x64/lib/pkgconfig
2026-10-09T14:21:01.5566232Z   Python_ROOT_DIR: /opt/hostedtoolcache/Python/3.12.9/x64
2026-10-09T14:21:01.5566721Z   Python2_ROOT_DIR: /opt/hostedtoolcache/Python/3.12.9/x64
2026-10-09T14:21:01.5567216Z   Python3_ROOT_DIR: /opt/hostedtoolcache/Python/3.12.9/x64
2026-10-09T14:21:01.5567712Z   LD_LIBRARY_PATH: /opt/hostedtoolcache/Python/3.12.9/x64/lib
2026-10-09T14:21:01.5568215Z   CI_COVERAGE_SHA: 99c43b6892038233c390be2ae61acb669163d0b5
2026-10-09T14:21:01.5568700Z   CI_COVERAGE_TREE: 69d69ffe71838263069d164a0a07b39b5f4a4333
2026-10-09T14:21:01.5569523Z   CI_SANDBOX: /home/runner/work/_temp/novel-ci-v2-creative-browser.a1D6wV
2026-10-09T14:21:01.5570251Z   CI_PROJECT: /home/runner/work/_temp/novel-ci-v2-creative-browser.a1D6wV/project
2026-10-09T14:21:01.5570974Z   CI_RECEIPTS: /home/runner/work/_temp/novel-ci-v2-creative-browser.a1D6wV/receipts
2026-10-09T14:21:01.5571653Z   HOME: /home/runner/work/_temp/novel-ci-v2-creative-browser.a1D6wV/home
2026-10-09T14:21:01.5572264Z   USERPROFILE: /home/runner/work/_temp/novel-ci-v2-creative-browser.a1D6wV/home
2026-10-09T14:21:01.5572902Z   APPDATA: /home/runner/work/_temp/novel-ci-v2-creative-browser.a1D6wV/appdata
2026-10-09T14:21:01.5573543Z   LOCALAPPDATA: /home/runner/work/_temp/novel-ci-v2-creative-browser.a1D6wV/localappdata
2026-10-09T14:21:01.5574200Z   XDG_CONFIG_HOME: /home/runner/work/_temp/novel-ci-v2-creative-browser.a1D6wV/config
2026-10-09T14:21:01.5574820Z   XDG_CACHE_HOME: /home/runner/work/_temp/novel-ci-v2-creative-browser.a1D6wV/cache
2026-10-09T14:21:01.5575426Z   XDG_DATA_HOME: /home/runner/work/_temp/novel-ci-v2-creative-browser.a1D6wV/data
2026-10-09T14:21:01.5576022Z   XDG_STATE_HOME: /home/runner/work/_temp/novel-ci-v2-creative-browser.a1D6wV/state
2026-10-09T14:21:01.5576598Z   TMPDIR: /home/runner/work/_temp/novel-ci-v2-creative-browser.a1D6wV/tmp
2026-10-09T14:21:01.5577141Z   TMP: /home/runner/work/_temp/novel-ci-v2-creative-browser.a1D6wV/tmp
2026-10-09T14:21:01.5577659Z   TEMP: /home/runner/work/_temp/novel-ci-v2-creative-browser.a1D6wV/tmp
2026-10-09T14:21:01.5578227Z   PROJECT_ROOT: /home/runner/work/_temp/novel-ci-v2-creative-browser.a1D6wV/project
2026-10-09T14:21:01.5578865Z   NOVEL_DATA_PATH: /home/runner/work/_temp/novel-ci-v2-creative-browser.a1D6wV/data/novels
2026-10-09T14:21:01.5579777Z   BACKUP_PATH: /home/runner/work/_temp/novel-ci-v2-creative-browser.a1D6wV/data/backups
2026-10-09T14:21:01.5580508Z   DATABASE_BACKUP_PATH: /home/runner/work/_temp/novel-ci-v2-creative-browser.a1D6wV/data/database-backups
2026-10-09T14:21:01.5581604Z   KNOWLEDGE_SOURCE_PATH: /home/runner/work/_temp/novel-ci-v2-creative-browser.a1D6wV/data/novels
2026-10-09T14:21:01.5582120Z ##[endgroup]
2026-10-09T14:21:02.4910698Z Obtaining file:///home/runner/work/_temp/novel-ci-v2-creative-browser.a1D6wV/project
2026-10-09T14:21:02.4930429Z   Installing build dependencies: started
2026-10-09T14:21:03.7240256Z   Installing build dependencies: finished with status 'done'
2026-10-09T14:21:03.7246346Z   Checking if build backend supports build_editable: started
2026-10-09T14:21:04.4210378Z   Checking if build backend supports build_editable: finished with status 'done'
2026-10-09T14:21:04.4219149Z   Getting requirements to build editable: started
2026-10-09T14:21:05.3460595Z   Getting requirements to build editable: finished with status 'done'
2026-10-09T14:21:05.3471090Z   Preparing editable metadata (pyproject.toml): started
2026-10-09T14:21:06.2803622Z   Preparing editable metadata (pyproject.toml): finished with status 'done'
2026-10-09T14:21:06.4085565Z Collecting fastapi<1,>=0.115 (from ai-novel-studio==0.7.0)
2026-10-09T14:21:06.4602846Z   Downloading fastapi-0.142.2-py3-none-any.whl.metadata (27 kB)
2026-10-09T14:21:06.5209526Z Collecting uvicorn<1,>=0.30 (from ai-novel-studio==0.7.0)
2026-10-09T14:21:06.5248725Z   Downloading uvicorn-0.54.0-py3-none-any.whl.metadata (6.6 kB)
2026-10-09T14:21:06.6893541Z Collecting psycopg<4,>=3.2 (from psycopg[binary]<4,>=3.2->ai-novel-studio==0.7.0)
2026-10-09T14:21:06.6933616Z   Downloading psycopg-3.3.6-py3-none-any.whl.metadata (4.4 kB)
2026-10-09T14:21:07.6507940Z Collecting sqlalchemy<3,>=2.0 (from ai-novel-studio==0.7.0)
2026-10-09T14:21:07.6547730Z   Downloading sqlalchemy-2.1.3-cp312-cp312-manylinux2014_x86_64.manylinux_2_17_x86_64.manylinux_2_28_x86_64.whl.metadata (9.7 kB)
2026-10-09T14:21:07.6765237Z Collecting httpx<1,>=0.27 (from ai-novel-studio==0.7.0)
2026-10-09T14:21:07.6820007Z   Downloading httpx-0.28.1-py3-none-any.whl.metadata (7.1 kB)
2026-10-09T14:21:07.6970360Z Collecting pydantic-settings<3,>=2.6 (from ai-novel-studio==0.7.0)
2026-10-09T14:21:07.7004483Z   Downloading pydantic_settings-2.15.0-py3-none-any.whl.metadata (3.9 kB)
2026-10-09T14:21:07.7983255Z Collecting reportlab<5,>=4.0 (from ai-novel-studio==0.7.0)
2026-10-09T14:21:07.8023719Z   Downloading reportlab-4.5.1-py3-none-any.whl.metadata (1.7 kB)
2026-10-09T14:21:07.8219015Z Collecting pypdf==6.19.0 (from ai-novel-studio==0.7.0)
2026-10-09T14:21:07.8257256Z   Downloading pypdf-6.19.0-py3-none-any.whl.metadata (7.5 kB)
2026-10-09T14:21:07.8493747Z Collecting jsonschema<5,>=4.18 (from ai-novel-studio==0.7.0)
2026-10-09T14:21:07.8541378Z   Downloading jsonschema-4.26.0-py3-none-any.whl.metadata (7.6 kB)
2026-10-09T14:21:07.8811103Z Collecting pytest<9,>=8 (from ai-novel-studio==0.7.0)
2026-10-09T14:21:07.8944361Z   Downloading pytest-8.4.2-py3-none-any.whl.metadata (7.7 kB)
2026-10-09T14:21:08.0303190Z Collecting fonttools==4.59.1 (from ai-novel-studio==0.7.0)
2026-10-09T14:21:08.0359043Z   Downloading fonttools-4.59.1-cp312-cp312-manylinux1_x86_64.manylinux2014_x86_64.manylinux_2_17_x86_64.manylinux_2_5_x86_64.whl.metadata (108 kB)
2026-10-09T14:21:08.0700868Z Collecting opentimelineio==0.18.1 (from ai-novel-studio==0.7.0)
2026-10-09T14:21:08.0760123Z   Downloading opentimelineio-0.18.1-cp312-cp312-manylinux2014_x86_64.manylinux_2_17_x86_64.whl.metadata (2.6 kB)
2026-10-09T14:21:08.2584748Z Collecting Pillow==12.3.0 (from ai-novel-studio==0.7.0)
2026-10-09T14:21:08.2622220Z   Downloading pillow-12.3.0-cp312-cp312-manylinux_2_27_x86_64.manylinux_2_28_x86_64.whl.metadata (9.1 kB)
2026-10-09T14:21:08.2962319Z Collecting starlette>=0.46.0 (from fastapi<1,>=0.115->ai-novel-studio==0.7.0)
2026-10-09T14:21:08.2999283Z   Downloading starlette-1.7.0-py3-none-any.whl.metadata (6.6 kB)
2026-10-09T14:21:08.3963778Z Collecting pydantic>=2.9.0 (from fastapi<1,>=0.115->ai-novel-studio==0.7.0)
2026-10-09T14:21:08.4002854Z   Downloading pydantic-2.13.5-py3-none-any.whl.metadata (110 kB)
2026-10-09T14:21:08.4186322Z Collecting typing-extensions>=4.8.0 (from fastapi<1,>=0.115->ai-novel-studio==0.7.0)
2026-10-09T14:21:08.4220091Z   Downloading typing_extensions-4.16.0-py3-none-any.whl.metadata (3.3 kB)
2026-10-09T14:21:08.4321227Z Collecting typing-inspection>=0.4.2 (from fastapi<1,>=0.115->ai-novel-studio==0.7.0)
2026-10-09T14:21:08.4356049Z   Downloading typing_inspection-0.4.4-py3-none-any.whl.metadata (2.6 kB)
2026-10-09T14:21:08.4461593Z Collecting annotated-doc>=0.0.2 (from fastapi<1,>=0.115->ai-novel-studio==0.7.0)
2026-10-09T14:21:08.4494450Z   Downloading annotated_doc-0.0.5-py3-none-any.whl.metadata (6.5 kB)
2026-10-09T14:21:08.4666126Z Collecting opentelemetry-api>=1.44.0 (from fastapi<1,>=0.115->ai-novel-studio==0.7.0)
2026-10-09T14:21:08.4699377Z   Downloading opentelemetry_api-1.45.0-py3-none-any.whl.metadata (1.4 kB)
2026-10-09T14:21:08.4891152Z Collecting anyio (from httpx<1,>=0.27->ai-novel-studio==0.7.0)
2026-10-09T14:21:08.4928328Z   Downloading anyio-4.15.1-py3-none-any.whl.metadata (4.7 kB)
2026-10-09T14:21:08.5099154Z Collecting certifi (from httpx<1,>=0.27->ai-novel-studio==0.7.0)
2026-10-09T14:21:08.5133548Z   Downloading certifi-2026.7.22-py3-none-any.whl.metadata (2.5 kB)
2026-10-09T14:21:08.5289250Z Collecting httpcore==1.* (from httpx<1,>=0.27->ai-novel-studio==0.7.0)
2026-10-09T14:21:08.5321829Z   Downloading httpcore-1.0.9-py3-none-any.whl.metadata (21 kB)
2026-10-09T14:21:08.5457693Z Collecting idna (from httpx<1,>=0.27->ai-novel-studio==0.7.0)
2026-10-09T14:21:08.5489472Z   Downloading idna-3.20-py3-none-any.whl.metadata (7.2 kB)
2026-10-09T14:21:08.5617086Z Collecting h11>=0.16 (from httpcore==1.*->httpx<1,>=0.27->ai-novel-studio==0.7.0)
2026-10-09T14:21:08.5658332Z   Downloading h11-0.16.0-py3-none-any.whl.metadata (8.3 kB)
2026-10-09T14:21:08.5865063Z Collecting attrs>=22.2.0 (from jsonschema<5,>=4.18->ai-novel-studio==0.7.0)
2026-10-09T14:21:08.5922816Z   Downloading attrs-26.1.0-py3-none-any.whl.metadata (8.8 kB)
2026-10-09T14:21:08.6044841Z Collecting jsonschema-specifications>=2023.03.6 (from jsonschema<5,>=4.18->ai-novel-studio==0.7.0)
2026-10-09T14:21:08.6081318Z   Downloading jsonschema_specifications-2025.9.1-py3-none-any.whl.metadata (2.9 kB)
2026-10-09T14:21:08.6280862Z Collecting referencing>=0.28.4 (from jsonschema<5,>=4.18->ai-novel-studio==0.7.0)
2026-10-09T14:21:08.6316257Z   Downloading referencing-0.37.0-py3-none-any.whl.metadata (2.8 kB)
2026-10-09T14:21:08.8767917Z Collecting rpds-py>=0.25.0 (from jsonschema<5,>=4.18->ai-novel-studio==0.7.0)
2026-10-09T14:21:08.8807275Z   Downloading rpds_py-2026.9.1-cp312-cp312-manylinux_2_17_x86_64.manylinux2014_x86_64.whl.metadata (4.1 kB)
2026-10-09T14:21:09.0540349Z Collecting psycopg-binary==3.3.6 (from psycopg[binary]<4,>=3.2->ai-novel-studio==0.7.0)
2026-10-09T14:21:09.0576792Z   Downloading psycopg_binary-3.3.6-cp312-cp312-manylinux2014_x86_64.manylinux_2_17_x86_64.whl.metadata (2.7 kB)
2026-10-09T14:21:09.0752883Z Collecting python-dotenv>=0.21.0 (from pydantic-settings<3,>=2.6->ai-novel-studio==0.7.0)
2026-10-09T14:21:09.0790089Z   Downloading python_dotenv-1.2.4-py3-none-any.whl.metadata (29 kB)
2026-10-09T14:21:09.0928268Z Collecting iniconfig>=1 (from pytest<9,>=8->ai-novel-studio==0.7.0)
2026-10-09T14:21:09.0964109Z   Downloading iniconfig-2.3.0-py3-none-any.whl.metadata (2.5 kB)
2026-10-09T14:21:09.1112773Z Collecting packaging>=20 (from pytest<9,>=8->ai-novel-studio==0.7.0)
2026-10-09T14:21:09.1146360Z   Downloading packaging-26.3-py3-none-any.whl.metadata (3.5 kB)
2026-10-09T14:21:09.1259318Z Collecting pluggy<2,>=1.5 (from pytest<9,>=8->ai-novel-studio==0.7.0)
2026-10-09T14:21:09.1291821Z   Downloading pluggy-1.6.0-py3-none-any.whl.metadata (4.8 kB)
2026-10-09T14:21:09.1465239Z Collecting pygments>=2.7.2 (from pytest<9,>=8->ai-novel-studio==0.7.0)
2026-10-09T14:21:09.1499370Z   Downloading pygments-2.21.0-py3-none-any.whl.metadata (2.5 kB)
2026-10-09T14:21:09.2683671Z Collecting charset-normalizer (from reportlab<5,>=4.0->ai-novel-studio==0.7.0)
2026-10-09T14:21:09.2730508Z   Downloading charset_normalizer-3.5.2-cp312-cp312-manylinux2014_x86_64.manylinux_2_17_x86_64.manylinux_2_28_x86_64.whl.metadata (46 kB)
2026-10-09T14:21:09.2934218Z Collecting click>=7.0 (from uvicorn<1,>=0.30->ai-novel-studio==0.7.0)
2026-10-09T14:21:09.2967512Z   Downloading click-8.5.0-py3-none-any.whl.metadata (2.6 kB)
2026-10-09T14:21:09.3154443Z Collecting annotated-types>=0.6.0 (from pydantic>=2.9.0->fastapi<1,>=0.115->ai-novel-studio==0.7.0)
2026-10-09T14:21:09.3252812Z   Downloading annotated_types-0.8.0-py3-none-any.whl.metadata (15 kB)
2026-10-09T14:21:09.9887375Z Collecting pydantic-core==2.46.5 (from pydantic>=2.9.0->fastapi<1,>=0.115->ai-novel-studio==0.7.0)
2026-10-09T14:21:09.9924310Z   Downloading pydantic_core-2.46.5-cp312-cp312-manylinux_2_17_x86_64.manylinux2014_x86_64.whl.metadata (6.6 kB)
2026-10-09T14:21:10.0166747Z Downloading fonttools-4.59.1-cp312-cp312-manylinux1_x86_64.manylinux2014_x86_64.manylinux_2_17_x86_64.manylinux_2_5_x86_64.whl (4.9 MB)
2026-10-09T14:21:10.0450066Z    ━━━━━━━━━━━━━━━━━━━━━━━━━━━━━━━━━━━━━━━━ 4.9/4.9 MB 192.6 MB/s  0:00:00
2026-10-09T14:21:10.0515327Z Downloading opentimelineio-0.18.1-cp312-cp312-manylinux2014_x86_64.manylinux_2_17_x86_64.whl (842 kB)
2026-10-09T14:21:10.0572905Z    ━━━━━━━━━━━━━━━━━━━━━━━━━━━━━━━━━━━━━━━━ 842.8/842.8 kB 167.2 MB/s  0:00:00
2026-10-09T14:21:10.0609106Z Downloading pillow-12.3.0-cp312-cp312-manylinux_2_27_x86_64.manylinux_2_28_x86_64.whl (6.9 MB)
2026-10-09T14:21:10.0840659Z    ━━━━━━━━━━━━━━━━━━━━━━━━━━━━━━━━━━━━━━━━ 6.9/6.9 MB 322.9 MB/s  0:00:00
2026-10-09T14:21:10.0874529Z Downloading pypdf-6.19.0-py3-none-any.whl (395 kB)
2026-10-09T14:21:10.0934378Z Downloading fastapi-0.142.2-py3-none-any.whl (144 kB)
2026-10-09T14:21:10.0989372Z Downloading httpx-0.28.1-py3-none-any.whl (73 kB)
2026-10-09T14:21:10.1041373Z Downloading httpcore-1.0.9-py3-none-any.whl (78 kB)
2026-10-09T14:21:10.1100976Z Downloading jsonschema-4.26.0-py3-none-any.whl (90 kB)
2026-10-09T14:21:10.1160243Z Downloading psycopg-3.3.6-py3-none-any.whl (215 kB)
2026-10-09T14:21:10.1219562Z Downloading psycopg_binary-3.3.6-cp312-cp312-manylinux2014_x86_64.manylinux_2_17_x86_64.whl (5.2 MB)
2026-10-09T14:21:10.1400001Z    ━━━━━━━━━━━━━━━━━━━━━━━━━━━━━━━━━━━━━━━━ 5.2/5.2 MB 331.2 MB/s  0:00:00
2026-10-09T14:21:10.1438795Z Downloading pydantic_settings-2.15.0-py3-none-any.whl (69 kB)
2026-10-09T14:21:10.1498204Z Downloading pytest-8.4.2-py3-none-any.whl (365 kB)
2026-10-09T14:21:10.1561760Z Downloading pluggy-1.6.0-py3-none-any.whl (20 kB)
2026-10-09T14:21:10.1620105Z Downloading reportlab-4.5.1-py3-none-any.whl (2.0 MB)
2026-10-09T14:21:10.1749099Z    ━━━━━━━━━━━━━━━━━━━━━━━━━━━━━━━━━━━━━━━━ 2.0/2.0 MB 180.0 MB/s  0:00:00
2026-10-09T14:21:10.1787874Z Downloading sqlalchemy-2.1.3-cp312-cp312-manylinux2014_x86_64.manylinux_2_17_x86_64.manylinux_2_28_x86_64.whl (4.7 MB)
2026-10-09T14:21:10.2158886Z    ━━━━━━━━━━━━━━━━━━━━━━━━━━━━━━━━━━━━━━━━ 4.7/4.7 MB 143.2 MB/s  0:00:00
2026-10-09T14:21:10.2196195Z Downloading uvicorn-0.54.0-py3-none-any.whl (87 kB)
2026-10-09T14:21:10.2254336Z Downloading annotated_doc-0.0.5-py3-none-any.whl (5.3 kB)
2026-10-09T14:21:10.2307903Z Downloading attrs-26.1.0-py3-none-any.whl (67 kB)
2026-10-09T14:21:10.2363817Z Downloading click-8.5.0-py3-none-any.whl (125 kB)
2026-10-09T14:21:10.2419482Z Downloading h11-0.16.0-py3-none-any.whl (37 kB)
2026-10-09T14:21:10.2468742Z Downloading iniconfig-2.3.0-py3-none-any.whl (7.5 kB)
2026-10-09T14:21:10.2521482Z Downloading jsonschema_specifications-2025.9.1-py3-none-any.whl (18 kB)
2026-10-09T14:21:10.2573429Z Downloading opentelemetry_api-1.45.0-py3-none-any.whl (60 kB)
2026-10-09T14:21:10.2626020Z Downloading packaging-26.3-py3-none-any.whl (129 kB)
2026-10-09T14:21:10.2681437Z Downloading pydantic-2.13.5-py3-none-any.whl (472 kB)
2026-10-09T14:21:10.2758112Z Downloading pydantic_core-2.46.5-cp312-cp312-manylinux_2_17_x86_64.manylinux2014_x86_64.whl (2.1 MB)
2026-10-09T14:21:10.2845096Z    ━━━━━━━━━━━━━━━━━━━━━━━━━━━━━━━━━━━━━━━━ 2.1/2.1 MB 286.6 MB/s  0:00:00
2026-10-09T14:21:10.2881659Z Downloading annotated_types-0.8.0-py3-none-any.whl (13 kB)
2026-10-09T14:21:10.2941415Z Downloading pygments-2.21.0-py3-none-any.whl (1.3 MB)
2026-10-09T14:21:10.3012156Z    ━━━━━━━━━━━━━━━━━━━━━━━━━━━━━━━━━━━━━━━━ 1.3/1.3 MB 213.9 MB/s  0:00:00
2026-10-09T14:21:10.3199055Z Downloading python_dotenv-1.2.4-py3-none-any.whl (23 kB)
2026-10-09T14:21:10.3260052Z Downloading referencing-0.37.0-py3-none-any.whl (26 kB)
2026-10-09T14:21:10.3314291Z Downloading rpds_py-2026.9.1-cp312-cp312-manylinux_2_17_x86_64.manylinux2014_x86_64.whl (371 kB)
2026-10-09T14:21:10.3380805Z Downloading starlette-1.7.0-py3-none-any.whl (78 kB)
2026-10-09T14:21:10.3438727Z Downloading anyio-4.15.1-py3-none-any.whl (132 kB)
2026-10-09T14:21:10.3495265Z Downloading idna-3.20-py3-none-any.whl (69 kB)
2026-10-09T14:21:10.3553957Z Downloading typing_extensions-4.16.0-py3-none-any.whl (45 kB)
2026-10-09T14:21:10.3612726Z Downloading typing_inspection-0.4.4-py3-none-any.whl (14 kB)
2026-10-09T14:21:10.3667614Z Downloading certifi-2026.7.22-py3-none-any.whl (136 kB)
2026-10-09T14:21:10.3723669Z Downloading charset_normalizer-3.5.2-cp312-cp312-manylinux2014_x86_64.manylinux_2_17_x86_64.manylinux_2_28_x86_64.whl (257 kB)
2026-10-09T14:21:10.5028031Z Building wheels for collected packages: ai-novel-studio
2026-10-09T14:21:10.5037121Z   Building editable for ai-novel-studio (pyproject.toml): started
2026-10-09T14:21:11.4847086Z   Building editable for ai-novel-studio (pyproject.toml): finished with status 'done'
2026-10-09T14:21:11.4854418Z   Created wheel for ai-novel-studio: filename=ai_novel_studio-0.7.0-0.editable-py3-none-any.whl size=3192 sha256=35ef18f2e9787f30d0ee7fdeb96d0b47a9bf6de5aae8430e88d1974d45586535
2026-10-09T14:21:11.4856542Z   Stored in directory: /home/runner/work/_temp/novel-ci-v2-creative-browser.a1D6wV/tmp/pip-ephem-wheel-cache-o75fo2gd/wheels/9f/b0/90/2c21615a4b2906f044c7845cb7bc29ac4c3daf6afda4b0dca7
2026-10-09T14:21:11.4872208Z Successfully built ai-novel-studio
2026-10-09T14:21:11.5898393Z Installing collected packages: typing-extensions, rpds-py, python-dotenv, pypdf, pygments, psycopg-binary, pluggy, Pillow, packaging, opentimelineio, iniconfig, idna, h11, fonttools, click, charset-normalizer, certifi, attrs, annotated-types, annotated-doc, uvicorn, typing-inspection, sqlalchemy, reportlab, referencing, pytest, pydantic-core, psycopg, opentelemetry-api, httpcore, anyio, starlette, pydantic, jsonschema-specifications, httpx, pydantic-settings, jsonschema, fastapi, ai-novel-studio
2026-10-09T14:21:18.0716354Z 
2026-10-09T14:21:18.0758279Z Successfully installed Pillow-12.3.0 ai-novel-studio-0.7.0 annotated-doc-0.0.5 annotated-types-0.8.0 anyio-4.15.1 attrs-26.1.0 certifi-2026.7.22 charset-normalizer-3.5.2 click-8.5.0 fastapi-0.142.2 fonttools-4.59.1 h11-0.16.0 httpcore-1.0.9 httpx-0.28.1 idna-3.20 iniconfig-2.3.0 jsonschema-4.26.0 jsonschema-specifications-2025.9.1 opentelemetry-api-1.45.0 opentimelineio-0.18.1 packaging-26.3 pluggy-1.6.0 psycopg-3.3.6 psycopg-binary-3.3.6 pydantic-2.13.5 pydantic-core-2.46.5 pydantic-settings-2.15.0 pygments-2.21.0 pypdf-6.19.0 pytest-8.4.2 python-dotenv-1.2.4 referencing-0.37.0 reportlab-4.5.1 rpds-py-2026.9.1 sqlalchemy-2.1.3 starlette-1.7.0 typing-extensions-4.16.0 typing-inspection-0.4.4 uvicorn-0.54.0
2026-10-09T14:21:18.9549158Z No broken requirements found.
2026-10-09T14:21:20.8023021Z ##[group]Run set -o pipefail
2026-10-09T14:21:20.8023383Z [36;1mset -o pipefail[0m
2026-10-09T14:21:20.8024127Z [36;1mV2_PYTHON=python CI_RECEIPTS="$CI_RECEIPTS/v2-creative-live" pnpm exec playwright test --config playwright.v2-live.config.ts 2>&1 | tee "$CI_RECEIPTS/v2-creative-live.log"[0m
2026-10-09T14:21:20.8091679Z shell: /usr/bin/bash -e {0}
2026-10-09T14:21:20.8091949Z env:
2026-10-09T14:21:20.8092148Z   MOCK_PROVIDER: true
2026-10-09T14:21:20.8092381Z   MOCK_STREAM_DELAY_MS: 0
2026-10-09T14:21:20.8092610Z   ENABLE_CLOUD: false
2026-10-09T14:21:20.8092843Z   CREDENTIAL_VAULT_BACKEND: memory
2026-10-09T14:21:20.8093144Z   CREDENTIAL_VAULT_ALLOW_MEMORY_FALLBACK: true
2026-10-09T14:21:20.8093460Z   PYTHONDONTWRITEBYTECODE: 1
2026-10-09T14:21:20.8093707Z   HF_HUB_OFFLINE: 1
2026-10-09T14:21:20.8093945Z   TRANSFORMERS_OFFLINE: 1
2026-10-09T14:21:20.8094241Z   pythonLocation: /opt/hostedtoolcache/Python/3.12.9/x64
2026-10-09T14:21:20.8094721Z   PKG_CONFIG_PATH: /opt/hostedtoolcache/Python/3.12.9/x64/lib/pkgconfig
2026-10-09T14:21:20.8095155Z   Python_ROOT_DIR: /opt/hostedtoolcache/Python/3.12.9/x64
2026-10-09T14:21:20.8095535Z   Python2_ROOT_DIR: /opt/hostedtoolcache/Python/3.12.9/x64
2026-10-09T14:21:20.8095914Z   Python3_ROOT_DIR: /opt/hostedtoolcache/Python/3.12.9/x64
2026-10-09T14:21:20.8096295Z   LD_LIBRARY_PATH: /opt/hostedtoolcache/Python/3.12.9/x64/lib
2026-10-09T14:21:20.8096679Z   CI_COVERAGE_SHA: 99c43b6892038233c390be2ae61acb669163d0b5
2026-10-09T14:21:20.8097045Z   CI_COVERAGE_TREE: 69d69ffe71838263069d164a0a07b39b5f4a4333
2026-10-09T14:21:20.8097476Z   CI_SANDBOX: /home/runner/work/_temp/novel-ci-v2-creative-browser.a1D6wV
2026-10-09T14:21:20.8098004Z   CI_PROJECT: /home/runner/work/_temp/novel-ci-v2-creative-browser.a1D6wV/project
2026-10-09T14:21:20.8098559Z   CI_RECEIPTS: /home/runner/work/_temp/novel-ci-v2-creative-browser.a1D6wV/receipts
2026-10-09T14:21:20.8099082Z   HOME: /home/runner/work/_temp/novel-ci-v2-creative-browser.a1D6wV/home
2026-10-09T14:21:20.8099944Z   USERPROFILE: /home/runner/work/_temp/novel-ci-v2-creative-browser.a1D6wV/home
2026-10-09T14:21:20.8100703Z   APPDATA: /home/runner/work/_temp/novel-ci-v2-creative-browser.a1D6wV/appdata
2026-10-09T14:21:20.8101921Z   LOCALAPPDATA: /home/runner/work/_temp/novel-ci-v2-creative-browser.a1D6wV/localappdata
2026-10-09T14:21:20.8102528Z   XDG_CONFIG_HOME: /home/runner/work/_temp/novel-ci-v2-creative-browser.a1D6wV/config
2026-10-09T14:21:20.8103083Z   XDG_CACHE_HOME: /home/runner/work/_temp/novel-ci-v2-creative-browser.a1D6wV/cache
2026-10-09T14:21:20.8103646Z   XDG_DATA_HOME: /home/runner/work/_temp/novel-ci-v2-creative-browser.a1D6wV/data
2026-10-09T14:21:20.8104189Z   XDG_STATE_HOME: /home/runner/work/_temp/novel-ci-v2-creative-browser.a1D6wV/state
2026-10-09T14:21:20.8104705Z   TMPDIR: /home/runner/work/_temp/novel-ci-v2-creative-browser.a1D6wV/tmp
2026-10-09T14:21:20.8105191Z   TMP: /home/runner/work/_temp/novel-ci-v2-creative-browser.a1D6wV/tmp
2026-10-09T14:21:20.8105654Z   TEMP: /home/runner/work/_temp/novel-ci-v2-creative-browser.a1D6wV/tmp
2026-10-09T14:21:20.8106169Z   PROJECT_ROOT: /home/runner/work/_temp/novel-ci-v2-creative-browser.a1D6wV/project
2026-10-09T14:21:20.8106750Z   NOVEL_DATA_PATH: /home/runner/work/_temp/novel-ci-v2-creative-browser.a1D6wV/data/novels
2026-10-09T14:21:20.8107332Z   BACKUP_PATH: /home/runner/work/_temp/novel-ci-v2-creative-browser.a1D6wV/data/backups
2026-10-09T14:21:20.8107977Z   DATABASE_BACKUP_PATH: /home/runner/work/_temp/novel-ci-v2-creative-browser.a1D6wV/data/database-backups
2026-10-09T14:21:20.8108653Z   KNOWLEDGE_SOURCE_PATH: /home/runner/work/_temp/novel-ci-v2-creative-browser.a1D6wV/data/novels
2026-10-09T14:21:20.8109104Z ##[endgroup]
2026-10-09T14:21:35.9226453Z 
2026-10-09T14:21:35.9227373Z Running 7 tests using 1 worker
2026-10-09T14:21:35.9228149Z 
2026-10-09T14:21:48.9023781Z   ✓  1 [v2-live-chromium] › tests/e2e/v2-creative-live.spec.ts:111:1 › real File V2 authoring: reviewed direction, ordered storyboard, production history and restore preserve the manuscript (12.1s)
2026-10-09T14:21:52.6450521Z   ✓  2 [v2-live-chromium] › tests/e2e/v2-creative-live.spec.ts:206:1 › real File V2 cancel and navigation retain dirty drafts without duplicating accepted or cancelled proposals (3.7s)
2026-10-09T14:21:55.7090722Z   ✓  3 [v2-live-chromium] › tests/e2e/v2-creative-live.spec.ts:236:1 › real File V2 scope and stale-write fencing keeps the browser draft and rejects foreign sources (3.1s)
2026-10-09T14:21:56.7000877Z   ✓  4 [v2-live-chromium] › tests/e2e/v2-creative-live.spec.ts:282:1 › real HTTP File V2 lifecycle persists reviewed direction, order, history and restored content with unchanged manuscript (982ms)
2026-10-09T14:21:57.1281833Z   ✓  5 [v2-live-chromium] › tests/e2e/v2-creative-live.spec.ts:346:1 › real HTTP File V2 scope, cancel and stale source fences remain authoritative (419ms)
2026-10-09T14:22:02.7861284Z   ✓  6 [v1-chromium] › tests/e2e/v2-creative-live.spec.ts:267:1 › V1 default-off backend and browser never expose the V2 workbench or accept creative writes (4.9s)
2026-10-09T14:22:02.8911908Z   ✓  7 [v1-chromium] › tests/e2e/v2-creative-live.spec.ts:379:1 › real HTTP default-off gate advertises disabled capabilities and rejects creative reads and writes (91ms)
2026-10-09T14:22:02.9430141Z 
2026-10-09T14:22:02.9438093Z   7 passed (41.0s)
2026-10-09T14:22:02.9897990Z ##[group]Run set -o pipefail
2026-10-09T14:22:02.9898315Z [36;1mset -o pipefail[0m
2026-10-09T14:22:02.9899028Z [36;1mpnpm exec playwright test --config playwright.creative.config.ts --update-snapshots=none --reporter=list,junit 2>&1 | tee "$CI_RECEIPTS/v2-creative-workbench.log"[0m
2026-10-09T14:22:02.9968303Z shell: /usr/bin/bash -e {0}
2026-10-09T14:22:02.9968561Z env:
2026-10-09T14:22:02.9968768Z   MOCK_PROVIDER: true
2026-10-09T14:22:02.9968999Z   MOCK_STREAM_DELAY_MS: 0
2026-10-09T14:22:02.9969513Z   ENABLE_CLOUD: false
2026-10-09T14:22:02.9969757Z   CREDENTIAL_VAULT_BACKEND: memory
2026-10-09T14:22:02.9970047Z   CREDENTIAL_VAULT_ALLOW_MEMORY_FALLBACK: true
2026-10-09T14:22:02.9970355Z   PYTHONDONTWRITEBYTECODE: 1
2026-10-09T14:22:02.9970597Z   HF_HUB_OFFLINE: 1
2026-10-09T14:22:02.9970805Z   TRANSFORMERS_OFFLINE: 1
2026-10-09T14:22:02.9971102Z   pythonLocation: /opt/hostedtoolcache/Python/3.12.9/x64
2026-10-09T14:22:02.9971572Z   PKG_CONFIG_PATH: /opt/hostedtoolcache/Python/3.12.9/x64/lib/pkgconfig
2026-10-09T14:22:02.9971992Z   Python_ROOT_DIR: /opt/hostedtoolcache/Python/3.12.9/x64
2026-10-09T14:22:02.9972367Z   Python2_ROOT_DIR: /opt/hostedtoolcache/Python/3.12.9/x64
2026-10-09T14:22:02.9972742Z   Python3_ROOT_DIR: /opt/hostedtoolcache/Python/3.12.9/x64
2026-10-09T14:22:02.9973120Z   LD_LIBRARY_PATH: /opt/hostedtoolcache/Python/3.12.9/x64/lib
2026-10-09T14:22:02.9973496Z   CI_COVERAGE_SHA: 99c43b6892038233c390be2ae61acb669163d0b5
2026-10-09T14:22:02.9973871Z   CI_COVERAGE_TREE: 69d69ffe71838263069d164a0a07b39b5f4a4333
2026-10-09T14:22:02.9974300Z   CI_SANDBOX: /home/runner/work/_temp/novel-ci-v2-creative-browser.a1D6wV
2026-10-09T14:22:02.9974811Z   CI_PROJECT: /home/runner/work/_temp/novel-ci-v2-creative-browser.a1D6wV/project
2026-10-09T14:22:02.9975364Z   CI_RECEIPTS: /home/runner/work/_temp/novel-ci-v2-creative-browser.a1D6wV/receipts
2026-10-09T14:22:02.9975878Z   HOME: /home/runner/work/_temp/novel-ci-v2-creative-browser.a1D6wV/home
2026-10-09T14:22:02.9976400Z   USERPROFILE: /home/runner/work/_temp/novel-ci-v2-creative-browser.a1D6wV/home
2026-10-09T14:22:02.9976924Z   APPDATA: /home/runner/work/_temp/novel-ci-v2-creative-browser.a1D6wV/appdata
2026-10-09T14:22:02.9977477Z   LOCALAPPDATA: /home/runner/work/_temp/novel-ci-v2-creative-browser.a1D6wV/localappdata
2026-10-09T14:22:02.9978046Z   XDG_CONFIG_HOME: /home/runner/work/_temp/novel-ci-v2-creative-browser.a1D6wV/config
2026-10-09T14:22:02.9978587Z   XDG_CACHE_HOME: /home/runner/work/_temp/novel-ci-v2-creative-browser.a1D6wV/cache
2026-10-09T14:22:02.9979528Z   XDG_DATA_HOME: /home/runner/work/_temp/novel-ci-v2-creative-browser.a1D6wV/data
2026-10-09T14:22:02.9980075Z   XDG_STATE_HOME: /home/runner/work/_temp/novel-ci-v2-creative-browser.a1D6wV/state
2026-10-09T14:22:02.9980586Z   TMPDIR: /home/runner/work/_temp/novel-ci-v2-creative-browser.a1D6wV/tmp
2026-10-09T14:22:02.9981061Z   TMP: /home/runner/work/_temp/novel-ci-v2-creative-browser.a1D6wV/tmp
2026-10-09T14:22:02.9981531Z   TEMP: /home/runner/work/_temp/novel-ci-v2-creative-browser.a1D6wV/tmp
2026-10-09T14:22:02.9982029Z   PROJECT_ROOT: /home/runner/work/_temp/novel-ci-v2-creative-browser.a1D6wV/project
2026-10-09T14:22:02.9982586Z   NOVEL_DATA_PATH: /home/runner/work/_temp/novel-ci-v2-creative-browser.a1D6wV/data/novels
2026-10-09T14:22:02.9983161Z   BACKUP_PATH: /home/runner/work/_temp/novel-ci-v2-creative-browser.a1D6wV/data/backups
2026-10-09T14:22:02.9983793Z   DATABASE_BACKUP_PATH: /home/runner/work/_temp/novel-ci-v2-creative-browser.a1D6wV/data/database-backups
2026-10-09T14:22:02.9984468Z   KNOWLEDGE_SOURCE_PATH: /home/runner/work/_temp/novel-ci-v2-creative-browser.a1D6wV/data/novels
2026-10-09T14:22:02.9985220Z   PLAYWRIGHT_JUNIT_OUTPUT_FILE: /home/runner/work/_temp/novel-ci-v2-creative-browser.a1D6wV/receipts/v2-creative-workbench.xml
2026-10-09T14:22:02.9985787Z ##[endgroup]
2026-10-09T14:22:04.6560300Z 
2026-10-09T14:22:04.6561118Z Running 8 tests using 1 worker
2026-10-09T14:22:04.6562171Z 
2026-10-09T14:22:08.8612822Z   ✓  1 [chromium] › tests/visual/creative-workbench.spec.ts:49:1 › V2 remains off with no creative API requests (3.4s)
2026-10-09T14:22:11.2868336Z   ✓  2 [chromium] › tests/visual/creative-workbench.spec.ts:51:1 › keyboard stages and cancelled exit preserve unsaved creative content (2.4s)
2026-10-09T14:22:13.1023383Z   ✓  3 [chromium] › tests/visual/creative-workbench.spec.ts:53:117 › V2 shared-shell geometry 1366x768 (1.8s)
2026-10-09T14:22:14.9144398Z   ✓  4 [chromium] › tests/visual/creative-workbench.spec.ts:53:117 › V2 shared-shell geometry 1440x900 (1.8s)
2026-10-09T14:22:16.7964336Z   ✓  5 [chromium] › tests/visual/creative-workbench.spec.ts:53:117 › V2 shared-shell geometry 1920x1080 (1.9s)
2026-10-09T14:22:18.7558127Z   ✓  6 [chromium] › tests/visual/creative-workbench.spec.ts:55:117 › V2 timeline header shields scrolled reorder controls 1366x768 (1.9s)
2026-10-09T14:22:21.1402756Z   ✓  7 [chromium] › tests/visual/creative-workbench.spec.ts:55:117 › V2 timeline header shields scrolled reorder controls 1440x900 (2.4s)
2026-10-09T14:22:23.5577954Z   ✓  8 [chromium] › tests/visual/creative-workbench.spec.ts:55:117 › V2 timeline header shields scrolled reorder controls 1920x1080 (2.4s)
2026-10-09T14:22:23.6508036Z 
2026-10-09T14:22:23.6512369Z   8 passed (19.5s)
2026-10-09T14:22:23.6811751Z ##[group]Run if [ -f "$CI_RECEIPTS/v2-creative-live/junit.xml" ]; then
2026-10-09T14:22:23.6812296Z [36;1mif [ -f "$CI_RECEIPTS/v2-creative-live/junit.xml" ]; then[0m
2026-10-09T14:22:23.6812817Z [36;1m  cp "$CI_RECEIPTS/v2-creative-live/junit.xml" "$CI_RECEIPTS/v2-creative-live.xml"[0m
2026-10-09T14:22:23.6813270Z [36;1mfi[0m
2026-10-09T14:22:23.6813523Z [36;1mpython3 .github/ci/receipt.py "$CI_RECEIPTS"[0m
2026-10-09T14:22:23.6876193Z shell: /usr/bin/bash -e {0}
2026-10-09T14:22:23.6876452Z env:
2026-10-09T14:22:23.6876644Z   MOCK_PROVIDER: true
2026-10-09T14:22:23.6876873Z   MOCK_STREAM_DELAY_MS: 0
2026-10-09T14:22:23.6877102Z   ENABLE_CLOUD: false
2026-10-09T14:22:23.6877336Z   CREDENTIAL_VAULT_BACKEND: memory
2026-10-09T14:22:23.6877625Z   CREDENTIAL_VAULT_ALLOW_MEMORY_FALLBACK: true
2026-10-09T14:22:23.6877951Z   PYTHONDONTWRITEBYTECODE: 1
2026-10-09T14:22:23.6878210Z   HF_HUB_OFFLINE: 1
2026-10-09T14:22:23.6878448Z   TRANSFORMERS_OFFLINE: 1
2026-10-09T14:22:23.6878771Z   pythonLocation: /opt/hostedtoolcache/Python/3.12.9/x64
2026-10-09T14:22:23.6879208Z   PKG_CONFIG_PATH: /opt/hostedtoolcache/Python/3.12.9/x64/lib/pkgconfig
2026-10-09T14:22:23.6879952Z   Python_ROOT_DIR: /opt/hostedtoolcache/Python/3.12.9/x64
2026-10-09T14:22:23.6880353Z   Python2_ROOT_DIR: /opt/hostedtoolcache/Python/3.12.9/x64
2026-10-09T14:22:23.6880946Z   Python3_ROOT_DIR: /opt/hostedtoolcache/Python/3.12.9/x64
2026-10-09T14:22:23.6881333Z   LD_LIBRARY_PATH: /opt/hostedtoolcache/Python/3.12.9/x64/lib
2026-10-09T14:22:23.6881712Z   CI_COVERAGE_SHA: 99c43b6892038233c390be2ae61acb669163d0b5
2026-10-09T14:22:23.6882079Z   CI_COVERAGE_TREE: 69d69ffe71838263069d164a0a07b39b5f4a4333
2026-10-09T14:22:23.6882511Z   CI_SANDBOX: /home/runner/work/_temp/novel-ci-v2-creative-browser.a1D6wV
2026-10-09T14:22:23.6883042Z   CI_PROJECT: /home/runner/work/_temp/novel-ci-v2-creative-browser.a1D6wV/project
2026-10-09T14:22:23.6883608Z   CI_RECEIPTS: /home/runner/work/_temp/novel-ci-v2-creative-browser.a1D6wV/receipts
2026-10-09T14:22:23.6884131Z   HOME: /home/runner/work/_temp/novel-ci-v2-creative-browser.a1D6wV/home
2026-10-09T14:22:23.6884635Z   USERPROFILE: /home/runner/work/_temp/novel-ci-v2-creative-browser.a1D6wV/home
2026-10-09T14:22:23.6885164Z   APPDATA: /home/runner/work/_temp/novel-ci-v2-creative-browser.a1D6wV/appdata
2026-10-09T14:22:23.6885717Z   LOCALAPPDATA: /home/runner/work/_temp/novel-ci-v2-creative-browser.a1D6wV/localappdata
2026-10-09T14:22:23.6886298Z   XDG_CONFIG_HOME: /home/runner/work/_temp/novel-ci-v2-creative-browser.a1D6wV/config
2026-10-09T14:22:23.6886846Z   XDG_CACHE_HOME: /home/runner/work/_temp/novel-ci-v2-creative-browser.a1D6wV/cache
2026-10-09T14:22:23.6887383Z   XDG_DATA_HOME: /home/runner/work/_temp/novel-ci-v2-creative-browser.a1D6wV/data
2026-10-09T14:22:23.6887912Z   XDG_STATE_HOME: /home/runner/work/_temp/novel-ci-v2-creative-browser.a1D6wV/state
2026-10-09T14:22:23.6888422Z   TMPDIR: /home/runner/work/_temp/novel-ci-v2-creative-browser.a1D6wV/tmp
2026-10-09T14:22:23.6888898Z   TMP: /home/runner/work/_temp/novel-ci-v2-creative-browser.a1D6wV/tmp
2026-10-09T14:22:23.6889621Z   TEMP: /home/runner/work/_temp/novel-ci-v2-creative-browser.a1D6wV/tmp
2026-10-09T14:22:23.6890165Z   PROJECT_ROOT: /home/runner/work/_temp/novel-ci-v2-creative-browser.a1D6wV/project
2026-10-09T14:22:23.6890740Z   NOVEL_DATA_PATH: /home/runner/work/_temp/novel-ci-v2-creative-browser.a1D6wV/data/novels
2026-10-09T14:22:23.6891320Z   BACKUP_PATH: /home/runner/work/_temp/novel-ci-v2-creative-browser.a1D6wV/data/backups
2026-10-09T14:22:23.6891963Z   DATABASE_BACKUP_PATH: /home/runner/work/_temp/novel-ci-v2-creative-browser.a1D6wV/data/database-backups
2026-10-09T14:22:23.6892637Z   KNOWLEDGE_SOURCE_PATH: /home/runner/work/_temp/novel-ci-v2-creative-browser.a1D6wV/data/novels
2026-10-09T14:22:23.6893085Z ##[endgroup]
2026-10-09T14:22:23.8446795Z {
2026-10-09T14:22:23.8450690Z   "revision": "checked_out_sha=99c43b6892038233c390be2ae61acb669163d0b5\nevent_sha=99c43b6892038233c390be2ae61acb669163d0b5\nrun_url=https://github.com/1785235376-blip/AI-Novel-Studio/actions/runs/37943398984\njob=v2-creative-browser\nplatform=Linux; native Windows host/AppContainer/installer=NOT RUN\n",
2026-10-09T14:22:23.8453735Z   "test_reports": {
2026-10-09T14:22:23.8454352Z     "v2-creative-live.xml": {
2026-10-09T14:22:23.8454743Z       "tests": 7,
2026-10-09T14:22:23.8455054Z       "failures": 0,
2026-10-09T14:22:23.8455357Z       "errors": 0,
2026-10-09T14:22:23.8455646Z       "skipped": 0
2026-10-09T14:22:23.8455939Z     },
2026-10-09T14:22:23.8456275Z     "v2-creative-workbench.xml": {
2026-10-09T14:22:23.8456658Z       "tests": 8,
2026-10-09T14:22:23.8456954Z       "failures": 0,
2026-10-09T14:22:23.8457254Z       "errors": 0,
2026-10-09T14:22:23.8457540Z       "skipped": 0
2026-10-09T14:22:23.8457822Z     }
2026-10-09T14:22:23.8458073Z   },
2026-10-09T14:22:23.8458382Z   "report_status": "RECORDED",
2026-10-09T14:22:23.8458884Z   "native_windows_host_appcontainer_installer": "NOT RUN",
2026-10-09T14:22:23.8459781Z   "real_model_and_paid_provider_execution": "NOT RUN"
2026-10-09T14:22:23.8460231Z }
2026-10-09T14:22:23.8460379Z 
2026-10-09T14:22:23.8569098Z ##[group]Run actions/upload-artifact@v4.6.2
2026-10-09T14:22:23.8569757Z with:
2026-10-09T14:22:23.8570143Z   name: v2-creative-browser-99c43b6892038233c390be2ae61acb669163d0b5-attempt-1
2026-10-09T14:22:23.8571332Z   path: /home/runner/work/_temp/novel-ci-v2-creative-browser.a1D6wV/receipts
/home/runner/work/_temp/novel-ci-v2-creative-browser.a1D6wV/project/frontend/test-results/creative-workbench

2026-10-09T14:22:23.8572149Z   if-no-files-found: error
2026-10-09T14:22:23.8572394Z   retention-days: 14
2026-10-09T14:22:23.8572623Z   compression-level: 6
2026-10-09T14:22:23.8572842Z   overwrite: false
2026-10-09T14:22:23.8573065Z   include-hidden-files: false
2026-10-09T14:22:23.8573302Z env:
2026-10-09T14:22:23.8573492Z   MOCK_PROVIDER: true
2026-10-09T14:22:23.8573714Z   MOCK_STREAM_DELAY_MS: 0
2026-10-09T14:22:23.8573940Z   ENABLE_CLOUD: false
2026-10-09T14:22:23.8574172Z   CREDENTIAL_VAULT_BACKEND: memory
2026-10-09T14:22:23.8574489Z   CREDENTIAL_VAULT_ALLOW_MEMORY_FALLBACK: true
2026-10-09T14:22:23.8574802Z   PYTHONDONTWRITEBYTECODE: 1
2026-10-09T14:22:23.8575053Z   HF_HUB_OFFLINE: 1
2026-10-09T14:22:23.8575267Z   TRANSFORMERS_OFFLINE: 1
2026-10-09T14:22:23.8575560Z   pythonLocation: /opt/hostedtoolcache/Python/3.12.9/x64
2026-10-09T14:22:23.8575999Z   PKG_CONFIG_PATH: /opt/hostedtoolcache/Python/3.12.9/x64/lib/pkgconfig
2026-10-09T14:22:23.8576417Z   Python_ROOT_DIR: /opt/hostedtoolcache/Python/3.12.9/x64
2026-10-09T14:22:23.8576791Z   Python2_ROOT_DIR: /opt/hostedtoolcache/Python/3.12.9/x64
2026-10-09T14:22:23.8577169Z   Python3_ROOT_DIR: /opt/hostedtoolcache/Python/3.12.9/x64
2026-10-09T14:22:23.8577556Z   LD_LIBRARY_PATH: /opt/hostedtoolcache/Python/3.12.9/x64/lib
2026-10-09T14:22:23.8577944Z   CI_COVERAGE_SHA: 99c43b6892038233c390be2ae61acb669163d0b5
2026-10-09T14:22:23.8578313Z   CI_COVERAGE_TREE: 69d69ffe71838263069d164a0a07b39b5f4a4333
2026-10-09T14:22:23.8578741Z   CI_SANDBOX: /home/runner/work/_temp/novel-ci-v2-creative-browser.a1D6wV
2026-10-09T14:22:23.8579264Z   CI_PROJECT: /home/runner/work/_temp/novel-ci-v2-creative-browser.a1D6wV/project
2026-10-09T14:22:23.8579982Z   CI_RECEIPTS: /home/runner/work/_temp/novel-ci-v2-creative-browser.a1D6wV/receipts
2026-10-09T14:22:23.8580506Z   HOME: /home/runner/work/_temp/novel-ci-v2-creative-browser.a1D6wV/home
2026-10-09T14:22:23.8581010Z   USERPROFILE: /home/runner/work/_temp/novel-ci-v2-creative-browser.a1D6wV/home
2026-10-09T14:22:23.8581544Z   APPDATA: /home/runner/work/_temp/novel-ci-v2-creative-browser.a1D6wV/appdata
2026-10-09T14:22:23.8582098Z   LOCALAPPDATA: /home/runner/work/_temp/novel-ci-v2-creative-browser.a1D6wV/localappdata
2026-10-09T14:22:23.8582671Z   XDG_CONFIG_HOME: /home/runner/work/_temp/novel-ci-v2-creative-browser.a1D6wV/config
2026-10-09T14:22:23.8583216Z   XDG_CACHE_HOME: /home/runner/work/_temp/novel-ci-v2-creative-browser.a1D6wV/cache
2026-10-09T14:22:23.8583748Z   XDG_DATA_HOME: /home/runner/work/_temp/novel-ci-v2-creative-browser.a1D6wV/data
2026-10-09T14:22:23.8584281Z   XDG_STATE_HOME: /home/runner/work/_temp/novel-ci-v2-creative-browser.a1D6wV/state
2026-10-09T14:22:23.8584807Z   TMPDIR: /home/runner/work/_temp/novel-ci-v2-creative-browser.a1D6wV/tmp
2026-10-09T14:22:23.8585284Z   TMP: /home/runner/work/_temp/novel-ci-v2-creative-browser.a1D6wV/tmp
2026-10-09T14:22:23.8585754Z   TEMP: /home/runner/work/_temp/novel-ci-v2-creative-browser.a1D6wV/tmp
2026-10-09T14:22:23.8586265Z   PROJECT_ROOT: /home/runner/work/_temp/novel-ci-v2-creative-browser.a1D6wV/project
2026-10-09T14:22:23.8586838Z   NOVEL_DATA_PATH: /home/runner/work/_temp/novel-ci-v2-creative-browser.a1D6wV/data/novels
2026-10-09T14:22:23.8587425Z   BACKUP_PATH: /home/runner/work/_temp/novel-ci-v2-creative-browser.a1D6wV/data/backups
2026-10-09T14:22:23.8588071Z   DATABASE_BACKUP_PATH: /home/runner/work/_temp/novel-ci-v2-creative-browser.a1D6wV/data/database-backups
2026-10-09T14:22:23.8588764Z   KNOWLEDGE_SOURCE_PATH: /home/runner/work/_temp/novel-ci-v2-creative-browser.a1D6wV/data/novels
2026-10-09T14:22:23.8589226Z ##[endgroup]
2026-10-09T14:22:24.0281555Z (node:3753) [DEP0040] DeprecationWarning: The `punycode` module is deprecated. Please use a userland alternative instead.
2026-10-09T14:22:24.0283033Z (Use `node --trace-deprecation ...` to show where the warning was created)
2026-10-09T14:22:24.0492402Z Multiple search paths detected. Calculating the least common ancestor of all paths
2026-10-09T14:22:24.0495457Z The least common ancestor is /home/runner/work/_temp/novel-ci-v2-creative-browser.a1D6wV. This will be the root directory of the artifact
2026-10-09T14:22:24.0496763Z With the provided path, there will be 38 files uploaded
2026-10-09T14:22:24.0520173Z Artifact name is valid!
2026-10-09T14:22:24.0520966Z Root directory input is valid!
2026-10-09T14:22:24.2614677Z Beginning upload of artifact content to blob storage
2026-10-09T14:22:24.4632352Z (node:3753) [DEP0169] DeprecationWarning: `url.parse()` behavior is not standardized and prone to errors that have security implications. Use the WHATWG URL API instead. CVEs are not issued for `url.parse()` vulnerabilities.
2026-10-09T14:22:24.6264937Z Uploaded bytes 4202475
2026-10-09T14:22:24.6444280Z Finished uploading artifact content to blob storage!
2026-10-09T14:22:24.6445713Z SHA256 digest of uploaded artifact zip is c0b2e1dd2782e8af856f59159abcf19672768ed7ab6ece8dc9bd1d504db7e944
2026-10-09T14:22:24.6447993Z Finalizing artifact upload
2026-10-09T14:22:24.8958760Z Artifact v2-creative-browser-99c43b6892038233c390be2ae61acb669163d0b5-attempt-1.zip successfully finalized. Artifact ID 11622372599
2026-10-09T14:22:24.8960922Z Artifact v2-creative-browser-99c43b6892038233c390be2ae61acb669163d0b5-attempt-1 has been successfully uploaded! Final size is 4202475 bytes. Artifact ID is 11622372599
2026-10-09T14:22:24.8966689Z Artifact download URL: https://github.com/1785235376-blip/AI-Novel-Studio/actions/runs/37943398984/artifacts/11622372599
2026-10-09T14:22:24.9163458Z Post job cleanup.
2026-10-09T14:22:25.0434436Z (node:3765) [DEP0040] DeprecationWarning: The `punycode` module is deprecated. Please use a userland alternative instead.
2026-10-09T14:22:25.0435514Z (Use `node --trace-deprecation ...` to show where the warning was created)
2026-10-09T14:22:25.0602189Z Post job cleanup.
2026-10-09T14:22:25.1922948Z (node:3773) [DEP0040] DeprecationWarning: The `punycode` module is deprecated. Please use a userland alternative instead.
2026-10-09T14:22:25.1924046Z (Use `node --trace-deprecation ...` to show where the warning was created)
2026-10-09T14:22:25.2096994Z Post job cleanup.
2026-10-09T14:22:25.3011860Z [command]/usr/bin/git version
2026-10-09T14:22:25.3059178Z git version 2.55.0
2026-10-09T14:22:25.3105712Z Temporarily overriding HOME='/home/runner/work/_temp/f1c66f7d-9c0b-4f35-9cf1-d3742e558ced' before making global git config changes
2026-10-09T14:22:25.3107647Z Adding repository directory to the temporary git global config as a safe directory
2026-10-09T14:22:25.3117543Z [command]/usr/bin/git config --global --add safe.directory /home/runner/work/AI-Novel-Studio/AI-Novel-Studio
2026-10-09T14:22:25.3165174Z [command]/usr/bin/git config --local --name-only --get-regexp core\.sshCommand
2026-10-09T14:22:25.3209084Z [command]/usr/bin/git submodule foreach --recursive sh -c "git config --local --name-only --get-regexp 'core\.sshCommand' && git config --local --unset-all 'core.sshCommand' || :"
2026-10-09T14:22:25.3496579Z [command]/usr/bin/git config --local --name-only --get-regexp http\.https\:\/\/github\.com\/\.extraheader
2026-10-09T14:22:25.3540776Z [command]/usr/bin/git submodule foreach --recursive sh -c "git config --local --name-only --get-regexp 'http\.https\:\/\/github\.com\/\.extraheader' && git config --local --unset-all 'http.https://github.com/.extraheader' || :"
2026-10-09T14:22:25.3972501Z Cleaning up orphan processes
2026-10-09T14:22:25.4398660Z ##[warning]Node.js 20 is deprecated. The following actions target Node.js 20 but are being forced to run on Node.js 24: actions/checkout@v4.2.2, actions/setup-node@v4.4.0, actions/setup-python@v5.6.0, actions/upload-artifact@v4.6.2. For more information see: https://github.blog/changelog/2025-09-19-deprecation-of-node-20-on-github-actions-runners/
