2026-10-09T14:20:20.5377995Z Current runner version: '2.337.0'
2026-10-09T14:20:20.5399265Z ##[group]Runner Image Provisioner
2026-10-09T14:20:20.5399973Z Hosted Compute Agent
2026-10-09T14:20:20.5400380Z Version: 20261002.596
2026-10-09T14:20:20.5400884Z Commit: c3d12f3313a95f25162a1503be624f3b0617f8c0
2026-10-09T14:20:20.5401448Z Build Date: 2026-10-02T22:28:27Z
2026-10-09T14:20:20.5402021Z Worker ID: {9376f0ac-76c0-4b92-80cb-8a737b4a3532}
2026-10-09T14:20:20.5402536Z Region: centralus
2026-10-09T14:20:20.5402931Z Cloud: Azure
2026-10-09T14:20:20.5403302Z ##[endgroup]
2026-10-09T14:20:20.5404543Z ##[group]Operating System
2026-10-09T14:20:20.5404968Z Ubuntu
2026-10-09T14:20:20.5405324Z 24.04.5
2026-10-09T14:20:20.5405685Z LTS
2026-10-09T14:20:20.5406051Z ##[endgroup]
2026-10-09T14:20:20.5406455Z ##[group]Runner Image
2026-10-09T14:20:20.5406907Z Image: ubuntu-24.04
2026-10-09T14:20:20.5407293Z Version: 20261004.327.1
2026-10-09T14:20:20.5408217Z Included Software: https://github.com/actions/runner-images/blob/ubuntu24/20261004.327/images/ubuntu/Ubuntu2404-Readme.md
2026-10-09T14:20:20.5409289Z Image Release: https://github.com/actions/runner-images/releases/tag/ubuntu24%2F20261004.327
2026-10-09T14:20:20.5409950Z ##[endgroup]
2026-10-09T14:20:20.5410703Z ##[group]GITHUB_TOKEN Permissions
2026-10-09T14:20:20.5412335Z Contents: read
2026-10-09T14:20:20.5412824Z Metadata: read
2026-10-09T14:20:20.5413252Z ##[endgroup]
2026-10-09T14:20:20.5415012Z Secret source: Actions
2026-10-09T14:20:20.5415700Z Cache mode: write
2026-10-09T14:20:20.5416190Z Prepare workflow directory
2026-10-09T14:20:20.5695925Z Prepare all required actions
2026-10-09T14:20:20.5732971Z Getting action download info
2026-10-09T14:20:20.8150895Z Download action repository 'actions/checkout@v4.2.2' (SHA:11bd71901bbe5b1630ceea73d27597364c9af683)
2026-10-09T14:20:20.9104684Z Download action repository 'actions/setup-node@v4.4.0' (SHA:49933ea5288caeca8642d1e84afbd3f7d6820020)
2026-10-09T14:20:20.9978708Z Download action repository 'actions/setup-python@v5.6.0' (SHA:a26af69be951a213d495a4c3e4e4022e16d87065)
2026-10-09T14:20:21.0871411Z Download action repository 'actions/upload-artifact@v4.6.2' (SHA:ea165f8d65b6e75b540449e92b4886f43607fa02)
2026-10-09T14:20:21.2725315Z Complete job name: V2 / Creative live workflows and geometry
2026-10-09T14:20:21.3268614Z ##[group]Run actions/checkout@v4.2.2
2026-10-09T14:20:21.3269266Z with:
2026-10-09T14:20:21.3269623Z   persist-credentials: false
2026-10-09T14:20:21.3270199Z   repository: 1785235376-blip/AI-Novel-Studio
2026-10-09T14:20:21.3272984Z   token: ***
2026-10-09T14:20:21.3273338Z   ssh-strict: true
2026-10-09T14:20:21.3273914Z   ssh-user: git
2026-10-09T14:20:21.3274265Z   clean: true
2026-10-09T14:20:21.3274636Z   sparse-checkout-cone-mode: true
2026-10-09T14:20:21.3275066Z   fetch-depth: 1
2026-10-09T14:20:21.3275437Z   fetch-tags: false
2026-10-09T14:20:21.3275810Z   show-progress: true
2026-10-09T14:20:21.3276169Z   lfs: false
2026-10-09T14:20:21.3276490Z   submodules: false
2026-10-09T14:20:21.3276903Z   set-safe-directory: true
2026-10-09T14:20:21.3277439Z env:
2026-10-09T14:20:21.3277797Z   MOCK_PROVIDER: true
2026-10-09T14:20:21.3278168Z   MOCK_STREAM_DELAY_MS: 0
2026-10-09T14:20:21.3278558Z   ENABLE_CLOUD: false
2026-10-09T14:20:21.3278967Z   CREDENTIAL_VAULT_BACKEND: memory
2026-10-09T14:20:21.3279499Z   CREDENTIAL_VAULT_ALLOW_MEMORY_FALLBACK: true
2026-10-09T14:20:21.3279999Z   PYTHONDONTWRITEBYTECODE: 1
2026-10-09T14:20:21.3280394Z   HF_HUB_OFFLINE: 1
2026-10-09T14:20:21.3280759Z   TRANSFORMERS_OFFLINE: 1
2026-10-09T14:20:21.3281157Z ##[endgroup]
2026-10-09T14:20:21.4038569Z Syncing repository: 1785235376-blip/AI-Novel-Studio
2026-10-09T14:20:21.4040065Z ##[group]Getting Git version info
2026-10-09T14:20:21.4040714Z Working directory is '/home/runner/work/AI-Novel-Studio/AI-Novel-Studio'
2026-10-09T14:20:21.4041701Z [command]/usr/bin/git version
2026-10-09T14:20:21.4128913Z git version 2.55.0
2026-10-09T14:20:21.4144392Z ##[endgroup]
2026-10-09T14:20:21.4153081Z Temporarily overriding HOME='/home/runner/work/_temp/5bf7b825-023f-4c61-97f6-771d2fd49e92' before making global git config changes
2026-10-09T14:20:21.4156308Z Adding repository directory to the temporary git global config as a safe directory
2026-10-09T14:20:21.4158237Z [command]/usr/bin/git config --global --add safe.directory /home/runner/work/AI-Novel-Studio/AI-Novel-Studio
2026-10-09T14:20:21.4199583Z Deleting the contents of '/home/runner/work/AI-Novel-Studio/AI-Novel-Studio'
2026-10-09T14:20:21.4204060Z ##[group]Initializing the repository
2026-10-09T14:20:21.4207342Z [command]/usr/bin/git init /home/runner/work/AI-Novel-Studio/AI-Novel-Studio
2026-10-09T14:20:21.4321658Z hint: Using 'master' as the name for the initial branch. This default branch name
2026-10-09T14:20:21.4323191Z hint: will change to "main" in Git 3.0. To configure the initial branch name
2026-10-09T14:20:21.4324942Z hint: to use in all of your new repositories, which will suppress this warning,
2026-10-09T14:20:21.4328112Z hint: call:
2026-10-09T14:20:21.4329086Z hint:
2026-10-09T14:20:21.4329872Z hint: 	git config --global init.defaultBranch <name>
2026-10-09T14:20:21.4331137Z hint:
2026-10-09T14:20:21.4332223Z hint: Names commonly chosen instead of 'master' are 'main', 'trunk' and
2026-10-09T14:20:21.4333566Z hint: 'development'. The just-created branch can be renamed via this command:
2026-10-09T14:20:21.4334616Z hint:
2026-10-09T14:20:21.4335106Z hint: 	git branch -m <name>
2026-10-09T14:20:21.4336395Z hint:
2026-10-09T14:20:21.4337472Z hint: Disable this message with "git config set advice.defaultBranchName false"
2026-10-09T14:20:21.4339061Z Initialized empty Git repository in /home/runner/work/AI-Novel-Studio/AI-Novel-Studio/.git/
2026-10-09T14:20:21.4341596Z [command]/usr/bin/git remote add origin https://github.com/1785235376-blip/AI-Novel-Studio
2026-10-09T14:20:21.4376487Z ##[endgroup]
2026-10-09T14:20:21.4377642Z ##[group]Disabling automatic garbage collection
2026-10-09T14:20:21.4380020Z [command]/usr/bin/git config --local gc.auto 0
2026-10-09T14:20:21.4410527Z ##[endgroup]
2026-10-09T14:20:21.4411397Z ##[group]Setting up auth
2026-10-09T14:20:21.4420925Z [command]/usr/bin/git config --local --name-only --get-regexp core\.sshCommand
2026-10-09T14:20:21.4455183Z [command]/usr/bin/git submodule foreach --recursive sh -c "git config --local --name-only --get-regexp 'core\.sshCommand' && git config --local --unset-all 'core.sshCommand' || :"
2026-10-09T14:20:21.4756841Z [command]/usr/bin/git config --local --name-only --get-regexp http\.https\:\/\/github\.com\/\.extraheader
2026-10-09T14:20:21.4781041Z [command]/usr/bin/git submodule foreach --recursive sh -c "git config --local --name-only --get-regexp 'http\.https\:\/\/github\.com\/\.extraheader' && git config --local --unset-all 'http.https://github.com/.extraheader' || :"
2026-10-09T14:20:21.4930900Z [command]/usr/bin/git config --local http.https://github.com/.extraheader AUTHORIZATION: basic ***
2026-10-09T14:20:21.4965963Z ##[endgroup]
2026-10-09T14:20:21.4967013Z ##[group]Fetching the repository
2026-10-09T14:20:21.4974461Z [command]/usr/bin/git -c protocol.version=2 fetch --no-tags --prune --no-recurse-submodules --depth=1 origin +7f0d911549b04e8dbb7cf078316ad74c42095449:refs/remotes/pull/47/merge
2026-10-09T14:20:25.6021090Z From https://github.com/1785235376-blip/AI-Novel-Studio
2026-10-09T14:20:25.6022936Z  * [new ref]         7f0d911549b04e8dbb7cf078316ad74c42095449 -> pull/47/merge
2026-10-09T14:20:25.6041156Z ##[endgroup]
2026-10-09T14:20:25.6042682Z ##[group]Determining the checkout info
2026-10-09T14:20:25.6045043Z ##[endgroup]
2026-10-09T14:20:25.6045993Z [command]/usr/bin/git sparse-checkout disable
2026-10-09T14:20:25.6091297Z [command]/usr/bin/git config --local --unset-all extensions.worktreeConfig
2026-10-09T14:20:25.6117177Z ##[group]Checking out the ref
2026-10-09T14:20:25.6119422Z [command]/usr/bin/git checkout --progress --force refs/remotes/pull/47/merge
2026-10-09T14:20:26.0317429Z Note: switching to 'refs/remotes/pull/47/merge'.
2026-10-09T14:20:26.0324629Z 
2026-10-09T14:20:26.0325157Z You are in 'detached HEAD' state. You can look around, make experimental
2026-10-09T14:20:26.0326393Z changes and commit them, and you can discard any commits you make in this
2026-10-09T14:20:26.0326978Z state without impacting any branches by switching back to a branch.
2026-10-09T14:20:26.0327243Z 
2026-10-09T14:20:26.0327488Z If you want to create a new branch to retain commits you create, you may
2026-10-09T14:20:26.0327922Z do so (now or later) by using -c with the switch command. Example:
2026-10-09T14:20:26.0328185Z 
2026-10-09T14:20:26.0328309Z   git switch -c <new-branch-name>
2026-10-09T14:20:26.0328519Z 
2026-10-09T14:20:26.0328666Z Or undo this operation with:
2026-10-09T14:20:26.0328885Z 
2026-10-09T14:20:26.0328996Z   git switch -
2026-10-09T14:20:26.0329186Z 
2026-10-09T14:20:26.0329418Z Turn off this advice by setting config variable advice.detachedHead to false
2026-10-09T14:20:26.0329667Z 
2026-10-09T14:20:26.0329981Z HEAD is now at 7f0d911 Merge 99c43b6892038233c390be2ae61acb669163d0b5 into fed2404c8e30b44061b7139dced45b7f3301601c
2026-10-09T14:20:26.0335822Z ##[endgroup]
2026-10-09T14:20:26.0373851Z [command]/usr/bin/git log -1 --format=%H
2026-10-09T14:20:26.0392062Z 7f0d911549b04e8dbb7cf078316ad74c42095449
2026-10-09T14:20:26.0398639Z ##[group]Removing auth
2026-10-09T14:20:26.0402249Z [command]/usr/bin/git config --local --name-only --get-regexp core\.sshCommand
2026-10-09T14:20:26.0422612Z [command]/usr/bin/git submodule foreach --recursive sh -c "git config --local --name-only --get-regexp 'core\.sshCommand' && git config --local --unset-all 'core.sshCommand' || :"
2026-10-09T14:20:26.0571308Z [command]/usr/bin/git config --local --name-only --get-regexp http\.https\:\/\/github\.com\/\.extraheader
2026-10-09T14:20:26.0591227Z http.https://github.com/.extraheader
2026-10-09T14:20:26.0595609Z [command]/usr/bin/git config --local --unset-all http.https://github.com/.extraheader
2026-10-09T14:20:26.0618998Z [command]/usr/bin/git submodule foreach --recursive sh -c "git config --local --name-only --get-regexp 'http\.https\:\/\/github\.com\/\.extraheader' && git config --local --unset-all 'http.https://github.com/.extraheader' || :"
2026-10-09T14:20:26.0758985Z ##[endgroup]
2026-10-09T14:20:26.0965721Z ##[group]Run actions/setup-node@v4.4.0
2026-10-09T14:20:26.0966074Z with:
2026-10-09T14:20:26.0966326Z   node-version: 22.14.0
2026-10-09T14:20:26.0966586Z   always-auth: false
2026-10-09T14:20:26.0966867Z   check-latest: false
2026-10-09T14:20:26.0968571Z   token: ***
2026-10-09T14:20:26.0968795Z env:
2026-10-09T14:20:26.0969054Z   MOCK_PROVIDER: true
2026-10-09T14:20:26.0969340Z   MOCK_STREAM_DELAY_MS: 0
2026-10-09T14:20:26.0969623Z   ENABLE_CLOUD: false
2026-10-09T14:20:26.0969883Z   CREDENTIAL_VAULT_BACKEND: memory
2026-10-09T14:20:26.0970171Z   CREDENTIAL_VAULT_ALLOW_MEMORY_FALLBACK: true
2026-10-09T14:20:26.0970507Z   PYTHONDONTWRITEBYTECODE: 1
2026-10-09T14:20:26.0970777Z   HF_HUB_OFFLINE: 1
2026-10-09T14:20:26.0971042Z   TRANSFORMERS_OFFLINE: 1
2026-10-09T14:20:26.0971304Z ##[endgroup]
2026-10-09T14:20:26.1980372Z Attempting to download 22.14.0...
2026-10-09T14:20:26.2058759Z (node:2114) [DEP0040] DeprecationWarning: The `punycode` module is deprecated. Please use a userland alternative instead.
2026-10-09T14:20:26.2059819Z (Use `node --trace-deprecation ...` to show where the warning was created)
2026-10-09T14:20:27.0218221Z Acquiring 22.14.0 - x64 from https://github.com/actions/node-versions/releases/download/22.14.0-13265982013/node-22.14.0-linux-x64.tar.gz
2026-10-09T14:20:27.5993222Z Extracting ...
2026-10-09T14:20:27.6071786Z [command]/usr/bin/tar xz --strip 1 --warning=no-unknown-keyword --overwrite -C /home/runner/work/_temp/f876ac67-9191-4f3c-b057-02e8547095eb -f /home/runner/work/_temp/fd5e9cdf-7c2d-4fc1-adf4-72628d8c585b
2026-10-09T14:20:28.5468669Z Adding to the cache ...
2026-10-09T14:20:30.3474788Z ##[group]Environment details
2026-10-09T14:20:30.5112406Z node: v22.14.0
2026-10-09T14:20:30.5113019Z npm: 10.9.2
2026-10-09T14:20:30.5113335Z yarn: 1.22.22
2026-10-09T14:20:30.5114053Z ##[endgroup]
2026-10-09T14:20:30.5301711Z ##[group]Run actions/setup-python@v5.6.0
2026-10-09T14:20:30.5302035Z with:
2026-10-09T14:20:30.5302275Z   python-version: 3.12.9
2026-10-09T14:20:30.5302522Z   check-latest: false
2026-10-09T14:20:30.5304480Z   token: ***
2026-10-09T14:20:30.5304734Z   update-environment: true
2026-10-09T14:20:30.5305058Z   allow-prereleases: false
2026-10-09T14:20:30.5305291Z   freethreaded: false
2026-10-09T14:20:30.5305515Z env:
2026-10-09T14:20:30.5305726Z   MOCK_PROVIDER: true
2026-10-09T14:20:30.5305959Z   MOCK_STREAM_DELAY_MS: 0
2026-10-09T14:20:30.5306196Z   ENABLE_CLOUD: false
2026-10-09T14:20:30.5306445Z   CREDENTIAL_VAULT_BACKEND: memory
2026-10-09T14:20:30.5306698Z   CREDENTIAL_VAULT_ALLOW_MEMORY_FALLBACK: true
2026-10-09T14:20:30.5307017Z   PYTHONDONTWRITEBYTECODE: 1
2026-10-09T14:20:30.5307278Z   HF_HUB_OFFLINE: 1
2026-10-09T14:20:30.5307535Z   TRANSFORMERS_OFFLINE: 1
2026-10-09T14:20:30.5307760Z ##[endgroup]
2026-10-09T14:20:30.6268841Z ##[group]Installed versions
2026-10-09T14:20:30.6290264Z Version 3.12.9 was not found in the local cache
2026-10-09T14:20:30.6363245Z (node:2151) [DEP0040] DeprecationWarning: The `punycode` module is deprecated. Please use a userland alternative instead.
2026-10-09T14:20:30.6364306Z (Use `node --trace-deprecation ...` to show where the warning was created)
2026-10-09T14:20:31.6190003Z Version 3.12.9 is available for downloading
2026-10-09T14:20:31.6191028Z Download from "https://github.com/actions/python-versions/releases/download/3.12.9-13149478207/python-3.12.9-linux-24.04-x64.tar.gz"
2026-10-09T14:20:32.3015827Z Extract downloaded archive
2026-10-09T14:20:32.3095945Z [command]/usr/bin/tar xz --warning=no-unknown-keyword --overwrite -C /home/runner/work/_temp/6214e7fe-e0ae-4ef6-b849-100c2cc954e1 -f /home/runner/work/_temp/4988375c-7cb9-478d-a223-f9d93ec26c39
2026-10-09T14:20:34.0394974Z Execute installation script
2026-10-09T14:20:34.0475404Z Check if Python hostedtoolcache folder exist...
2026-10-09T14:20:34.0475890Z Create Python 3.12.9 folder
2026-10-09T14:20:34.0487495Z Copy Python binaries to hostedtoolcache folder
2026-10-09T14:20:34.3679138Z Create additional symlinks (Required for the UsePythonVersion Azure Pipelines task and the setup-python GitHub Action)
2026-10-09T14:20:34.3707172Z Upgrading pip...
2026-10-09T14:20:35.9750244Z Looking in links: /tmp/tmpom2rp_jz
2026-10-09T14:20:35.9751056Z Requirement already satisfied: pip in /opt/hostedtoolcache/Python/3.12.9/x64/lib/python3.12/site-packages (24.3.1)
2026-10-09T14:20:37.0433914Z Collecting pip
2026-10-09T14:20:37.0978273Z Downloading pip-26.2.1-py3-none-any.whl.metadata (4.6 kB)
2026-10-09T14:20:37.1114289Z Downloading pip-26.2.1-py3-none-any.whl (1.8 MB)
2026-10-09T14:20:37.1878712Z ━━━━━━━━━━━━━━━━━━━━━━━━━━━━━━━━━━━━━━━━ 1.8/1.8 MB 31.6 MB/s eta 0:00:00
2026-10-09T14:20:37.1879110Z 
2026-10-09T14:20:37.2028499Z Installing collected packages: pip
2026-10-09T14:20:37.2028903Z Attempting uninstall: pip
2026-10-09T14:20:37.2043042Z Found existing installation: pip 24.3.1
2026-10-09T14:20:37.2207589Z Uninstalling pip-24.3.1:
2026-10-09T14:20:37.2239906Z Successfully uninstalled pip-24.3.1
2026-10-09T14:20:37.7537918Z Successfully installed pip-26.2.1
2026-10-09T14:20:37.8091260Z Create complete file
2026-10-09T14:20:37.8117374Z Successfully set up CPython (3.12.9)
2026-10-09T14:20:37.8117954Z ##[endgroup]
2026-10-09T14:20:37.8231813Z ##[group]Run bash .github/ci/prepare.sh v2-creative-browser
2026-10-09T14:20:37.8232334Z [36;1mbash .github/ci/prepare.sh v2-creative-browser[0m
2026-10-09T14:20:37.8397953Z shell: /usr/bin/bash -e {0}
2026-10-09T14:20:37.8398215Z env:
2026-10-09T14:20:37.8398486Z   MOCK_PROVIDER: true
2026-10-09T14:20:37.8398741Z   MOCK_STREAM_DELAY_MS: 0
2026-10-09T14:20:37.8398984Z   ENABLE_CLOUD: false
2026-10-09T14:20:37.8399234Z   CREDENTIAL_VAULT_BACKEND: memory
2026-10-09T14:20:37.8399514Z   CREDENTIAL_VAULT_ALLOW_MEMORY_FALLBACK: true
2026-10-09T14:20:37.8399797Z   PYTHONDONTWRITEBYTECODE: 1
2026-10-09T14:20:37.8400041Z   HF_HUB_OFFLINE: 1
2026-10-09T14:20:37.8400263Z   TRANSFORMERS_OFFLINE: 1
2026-10-09T14:20:37.8400731Z   pythonLocation: /opt/hostedtoolcache/Python/3.12.9/x64
2026-10-09T14:20:37.8401233Z   PKG_CONFIG_PATH: /opt/hostedtoolcache/Python/3.12.9/x64/lib/pkgconfig
2026-10-09T14:20:37.8401581Z   Python_ROOT_DIR: /opt/hostedtoolcache/Python/3.12.9/x64
2026-10-09T14:20:37.8401991Z   Python2_ROOT_DIR: /opt/hostedtoolcache/Python/3.12.9/x64
2026-10-09T14:20:37.8402324Z   Python3_ROOT_DIR: /opt/hostedtoolcache/Python/3.12.9/x64
2026-10-09T14:20:37.8402653Z   LD_LIBRARY_PATH: /opt/hostedtoolcache/Python/3.12.9/x64/lib
2026-10-09T14:20:37.8402942Z ##[endgroup]
2026-10-09T14:20:38.3655289Z ##[group]Run npm install --global pnpm@10.6.5
2026-10-09T14:20:38.3655677Z [36;1mnpm install --global pnpm@10.6.5[0m
2026-10-09T14:20:38.3655974Z [36;1mpnpm install --frozen-lockfile[0m
2026-10-09T14:20:38.3656403Z [36;1m{ node --version; pnpm --version; sha256sum pnpm-lock.yaml; } > "$CI_RECEIPTS/frontend-tools.txt"[0m
2026-10-09T14:20:38.3656872Z [36;1mpnpm exec playwright install --with-deps chromium[0m
2026-10-09T14:20:38.3693999Z shell: /usr/bin/bash -e {0}
2026-10-09T14:20:38.3694294Z env:
2026-10-09T14:20:38.3694556Z   MOCK_PROVIDER: true
2026-10-09T14:20:38.3694784Z   MOCK_STREAM_DELAY_MS: 0
2026-10-09T14:20:38.3695004Z   ENABLE_CLOUD: false
2026-10-09T14:20:38.3695271Z   CREDENTIAL_VAULT_BACKEND: memory
2026-10-09T14:20:38.3695571Z   CREDENTIAL_VAULT_ALLOW_MEMORY_FALLBACK: true
2026-10-09T14:20:38.3695896Z   PYTHONDONTWRITEBYTECODE: 1
2026-10-09T14:20:38.3696131Z   HF_HUB_OFFLINE: 1
2026-10-09T14:20:38.3696348Z   TRANSFORMERS_OFFLINE: 1
2026-10-09T14:20:38.3696769Z   pythonLocation: /opt/hostedtoolcache/Python/3.12.9/x64
2026-10-09T14:20:38.3697111Z   PKG_CONFIG_PATH: /opt/hostedtoolcache/Python/3.12.9/x64/lib/pkgconfig
2026-10-09T14:20:38.3697482Z   Python_ROOT_DIR: /opt/hostedtoolcache/Python/3.12.9/x64
2026-10-09T14:20:38.3697813Z   Python2_ROOT_DIR: /opt/hostedtoolcache/Python/3.12.9/x64
2026-10-09T14:20:38.3698145Z   Python3_ROOT_DIR: /opt/hostedtoolcache/Python/3.12.9/x64
2026-10-09T14:20:38.3698498Z   LD_LIBRARY_PATH: /opt/hostedtoolcache/Python/3.12.9/x64/lib
2026-10-09T14:20:38.3698826Z   CI_COVERAGE_SHA: 7f0d911549b04e8dbb7cf078316ad74c42095449
2026-10-09T14:20:38.3699178Z   CI_COVERAGE_TREE: 69d69ffe71838263069d164a0a07b39b5f4a4333
2026-10-09T14:20:38.3699532Z   CI_SANDBOX: /home/runner/work/_temp/novel-ci-v2-creative-browser.kpElbF
2026-10-09T14:20:38.3699963Z   CI_PROJECT: /home/runner/work/_temp/novel-ci-v2-creative-browser.kpElbF/project
2026-10-09T14:20:38.3700403Z   CI_RECEIPTS: /home/runner/work/_temp/novel-ci-v2-creative-browser.kpElbF/receipts
2026-10-09T14:20:38.3700806Z   HOME: /home/runner/work/_temp/novel-ci-v2-creative-browser.kpElbF/home
2026-10-09T14:20:38.3701224Z   USERPROFILE: /home/runner/work/_temp/novel-ci-v2-creative-browser.kpElbF/home
2026-10-09T14:20:38.3701670Z   APPDATA: /home/runner/work/_temp/novel-ci-v2-creative-browser.kpElbF/appdata
2026-10-09T14:20:38.3702123Z   LOCALAPPDATA: /home/runner/work/_temp/novel-ci-v2-creative-browser.kpElbF/localappdata
2026-10-09T14:20:38.3702689Z   XDG_CONFIG_HOME: /home/runner/work/_temp/novel-ci-v2-creative-browser.kpElbF/config
2026-10-09T14:20:38.3703115Z   XDG_CACHE_HOME: /home/runner/work/_temp/novel-ci-v2-creative-browser.kpElbF/cache
2026-10-09T14:20:38.3703650Z   XDG_DATA_HOME: /home/runner/work/_temp/novel-ci-v2-creative-browser.kpElbF/data
2026-10-09T14:20:38.3704068Z   XDG_STATE_HOME: /home/runner/work/_temp/novel-ci-v2-creative-browser.kpElbF/state
2026-10-09T14:20:38.3704524Z   TMPDIR: /home/runner/work/_temp/novel-ci-v2-creative-browser.kpElbF/tmp
2026-10-09T14:20:38.3704920Z   TMP: /home/runner/work/_temp/novel-ci-v2-creative-browser.kpElbF/tmp
2026-10-09T14:20:38.3705296Z   TEMP: /home/runner/work/_temp/novel-ci-v2-creative-browser.kpElbF/tmp
2026-10-09T14:20:38.3705718Z   PROJECT_ROOT: /home/runner/work/_temp/novel-ci-v2-creative-browser.kpElbF/project
2026-10-09T14:20:38.3706153Z   NOVEL_DATA_PATH: /home/runner/work/_temp/novel-ci-v2-creative-browser.kpElbF/data/novels
2026-10-09T14:20:38.3706605Z   BACKUP_PATH: /home/runner/work/_temp/novel-ci-v2-creative-browser.kpElbF/data/backups
2026-10-09T14:20:38.3707272Z   DATABASE_BACKUP_PATH: /home/runner/work/_temp/novel-ci-v2-creative-browser.kpElbF/data/database-backups
2026-10-09T14:20:38.3707811Z   KNOWLEDGE_SOURCE_PATH: /home/runner/work/_temp/novel-ci-v2-creative-browser.kpElbF/data/novels
2026-10-09T14:20:38.3708188Z ##[endgroup]
2026-10-09T14:20:39.3958007Z 
2026-10-09T14:20:39.3958887Z added 1 package in 842ms
2026-10-09T14:20:39.3959194Z 
2026-10-09T14:20:39.3959619Z 1 package is looking for funding
2026-10-09T14:20:39.3960213Z   run `npm fund` for details
2026-10-09T14:20:39.7174931Z Lockfile is up to date, resolution step is skipped
2026-10-09T14:20:39.7366575Z Progress: resolved 1, reused 0, downloaded 0, added 0
2026-10-09T14:20:39.7594966Z Packages: +249
2026-10-09T14:20:39.7608750Z ++++++++++++++++++++++++++++++++++++++++++++++++++++++++++++++++++++++++++++++++
2026-10-09T14:20:40.7391630Z Progress: resolved 249, reused 0, downloaded 198, added 197
2026-10-09T14:20:41.0788075Z Progress: resolved 249, reused 0, downloaded 249, added 249, done
2026-10-09T14:20:41.1497032Z .../esbuild@0.21.5/node_modules/esbuild postinstall$ node install.js
2026-10-09T14:20:41.1501701Z .../esbuild@0.25.12/node_modules/esbuild postinstall$ node install.js
2026-10-09T14:20:41.2330214Z .../esbuild@0.21.5/node_modules/esbuild postinstall: Done
2026-10-09T14:20:41.2647717Z .../esbuild@0.25.12/node_modules/esbuild postinstall: Done
2026-10-09T14:20:41.4034439Z 
2026-10-09T14:20:41.4035796Z dependencies:
2026-10-09T14:20:41.4036851Z + @tanstack/react-query 5.101.4
2026-10-09T14:20:41.4037525Z + @tiptap/extension-placeholder 2.27.2
2026-10-09T14:20:41.4038031Z + @tiptap/react 2.27.2
2026-10-09T14:20:41.4039081Z + @tiptap/starter-kit 2.27.2
2026-10-09T14:20:41.4039493Z + lucide-react 0.468.0
2026-10-09T14:20:41.4039898Z + react 18.3.1
2026-10-09T14:20:41.4040131Z + react-dom 18.3.1
2026-10-09T14:20:41.4040389Z + zustand 5.0.14
2026-10-09T14:20:41.4040545Z 
2026-10-09T14:20:41.4040664Z devDependencies:
2026-10-09T14:20:41.4040968Z + @playwright/test 1.62.1
2026-10-09T14:20:41.4041372Z + @testing-library/react 16.3.2
2026-10-09T14:20:41.4041714Z + @types/node 22.13.10
2026-10-09T14:20:41.4042221Z + @types/react 18.3.31
2026-10-09T14:20:41.4042502Z + @types/react-dom 18.3.7
2026-10-09T14:20:41.4042848Z + @vitejs/plugin-react 4.7.0
2026-10-09T14:20:41.4043143Z + fountain-js 1.2.4
2026-10-09T14:20:41.4043500Z + jsdom 25.0.1
2026-10-09T14:20:41.4043793Z + typescript 5.9.3
2026-10-09T14:20:41.4044053Z + vite 6.4.3
2026-10-09T14:20:41.4044290Z + vitest 2.1.9
2026-10-09T14:20:41.4044465Z 
2026-10-09T14:20:41.4186403Z Done in 1.9s using pnpm v10.6.5
2026-10-09T14:20:42.1350803Z Installing dependencies...
2026-10-09T14:20:42.1394636Z Switching to root user to install dependencies...
2026-10-09T14:20:42.2314037Z Get:1 file:/etc/apt/apt-mirrors.txt Mirrorlist [144 B]
2026-10-09T14:20:42.2640308Z Get:6 https://packages.microsoft.com/ubuntu/24.04/prod noble InRelease [3600 B]
2026-10-09T14:20:42.3797094Z Get:7 https://packages.microsoft.com/ubuntu/24.04/prod noble/main all Packages [640 B]
2026-10-09T14:20:42.3800667Z Hit:2 http://azure.archive.ubuntu.com/ubuntu noble InRelease
2026-10-09T14:20:42.3807845Z Get:3 http://azure.archive.ubuntu.com/ubuntu noble-updates InRelease [126 kB]
2026-10-09T14:20:42.3886993Z Get:4 http://azure.archive.ubuntu.com/ubuntu noble-backports InRelease [126 kB]
2026-10-09T14:20:42.3934317Z Get:8 https://packages.microsoft.com/ubuntu/24.04/prod noble/main arm64 Packages [475 kB]
2026-10-09T14:20:42.4089330Z Get:9 https://packages.microsoft.com/ubuntu/24.04/prod noble/main amd64 Packages [531 kB]
2026-10-09T14:20:42.4247170Z Get:5 http://azure.archive.ubuntu.com/ubuntu noble-security InRelease [126 kB]
2026-10-09T14:20:42.4299571Z Get:10 https://packages.microsoft.com/ubuntu/24.04/prod noble/main armhf Packages [12.3 kB]
2026-10-09T14:20:42.4665307Z Get:11 http://azure.archive.ubuntu.com/ubuntu noble-updates/main amd64 Packages [1375 kB]
2026-10-09T14:20:42.4800016Z Get:12 http://azure.archive.ubuntu.com/ubuntu noble-updates/main Translation-en [306 kB]
2026-10-09T14:20:42.4945727Z Get:13 http://azure.archive.ubuntu.com/ubuntu noble-updates/universe amd64 Packages [1702 kB]
2026-10-09T14:20:42.5433612Z Get:14 http://azure.archive.ubuntu.com/ubuntu noble-updates/universe Translation-en [342 kB]
2026-10-09T14:20:42.5452224Z Get:15 http://azure.archive.ubuntu.com/ubuntu noble-updates/restricted amd64 Packages [1761 kB]
2026-10-09T14:20:42.6444122Z Get:16 http://azure.archive.ubuntu.com/ubuntu noble-updates/restricted Translation-en [401 kB]
2026-10-09T14:20:42.6941264Z Get:17 http://azure.archive.ubuntu.com/ubuntu noble-updates/multiverse amd64 Packages [55.0 kB]
2026-10-09T14:20:42.7540168Z Get:18 http://azure.archive.ubuntu.com/ubuntu noble-updates/multiverse Translation-en [14.3 kB]
2026-10-09T14:20:42.7550130Z Get:19 http://azure.archive.ubuntu.com/ubuntu noble-security/main amd64 Packages [1121 kB]
2026-10-09T14:20:42.8042324Z Get:20 http://azure.archive.ubuntu.com/ubuntu noble-security/main Translation-en [228 kB]
2026-10-09T14:20:42.8879348Z Get:21 http://azure.archive.ubuntu.com/ubuntu noble-security/universe amd64 Packages [1220 kB]
2026-10-09T14:20:42.9058761Z Get:22 http://azure.archive.ubuntu.com/ubuntu noble-security/universe Translation-en [245 kB]
2026-10-09T14:20:42.9255077Z Get:23 http://azure.archive.ubuntu.com/ubuntu noble-security/restricted amd64 Packages [1669 kB]
2026-10-09T14:20:42.9442156Z Get:24 http://azure.archive.ubuntu.com/ubuntu noble-security/restricted Translation-en [383 kB]
2026-10-09T14:20:42.9636207Z Get:25 http://azure.archive.ubuntu.com/ubuntu noble-security/multiverse amd64 Packages [49.8 kB]
2026-10-09T14:20:42.9832635Z Get:26 http://azure.archive.ubuntu.com/ubuntu noble-security/multiverse Translation-en [12.4 kB]
2026-10-09T14:20:48.1697768Z Fetched 12.3 MB in 1s (11.4 MB/s)
2026-10-09T14:20:48.8662850Z Reading package lists...
2026-10-09T14:20:48.8865297Z Reading package lists...
2026-10-09T14:20:49.0504884Z Building dependency tree...
2026-10-09T14:20:49.0509651Z Reading state information...
2026-10-09T14:20:49.1958092Z libasound2t64 is already the newest version (1.2.11-1ubuntu0.3).
2026-10-09T14:20:49.1959342Z libasound2t64 set to manually installed.
2026-10-09T14:20:49.1960011Z libatk-bridge2.0-0t64 is already the newest version (2.52.0-1build1).
2026-10-09T14:20:49.1960682Z libatk-bridge2.0-0t64 set to manually installed.
2026-10-09T14:20:49.1961283Z libatk1.0-0t64 is already the newest version (2.52.0-1build1).
2026-10-09T14:20:49.1961887Z libatk1.0-0t64 set to manually installed.
2026-10-09T14:20:49.1962559Z libatspi2.0-0t64 is already the newest version (2.52.0-1build1).
2026-10-09T14:20:49.1963063Z libatspi2.0-0t64 set to manually installed.
2026-10-09T14:20:49.1963752Z libcairo2 is already the newest version (1.18.0-3build1).
2026-10-09T14:20:49.1964179Z libcairo2 set to manually installed.
2026-10-09T14:20:49.1964589Z libcups2t64 is already the newest version (2.4.7-1.2ubuntu7.14).
2026-10-09T14:20:49.1965013Z libcups2t64 set to manually installed.
2026-10-09T14:20:49.1965382Z libdbus-1-3 is already the newest version (1.14.10-4ubuntu4.1).
2026-10-09T14:20:49.1965720Z libdbus-1-3 set to manually installed.
2026-10-09T14:20:49.1966079Z libdrm2 is already the newest version (2.4.125-1ubuntu0.1~24.04.2).
2026-10-09T14:20:49.1966429Z libdrm2 set to manually installed.
2026-10-09T14:20:49.1966856Z libgbm1 is already the newest version (25.2.8-0ubuntu0.24.04.4).
2026-10-09T14:20:49.1967255Z libgbm1 set to manually installed.
2026-10-09T14:20:49.1967599Z libglib2.0-0t64 is already the newest version (2.80.0-6ubuntu3.9).
2026-10-09T14:20:49.1967986Z libglib2.0-0t64 set to manually installed.
2026-10-09T14:20:49.1968382Z libnspr4 is already the newest version (2:4.35-1.1build1).
2026-10-09T14:20:49.1968758Z libnspr4 set to manually installed.
2026-10-09T14:20:49.1969169Z libnss3 is already the newest version (2:3.98-1ubuntu0.2).
2026-10-09T14:20:49.1969518Z libnss3 set to manually installed.
2026-10-09T14:20:49.1969884Z libpango-1.0-0 is already the newest version (1.52.1+ds-1build1).
2026-10-09T14:20:49.1970574Z libpango-1.0-0 set to manually installed.
2026-10-09T14:20:49.1970968Z libx11-6 is already the newest version (2:1.8.7-1build1).
2026-10-09T14:20:49.1971303Z libx11-6 set to manually installed.
2026-10-09T14:20:49.1971718Z libxcb1 is already the newest version (1.15-1ubuntu2).
2026-10-09T14:20:49.1972133Z libxcb1 set to manually installed.
2026-10-09T14:20:49.1972549Z libxcomposite1 is already the newest version (1:0.4.5-1build3).
2026-10-09T14:20:49.1972991Z libxcomposite1 set to manually installed.
2026-10-09T14:20:49.1973779Z libxdamage1 is already the newest version (1:1.1.6-1build1).
2026-10-09T14:20:49.1974244Z libxdamage1 set to manually installed.
2026-10-09T14:20:49.1974630Z libxext6 is already the newest version (2:1.3.4-1build2).
2026-10-09T14:20:49.1974955Z libxext6 set to manually installed.
2026-10-09T14:20:49.1975314Z libxfixes3 is already the newest version (1:6.0.0-2build1).
2026-10-09T14:20:49.1975682Z libxfixes3 set to manually installed.
2026-10-09T14:20:49.1976175Z libxkbcommon0 is already the newest version (1.6.0-1build1).
2026-10-09T14:20:49.1976678Z libxkbcommon0 set to manually installed.
2026-10-09T14:20:49.1977131Z libxrandr2 is already the newest version (2:1.5.2-2build1).
2026-10-09T14:20:49.1977490Z libxrandr2 set to manually installed.
2026-10-09T14:20:49.1977917Z xvfb is already the newest version (2:21.1.12-1ubuntu1.8).
2026-10-09T14:20:49.1978380Z fonts-noto-color-emoji is already the newest version (2.047-0ubuntu0.24.04.1).
2026-10-09T14:20:49.1978856Z libfontconfig1 is already the newest version (2.15.0-1.1ubuntu2).
2026-10-09T14:20:49.1979220Z libfontconfig1 set to manually installed.
2026-10-09T14:20:49.1979576Z fonts-liberation is already the newest version (1:2.1.5-3).
2026-10-09T14:20:49.1980068Z fonts-liberation set to manually installed.
2026-10-09T14:20:49.1980660Z The following additional packages will be installed:
2026-10-09T14:20:49.1981362Z   xfonts-encodings xfonts-utils
2026-10-09T14:20:49.1981858Z Recommended packages:
2026-10-09T14:20:49.1982314Z   fonts-ipafont-mincho fonts-tlwg-loma
2026-10-09T14:20:49.2111980Z The following NEW packages will be installed:
2026-10-09T14:20:49.2112771Z   fonts-freefont-ttf fonts-ipafont-gothic fonts-tlwg-loma-otf fonts-unifont
2026-10-09T14:20:49.2118516Z   fonts-wqy-zenhei xfonts-cyrillic xfonts-encodings xfonts-scalable
2026-10-09T14:20:49.2119043Z   xfonts-utils
2026-10-09T14:20:49.2123126Z The following packages will be upgraded:
2026-10-09T14:20:49.2128057Z   libfreetype6
2026-10-09T14:20:49.2254721Z 1 upgraded, 9 newly installed, 0 to remove and 22 not upgraded.
2026-10-09T14:20:49.2255129Z Need to get 21.5 MB of archives.
2026-10-09T14:20:49.2255508Z After this operation, 79.5 MB of additional disk space will be used.
2026-10-09T14:20:49.2255947Z Get:1 file:/etc/apt/apt-mirrors.txt Mirrorlist [144 B]
2026-10-09T14:20:49.2832619Z Get:2 http://azure.archive.ubuntu.com/ubuntu noble/universe amd64 fonts-ipafont-gothic all 00303-21ubuntu1 [3513 kB]
2026-10-09T14:20:49.3556969Z Get:3 http://azure.archive.ubuntu.com/ubuntu noble/main amd64 fonts-freefont-ttf all 20211204+svn4273-2 [5641 kB]
2026-10-09T14:20:49.4546570Z Get:4 http://azure.archive.ubuntu.com/ubuntu noble/universe amd64 fonts-tlwg-loma-otf all 1:0.7.3-1 [107 kB]
2026-10-09T14:20:49.4857763Z Get:5 http://azure.archive.ubuntu.com/ubuntu noble/universe amd64 fonts-unifont all 1:15.1.01-1build1 [2993 kB]
2026-10-09T14:20:49.5476377Z Get:6 http://azure.archive.ubuntu.com/ubuntu noble/universe amd64 fonts-wqy-zenhei all 0.9.45-8 [7472 kB]
2026-10-09T14:20:49.6480703Z Get:7 http://azure.archive.ubuntu.com/ubuntu noble-updates/main amd64 libfreetype6 amd64 2.13.2+dfsg-1ubuntu0.2 [403 kB]
2026-10-09T14:20:49.6839879Z Get:8 http://azure.archive.ubuntu.com/ubuntu noble/main amd64 xfonts-encodings all 1:1.0.5-0ubuntu2 [578 kB]
2026-10-09T14:20:49.7234611Z Get:9 http://azure.archive.ubuntu.com/ubuntu noble/main amd64 xfonts-utils amd64 1:7.7+6build3 [94.4 kB]
2026-10-09T14:20:49.7579988Z Get:10 http://azure.archive.ubuntu.com/ubuntu noble/universe amd64 xfonts-cyrillic all 1:1.0.5+nmu1 [384 kB]
2026-10-09T14:20:49.7934966Z Get:11 http://azure.archive.ubuntu.com/ubuntu noble/main amd64 xfonts-scalable all 1:1.0.3-1.3 [304 kB]
2026-10-09T14:20:49.9977163Z Fetched 21.5 MB in 1s (37.3 MB/s)
2026-10-09T14:20:50.0163650Z Selecting previously unselected package fonts-ipafont-gothic.
2026-10-09T14:20:50.0349730Z (Reading database ... 
2026-10-09T14:20:50.0350224Z (Reading database ... 5%
2026-10-09T14:20:50.0350527Z (Reading database ... 10%
2026-10-09T14:20:50.0350891Z (Reading database ... 15%
2026-10-09T14:20:50.0351393Z (Reading database ... 20%
2026-10-09T14:20:50.0351870Z (Reading database ... 25%
2026-10-09T14:20:50.0352165Z (Reading database ... 30%
2026-10-09T14:20:50.0352429Z (Reading database ... 35%
2026-10-09T14:20:50.0353045Z (Reading database ... 40%
2026-10-09T14:20:50.0353288Z (Reading database ... 45%
2026-10-09T14:20:50.0353778Z (Reading database ... 50%
2026-10-09T14:20:50.0388490Z (Reading database ... 55%
2026-10-09T14:20:50.1210458Z (Reading database ... 60%
2026-10-09T14:20:50.2796450Z (Reading database ... 65%
2026-10-09T14:20:50.4669181Z (Reading database ... 70%
2026-10-09T14:20:50.6257694Z (Reading database ... 75%
2026-10-09T14:20:50.7741033Z (Reading database ... 80%
2026-10-09T14:20:50.9260124Z (Reading database ... 85%
2026-10-09T14:20:51.0404862Z (Reading database ... 90%
2026-10-09T14:20:51.1946815Z (Reading database ... 95%
2026-10-09T14:20:51.1947253Z (Reading database ... 100%
2026-10-09T14:20:51.1947661Z (Reading database ... 203191 files and directories currently installed.)
2026-10-09T14:20:51.1987494Z Preparing to unpack .../0-fonts-ipafont-gothic_00303-21ubuntu1_all.deb ...
2026-10-09T14:20:51.2055206Z Unpacking fonts-ipafont-gothic (00303-21ubuntu1) ...
2026-10-09T14:20:51.4270877Z Selecting previously unselected package fonts-freefont-ttf.
2026-10-09T14:20:51.4374766Z Preparing to unpack .../1-fonts-freefont-ttf_20211204+svn4273-2_all.deb ...
2026-10-09T14:20:51.4382114Z Unpacking fonts-freefont-ttf (20211204+svn4273-2) ...
2026-10-09T14:20:51.5448321Z Selecting previously unselected package fonts-tlwg-loma-otf.
2026-10-09T14:20:51.5554994Z Preparing to unpack .../2-fonts-tlwg-loma-otf_1%3a0.7.3-1_all.deb ...
2026-10-09T14:20:51.5564468Z Unpacking fonts-tlwg-loma-otf (1:0.7.3-1) ...
2026-10-09T14:20:51.5779679Z Selecting previously unselected package fonts-unifont.
2026-10-09T14:20:51.5879246Z Preparing to unpack .../3-fonts-unifont_1%3a15.1.01-1build1_all.deb ...
2026-10-09T14:20:51.5887127Z Unpacking fonts-unifont (1:15.1.01-1build1) ...
2026-10-09T14:20:51.7881918Z Selecting previously unselected package fonts-wqy-zenhei.
2026-10-09T14:20:51.7985502Z Preparing to unpack .../4-fonts-wqy-zenhei_0.9.45-8_all.deb ...
2026-10-09T14:20:51.8060823Z Unpacking fonts-wqy-zenhei (0.9.45-8) ...
2026-10-09T14:20:52.2782670Z Preparing to unpack .../5-libfreetype6_2.13.2+dfsg-1ubuntu0.2_amd64.deb ...
2026-10-09T14:20:52.2818387Z Unpacking libfreetype6:amd64 (2.13.2+dfsg-1ubuntu0.2) over (2.13.2+dfsg-1ubuntu0.1) ...
2026-10-09T14:20:52.3031835Z Selecting previously unselected package xfonts-encodings.
2026-10-09T14:20:52.3138420Z Preparing to unpack .../6-xfonts-encodings_1%3a1.0.5-0ubuntu2_all.deb ...
2026-10-09T14:20:52.3147838Z Unpacking xfonts-encodings (1:1.0.5-0ubuntu2) ...
2026-10-09T14:20:52.3344945Z Selecting previously unselected package xfonts-utils.
2026-10-09T14:20:52.3450191Z Preparing to unpack .../7-xfonts-utils_1%3a7.7+6build3_amd64.deb ...
2026-10-09T14:20:52.3457532Z Unpacking xfonts-utils (1:7.7+6build3) ...
2026-10-09T14:20:52.3728080Z Selecting previously unselected package xfonts-cyrillic.
2026-10-09T14:20:52.3828047Z Preparing to unpack .../8-xfonts-cyrillic_1%3a1.0.5+nmu1_all.deb ...
2026-10-09T14:20:52.3836214Z Unpacking xfonts-cyrillic (1:1.0.5+nmu1) ...
2026-10-09T14:20:52.4046646Z Selecting previously unselected package xfonts-scalable.
2026-10-09T14:20:52.4149706Z Preparing to unpack .../9-xfonts-scalable_1%3a1.0.3-1.3_all.deb ...
2026-10-09T14:20:52.4159444Z Unpacking xfonts-scalable (1:1.0.3-1.3) ...
2026-10-09T14:20:52.4515806Z Setting up fonts-wqy-zenhei (0.9.45-8) ...
2026-10-09T14:20:52.4760670Z Setting up fonts-freefont-ttf (20211204+svn4273-2) ...
2026-10-09T14:20:52.4779651Z Setting up fonts-tlwg-loma-otf (1:0.7.3-1) ...
2026-10-09T14:20:52.4803537Z Setting up libfreetype6:amd64 (2.13.2+dfsg-1ubuntu0.2) ...
2026-10-09T14:20:52.4825550Z Setting up xfonts-encodings (1:1.0.5-0ubuntu2) ...
2026-10-09T14:20:52.4850892Z Setting up fonts-ipafont-gothic (00303-21ubuntu1) ...
2026-10-09T14:20:52.4907117Z update-alternatives: using /usr/share/fonts/opentype/ipafont-gothic/ipag.ttf to provide /usr/share/fonts/truetype/fonts-japanese-gothic.ttf (fonts-japanese-gothic.ttf) in auto mode
2026-10-09T14:20:52.4923176Z Setting up fonts-unifont (1:15.1.01-1build1) ...
2026-10-09T14:20:52.4945593Z Setting up xfonts-utils (1:7.7+6build3) ...
2026-10-09T14:20:52.4983978Z Setting up xfonts-cyrillic (1:1.0.5+nmu1) ...
2026-10-09T14:20:52.5188807Z Setting up xfonts-scalable (1:1.0.3-1.3) ...
2026-10-09T14:20:52.5376574Z Processing triggers for libc-bin (2.39-0ubuntu8.9) ...
2026-10-09T14:20:52.7325493Z Processing triggers for man-db (2.12.0-4build2) ...
2026-10-09T14:20:52.7344475Z Not building database; man-db/auto-update is not 'true'.
2026-10-09T14:20:52.7359489Z Processing triggers for fontconfig (2.15.0-1.1ubuntu2) ...
2026-10-09T14:20:53.2308195Z 
2026-10-09T14:20:53.2308782Z Running kernel seems to be up-to-date.
2026-10-09T14:20:53.2309128Z 
2026-10-09T14:20:53.2309277Z Restarting services...
2026-10-09T14:20:53.2361542Z  systemctl restart php8.3-fpm.service
2026-10-09T14:20:53.3048940Z 
2026-10-09T14:20:53.3050240Z No containers need to be restarted.
2026-10-09T14:20:53.3050661Z 
2026-10-09T14:20:53.3050941Z No user sessions are running outdated binaries.
2026-10-09T14:20:53.3051207Z 
2026-10-09T14:20:53.3051574Z No VM guests are running outdated hypervisor (qemu) binaries on this host.
2026-10-09T14:20:54.0805136Z Downloading Chrome for Testing 151.0.7922.34 (playwright chromium v1234) from https://cdn.playwright.dev/builds/cft/151.0.7922.34/linux64/chrome-linux64.zip
2026-10-09T14:20:55.0810240Z |                                                                                |   0% of 184.3 MiB
2026-10-09T14:20:55.4524779Z |■■■■■■■■                                                                        |  10% of 184.3 MiB
2026-10-09T14:20:55.5240954Z |■■■■■■■■■■■■■■■■                                                                |  20% of 184.3 MiB
2026-10-09T14:20:55.5745671Z |■■■■■■■■■■■■■■■■■■■■■■■■                                                        |  30% of 184.3 MiB
2026-10-09T14:20:55.6356675Z |■■■■■■■■■■■■■■■■■■■■■■■■■■■■■■■■                                                |  40% of 184.3 MiB
2026-10-09T14:20:55.7011037Z |■■■■■■■■■■■■■■■■■■■■■■■■■■■■■■■■■■■■■■■■                                        |  50% of 184.3 MiB
2026-10-09T14:20:55.7619754Z |■■■■■■■■■■■■■■■■■■■■■■■■■■■■■■■■■■■■■■■■■■■■■■■■                                |  60% of 184.3 MiB
2026-10-09T14:20:55.8218752Z |■■■■■■■■■■■■■■■■■■■■■■■■■■■■■■■■■■■■■■■■■■■■■■■■■■■■■■■■                        |  70% of 184.3 MiB
2026-10-09T14:20:55.8734067Z |■■■■■■■■■■■■■■■■■■■■■■■■■■■■■■■■■■■■■■■■■■■■■■■■■■■■■■■■■■■■■■■■                |  80% of 184.3 MiB
2026-10-09T14:20:55.9304772Z |■■■■■■■■■■■■■■■■■■■■■■■■■■■■■■■■■■■■■■■■■■■■■■■■■■■■■■■■■■■■■■■■■■■■■■■■        |  90% of 184.3 MiB
2026-10-09T14:20:55.9843825Z |■■■■■■■■■■■■■■■■■■■■■■■■■■■■■■■■■■■■■■■■■■■■■■■■■■■■■■■■■■■■■■■■■■■■■■■■■■■■■■■■| 100% of 184.3 MiB
2026-10-09T14:20:58.6643254Z Chrome for Testing 151.0.7922.34 (playwright chromium v1234) downloaded to /home/runner/work/_temp/novel-ci-v2-creative-browser.kpElbF/cache/ms-playwright/chromium-1234
2026-10-09T14:20:58.6645512Z Downloading FFmpeg (playwright ffmpeg v1011) from https://cdn.playwright.dev/dbazure/download/playwright/builds/ffmpeg/1011/ffmpeg-linux.zip
2026-10-09T14:20:59.6257775Z |                                                                                |   0% of 2.3 MiB
2026-10-09T14:20:59.6738497Z |■■■■■■■■                                                                        |  10% of 2.3 MiB
2026-10-09T14:20:59.7023956Z |■■■■■■■■■■■■■■■■                                                                |  20% of 2.3 MiB
2026-10-09T14:20:59.7236244Z |■■■■■■■■■■■■■■■■■■■■■■■■                                                        |  30% of 2.3 MiB
2026-10-09T14:20:59.7386653Z |■■■■■■■■■■■■■■■■■■■■■■■■■■■■■■■■                                                |  40% of 2.3 MiB
2026-10-09T14:20:59.7486875Z |■■■■■■■■■■■■■■■■■■■■■■■■■■■■■■■■■■■■■■■■                                        |  50% of 2.3 MiB
2026-10-09T14:20:59.7607322Z |■■■■■■■■■■■■■■■■■■■■■■■■■■■■■■■■■■■■■■■■■■■■■■■■                                |  60% of 2.3 MiB
2026-10-09T14:20:59.7699736Z |■■■■■■■■■■■■■■■■■■■■■■■■■■■■■■■■■■■■■■■■■■■■■■■■■■■■■■■■                        |  70% of 2.3 MiB
2026-10-09T14:20:59.7737917Z |■■■■■■■■■■■■■■■■■■■■■■■■■■■■■■■■■■■■■■■■■■■■■■■■■■■■■■■■■■■■■■■■                |  80% of 2.3 MiB
2026-10-09T14:20:59.7875357Z |■■■■■■■■■■■■■■■■■■■■■■■■■■■■■■■■■■■■■■■■■■■■■■■■■■■■■■■■■■■■■■■■■■■■■■■■        |  90% of 2.3 MiB
2026-10-09T14:20:59.7910576Z |■■■■■■■■■■■■■■■■■■■■■■■■■■■■■■■■■■■■■■■■■■■■■■■■■■■■■■■■■■■■■■■■■■■■■■■■■■■■■■■■| 100% of 2.3 MiB
2026-10-09T14:20:59.8388311Z FFmpeg (playwright ffmpeg v1011) downloaded to /home/runner/work/_temp/novel-ci-v2-creative-browser.kpElbF/cache/ms-playwright/ffmpeg-1011
2026-10-09T14:20:59.8390169Z Downloading Chrome Headless Shell 151.0.7922.34 (playwright chromium-headless-shell v1234) from https://cdn.playwright.dev/builds/cft/151.0.7922.34/linux64/chrome-headless-shell-linux64.zip
2026-10-09T14:21:00.7912130Z |                                                                                |   0% of 114.7 MiB
2026-10-09T14:21:01.0540414Z |■■■■■■■■                                                                        |  10% of 114.7 MiB
2026-10-09T14:21:01.0984911Z |■■■■■■■■■■■■■■■■                                                                |  20% of 114.7 MiB
2026-10-09T14:21:01.1285207Z |■■■■■■■■■■■■■■■■■■■■■■■■                                                        |  30% of 114.7 MiB
2026-10-09T14:21:01.1574880Z |■■■■■■■■■■■■■■■■■■■■■■■■■■■■■■■■                                                |  40% of 114.7 MiB
2026-10-09T14:21:01.1803832Z |■■■■■■■■■■■■■■■■■■■■■■■■■■■■■■■■■■■■■■■■                                        |  50% of 114.7 MiB
2026-10-09T14:21:01.2030587Z |■■■■■■■■■■■■■■■■■■■■■■■■■■■■■■■■■■■■■■■■■■■■■■■■                                |  60% of 114.7 MiB
2026-10-09T14:21:01.2271870Z |■■■■■■■■■■■■■■■■■■■■■■■■■■■■■■■■■■■■■■■■■■■■■■■■■■■■■■■■                        |  70% of 114.7 MiB
2026-10-09T14:21:01.2504747Z |■■■■■■■■■■■■■■■■■■■■■■■■■■■■■■■■■■■■■■■■■■■■■■■■■■■■■■■■■■■■■■■■                |  80% of 114.7 MiB
2026-10-09T14:21:01.2745120Z |■■■■■■■■■■■■■■■■■■■■■■■■■■■■■■■■■■■■■■■■■■■■■■■■■■■■■■■■■■■■■■■■■■■■■■■■        |  90% of 114.7 MiB
2026-10-09T14:21:01.2980702Z |■■■■■■■■■■■■■■■■■■■■■■■■■■■■■■■■■■■■■■■■■■■■■■■■■■■■■■■■■■■■■■■■■■■■■■■■■■■■■■■■| 100% of 114.7 MiB
2026-10-09T14:21:03.0810810Z Chrome Headless Shell 151.0.7922.34 (playwright chromium-headless-shell v1234) downloaded to /home/runner/work/_temp/novel-ci-v2-creative-browser.kpElbF/cache/ms-playwright/chromium_headless_shell-1234
2026-10-09T14:21:03.0977105Z ##[group]Run python -m pip install -c .github/ci/python-constraints.txt -e '.[dev,fontbuild,otio,comic]'
2026-10-09T14:21:03.0977952Z [36;1mpython -m pip install -c .github/ci/python-constraints.txt -e '.[dev,fontbuild,otio,comic]'[0m
2026-10-09T14:21:03.0978566Z [36;1mpython -m pip check[0m
2026-10-09T14:21:03.0979038Z [36;1mpython -m pip freeze --exclude-editable > "$CI_RECEIPTS/python-packages.txt"[0m
2026-10-09T14:21:03.1019885Z shell: /usr/bin/bash -e {0}
2026-10-09T14:21:03.1020323Z env:
2026-10-09T14:21:03.1020619Z   MOCK_PROVIDER: true
2026-10-09T14:21:03.1020920Z   MOCK_STREAM_DELAY_MS: 0
2026-10-09T14:21:03.1021242Z   ENABLE_CLOUD: false
2026-10-09T14:21:03.1021570Z   CREDENTIAL_VAULT_BACKEND: memory
2026-10-09T14:21:03.1021920Z   CREDENTIAL_VAULT_ALLOW_MEMORY_FALLBACK: true
2026-10-09T14:21:03.1022345Z   PYTHONDONTWRITEBYTECODE: 1
2026-10-09T14:21:03.1022660Z   HF_HUB_OFFLINE: 1
2026-10-09T14:21:03.1022948Z   TRANSFORMERS_OFFLINE: 1
2026-10-09T14:21:03.1023545Z   pythonLocation: /opt/hostedtoolcache/Python/3.12.9/x64
2026-10-09T14:21:03.1024100Z   PKG_CONFIG_PATH: /opt/hostedtoolcache/Python/3.12.9/x64/lib/pkgconfig
2026-10-09T14:21:03.1024592Z   Python_ROOT_DIR: /opt/hostedtoolcache/Python/3.12.9/x64
2026-10-09T14:21:03.1025029Z   Python2_ROOT_DIR: /opt/hostedtoolcache/Python/3.12.9/x64
2026-10-09T14:21:03.1025505Z   Python3_ROOT_DIR: /opt/hostedtoolcache/Python/3.12.9/x64
2026-10-09T14:21:03.1025989Z   LD_LIBRARY_PATH: /opt/hostedtoolcache/Python/3.12.9/x64/lib
2026-10-09T14:21:03.1026449Z   CI_COVERAGE_SHA: 7f0d911549b04e8dbb7cf078316ad74c42095449
2026-10-09T14:21:03.1026912Z   CI_COVERAGE_TREE: 69d69ffe71838263069d164a0a07b39b5f4a4333
2026-10-09T14:21:03.1027422Z   CI_SANDBOX: /home/runner/work/_temp/novel-ci-v2-creative-browser.kpElbF
2026-10-09T14:21:03.1028057Z   CI_PROJECT: /home/runner/work/_temp/novel-ci-v2-creative-browser.kpElbF/project
2026-10-09T14:21:03.1028715Z   CI_RECEIPTS: /home/runner/work/_temp/novel-ci-v2-creative-browser.kpElbF/receipts
2026-10-09T14:21:03.1029316Z   HOME: /home/runner/work/_temp/novel-ci-v2-creative-browser.kpElbF/home
2026-10-09T14:21:03.1029910Z   USERPROFILE: /home/runner/work/_temp/novel-ci-v2-creative-browser.kpElbF/home
2026-10-09T14:21:03.1030521Z   APPDATA: /home/runner/work/_temp/novel-ci-v2-creative-browser.kpElbF/appdata
2026-10-09T14:21:03.1031186Z   LOCALAPPDATA: /home/runner/work/_temp/novel-ci-v2-creative-browser.kpElbF/localappdata
2026-10-09T14:21:03.1031898Z   XDG_CONFIG_HOME: /home/runner/work/_temp/novel-ci-v2-creative-browser.kpElbF/config
2026-10-09T14:21:03.1032538Z   XDG_CACHE_HOME: /home/runner/work/_temp/novel-ci-v2-creative-browser.kpElbF/cache
2026-10-09T14:21:03.1033214Z   XDG_DATA_HOME: /home/runner/work/_temp/novel-ci-v2-creative-browser.kpElbF/data
2026-10-09T14:21:03.1034083Z   XDG_STATE_HOME: /home/runner/work/_temp/novel-ci-v2-creative-browser.kpElbF/state
2026-10-09T14:21:03.1034963Z   TMPDIR: /home/runner/work/_temp/novel-ci-v2-creative-browser.kpElbF/tmp
2026-10-09T14:21:03.1035535Z   TMP: /home/runner/work/_temp/novel-ci-v2-creative-browser.kpElbF/tmp
2026-10-09T14:21:03.1036143Z   TEMP: /home/runner/work/_temp/novel-ci-v2-creative-browser.kpElbF/tmp
2026-10-09T14:21:03.1036764Z   PROJECT_ROOT: /home/runner/work/_temp/novel-ci-v2-creative-browser.kpElbF/project
2026-10-09T14:21:03.1037432Z   NOVEL_DATA_PATH: /home/runner/work/_temp/novel-ci-v2-creative-browser.kpElbF/data/novels
2026-10-09T14:21:03.1038151Z   BACKUP_PATH: /home/runner/work/_temp/novel-ci-v2-creative-browser.kpElbF/data/backups
2026-10-09T14:21:03.1038893Z   DATABASE_BACKUP_PATH: /home/runner/work/_temp/novel-ci-v2-creative-browser.kpElbF/data/database-backups
2026-10-09T14:21:03.1039659Z   KNOWLEDGE_SOURCE_PATH: /home/runner/work/_temp/novel-ci-v2-creative-browser.kpElbF/data/novels
2026-10-09T14:21:03.1040281Z ##[endgroup]
2026-10-09T14:21:03.7243048Z Obtaining file:///home/runner/work/_temp/novel-ci-v2-creative-browser.kpElbF/project
2026-10-09T14:21:03.7255990Z   Installing build dependencies: started
2026-10-09T14:21:04.7195486Z   Installing build dependencies: finished with status 'done'
2026-10-09T14:21:04.7199724Z   Checking if build backend supports build_editable: started
2026-10-09T14:21:05.1626787Z   Checking if build backend supports build_editable: finished with status 'done'
2026-10-09T14:21:05.1631474Z   Getting requirements to build editable: started
2026-10-09T14:21:05.7388676Z   Getting requirements to build editable: finished with status 'done'
2026-10-09T14:21:05.7395306Z   Preparing editable metadata (pyproject.toml): started
2026-10-09T14:21:06.3299027Z   Preparing editable metadata (pyproject.toml): finished with status 'done'
2026-10-09T14:21:06.4579737Z Collecting fastapi<1,>=0.115 (from ai-novel-studio==0.7.0)
2026-10-09T14:21:06.5398768Z   Downloading fastapi-0.142.2-py3-none-any.whl.metadata (27 kB)
2026-10-09T14:21:06.5818351Z Collecting uvicorn<1,>=0.30 (from ai-novel-studio==0.7.0)
2026-10-09T14:21:06.5974422Z   Downloading uvicorn-0.54.0-py3-none-any.whl.metadata (6.6 kB)
2026-10-09T14:21:06.6217760Z Collecting psycopg<4,>=3.2 (from psycopg[binary]<4,>=3.2->ai-novel-studio==0.7.0)
2026-10-09T14:21:06.6369650Z   Downloading psycopg-3.3.6-py3-none-any.whl.metadata (4.4 kB)
2026-10-09T14:21:06.8676454Z Collecting sqlalchemy<3,>=2.0 (from ai-novel-studio==0.7.0)
2026-10-09T14:21:06.8850565Z   Downloading sqlalchemy-2.1.3-cp312-cp312-manylinux2014_x86_64.manylinux_2_17_x86_64.manylinux_2_28_x86_64.whl.metadata (9.7 kB)
2026-10-09T14:21:06.9132924Z Collecting httpx<1,>=0.27 (from ai-novel-studio==0.7.0)
2026-10-09T14:21:06.9286446Z   Downloading httpx-0.28.1-py3-none-any.whl.metadata (7.1 kB)
2026-10-09T14:21:06.9519391Z Collecting pydantic-settings<3,>=2.6 (from ai-novel-studio==0.7.0)
2026-10-09T14:21:06.9672774Z   Downloading pydantic_settings-2.15.0-py3-none-any.whl.metadata (3.9 kB)
2026-10-09T14:21:07.0343202Z Collecting reportlab<5,>=4.0 (from ai-novel-studio==0.7.0)
2026-10-09T14:21:07.0501270Z   Downloading reportlab-4.5.1-py3-none-any.whl.metadata (1.7 kB)
2026-10-09T14:21:07.0756973Z Collecting pypdf==6.19.0 (from ai-novel-studio==0.7.0)
2026-10-09T14:21:07.0911384Z   Downloading pypdf-6.19.0-py3-none-any.whl.metadata (7.5 kB)
2026-10-09T14:21:07.1176872Z Collecting jsonschema<5,>=4.18 (from ai-novel-studio==0.7.0)
2026-10-09T14:21:07.1328443Z   Downloading jsonschema-4.26.0-py3-none-any.whl.metadata (7.6 kB)
2026-10-09T14:21:07.1630719Z Collecting pytest<9,>=8 (from ai-novel-studio==0.7.0)
2026-10-09T14:21:07.1784229Z   Downloading pytest-8.4.2-py3-none-any.whl.metadata (7.7 kB)
2026-10-09T14:21:07.2688692Z Collecting fonttools==4.59.1 (from ai-novel-studio==0.7.0)
2026-10-09T14:21:07.2860313Z   Downloading fonttools-4.59.1-cp312-cp312-manylinux1_x86_64.manylinux2014_x86_64.manylinux_2_17_x86_64.manylinux_2_5_x86_64.whl.metadata (108 kB)
2026-10-09T14:21:07.3387213Z Collecting opentimelineio==0.18.1 (from ai-novel-studio==0.7.0)
2026-10-09T14:21:07.3542485Z   Downloading opentimelineio-0.18.1-cp312-cp312-manylinux2014_x86_64.manylinux_2_17_x86_64.whl.metadata (2.6 kB)
2026-10-09T14:21:07.4741638Z Collecting Pillow==12.3.0 (from ai-novel-studio==0.7.0)
2026-10-09T14:21:07.4899754Z   Downloading pillow-12.3.0-cp312-cp312-manylinux_2_27_x86_64.manylinux_2_28_x86_64.whl.metadata (9.1 kB)
2026-10-09T14:21:07.5195477Z Collecting starlette>=0.46.0 (from fastapi<1,>=0.115->ai-novel-studio==0.7.0)
2026-10-09T14:21:07.5348732Z   Downloading starlette-1.7.0-py3-none-any.whl.metadata (6.6 kB)
2026-10-09T14:21:07.6035767Z Collecting pydantic>=2.9.0 (from fastapi<1,>=0.115->ai-novel-studio==0.7.0)
2026-10-09T14:21:07.6192690Z   Downloading pydantic-2.13.5-py3-none-any.whl.metadata (110 kB)
2026-10-09T14:21:07.6515334Z Collecting typing-extensions>=4.8.0 (from fastapi<1,>=0.115->ai-novel-studio==0.7.0)
2026-10-09T14:21:07.6669881Z   Downloading typing_extensions-4.16.0-py3-none-any.whl.metadata (3.3 kB)
2026-10-09T14:21:07.6877222Z Collecting typing-inspection>=0.4.2 (from fastapi<1,>=0.115->ai-novel-studio==0.7.0)
2026-10-09T14:21:07.7028753Z   Downloading typing_inspection-0.4.4-py3-none-any.whl.metadata (2.6 kB)
2026-10-09T14:21:07.7228144Z Collecting annotated-doc>=0.0.2 (from fastapi<1,>=0.115->ai-novel-studio==0.7.0)
2026-10-09T14:21:07.7380022Z   Downloading annotated_doc-0.0.5-py3-none-any.whl.metadata (6.5 kB)
2026-10-09T14:21:07.7622002Z Collecting opentelemetry-api>=1.44.0 (from fastapi<1,>=0.115->ai-novel-studio==0.7.0)
2026-10-09T14:21:07.7775195Z   Downloading opentelemetry_api-1.45.0-py3-none-any.whl.metadata (1.4 kB)
2026-10-09T14:21:07.8028516Z Collecting anyio (from httpx<1,>=0.27->ai-novel-studio==0.7.0)
2026-10-09T14:21:07.8181149Z   Downloading anyio-4.15.1-py3-none-any.whl.metadata (4.7 kB)
2026-10-09T14:21:07.8434131Z Collecting certifi (from httpx<1,>=0.27->ai-novel-studio==0.7.0)
2026-10-09T14:21:07.8593865Z   Downloading certifi-2026.7.22-py3-none-any.whl.metadata (2.5 kB)
2026-10-09T14:21:07.8834328Z Collecting httpcore==1.* (from httpx<1,>=0.27->ai-novel-studio==0.7.0)
2026-10-09T14:21:07.8990691Z   Downloading httpcore-1.0.9-py3-none-any.whl.metadata (21 kB)
2026-10-09T14:21:07.9227734Z Collecting idna (from httpx<1,>=0.27->ai-novel-studio==0.7.0)
2026-10-09T14:21:07.9380288Z   Downloading idna-3.20-py3-none-any.whl.metadata (7.2 kB)
2026-10-09T14:21:07.9608935Z Collecting h11>=0.16 (from httpcore==1.*->httpx<1,>=0.27->ai-novel-studio==0.7.0)
2026-10-09T14:21:07.9762312Z   Downloading h11-0.16.0-py3-none-any.whl.metadata (8.3 kB)
2026-10-09T14:21:07.9997520Z Collecting attrs>=22.2.0 (from jsonschema<5,>=4.18->ai-novel-studio==0.7.0)
2026-10-09T14:21:08.0151576Z   Downloading attrs-26.1.0-py3-none-any.whl.metadata (8.8 kB)
2026-10-09T14:21:08.0362799Z Collecting jsonschema-specifications>=2023.03.6 (from jsonschema<5,>=4.18->ai-novel-studio==0.7.0)
2026-10-09T14:21:08.0515687Z   Downloading jsonschema_specifications-2025.9.1-py3-none-any.whl.metadata (2.9 kB)
2026-10-09T14:21:08.0775279Z Collecting referencing>=0.28.4 (from jsonschema<5,>=4.18->ai-novel-studio==0.7.0)
2026-10-09T14:21:08.0927224Z   Downloading referencing-0.37.0-py3-none-any.whl.metadata (2.8 kB)
2026-10-09T14:21:08.2461420Z Collecting rpds-py>=0.25.0 (from jsonschema<5,>=4.18->ai-novel-studio==0.7.0)
2026-10-09T14:21:08.2615913Z   Downloading rpds_py-2026.9.1-cp312-cp312-manylinux_2_17_x86_64.manylinux2014_x86_64.whl.metadata (4.1 kB)
2026-10-09T14:21:08.4931585Z Collecting psycopg-binary==3.3.6 (from psycopg[binary]<4,>=3.2->ai-novel-studio==0.7.0)
2026-10-09T14:21:08.5089643Z   Downloading psycopg_binary-3.3.6-cp312-cp312-manylinux2014_x86_64.manylinux_2_17_x86_64.whl.metadata (2.7 kB)
2026-10-09T14:21:08.5890500Z Collecting python-dotenv>=0.21.0 (from pydantic-settings<3,>=2.6->ai-novel-studio==0.7.0)
2026-10-09T14:21:08.6046485Z   Downloading python_dotenv-1.2.4-py3-none-any.whl.metadata (29 kB)
2026-10-09T14:21:08.6479050Z Collecting iniconfig>=1 (from pytest<9,>=8->ai-novel-studio==0.7.0)
2026-10-09T14:21:08.6634602Z   Downloading iniconfig-2.3.0-py3-none-any.whl.metadata (2.5 kB)
2026-10-09T14:21:08.7294440Z Collecting packaging>=20 (from pytest<9,>=8->ai-novel-studio==0.7.0)
2026-10-09T14:21:08.7449497Z   Downloading packaging-26.3-py3-none-any.whl.metadata (3.5 kB)
2026-10-09T14:21:08.8086834Z Collecting pluggy<2,>=1.5 (from pytest<9,>=8->ai-novel-studio==0.7.0)
2026-10-09T14:21:08.8240642Z   Downloading pluggy-1.6.0-py3-none-any.whl.metadata (4.8 kB)
2026-10-09T14:21:08.9422958Z Collecting pygments>=2.7.2 (from pytest<9,>=8->ai-novel-studio==0.7.0)
2026-10-09T14:21:08.9578358Z   Downloading pygments-2.21.0-py3-none-any.whl.metadata (2.5 kB)
2026-10-09T14:21:09.0667919Z Collecting charset-normalizer (from reportlab<5,>=4.0->ai-novel-studio==0.7.0)
2026-10-09T14:21:09.0831135Z   Downloading charset_normalizer-3.5.2-cp312-cp312-manylinux2014_x86_64.manylinux_2_17_x86_64.manylinux_2_28_x86_64.whl.metadata (46 kB)
2026-10-09T14:21:09.1225013Z Collecting click>=7.0 (from uvicorn<1,>=0.30->ai-novel-studio==0.7.0)
2026-10-09T14:21:09.1378722Z   Downloading click-8.5.0-py3-none-any.whl.metadata (2.6 kB)
2026-10-09T14:21:09.1799978Z Collecting annotated-types>=0.6.0 (from pydantic>=2.9.0->fastapi<1,>=0.115->ai-novel-studio==0.7.0)
2026-10-09T14:21:09.1954340Z   Downloading annotated_types-0.8.0-py3-none-any.whl.metadata (15 kB)
2026-10-09T14:21:09.8441715Z Collecting pydantic-core==2.46.5 (from pydantic>=2.9.0->fastapi<1,>=0.115->ai-novel-studio==0.7.0)
2026-10-09T14:21:09.8598328Z   Downloading pydantic_core-2.46.5-cp312-cp312-manylinux_2_17_x86_64.manylinux2014_x86_64.whl.metadata (6.6 kB)
2026-10-09T14:21:10.1041514Z Downloading fonttools-4.59.1-cp312-cp312-manylinux1_x86_64.manylinux2014_x86_64.manylinux_2_17_x86_64.manylinux_2_5_x86_64.whl (4.9 MB)
2026-10-09T14:21:10.4886384Z    ━━━━━━━━━━━━━━━━━━━━━━━━━━━━━━━━━━━━━━━━ 4.9/4.9 MB 12.7 MB/s  0:00:00
2026-10-09T14:21:10.5067933Z Downloading opentimelineio-0.18.1-cp312-cp312-manylinux2014_x86_64.manylinux_2_17_x86_64.whl (842 kB)
2026-10-09T14:21:10.7772443Z    ━━━━━━━━━━━━━━━━━━━━━━━━━━━━━━━━━━━━━━━━ 842.8/842.8 kB 2.2 MB/s  0:00:00
2026-10-09T14:21:10.7936709Z Downloading pillow-12.3.0-cp312-cp312-manylinux_2_27_x86_64.manylinux_2_28_x86_64.whl (6.9 MB)
2026-10-09T14:21:11.1675857Z    ━━━━━━━━━━━━━━━━━━━━━━━━━━━━━━━━━━━━━━━━ 6.9/6.9 MB 18.0 MB/s  0:00:00
2026-10-09T14:21:11.1834210Z Downloading pypdf-6.19.0-py3-none-any.whl (395 kB)
2026-10-09T14:21:11.4125370Z Downloading fastapi-0.142.2-py3-none-any.whl (144 kB)
2026-10-09T14:21:11.7120416Z Downloading httpx-0.28.1-py3-none-any.whl (73 kB)
2026-10-09T14:21:11.8830616Z Downloading httpcore-1.0.9-py3-none-any.whl (78 kB)
2026-10-09T14:21:11.9026641Z Downloading jsonschema-4.26.0-py3-none-any.whl (90 kB)
2026-10-09T14:21:11.9201074Z Downloading psycopg-3.3.6-py3-none-any.whl (215 kB)
2026-10-09T14:21:11.9383279Z Downloading psycopg_binary-3.3.6-cp312-cp312-manylinux2014_x86_64.manylinux_2_17_x86_64.whl (5.2 MB)
2026-10-09T14:21:11.9739578Z    ━━━━━━━━━━━━━━━━━━━━━━━━━━━━━━━━━━━━━━━━ 5.2/5.2 MB 151.5 MB/s  0:00:00
2026-10-09T14:21:11.9897529Z Downloading pydantic_settings-2.15.0-py3-none-any.whl (69 kB)
2026-10-09T14:21:12.0078136Z Downloading pytest-8.4.2-py3-none-any.whl (365 kB)
2026-10-09T14:21:12.0262299Z Downloading pluggy-1.6.0-py3-none-any.whl (20 kB)
2026-10-09T14:21:12.0432875Z Downloading reportlab-4.5.1-py3-none-any.whl (2.0 MB)
2026-10-09T14:21:12.0508374Z    ━━━━━━━━━━━━━━━━━━━━━━━━━━━━━━━━━━━━━━━━ 2.0/2.0 MB 306.7 MB/s  0:00:00
2026-10-09T14:21:12.0663589Z Downloading sqlalchemy-2.1.3-cp312-cp312-manylinux2014_x86_64.manylinux_2_17_x86_64.manylinux_2_28_x86_64.whl (4.7 MB)
2026-10-09T14:21:12.0977748Z    ━━━━━━━━━━━━━━━━━━━━━━━━━━━━━━━━━━━━━━━━ 4.7/4.7 MB 150.8 MB/s  0:00:00
2026-10-09T14:21:12.1133211Z Downloading uvicorn-0.54.0-py3-none-any.whl (87 kB)
2026-10-09T14:21:12.1307041Z Downloading annotated_doc-0.0.5-py3-none-any.whl (5.3 kB)
2026-10-09T14:21:12.1476221Z Downloading attrs-26.1.0-py3-none-any.whl (67 kB)
2026-10-09T14:21:12.1647427Z Downloading click-8.5.0-py3-none-any.whl (125 kB)
2026-10-09T14:21:12.1820092Z Downloading h11-0.16.0-py3-none-any.whl (37 kB)
2026-10-09T14:21:12.1997727Z Downloading iniconfig-2.3.0-py3-none-any.whl (7.5 kB)
2026-10-09T14:21:12.2167098Z Downloading jsonschema_specifications-2025.9.1-py3-none-any.whl (18 kB)
2026-10-09T14:21:12.2337941Z Downloading opentelemetry_api-1.45.0-py3-none-any.whl (60 kB)
2026-10-09T14:21:12.2509545Z Downloading packaging-26.3-py3-none-any.whl (129 kB)
2026-10-09T14:21:12.2683787Z Downloading pydantic-2.13.5-py3-none-any.whl (472 kB)
2026-10-09T14:21:12.2866192Z Downloading pydantic_core-2.46.5-cp312-cp312-manylinux_2_17_x86_64.manylinux2014_x86_64.whl (2.1 MB)
2026-10-09T14:21:12.3005164Z    ━━━━━━━━━━━━━━━━━━━━━━━━━━━━━━━━━━━━━━━━ 2.1/2.1 MB 154.4 MB/s  0:00:00
2026-10-09T14:21:12.3157390Z Downloading annotated_types-0.8.0-py3-none-any.whl (13 kB)
2026-10-09T14:21:12.3345642Z Downloading pygments-2.21.0-py3-none-any.whl (1.3 MB)
2026-10-09T14:21:12.3405670Z    ━━━━━━━━━━━━━━━━━━━━━━━━━━━━━━━━━━━━━━━━ 1.3/1.3 MB 244.0 MB/s  0:00:00
2026-10-09T14:21:12.3559450Z Downloading python_dotenv-1.2.4-py3-none-any.whl (23 kB)
2026-10-09T14:21:12.3729656Z Downloading referencing-0.37.0-py3-none-any.whl (26 kB)
2026-10-09T14:21:12.3901576Z Downloading rpds_py-2026.9.1-cp312-cp312-manylinux_2_17_x86_64.manylinux2014_x86_64.whl (371 kB)
2026-10-09T14:21:12.4079666Z Downloading starlette-1.7.0-py3-none-any.whl (78 kB)
2026-10-09T14:21:12.4251939Z Downloading anyio-4.15.1-py3-none-any.whl (132 kB)
2026-10-09T14:21:12.4425024Z Downloading idna-3.20-py3-none-any.whl (69 kB)
2026-10-09T14:21:12.4596873Z Downloading typing_extensions-4.16.0-py3-none-any.whl (45 kB)
2026-10-09T14:21:12.4766643Z Downloading typing_inspection-0.4.4-py3-none-any.whl (14 kB)
2026-10-09T14:21:12.4933275Z Downloading certifi-2026.7.22-py3-none-any.whl (136 kB)
2026-10-09T14:21:12.5105674Z Downloading charset_normalizer-3.5.2-cp312-cp312-manylinux2014_x86_64.manylinux_2_17_x86_64.manylinux_2_28_x86_64.whl (257 kB)
2026-10-09T14:21:12.5978431Z Building wheels for collected packages: ai-novel-studio
2026-10-09T14:21:12.5985028Z   Building editable for ai-novel-studio (pyproject.toml): started
2026-10-09T14:21:13.2359066Z   Building editable for ai-novel-studio (pyproject.toml): finished with status 'done'
2026-10-09T14:21:13.2362817Z   Created wheel for ai-novel-studio: filename=ai_novel_studio-0.7.0-0.editable-py3-none-any.whl size=3190 sha256=5e2e28ffdcf824c2d8bb27936fc93bbc76f47a5997eee6fcf40bcd641ffba4e2
2026-10-09T14:21:13.2364353Z   Stored in directory: /home/runner/work/_temp/novel-ci-v2-creative-browser.kpElbF/tmp/pip-ephem-wheel-cache-ma45y8rz/wheels/ad/b5/f6/34777b6db0c17a70572b924752650ec9acaf0032ba50bef1cd
2026-10-09T14:21:13.2376728Z Successfully built ai-novel-studio
2026-10-09T14:21:13.3148738Z Installing collected packages: typing-extensions, rpds-py, python-dotenv, pypdf, pygments, psycopg-binary, pluggy, Pillow, packaging, opentimelineio, iniconfig, idna, h11, fonttools, click, charset-normalizer, certifi, attrs, annotated-types, annotated-doc, uvicorn, typing-inspection, sqlalchemy, reportlab, referencing, pytest, pydantic-core, psycopg, opentelemetry-api, httpcore, anyio, starlette, pydantic, jsonschema-specifications, httpx, pydantic-settings, jsonschema, fastapi, ai-novel-studio
2026-10-09T14:21:17.4305827Z 
2026-10-09T14:21:17.4330278Z Successfully installed Pillow-12.3.0 ai-novel-studio-0.7.0 annotated-doc-0.0.5 annotated-types-0.8.0 anyio-4.15.1 attrs-26.1.0 certifi-2026.7.22 charset-normalizer-3.5.2 click-8.5.0 fastapi-0.142.2 fonttools-4.59.1 h11-0.16.0 httpcore-1.0.9 httpx-0.28.1 idna-3.20 iniconfig-2.3.0 jsonschema-4.26.0 jsonschema-specifications-2025.9.1 opentelemetry-api-1.45.0 opentimelineio-0.18.1 packaging-26.3 pluggy-1.6.0 psycopg-3.3.6 psycopg-binary-3.3.6 pydantic-2.13.5 pydantic-core-2.46.5 pydantic-settings-2.15.0 pygments-2.21.0 pypdf-6.19.0 pytest-8.4.2 python-dotenv-1.2.4 referencing-0.37.0 reportlab-4.5.1 rpds-py-2026.9.1 sqlalchemy-2.1.3 starlette-1.7.0 typing-extensions-4.16.0 typing-inspection-0.4.4 uvicorn-0.54.0
2026-10-09T14:21:17.9970319Z No broken requirements found.
2026-10-09T14:21:20.2482980Z ##[group]Run set -o pipefail
2026-10-09T14:21:20.2483323Z [36;1mset -o pipefail[0m
2026-10-09T14:21:20.2484192Z [36;1mV2_PYTHON=python CI_RECEIPTS="$CI_RECEIPTS/v2-creative-live" pnpm exec playwright test --config playwright.v2-live.config.ts 2>&1 | tee "$CI_RECEIPTS/v2-creative-live.log"[0m
2026-10-09T14:21:20.2524918Z shell: /usr/bin/bash -e {0}
2026-10-09T14:21:20.2525235Z env:
2026-10-09T14:21:20.2525562Z   MOCK_PROVIDER: true
2026-10-09T14:21:20.2525816Z   MOCK_STREAM_DELAY_MS: 0
2026-10-09T14:21:20.2526082Z   ENABLE_CLOUD: false
2026-10-09T14:21:20.2526353Z   CREDENTIAL_VAULT_BACKEND: memory
2026-10-09T14:21:20.2526664Z   CREDENTIAL_VAULT_ALLOW_MEMORY_FALLBACK: true
2026-10-09T14:21:20.2527694Z   PYTHONDONTWRITEBYTECODE: 1
2026-10-09T14:21:20.2528066Z   HF_HUB_OFFLINE: 1
2026-10-09T14:21:20.2528302Z   TRANSFORMERS_OFFLINE: 1
2026-10-09T14:21:20.2528612Z   pythonLocation: /opt/hostedtoolcache/Python/3.12.9/x64
2026-10-09T14:21:20.2529110Z   PKG_CONFIG_PATH: /opt/hostedtoolcache/Python/3.12.9/x64/lib/pkgconfig
2026-10-09T14:21:20.2529550Z   Python_ROOT_DIR: /opt/hostedtoolcache/Python/3.12.9/x64
2026-10-09T14:21:20.2529913Z   Python2_ROOT_DIR: /opt/hostedtoolcache/Python/3.12.9/x64
2026-10-09T14:21:20.2530348Z   Python3_ROOT_DIR: /opt/hostedtoolcache/Python/3.12.9/x64
2026-10-09T14:21:20.2530864Z   LD_LIBRARY_PATH: /opt/hostedtoolcache/Python/3.12.9/x64/lib
2026-10-09T14:21:20.2531216Z   CI_COVERAGE_SHA: 7f0d911549b04e8dbb7cf078316ad74c42095449
2026-10-09T14:21:20.2531609Z   CI_COVERAGE_TREE: 69d69ffe71838263069d164a0a07b39b5f4a4333
2026-10-09T14:21:20.2532038Z   CI_SANDBOX: /home/runner/work/_temp/novel-ci-v2-creative-browser.kpElbF
2026-10-09T14:21:20.2532507Z   CI_PROJECT: /home/runner/work/_temp/novel-ci-v2-creative-browser.kpElbF/project
2026-10-09T14:21:20.2532991Z   CI_RECEIPTS: /home/runner/work/_temp/novel-ci-v2-creative-browser.kpElbF/receipts
2026-10-09T14:21:20.2533585Z   HOME: /home/runner/work/_temp/novel-ci-v2-creative-browser.kpElbF/home
2026-10-09T14:21:20.2534111Z   USERPROFILE: /home/runner/work/_temp/novel-ci-v2-creative-browser.kpElbF/home
2026-10-09T14:21:20.2534576Z   APPDATA: /home/runner/work/_temp/novel-ci-v2-creative-browser.kpElbF/appdata
2026-10-09T14:21:20.2535100Z   LOCALAPPDATA: /home/runner/work/_temp/novel-ci-v2-creative-browser.kpElbF/localappdata
2026-10-09T14:21:20.2535589Z   XDG_CONFIG_HOME: /home/runner/work/_temp/novel-ci-v2-creative-browser.kpElbF/config
2026-10-09T14:21:20.2536082Z   XDG_CACHE_HOME: /home/runner/work/_temp/novel-ci-v2-creative-browser.kpElbF/cache
2026-10-09T14:21:20.2536585Z   XDG_DATA_HOME: /home/runner/work/_temp/novel-ci-v2-creative-browser.kpElbF/data
2026-10-09T14:21:20.2537049Z   XDG_STATE_HOME: /home/runner/work/_temp/novel-ci-v2-creative-browser.kpElbF/state
2026-10-09T14:21:20.2537503Z   TMPDIR: /home/runner/work/_temp/novel-ci-v2-creative-browser.kpElbF/tmp
2026-10-09T14:21:20.2537957Z   TMP: /home/runner/work/_temp/novel-ci-v2-creative-browser.kpElbF/tmp
2026-10-09T14:21:20.2538484Z   TEMP: /home/runner/work/_temp/novel-ci-v2-creative-browser.kpElbF/tmp
2026-10-09T14:21:20.2539127Z   PROJECT_ROOT: /home/runner/work/_temp/novel-ci-v2-creative-browser.kpElbF/project
2026-10-09T14:21:20.2539621Z   NOVEL_DATA_PATH: /home/runner/work/_temp/novel-ci-v2-creative-browser.kpElbF/data/novels
2026-10-09T14:21:20.2540123Z   BACKUP_PATH: /home/runner/work/_temp/novel-ci-v2-creative-browser.kpElbF/data/backups
2026-10-09T14:21:20.2540982Z   DATABASE_BACKUP_PATH: /home/runner/work/_temp/novel-ci-v2-creative-browser.kpElbF/data/database-backups
2026-10-09T14:21:20.2541585Z   KNOWLEDGE_SOURCE_PATH: /home/runner/work/_temp/novel-ci-v2-creative-browser.kpElbF/data/novels
2026-10-09T14:21:20.2542025Z ##[endgroup]
2026-10-09T14:21:30.5714635Z 
2026-10-09T14:21:30.5715481Z Running 7 tests using 1 worker
2026-10-09T14:21:30.5715945Z 
2026-10-09T14:21:40.0932879Z   ✓  1 [v2-live-chromium] › tests/e2e/v2-creative-live.spec.ts:111:1 › real File V2 authoring: reviewed direction, ordered storyboard, production history and restore preserve the manuscript (8.9s)
2026-10-09T14:21:42.8287207Z   ✓  2 [v2-live-chromium] › tests/e2e/v2-creative-live.spec.ts:206:1 › real File V2 cancel and navigation retain dirty drafts without duplicating accepted or cancelled proposals (2.7s)
2026-10-09T14:21:45.2674281Z   ✓  3 [v2-live-chromium] › tests/e2e/v2-creative-live.spec.ts:236:1 › real File V2 scope and stale-write fencing keeps the browser draft and rejects foreign sources (2.4s)
2026-10-09T14:21:45.8462768Z   ✓  4 [v2-live-chromium] › tests/e2e/v2-creative-live.spec.ts:282:1 › real HTTP File V2 lifecycle persists reviewed direction, order, history and restored content with unchanged manuscript (571ms)
2026-10-09T14:21:48.6799473Z   ✓  5 [v2-live-chromium] › tests/e2e/v2-creative-live.spec.ts:346:1 › real HTTP File V2 scope, cancel and stale source fences remain authoritative (2.8s)
2026-10-09T14:21:52.7916983Z   ✓  6 [v1-chromium] › tests/e2e/v2-creative-live.spec.ts:267:1 › V1 default-off backend and browser never expose the V2 workbench or accept creative writes (3.6s)
2026-10-09T14:21:52.8759478Z   ✓  7 [v1-chromium] › tests/e2e/v2-creative-live.spec.ts:379:1 › real HTTP default-off gate advertises disabled capabilities and rejects creative reads and writes (78ms)
2026-10-09T14:21:52.9269646Z 
2026-10-09T14:21:52.9273075Z   7 passed (31.8s)
2026-10-09T14:21:52.9557893Z ##[group]Run set -o pipefail
2026-10-09T14:21:52.9558268Z [36;1mset -o pipefail[0m
2026-10-09T14:21:52.9558953Z [36;1mpnpm exec playwright test --config playwright.creative.config.ts --update-snapshots=none --reporter=list,junit 2>&1 | tee "$CI_RECEIPTS/v2-creative-workbench.log"[0m
2026-10-09T14:21:52.9597384Z shell: /usr/bin/bash -e {0}
2026-10-09T14:21:52.9597750Z env:
2026-10-09T14:21:52.9598034Z   MOCK_PROVIDER: true
2026-10-09T14:21:52.9598301Z   MOCK_STREAM_DELAY_MS: 0
2026-10-09T14:21:52.9598574Z   ENABLE_CLOUD: false
2026-10-09T14:21:52.9598830Z   CREDENTIAL_VAULT_BACKEND: memory
2026-10-09T14:21:52.9599124Z   CREDENTIAL_VAULT_ALLOW_MEMORY_FALLBACK: true
2026-10-09T14:21:52.9599524Z   PYTHONDONTWRITEBYTECODE: 1
2026-10-09T14:21:52.9599815Z   HF_HUB_OFFLINE: 1
2026-10-09T14:21:52.9600065Z   TRANSFORMERS_OFFLINE: 1
2026-10-09T14:21:52.9600385Z   pythonLocation: /opt/hostedtoolcache/Python/3.12.9/x64
2026-10-09T14:21:52.9600931Z   PKG_CONFIG_PATH: /opt/hostedtoolcache/Python/3.12.9/x64/lib/pkgconfig
2026-10-09T14:21:52.9601335Z   Python_ROOT_DIR: /opt/hostedtoolcache/Python/3.12.9/x64
2026-10-09T14:21:52.9601692Z   Python2_ROOT_DIR: /opt/hostedtoolcache/Python/3.12.9/x64
2026-10-09T14:21:52.9602084Z   Python3_ROOT_DIR: /opt/hostedtoolcache/Python/3.12.9/x64
2026-10-09T14:21:52.9602450Z   LD_LIBRARY_PATH: /opt/hostedtoolcache/Python/3.12.9/x64/lib
2026-10-09T14:21:52.9603481Z   CI_COVERAGE_SHA: 7f0d911549b04e8dbb7cf078316ad74c42095449
2026-10-09T14:21:52.9603894Z   CI_COVERAGE_TREE: 69d69ffe71838263069d164a0a07b39b5f4a4333
2026-10-09T14:21:52.9604290Z   CI_SANDBOX: /home/runner/work/_temp/novel-ci-v2-creative-browser.kpElbF
2026-10-09T14:21:52.9604797Z   CI_PROJECT: /home/runner/work/_temp/novel-ci-v2-creative-browser.kpElbF/project
2026-10-09T14:21:52.9605469Z   CI_RECEIPTS: /home/runner/work/_temp/novel-ci-v2-creative-browser.kpElbF/receipts
2026-10-09T14:21:52.9605943Z   HOME: /home/runner/work/_temp/novel-ci-v2-creative-browser.kpElbF/home
2026-10-09T14:21:52.9606430Z   USERPROFILE: /home/runner/work/_temp/novel-ci-v2-creative-browser.kpElbF/home
2026-10-09T14:21:52.9606933Z   APPDATA: /home/runner/work/_temp/novel-ci-v2-creative-browser.kpElbF/appdata
2026-10-09T14:21:52.9607447Z   LOCALAPPDATA: /home/runner/work/_temp/novel-ci-v2-creative-browser.kpElbF/localappdata
2026-10-09T14:21:52.9607981Z   XDG_CONFIG_HOME: /home/runner/work/_temp/novel-ci-v2-creative-browser.kpElbF/config
2026-10-09T14:21:52.9608480Z   XDG_CACHE_HOME: /home/runner/work/_temp/novel-ci-v2-creative-browser.kpElbF/cache
2026-10-09T14:21:52.9608962Z   XDG_DATA_HOME: /home/runner/work/_temp/novel-ci-v2-creative-browser.kpElbF/data
2026-10-09T14:21:52.9609436Z   XDG_STATE_HOME: /home/runner/work/_temp/novel-ci-v2-creative-browser.kpElbF/state
2026-10-09T14:21:52.9609938Z   TMPDIR: /home/runner/work/_temp/novel-ci-v2-creative-browser.kpElbF/tmp
2026-10-09T14:21:52.9610392Z   TMP: /home/runner/work/_temp/novel-ci-v2-creative-browser.kpElbF/tmp
2026-10-09T14:21:52.9610826Z   TEMP: /home/runner/work/_temp/novel-ci-v2-creative-browser.kpElbF/tmp
2026-10-09T14:21:52.9611300Z   PROJECT_ROOT: /home/runner/work/_temp/novel-ci-v2-creative-browser.kpElbF/project
2026-10-09T14:21:52.9611842Z   NOVEL_DATA_PATH: /home/runner/work/_temp/novel-ci-v2-creative-browser.kpElbF/data/novels
2026-10-09T14:21:52.9612367Z   BACKUP_PATH: /home/runner/work/_temp/novel-ci-v2-creative-browser.kpElbF/data/backups
2026-10-09T14:21:52.9612978Z   DATABASE_BACKUP_PATH: /home/runner/work/_temp/novel-ci-v2-creative-browser.kpElbF/data/database-backups
2026-10-09T14:21:52.9613756Z   KNOWLEDGE_SOURCE_PATH: /home/runner/work/_temp/novel-ci-v2-creative-browser.kpElbF/data/novels
2026-10-09T14:21:52.9614404Z   PLAYWRIGHT_JUNIT_OUTPUT_FILE: /home/runner/work/_temp/novel-ci-v2-creative-browser.kpElbF/receipts/v2-creative-workbench.xml
2026-10-09T14:21:52.9614910Z ##[endgroup]
2026-10-09T14:21:54.2065323Z 
2026-10-09T14:21:54.2066033Z Running 8 tests using 1 worker
2026-10-09T14:21:54.2066358Z 
2026-10-09T14:21:57.5062954Z   ✓  1 [chromium] › tests/visual/creative-workbench.spec.ts:49:1 › V2 remains off with no creative API requests (2.8s)
2026-10-09T14:21:58.9430987Z   ✓  2 [chromium] › tests/visual/creative-workbench.spec.ts:51:1 › keyboard stages and cancelled exit preserve unsaved creative content (1.4s)
2026-10-09T14:22:00.1715805Z   ✓  3 [chromium] › tests/visual/creative-workbench.spec.ts:53:117 › V2 shared-shell geometry 1366x768 (1.2s)
2026-10-09T14:22:01.5799434Z   ✓  4 [chromium] › tests/visual/creative-workbench.spec.ts:53:117 › V2 shared-shell geometry 1440x900 (1.4s)
2026-10-09T14:22:03.4645715Z   ✓  5 [chromium] › tests/visual/creative-workbench.spec.ts:53:117 › V2 shared-shell geometry 1920x1080 (1.9s)
2026-10-09T14:22:04.8278925Z   ✓  6 [chromium] › tests/visual/creative-workbench.spec.ts:55:117 › V2 timeline header shields scrolled reorder controls 1366x768 (1.4s)
2026-10-09T14:22:06.1941847Z   ✓  7 [chromium] › tests/visual/creative-workbench.spec.ts:55:117 › V2 timeline header shields scrolled reorder controls 1440x900 (1.4s)
2026-10-09T14:22:07.6000855Z   ✓  8 [chromium] › tests/visual/creative-workbench.spec.ts:55:117 › V2 timeline header shields scrolled reorder controls 1920x1080 (1.4s)
2026-10-09T14:22:07.6808276Z 
2026-10-09T14:22:07.6812010Z   8 passed (14.0s)
2026-10-09T14:22:07.7018329Z ##[group]Run if [ -f "$CI_RECEIPTS/v2-creative-live/junit.xml" ]; then
2026-10-09T14:22:07.7018744Z [36;1mif [ -f "$CI_RECEIPTS/v2-creative-live/junit.xml" ]; then[0m
2026-10-09T14:22:07.7019154Z [36;1m  cp "$CI_RECEIPTS/v2-creative-live/junit.xml" "$CI_RECEIPTS/v2-creative-live.xml"[0m
2026-10-09T14:22:07.7019535Z [36;1mfi[0m
2026-10-09T14:22:07.7019780Z [36;1mpython3 .github/ci/receipt.py "$CI_RECEIPTS"[0m
2026-10-09T14:22:07.7054681Z shell: /usr/bin/bash -e {0}
2026-10-09T14:22:07.7055221Z env:
2026-10-09T14:22:07.7055436Z   MOCK_PROVIDER: true
2026-10-09T14:22:07.7055667Z   MOCK_STREAM_DELAY_MS: 0
2026-10-09T14:22:07.7055913Z   ENABLE_CLOUD: false
2026-10-09T14:22:07.7056148Z   CREDENTIAL_VAULT_BACKEND: memory
2026-10-09T14:22:07.7056445Z   CREDENTIAL_VAULT_ALLOW_MEMORY_FALLBACK: true
2026-10-09T14:22:07.7056718Z   PYTHONDONTWRITEBYTECODE: 1
2026-10-09T14:22:07.7056983Z   HF_HUB_OFFLINE: 1
2026-10-09T14:22:07.7057207Z   TRANSFORMERS_OFFLINE: 1
2026-10-09T14:22:07.7057580Z   pythonLocation: /opt/hostedtoolcache/Python/3.12.9/x64
2026-10-09T14:22:07.7057944Z   PKG_CONFIG_PATH: /opt/hostedtoolcache/Python/3.12.9/x64/lib/pkgconfig
2026-10-09T14:22:07.7058289Z   Python_ROOT_DIR: /opt/hostedtoolcache/Python/3.12.9/x64
2026-10-09T14:22:07.7058629Z   Python2_ROOT_DIR: /opt/hostedtoolcache/Python/3.12.9/x64
2026-10-09T14:22:07.7058952Z   Python3_ROOT_DIR: /opt/hostedtoolcache/Python/3.12.9/x64
2026-10-09T14:22:07.7059283Z   LD_LIBRARY_PATH: /opt/hostedtoolcache/Python/3.12.9/x64/lib
2026-10-09T14:22:07.7059635Z   CI_COVERAGE_SHA: 7f0d911549b04e8dbb7cf078316ad74c42095449
2026-10-09T14:22:07.7059962Z   CI_COVERAGE_TREE: 69d69ffe71838263069d164a0a07b39b5f4a4333
2026-10-09T14:22:07.7060358Z   CI_SANDBOX: /home/runner/work/_temp/novel-ci-v2-creative-browser.kpElbF
2026-10-09T14:22:07.7060771Z   CI_PROJECT: /home/runner/work/_temp/novel-ci-v2-creative-browser.kpElbF/project
2026-10-09T14:22:07.7061188Z   CI_RECEIPTS: /home/runner/work/_temp/novel-ci-v2-creative-browser.kpElbF/receipts
2026-10-09T14:22:07.7062049Z   HOME: /home/runner/work/_temp/novel-ci-v2-creative-browser.kpElbF/home
2026-10-09T14:22:07.7062465Z   USERPROFILE: /home/runner/work/_temp/novel-ci-v2-creative-browser.kpElbF/home
2026-10-09T14:22:07.7062882Z   APPDATA: /home/runner/work/_temp/novel-ci-v2-creative-browser.kpElbF/appdata
2026-10-09T14:22:07.7063465Z   LOCALAPPDATA: /home/runner/work/_temp/novel-ci-v2-creative-browser.kpElbF/localappdata
2026-10-09T14:22:07.7063943Z   XDG_CONFIG_HOME: /home/runner/work/_temp/novel-ci-v2-creative-browser.kpElbF/config
2026-10-09T14:22:07.7064404Z   XDG_CACHE_HOME: /home/runner/work/_temp/novel-ci-v2-creative-browser.kpElbF/cache
2026-10-09T14:22:07.7064825Z   XDG_DATA_HOME: /home/runner/work/_temp/novel-ci-v2-creative-browser.kpElbF/data
2026-10-09T14:22:07.7065233Z   XDG_STATE_HOME: /home/runner/work/_temp/novel-ci-v2-creative-browser.kpElbF/state
2026-10-09T14:22:07.7065641Z   TMPDIR: /home/runner/work/_temp/novel-ci-v2-creative-browser.kpElbF/tmp
2026-10-09T14:22:07.7066064Z   TMP: /home/runner/work/_temp/novel-ci-v2-creative-browser.kpElbF/tmp
2026-10-09T14:22:07.7066461Z   TEMP: /home/runner/work/_temp/novel-ci-v2-creative-browser.kpElbF/tmp
2026-10-09T14:22:07.7066864Z   PROJECT_ROOT: /home/runner/work/_temp/novel-ci-v2-creative-browser.kpElbF/project
2026-10-09T14:22:07.7067296Z   NOVEL_DATA_PATH: /home/runner/work/_temp/novel-ci-v2-creative-browser.kpElbF/data/novels
2026-10-09T14:22:07.7067756Z   BACKUP_PATH: /home/runner/work/_temp/novel-ci-v2-creative-browser.kpElbF/data/backups
2026-10-09T14:22:07.7068266Z   DATABASE_BACKUP_PATH: /home/runner/work/_temp/novel-ci-v2-creative-browser.kpElbF/data/database-backups
2026-10-09T14:22:07.7068800Z   KNOWLEDGE_SOURCE_PATH: /home/runner/work/_temp/novel-ci-v2-creative-browser.kpElbF/data/novels
2026-10-09T14:22:07.7069157Z ##[endgroup]
2026-10-09T14:22:07.8078944Z {
2026-10-09T14:22:07.8080934Z   "revision": "checked_out_sha=7f0d911549b04e8dbb7cf078316ad74c42095449\nevent_sha=7f0d911549b04e8dbb7cf078316ad74c42095449\nrun_url=https://github.com/1785235376-blip/AI-Novel-Studio/actions/runs/37943412489\njob=v2-creative-browser\nplatform=Linux; native Windows host/AppContainer/installer=NOT RUN\n",
2026-10-09T14:22:07.8082343Z   "test_reports": {
2026-10-09T14:22:07.8082731Z     "v2-creative-live.xml": {
2026-10-09T14:22:07.8083245Z       "tests": 7,
2026-10-09T14:22:07.8083657Z       "failures": 0,
2026-10-09T14:22:07.8083919Z       "errors": 0,
2026-10-09T14:22:07.8084167Z       "skipped": 0
2026-10-09T14:22:07.8084402Z     },
2026-10-09T14:22:07.8084842Z     "v2-creative-workbench.xml": {
2026-10-09T14:22:07.8085125Z       "tests": 8,
2026-10-09T14:22:07.8085366Z       "failures": 0,
2026-10-09T14:22:07.8085620Z       "errors": 0,
2026-10-09T14:22:07.8085849Z       "skipped": 0
2026-10-09T14:22:07.8086108Z     }
2026-10-09T14:22:07.8086358Z   },
2026-10-09T14:22:07.8086615Z   "report_status": "RECORDED",
2026-10-09T14:22:07.8086975Z   "native_windows_host_appcontainer_installer": "NOT RUN",
2026-10-09T14:22:07.8087360Z   "real_model_and_paid_provider_execution": "NOT RUN"
2026-10-09T14:22:07.8087696Z }
2026-10-09T14:22:07.8087835Z 
2026-10-09T14:22:07.8190038Z ##[group]Run actions/upload-artifact@v4.6.2
2026-10-09T14:22:07.8190319Z with:
2026-10-09T14:22:07.8190632Z   name: v2-creative-browser-7f0d911549b04e8dbb7cf078316ad74c42095449-attempt-1
2026-10-09T14:22:07.8191448Z   path: /home/runner/work/_temp/novel-ci-v2-creative-browser.kpElbF/receipts
/home/runner/work/_temp/novel-ci-v2-creative-browser.kpElbF/project/frontend/test-results/creative-workbench

2026-10-09T14:22:07.8192192Z   if-no-files-found: error
2026-10-09T14:22:07.8192448Z   retention-days: 14
2026-10-09T14:22:07.8192730Z   compression-level: 6
2026-10-09T14:22:07.8193011Z   overwrite: false
2026-10-09T14:22:07.8194069Z   include-hidden-files: false
2026-10-09T14:22:07.8478578Z env:
2026-10-09T14:22:07.8478830Z   MOCK_PROVIDER: true
2026-10-09T14:22:07.8479038Z   MOCK_STREAM_DELAY_MS: 0
2026-10-09T14:22:07.8479227Z   ENABLE_CLOUD: false
2026-10-09T14:22:07.8479441Z   CREDENTIAL_VAULT_BACKEND: memory
2026-10-09T14:22:07.8479736Z   CREDENTIAL_VAULT_ALLOW_MEMORY_FALLBACK: true
2026-10-09T14:22:07.8480007Z   PYTHONDONTWRITEBYTECODE: 1
2026-10-09T14:22:07.8480212Z   HF_HUB_OFFLINE: 1
2026-10-09T14:22:07.8480390Z   TRANSFORMERS_OFFLINE: 1
2026-10-09T14:22:07.8480666Z   pythonLocation: /opt/hostedtoolcache/Python/3.12.9/x64
2026-10-09T14:22:07.8481026Z   PKG_CONFIG_PATH: /opt/hostedtoolcache/Python/3.12.9/x64/lib/pkgconfig
2026-10-09T14:22:07.8481373Z   Python_ROOT_DIR: /opt/hostedtoolcache/Python/3.12.9/x64
2026-10-09T14:22:07.8481705Z   Python2_ROOT_DIR: /opt/hostedtoolcache/Python/3.12.9/x64
2026-10-09T14:22:07.8482034Z   Python3_ROOT_DIR: /opt/hostedtoolcache/Python/3.12.9/x64
2026-10-09T14:22:07.8482365Z   LD_LIBRARY_PATH: /opt/hostedtoolcache/Python/3.12.9/x64/lib
2026-10-09T14:22:07.8482708Z   CI_COVERAGE_SHA: 7f0d911549b04e8dbb7cf078316ad74c42095449
2026-10-09T14:22:07.8483108Z   CI_COVERAGE_TREE: 69d69ffe71838263069d164a0a07b39b5f4a4333
2026-10-09T14:22:07.8483663Z   CI_SANDBOX: /home/runner/work/_temp/novel-ci-v2-creative-browser.kpElbF
2026-10-09T14:22:07.8484129Z   CI_PROJECT: /home/runner/work/_temp/novel-ci-v2-creative-browser.kpElbF/project
2026-10-09T14:22:07.8484577Z   CI_RECEIPTS: /home/runner/work/_temp/novel-ci-v2-creative-browser.kpElbF/receipts
2026-10-09T14:22:07.8485063Z   HOME: /home/runner/work/_temp/novel-ci-v2-creative-browser.kpElbF/home
2026-10-09T14:22:07.8485556Z   USERPROFILE: /home/runner/work/_temp/novel-ci-v2-creative-browser.kpElbF/home
2026-10-09T14:22:07.8486138Z   APPDATA: /home/runner/work/_temp/novel-ci-v2-creative-browser.kpElbF/appdata
2026-10-09T14:22:07.8486699Z   LOCALAPPDATA: /home/runner/work/_temp/novel-ci-v2-creative-browser.kpElbF/localappdata
2026-10-09T14:22:07.8487269Z   XDG_CONFIG_HOME: /home/runner/work/_temp/novel-ci-v2-creative-browser.kpElbF/config
2026-10-09T14:22:07.8487797Z   XDG_CACHE_HOME: /home/runner/work/_temp/novel-ci-v2-creative-browser.kpElbF/cache
2026-10-09T14:22:07.8488290Z   XDG_DATA_HOME: /home/runner/work/_temp/novel-ci-v2-creative-browser.kpElbF/data
2026-10-09T14:22:07.8488771Z   XDG_STATE_HOME: /home/runner/work/_temp/novel-ci-v2-creative-browser.kpElbF/state
2026-10-09T14:22:07.8489183Z   TMPDIR: /home/runner/work/_temp/novel-ci-v2-creative-browser.kpElbF/tmp
2026-10-09T14:22:07.8489644Z   TMP: /home/runner/work/_temp/novel-ci-v2-creative-browser.kpElbF/tmp
2026-10-09T14:22:07.8490017Z   TEMP: /home/runner/work/_temp/novel-ci-v2-creative-browser.kpElbF/tmp
2026-10-09T14:22:07.8490442Z   PROJECT_ROOT: /home/runner/work/_temp/novel-ci-v2-creative-browser.kpElbF/project
2026-10-09T14:22:07.8491193Z   NOVEL_DATA_PATH: /home/runner/work/_temp/novel-ci-v2-creative-browser.kpElbF/data/novels
2026-10-09T14:22:07.8491723Z   BACKUP_PATH: /home/runner/work/_temp/novel-ci-v2-creative-browser.kpElbF/data/backups
2026-10-09T14:22:07.8492299Z   DATABASE_BACKUP_PATH: /home/runner/work/_temp/novel-ci-v2-creative-browser.kpElbF/data/database-backups
2026-10-09T14:22:07.8492945Z   KNOWLEDGE_SOURCE_PATH: /home/runner/work/_temp/novel-ci-v2-creative-browser.kpElbF/data/novels
2026-10-09T14:22:07.8493744Z ##[endgroup]
2026-10-09T14:22:07.9746809Z (node:3541) [DEP0040] DeprecationWarning: The `punycode` module is deprecated. Please use a userland alternative instead.
2026-10-09T14:22:07.9747394Z (Use `node --trace-deprecation ...` to show where the warning was created)
2026-10-09T14:22:07.9854871Z Multiple search paths detected. Calculating the least common ancestor of all paths
2026-10-09T14:22:07.9856486Z The least common ancestor is /home/runner/work/_temp/novel-ci-v2-creative-browser.kpElbF. This will be the root directory of the artifact
2026-10-09T14:22:07.9857422Z With the provided path, there will be 38 files uploaded
2026-10-09T14:22:07.9858603Z Artifact name is valid!
2026-10-09T14:22:07.9859065Z Root directory input is valid!
2026-10-09T14:22:08.3201125Z Beginning upload of artifact content to blob storage
2026-10-09T14:22:08.4690390Z (node:3541) [DEP0169] DeprecationWarning: `url.parse()` behavior is not standardized and prone to errors that have security implications. Use the WHATWG URL API instead. CVEs are not issued for `url.parse()` vulnerabilities.
2026-10-09T14:22:08.9024499Z Uploaded bytes 4204939
2026-10-09T14:22:08.9397697Z Finished uploading artifact content to blob storage!
2026-10-09T14:22:08.9398346Z SHA256 digest of uploaded artifact zip is 53b9535925614bc73c8f0f9ed79a8cd9a37da3bd239f51023c768527ff1abe15
2026-10-09T14:22:08.9402062Z Finalizing artifact upload
2026-10-09T14:22:09.1554029Z Artifact v2-creative-browser-7f0d911549b04e8dbb7cf078316ad74c42095449-attempt-1.zip successfully finalized. Artifact ID 11622382647
2026-10-09T14:22:09.1555187Z Artifact v2-creative-browser-7f0d911549b04e8dbb7cf078316ad74c42095449-attempt-1 has been successfully uploaded! Final size is 4204939 bytes. Artifact ID is 11622382647
2026-10-09T14:22:09.1559931Z Artifact download URL: https://github.com/1785235376-blip/AI-Novel-Studio/actions/runs/37943412489/artifacts/11622382647
2026-10-09T14:22:09.1698123Z Post job cleanup.
2026-10-09T14:22:09.2628068Z (node:3553) [DEP0040] DeprecationWarning: The `punycode` module is deprecated. Please use a userland alternative instead.
2026-10-09T14:22:09.2628797Z (Use `node --trace-deprecation ...` to show where the warning was created)
2026-10-09T14:22:09.2716547Z Post job cleanup.
2026-10-09T14:22:09.3635087Z (node:3561) [DEP0040] DeprecationWarning: The `punycode` module is deprecated. Please use a userland alternative instead.
2026-10-09T14:22:09.3635645Z (Use `node --trace-deprecation ...` to show where the warning was created)
2026-10-09T14:22:09.3756083Z Post job cleanup.
2026-10-09T14:22:09.4461109Z [command]/usr/bin/git version
2026-10-09T14:22:09.4494902Z git version 2.55.0
2026-10-09T14:22:09.4519993Z Temporarily overriding HOME='/home/runner/work/_temp/d31895a5-067e-4c2a-b550-fa18a72f7e6a' before making global git config changes
2026-10-09T14:22:09.4520948Z Adding repository directory to the temporary git global config as a safe directory
2026-10-09T14:22:09.4524798Z [command]/usr/bin/git config --global --add safe.directory /home/runner/work/AI-Novel-Studio/AI-Novel-Studio
2026-10-09T14:22:09.4553674Z [command]/usr/bin/git config --local --name-only --get-regexp core\.sshCommand
2026-10-09T14:22:09.4579123Z [command]/usr/bin/git submodule foreach --recursive sh -c "git config --local --name-only --get-regexp 'core\.sshCommand' && git config --local --unset-all 'core.sshCommand' || :"
2026-10-09T14:22:09.4744241Z [command]/usr/bin/git config --local --name-only --get-regexp http\.https\:\/\/github\.com\/\.extraheader
2026-10-09T14:22:09.4777047Z [command]/usr/bin/git submodule foreach --recursive sh -c "git config --local --name-only --get-regexp 'http\.https\:\/\/github\.com\/\.extraheader' && git config --local --unset-all 'http.https://github.com/.extraheader' || :"
2026-10-09T14:22:09.5154369Z Cleaning up orphan processes
2026-10-09T14:22:09.5361051Z ##[warning]Node.js 20 is deprecated. The following actions target Node.js 20 but are being forced to run on Node.js 24: actions/checkout@v4.2.2, actions/setup-node@v4.4.0, actions/setup-python@v5.6.0, actions/upload-artifact@v4.6.2. For more information see: https://github.blog/changelog/2025-09-19-deprecation-of-node-20-on-github-actions-runners/
