2026-10-09T14:20:14.0730177Z Current runner version: '2.337.0'
2026-10-09T14:20:14.0756920Z ##[group]Runner Image Provisioner
2026-10-09T14:20:14.0757738Z Hosted Compute Agent
2026-10-09T14:20:14.0758262Z Version: 20261002.596
2026-10-09T14:20:14.0758862Z Commit: c3d12f3313a95f25162a1503be624f3b0617f8c0
2026-10-09T14:20:14.0759525Z Build Date: 2026-10-02T22:28:27Z
2026-10-09T14:20:14.0760273Z Worker ID: {5a6ee025-5d1f-47aa-882c-4c4527b4a011}
2026-10-09T14:20:14.0760995Z Region: eastus
2026-10-09T14:20:14.0761526Z Cloud: Azure
2026-10-09T14:20:14.0762053Z ##[endgroup]
2026-10-09T14:20:14.0763472Z ##[group]Operating System
2026-10-09T14:20:14.0764144Z Microsoft Windows Server 2022
2026-10-09T14:20:14.0764725Z 10.0.20348
2026-10-09T14:20:14.0765173Z Datacenter
2026-10-09T14:20:14.0765657Z ##[endgroup]
2026-10-09T14:20:14.0766123Z ##[group]Runner Image
2026-10-09T14:20:14.0766620Z Image: windows-2022
2026-10-09T14:20:14.0767131Z Version: 20261004.326.1
2026-10-09T14:20:14.0768528Z Included Software: https://github.com/actions/runner-images/blob/win22/20261004.326/images/windows/Windows2022-Readme.md
2026-10-09T14:20:14.0769992Z Image Release: https://github.com/actions/runner-images/releases/tag/win22%2F20261004.326
2026-10-09T14:20:14.0770850Z ##[endgroup]
2026-10-09T14:20:14.0771839Z ##[group]GITHUB_TOKEN Permissions
2026-10-09T14:20:14.0773705Z Contents: read
2026-10-09T14:20:14.0774282Z Metadata: read
2026-10-09T14:20:14.0774786Z ##[endgroup]
2026-10-09T14:20:14.0776785Z Secret source: Actions
2026-10-09T14:20:14.0777659Z Cache mode: write
2026-10-09T14:20:14.0778364Z Prepare workflow directory
2026-10-09T14:20:14.1139969Z Prepare all required actions
2026-10-09T14:20:14.1187121Z Getting action download info
2026-10-09T14:20:14.3258093Z Download action repository 'actions/checkout@v4.2.2' (SHA:11bd71901bbe5b1630ceea73d27597364c9af683)
2026-10-09T14:20:14.4991229Z Download action repository 'actions/setup-python@v5.6.0' (SHA:a26af69be951a213d495a4c3e4e4022e16d87065)
2026-10-09T14:20:14.6478144Z Download action repository 'actions/setup-node@v4.4.0' (SHA:49933ea5288caeca8642d1e84afbd3f7d6820020)
2026-10-09T14:20:14.8034399Z Download action repository 'actions/setup-dotnet@v4' (SHA:67a3573c9a986a3f9c594539f4ab511d57bb3ce9)
2026-10-09T14:20:15.0424283Z Download action repository 'actions/upload-artifact@v4.6.2' (SHA:ea165f8d65b6e75b540449e92b4886f43607fa02)
2026-10-09T14:20:15.4092323Z Complete job name: Windows / Fresh base and acceptance package
2026-10-09T14:20:15.6048761Z ##[group]Run actions/checkout@v4.2.2
2026-10-09T14:20:15.6050132Z with:
2026-10-09T14:20:15.6050713Z   persist-credentials: false
2026-10-09T14:20:15.6051436Z   repository: 1785235376-blip/AI-Novel-Studio
2026-10-09T14:20:15.6056537Z   token: ***
2026-10-09T14:20:15.6057096Z   ssh-strict: true
2026-10-09T14:20:15.6057653Z   ssh-user: git
2026-10-09T14:20:15.6058181Z   clean: true
2026-10-09T14:20:15.6058746Z   sparse-checkout-cone-mode: true
2026-10-09T14:20:15.6059328Z   fetch-depth: 1
2026-10-09T14:20:15.6059765Z   fetch-tags: false
2026-10-09T14:20:15.6060238Z   show-progress: true
2026-10-09T14:20:15.6060699Z   lfs: false
2026-10-09T14:20:15.6061126Z   submodules: false
2026-10-09T14:20:15.6061596Z   set-safe-directory: true
2026-10-09T14:20:15.6062287Z env:
2026-10-09T14:20:15.6062728Z   MOCK_PROVIDER: true
2026-10-09T14:20:15.6063209Z   MOCK_STREAM_DELAY_MS: 0
2026-10-09T14:20:15.6063703Z   ENABLE_CLOUD: false
2026-10-09T14:20:15.6064220Z   CREDENTIAL_VAULT_BACKEND: memory
2026-10-09T14:20:15.6064809Z   CREDENTIAL_VAULT_ALLOW_MEMORY_FALLBACK: true
2026-10-09T14:20:15.6065428Z   PYTHONDONTWRITEBYTECODE: 1
2026-10-09T14:20:15.6065934Z   HF_HUB_OFFLINE: 1
2026-10-09T14:20:15.6066388Z   TRANSFORMERS_OFFLINE: 1
2026-10-09T14:20:15.6066859Z ##[endgroup]
2026-10-09T14:20:15.7527699Z Syncing repository: 1785235376-blip/AI-Novel-Studio
2026-10-09T14:20:15.7529759Z ##[group]Getting Git version info
2026-10-09T14:20:15.7530573Z Working directory is 'D:\a\AI-Novel-Studio\AI-Novel-Studio'
2026-10-09T14:20:15.8629001Z [command]"C:\Program Files\Git\bin\git.exe" version
2026-10-09T14:20:16.2481463Z git version 2.56.0.windows.1
2026-10-09T14:20:16.2521475Z ##[endgroup]
2026-10-09T14:20:16.2540148Z Temporarily overriding HOME='D:\a\_temp\5059ccc9-34e7-499f-a6ca-eee44908e276' before making global git config changes
2026-10-09T14:20:16.2542586Z Adding repository directory to the temporary git global config as a safe directory
2026-10-09T14:20:16.2551838Z [command]"C:\Program Files\Git\bin\git.exe" config --global --add safe.directory D:\a\AI-Novel-Studio\AI-Novel-Studio
2026-10-09T14:20:16.3139240Z Deleting the contents of 'D:\a\AI-Novel-Studio\AI-Novel-Studio'
2026-10-09T14:20:16.3145641Z ##[group]Initializing the repository
2026-10-09T14:20:16.3155984Z [command]"C:\Program Files\Git\bin\git.exe" init D:\a\AI-Novel-Studio\AI-Novel-Studio
2026-10-09T14:20:16.4077119Z Initialized empty Git repository in D:/a/AI-Novel-Studio/AI-Novel-Studio/.git/
2026-10-09T14:20:16.4112698Z [command]"C:\Program Files\Git\bin\git.exe" remote add origin https://github.com/1785235376-blip/AI-Novel-Studio
2026-10-09T14:20:16.4714739Z ##[endgroup]
2026-10-09T14:20:16.4716389Z ##[group]Disabling automatic garbage collection
2026-10-09T14:20:16.4726718Z [command]"C:\Program Files\Git\bin\git.exe" config --local gc.auto 0
2026-10-09T14:20:16.5143577Z ##[endgroup]
2026-10-09T14:20:16.5145219Z ##[group]Setting up auth
2026-10-09T14:20:16.5147305Z [command]"C:\Program Files\Git\bin\git.exe" config --local --name-only --get-regexp core\.sshCommand
2026-10-09T14:20:16.5454769Z [command]"C:\Program Files\Git\bin\git.exe" submodule foreach --recursive "sh -c \"git config --local --name-only --get-regexp 'core\.sshCommand' && git config --local --unset-all 'core.sshCommand' || :\""
2026-10-09T14:20:18.0870329Z [command]"C:\Program Files\Git\bin\git.exe" config --local --name-only --get-regexp http\.https\:\/\/github\.com\/\.extraheader
2026-10-09T14:20:18.1158968Z [command]"C:\Program Files\Git\bin\git.exe" submodule foreach --recursive "sh -c \"git config --local --name-only --get-regexp 'http\.https\:\/\/github\.com\/\.extraheader' && git config --local --unset-all 'http.https://github.com/.extraheader' || :\""
2026-10-09T14:20:18.5917781Z [command]"C:\Program Files\Git\bin\git.exe" config --local http.https://github.com/.extraheader "AUTHORIZATION: basic ***"
2026-10-09T14:20:18.6212573Z ##[endgroup]
2026-10-09T14:20:18.6213662Z ##[group]Fetching the repository
2026-10-09T14:20:18.6229822Z [command]"C:\Program Files\Git\bin\git.exe" -c protocol.version=2 fetch --no-tags --prune --no-recurse-submodules --depth=1 origin +99c43b6892038233c390be2ae61acb669163d0b5:refs/remotes/origin/feature/v2-narrative-platform
2026-10-09T14:20:22.4796397Z From https://github.com/1785235376-blip/AI-Novel-Studio
2026-10-09T14:20:22.4797605Z  * [new ref]         99c43b6892038233c390be2ae61acb669163d0b5 -> origin/feature/v2-narrative-platform
2026-10-09T14:20:22.4827023Z ##[endgroup]
2026-10-09T14:20:22.4827789Z ##[group]Determining the checkout info
2026-10-09T14:20:22.4829711Z ##[endgroup]
2026-10-09T14:20:22.4839236Z [command]"C:\Program Files\Git\bin\git.exe" sparse-checkout disable
2026-10-09T14:20:22.5178575Z [command]"C:\Program Files\Git\bin\git.exe" config --local --unset-all extensions.worktreeConfig
2026-10-09T14:20:22.5497815Z ##[group]Checking out the ref
2026-10-09T14:20:22.5508148Z [command]"C:\Program Files\Git\bin\git.exe" checkout --progress --force -B feature/v2-narrative-platform refs/remotes/origin/feature/v2-narrative-platform
2026-10-09T14:20:23.5808698Z Updating files:  46% (1639/3530)
2026-10-09T14:20:23.5938362Z Updating files:  47% (1660/3530)
2026-10-09T14:20:23.6062543Z Updating files:  48% (1695/3530)
2026-10-09T14:20:23.6157254Z Updating files:  49% (1730/3530)
2026-10-09T14:20:23.6253312Z Updating files:  50% (1765/3530)
2026-10-09T14:20:23.6376522Z Updating files:  51% (1801/3530)
2026-10-09T14:20:23.6473415Z Updating files:  52% (1836/3530)
2026-10-09T14:20:23.6634538Z Updating files:  53% (1871/3530)
2026-10-09T14:20:23.6731819Z Updating files:  54% (1907/3530)
2026-10-09T14:20:23.6882415Z Updating files:  55% (1942/3530)
2026-10-09T14:20:23.6951306Z Updating files:  56% (1977/3530)
2026-10-09T14:20:23.7172065Z Updating files:  57% (2013/3530)
2026-10-09T14:20:23.7234580Z Updating files:  58% (2048/3530)
2026-10-09T14:20:23.7322863Z Updating files:  59% (2083/3530)
2026-10-09T14:20:23.7399181Z Updating files:  60% (2118/3530)
2026-10-09T14:20:23.7461433Z Updating files:  61% (2154/3530)
2026-10-09T14:20:23.7534295Z Updating files:  62% (2189/3530)
2026-10-09T14:20:23.7606762Z Updating files:  63% (2224/3530)
2026-10-09T14:20:23.7677171Z Updating files:  64% (2260/3530)
2026-10-09T14:20:23.7750382Z Updating files:  65% (2295/3530)
2026-10-09T14:20:23.7832585Z Updating files:  66% (2330/3530)
2026-10-09T14:20:23.7919894Z Updating files:  67% (2366/3530)
2026-10-09T14:20:23.7987544Z Updating files:  68% (2401/3530)
2026-10-09T14:20:23.8078291Z Updating files:  69% (2436/3530)
2026-10-09T14:20:23.8143559Z Updating files:  70% (2471/3530)
2026-10-09T14:20:23.8208984Z Updating files:  71% (2507/3530)
2026-10-09T14:20:23.8276697Z Updating files:  72% (2542/3530)
2026-10-09T14:20:23.8344022Z Updating files:  73% (2577/3530)
2026-10-09T14:20:23.8411922Z Updating files:  74% (2613/3530)
2026-10-09T14:20:23.8469725Z Updating files:  75% (2648/3530)
2026-10-09T14:20:23.8565513Z Updating files:  76% (2683/3530)
2026-10-09T14:20:23.8644173Z Updating files:  77% (2719/3530)
2026-10-09T14:20:23.8718304Z Updating files:  78% (2754/3530)
2026-10-09T14:20:23.8792787Z Updating files:  79% (2789/3530)
2026-10-09T14:20:23.8882898Z Updating files:  80% (2824/3530)
2026-10-09T14:20:23.8959118Z Updating files:  81% (2860/3530)
2026-10-09T14:20:23.9024285Z Updating files:  82% (2895/3530)
2026-10-09T14:20:23.9086544Z Updating files:  83% (2930/3530)
2026-10-09T14:20:23.9150666Z Updating files:  84% (2966/3530)
2026-10-09T14:20:23.9211039Z Updating files:  85% (3001/3530)
2026-10-09T14:20:23.9282854Z Updating files:  86% (3036/3530)
2026-10-09T14:20:23.9354520Z Updating files:  87% (3072/3530)
2026-10-09T14:20:23.9419249Z Updating files:  88% (3107/3530)
2026-10-09T14:20:23.9789857Z Updating files:  89% (3142/3530)
2026-10-09T14:20:23.9869396Z Updating files:  90% (3177/3530)
2026-10-09T14:20:23.9934093Z Updating files:  91% (3213/3530)
2026-10-09T14:20:24.0005197Z Updating files:  92% (3248/3530)
2026-10-09T14:20:24.0082043Z Updating files:  93% (3283/3530)
2026-10-09T14:20:24.0161100Z Updating files:  94% (3319/3530)
2026-10-09T14:20:24.0241495Z Updating files:  95% (3354/3530)
2026-10-09T14:20:24.0321926Z Updating files:  96% (3389/3530)
2026-10-09T14:20:24.0387929Z Updating files:  97% (3425/3530)
2026-10-09T14:20:24.0459239Z Updating files:  98% (3460/3530)
2026-10-09T14:20:24.0526560Z Updating files:  99% (3495/3530)
2026-10-09T14:20:24.0529914Z Updating files: 100% (3530/3530)
2026-10-09T14:20:24.0530364Z Updating files: 100% (3530/3530), done.
2026-10-09T14:20:24.0677418Z Switched to a new branch 'feature/v2-narrative-platform'
2026-10-09T14:20:24.0691283Z branch 'feature/v2-narrative-platform' set up to track 'origin/feature/v2-narrative-platform'.
2026-10-09T14:20:24.0787521Z ##[endgroup]
2026-10-09T14:20:24.1104917Z [command]"C:\Program Files\Git\bin\git.exe" log -1 --format=%H
2026-10-09T14:20:24.1374920Z 99c43b6892038233c390be2ae61acb669163d0b5
2026-10-09T14:20:24.1409528Z ##[group]Removing auth
2026-10-09T14:20:24.1418203Z [command]"C:\Program Files\Git\bin\git.exe" config --local --name-only --get-regexp core\.sshCommand
2026-10-09T14:20:24.1724621Z [command]"C:\Program Files\Git\bin\git.exe" submodule foreach --recursive "sh -c \"git config --local --name-only --get-regexp 'core\.sshCommand' && git config --local --unset-all 'core.sshCommand' || :\""
2026-10-09T14:20:24.6708040Z [command]"C:\Program Files\Git\bin\git.exe" config --local --name-only --get-regexp http\.https\:\/\/github\.com\/\.extraheader
2026-10-09T14:20:24.6975109Z http.https://github.com/.extraheader
2026-10-09T14:20:24.7010280Z [command]"C:\Program Files\Git\bin\git.exe" config --local --unset-all http.https://github.com/.extraheader
2026-10-09T14:20:24.7304396Z [command]"C:\Program Files\Git\bin\git.exe" submodule foreach --recursive "sh -c \"git config --local --name-only --get-regexp 'http\.https\:\/\/github\.com\/\.extraheader' && git config --local --unset-all 'http.https://github.com/.extraheader' || :\""
2026-10-09T14:20:25.2354761Z ##[endgroup]
2026-10-09T14:20:25.2728818Z ##[group]Run actions/setup-python@v5.6.0
2026-10-09T14:20:25.2729166Z with:
2026-10-09T14:20:25.2729357Z   python-version: 3.12.9
2026-10-09T14:20:25.2729577Z   check-latest: false
2026-10-09T14:20:25.2732035Z   token: ***
2026-10-09T14:20:25.2732232Z   update-environment: true
2026-10-09T14:20:25.2732453Z   allow-prereleases: false
2026-10-09T14:20:25.2732663Z   freethreaded: false
2026-10-09T14:20:25.2732842Z env:
2026-10-09T14:20:25.2732997Z   MOCK_PROVIDER: true
2026-10-09T14:20:25.2733188Z   MOCK_STREAM_DELAY_MS: 0
2026-10-09T14:20:25.2733401Z   ENABLE_CLOUD: false
2026-10-09T14:20:25.2733594Z   CREDENTIAL_VAULT_BACKEND: memory
2026-10-09T14:20:25.2733849Z   CREDENTIAL_VAULT_ALLOW_MEMORY_FALLBACK: true
2026-10-09T14:20:25.2734124Z   PYTHONDONTWRITEBYTECODE: 1
2026-10-09T14:20:25.2734340Z   HF_HUB_OFFLINE: 1
2026-10-09T14:20:25.2734523Z   TRANSFORMERS_OFFLINE: 1
2026-10-09T14:20:25.2734714Z ##[endgroup]
2026-10-09T14:20:25.4417159Z ##[group]Installed versions
2026-10-09T14:20:25.4432813Z Version 3.12.9 was not found in the local cache
2026-10-09T14:20:25.4624928Z (node:7628) [DEP0040] DeprecationWarning: The `punycode` module is deprecated. Please use a userland alternative instead.
2026-10-09T14:20:25.4626151Z (Use `node --trace-deprecation ...` to show where the warning was created)
2026-10-09T14:20:26.1423421Z Version 3.12.9 is available for downloading
2026-10-09T14:20:26.1425492Z Download from "https://github.com/actions/python-versions/releases/download/3.12.9-13149478207/python-3.12.9-win32-x64.zip"
2026-10-09T14:20:26.4941696Z Extract downloaded archive
2026-10-09T14:20:26.5908771Z [command]"C:\Program Files\PowerShell\7\pwsh.exe" -NoLogo -NoProfile -NonInteractive -ExecutionPolicy Unrestricted -Command "$ErrorActionPreference = 'Stop' ; try { Add-Type -AssemblyName System.IO.Compression.ZipFile } catch { } ; try { [System.IO.Compression.ZipFile]::ExtractToDirectory('D:\a\_temp\python-3.12.9-win32-x64.zip', 'D:\a\_temp\cfe850c7-dd77-49fd-bd5e-ec3eedb51f87', $true) } catch { if (($_.Exception.GetType().FullName -eq 'System.Management.Automation.MethodException') -or ($_.Exception.GetType().FullName -eq 'System.Management.Automation.RuntimeException') ){ Expand-Archive -LiteralPath 'D:\a\_temp\python-3.12.9-win32-x64.zip' -DestinationPath 'D:\a\_temp\cfe850c7-dd77-49fd-bd5e-ec3eedb51f87' -Force } else { throw $_ } } ;"
2026-10-09T14:20:27.0295660Z Execute installation script
2026-10-09T14:20:31.6359154Z Check if Python hostedtoolcache folder exist...
2026-10-09T14:20:31.6360074Z 
2026-10-09T14:20:31.6547381Z Check if current Python version is installed...
2026-10-09T14:20:31.6548000Z 
2026-10-09T14:20:31.6735127Z Python3.12 (x64) was found in C:\hostedtoolcache\windows\Python...
2026-10-09T14:20:31.6736013Z 
2026-10-09T14:20:31.7224275Z Deleting C:\hostedtoolcache\windows\Python\3.12.10\x64...
2026-10-09T14:20:31.7225165Z 
2026-10-09T14:20:37.2425451Z VERBOSE: Performing the operation "Remove File" on target "C:\hostedtoolcache\windows\Python\3.12.10\x64.complete".
2026-10-09T14:20:37.2426648Z 
2026-10-09T14:20:37.2436027Z Remove registry entries for Python 3.12(x64)...
2026-10-09T14:20:37.2436431Z 
2026-10-09T14:20:37.9793972Z VERBOSE: Performing the operation "Remove Key" on target "Item: 
2026-10-09T14:20:37.9795454Z HKEY_LOCAL_MACHINE\SOFTWARE\Microsoft\Windows\CurrentVersion\Installer\UserData\S-1-5-18\Products\06D3A4FE35A979641AD83
2026-10-09T14:20:37.9796445Z D53F358456E".
2026-10-09T14:20:37.9796626Z 
2026-10-09T14:20:37.9829642Z VERBOSE: Performing the operation "Remove Key" on target "Item: 
2026-10-09T14:20:37.9831429Z HKEY_LOCAL_MACHINE\SOFTWARE\Microsoft\Windows\CurrentVersion\Installer\UserData\S-1-5-18\Products\3661A0DCD2CDDB1498FA1
2026-10-09T14:20:37.9832358Z E80E9488122".
2026-10-09T14:20:37.9832535Z 
2026-10-09T14:20:37.9851256Z VERBOSE: Performing the operation "Remove Key" on target "Item: 
2026-10-09T14:20:37.9854966Z HKEY_LOCAL_MACHINE\SOFTWARE\Microsoft\Windows\CurrentVersion\Installer\UserData\S-1-5-18\Products\3865845730FE6E14FB121
2026-10-09T14:20:37.9855973Z D94614945C8".
2026-10-09T14:20:37.9856156Z 
2026-10-09T14:20:37.9881614Z VERBOSE: Performing the operation "Remove Key" on target "Item: 
2026-10-09T14:20:37.9882748Z HKEY_LOCAL_MACHINE\SOFTWARE\Microsoft\Windows\CurrentVersion\Installer\UserData\S-1-5-18\Products\795B21EDFB4DB1B4FBF55
2026-10-09T14:20:37.9883750Z CEC14FADBCF".
2026-10-09T14:20:37.9883936Z 
2026-10-09T14:20:37.9906982Z VERBOSE: Performing the operation "Remove Key" on target "Item: 
2026-10-09T14:20:37.9908127Z HKEY_LOCAL_MACHINE\SOFTWARE\Microsoft\Windows\CurrentVersion\Installer\UserData\S-1-5-18\Products\8843FD815422B2340A32A
2026-10-09T14:20:37.9909095Z 30AC5A2008C".
2026-10-09T14:20:37.9909274Z 
2026-10-09T14:20:37.9937285Z VERBOSE: Performing the operation "Remove Key" on target "Item: 
2026-10-09T14:20:37.9938438Z HKEY_LOCAL_MACHINE\SOFTWARE\Microsoft\Windows\CurrentVersion\Installer\UserData\S-1-5-18\Products\D3908510908FB5544992D
2026-10-09T14:20:37.9939374Z 6614A5B1D81".
2026-10-09T14:20:37.9939515Z 
2026-10-09T14:20:37.9965615Z VERBOSE: Performing the operation "Remove Key" on target "Item: 
2026-10-09T14:20:37.9966652Z HKEY_LOCAL_MACHINE\SOFTWARE\Microsoft\Windows\CurrentVersion\Installer\UserData\S-1-5-18\Products\FA171F1012F1E534EB4EC
2026-10-09T14:20:37.9967514Z F4C63C098C6".
2026-10-09T14:20:37.9967676Z 
2026-10-09T14:20:37.9986529Z VERBOSE: Performing the operation "Remove Key" on target "Item: 
2026-10-09T14:20:37.9987581Z HKEY_LOCAL_MACHINE\SOFTWARE\Microsoft\Windows\CurrentVersion\Installer\UserData\S-1-5-18\Products\FE9C90D9C75AA2247BA9C
2026-10-09T14:20:37.9988467Z C29029756A3".
2026-10-09T14:20:37.9988633Z 
2026-10-09T14:20:38.0192324Z VERBOSE: Performing the operation "Remove Key" on target "Item: 
2026-10-09T14:20:38.0193209Z HKEY_CLASSES_ROOT\Installer\Products\06D3A4FE35A979641AD83D53F358456E".
2026-10-09T14:20:38.0193649Z 
2026-10-09T14:20:38.0661554Z VERBOSE: Performing the operation "Remove Key" on target "Item: 
2026-10-09T14:20:38.0662595Z HKEY_CLASSES_ROOT\Installer\Products\3661A0DCD2CDDB1498FA1E80E9488122".
2026-10-09T14:20:38.0663067Z 
2026-10-09T14:20:38.0694675Z VERBOSE: Performing the operation "Remove Key" on target "Item: 
2026-10-09T14:20:38.0695703Z HKEY_CLASSES_ROOT\Installer\Products\3865845730FE6E14FB121D94614945C8".
2026-10-09T14:20:38.0696193Z 
2026-10-09T14:20:38.1191753Z VERBOSE: Performing the operation "Remove Key" on target "Item: 
2026-10-09T14:20:38.1193040Z HKEY_CLASSES_ROOT\Installer\Products\795B21EDFB4DB1B4FBF55CEC14FADBCF".
2026-10-09T14:20:38.1193774Z 
2026-10-09T14:20:38.1308997Z VERBOSE: Performing the operation "Remove Key" on target "Item: 
2026-10-09T14:20:38.1309747Z HKEY_CLASSES_ROOT\Installer\Products\8843FD815422B2340A32A30AC5A2008C".
2026-10-09T14:20:38.1310224Z 
2026-10-09T14:20:38.1922647Z VERBOSE: Performing the operation "Remove Key" on target "Item: 
2026-10-09T14:20:38.1923538Z HKEY_CLASSES_ROOT\Installer\Products\D3908510908FB5544992D6614A5B1D81".
2026-10-09T14:20:38.1923852Z 
2026-10-09T14:20:38.2217862Z VERBOSE: Performing the operation "Remove Key" on target "Item: 
2026-10-09T14:20:38.2218857Z HKEY_CLASSES_ROOT\Installer\Products\FA171F1012F1E534EB4ECF4C63C098C6".
2026-10-09T14:20:38.2219237Z 
2026-10-09T14:20:38.2265667Z VERBOSE: Performing the operation "Remove Key" on target "Item: 
2026-10-09T14:20:38.2266488Z HKEY_CLASSES_ROOT\Installer\Products\FE9C90D9C75AA2247BA9CC29029756A3".
2026-10-09T14:20:38.2267012Z 
2026-10-09T14:20:38.2443623Z VERBOSE: Performing the operation "Remove Key" on target "Item: 
2026-10-09T14:20:38.2444645Z HKEY_LOCAL_MACHINE\Software\Microsoft\Windows\CurrentVersion\Uninstall\{0158093D-F809-455B-9429-6D16A4B5D118}".
2026-10-09T14:20:38.2446507Z 
2026-10-09T14:20:38.2463892Z VERBOSE: Performing the operation "Remove Key" on target "Item: 
2026-10-09T14:20:38.2464937Z HKEY_LOCAL_MACHINE\Software\Microsoft\Windows\CurrentVersion\Uninstall\{01F171AF-1F21-435E-BEE4-FCC4360C896C}".
2026-10-09T14:20:38.2465735Z 
2026-10-09T14:20:38.2540841Z VERBOSE: Performing the operation "Remove Key" on target "Item: 
2026-10-09T14:20:38.2541940Z HKEY_LOCAL_MACHINE\Software\Microsoft\Windows\CurrentVersion\Uninstall\{18DF3488-2245-432B-A023-3AA05C2A00C8}".
2026-10-09T14:20:38.2542718Z 
2026-10-09T14:20:38.2695766Z VERBOSE: Performing the operation "Remove Key" on target "Item: 
2026-10-09T14:20:38.2696832Z HKEY_LOCAL_MACHINE\Software\Microsoft\Windows\CurrentVersion\Uninstall\{75485683-EF03-41E6-BF21-D1491694548C}".
2026-10-09T14:20:38.2697290Z 
2026-10-09T14:20:38.2808504Z VERBOSE: Performing the operation "Remove Key" on target "Item: 
2026-10-09T14:20:38.2810373Z HKEY_LOCAL_MACHINE\Software\Microsoft\Windows\CurrentVersion\Uninstall\{9D09C9EF-A57C-422A-B79A-CC922079653A}".
2026-10-09T14:20:38.2811066Z 
2026-10-09T14:20:38.2992401Z VERBOSE: Performing the operation "Remove Key" on target "Item: 
2026-10-09T14:20:38.2993436Z HKEY_LOCAL_MACHINE\Software\Microsoft\Windows\CurrentVersion\Uninstall\{CD0A1663-DC2D-41BD-89AF-E1089E841822}".
2026-10-09T14:20:38.2994212Z 
2026-10-09T14:20:38.3051054Z VERBOSE: Performing the operation "Remove Key" on target "Item: 
2026-10-09T14:20:38.3052375Z HKEY_LOCAL_MACHINE\Software\Microsoft\Windows\CurrentVersion\Uninstall\{DE12B597-D4BF-4B1B-BF5F-C5CE41AFBDFC}".
2026-10-09T14:20:38.3053174Z 
2026-10-09T14:20:38.3092262Z VERBOSE: Performing the operation "Remove Key" on target "Item: 
2026-10-09T14:20:38.3093284Z HKEY_LOCAL_MACHINE\Software\Microsoft\Windows\CurrentVersion\Uninstall\{EF4A3D60-9A53-4697-A18D-D3353F8554E6}".
2026-10-09T14:20:38.3094058Z 
2026-10-09T14:20:38.4048835Z Create Python 3.12.9 folder in C:\hostedtoolcache\windows\Python
2026-10-09T14:20:38.4049383Z 
2026-10-09T14:20:38.4148380Z Copy Python binaries to C:\hostedtoolcache\windows\Python\3.12.9\x64
2026-10-09T14:20:38.4148934Z 
2026-10-09T14:20:38.4271027Z Install Python 3.12.9 in C:\hostedtoolcache\windows\Python...
2026-10-09T14:20:38.4271525Z 
2026-10-09T14:21:11.0725503Z Create python3 symlink
2026-10-09T14:21:11.0726381Z 
2026-10-09T14:21:11.1368807Z 
2026-10-09T14:21:11.1369778Z 
2026-10-09T14:21:11.1375362Z Directory: C:\hostedtoolcache\windows\Python\3.12.9\x64
2026-10-09T14:21:11.1375871Z 
2026-10-09T14:21:11.1376799Z 
2026-10-09T14:21:11.1389786Z Mode                 LastWriteTime         Length Name
2026-10-09T14:21:11.1396231Z ----                 -------------         ------ ----
2026-10-09T14:21:11.1413127Z -a---l         10/9/2026   2:21 PM              0 python3.exe
2026-10-09T14:21:11.1422202Z Install and upgrade Pip
2026-10-09T14:21:11.1424291Z 
2026-10-09T14:21:13.8769358Z Looking in links: c:\Users\RUNNER~1\AppData\Local\Temp\tmp4fatc36j
2026-10-09T14:21:13.8774130Z Requirement already satisfied: pip in c:\hostedtoolcache\windows\python\3.12.9\x64\lib\site-packages (24.3.1)
2026-10-09T14:21:15.4848017Z Collecting pip
2026-10-09T14:21:15.5103958Z Downloading pip-26.2.1-py3-none-any.whl.metadata (4.6 kB)
2026-10-09T14:21:15.5371603Z Downloading pip-26.2.1-py3-none-any.whl (1.8 MB)
2026-10-09T14:21:15.5839735Z 
2026-10-09T14:21:15.5841643Z ---------------------------------------- 1.8/1.8 MB 33.1 MB/s eta
2026-10-09T14:21:15.5842225Z 0:00:00
2026-10-09T14:21:15.5842924Z 
2026-10-09T14:21:15.6164400Z Installing collected packages: pip
2026-10-09T14:21:15.6164953Z Attempting uninstall: pip
2026-10-09T14:21:15.6195459Z Found existing installation: pip 24.3.1
2026-10-09T14:21:15.7099935Z Uninstalling pip-24.3.1:
2026-10-09T14:21:15.7273197Z Successfully uninstalled pip-24.3.1
2026-10-09T14:21:18.1517582Z Successfully installed pip-26.2.1
2026-10-09T14:21:18.4397538Z Create complete file
2026-10-09T14:21:18.4398212Z 
2026-10-09T14:21:18.4412747Z 
2026-10-09T14:21:18.4413312Z 
2026-10-09T14:21:18.4907558Z Successfully set up CPython (3.12.9)
2026-10-09T14:21:18.4908246Z ##[endgroup]
2026-10-09T14:21:18.5214046Z ##[group]Run actions/setup-node@v4.4.0
2026-10-09T14:21:18.5214378Z with:
2026-10-09T14:21:18.5214561Z   node-version: 22.14.0
2026-10-09T14:21:18.5214768Z   always-auth: false
2026-10-09T14:21:18.5214965Z   check-latest: false
2026-10-09T14:21:18.5217260Z   token: ***
2026-10-09T14:21:18.5217433Z env:
2026-10-09T14:21:18.5217597Z   MOCK_PROVIDER: true
2026-10-09T14:21:18.5217797Z   MOCK_STREAM_DELAY_MS: 0
2026-10-09T14:21:18.5218001Z   ENABLE_CLOUD: false
2026-10-09T14:21:18.5218207Z   CREDENTIAL_VAULT_BACKEND: memory
2026-10-09T14:21:18.5218487Z   CREDENTIAL_VAULT_ALLOW_MEMORY_FALLBACK: true
2026-10-09T14:21:18.5218771Z   PYTHONDONTWRITEBYTECODE: 1
2026-10-09T14:21:18.5218987Z   HF_HUB_OFFLINE: 1
2026-10-09T14:21:18.5219175Z   TRANSFORMERS_OFFLINE: 1
2026-10-09T14:21:18.5219474Z   pythonLocation: C:\hostedtoolcache\windows\Python\3.12.9\x64
2026-10-09T14:21:18.5219926Z   PKG_CONFIG_PATH: C:\hostedtoolcache\windows\Python\3.12.9\x64/lib/pkgconfig
2026-10-09T14:21:18.5220395Z   Python_ROOT_DIR: C:\hostedtoolcache\windows\Python\3.12.9\x64
2026-10-09T14:21:18.5220783Z   Python2_ROOT_DIR: C:\hostedtoolcache\windows\Python\3.12.9\x64
2026-10-09T14:21:18.5221154Z   Python3_ROOT_DIR: C:\hostedtoolcache\windows\Python\3.12.9\x64
2026-10-09T14:21:18.5221452Z ##[endgroup]
2026-10-09T14:21:18.7077464Z Attempting to download 22.14.0...
2026-10-09T14:21:18.7327862Z (node:3408) [DEP0040] DeprecationWarning: The `punycode` module is deprecated. Please use a userland alternative instead.
2026-10-09T14:21:18.7329163Z (Use `node --trace-deprecation ...` to show where the warning was created)
2026-10-09T14:21:19.7726221Z Acquiring 22.14.0 - x64 from https://github.com/actions/node-versions/releases/download/22.14.0-13265982013/node-22.14.0-win32-x64.7z
2026-10-09T14:21:20.0756017Z Extracting ...
2026-10-09T14:21:22.0814274Z Adding to the cache ...
2026-10-09T14:21:27.2143223Z ##[group]Environment details
2026-10-09T14:21:28.8415185Z node: v22.14.0
2026-10-09T14:21:28.8415529Z npm: 10.9.2
2026-10-09T14:21:28.8415824Z yarn: 1.22.22
2026-10-09T14:21:28.8416734Z ##[endgroup]
2026-10-09T14:21:28.8673456Z ##[group]Run actions/setup-dotnet@v4
2026-10-09T14:21:28.8673800Z with:
2026-10-09T14:21:28.8673985Z   dotnet-version: 8.0.424
2026-10-09T14:21:28.8674199Z   cache: false
2026-10-09T14:21:28.8674369Z env:
2026-10-09T14:21:28.8674537Z   MOCK_PROVIDER: true
2026-10-09T14:21:28.8674736Z   MOCK_STREAM_DELAY_MS: 0
2026-10-09T14:21:28.8674940Z   ENABLE_CLOUD: false
2026-10-09T14:21:28.8675138Z   CREDENTIAL_VAULT_BACKEND: memory
2026-10-09T14:21:28.8675400Z   CREDENTIAL_VAULT_ALLOW_MEMORY_FALLBACK: true
2026-10-09T14:21:28.8675691Z   PYTHONDONTWRITEBYTECODE: 1
2026-10-09T14:21:28.8675910Z   HF_HUB_OFFLINE: 1
2026-10-09T14:21:28.8676094Z   TRANSFORMERS_OFFLINE: 1
2026-10-09T14:21:28.8676391Z   pythonLocation: C:\hostedtoolcache\windows\Python\3.12.9\x64
2026-10-09T14:21:28.8676820Z   PKG_CONFIG_PATH: C:\hostedtoolcache\windows\Python\3.12.9\x64/lib/pkgconfig
2026-10-09T14:21:28.8677249Z   Python_ROOT_DIR: C:\hostedtoolcache\windows\Python\3.12.9\x64
2026-10-09T14:21:28.8677673Z   Python2_ROOT_DIR: C:\hostedtoolcache\windows\Python\3.12.9\x64
2026-10-09T14:21:28.8678062Z   Python3_ROOT_DIR: C:\hostedtoolcache\windows\Python\3.12.9\x64
2026-10-09T14:21:28.8678364Z ##[endgroup]
2026-10-09T14:21:29.0328434Z (node:7752) [DEP0040] DeprecationWarning: The `punycode` module is deprecated. Please use a userland alternative instead.
2026-10-09T14:21:29.0329247Z (Use `node --trace-deprecation ...` to show where the warning was created)
2026-10-09T14:21:29.1258059Z [command]"C:\Program Files\PowerShell\7\pwsh.exe" -NoLogo -Sta -NoProfile -NonInteractive -ExecutionPolicy Unrestricted -Command & 'D:\a\_actions\actions\setup-dotnet\v4\externals\install-dotnet.ps1' -SkipNonVersionedFiles -Runtime dotnet -Channel LTS
2026-10-09T14:21:30.3278906Z dotnet-install: .NET Core Runtime with version '10.0.12' is already installed.
2026-10-09T14:21:30.4781694Z [command]"C:\Program Files\PowerShell\7\pwsh.exe" -NoLogo -Sta -NoProfile -NonInteractive -ExecutionPolicy Unrestricted -Command & 'D:\a\_actions\actions\setup-dotnet\v4\externals\install-dotnet.ps1' -SkipNonVersionedFiles -Version 8.0.424
2026-10-09T14:21:37.6176264Z dotnet-install: Downloaded file https://builds.dotnet.microsoft.com/dotnet/Sdk/8.0.424/dotnet-sdk-8.0.424-win-x64.zip size is 285090820 bytes.
2026-10-09T14:21:37.6183322Z dotnet-install: Either downloaded or local package size can not be measured. One of them may be corrupted.
2026-10-09T14:21:37.6213438Z dotnet-install: Extracting the archive.
2026-10-09T14:21:54.3601421Z dotnet-install: Note that the script does not ensure your Windows version is supported during the installation.
2026-10-09T14:21:54.3606169Z dotnet-install: To check the list of supported versions, go to https://learn.microsoft.com/dotnet/core/install/windows#supported-versions
2026-10-09T14:21:54.3613182Z dotnet-install: Installed version is 8.0.424
2026-10-09T14:21:54.3619374Z dotnet-install: Installation finished
2026-10-09T14:21:54.4215694Z ##[group]Run if ((dotnet --version).Trim() -ne '8.0.424') { throw 'Wrong .NET SDK selected' }
2026-10-09T14:21:54.4216404Z [36;1mif ((dotnet --version).Trim() -ne '8.0.424') { throw 'Wrong .NET SDK selected' }[0m
2026-10-09T14:21:54.4216914Z [36;1m$sandbox = Join-Path $env:RUNNER_TEMP 'r2-complete-package'[0m
2026-10-09T14:21:54.4217505Z [36;1mNew-Item -ItemType Directory -Force -Path $sandbox, "$sandbox/receipts", "$sandbox/data" | Out-Null[0m
2026-10-09T14:21:54.4218133Z [36;1m"R2_PACKAGE_ROOT=$sandbox" | Out-File $env:GITHUB_ENV -Append -Encoding utf8[0m
2026-10-09T14:21:54.4218667Z [36;1m"NOVEL_DATA_PATH=$sandbox/data" | Out-File $env:GITHUB_ENV -Append -Encoding utf8[0m
2026-10-09T14:21:54.4219180Z [36;1m"STORAGE_BACKEND=file" | Out-File $env:GITHUB_ENV -Append -Encoding utf8[0m
2026-10-09T14:21:54.4219733Z [36;1m"PROJECT_ROOT=$env:GITHUB_WORKSPACE" | Out-File $env:GITHUB_ENV -Append -Encoding utf8[0m
2026-10-09T14:21:54.4220379Z [36;1m"checked_out_sha=$(git rev-parse HEAD)" | Out-File "$sandbox/receipts/revision.txt" -Encoding utf8[0m
2026-10-09T14:21:54.4221005Z [36;1m"sdk=$(dotnet --version)" | Out-File "$sandbox/receipts/revision.txt" -Append -Encoding utf8[0m
2026-10-09T14:21:54.4221917Z [36;1m"scope=Fresh native base smoke; interactive DesktopHost/IME/install/upgrade/signing/user acceptance NOT_RUN" | Out-File "$sandbox/receipts/revision.txt" -Append -Encoding utf8[0m
2026-10-09T14:21:54.4266208Z shell: C:\Program Files\PowerShell\7\pwsh.EXE -command ". '{0}'"
2026-10-09T14:21:54.4266554Z env:
2026-10-09T14:21:54.4266726Z   MOCK_PROVIDER: true
2026-10-09T14:21:54.4266926Z   MOCK_STREAM_DELAY_MS: 0
2026-10-09T14:21:54.4267129Z   ENABLE_CLOUD: false
2026-10-09T14:21:54.4267336Z   CREDENTIAL_VAULT_BACKEND: memory
2026-10-09T14:21:54.4267620Z   CREDENTIAL_VAULT_ALLOW_MEMORY_FALLBACK: true
2026-10-09T14:21:54.4267908Z   PYTHONDONTWRITEBYTECODE: 1
2026-10-09T14:21:54.4268123Z   HF_HUB_OFFLINE: 1
2026-10-09T14:21:54.4268317Z   TRANSFORMERS_OFFLINE: 1
2026-10-09T14:21:54.4268595Z   pythonLocation: C:\hostedtoolcache\windows\Python\3.12.9\x64
2026-10-09T14:21:54.4269032Z   PKG_CONFIG_PATH: C:\hostedtoolcache\windows\Python\3.12.9\x64/lib/pkgconfig
2026-10-09T14:21:54.4269468Z   Python_ROOT_DIR: C:\hostedtoolcache\windows\Python\3.12.9\x64
2026-10-09T14:21:54.4269851Z   Python2_ROOT_DIR: C:\hostedtoolcache\windows\Python\3.12.9\x64
2026-10-09T14:21:54.4270232Z   Python3_ROOT_DIR: C:\hostedtoolcache\windows\Python\3.12.9\x64
2026-10-09T14:21:54.4270558Z   DOTNET_ROOT: C:\Program Files\dotnet
2026-10-09T14:21:54.4270798Z ##[endgroup]
2026-10-09T14:21:58.0495722Z ##[group]Run python -m pip install -c .github/ci/python-constraints.txt -e '.[dev,fontbuild]'
2026-10-09T14:21:58.0496473Z [36;1mpython -m pip install -c .github/ci/python-constraints.txt -e '.[dev,fontbuild]'[0m
2026-10-09T14:21:58.0497164Z [36;1mif ($LASTEXITCODE -ne 0) { exit $LASTEXITCODE }[0m
2026-10-09T14:21:58.0497496Z [36;1mnpm install --global pnpm@10.6.5[0m
2026-10-09T14:21:58.0497837Z [36;1mif ($LASTEXITCODE -ne 0) { exit $LASTEXITCODE }[0m
2026-10-09T14:21:58.0498195Z [36;1mpnpm --dir frontend install --frozen-lockfile[0m
2026-10-09T14:21:58.0498512Z [36;1mexit $LASTEXITCODE[0m
2026-10-09T14:21:58.0538858Z shell: C:\Program Files\PowerShell\7\pwsh.EXE -command ". '{0}'"
2026-10-09T14:21:58.0539205Z env:
2026-10-09T14:21:58.0539379Z   MOCK_PROVIDER: true
2026-10-09T14:21:58.0539586Z   MOCK_STREAM_DELAY_MS: 0
2026-10-09T14:21:58.0539794Z   ENABLE_CLOUD: false
2026-10-09T14:21:58.0539999Z   CREDENTIAL_VAULT_BACKEND: memory
2026-10-09T14:21:58.0540317Z   CREDENTIAL_VAULT_ALLOW_MEMORY_FALLBACK: true
2026-10-09T14:21:58.0540615Z   PYTHONDONTWRITEBYTECODE: 1
2026-10-09T14:21:58.0540839Z   HF_HUB_OFFLINE: 1
2026-10-09T14:21:58.0541036Z   TRANSFORMERS_OFFLINE: 1
2026-10-09T14:21:58.0541321Z   pythonLocation: C:\hostedtoolcache\windows\Python\3.12.9\x64
2026-10-09T14:21:58.0541752Z   PKG_CONFIG_PATH: C:\hostedtoolcache\windows\Python\3.12.9\x64/lib/pkgconfig
2026-10-09T14:21:58.0542192Z   Python_ROOT_DIR: C:\hostedtoolcache\windows\Python\3.12.9\x64
2026-10-09T14:21:58.0542587Z   Python2_ROOT_DIR: C:\hostedtoolcache\windows\Python\3.12.9\x64
2026-10-09T14:21:58.0542977Z   Python3_ROOT_DIR: C:\hostedtoolcache\windows\Python\3.12.9\x64
2026-10-09T14:21:58.0543303Z   DOTNET_ROOT: C:\Program Files\dotnet
2026-10-09T14:21:58.0543587Z   R2_PACKAGE_ROOT: D:\a\_temp\r2-complete-package
2026-10-09T14:21:58.0543917Z   NOVEL_DATA_PATH: D:\a\_temp\r2-complete-package/data
2026-10-09T14:21:58.0544205Z   STORAGE_BACKEND: file
2026-10-09T14:21:58.0544452Z   PROJECT_ROOT: D:\a\AI-Novel-Studio\AI-Novel-Studio
2026-10-09T14:21:58.0544732Z ##[endgroup]
2026-10-09T14:21:59.3935942Z Obtaining file:///D:/a/AI-Novel-Studio/AI-Novel-Studio
2026-10-09T14:21:59.3972091Z   Installing build dependencies: started
2026-10-09T14:22:01.6677959Z   Installing build dependencies: finished with status 'done'
2026-10-09T14:22:01.6694843Z   Checking if build backend supports build_editable: started
2026-10-09T14:22:02.0739599Z   Checking if build backend supports build_editable: finished with status 'done'
2026-10-09T14:22:02.0765488Z   Getting requirements to build editable: started
2026-10-09T14:22:02.7426523Z   Getting requirements to build editable: finished with status 'done'
2026-10-09T14:22:02.7455714Z   Preparing editable metadata (pyproject.toml): started
2026-10-09T14:22:03.4363546Z   Preparing editable metadata (pyproject.toml): finished with status 'done'
2026-10-09T14:22:03.7632506Z Collecting fastapi<1,>=0.115 (from ai-novel-studio==0.7.0)
2026-10-09T14:22:03.9265485Z   Downloading fastapi-0.142.2-py3-none-any.whl.metadata (27 kB)
2026-10-09T14:22:04.0170289Z Collecting uvicorn<1,>=0.30 (from ai-novel-studio==0.7.0)
2026-10-09T14:22:04.0231378Z   Downloading uvicorn-0.54.0-py3-none-any.whl.metadata (6.6 kB)
2026-10-09T14:22:04.0798161Z Collecting psycopg<4,>=3.2 (from psycopg[binary]<4,>=3.2->ai-novel-studio==0.7.0)
2026-10-09T14:22:04.0853126Z   Downloading psycopg-3.3.6-py3-none-any.whl.metadata (4.4 kB)
2026-10-09T14:22:04.4397403Z Collecting sqlalchemy<3,>=2.0 (from ai-novel-studio==0.7.0)
2026-10-09T14:22:04.4466630Z   Downloading sqlalchemy-2.1.3-cp312-cp312-win_amd64.whl.metadata (9.9 kB)
2026-10-09T14:22:04.5068386Z Collecting httpx<1,>=0.27 (from ai-novel-studio==0.7.0)
2026-10-09T14:22:04.5118783Z   Downloading httpx-0.28.1-py3-none-any.whl.metadata (7.1 kB)
2026-10-09T14:22:04.5611425Z Collecting pydantic-settings<3,>=2.6 (from ai-novel-studio==0.7.0)
2026-10-09T14:22:04.5691185Z   Downloading pydantic_settings-2.15.0-py3-none-any.whl.metadata (3.9 kB)
2026-10-09T14:22:04.7136556Z Collecting reportlab<5,>=4.0 (from ai-novel-studio==0.7.0)
2026-10-09T14:22:04.7186416Z   Downloading reportlab-4.5.1-py3-none-any.whl.metadata (1.7 kB)
2026-10-09T14:22:04.7740531Z Collecting pypdf==6.19.0 (from ai-novel-studio==0.7.0)
2026-10-09T14:22:04.7787301Z   Downloading pypdf-6.19.0-py3-none-any.whl.metadata (7.5 kB)
2026-10-09T14:22:04.8396781Z Collecting jsonschema<5,>=4.18 (from ai-novel-studio==0.7.0)
2026-10-09T14:22:04.8445110Z   Downloading jsonschema-4.26.0-py3-none-any.whl.metadata (7.6 kB)
2026-10-09T14:22:04.9734419Z Collecting pytest<9,>=8 (from ai-novel-studio==0.7.0)
2026-10-09T14:22:04.9783734Z   Downloading pytest-8.4.2-py3-none-any.whl.metadata (7.7 kB)
2026-10-09T14:22:05.1650676Z Collecting fonttools==4.59.1 (from ai-novel-studio==0.7.0)
2026-10-09T14:22:05.1729762Z   Downloading fonttools-4.59.1-cp312-cp312-win_amd64.whl.metadata (111 kB)
2026-10-09T14:22:05.2577104Z Collecting starlette>=0.46.0 (from fastapi<1,>=0.115->ai-novel-studio==0.7.0)
2026-10-09T14:22:05.2630848Z   Downloading starlette-1.7.0-py3-none-any.whl.metadata (6.6 kB)
2026-10-09T14:22:05.4238206Z Collecting pydantic>=2.9.0 (from fastapi<1,>=0.115->ai-novel-studio==0.7.0)
2026-10-09T14:22:05.4288978Z   Downloading pydantic-2.13.5-py3-none-any.whl.metadata (110 kB)
2026-10-09T14:22:05.4946666Z Collecting typing-extensions>=4.8.0 (from fastapi<1,>=0.115->ai-novel-studio==0.7.0)
2026-10-09T14:22:05.5001194Z   Downloading typing_extensions-4.16.0-py3-none-any.whl.metadata (3.3 kB)
2026-10-09T14:22:05.5541470Z Collecting typing-inspection>=0.4.2 (from fastapi<1,>=0.115->ai-novel-studio==0.7.0)
2026-10-09T14:22:05.5636879Z   Downloading typing_inspection-0.4.4-py3-none-any.whl.metadata (2.6 kB)
2026-10-09T14:22:05.6155158Z Collecting annotated-doc>=0.0.2 (from fastapi<1,>=0.115->ai-novel-studio==0.7.0)
2026-10-09T14:22:05.6201579Z   Downloading annotated_doc-0.0.5-py3-none-any.whl.metadata (6.5 kB)
2026-10-09T14:22:05.6788442Z Collecting opentelemetry-api>=1.44.0 (from fastapi<1,>=0.115->ai-novel-studio==0.7.0)
2026-10-09T14:22:05.6839563Z   Downloading opentelemetry_api-1.45.0-py3-none-any.whl.metadata (1.4 kB)
2026-10-09T14:22:05.7405114Z Collecting anyio (from httpx<1,>=0.27->ai-novel-studio==0.7.0)
2026-10-09T14:22:05.7461728Z   Downloading anyio-4.15.1-py3-none-any.whl.metadata (4.7 kB)
2026-10-09T14:22:05.8003548Z Collecting certifi (from httpx<1,>=0.27->ai-novel-studio==0.7.0)
2026-10-09T14:22:05.8053344Z   Downloading certifi-2026.7.22-py3-none-any.whl.metadata (2.5 kB)
2026-10-09T14:22:05.8584250Z Collecting httpcore==1.* (from httpx<1,>=0.27->ai-novel-studio==0.7.0)
2026-10-09T14:22:05.8638584Z   Downloading httpcore-1.0.9-py3-none-any.whl.metadata (21 kB)
2026-10-09T14:22:05.9102645Z Collecting idna (from httpx<1,>=0.27->ai-novel-studio==0.7.0)
2026-10-09T14:22:05.9147955Z   Downloading idna-3.20-py3-none-any.whl.metadata (7.2 kB)
2026-10-09T14:22:05.9608724Z Collecting h11>=0.16 (from httpcore==1.*->httpx<1,>=0.27->ai-novel-studio==0.7.0)
2026-10-09T14:22:05.9660186Z   Downloading h11-0.16.0-py3-none-any.whl.metadata (8.3 kB)
2026-10-09T14:22:06.0164203Z Collecting attrs>=22.2.0 (from jsonschema<5,>=4.18->ai-novel-studio==0.7.0)
2026-10-09T14:22:06.0256862Z   Downloading attrs-26.1.0-py3-none-any.whl.metadata (8.8 kB)
2026-10-09T14:22:06.0754774Z Collecting jsonschema-specifications>=2023.03.6 (from jsonschema<5,>=4.18->ai-novel-studio==0.7.0)
2026-10-09T14:22:06.0808715Z   Downloading jsonschema_specifications-2025.9.1-py3-none-any.whl.metadata (2.9 kB)
2026-10-09T14:22:06.1382430Z Collecting referencing>=0.28.4 (from jsonschema<5,>=4.18->ai-novel-studio==0.7.0)
2026-10-09T14:22:06.1445600Z   Downloading referencing-0.37.0-py3-none-any.whl.metadata (2.8 kB)
2026-10-09T14:22:06.4573119Z Collecting rpds-py>=0.25.0 (from jsonschema<5,>=4.18->ai-novel-studio==0.7.0)
2026-10-09T14:22:06.4632690Z   Downloading rpds_py-2026.9.1-cp312-cp312-win_amd64.whl.metadata (4.2 kB)
2026-10-09T14:22:06.5145116Z Collecting tzdata (from psycopg<4,>=3.2->psycopg[binary]<4,>=3.2->ai-novel-studio==0.7.0)
2026-10-09T14:22:06.5188457Z   Downloading tzdata-2026.5-py2.py3-none-any.whl.metadata (1.4 kB)
2026-10-09T14:22:06.7238943Z Collecting psycopg-binary==3.3.6 (from psycopg[binary]<4,>=3.2->ai-novel-studio==0.7.0)
2026-10-09T14:22:06.7306432Z   Downloading psycopg_binary-3.3.6-cp312-cp312-win_amd64.whl.metadata (2.8 kB)
2026-10-09T14:22:06.7858176Z Collecting python-dotenv>=0.21.0 (from pydantic-settings<3,>=2.6->ai-novel-studio==0.7.0)
2026-10-09T14:22:06.7914488Z   Downloading python_dotenv-1.2.4-py3-none-any.whl.metadata (29 kB)
2026-10-09T14:22:06.8483880Z Collecting colorama>=0.4 (from pytest<9,>=8->ai-novel-studio==0.7.0)
2026-10-09T14:22:06.8534041Z   Downloading colorama-0.4.6-py2.py3-none-any.whl.metadata (17 kB)
2026-10-09T14:22:06.9061693Z Collecting iniconfig>=1 (from pytest<9,>=8->ai-novel-studio==0.7.0)
2026-10-09T14:22:06.9108517Z   Downloading iniconfig-2.3.0-py3-none-any.whl.metadata (2.5 kB)
2026-10-09T14:22:06.9798162Z Collecting packaging>=20 (from pytest<9,>=8->ai-novel-studio==0.7.0)
2026-10-09T14:22:06.9867264Z   Downloading packaging-26.3-py3-none-any.whl.metadata (3.5 kB)
2026-10-09T14:22:07.0346734Z Collecting pluggy<2,>=1.5 (from pytest<9,>=8->ai-novel-studio==0.7.0)
2026-10-09T14:22:07.0399299Z   Downloading pluggy-1.6.0-py3-none-any.whl.metadata (4.8 kB)
2026-10-09T14:22:07.0949722Z Collecting pygments>=2.7.2 (from pytest<9,>=8->ai-novel-studio==0.7.0)
2026-10-09T14:22:07.0997464Z   Downloading pygments-2.21.0-py3-none-any.whl.metadata (2.5 kB)
2026-10-09T14:22:07.3277926Z Collecting pillow>=9.0.0 (from reportlab<5,>=4.0->ai-novel-studio==0.7.0)
2026-10-09T14:22:07.3329353Z   Downloading pillow-12.3.0-cp312-cp312-win_amd64.whl.metadata (9.3 kB)
2026-10-09T14:22:07.5036151Z Collecting charset-normalizer (from reportlab<5,>=4.0->ai-novel-studio==0.7.0)
2026-10-09T14:22:07.5092991Z   Downloading charset_normalizer-3.5.2-cp312-cp312-win_amd64.whl.metadata (47 kB)
2026-10-09T14:22:07.5668104Z Collecting click>=7.0 (from uvicorn<1,>=0.30->ai-novel-studio==0.7.0)
2026-10-09T14:22:07.5717560Z   Downloading click-8.5.0-py3-none-any.whl.metadata (2.6 kB)
2026-10-09T14:22:08.3037275Z Collecting annotated-types>=0.6.0 (from pydantic>=2.9.0->fastapi<1,>=0.115->ai-novel-studio==0.7.0)
2026-10-09T14:22:08.3087315Z   Downloading annotated_types-0.8.0-py3-none-any.whl.metadata (15 kB)
2026-10-09T14:22:09.0654782Z Collecting pydantic-core==2.46.5 (from pydantic>=2.9.0->fastapi<1,>=0.115->ai-novel-studio==0.7.0)
2026-10-09T14:22:09.0724501Z   Downloading pydantic_core-2.46.5-cp312-cp312-win_amd64.whl.metadata (6.7 kB)
2026-10-09T14:22:09.1154434Z Downloading fonttools-4.59.1-cp312-cp312-win_amd64.whl (2.3 MB)
2026-10-09T14:22:09.1644974Z    ---------------------------------------- 2.3/2.3 MB 42.3 MB/s  0:00:00
2026-10-09T14:22:09.1700789Z Downloading pypdf-6.19.0-py3-none-any.whl (395 kB)
2026-10-09T14:22:09.1967119Z Downloading fastapi-0.142.2-py3-none-any.whl (144 kB)
2026-10-09T14:22:09.2249129Z Downloading httpx-0.28.1-py3-none-any.whl (73 kB)
2026-10-09T14:22:09.2491097Z Downloading httpcore-1.0.9-py3-none-any.whl (78 kB)
2026-10-09T14:22:09.2752786Z Downloading jsonschema-4.26.0-py3-none-any.whl (90 kB)
2026-10-09T14:22:09.3027515Z Downloading psycopg-3.3.6-py3-none-any.whl (215 kB)
2026-10-09T14:22:09.3402389Z Downloading psycopg_binary-3.3.6-cp312-cp312-win_amd64.whl (3.7 MB)
2026-10-09T14:22:09.3975376Z    ---------------------------------------- 3.7/3.7 MB 72.3 MB/s  0:00:00
2026-10-09T14:22:09.4023684Z Downloading pydantic_settings-2.15.0-py3-none-any.whl (69 kB)
2026-10-09T14:22:09.4290842Z Downloading pytest-8.4.2-py3-none-any.whl (365 kB)
2026-10-09T14:22:09.4592851Z Downloading pluggy-1.6.0-py3-none-any.whl (20 kB)
2026-10-09T14:22:09.4867655Z Downloading reportlab-4.5.1-py3-none-any.whl (2.0 MB)
2026-10-09T14:22:09.5209441Z    ---------------------------------------- 2.0/2.0 MB 106.0 MB/s  0:00:00
2026-10-09T14:22:09.5281981Z Downloading sqlalchemy-2.1.3-cp312-cp312-win_amd64.whl (2.4 MB)
2026-10-09T14:22:09.5708365Z    ---------------------------------------- 2.4/2.4 MB 67.6 MB/s  0:00:00
2026-10-09T14:22:09.5756797Z Downloading uvicorn-0.54.0-py3-none-any.whl (87 kB)
2026-10-09T14:22:09.5993688Z Downloading annotated_doc-0.0.5-py3-none-any.whl (5.3 kB)
2026-10-09T14:22:09.6284674Z Downloading attrs-26.1.0-py3-none-any.whl (67 kB)
2026-10-09T14:22:09.6525654Z Downloading click-8.5.0-py3-none-any.whl (125 kB)
2026-10-09T14:22:09.6748435Z Downloading colorama-0.4.6-py2.py3-none-any.whl (25 kB)
2026-10-09T14:22:09.7007403Z Downloading h11-0.16.0-py3-none-any.whl (37 kB)
2026-10-09T14:22:09.7296259Z Downloading iniconfig-2.3.0-py3-none-any.whl (7.5 kB)
2026-10-09T14:22:09.7594156Z Downloading jsonschema_specifications-2025.9.1-py3-none-any.whl (18 kB)
2026-10-09T14:22:09.7871622Z Downloading opentelemetry_api-1.45.0-py3-none-any.whl (60 kB)
2026-10-09T14:22:09.8131176Z Downloading packaging-26.3-py3-none-any.whl (129 kB)
2026-10-09T14:22:09.8413210Z Downloading pillow-12.3.0-cp312-cp312-win_amd64.whl (7.2 MB)
2026-10-09T14:22:09.9010797Z    ---------------------------------------- 7.2/7.2 MB 148.2 MB/s  0:00:00
2026-10-09T14:22:09.9069485Z Downloading pydantic-2.13.5-py3-none-any.whl (472 kB)
2026-10-09T14:22:09.9363136Z Downloading pydantic_core-2.46.5-cp312-cp312-win_amd64.whl (2.0 MB)
2026-10-09T14:22:09.9677523Z    ---------------------------------------- 2.0/2.0 MB 57.5 MB/s  0:00:00
2026-10-09T14:22:09.9726705Z Downloading annotated_types-0.8.0-py3-none-any.whl (13 kB)
2026-10-09T14:22:10.0026269Z Downloading pygments-2.21.0-py3-none-any.whl (1.3 MB)
2026-10-09T14:22:10.0362161Z    ---------------------------------------- 1.3/1.3 MB 31.9 MB/s  0:00:00
2026-10-09T14:22:10.0405584Z Downloading python_dotenv-1.2.4-py3-none-any.whl (23 kB)
2026-10-09T14:22:10.0654048Z Downloading referencing-0.37.0-py3-none-any.whl (26 kB)
2026-10-09T14:22:10.0971026Z Downloading rpds_py-2026.9.1-cp312-cp312-win_amd64.whl (222 kB)
2026-10-09T14:22:10.1238246Z Downloading starlette-1.7.0-py3-none-any.whl (78 kB)
2026-10-09T14:22:10.1467539Z Downloading anyio-4.15.1-py3-none-any.whl (132 kB)
2026-10-09T14:22:10.1759439Z Downloading idna-3.20-py3-none-any.whl (69 kB)
2026-10-09T14:22:10.2007785Z Downloading typing_extensions-4.16.0-py3-none-any.whl (45 kB)
2026-10-09T14:22:10.2379376Z Downloading typing_inspection-0.4.4-py3-none-any.whl (14 kB)
2026-10-09T14:22:10.2607955Z Downloading certifi-2026.7.22-py3-none-any.whl (136 kB)
2026-10-09T14:22:10.2833562Z Downloading charset_normalizer-3.5.2-cp312-cp312-win_amd64.whl (207 kB)
2026-10-09T14:22:10.3079524Z Downloading tzdata-2026.5-py2.py3-none-any.whl (347 kB)
2026-10-09T14:22:10.5093726Z Building wheels for collected packages: ai-novel-studio
2026-10-09T14:22:10.5128668Z   Building editable for ai-novel-studio (pyproject.toml): started
2026-10-09T14:22:11.3655596Z   Building editable for ai-novel-studio (pyproject.toml): finished with status 'done'
2026-10-09T14:22:11.3698893Z   Created wheel for ai-novel-studio: filename=ai_novel_studio-0.7.0-0.editable-py3-none-any.whl size=3169 sha256=8b75babfcc818526d8c852c19d55f390bd3604f096c30576e6079dc9af5f8205
2026-10-09T14:22:11.3701482Z   Stored in directory: C:\Users\runneradmin\AppData\Local\Temp\pip-ephem-wheel-cache-gx551uq6\wheels\bc\96\d9\23bbbf472cce62cc5daf428b8cf5c693a6d54b50fcbdee6f2d
2026-10-09T14:22:11.3726484Z Successfully built ai-novel-studio
2026-10-09T14:22:11.4705638Z Installing collected packages: tzdata, typing-extensions, rpds-py, python-dotenv, pypdf, pygments, psycopg-binary, pluggy, pillow, packaging, iniconfig, idna, h11, fonttools, colorama, click, charset-normalizer, certifi, attrs, annotated-types, annotated-doc, uvicorn, typing-inspection, sqlalchemy, reportlab, referencing, pytest, pydantic-core, psycopg, opentelemetry-api, httpcore, anyio, starlette, pydantic, jsonschema-specifications, httpx, pydantic-settings, jsonschema, fastapi, ai-novel-studio
2026-10-09T14:22:25.6791133Z 
2026-10-09T14:22:25.6834970Z Successfully installed ai-novel-studio-0.7.0 annotated-doc-0.0.5 annotated-types-0.8.0 anyio-4.15.1 attrs-26.1.0 certifi-2026.7.22 charset-normalizer-3.5.2 click-8.5.0 colorama-0.4.6 fastapi-0.142.2 fonttools-4.59.1 h11-0.16.0 httpcore-1.0.9 httpx-0.28.1 idna-3.20 iniconfig-2.3.0 jsonschema-4.26.0 jsonschema-specifications-2025.9.1 opentelemetry-api-1.45.0 packaging-26.3 pillow-12.3.0 pluggy-1.6.0 psycopg-3.3.6 psycopg-binary-3.3.6 pydantic-2.13.5 pydantic-core-2.46.5 pydantic-settings-2.15.0 pygments-2.21.0 pypdf-6.19.0 pytest-8.4.2 python-dotenv-1.2.4 referencing-0.37.0 reportlab-4.5.1 rpds-py-2026.9.1 sqlalchemy-2.1.3 starlette-1.7.0 typing-extensions-4.16.0 typing-inspection-0.4.4 tzdata-2026.5 uvicorn-0.54.0
2026-10-09T14:22:36.5898657Z 
2026-10-09T14:22:36.5899277Z added 1 package in 10s
2026-10-09T14:22:36.5899577Z 
2026-10-09T14:22:36.5899770Z 1 package is looking for funding
2026-10-09T14:22:36.5900238Z   run `npm fund` for details
2026-10-09T14:22:39.2158337Z Lockfile is up to date, resolution step is skipped
2026-10-09T14:22:39.2597824Z Progress: resolved 1, reused 0, downloaded 0, added 0
2026-10-09T14:22:39.3275327Z Packages: +249
2026-10-09T14:22:39.3329464Z ++++++++++++++++++++++++++++++++++++++++++++++++++++++++++++++++++++++++++++++++
2026-10-09T14:22:40.2644179Z Progress: resolved 249, reused 0, downloaded 71, added 24
2026-10-09T14:22:41.2658302Z Progress: resolved 249, reused 0, downloaded 146, added 53
2026-10-09T14:22:42.2695908Z Progress: resolved 249, reused 0, downloaded 236, added 86
2026-10-09T14:22:43.2530164Z Progress: resolved 249, reused 0, downloaded 249, added 249, done
2026-10-09T14:22:43.4534899Z .../esbuild@0.25.12/node_modules/esbuild postinstall$ node install.js
2026-10-09T14:22:43.4543236Z .../esbuild@0.21.5/node_modules/esbuild postinstall$ node install.js
2026-10-09T14:22:43.6134804Z .../esbuild@0.25.12/node_modules/esbuild postinstall: Done
2026-10-09T14:22:43.6179234Z .../esbuild@0.21.5/node_modules/esbuild postinstall: Done
2026-10-09T14:22:43.7231728Z 
2026-10-09T14:22:43.7232294Z dependencies:
2026-10-09T14:22:43.7232852Z + @tanstack/react-query 5.101.4
2026-10-09T14:22:43.7233398Z + @tiptap/extension-placeholder 2.27.2
2026-10-09T14:22:43.7233854Z + @tiptap/react 2.27.2
2026-10-09T14:22:43.7234263Z + @tiptap/starter-kit 2.27.2
2026-10-09T14:22:43.7234777Z + lucide-react 0.468.0
2026-10-09T14:22:43.7235162Z + react 18.3.1
2026-10-09T14:22:43.7235566Z + react-dom 18.3.1
2026-10-09T14:22:43.7235940Z + zustand 5.0.14
2026-10-09T14:22:43.7236166Z 
2026-10-09T14:22:43.7236323Z devDependencies:
2026-10-09T14:22:43.7236752Z + @playwright/test 1.62.1
2026-10-09T14:22:43.7237291Z + @testing-library/react 16.3.2
2026-10-09T14:22:43.7237795Z + @types/node 22.13.10
2026-10-09T14:22:43.7238228Z + @types/react 18.3.31
2026-10-09T14:22:43.7238710Z + @types/react-dom 18.3.7
2026-10-09T14:22:43.7239034Z + @vitejs/plugin-react 4.7.0
2026-10-09T14:22:43.7239339Z + fountain-js 1.2.4
2026-10-09T14:22:43.7239588Z + jsdom 25.0.1
2026-10-09T14:22:43.7239833Z + typescript 5.9.3
2026-10-09T14:22:43.7240063Z + vite 6.4.3
2026-10-09T14:22:43.7240282Z + vitest 2.1.9
2026-10-09T14:22:43.7240432Z 
2026-10-09T14:22:43.7498095Z Done in 5.1s using pnpm v10.6.5
2026-10-09T14:22:43.8124344Z ##[group]Run python scripts/prepare_windows_base.py --output "$env:R2_PACKAGE_ROOT/base" --cache "$env:R2_PACKAGE_ROOT/inputs" 2>&1 | Tee-Object "$env:R2_PACKAGE_ROOT/receipts/prepare-base.log"
2026-10-09T14:22:43.8127045Z [36;1mpython scripts/prepare_windows_base.py --output "$env:R2_PACKAGE_ROOT/base" --cache "$env:R2_PACKAGE_ROOT/inputs" 2>&1 | Tee-Object "$env:R2_PACKAGE_ROOT/receipts/prepare-base.log"[0m
2026-10-09T14:22:43.8128514Z [36;1mif ($LASTEXITCODE -ne 0) { exit $LASTEXITCODE }[0m
2026-10-09T14:22:43.8129613Z [36;1mpython scripts/prepare_pdf_font.py --output "$env:R2_PACKAGE_ROOT/fonts" > "$env:R2_PACKAGE_ROOT/receipts/font-manifest.json"[0m
2026-10-09T14:22:43.8130890Z [36;1mexit $LASTEXITCODE[0m
2026-10-09T14:22:43.8203557Z shell: C:\Program Files\PowerShell\7\pwsh.EXE -command ". '{0}'"
2026-10-09T14:22:43.8204152Z env:
2026-10-09T14:22:43.8204445Z   MOCK_PROVIDER: true
2026-10-09T14:22:43.8204811Z   MOCK_STREAM_DELAY_MS: 0
2026-10-09T14:22:43.8205208Z   ENABLE_CLOUD: false
2026-10-09T14:22:43.8205559Z   CREDENTIAL_VAULT_BACKEND: memory
2026-10-09T14:22:43.8206270Z   CREDENTIAL_VAULT_ALLOW_MEMORY_FALLBACK: true
2026-10-09T14:22:43.8206787Z   PYTHONDONTWRITEBYTECODE: 1
2026-10-09T14:22:43.8207470Z   HF_HUB_OFFLINE: 1
2026-10-09T14:22:43.8207815Z   TRANSFORMERS_OFFLINE: 1
2026-10-09T14:22:43.8208350Z   pythonLocation: C:\hostedtoolcache\windows\Python\3.12.9\x64
2026-10-09T14:22:43.8209152Z   PKG_CONFIG_PATH: C:\hostedtoolcache\windows\Python\3.12.9\x64/lib/pkgconfig
2026-10-09T14:22:43.8209973Z   Python_ROOT_DIR: C:\hostedtoolcache\windows\Python\3.12.9\x64
2026-10-09T14:22:43.8210707Z   Python2_ROOT_DIR: C:\hostedtoolcache\windows\Python\3.12.9\x64
2026-10-09T14:22:43.8211441Z   Python3_ROOT_DIR: C:\hostedtoolcache\windows\Python\3.12.9\x64
2026-10-09T14:22:43.8212048Z   DOTNET_ROOT: C:\Program Files\dotnet
2026-10-09T14:22:43.8212869Z   R2_PACKAGE_ROOT: D:\a\_temp\r2-complete-package
2026-10-09T14:22:43.8213470Z   NOVEL_DATA_PATH: D:\a\_temp\r2-complete-package/data
2026-10-09T14:22:43.8214012Z   STORAGE_BACKEND: file
2026-10-09T14:22:43.8214280Z   PROJECT_ROOT: D:\a\AI-Novel-Studio\AI-Novel-Studio
2026-10-09T14:22:43.8214567Z ##[endgroup]
2026-10-09T14:22:56.6113812Z Looking in links: d:\a\_temp\r2-complete-package\inputs\wheels
2026-10-09T14:22:56.6314970Z Processing D:\a\_temp\r2-complete-package\inputs\wheels\annotated_doc-0.0.5-py3-none-any.whl (from -r D:\a\AI-Novel-Studio\AI-Novel-Studio\packaging\requirements-windows.lock.txt (line 3))
2026-10-09T14:22:56.6360715Z Processing D:\a\_temp\r2-complete-package\inputs\wheels\annotated_types-0.8.0-py3-none-any.whl (from -r D:\a\AI-Novel-Studio\AI-Novel-Studio\packaging\requirements-windows.lock.txt (line 4))
2026-10-09T14:22:56.6397921Z Processing D:\a\_temp\r2-complete-package\inputs\wheels\anyio-4.15.1-py3-none-any.whl (from -r D:\a\AI-Novel-Studio\AI-Novel-Studio\packaging\requirements-windows.lock.txt (line 5))
2026-10-09T14:22:56.6442415Z Processing D:\a\_temp\r2-complete-package\inputs\wheels\attrs-26.1.0-py3-none-any.whl (from -r D:\a\AI-Novel-Studio\AI-Novel-Studio\packaging\requirements-windows.lock.txt (line 6))
2026-10-09T14:22:56.6475525Z Processing D:\a\_temp\r2-complete-package\inputs\wheels\certifi-2026.7.22-py3-none-any.whl (from -r D:\a\AI-Novel-Studio\AI-Novel-Studio\packaging\requirements-windows.lock.txt (line 7))
2026-10-09T14:22:56.6510506Z Processing D:\a\_temp\r2-complete-package\inputs\wheels\charset_normalizer-3.5.2-cp312-cp312-win_amd64.whl (from -r D:\a\AI-Novel-Studio\AI-Novel-Studio\packaging\requirements-windows.lock.txt (line 8))
2026-10-09T14:22:56.6569192Z Processing D:\a\_temp\r2-complete-package\inputs\wheels\click-8.5.0-py3-none-any.whl (from -r D:\a\AI-Novel-Studio\AI-Novel-Studio\packaging\requirements-windows.lock.txt (line 9))
2026-10-09T14:22:56.6603087Z Processing D:\a\_temp\r2-complete-package\inputs\wheels\colorama-0.4.6-py2.py3-none-any.whl (from -r D:\a\AI-Novel-Studio\AI-Novel-Studio\packaging\requirements-windows.lock.txt (line 10))
2026-10-09T14:22:56.6646383Z Processing D:\a\_temp\r2-complete-package\inputs\wheels\fastapi-0.142.2-py3-none-any.whl (from -r D:\a\AI-Novel-Studio\AI-Novel-Studio\packaging\requirements-windows.lock.txt (line 11))
2026-10-09T14:22:56.6729521Z Processing D:\a\_temp\r2-complete-package\inputs\wheels\h11-0.16.0-py3-none-any.whl (from -r D:\a\AI-Novel-Studio\AI-Novel-Studio\packaging\requirements-windows.lock.txt (line 12))
2026-10-09T14:22:56.6766060Z Processing D:\a\_temp\r2-complete-package\inputs\wheels\httpcore-1.0.9-py3-none-any.whl (from -r D:\a\AI-Novel-Studio\AI-Novel-Studio\packaging\requirements-windows.lock.txt (line 13))
2026-10-09T14:22:56.6815506Z Processing D:\a\_temp\r2-complete-package\inputs\wheels\httpx-0.28.1-py3-none-any.whl (from -r D:\a\AI-Novel-Studio\AI-Novel-Studio\packaging\requirements-windows.lock.txt (line 14))
2026-10-09T14:22:56.6860090Z Processing D:\a\_temp\r2-complete-package\inputs\wheels\idna-3.20-py3-none-any.whl (from -r D:\a\AI-Novel-Studio\AI-Novel-Studio\packaging\requirements-windows.lock.txt (line 15))
2026-10-09T14:22:56.6901507Z Processing D:\a\_temp\r2-complete-package\inputs\wheels\jsonschema-4.26.0-py3-none-any.whl (from -r D:\a\AI-Novel-Studio\AI-Novel-Studio\packaging\requirements-windows.lock.txt (line 16))
2026-10-09T14:22:56.6952696Z Processing D:\a\_temp\r2-complete-package\inputs\wheels\jsonschema_specifications-2025.9.1-py3-none-any.whl (from -r D:\a\AI-Novel-Studio\AI-Novel-Studio\packaging\requirements-windows.lock.txt (line 17))
2026-10-09T14:22:56.6988483Z Processing D:\a\_temp\r2-complete-package\inputs\wheels\opentelemetry_api-1.45.0-py3-none-any.whl (from -r D:\a\AI-Novel-Studio\AI-Novel-Studio\packaging\requirements-windows.lock.txt (line 18))
2026-10-09T14:22:56.7023827Z Processing D:\a\_temp\r2-complete-package\inputs\wheels\pillow-12.3.0-cp312-cp312-win_amd64.whl (from -r D:\a\AI-Novel-Studio\AI-Novel-Studio\packaging\requirements-windows.lock.txt (line 19))
2026-10-09T14:22:56.7225270Z Processing D:\a\_temp\r2-complete-package\inputs\wheels\psycopg-3.3.6-py3-none-any.whl (from -r D:\a\AI-Novel-Studio\AI-Novel-Studio\packaging\requirements-windows.lock.txt (line 20))
2026-10-09T14:22:56.7291318Z Processing D:\a\_temp\r2-complete-package\inputs\wheels\psycopg_binary-3.3.6-cp312-cp312-win_amd64.whl (from -r D:\a\AI-Novel-Studio\AI-Novel-Studio\packaging\requirements-windows.lock.txt (line 21))
2026-10-09T14:22:56.7392911Z Processing D:\a\_temp\r2-complete-package\inputs\wheels\pydantic-2.13.5-py3-none-any.whl (from -r D:\a\AI-Novel-Studio\AI-Novel-Studio\packaging\requirements-windows.lock.txt (line 22))
2026-10-09T14:22:56.7473774Z Processing D:\a\_temp\r2-complete-package\inputs\wheels\pydantic_settings-2.15.0-py3-none-any.whl (from -r D:\a\AI-Novel-Studio\AI-Novel-Studio\packaging\requirements-windows.lock.txt (line 23))
2026-10-09T14:22:56.7515125Z Processing D:\a\_temp\r2-complete-package\inputs\wheels\pydantic_core-2.46.5-cp312-cp312-win_amd64.whl (from -r D:\a\AI-Novel-Studio\AI-Novel-Studio\packaging\requirements-windows.lock.txt (line 24))
2026-10-09T14:22:56.7586617Z Processing D:\a\_temp\r2-complete-package\inputs\wheels\pypdf-6.19.0-py3-none-any.whl (from -r D:\a\AI-Novel-Studio\AI-Novel-Studio\packaging\requirements-windows.lock.txt (line 25))
2026-10-09T14:22:56.7646822Z Processing D:\a\_temp\r2-complete-package\inputs\wheels\python_dotenv-1.2.4-py3-none-any.whl (from -r D:\a\AI-Novel-Studio\AI-Novel-Studio\packaging\requirements-windows.lock.txt (line 26))
2026-10-09T14:22:56.7694030Z Processing D:\a\_temp\r2-complete-package\inputs\wheels\referencing-0.37.0-py3-none-any.whl (from -r D:\a\AI-Novel-Studio\AI-Novel-Studio\packaging\requirements-windows.lock.txt (line 27))
2026-10-09T14:22:56.7728323Z Processing D:\a\_temp\r2-complete-package\inputs\wheels\reportlab-4.5.1-py3-none-any.whl (from -r D:\a\AI-Novel-Studio\AI-Novel-Studio\packaging\requirements-windows.lock.txt (line 28))
2026-10-09T14:22:56.7809789Z Processing D:\a\_temp\r2-complete-package\inputs\wheels\rpds_py-2026.9.1-cp312-cp312-win_amd64.whl (from -r D:\a\AI-Novel-Studio\AI-Novel-Studio\packaging\requirements-windows.lock.txt (line 29))
2026-10-09T14:22:56.7845184Z Processing D:\a\_temp\r2-complete-package\inputs\wheels\sqlalchemy-2.1.3-cp312-cp312-win_amd64.whl (from -r D:\a\AI-Novel-Studio\AI-Novel-Studio\packaging\requirements-windows.lock.txt (line 30))
2026-10-09T14:22:56.7980687Z Processing D:\a\_temp\r2-complete-package\inputs\wheels\starlette-1.7.0-py3-none-any.whl (from -r D:\a\AI-Novel-Studio\AI-Novel-Studio\packaging\requirements-windows.lock.txt (line 31))
2026-10-09T14:22:56.8021787Z Processing D:\a\_temp\r2-complete-package\inputs\wheels\typing_inspection-0.4.4-py3-none-any.whl (from -r D:\a\AI-Novel-Studio\AI-Novel-Studio\packaging\requirements-windows.lock.txt (line 32))
2026-10-09T14:22:56.8056447Z Processing D:\a\_temp\r2-complete-package\inputs\wheels\typing_extensions-4.16.0-py3-none-any.whl (from -r D:\a\AI-Novel-Studio\AI-Novel-Studio\packaging\requirements-windows.lock.txt (line 33))
2026-10-09T14:22:56.8093653Z Processing D:\a\_temp\r2-complete-package\inputs\wheels\tzdata-2026.3-py2.py3-none-any.whl (from -r D:\a\AI-Novel-Studio\AI-Novel-Studio\packaging\requirements-windows.lock.txt (line 34))
2026-10-09T14:22:56.8158925Z Processing D:\a\_temp\r2-complete-package\inputs\wheels\uvicorn-0.54.0-py3-none-any.whl (from -r D:\a\AI-Novel-Studio\AI-Novel-Studio\packaging\requirements-windows.lock.txt (line 35))
2026-10-09T14:22:56.8659887Z Installing collected packages: uvicorn, tzdata, typing-inspection, typing_extensions, starlette, SQLAlchemy, rpds-py, reportlab, referencing, python-dotenv, pypdf, pydantic-settings, pydantic_core, pydantic, psycopg-binary, psycopg, pillow, opentelemetry-api, jsonschema-specifications, jsonschema, idna, httpx, httpcore, h11, fastapi, colorama, click, charset-normalizer, certifi, attrs, anyio, annotated-types, annotated-doc
2026-10-09T14:22:59.7648292Z 
2026-10-09T14:22:59.7683427Z Successfully installed SQLAlchemy-2.1.3 annotated-doc-0.0.5 annotated-types-0.8.0 anyio-4.15.1 attrs-26.1.0 certifi-2026.7.22 charset-normalizer-3.5.2 click-8.5.0 colorama-0.4.6 fastapi-0.142.2 h11-0.16.0 httpcore-1.0.9 httpx-0.28.1 idna-3.20 jsonschema-4.26.0 jsonschema-specifications-2025.9.1 opentelemetry-api-1.45.0 pillow-12.3.0 psycopg-3.3.6 psycopg-binary-3.3.6 pydantic-2.13.5 pydantic-settings-2.15.0 pydantic_core-2.46.5 pypdf-6.19.0 python-dotenv-1.2.4 referencing-0.37.0 reportlab-4.5.1 rpds-py-2026.9.1 starlette-1.7.0 typing-inspection-0.4.4 typing_extensions-4.16.0 tzdata-2026.3 uvicorn-0.54.0
2026-10-09T14:23:05.7511300Z {"base_application": "D:\\a\\_temp\\r2-complete-package\\base", "files": 5087, "native_runtime_verification": "NOT_RUN"}
2026-10-09T14:23:26.1728314Z ##[group]Run ./scripts/package_windows_acceptance.ps1 -BaseApplication "$env:R2_PACKAGE_ROOT/base" -OutputRoot "$env:R2_PACKAGE_ROOT/package" -HostPublishDirectory "$env:R2_PACKAGE_ROOT/host" -DotnetPath (Get-Command dotnet).Source -NodePath (Get-Command node).Source -ViteCliPath (Join-Path $PWD 'frontend/node_modules/vite/bin/vite.js') -VerifiedFontDirectory "$env:R2_PACKAGE_ROOT/fonts" -SkipIExpress 2>&1 | Tee-Object "$env:R2_PACKAGE_ROOT/receipts/package.log"
2026-10-09T14:23:26.1731682Z [36;1m./scripts/package_windows_acceptance.ps1 -BaseApplication "$env:R2_PACKAGE_ROOT/base" -OutputRoot "$env:R2_PACKAGE_ROOT/package" -HostPublishDirectory "$env:R2_PACKAGE_ROOT/host" -DotnetPath (Get-Command dotnet).Source -NodePath (Get-Command node).Source -ViteCliPath (Join-Path $PWD 'frontend/node_modules/vite/bin/vite.js') -VerifiedFontDirectory "$env:R2_PACKAGE_ROOT/fonts" -SkipIExpress 2>&1 | Tee-Object "$env:R2_PACKAGE_ROOT/receipts/package.log"[0m
2026-10-09T14:23:26.1733603Z [36;1mif (-not $?) { throw 'Acceptance package build failed' }[0m
2026-10-09T14:23:26.1773992Z shell: C:\Program Files\PowerShell\7\pwsh.EXE -command ". '{0}'"
2026-10-09T14:23:26.1774336Z env:
2026-10-09T14:23:26.1774520Z   MOCK_PROVIDER: true
2026-10-09T14:23:26.1774737Z   MOCK_STREAM_DELAY_MS: 0
2026-10-09T14:23:26.1774946Z   ENABLE_CLOUD: false
2026-10-09T14:23:26.1775165Z   CREDENTIAL_VAULT_BACKEND: memory
2026-10-09T14:23:26.1775436Z   CREDENTIAL_VAULT_ALLOW_MEMORY_FALLBACK: true
2026-10-09T14:23:26.1775732Z   PYTHONDONTWRITEBYTECODE: 1
2026-10-09T14:23:26.1775948Z   HF_HUB_OFFLINE: 1
2026-10-09T14:23:26.1776147Z   TRANSFORMERS_OFFLINE: 1
2026-10-09T14:23:26.1776434Z   pythonLocation: C:\hostedtoolcache\windows\Python\3.12.9\x64
2026-10-09T14:23:26.1776897Z   PKG_CONFIG_PATH: C:\hostedtoolcache\windows\Python\3.12.9\x64/lib/pkgconfig
2026-10-09T14:23:26.1777343Z   Python_ROOT_DIR: C:\hostedtoolcache\windows\Python\3.12.9\x64
2026-10-09T14:23:26.1777780Z   Python2_ROOT_DIR: C:\hostedtoolcache\windows\Python\3.12.9\x64
2026-10-09T14:23:26.1778180Z   Python3_ROOT_DIR: C:\hostedtoolcache\windows\Python\3.12.9\x64
2026-10-09T14:23:26.1778512Z   DOTNET_ROOT: C:\Program Files\dotnet
2026-10-09T14:23:26.1778806Z   R2_PACKAGE_ROOT: D:\a\_temp\r2-complete-package
2026-10-09T14:23:26.1779141Z   NOVEL_DATA_PATH: D:\a\_temp\r2-complete-package/data
2026-10-09T14:23:26.1779429Z   STORAGE_BACKEND: file
2026-10-09T14:23:26.1779674Z   PROJECT_ROOT: D:\a\AI-Novel-Studio\AI-Novel-Studio
2026-10-09T14:23:26.1780110Z ##[endgroup]
2026-10-09T14:23:27.3474952Z [36mvite v6.4.3 [32mbuilding for production...[36m[39m
2026-10-09T14:23:27.4210540Z transforming...
2026-10-09T14:23:33.5648957Z [32m✓[39m 2021 modules transformed.
2026-10-09T14:23:33.9219698Z rendering chunks...
2026-10-09T14:23:34.2513722Z computing gzip size...
2026-10-09T14:23:34.2884465Z [2m../../../_temp/r2-complete-package/package/frontend-build/dist/[22m[32mindex.html                                 [39m[1m[2m  0.33 kB[22m[1m[22m[2m │ gzip:   0.20 kB[22m
2026-10-09T14:23:34.2889649Z [2m../../../_temp/r2-complete-package/package/frontend-build/dist/[22m[35massets/LocalTutorIntegration-Bg9pZcT3.css  [39m[1m[2m  2.93 kB[22m[1m[22m[2m │ gzip:   0.82 kB[22m
2026-10-09T14:23:34.2892525Z [2m../../../_temp/r2-complete-package/package/frontend-build/dist/[22m[35massets/style-6MlQLGa4.css                  [39m[1m[2m  3.79 kB[22m[1m[22m[2m │ gzip:   1.39 kB[22m
2026-10-09T14:23:34.2896358Z [2m../../../_temp/r2-complete-package/package/frontend-build/dist/[22m[35massets/ExperimentalWorkbench-kya-NcdA.css  [39m[1m[2m  4.16 kB[22m[1m[22m[2m │ gzip:   1.07 kB[22m
2026-10-09T14:23:34.2899460Z [2m../../../_temp/r2-complete-package/package/frontend-build/dist/[22m[35massets/index-Cj-tLRQ5.css                  [39m[1m[2m 32.29 kB[22m[1m[22m[2m │ gzip:   5.90 kB[22m
2026-10-09T14:23:34.2911284Z [2m../../../_temp/r2-complete-package/package/frontend-build/dist/[22m[35massets/App-BH1TA0Vr.css                    [39m[1m[2m144.86 kB[22m[1m[22m[2m │ gzip:  19.35 kB[22m
2026-10-09T14:23:34.2914215Z [2m../../../_temp/r2-complete-package/package/frontend-build/dist/[22m[36massets/Health-CKk-pQzM.js                  [39m[1m[2m  0.99 kB[22m[1m[22m[2m │ gzip:   0.57 kB[22m
2026-10-09T14:23:34.2917521Z [2m../../../_temp/r2-complete-package/package/frontend-build/dist/[22m[36massets/index-Boh1HfvI.js                   [39m[1m[2m 30.15 kB[22m[1m[22m[2m │ gzip:  10.01 kB[22m
2026-10-09T14:23:34.2919171Z [2m../../../_temp/r2-complete-package/package/frontend-build/dist/[22m[36massets/LocalTutorIntegration-Bvw3y47Y.js   [39m[1m[2m 42.44 kB[22m[1m[22m[2m │ gzip:  13.79 kB[22m
2026-10-09T14:23:34.2920676Z [2m../../../_temp/r2-complete-package/package/frontend-build/dist/[22m[36massets/style-XjGVyqXG.js                   [39m[1m[2m 45.00 kB[22m[1m[22m[2m │ gzip:   8.38 kB[22m
2026-10-09T14:23:34.2922126Z [2m../../../_temp/r2-complete-package/package/frontend-build/dist/[22m[36massets/query-vendor-CUnTvSIi.js            [39m[1m[2m 45.60 kB[22m[1m[22m[2m │ gzip:  13.56 kB[22m
2026-10-09T14:23:34.2923554Z [2m../../../_temp/r2-complete-package/package/frontend-build/dist/[22m[36massets/react-vendor-D3pO_op5.js            [39m[1m[2m142.98 kB[22m[1m[22m[2m │ gzip:  45.80 kB[22m
2026-10-09T14:23:34.2924988Z [2m../../../_temp/r2-complete-package/package/frontend-build/dist/[22m[36massets/editor-vendor-WoPbGn4i.js           [39m[1m[2m307.09 kB[22m[1m[22m[2m │ gzip:  93.11 kB[22m
2026-10-09T14:23:34.2926477Z [2m../../../_temp/r2-complete-package/package/frontend-build/dist/[22m[36massets/ExperimentalWorkbench-CZAW_JbV.js   [39m[1m[33m628.01 kB[39m[22m[2m │ gzip: 183.51 kB[22m
2026-10-09T14:23:34.2927904Z [2m../../../_temp/r2-complete-package/package/frontend-build/dist/[22m[36massets/App-CgCHrwYE.js                     [39m[1m[33m886.52 kB[39m[22m[2m │ gzip: 260.00 kB[22m
2026-10-09T14:23:34.3475029Z [31;1m[33m[0m
2026-10-09T14:23:34.3497411Z [31;1m(!) Some chunks are larger than 500 kB after minification. Consider:[0m
2026-10-09T14:23:34.3505177Z [31;1m- Using dynamic import() to code-split the application[0m
2026-10-09T14:23:34.3513752Z [31;1m- Use build.rollupOptions.output.manualChunks to improve chunking: https://rollupjs.org/configuration-options/#output-manualchunks[0m
2026-10-09T14:23:34.3520597Z [31;1m- Adjust chunk size limit for this warning via build.chunkSizeWarningLimit.[39m[0m
2026-10-09T14:23:34.3522742Z [32m✓ built in 6.90s[39m
2026-10-09T14:23:37.6421434Z   Determining projects to restore...
2026-10-09T14:23:46.0349595Z   Restored D:\a\AI-Novel-Studio\AI-Novel-Studio\desktop-host\AI.NovelStudio.DesktopHost\AI.NovelStudio.DesktopHost.csproj (in 7.98 sec).
2026-10-09T14:23:52.5211872Z   AI.NovelStudio.DesktopHost -> D:\a\AI-Novel-Studio\AI-Novel-Studio\desktop-host\AI.NovelStudio.DesktopHost\bin\Release\net8.0-windows\win-x64\AI-Novel-Studio.DesktopHost.dll
2026-10-09T14:23:53.1037703Z   AI.NovelStudio.DesktopHost -> D:\a\_temp\r2-complete-package\host\
2026-10-09T14:23:57.5957792Z APPLICATION_STAGED D:\a\_temp\r2-complete-package\package\Application
2026-10-09T14:23:57.5959880Z DESKTOPHOST_DLL_SHA256 89601483F7813D6519C82091A87C2C32F54B98490C5F2F67800E4248C1E1EA52
2026-10-09T14:23:57.5962135Z PROVENANCE_MANIFEST D:\a\_temp\r2-complete-package\package\desktophost-provenance.json
2026-10-09T14:23:57.5965058Z APPLICATION_PROVENANCE_MANIFEST D:\a\_temp\r2-complete-package\package\application-provenance.json
2026-10-09T14:24:13.5972983Z ACCEPTANCE_PACKAGE_ROOT D:\a\_temp\r2-complete-package\package\Package
2026-10-09T14:24:13.5974313Z ACCEPTANCE_ZIP D:\a\_temp\r2-complete-package\package\AI-Novel-Studio-Windows-DesktopHost-acceptance.zip
2026-10-09T14:24:13.5977716Z ACCEPTANCE_MANIFEST D:\a\_temp\r2-complete-package\package\acceptance-package-manifest.json
2026-10-09T14:24:13.6418294Z ##[group]Run python scripts/verify_windows_base.py --base "$env:R2_PACKAGE_ROOT/package/Application" --work-root "$env:R2_PACKAGE_ROOT/native-smoke" 2>&1 | Tee-Object "$env:R2_PACKAGE_ROOT/receipts/native-smoke.log"
2026-10-09T14:24:13.6419951Z [36;1mpython scripts/verify_windows_base.py --base "$env:R2_PACKAGE_ROOT/package/Application" --work-root "$env:R2_PACKAGE_ROOT/native-smoke" 2>&1 | Tee-Object "$env:R2_PACKAGE_ROOT/receipts/native-smoke.log"[0m
2026-10-09T14:24:13.6420802Z [36;1mexit $LASTEXITCODE[0m
2026-10-09T14:24:13.6462154Z shell: C:\Program Files\PowerShell\7\pwsh.EXE -command ". '{0}'"
2026-10-09T14:24:13.6462515Z env:
2026-10-09T14:24:13.6462699Z   MOCK_PROVIDER: true
2026-10-09T14:24:13.6462912Z   MOCK_STREAM_DELAY_MS: 0
2026-10-09T14:24:13.6463122Z   ENABLE_CLOUD: false
2026-10-09T14:24:13.6463341Z   CREDENTIAL_VAULT_BACKEND: memory
2026-10-09T14:24:13.6463612Z   CREDENTIAL_VAULT_ALLOW_MEMORY_FALLBACK: true
2026-10-09T14:24:13.6463941Z   PYTHONDONTWRITEBYTECODE: 1
2026-10-09T14:24:13.6464170Z   HF_HUB_OFFLINE: 1
2026-10-09T14:24:13.6464359Z   TRANSFORMERS_OFFLINE: 1
2026-10-09T14:24:13.6464641Z   pythonLocation: C:\hostedtoolcache\windows\Python\3.12.9\x64
2026-10-09T14:24:13.6465076Z   PKG_CONFIG_PATH: C:\hostedtoolcache\windows\Python\3.12.9\x64/lib/pkgconfig
2026-10-09T14:24:13.6465522Z   Python_ROOT_DIR: C:\hostedtoolcache\windows\Python\3.12.9\x64
2026-10-09T14:24:13.6465922Z   Python2_ROOT_DIR: C:\hostedtoolcache\windows\Python\3.12.9\x64
2026-10-09T14:24:13.6466312Z   Python3_ROOT_DIR: C:\hostedtoolcache\windows\Python\3.12.9\x64
2026-10-09T14:24:13.6466639Z   DOTNET_ROOT: C:\Program Files\dotnet
2026-10-09T14:24:13.6466918Z   R2_PACKAGE_ROOT: D:\a\_temp\r2-complete-package
2026-10-09T14:24:13.6467240Z   NOVEL_DATA_PATH: D:\a\_temp\r2-complete-package/data
2026-10-09T14:24:13.6467528Z   STORAGE_BACKEND: file
2026-10-09T14:24:13.6467765Z   PROJECT_ROOT: D:\a\AI-Novel-Studio\AI-Novel-Studio
2026-10-09T14:24:13.6468038Z ##[endgroup]
2026-10-09T14:24:14.0560318Z NATIVE_BASE_PROGRESS {"files": 5087, "stage": "inventory_start"}
2026-10-09T14:24:20.1047825Z NATIVE_BASE_PROGRESS {"files": 5087, "stage": "inventory_complete"}
2026-10-09T14:24:20.1050328Z NATIVE_BASE_PROGRESS {"executable": "python.exe", "number": 1, "stage": "command_start"}
2026-10-09T14:24:22.5108944Z NATIVE_BASE_PROGRESS {"executable": "python.exe", "exit_code": 0, "number": 1, "stage": "command_complete"}
2026-10-09T14:24:22.5262516Z NATIVE_BASE_PROGRESS {"executable": "postgres.exe", "number": 2, "stage": "command_start"}
2026-10-09T14:24:22.5662577Z NATIVE_BASE_PROGRESS {"executable": "postgres.exe", "exit_code": 0, "number": 2, "stage": "command_complete"}
2026-10-09T14:24:22.5672319Z NATIVE_BASE_PROGRESS {"executable": "initdb.exe", "number": 3, "stage": "command_start"}
2026-10-09T14:24:23.9765361Z NATIVE_BASE_PROGRESS {"executable": "initdb.exe", "exit_code": 0, "number": 3, "stage": "command_complete"}
2026-10-09T14:24:23.9775565Z NATIVE_BASE_PROGRESS {"executable": "pg_ctl.exe", "number": 4, "stage": "command_start"}
2026-10-09T14:24:24.1352573Z NATIVE_BASE_PROGRESS {"executable": "pg_ctl.exe", "exit_code": 0, "number": 4, "stage": "command_complete"}
2026-10-09T14:24:24.1364426Z NATIVE_BASE_PROGRESS {"executable": "psql.exe", "number": 5, "stage": "command_start"}
2026-10-09T14:24:24.2091864Z NATIVE_BASE_PROGRESS {"executable": "psql.exe", "exit_code": 0, "number": 5, "stage": "command_complete"}
2026-10-09T14:24:24.2099199Z NATIVE_BASE_PROGRESS {"executable": "pg_dump.exe", "number": 6, "stage": "command_start"}
2026-10-09T14:24:24.3196933Z NATIVE_BASE_PROGRESS {"executable": "pg_dump.exe", "exit_code": 0, "number": 6, "stage": "command_complete"}
2026-10-09T14:24:24.3205892Z NATIVE_BASE_PROGRESS {"executable": "createdb.exe", "number": 7, "stage": "command_start"}
2026-10-09T14:24:24.4548272Z NATIVE_BASE_PROGRESS {"executable": "createdb.exe", "exit_code": 0, "number": 7, "stage": "command_complete"}
2026-10-09T14:24:24.4555638Z NATIVE_BASE_PROGRESS {"executable": "pg_restore.exe", "number": 8, "stage": "command_start"}
2026-10-09T14:24:24.5330962Z NATIVE_BASE_PROGRESS {"executable": "pg_restore.exe", "exit_code": 0, "number": 8, "stage": "command_complete"}
2026-10-09T14:24:24.5333609Z NATIVE_BASE_PROGRESS {"executable": "psql.exe", "number": 9, "stage": "command_start"}
2026-10-09T14:24:24.5869170Z NATIVE_BASE_PROGRESS {"executable": "psql.exe", "exit_code": 0, "number": 9, "stage": "command_complete"}
2026-10-09T14:24:24.5874103Z NATIVE_BASE_PROGRESS {"executable": "python.exe", "number": 10, "stage": "command_start"}
2026-10-09T14:24:30.6930259Z NATIVE_BASE_PROGRESS {"executable": "python.exe", "exit_code": 0, "number": 10, "stage": "command_complete"}
2026-10-09T14:24:30.6937781Z NATIVE_BASE_PROGRESS {"executable": "pg_ctl.exe", "number": 11, "stage": "command_start"}
2026-10-09T14:24:30.9372928Z NATIVE_BASE_PROGRESS {"executable": "pg_ctl.exe", "exit_code": 0, "number": 11, "stage": "command_complete"}
2026-10-09T14:24:30.9401040Z {"kind": "native-windows-base-smoke", "status": "PASS", "public_release": false, "interactive_desktop": "NOT_RUN", "user_acceptance": "NOT_RUN", "python": {"python": [3, 12, 9], "isolated": 1, "psycopg_impl": "binary", "packages": {"annotated-doc": "0.0.5", "annotated-types": "0.8.0", "anyio": "4.15.1", "attrs": "26.1.0", "certifi": "2026.7.22", "charset-normalizer": "3.5.2", "click": "8.5.0", "colorama": "0.4.6", "fastapi": "0.142.2", "h11": "0.16.0", "httpcore": "1.0.9", "httpx": "0.28.1", "idna": "3.20", "jsonschema": "4.26.0", "jsonschema-specifications": "2025.9.1", "opentelemetry-api": "1.45.0", "pillow": "12.3.0", "psycopg": "3.3.6", "psycopg-binary": "3.3.6", "pydantic": "2.13.5", "pydantic-settings": "2.15.0", "pydantic_core": "2.46.5", "pypdf": "6.19.0", "python-dotenv": "1.2.4", "referencing": "0.37.0", "reportlab": "4.5.1", "rpds-py": "2026.9.1", "SQLAlchemy": "2.1.3", "starlette": "1.7.0", "typing-inspection": "0.4.4", "typing_extensions": "4.16.0", "tzdata": "2026.3", "uvicorn": "0.54.0"}}, "vc_runtime": {"msvcp140.dll": {"location": "C:\\Windows\\System32\\msvcp140.dll", "sha256": "7c26614e1d733892c2deac7e245ce115504b1d80592dd0a01b08e3e5a55f89ca"}, "vcruntime140.dll": {"location": "C:\\Windows\\System32\\vcruntime140.dll", "sha256": "d1f4225df2cd877dbf130d5668a021dce3f94118455ff5ec952061c30afc9ce7"}}, "postgres_version": "postgres (PostgreSQL) 16.15", "pgcrypto": "PASS", "custom_dump_restore": "PASS", "utf8_roundtrip": "PASS", "packaged_app_import": "PASS"}
2026-10-09T14:24:30.9882631Z ##[group]Run actions/upload-artifact@v4.6.2
2026-10-09T14:24:30.9882994Z with:
2026-10-09T14:24:30.9883513Z   name: windows-native-receipts-99c43b6892038233c390be2ae61acb669163d0b5
2026-10-09T14:24:30.9884951Z   path: D:\a\_temp\r2-complete-package/receipts
D:\a\_temp\r2-complete-package/base/base-input-provenance.json
D:\a\_temp\r2-complete-package/package/*.json
D:\a\_temp\r2-complete-package/package/*.txt
D:\a\_temp\r2-complete-package/native-smoke/native-base-smoke.json
D:\a\_temp\r2-complete-package/native-smoke/command-logs

2026-10-09T14:24:30.9886195Z   if-no-files-found: error
2026-10-09T14:24:30.9886410Z   retention-days: 14
2026-10-09T14:24:30.9886608Z   compression-level: 6
2026-10-09T14:24:30.9886815Z   overwrite: false
2026-10-09T14:24:30.9887013Z   include-hidden-files: false
2026-10-09T14:24:30.9887228Z env:
2026-10-09T14:24:30.9887389Z   MOCK_PROVIDER: true
2026-10-09T14:24:30.9887580Z   MOCK_STREAM_DELAY_MS: 0
2026-10-09T14:24:30.9887802Z   ENABLE_CLOUD: false
2026-10-09T14:24:30.9887997Z   CREDENTIAL_VAULT_BACKEND: memory
2026-10-09T14:24:30.9888262Z   CREDENTIAL_VAULT_ALLOW_MEMORY_FALLBACK: true
2026-10-09T14:24:30.9888557Z   PYTHONDONTWRITEBYTECODE: 1
2026-10-09T14:24:30.9888781Z   HF_HUB_OFFLINE: 1
2026-10-09T14:24:30.9888968Z   TRANSFORMERS_OFFLINE: 1
2026-10-09T14:24:30.9889253Z   pythonLocation: C:\hostedtoolcache\windows\Python\3.12.9\x64
2026-10-09T14:24:30.9889688Z   PKG_CONFIG_PATH: C:\hostedtoolcache\windows\Python\3.12.9\x64/lib/pkgconfig
2026-10-09T14:24:30.9890117Z   Python_ROOT_DIR: C:\hostedtoolcache\windows\Python\3.12.9\x64
2026-10-09T14:24:30.9890513Z   Python2_ROOT_DIR: C:\hostedtoolcache\windows\Python\3.12.9\x64
2026-10-09T14:24:30.9890902Z   Python3_ROOT_DIR: C:\hostedtoolcache\windows\Python\3.12.9\x64
2026-10-09T14:24:30.9891224Z   DOTNET_ROOT: C:\Program Files\dotnet
2026-10-09T14:24:30.9891497Z   R2_PACKAGE_ROOT: D:\a\_temp\r2-complete-package
2026-10-09T14:24:30.9891821Z   NOVEL_DATA_PATH: D:\a\_temp\r2-complete-package/data
2026-10-09T14:24:30.9892104Z   STORAGE_BACKEND: file
2026-10-09T14:24:30.9892340Z   PROJECT_ROOT: D:\a\AI-Novel-Studio\AI-Novel-Studio
2026-10-09T14:24:30.9892613Z ##[endgroup]
2026-10-09T14:24:31.1814689Z (node:3792) [DEP0040] DeprecationWarning: The `punycode` module is deprecated. Please use a userland alternative instead.
2026-10-09T14:24:31.1815675Z (Use `node --trace-deprecation ...` to show where the warning was created)
2026-10-09T14:24:31.2072969Z Multiple search paths detected. Calculating the least common ancestor of all paths
2026-10-09T14:24:31.2077287Z The least common ancestor is D:\a\_temp\r2-complete-package. This will be the root directory of the artifact
2026-10-09T14:24:31.2078467Z With the provided path, there will be 35 files uploaded
2026-10-09T14:24:31.2083588Z Artifact name is valid!
2026-10-09T14:24:31.2085175Z Root directory input is valid!
2026-10-09T14:24:31.4025545Z Beginning upload of artifact content to blob storage
2026-10-09T14:24:31.5181862Z (node:3792) [DEP0169] DeprecationWarning: `url.parse()` behavior is not standardized and prone to errors that have security implications. Use the WHATWG URL API instead. CVEs are not issued for `url.parse()` vulnerabilities.
2026-10-09T14:24:31.6191834Z Uploaded bytes 581696
2026-10-09T14:24:31.6376232Z Finished uploading artifact content to blob storage!
2026-10-09T14:24:31.6377842Z SHA256 digest of uploaded artifact zip is 0e0c776e4a8258ded538f8f7f9e9932aa138ca20bb2232a1c3dcca6ea2384bc7
2026-10-09T14:24:31.6380542Z Finalizing artifact upload
2026-10-09T14:24:31.8815570Z Artifact windows-native-receipts-99c43b6892038233c390be2ae61acb669163d0b5.zip successfully finalized. Artifact ID 11623295954
2026-10-09T14:24:31.8817575Z Artifact windows-native-receipts-99c43b6892038233c390be2ae61acb669163d0b5 has been successfully uploaded! Final size is 581696 bytes. Artifact ID is 11623295954
2026-10-09T14:24:31.8828874Z Artifact download URL: https://github.com/1785235376-blip/AI-Novel-Studio/actions/runs/37943398984/artifacts/11623295954
2026-10-09T14:24:31.9073411Z ##[group]Run actions/upload-artifact@v4.6.2
2026-10-09T14:24:31.9073791Z with:
2026-10-09T14:24:31.9074300Z   name: windows-acceptance-99c43b6892038233c390be2ae61acb669163d0b5
2026-10-09T14:24:31.9075608Z   path: D:\a\_temp\r2-complete-package/receipts
D:\a\_temp\r2-complete-package/base/base-input-provenance.json
D:\a\_temp\r2-complete-package/package/*.json
D:\a\_temp\r2-complete-package/package/*.txt
D:\a\_temp\r2-complete-package/package/*.zip
D:\a\_temp\r2-complete-package/native-smoke/native-base-smoke.json

2026-10-09T14:24:31.9076810Z   if-no-files-found: error
2026-10-09T14:24:31.9077036Z   retention-days: 14
2026-10-09T14:24:31.9077252Z   compression-level: 6
2026-10-09T14:24:31.9077462Z   overwrite: false
2026-10-09T14:24:31.9077654Z   include-hidden-files: false
2026-10-09T14:24:31.9077870Z env:
2026-10-09T14:24:31.9078031Z   MOCK_PROVIDER: true
2026-10-09T14:24:31.9078221Z   MOCK_STREAM_DELAY_MS: 0
2026-10-09T14:24:31.9078419Z   ENABLE_CLOUD: false
2026-10-09T14:24:31.9078647Z   CREDENTIAL_VAULT_BACKEND: memory
2026-10-09T14:24:31.9078910Z   CREDENTIAL_VAULT_ALLOW_MEMORY_FALLBACK: true
2026-10-09T14:24:31.9079196Z   PYTHONDONTWRITEBYTECODE: 1
2026-10-09T14:24:31.9079412Z   HF_HUB_OFFLINE: 1
2026-10-09T14:24:31.9079601Z   TRANSFORMERS_OFFLINE: 1
2026-10-09T14:24:31.9079879Z   pythonLocation: C:\hostedtoolcache\windows\Python\3.12.9\x64
2026-10-09T14:24:31.9080313Z   PKG_CONFIG_PATH: C:\hostedtoolcache\windows\Python\3.12.9\x64/lib/pkgconfig
2026-10-09T14:24:31.9080754Z   Python_ROOT_DIR: C:\hostedtoolcache\windows\Python\3.12.9\x64
2026-10-09T14:24:31.9081143Z   Python2_ROOT_DIR: C:\hostedtoolcache\windows\Python\3.12.9\x64
2026-10-09T14:24:31.9081556Z   Python3_ROOT_DIR: C:\hostedtoolcache\windows\Python\3.12.9\x64
2026-10-09T14:24:31.9081897Z   DOTNET_ROOT: C:\Program Files\dotnet
2026-10-09T14:24:31.9082187Z   R2_PACKAGE_ROOT: D:\a\_temp\r2-complete-package
2026-10-09T14:24:31.9082520Z   NOVEL_DATA_PATH: D:\a\_temp\r2-complete-package/data
2026-10-09T14:24:31.9082811Z   STORAGE_BACKEND: file
2026-10-09T14:24:31.9083064Z   PROJECT_ROOT: D:\a\AI-Novel-Studio\AI-Novel-Studio
2026-10-09T14:24:31.9083353Z ##[endgroup]
2026-10-09T14:24:32.0954642Z (node:3992) [DEP0040] DeprecationWarning: The `punycode` module is deprecated. Please use a userland alternative instead.
2026-10-09T14:24:32.0955476Z (Use `node --trace-deprecation ...` to show where the warning was created)
2026-10-09T14:24:32.1095815Z Multiple search paths detected. Calculating the least common ancestor of all paths
2026-10-09T14:24:32.1099929Z The least common ancestor is D:\a\_temp\r2-complete-package. This will be the root directory of the artifact
2026-10-09T14:24:32.1100786Z With the provided path, there will be 14 files uploaded
2026-10-09T14:24:32.1105987Z Artifact name is valid!
2026-10-09T14:24:32.1107862Z Root directory input is valid!
2026-10-09T14:24:32.3301782Z Beginning upload of artifact content to blob storage
2026-10-09T14:24:32.6336896Z (node:3992) [DEP0169] DeprecationWarning: `url.parse()` behavior is not standardized and prone to errors that have security implications. Use the WHATWG URL API instead. CVEs are not issued for `url.parse()` vulnerabilities.
2026-10-09T14:24:32.9262598Z Uploaded bytes 8388608
2026-10-09T14:24:33.2143348Z Uploaded bytes 16777216
2026-10-09T14:24:33.4672810Z Uploaded bytes 25165824
2026-10-09T14:24:33.6239273Z Uploaded bytes 33554432
2026-10-09T14:24:33.8637564Z Uploaded bytes 41943040
2026-10-09T14:24:34.1265422Z Uploaded bytes 50331648
2026-10-09T14:24:34.4408143Z Uploaded bytes 58720256
2026-10-09T14:24:34.6392275Z Uploaded bytes 67108864
2026-10-09T14:24:34.9673296Z Uploaded bytes 75497472
2026-10-09T14:24:35.0948900Z Uploaded bytes 83886080
2026-10-09T14:24:35.4116057Z Uploaded bytes 92274688
2026-10-09T14:24:35.6918191Z Uploaded bytes 100663296
2026-10-09T14:24:35.8749396Z Uploaded bytes 109051904
2026-10-09T14:24:36.1590386Z Uploaded bytes 117440512
2026-10-09T14:24:36.3408979Z Uploaded bytes 125829120
2026-10-09T14:24:36.6144976Z Uploaded bytes 134217728
2026-10-09T14:24:36.9271833Z Uploaded bytes 142606336
2026-10-09T14:24:37.1146802Z Uploaded bytes 150994944
2026-10-09T14:24:37.4188726Z Uploaded bytes 159383552
2026-10-09T14:24:37.6107160Z Uploaded bytes 163698793
2026-10-09T14:24:37.6304845Z Finished uploading artifact content to blob storage!
2026-10-09T14:24:37.6308983Z SHA256 digest of uploaded artifact zip is fd75ed4f5a53e213bec0c7835f6995ded910c6301502ee2e788a6435c005564e
2026-10-09T14:24:37.6311402Z Finalizing artifact upload
2026-10-09T14:24:37.8825489Z Artifact windows-acceptance-99c43b6892038233c390be2ae61acb669163d0b5.zip successfully finalized. Artifact ID 11623330616
2026-10-09T14:24:37.8827182Z Artifact windows-acceptance-99c43b6892038233c390be2ae61acb669163d0b5 has been successfully uploaded! Final size is 163698793 bytes. Artifact ID is 11623330616
2026-10-09T14:24:37.8838379Z Artifact download URL: https://github.com/1785235376-blip/AI-Novel-Studio/actions/runs/37943398984/artifacts/11623330616
2026-10-09T14:24:37.9130728Z Post job cleanup.
2026-10-09T14:24:38.0580696Z (node:1992) [DEP0040] DeprecationWarning: The `punycode` module is deprecated. Please use a userland alternative instead.
2026-10-09T14:24:38.0581601Z (Use `node --trace-deprecation ...` to show where the warning was created)
2026-10-09T14:24:38.0836865Z Post job cleanup.
2026-10-09T14:24:38.2280769Z (node:7436) [DEP0040] DeprecationWarning: The `punycode` module is deprecated. Please use a userland alternative instead.
2026-10-09T14:24:38.2281612Z (Use `node --trace-deprecation ...` to show where the warning was created)
2026-10-09T14:24:38.2533606Z Post job cleanup.
2026-10-09T14:24:38.3991907Z (node:7724) [DEP0040] DeprecationWarning: The `punycode` module is deprecated. Please use a userland alternative instead.
2026-10-09T14:24:38.3993457Z (Use `node --trace-deprecation ...` to show where the warning was created)
2026-10-09T14:24:38.4272674Z Post job cleanup.
2026-10-09T14:24:38.6208001Z [command]"C:\Program Files\Git\bin\git.exe" version
2026-10-09T14:24:38.6487264Z git version 2.56.0.windows.1
2026-10-09T14:24:38.6552873Z Temporarily overriding HOME='D:\a\_temp\77e6998d-1b32-471e-a69f-e0c4b0a04ed8' before making global git config changes
2026-10-09T14:24:38.6554367Z Adding repository directory to the temporary git global config as a safe directory
2026-10-09T14:24:38.6566095Z [command]"C:\Program Files\Git\bin\git.exe" config --global --add safe.directory D:\a\AI-Novel-Studio\AI-Novel-Studio
2026-10-09T14:24:38.6880370Z [command]"C:\Program Files\Git\bin\git.exe" config --local --name-only --get-regexp core\.sshCommand
2026-10-09T14:24:38.7175337Z [command]"C:\Program Files\Git\bin\git.exe" submodule foreach --recursive "sh -c \"git config --local --name-only --get-regexp 'core\.sshCommand' && git config --local --unset-all 'core.sshCommand' || :\""
2026-10-09T14:24:39.1854907Z [command]"C:\Program Files\Git\bin\git.exe" config --local --name-only --get-regexp http\.https\:\/\/github\.com\/\.extraheader
2026-10-09T14:24:39.2147208Z [command]"C:\Program Files\Git\bin\git.exe" submodule foreach --recursive "sh -c \"git config --local --name-only --get-regexp 'http\.https\:\/\/github\.com\/\.extraheader' && git config --local --unset-all 'http.https://github.com/.extraheader' || :\""
2026-10-09T14:24:39.7381747Z Cleaning up orphan processes
2026-10-09T14:24:39.7829920Z Terminate orphan process: pid (4268) (dotnet)
2026-10-09T14:24:39.7966795Z Terminate orphan process: pid (844) (conhost)
2026-10-09T14:24:39.7983564Z ##[warning]Node.js 20 is deprecated. The following actions target Node.js 20 but are being forced to run on Node.js 24: actions/checkout@v4.2.2, actions/setup-dotnet@v4, actions/setup-node@v4.4.0, actions/setup-python@v5.6.0, actions/upload-artifact@v4.6.2. For more information see: https://github.blog/changelog/2025-09-19-deprecation-of-node-20-on-github-actions-runners/
