2026-10-09T14:21:13.2569612Z Current runner version: '2.337.0'
2026-10-09T14:21:13.2595971Z ##[group]Runner Image Provisioner
2026-10-09T14:21:13.2597005Z Hosted Compute Agent
2026-10-09T14:21:13.2597648Z Version: 20261002.596
2026-10-09T14:21:13.2598406Z Commit: c3d12f3313a95f25162a1503be624f3b0617f8c0
2026-10-09T14:21:13.2599202Z Build Date: 2026-10-02T22:28:27Z
2026-10-09T14:21:13.2599941Z Worker ID: {eb5aa344-1f5f-4245-85b6-81da1dfc5dfd}
2026-10-09T14:21:13.2600811Z Region: southcentralus
2026-10-09T14:21:13.2601443Z Cloud: Azure
2026-10-09T14:21:13.2602101Z ##[endgroup]
2026-10-09T14:21:13.2604324Z ##[group]Operating System
2026-10-09T14:21:13.2605034Z Ubuntu
2026-10-09T14:21:13.2605970Z 24.04.5
2026-10-09T14:21:13.2606544Z LTS
2026-10-09T14:21:13.2607150Z ##[endgroup]
2026-10-09T14:21:13.2607865Z ##[group]Runner Image
2026-10-09T14:21:13.2608532Z Image: ubuntu-24.04
2026-10-09T14:21:13.2609249Z Version: 20261004.327.1
2026-10-09T14:21:13.2610612Z Included Software: https://github.com/actions/runner-images/blob/ubuntu24/20261004.327/images/ubuntu/Ubuntu2404-Readme.md
2026-10-09T14:21:13.2612283Z Image Release: https://github.com/actions/runner-images/releases/tag/ubuntu24%2F20261004.327
2026-10-09T14:21:13.2613350Z ##[endgroup]
2026-10-09T14:21:13.2614640Z ##[group]GITHUB_TOKEN Permissions
2026-10-09T14:21:13.2617069Z Contents: read
2026-10-09T14:21:13.2617813Z Metadata: read
2026-10-09T14:21:13.2618436Z ##[endgroup]
2026-10-09T14:21:13.2620511Z Secret source: Actions
2026-10-09T14:21:13.2621601Z Cache mode: write
2026-10-09T14:21:13.2622755Z Prepare workflow directory
2026-10-09T14:21:13.3015745Z Prepare all required actions
2026-10-09T14:21:13.3064820Z Getting action download info
2026-10-09T14:21:13.5787440Z Download action repository 'actions/checkout@v4.2.2' (SHA:11bd71901bbe5b1630ceea73d27597364c9af683)
2026-10-09T14:21:13.6966526Z Download action repository 'actions/setup-python@v5.6.0' (SHA:a26af69be951a213d495a4c3e4e4022e16d87065)
2026-10-09T14:21:13.8252634Z Download action repository 'actions/upload-artifact@v4.6.2' (SHA:ea165f8d65b6e75b540449e92b4886f43607fa02)
2026-10-09T14:21:14.0733299Z Complete job name: Backend execution / original File TCP
2026-10-09T14:21:14.1498738Z ##[group]Run actions/checkout@v4.2.2
2026-10-09T14:21:14.1499572Z with:
2026-10-09T14:21:14.1500015Z   persist-credentials: false
2026-10-09T14:21:14.1500576Z   repository: 1785235376-blip/AI-Novel-Studio
2026-10-09T14:21:14.1504383Z   token: ***
2026-10-09T14:21:14.1504824Z   ssh-strict: true
2026-10-09T14:21:14.1505515Z   ssh-user: git
2026-10-09T14:21:14.1505949Z   clean: true
2026-10-09T14:21:14.1506412Z   sparse-checkout-cone-mode: true
2026-10-09T14:21:14.1506936Z   fetch-depth: 1
2026-10-09T14:21:14.1507364Z   fetch-tags: false
2026-10-09T14:21:14.1507806Z   show-progress: true
2026-10-09T14:21:14.1508256Z   lfs: false
2026-10-09T14:21:14.1508664Z   submodules: false
2026-10-09T14:21:14.1509116Z   set-safe-directory: true
2026-10-09T14:21:14.1509769Z env:
2026-10-09T14:21:14.1510169Z   MOCK_PROVIDER: true
2026-10-09T14:21:14.1510621Z   MOCK_STREAM_DELAY_MS: 0
2026-10-09T14:21:14.1511137Z   ENABLE_CLOUD: false
2026-10-09T14:21:14.1511594Z   CREDENTIAL_VAULT_BACKEND: memory
2026-10-09T14:21:14.1512185Z   CREDENTIAL_VAULT_ALLOW_MEMORY_FALLBACK: true
2026-10-09T14:21:14.1512792Z   PYTHONDONTWRITEBYTECODE: 1
2026-10-09T14:21:14.1513280Z   HF_HUB_OFFLINE: 1
2026-10-09T14:21:14.1513717Z   TRANSFORMERS_OFFLINE: 1
2026-10-09T14:21:14.1514283Z ##[endgroup]
2026-10-09T14:21:14.2571640Z Syncing repository: 1785235376-blip/AI-Novel-Studio
2026-10-09T14:21:14.2574154Z ##[group]Getting Git version info
2026-10-09T14:21:14.2575600Z Working directory is '/home/runner/work/AI-Novel-Studio/AI-Novel-Studio'
2026-10-09T14:21:14.2577392Z [command]/usr/bin/git version
2026-10-09T14:21:14.2648529Z git version 2.55.0
2026-10-09T14:21:14.2669993Z ##[endgroup]
2026-10-09T14:21:14.2684732Z Temporarily overriding HOME='/home/runner/work/_temp/da03a941-2e1c-468e-b2e6-eae6ea255024' before making global git config changes
2026-10-09T14:21:14.2691532Z Adding repository directory to the temporary git global config as a safe directory
2026-10-09T14:21:14.2693685Z [command]/usr/bin/git config --global --add safe.directory /home/runner/work/AI-Novel-Studio/AI-Novel-Studio
2026-10-09T14:21:14.2746092Z Deleting the contents of '/home/runner/work/AI-Novel-Studio/AI-Novel-Studio'
2026-10-09T14:21:14.2749580Z ##[group]Initializing the repository
2026-10-09T14:21:14.2754899Z [command]/usr/bin/git init /home/runner/work/AI-Novel-Studio/AI-Novel-Studio
2026-10-09T14:21:14.2867777Z hint: Using 'master' as the name for the initial branch. This default branch name
2026-10-09T14:21:14.2869686Z hint: will change to "main" in Git 3.0. To configure the initial branch name
2026-10-09T14:21:14.2871489Z hint: to use in all of your new repositories, which will suppress this warning,
2026-10-09T14:21:14.2873058Z hint: call:
2026-10-09T14:21:14.2873906Z hint:
2026-10-09T14:21:14.2874854Z hint: 	git config --global init.defaultBranch <name>
2026-10-09T14:21:14.2876479Z hint:
2026-10-09T14:21:14.2877675Z hint: Names commonly chosen instead of 'master' are 'main', 'trunk' and
2026-10-09T14:21:14.2879426Z hint: 'development'. The just-created branch can be renamed via this command:
2026-10-09T14:21:14.2880893Z hint:
2026-10-09T14:21:14.2881824Z hint: 	git branch -m <name>
2026-10-09T14:21:14.2882818Z hint:
2026-10-09T14:21:14.2884022Z hint: Disable this message with "git config set advice.defaultBranchName false"
2026-10-09T14:21:14.2886353Z Initialized empty Git repository in /home/runner/work/AI-Novel-Studio/AI-Novel-Studio/.git/
2026-10-09T14:21:14.2901547Z [command]/usr/bin/git remote add origin https://github.com/1785235376-blip/AI-Novel-Studio
2026-10-09T14:21:14.2971299Z ##[endgroup]
2026-10-09T14:21:14.2972811Z ##[group]Disabling automatic garbage collection
2026-10-09T14:21:14.2974265Z [command]/usr/bin/git config --local gc.auto 0
2026-10-09T14:21:14.3027459Z ##[endgroup]
2026-10-09T14:21:14.3028790Z ##[group]Setting up auth
2026-10-09T14:21:14.3030254Z [command]/usr/bin/git config --local --name-only --get-regexp core\.sshCommand
2026-10-09T14:21:14.3071526Z [command]/usr/bin/git submodule foreach --recursive sh -c "git config --local --name-only --get-regexp 'core\.sshCommand' && git config --local --unset-all 'core.sshCommand' || :"
2026-10-09T14:21:14.3533281Z [command]/usr/bin/git config --local --name-only --get-regexp http\.https\:\/\/github\.com\/\.extraheader
2026-10-09T14:21:14.3576305Z [command]/usr/bin/git submodule foreach --recursive sh -c "git config --local --name-only --get-regexp 'http\.https\:\/\/github\.com\/\.extraheader' && git config --local --unset-all 'http.https://github.com/.extraheader' || :"
2026-10-09T14:21:14.3827643Z [command]/usr/bin/git config --local http.https://github.com/.extraheader AUTHORIZATION: basic ***
2026-10-09T14:21:14.3872621Z ##[endgroup]
2026-10-09T14:21:14.3873528Z ##[group]Fetching the repository
2026-10-09T14:21:14.3883390Z [command]/usr/bin/git -c protocol.version=2 fetch --no-tags --prune --no-recurse-submodules --depth=1 origin +7f0d911549b04e8dbb7cf078316ad74c42095449:refs/remotes/pull/47/merge
2026-10-09T14:21:21.8212876Z From https://github.com/1785235376-blip/AI-Novel-Studio
2026-10-09T14:21:21.8214856Z  * [new ref]         7f0d911549b04e8dbb7cf078316ad74c42095449 -> pull/47/merge
2026-10-09T14:21:21.8227009Z ##[endgroup]
2026-10-09T14:21:21.8229339Z ##[group]Determining the checkout info
2026-10-09T14:21:21.8230777Z ##[endgroup]
2026-10-09T14:21:21.8231622Z [command]/usr/bin/git sparse-checkout disable
2026-10-09T14:21:21.8292700Z [command]/usr/bin/git config --local --unset-all extensions.worktreeConfig
2026-10-09T14:21:21.8328355Z ##[group]Checking out the ref
2026-10-09T14:21:21.8346674Z [command]/usr/bin/git checkout --progress --force refs/remotes/pull/47/merge
2026-10-09T14:21:22.5130761Z Note: switching to 'refs/remotes/pull/47/merge'.
2026-10-09T14:21:22.5131243Z 
2026-10-09T14:21:22.5131519Z You are in 'detached HEAD' state. You can look around, make experimental
2026-10-09T14:21:22.5132149Z changes and commit them, and you can discard any commits you make in this
2026-10-09T14:21:22.5133143Z state without impacting any branches by switching back to a branch.
2026-10-09T14:21:22.5133525Z 
2026-10-09T14:21:22.5133804Z If you want to create a new branch to retain commits you create, you may
2026-10-09T14:21:22.5134397Z do so (now or later) by using -c with the switch command. Example:
2026-10-09T14:21:22.5134717Z 
2026-10-09T14:21:22.5134882Z   git switch -c <new-branch-name>
2026-10-09T14:21:22.5135322Z 
2026-10-09T14:21:22.5135481Z Or undo this operation with:
2026-10-09T14:21:22.5135698Z 
2026-10-09T14:21:22.5135843Z   git switch -
2026-10-09T14:21:22.5136061Z 
2026-10-09T14:21:22.5242656Z Turn off this advice by setting config variable advice.detachedHead to false
2026-10-09T14:21:22.5246552Z 
2026-10-09T14:21:22.5247026Z HEAD is now at 7f0d911 Merge 99c43b6892038233c390be2ae61acb669163d0b5 into fed2404c8e30b44061b7139dced45b7f3301601c
2026-10-09T14:21:22.5248881Z ##[endgroup]
2026-10-09T14:21:22.5250022Z [command]/usr/bin/git log -1 --format=%H
2026-10-09T14:21:22.5264355Z 7f0d911549b04e8dbb7cf078316ad74c42095449
2026-10-09T14:21:22.5277256Z ##[group]Removing auth
2026-10-09T14:21:22.5278161Z [command]/usr/bin/git config --local --name-only --get-regexp core\.sshCommand
2026-10-09T14:21:22.5323261Z [command]/usr/bin/git submodule foreach --recursive sh -c "git config --local --name-only --get-regexp 'core\.sshCommand' && git config --local --unset-all 'core.sshCommand' || :"
2026-10-09T14:21:22.5566855Z [command]/usr/bin/git config --local --name-only --get-regexp http\.https\:\/\/github\.com\/\.extraheader
2026-10-09T14:21:22.5598339Z http.https://github.com/.extraheader
2026-10-09T14:21:22.5605592Z [command]/usr/bin/git config --local --unset-all http.https://github.com/.extraheader
2026-10-09T14:21:22.5643705Z [command]/usr/bin/git submodule foreach --recursive sh -c "git config --local --name-only --get-regexp 'http\.https\:\/\/github\.com\/\.extraheader' && git config --local --unset-all 'http.https://github.com/.extraheader' || :"
2026-10-09T14:21:22.5880909Z ##[endgroup]
2026-10-09T14:21:22.6149158Z ##[group]Run actions/setup-python@v5.6.0
2026-10-09T14:21:22.6149589Z with:
2026-10-09T14:21:22.6149887Z   python-version: 3.12.9
2026-10-09T14:21:22.6150223Z   check-latest: false
2026-10-09T14:21:22.6152944Z   token: ***
2026-10-09T14:21:22.6153262Z   update-environment: true
2026-10-09T14:21:22.6153613Z   allow-prereleases: false
2026-10-09T14:21:22.6153947Z   freethreaded: false
2026-10-09T14:21:22.6154250Z env:
2026-10-09T14:21:22.6154527Z   MOCK_PROVIDER: true
2026-10-09T14:21:22.6154841Z   MOCK_STREAM_DELAY_MS: 0
2026-10-09T14:21:22.6155319Z   ENABLE_CLOUD: false
2026-10-09T14:21:22.6155641Z   CREDENTIAL_VAULT_BACKEND: memory
2026-10-09T14:21:22.6156038Z   CREDENTIAL_VAULT_ALLOW_MEMORY_FALLBACK: true
2026-10-09T14:21:22.6156453Z   PYTHONDONTWRITEBYTECODE: 1
2026-10-09T14:21:22.6156789Z   HF_HUB_OFFLINE: 1
2026-10-09T14:21:22.6157098Z   TRANSFORMERS_OFFLINE: 1
2026-10-09T14:21:22.6157414Z ##[endgroup]
2026-10-09T14:21:22.7502455Z ##[group]Installed versions
2026-10-09T14:21:22.7597100Z Version 3.12.9 was not found in the local cache
2026-10-09T14:21:22.7707089Z (node:2332) [DEP0040] DeprecationWarning: The `punycode` module is deprecated. Please use a userland alternative instead.
2026-10-09T14:21:22.7707999Z (Use `node --trace-deprecation ...` to show where the warning was created)
2026-10-09T14:21:23.8019877Z Version 3.12.9 is available for downloading
2026-10-09T14:21:23.8021334Z Download from "https://github.com/actions/python-versions/releases/download/3.12.9-13149478207/python-3.12.9-linux-24.04-x64.tar.gz"
2026-10-09T14:21:24.5892148Z Extract downloaded archive
2026-10-09T14:21:24.6016785Z [command]/usr/bin/tar xz --warning=no-unknown-keyword --overwrite -C /home/runner/work/_temp/ae692e6e-51cb-48d2-a39e-d9934b15416e -f /home/runner/work/_temp/6c935d1f-adf1-44db-b626-d1051a5b9090
2026-10-09T14:21:26.8072665Z Execute installation script
2026-10-09T14:21:26.8182046Z Check if Python hostedtoolcache folder exist...
2026-10-09T14:21:26.8182946Z Create Python 3.12.9 folder
2026-10-09T14:21:26.8197571Z Copy Python binaries to hostedtoolcache folder
2026-10-09T14:21:27.3039069Z Create additional symlinks (Required for the UsePythonVersion Azure Pipelines task and the setup-python GitHub Action)
2026-10-09T14:21:27.3081173Z Upgrading pip...
2026-10-09T14:21:30.0664343Z Looking in links: /tmp/tmpfbftxm1x
2026-10-09T14:21:30.0667512Z Requirement already satisfied: pip in /opt/hostedtoolcache/Python/3.12.9/x64/lib/python3.12/site-packages (24.3.1)
2026-10-09T14:21:32.1379890Z Collecting pip
2026-10-09T14:21:32.1926237Z Downloading pip-26.2.1-py3-none-any.whl.metadata (4.6 kB)
2026-10-09T14:21:32.2097888Z Downloading pip-26.2.1-py3-none-any.whl (1.8 MB)
2026-10-09T14:21:32.2900182Z ━━━━━━━━━━━━━━━━━━━━━━━━━━━━━━━━━━━━━━━━ 1.8/1.8 MB 32.8 MB/s eta 0:00:00
2026-10-09T14:21:32.2900652Z 
2026-10-09T14:21:32.3154681Z Installing collected packages: pip
2026-10-09T14:21:32.3155698Z Attempting uninstall: pip
2026-10-09T14:21:32.3176654Z Found existing installation: pip 24.3.1
2026-10-09T14:21:32.3501878Z Uninstalling pip-24.3.1:
2026-10-09T14:21:32.3585589Z Successfully uninstalled pip-24.3.1
2026-10-09T14:21:33.2518408Z Successfully installed pip-26.2.1
2026-10-09T14:21:33.3035329Z Create complete file
2026-10-09T14:21:33.3074431Z Successfully set up CPython (3.12.9)
2026-10-09T14:21:33.3075766Z ##[endgroup]
2026-10-09T14:21:33.3271197Z ##[group]Run bash .github/ci/prepare.sh backend-tcp
2026-10-09T14:21:33.3271681Z [36;1mbash .github/ci/prepare.sh backend-tcp[0m
2026-10-09T14:21:33.3517537Z shell: /usr/bin/bash -e {0}
2026-10-09T14:21:33.3517866Z env:
2026-10-09T14:21:33.3518104Z   MOCK_PROVIDER: true
2026-10-09T14:21:33.3518385Z   MOCK_STREAM_DELAY_MS: 0
2026-10-09T14:21:33.3518649Z   ENABLE_CLOUD: false
2026-10-09T14:21:33.3518887Z   CREDENTIAL_VAULT_BACKEND: memory
2026-10-09T14:21:33.3519178Z   CREDENTIAL_VAULT_ALLOW_MEMORY_FALLBACK: true
2026-10-09T14:21:33.3519499Z   PYTHONDONTWRITEBYTECODE: 1
2026-10-09T14:21:33.3519757Z   HF_HUB_OFFLINE: 1
2026-10-09T14:21:33.3519977Z   TRANSFORMERS_OFFLINE: 1
2026-10-09T14:21:33.3520310Z   pythonLocation: /opt/hostedtoolcache/Python/3.12.9/x64
2026-10-09T14:21:33.3520760Z   PKG_CONFIG_PATH: /opt/hostedtoolcache/Python/3.12.9/x64/lib/pkgconfig
2026-10-09T14:21:33.3521192Z   Python_ROOT_DIR: /opt/hostedtoolcache/Python/3.12.9/x64
2026-10-09T14:21:33.3521637Z   Python2_ROOT_DIR: /opt/hostedtoolcache/Python/3.12.9/x64
2026-10-09T14:21:33.3522023Z   Python3_ROOT_DIR: /opt/hostedtoolcache/Python/3.12.9/x64
2026-10-09T14:21:33.3522403Z   LD_LIBRARY_PATH: /opt/hostedtoolcache/Python/3.12.9/x64/lib
2026-10-09T14:21:33.3522738Z ##[endgroup]
2026-10-09T14:21:34.1211219Z ##[group]Run python -m pip install -c .github/ci/python-constraints.txt -e '.[dev,fontbuild,otio,comic]'
2026-10-09T14:21:34.1212029Z [36;1mpython -m pip install -c .github/ci/python-constraints.txt -e '.[dev,fontbuild,otio,comic]'[0m
2026-10-09T14:21:34.1212558Z [36;1mpython -m pip check[0m
2026-10-09T14:21:34.1212970Z [36;1mpython -m pip freeze --exclude-editable > "$CI_RECEIPTS/python-packages.txt"[0m
2026-10-09T14:21:34.1285238Z shell: /usr/bin/bash -e {0}
2026-10-09T14:21:34.1285511Z env:
2026-10-09T14:21:34.1285721Z   MOCK_PROVIDER: true
2026-10-09T14:21:34.1285968Z   MOCK_STREAM_DELAY_MS: 0
2026-10-09T14:21:34.1286203Z   ENABLE_CLOUD: false
2026-10-09T14:21:34.1286429Z   CREDENTIAL_VAULT_BACKEND: memory
2026-10-09T14:21:34.1286729Z   CREDENTIAL_VAULT_ALLOW_MEMORY_FALLBACK: true
2026-10-09T14:21:34.1287045Z   PYTHONDONTWRITEBYTECODE: 1
2026-10-09T14:21:34.1287305Z   HF_HUB_OFFLINE: 1
2026-10-09T14:21:34.1287521Z   TRANSFORMERS_OFFLINE: 1
2026-10-09T14:21:34.1287862Z   pythonLocation: /opt/hostedtoolcache/Python/3.12.9/x64
2026-10-09T14:21:34.1288290Z   PKG_CONFIG_PATH: /opt/hostedtoolcache/Python/3.12.9/x64/lib/pkgconfig
2026-10-09T14:21:34.1288705Z   Python_ROOT_DIR: /opt/hostedtoolcache/Python/3.12.9/x64
2026-10-09T14:21:34.1289080Z   Python2_ROOT_DIR: /opt/hostedtoolcache/Python/3.12.9/x64
2026-10-09T14:21:34.1289453Z   Python3_ROOT_DIR: /opt/hostedtoolcache/Python/3.12.9/x64
2026-10-09T14:21:34.1290009Z   LD_LIBRARY_PATH: /opt/hostedtoolcache/Python/3.12.9/x64/lib
2026-10-09T14:21:34.1290399Z   CI_COVERAGE_SHA: 7f0d911549b04e8dbb7cf078316ad74c42095449
2026-10-09T14:21:34.1290778Z   CI_COVERAGE_TREE: 69d69ffe71838263069d164a0a07b39b5f4a4333
2026-10-09T14:21:34.1291183Z   CI_SANDBOX: /home/runner/work/_temp/novel-ci-backend-tcp.Br7rdW
2026-10-09T14:21:34.1291631Z   CI_PROJECT: /home/runner/work/_temp/novel-ci-backend-tcp.Br7rdW/project
2026-10-09T14:21:34.1292107Z   CI_RECEIPTS: /home/runner/work/_temp/novel-ci-backend-tcp.Br7rdW/receipts
2026-10-09T14:21:34.1292558Z   HOME: /home/runner/work/_temp/novel-ci-backend-tcp.Br7rdW/home
2026-10-09T14:21:34.1292988Z   USERPROFILE: /home/runner/work/_temp/novel-ci-backend-tcp.Br7rdW/home
2026-10-09T14:21:34.1293451Z   APPDATA: /home/runner/work/_temp/novel-ci-backend-tcp.Br7rdW/appdata
2026-10-09T14:21:34.1293936Z   LOCALAPPDATA: /home/runner/work/_temp/novel-ci-backend-tcp.Br7rdW/localappdata
2026-10-09T14:21:34.1294445Z   XDG_CONFIG_HOME: /home/runner/work/_temp/novel-ci-backend-tcp.Br7rdW/config
2026-10-09T14:21:34.1294928Z   XDG_CACHE_HOME: /home/runner/work/_temp/novel-ci-backend-tcp.Br7rdW/cache
2026-10-09T14:21:34.1295595Z   XDG_DATA_HOME: /home/runner/work/_temp/novel-ci-backend-tcp.Br7rdW/data
2026-10-09T14:21:34.1296046Z   XDG_STATE_HOME: /home/runner/work/_temp/novel-ci-backend-tcp.Br7rdW/state
2026-10-09T14:21:34.1296485Z   TMPDIR: /home/runner/work/_temp/novel-ci-backend-tcp.Br7rdW/tmp
2026-10-09T14:21:34.1296888Z   TMP: /home/runner/work/_temp/novel-ci-backend-tcp.Br7rdW/tmp
2026-10-09T14:21:34.1297288Z   TEMP: /home/runner/work/_temp/novel-ci-backend-tcp.Br7rdW/tmp
2026-10-09T14:21:34.1297721Z   PROJECT_ROOT: /home/runner/work/_temp/novel-ci-backend-tcp.Br7rdW/project
2026-10-09T14:21:34.1298211Z   NOVEL_DATA_PATH: /home/runner/work/_temp/novel-ci-backend-tcp.Br7rdW/data/novels
2026-10-09T14:21:34.1298713Z   BACKUP_PATH: /home/runner/work/_temp/novel-ci-backend-tcp.Br7rdW/data/backups
2026-10-09T14:21:34.1299262Z   DATABASE_BACKUP_PATH: /home/runner/work/_temp/novel-ci-backend-tcp.Br7rdW/data/database-backups
2026-10-09T14:21:34.1299852Z   KNOWLEDGE_SOURCE_PATH: /home/runner/work/_temp/novel-ci-backend-tcp.Br7rdW/data/novels
2026-10-09T14:21:34.1300267Z ##[endgroup]
2026-10-09T14:21:35.1099532Z Obtaining file:///home/runner/work/_temp/novel-ci-backend-tcp.Br7rdW/project
2026-10-09T14:21:35.1117001Z   Installing build dependencies: started
2026-10-09T14:21:36.4272169Z   Installing build dependencies: finished with status 'done'
2026-10-09T14:21:36.4278004Z   Checking if build backend supports build_editable: started
2026-10-09T14:21:37.1374403Z   Checking if build backend supports build_editable: finished with status 'done'
2026-10-09T14:21:37.1381780Z   Getting requirements to build editable: started
2026-10-09T14:21:38.0947493Z   Getting requirements to build editable: finished with status 'done'
2026-10-09T14:21:38.0956376Z   Preparing editable metadata (pyproject.toml): started
2026-10-09T14:21:39.0452552Z   Preparing editable metadata (pyproject.toml): finished with status 'done'
2026-10-09T14:21:39.1789756Z Collecting fastapi<1,>=0.115 (from ai-novel-studio==0.7.0)
2026-10-09T14:21:39.2577470Z   Downloading fastapi-0.142.2-py3-none-any.whl.metadata (27 kB)
2026-10-09T14:21:39.3039925Z Collecting uvicorn<1,>=0.30 (from ai-novel-studio==0.7.0)
2026-10-09T14:21:39.3183424Z   Downloading uvicorn-0.54.0-py3-none-any.whl.metadata (6.6 kB)
2026-10-09T14:21:39.3451774Z Collecting psycopg<4,>=3.2 (from psycopg[binary]<4,>=3.2->ai-novel-studio==0.7.0)
2026-10-09T14:21:39.3593228Z   Downloading psycopg-3.3.6-py3-none-any.whl.metadata (4.4 kB)
2026-10-09T14:21:39.7214285Z Collecting sqlalchemy<3,>=2.0 (from ai-novel-studio==0.7.0)
2026-10-09T14:21:39.7377057Z   Downloading sqlalchemy-2.1.3-cp312-cp312-manylinux2014_x86_64.manylinux_2_17_x86_64.manylinux_2_28_x86_64.whl.metadata (9.7 kB)
2026-10-09T14:21:39.7756461Z Collecting httpx<1,>=0.27 (from ai-novel-studio==0.7.0)
2026-10-09T14:21:39.7906257Z   Downloading httpx-0.28.1-py3-none-any.whl.metadata (7.1 kB)
2026-10-09T14:21:39.8177486Z Collecting pydantic-settings<3,>=2.6 (from ai-novel-studio==0.7.0)
2026-10-09T14:21:39.8324462Z   Downloading pydantic_settings-2.15.0-py3-none-any.whl.metadata (3.9 kB)
2026-10-09T14:21:39.9515684Z Collecting reportlab<5,>=4.0 (from ai-novel-studio==0.7.0)
2026-10-09T14:21:39.9660108Z   Downloading reportlab-4.5.1-py3-none-any.whl.metadata (1.7 kB)
2026-10-09T14:21:39.9963333Z Collecting pypdf==6.19.0 (from ai-novel-studio==0.7.0)
2026-10-09T14:21:40.0107047Z   Downloading pypdf-6.19.0-py3-none-any.whl.metadata (7.5 kB)
2026-10-09T14:21:40.0428963Z Collecting jsonschema<5,>=4.18 (from ai-novel-studio==0.7.0)
2026-10-09T14:21:40.0572975Z   Downloading jsonschema-4.26.0-py3-none-any.whl.metadata (7.6 kB)
2026-10-09T14:21:40.0972804Z Collecting pytest<9,>=8 (from ai-novel-studio==0.7.0)
2026-10-09T14:21:40.1121742Z   Downloading pytest-8.4.2-py3-none-any.whl.metadata (7.7 kB)
2026-10-09T14:21:40.2712921Z Collecting fonttools==4.59.1 (from ai-novel-studio==0.7.0)
2026-10-09T14:21:40.3318609Z   Downloading fonttools-4.59.1-cp312-cp312-manylinux1_x86_64.manylinux2014_x86_64.manylinux_2_17_x86_64.manylinux_2_5_x86_64.whl.metadata (108 kB)
2026-10-09T14:21:40.3892753Z Collecting opentimelineio==0.18.1 (from ai-novel-studio==0.7.0)
2026-10-09T14:21:40.4042851Z   Downloading opentimelineio-0.18.1-cp312-cp312-manylinux2014_x86_64.manylinux_2_17_x86_64.whl.metadata (2.6 kB)
2026-10-09T14:21:40.6052471Z Collecting Pillow==12.3.0 (from ai-novel-studio==0.7.0)
2026-10-09T14:21:40.6197090Z   Downloading pillow-12.3.0-cp312-cp312-manylinux_2_27_x86_64.manylinux_2_28_x86_64.whl.metadata (9.1 kB)
2026-10-09T14:21:40.6558094Z Collecting starlette>=0.46.0 (from fastapi<1,>=0.115->ai-novel-studio==0.7.0)
2026-10-09T14:21:40.6701179Z   Downloading starlette-1.7.0-py3-none-any.whl.metadata (6.6 kB)
2026-10-09T14:21:40.7774476Z Collecting pydantic>=2.9.0 (from fastapi<1,>=0.115->ai-novel-studio==0.7.0)
2026-10-09T14:21:40.7920295Z   Downloading pydantic-2.13.5-py3-none-any.whl.metadata (110 kB)
2026-10-09T14:21:40.8228341Z Collecting typing-extensions>=4.8.0 (from fastapi<1,>=0.115->ai-novel-studio==0.7.0)
2026-10-09T14:21:40.8371615Z   Downloading typing_extensions-4.16.0-py3-none-any.whl.metadata (3.3 kB)
2026-10-09T14:21:40.8685589Z Collecting typing-inspection>=0.4.2 (from fastapi<1,>=0.115->ai-novel-studio==0.7.0)
2026-10-09T14:21:40.8830711Z   Downloading typing_inspection-0.4.4-py3-none-any.whl.metadata (2.6 kB)
2026-10-09T14:21:40.9032813Z Collecting annotated-doc>=0.0.2 (from fastapi<1,>=0.115->ai-novel-studio==0.7.0)
2026-10-09T14:21:40.9175862Z   Downloading annotated_doc-0.0.5-py3-none-any.whl.metadata (6.5 kB)
2026-10-09T14:21:40.9447313Z Collecting opentelemetry-api>=1.44.0 (from fastapi<1,>=0.115->ai-novel-studio==0.7.0)
2026-10-09T14:21:40.9591092Z   Downloading opentelemetry_api-1.45.0-py3-none-any.whl.metadata (1.4 kB)
2026-10-09T14:21:40.9856812Z Collecting anyio (from httpx<1,>=0.27->ai-novel-studio==0.7.0)
2026-10-09T14:21:40.9997363Z   Downloading anyio-4.15.1-py3-none-any.whl.metadata (4.7 kB)
2026-10-09T14:21:41.0246001Z Collecting certifi (from httpx<1,>=0.27->ai-novel-studio==0.7.0)
2026-10-09T14:21:41.0387982Z   Downloading certifi-2026.7.22-py3-none-any.whl.metadata (2.5 kB)
2026-10-09T14:21:41.0633490Z Collecting httpcore==1.* (from httpx<1,>=0.27->ai-novel-studio==0.7.0)
2026-10-09T14:21:41.0775790Z   Downloading httpcore-1.0.9-py3-none-any.whl.metadata (21 kB)
2026-10-09T14:21:41.1014345Z Collecting idna (from httpx<1,>=0.27->ai-novel-studio==0.7.0)
2026-10-09T14:21:41.1156811Z   Downloading idna-3.20-py3-none-any.whl.metadata (7.2 kB)
2026-10-09T14:21:41.1374905Z Collecting h11>=0.16 (from httpcore==1.*->httpx<1,>=0.27->ai-novel-studio==0.7.0)
2026-10-09T14:21:41.1515367Z   Downloading h11-0.16.0-py3-none-any.whl.metadata (8.3 kB)
2026-10-09T14:21:41.1746697Z Collecting attrs>=22.2.0 (from jsonschema<5,>=4.18->ai-novel-studio==0.7.0)
2026-10-09T14:21:41.1890841Z   Downloading attrs-26.1.0-py3-none-any.whl.metadata (8.8 kB)
2026-10-09T14:21:41.2109941Z Collecting jsonschema-specifications>=2023.03.6 (from jsonschema<5,>=4.18->ai-novel-studio==0.7.0)
2026-10-09T14:21:41.2252503Z   Downloading jsonschema_specifications-2025.9.1-py3-none-any.whl.metadata (2.9 kB)
2026-10-09T14:21:41.2541182Z Collecting referencing>=0.28.4 (from jsonschema<5,>=4.18->ai-novel-studio==0.7.0)
2026-10-09T14:21:41.2683221Z   Downloading referencing-0.37.0-py3-none-any.whl.metadata (2.8 kB)
2026-10-09T14:21:41.5370006Z Collecting rpds-py>=0.25.0 (from jsonschema<5,>=4.18->ai-novel-studio==0.7.0)
2026-10-09T14:21:41.5519762Z   Downloading rpds_py-2026.9.1-cp312-cp312-manylinux_2_17_x86_64.manylinux2014_x86_64.whl.metadata (4.1 kB)
2026-10-09T14:21:41.7423721Z Collecting psycopg-binary==3.3.6 (from psycopg[binary]<4,>=3.2->ai-novel-studio==0.7.0)
2026-10-09T14:21:41.7572072Z   Downloading psycopg_binary-3.3.6-cp312-cp312-manylinux2014_x86_64.manylinux_2_17_x86_64.whl.metadata (2.7 kB)
2026-10-09T14:21:41.7839757Z Collecting python-dotenv>=0.21.0 (from pydantic-settings<3,>=2.6->ai-novel-studio==0.7.0)
2026-10-09T14:21:41.7981384Z   Downloading python_dotenv-1.2.4-py3-none-any.whl.metadata (29 kB)
2026-10-09T14:21:41.8216156Z Collecting iniconfig>=1 (from pytest<9,>=8->ai-novel-studio==0.7.0)
2026-10-09T14:21:41.8366247Z   Downloading iniconfig-2.3.0-py3-none-any.whl.metadata (2.5 kB)
2026-10-09T14:21:41.8663372Z Collecting packaging>=20 (from pytest<9,>=8->ai-novel-studio==0.7.0)
2026-10-09T14:21:41.8805702Z   Downloading packaging-26.3-py3-none-any.whl.metadata (3.5 kB)
2026-10-09T14:21:41.9027935Z Collecting pluggy<2,>=1.5 (from pytest<9,>=8->ai-novel-studio==0.7.0)
2026-10-09T14:21:41.9171726Z   Downloading pluggy-1.6.0-py3-none-any.whl.metadata (4.8 kB)
2026-10-09T14:21:41.9443580Z Collecting pygments>=2.7.2 (from pytest<9,>=8->ai-novel-studio==0.7.0)
2026-10-09T14:21:41.9587757Z   Downloading pygments-2.21.0-py3-none-any.whl.metadata (2.5 kB)
2026-10-09T14:21:42.0886265Z Collecting charset-normalizer (from reportlab<5,>=4.0->ai-novel-studio==0.7.0)
2026-10-09T14:21:42.1034133Z   Downloading charset_normalizer-3.5.2-cp312-cp312-manylinux2014_x86_64.manylinux_2_17_x86_64.manylinux_2_28_x86_64.whl.metadata (46 kB)
2026-10-09T14:21:42.1332641Z Collecting click>=7.0 (from uvicorn<1,>=0.30->ai-novel-studio==0.7.0)
2026-10-09T14:21:42.1478148Z   Downloading click-8.5.0-py3-none-any.whl.metadata (2.6 kB)
2026-10-09T14:21:42.1745653Z Collecting annotated-types>=0.6.0 (from pydantic>=2.9.0->fastapi<1,>=0.115->ai-novel-studio==0.7.0)
2026-10-09T14:21:42.1888502Z   Downloading annotated_types-0.8.0-py3-none-any.whl.metadata (15 kB)
2026-10-09T14:21:42.8717329Z Collecting pydantic-core==2.46.5 (from pydantic>=2.9.0->fastapi<1,>=0.115->ai-novel-studio==0.7.0)
2026-10-09T14:21:42.8861375Z   Downloading pydantic_core-2.46.5-cp312-cp312-manylinux_2_17_x86_64.manylinux2014_x86_64.whl.metadata (6.6 kB)
2026-10-09T14:21:42.9168693Z Downloading fonttools-4.59.1-cp312-cp312-manylinux1_x86_64.manylinux2014_x86_64.manylinux_2_17_x86_64.manylinux_2_5_x86_64.whl (4.9 MB)
2026-10-09T14:21:43.0126687Z    ━━━━━━━━━━━━━━━━━━━━━━━━━━━━━━━━━━━━━━━━ 4.9/4.9 MB 58.3 MB/s  0:00:00
2026-10-09T14:21:43.0287111Z Downloading opentimelineio-0.18.1-cp312-cp312-manylinux2014_x86_64.manylinux_2_17_x86_64.whl (842 kB)
2026-10-09T14:21:43.0339662Z    ━━━━━━━━━━━━━━━━━━━━━━━━━━━━━━━━━━━━━━━━ 842.8/842.8 kB 192.5 MB/s  0:00:00
2026-10-09T14:21:43.0486756Z Downloading pillow-12.3.0-cp312-cp312-manylinux_2_27_x86_64.manylinux_2_28_x86_64.whl (6.9 MB)
2026-10-09T14:21:43.0840636Z    ━━━━━━━━━━━━━━━━━━━━━━━━━━━━━━━━━━━━━━━━ 6.9/6.9 MB 203.9 MB/s  0:00:00
2026-10-09T14:21:43.0985527Z Downloading pypdf-6.19.0-py3-none-any.whl (395 kB)
2026-10-09T14:21:43.1154939Z Downloading fastapi-0.142.2-py3-none-any.whl (144 kB)
2026-10-09T14:21:43.1319177Z Downloading httpx-0.28.1-py3-none-any.whl (73 kB)
2026-10-09T14:21:43.1481337Z Downloading httpcore-1.0.9-py3-none-any.whl (78 kB)
2026-10-09T14:21:43.1640388Z Downloading jsonschema-4.26.0-py3-none-any.whl (90 kB)
2026-10-09T14:21:43.1803336Z Downloading psycopg-3.3.6-py3-none-any.whl (215 kB)
2026-10-09T14:21:43.1967712Z Downloading psycopg_binary-3.3.6-cp312-cp312-manylinux2014_x86_64.manylinux_2_17_x86_64.whl (5.2 MB)
2026-10-09T14:21:43.2147689Z    ━━━━━━━━━━━━━━━━━━━━━━━━━━━━━━━━━━━━━━━━ 5.2/5.2 MB 329.7 MB/s  0:00:00
2026-10-09T14:21:43.2289768Z Downloading pydantic_settings-2.15.0-py3-none-any.whl (69 kB)
2026-10-09T14:21:43.2450845Z Downloading pytest-8.4.2-py3-none-any.whl (365 kB)
2026-10-09T14:21:43.2618075Z Downloading pluggy-1.6.0-py3-none-any.whl (20 kB)
2026-10-09T14:21:43.2777934Z Downloading reportlab-4.5.1-py3-none-any.whl (2.0 MB)
2026-10-09T14:21:43.2858772Z    ━━━━━━━━━━━━━━━━━━━━━━━━━━━━━━━━━━━━━━━━ 2.0/2.0 MB 301.3 MB/s  0:00:00
2026-10-09T14:21:43.3003387Z Downloading sqlalchemy-2.1.3-cp312-cp312-manylinux2014_x86_64.manylinux_2_17_x86_64.manylinux_2_28_x86_64.whl (4.7 MB)
2026-10-09T14:21:43.3152552Z    ━━━━━━━━━━━━━━━━━━━━━━━━━━━━━━━━━━━━━━━━ 4.7/4.7 MB 348.6 MB/s  0:00:00
2026-10-09T14:21:43.3294740Z Downloading uvicorn-0.54.0-py3-none-any.whl (87 kB)
2026-10-09T14:21:43.3453115Z Downloading annotated_doc-0.0.5-py3-none-any.whl (5.3 kB)
2026-10-09T14:21:43.3610055Z Downloading attrs-26.1.0-py3-none-any.whl (67 kB)
2026-10-09T14:21:43.3769930Z Downloading click-8.5.0-py3-none-any.whl (125 kB)
2026-10-09T14:21:43.3933516Z Downloading h11-0.16.0-py3-none-any.whl (37 kB)
2026-10-09T14:21:43.4093244Z Downloading iniconfig-2.3.0-py3-none-any.whl (7.5 kB)
2026-10-09T14:21:43.4252777Z Downloading jsonschema_specifications-2025.9.1-py3-none-any.whl (18 kB)
2026-10-09T14:21:43.4416932Z Downloading opentelemetry_api-1.45.0-py3-none-any.whl (60 kB)
2026-10-09T14:21:43.4587049Z Downloading packaging-26.3-py3-none-any.whl (129 kB)
2026-10-09T14:21:43.4756387Z Downloading pydantic-2.13.5-py3-none-any.whl (472 kB)
2026-10-09T14:21:43.4933175Z Downloading pydantic_core-2.46.5-cp312-cp312-manylinux_2_17_x86_64.manylinux2014_x86_64.whl (2.1 MB)
2026-10-09T14:21:43.5020218Z    ━━━━━━━━━━━━━━━━━━━━━━━━━━━━━━━━━━━━━━━━ 2.1/2.1 MB 287.2 MB/s  0:00:00
2026-10-09T14:21:43.5174684Z Downloading annotated_types-0.8.0-py3-none-any.whl (13 kB)
2026-10-09T14:21:43.5340299Z Downloading pygments-2.21.0-py3-none-any.whl (1.3 MB)
2026-10-09T14:21:43.5407933Z    ━━━━━━━━━━━━━━━━━━━━━━━━━━━━━━━━━━━━━━━━ 1.3/1.3 MB 227.0 MB/s  0:00:00
2026-10-09T14:21:43.5555669Z Downloading python_dotenv-1.2.4-py3-none-any.whl (23 kB)
2026-10-09T14:21:43.5717394Z Downloading referencing-0.37.0-py3-none-any.whl (26 kB)
2026-10-09T14:21:43.5881433Z Downloading rpds_py-2026.9.1-cp312-cp312-manylinux_2_17_x86_64.manylinux2014_x86_64.whl (371 kB)
2026-10-09T14:21:43.6055701Z Downloading starlette-1.7.0-py3-none-any.whl (78 kB)
2026-10-09T14:21:43.6227951Z Downloading anyio-4.15.1-py3-none-any.whl (132 kB)
2026-10-09T14:21:43.6397685Z Downloading idna-3.20-py3-none-any.whl (69 kB)
2026-10-09T14:21:43.6566316Z Downloading typing_extensions-4.16.0-py3-none-any.whl (45 kB)
2026-10-09T14:21:43.6734839Z Downloading typing_inspection-0.4.4-py3-none-any.whl (14 kB)
2026-10-09T14:21:43.6896418Z Downloading certifi-2026.7.22-py3-none-any.whl (136 kB)
2026-10-09T14:21:43.7066113Z Downloading charset_normalizer-3.5.2-cp312-cp312-manylinux2014_x86_64.manylinux_2_17_x86_64.manylinux_2_28_x86_64.whl (257 kB)
2026-10-09T14:21:43.8369799Z Building wheels for collected packages: ai-novel-studio
2026-10-09T14:21:43.8378869Z   Building editable for ai-novel-studio (pyproject.toml): started
2026-10-09T14:21:44.8634108Z   Building editable for ai-novel-studio (pyproject.toml): finished with status 'done'
2026-10-09T14:21:44.8639313Z   Created wheel for ai-novel-studio: filename=ai_novel_studio-0.7.0-0.editable-py3-none-any.whl size=3186 sha256=f8993922c52fd5dafa54cd8019ca89eefa5e5c78e1a2bf61e351b3e5c6bc67a0
2026-10-09T14:21:44.8641186Z   Stored in directory: /home/runner/work/_temp/novel-ci-backend-tcp.Br7rdW/tmp/pip-ephem-wheel-cache-jmnoiqju/wheels/d0/94/bd/b0fbf7dc1767a459788635da1718343bb59c743d4ba9127e25
2026-10-09T14:21:44.8657183Z Successfully built ai-novel-studio
2026-10-09T14:21:44.9664024Z Installing collected packages: typing-extensions, rpds-py, python-dotenv, pypdf, pygments, psycopg-binary, pluggy, Pillow, packaging, opentimelineio, iniconfig, idna, h11, fonttools, click, charset-normalizer, certifi, attrs, annotated-types, annotated-doc, uvicorn, typing-inspection, sqlalchemy, reportlab, referencing, pytest, pydantic-core, psycopg, opentelemetry-api, httpcore, anyio, starlette, pydantic, jsonschema-specifications, httpx, pydantic-settings, jsonschema, fastapi, ai-novel-studio
2026-10-09T14:21:51.3924819Z 
2026-10-09T14:21:51.3960485Z Successfully installed Pillow-12.3.0 ai-novel-studio-0.7.0 annotated-doc-0.0.5 annotated-types-0.8.0 anyio-4.15.1 attrs-26.1.0 certifi-2026.7.22 charset-normalizer-3.5.2 click-8.5.0 fastapi-0.142.2 fonttools-4.59.1 h11-0.16.0 httpcore-1.0.9 httpx-0.28.1 idna-3.20 iniconfig-2.3.0 jsonschema-4.26.0 jsonschema-specifications-2025.9.1 opentelemetry-api-1.45.0 opentimelineio-0.18.1 packaging-26.3 pluggy-1.6.0 psycopg-3.3.6 psycopg-binary-3.3.6 pydantic-2.13.5 pydantic-core-2.46.5 pydantic-settings-2.15.0 pygments-2.21.0 pypdf-6.19.0 pytest-8.4.2 python-dotenv-1.2.4 referencing-0.37.0 reportlab-4.5.1 rpds-py-2026.9.1 sqlalchemy-2.1.3 starlette-1.7.0 typing-extensions-4.16.0 typing-inspection-0.4.4 uvicorn-0.54.0
2026-10-09T14:21:52.2361236Z No broken requirements found.
2026-10-09T14:21:55.5014395Z ##[group]Run python -m pytest -p no:cacheprovider --basetemp="$CI_SANDBOX/tcp-selftest" -q .github/ci/test_tcp_evidence.py --junitxml="$CI_RECEIPTS/tcp-harness.xml"
2026-10-09T14:21:55.5015762Z [36;1mpython -m pytest -p no:cacheprovider --basetemp="$CI_SANDBOX/tcp-selftest" -q .github/ci/test_tcp_evidence.py --junitxml="$CI_RECEIPTS/tcp-harness.xml"[0m
2026-10-09T14:21:55.5084018Z shell: /usr/bin/bash -e {0}
2026-10-09T14:21:55.5084291Z env:
2026-10-09T14:21:55.5084504Z   MOCK_PROVIDER: true
2026-10-09T14:21:55.5084746Z   MOCK_STREAM_DELAY_MS: 0
2026-10-09T14:21:55.5084989Z   ENABLE_CLOUD: false
2026-10-09T14:21:55.5085344Z   CREDENTIAL_VAULT_BACKEND: memory
2026-10-09T14:21:55.5085642Z   CREDENTIAL_VAULT_ALLOW_MEMORY_FALLBACK: true
2026-10-09T14:21:55.5085975Z   PYTHONDONTWRITEBYTECODE: 1
2026-10-09T14:21:55.5086225Z   HF_HUB_OFFLINE: 1
2026-10-09T14:21:55.5086443Z   TRANSFORMERS_OFFLINE: 1
2026-10-09T14:21:55.5086742Z   pythonLocation: /opt/hostedtoolcache/Python/3.12.9/x64
2026-10-09T14:21:55.5087227Z   PKG_CONFIG_PATH: /opt/hostedtoolcache/Python/3.12.9/x64/lib/pkgconfig
2026-10-09T14:21:55.5087657Z   Python_ROOT_DIR: /opt/hostedtoolcache/Python/3.12.9/x64
2026-10-09T14:21:55.5088038Z   Python2_ROOT_DIR: /opt/hostedtoolcache/Python/3.12.9/x64
2026-10-09T14:21:55.5088414Z   Python3_ROOT_DIR: /opt/hostedtoolcache/Python/3.12.9/x64
2026-10-09T14:21:55.5088790Z   LD_LIBRARY_PATH: /opt/hostedtoolcache/Python/3.12.9/x64/lib
2026-10-09T14:21:55.5089179Z   CI_COVERAGE_SHA: 7f0d911549b04e8dbb7cf078316ad74c42095449
2026-10-09T14:21:55.5089564Z   CI_COVERAGE_TREE: 69d69ffe71838263069d164a0a07b39b5f4a4333
2026-10-09T14:21:55.5089960Z   CI_SANDBOX: /home/runner/work/_temp/novel-ci-backend-tcp.Br7rdW
2026-10-09T14:21:55.5090407Z   CI_PROJECT: /home/runner/work/_temp/novel-ci-backend-tcp.Br7rdW/project
2026-10-09T14:21:55.5090895Z   CI_RECEIPTS: /home/runner/work/_temp/novel-ci-backend-tcp.Br7rdW/receipts
2026-10-09T14:21:55.5091343Z   HOME: /home/runner/work/_temp/novel-ci-backend-tcp.Br7rdW/home
2026-10-09T14:21:55.5091804Z   USERPROFILE: /home/runner/work/_temp/novel-ci-backend-tcp.Br7rdW/home
2026-10-09T14:21:55.5092265Z   APPDATA: /home/runner/work/_temp/novel-ci-backend-tcp.Br7rdW/appdata
2026-10-09T14:21:55.5092767Z   LOCALAPPDATA: /home/runner/work/_temp/novel-ci-backend-tcp.Br7rdW/localappdata
2026-10-09T14:21:55.5093273Z   XDG_CONFIG_HOME: /home/runner/work/_temp/novel-ci-backend-tcp.Br7rdW/config
2026-10-09T14:21:55.5093746Z   XDG_CACHE_HOME: /home/runner/work/_temp/novel-ci-backend-tcp.Br7rdW/cache
2026-10-09T14:21:55.5094209Z   XDG_DATA_HOME: /home/runner/work/_temp/novel-ci-backend-tcp.Br7rdW/data
2026-10-09T14:21:55.5094659Z   XDG_STATE_HOME: /home/runner/work/_temp/novel-ci-backend-tcp.Br7rdW/state
2026-10-09T14:21:55.5095220Z   TMPDIR: /home/runner/work/_temp/novel-ci-backend-tcp.Br7rdW/tmp
2026-10-09T14:21:55.5095860Z   TMP: /home/runner/work/_temp/novel-ci-backend-tcp.Br7rdW/tmp
2026-10-09T14:21:55.5096261Z   TEMP: /home/runner/work/_temp/novel-ci-backend-tcp.Br7rdW/tmp
2026-10-09T14:21:55.5096702Z   PROJECT_ROOT: /home/runner/work/_temp/novel-ci-backend-tcp.Br7rdW/project
2026-10-09T14:21:55.5097198Z   NOVEL_DATA_PATH: /home/runner/work/_temp/novel-ci-backend-tcp.Br7rdW/data/novels
2026-10-09T14:21:55.5097704Z   BACKUP_PATH: /home/runner/work/_temp/novel-ci-backend-tcp.Br7rdW/data/backups
2026-10-09T14:21:55.5098257Z   DATABASE_BACKUP_PATH: /home/runner/work/_temp/novel-ci-backend-tcp.Br7rdW/data/database-backups
2026-10-09T14:21:55.5098851Z   KNOWLEDGE_SOURCE_PATH: /home/runner/work/_temp/novel-ci-backend-tcp.Br7rdW/data/novels
2026-10-09T14:21:55.5099271Z ##[endgroup]
2026-10-09T14:21:57.0198543Z ........................................................................ [ 70%]
2026-10-09T14:21:59.8882493Z ..............................                                           [100%]
2026-10-09T14:21:59.8883510Z - generated xml file: /home/runner/work/_temp/novel-ci-backend-tcp.Br7rdW/receipts/tcp-harness.xml -
2026-10-09T14:21:59.8884322Z 102 passed in 3.44s
2026-10-09T14:21:59.9262756Z ##[group]Run python .github/ci/tcp_evidence.py run \
2026-10-09T14:21:59.9263173Z [36;1mpython .github/ci/tcp_evidence.py run \[0m
2026-10-09T14:21:59.9263556Z [36;1m  --manifest .github/ci/coverage_manifest_v2.json.gz \[0m
2026-10-09T14:21:59.9264079Z [36;1m  --constraints .github/ci/python-constraints.txt --source-root "$CI_PROJECT" \[0m
2026-10-09T14:21:59.9264632Z [36;1m  --receipts "$CI_RECEIPTS" --basetemp "$CI_SANDBOX/sync-tcp-pytest"[0m
2026-10-09T14:21:59.9333996Z shell: /usr/bin/bash -e {0}
2026-10-09T14:21:59.9334263Z env:
2026-10-09T14:21:59.9334485Z   MOCK_PROVIDER: true
2026-10-09T14:21:59.9334738Z   MOCK_STREAM_DELAY_MS: 0
2026-10-09T14:21:59.9334978Z   ENABLE_CLOUD: false
2026-10-09T14:21:59.9335427Z   CREDENTIAL_VAULT_BACKEND: memory
2026-10-09T14:21:59.9335740Z   CREDENTIAL_VAULT_ALLOW_MEMORY_FALLBACK: true
2026-10-09T14:21:59.9336057Z   PYTHONDONTWRITEBYTECODE: 1
2026-10-09T14:21:59.9336308Z   HF_HUB_OFFLINE: 1
2026-10-09T14:21:59.9336569Z   TRANSFORMERS_OFFLINE: 1
2026-10-09T14:21:59.9336866Z   pythonLocation: /opt/hostedtoolcache/Python/3.12.9/x64
2026-10-09T14:21:59.9337290Z   PKG_CONFIG_PATH: /opt/hostedtoolcache/Python/3.12.9/x64/lib/pkgconfig
2026-10-09T14:21:59.9337704Z   Python_ROOT_DIR: /opt/hostedtoolcache/Python/3.12.9/x64
2026-10-09T14:21:59.9338082Z   Python2_ROOT_DIR: /opt/hostedtoolcache/Python/3.12.9/x64
2026-10-09T14:21:59.9338457Z   Python3_ROOT_DIR: /opt/hostedtoolcache/Python/3.12.9/x64
2026-10-09T14:21:59.9338833Z   LD_LIBRARY_PATH: /opt/hostedtoolcache/Python/3.12.9/x64/lib
2026-10-09T14:21:59.9339218Z   CI_COVERAGE_SHA: 7f0d911549b04e8dbb7cf078316ad74c42095449
2026-10-09T14:21:59.9339588Z   CI_COVERAGE_TREE: 69d69ffe71838263069d164a0a07b39b5f4a4333
2026-10-09T14:21:59.9340012Z   CI_SANDBOX: /home/runner/work/_temp/novel-ci-backend-tcp.Br7rdW
2026-10-09T14:21:59.9340466Z   CI_PROJECT: /home/runner/work/_temp/novel-ci-backend-tcp.Br7rdW/project
2026-10-09T14:21:59.9340944Z   CI_RECEIPTS: /home/runner/work/_temp/novel-ci-backend-tcp.Br7rdW/receipts
2026-10-09T14:21:59.9341392Z   HOME: /home/runner/work/_temp/novel-ci-backend-tcp.Br7rdW/home
2026-10-09T14:21:59.9341825Z   USERPROFILE: /home/runner/work/_temp/novel-ci-backend-tcp.Br7rdW/home
2026-10-09T14:21:59.9342293Z   APPDATA: /home/runner/work/_temp/novel-ci-backend-tcp.Br7rdW/appdata
2026-10-09T14:21:59.9342780Z   LOCALAPPDATA: /home/runner/work/_temp/novel-ci-backend-tcp.Br7rdW/localappdata
2026-10-09T14:21:59.9343287Z   XDG_CONFIG_HOME: /home/runner/work/_temp/novel-ci-backend-tcp.Br7rdW/config
2026-10-09T14:21:59.9343770Z   XDG_CACHE_HOME: /home/runner/work/_temp/novel-ci-backend-tcp.Br7rdW/cache
2026-10-09T14:21:59.9344228Z   XDG_DATA_HOME: /home/runner/work/_temp/novel-ci-backend-tcp.Br7rdW/data
2026-10-09T14:21:59.9344678Z   XDG_STATE_HOME: /home/runner/work/_temp/novel-ci-backend-tcp.Br7rdW/state
2026-10-09T14:21:59.9345510Z   TMPDIR: /home/runner/work/_temp/novel-ci-backend-tcp.Br7rdW/tmp
2026-10-09T14:21:59.9345943Z   TMP: /home/runner/work/_temp/novel-ci-backend-tcp.Br7rdW/tmp
2026-10-09T14:21:59.9346350Z   TEMP: /home/runner/work/_temp/novel-ci-backend-tcp.Br7rdW/tmp
2026-10-09T14:21:59.9346792Z   PROJECT_ROOT: /home/runner/work/_temp/novel-ci-backend-tcp.Br7rdW/project
2026-10-09T14:21:59.9347294Z   NOVEL_DATA_PATH: /home/runner/work/_temp/novel-ci-backend-tcp.Br7rdW/data/novels
2026-10-09T14:21:59.9347800Z   BACKUP_PATH: /home/runner/work/_temp/novel-ci-backend-tcp.Br7rdW/data/backups
2026-10-09T14:21:59.9348354Z   DATABASE_BACKUP_PATH: /home/runner/work/_temp/novel-ci-backend-tcp.Br7rdW/data/database-backups
2026-10-09T14:21:59.9348956Z   KNOWLEDGE_SOURCE_PATH: /home/runner/work/_temp/novel-ci-backend-tcp.Br7rdW/data/novels
2026-10-09T14:21:59.9349387Z   RUN_B10_TCP_SYNC_TEST: 1
2026-10-09T14:21:59.9349630Z   STORAGE_BACKEND: file
2026-10-09T14:21:59.9349863Z ##[endgroup]
2026-10-09T14:22:46.7611633Z ..                                                                       [100%]
2026-10-09T14:22:46.7612850Z - generated xml file: /home/runner/work/_temp/novel-ci-backend-tcp.Br7rdW/receipts/sync-tcp.xml -
2026-10-09T14:22:46.7613565Z 2 passed in 41.68s
2026-10-09T14:22:46.7744921Z ##[group]Run python .github/ci/receipt.py "$CI_RECEIPTS"
2026-10-09T14:22:46.7745611Z [36;1mpython .github/ci/receipt.py "$CI_RECEIPTS"[0m
2026-10-09T14:22:46.7813246Z shell: /usr/bin/bash -e {0}
2026-10-09T14:22:46.7813503Z env:
2026-10-09T14:22:46.7813704Z   MOCK_PROVIDER: true
2026-10-09T14:22:46.7813940Z   MOCK_STREAM_DELAY_MS: 0
2026-10-09T14:22:46.7814176Z   ENABLE_CLOUD: false
2026-10-09T14:22:46.7814406Z   CREDENTIAL_VAULT_BACKEND: memory
2026-10-09T14:22:46.7814700Z   CREDENTIAL_VAULT_ALLOW_MEMORY_FALLBACK: true
2026-10-09T14:22:46.7815006Z   PYTHONDONTWRITEBYTECODE: 1
2026-10-09T14:22:46.7815490Z   HF_HUB_OFFLINE: 1
2026-10-09T14:22:46.7815707Z   TRANSFORMERS_OFFLINE: 1
2026-10-09T14:22:46.7816017Z   pythonLocation: /opt/hostedtoolcache/Python/3.12.9/x64
2026-10-09T14:22:46.7816437Z   PKG_CONFIG_PATH: /opt/hostedtoolcache/Python/3.12.9/x64/lib/pkgconfig
2026-10-09T14:22:46.7816849Z   Python_ROOT_DIR: /opt/hostedtoolcache/Python/3.12.9/x64
2026-10-09T14:22:46.7817262Z   Python2_ROOT_DIR: /opt/hostedtoolcache/Python/3.12.9/x64
2026-10-09T14:22:46.7817632Z   Python3_ROOT_DIR: /opt/hostedtoolcache/Python/3.12.9/x64
2026-10-09T14:22:46.7817996Z   LD_LIBRARY_PATH: /opt/hostedtoolcache/Python/3.12.9/x64/lib
2026-10-09T14:22:46.7818374Z   CI_COVERAGE_SHA: 7f0d911549b04e8dbb7cf078316ad74c42095449
2026-10-09T14:22:46.7818742Z   CI_COVERAGE_TREE: 69d69ffe71838263069d164a0a07b39b5f4a4333
2026-10-09T14:22:46.7819142Z   CI_SANDBOX: /home/runner/work/_temp/novel-ci-backend-tcp.Br7rdW
2026-10-09T14:22:46.7819583Z   CI_PROJECT: /home/runner/work/_temp/novel-ci-backend-tcp.Br7rdW/project
2026-10-09T14:22:46.7820056Z   CI_RECEIPTS: /home/runner/work/_temp/novel-ci-backend-tcp.Br7rdW/receipts
2026-10-09T14:22:46.7820501Z   HOME: /home/runner/work/_temp/novel-ci-backend-tcp.Br7rdW/home
2026-10-09T14:22:46.7820926Z   USERPROFILE: /home/runner/work/_temp/novel-ci-backend-tcp.Br7rdW/home
2026-10-09T14:22:46.7821373Z   APPDATA: /home/runner/work/_temp/novel-ci-backend-tcp.Br7rdW/appdata
2026-10-09T14:22:46.7821855Z   LOCALAPPDATA: /home/runner/work/_temp/novel-ci-backend-tcp.Br7rdW/localappdata
2026-10-09T14:22:46.7822356Z   XDG_CONFIG_HOME: /home/runner/work/_temp/novel-ci-backend-tcp.Br7rdW/config
2026-10-09T14:22:46.7822829Z   XDG_CACHE_HOME: /home/runner/work/_temp/novel-ci-backend-tcp.Br7rdW/cache
2026-10-09T14:22:46.7823276Z   XDG_DATA_HOME: /home/runner/work/_temp/novel-ci-backend-tcp.Br7rdW/data
2026-10-09T14:22:46.7823718Z   XDG_STATE_HOME: /home/runner/work/_temp/novel-ci-backend-tcp.Br7rdW/state
2026-10-09T14:22:46.7824145Z   TMPDIR: /home/runner/work/_temp/novel-ci-backend-tcp.Br7rdW/tmp
2026-10-09T14:22:46.7824542Z   TMP: /home/runner/work/_temp/novel-ci-backend-tcp.Br7rdW/tmp
2026-10-09T14:22:46.7824926Z   TEMP: /home/runner/work/_temp/novel-ci-backend-tcp.Br7rdW/tmp
2026-10-09T14:22:46.7825855Z   PROJECT_ROOT: /home/runner/work/_temp/novel-ci-backend-tcp.Br7rdW/project
2026-10-09T14:22:46.7826352Z   NOVEL_DATA_PATH: /home/runner/work/_temp/novel-ci-backend-tcp.Br7rdW/data/novels
2026-10-09T14:22:46.7826856Z   BACKUP_PATH: /home/runner/work/_temp/novel-ci-backend-tcp.Br7rdW/data/backups
2026-10-09T14:22:46.7827405Z   DATABASE_BACKUP_PATH: /home/runner/work/_temp/novel-ci-backend-tcp.Br7rdW/data/database-backups
2026-10-09T14:22:46.7827994Z   KNOWLEDGE_SOURCE_PATH: /home/runner/work/_temp/novel-ci-backend-tcp.Br7rdW/data/novels
2026-10-09T14:22:46.7828413Z ##[endgroup]
2026-10-09T14:22:46.9566373Z {
2026-10-09T14:22:46.9568026Z   "revision": "checked_out_sha=7f0d911549b04e8dbb7cf078316ad74c42095449\nevent_sha=7f0d911549b04e8dbb7cf078316ad74c42095449\nrun_url=https://github.com/1785235376-blip/AI-Novel-Studio/actions/runs/37943412489\njob=backend-tcp\nplatform=Linux; native Windows host/AppContainer/installer=NOT RUN\n",
2026-10-09T14:22:46.9569228Z   "test_reports": {
2026-10-09T14:22:46.9569467Z     "sync-tcp.xml": {
2026-10-09T14:22:46.9569694Z       "tests": 2,
2026-10-09T14:22:46.9569904Z       "failures": 0,
2026-10-09T14:22:46.9570111Z       "errors": 0,
2026-10-09T14:22:46.9570655Z       "skipped": 0
2026-10-09T14:22:46.9570856Z     },
2026-10-09T14:22:46.9571063Z     "tcp-harness.xml": {
2026-10-09T14:22:46.9571293Z       "tests": 102,
2026-10-09T14:22:46.9571496Z       "failures": 0,
2026-10-09T14:22:46.9571701Z       "errors": 0,
2026-10-09T14:22:46.9571901Z       "skipped": 0
2026-10-09T14:22:46.9572091Z     }
2026-10-09T14:22:46.9572269Z   },
2026-10-09T14:22:46.9572473Z   "report_status": "RECORDED",
2026-10-09T14:22:46.9572805Z   "native_windows_host_appcontainer_installer": "NOT RUN",
2026-10-09T14:22:46.9573178Z   "real_model_and_paid_provider_execution": "NOT RUN"
2026-10-09T14:22:46.9573474Z }
2026-10-09T14:22:46.9573582Z 
2026-10-09T14:22:46.9787392Z ##[group]Run actions/upload-artifact@v4.6.2
2026-10-09T14:22:46.9787723Z with:
2026-10-09T14:22:46.9788040Z   name: backend-tcp-7f0d911549b04e8dbb7cf078316ad74c42095449-attempt-1
2026-10-09T14:22:46.9788513Z   path: /home/runner/work/_temp/novel-ci-backend-tcp.Br7rdW/receipts
2026-10-09T14:22:46.9788879Z   if-no-files-found: error
2026-10-09T14:22:46.9789115Z   retention-days: 14
2026-10-09T14:22:46.9789334Z   compression-level: 6
2026-10-09T14:22:46.9789564Z   overwrite: false
2026-10-09T14:22:46.9789787Z   include-hidden-files: false
2026-10-09T14:22:46.9790027Z env:
2026-10-09T14:22:46.9790217Z   MOCK_PROVIDER: true
2026-10-09T14:22:46.9790434Z   MOCK_STREAM_DELAY_MS: 0
2026-10-09T14:22:46.9790656Z   ENABLE_CLOUD: false
2026-10-09T14:22:46.9790875Z   CREDENTIAL_VAULT_BACKEND: memory
2026-10-09T14:22:46.9791159Z   CREDENTIAL_VAULT_ALLOW_MEMORY_FALLBACK: true
2026-10-09T14:22:46.9791460Z   PYTHONDONTWRITEBYTECODE: 1
2026-10-09T14:22:46.9791695Z   HF_HUB_OFFLINE: 1
2026-10-09T14:22:46.9791957Z   TRANSFORMERS_OFFLINE: 1
2026-10-09T14:22:46.9792244Z   pythonLocation: /opt/hostedtoolcache/Python/3.12.9/x64
2026-10-09T14:22:46.9792668Z   PKG_CONFIG_PATH: /opt/hostedtoolcache/Python/3.12.9/x64/lib/pkgconfig
2026-10-09T14:22:46.9793068Z   Python_ROOT_DIR: /opt/hostedtoolcache/Python/3.12.9/x64
2026-10-09T14:22:46.9793431Z   Python2_ROOT_DIR: /opt/hostedtoolcache/Python/3.12.9/x64
2026-10-09T14:22:46.9793795Z   Python3_ROOT_DIR: /opt/hostedtoolcache/Python/3.12.9/x64
2026-10-09T14:22:46.9794162Z   LD_LIBRARY_PATH: /opt/hostedtoolcache/Python/3.12.9/x64/lib
2026-10-09T14:22:46.9794534Z   CI_COVERAGE_SHA: 7f0d911549b04e8dbb7cf078316ad74c42095449
2026-10-09T14:22:46.9794891Z   CI_COVERAGE_TREE: 69d69ffe71838263069d164a0a07b39b5f4a4333
2026-10-09T14:22:46.9795589Z   CI_SANDBOX: /home/runner/work/_temp/novel-ci-backend-tcp.Br7rdW
2026-10-09T14:22:46.9796032Z   CI_PROJECT: /home/runner/work/_temp/novel-ci-backend-tcp.Br7rdW/project
2026-10-09T14:22:46.9796508Z   CI_RECEIPTS: /home/runner/work/_temp/novel-ci-backend-tcp.Br7rdW/receipts
2026-10-09T14:22:46.9796945Z   HOME: /home/runner/work/_temp/novel-ci-backend-tcp.Br7rdW/home
2026-10-09T14:22:46.9797573Z   USERPROFILE: /home/runner/work/_temp/novel-ci-backend-tcp.Br7rdW/home
2026-10-09T14:22:46.9798025Z   APPDATA: /home/runner/work/_temp/novel-ci-backend-tcp.Br7rdW/appdata
2026-10-09T14:22:46.9798509Z   LOCALAPPDATA: /home/runner/work/_temp/novel-ci-backend-tcp.Br7rdW/localappdata
2026-10-09T14:22:46.9799041Z   XDG_CONFIG_HOME: /home/runner/work/_temp/novel-ci-backend-tcp.Br7rdW/config
2026-10-09T14:22:46.9799511Z   XDG_CACHE_HOME: /home/runner/work/_temp/novel-ci-backend-tcp.Br7rdW/cache
2026-10-09T14:22:46.9799960Z   XDG_DATA_HOME: /home/runner/work/_temp/novel-ci-backend-tcp.Br7rdW/data
2026-10-09T14:22:46.9800400Z   XDG_STATE_HOME: /home/runner/work/_temp/novel-ci-backend-tcp.Br7rdW/state
2026-10-09T14:22:46.9800824Z   TMPDIR: /home/runner/work/_temp/novel-ci-backend-tcp.Br7rdW/tmp
2026-10-09T14:22:46.9801229Z   TMP: /home/runner/work/_temp/novel-ci-backend-tcp.Br7rdW/tmp
2026-10-09T14:22:46.9801617Z   TEMP: /home/runner/work/_temp/novel-ci-backend-tcp.Br7rdW/tmp
2026-10-09T14:22:46.9802045Z   PROJECT_ROOT: /home/runner/work/_temp/novel-ci-backend-tcp.Br7rdW/project
2026-10-09T14:22:46.9802531Z   NOVEL_DATA_PATH: /home/runner/work/_temp/novel-ci-backend-tcp.Br7rdW/data/novels
2026-10-09T14:22:46.9803027Z   BACKUP_PATH: /home/runner/work/_temp/novel-ci-backend-tcp.Br7rdW/data/backups
2026-10-09T14:22:46.9803570Z   DATABASE_BACKUP_PATH: /home/runner/work/_temp/novel-ci-backend-tcp.Br7rdW/data/database-backups
2026-10-09T14:22:46.9804155Z   KNOWLEDGE_SOURCE_PATH: /home/runner/work/_temp/novel-ci-backend-tcp.Br7rdW/data/novels
2026-10-09T14:22:46.9804597Z ##[endgroup]
2026-10-09T14:22:47.1454648Z (node:2544) [DEP0040] DeprecationWarning: The `punycode` module is deprecated. Please use a userland alternative instead.
2026-10-09T14:22:47.1455570Z (Use `node --trace-deprecation ...` to show where the warning was created)
2026-10-09T14:22:47.1558161Z With the provided path, there will be 7 files uploaded
2026-10-09T14:22:47.1558795Z Artifact name is valid!
2026-10-09T14:22:47.1559116Z Root directory input is valid!
2026-10-09T14:22:47.4496415Z Beginning upload of artifact content to blob storage
2026-10-09T14:22:47.4896669Z (node:2544) [DEP0169] DeprecationWarning: `url.parse()` behavior is not standardized and prone to errors that have security implications. Use the WHATWG URL API instead. CVEs are not issued for `url.parse()` vulnerabilities.
2026-10-09T14:22:47.7394595Z Uploaded bytes 166247
2026-10-09T14:22:47.7840934Z Finished uploading artifact content to blob storage!
2026-10-09T14:22:47.7841929Z SHA256 digest of uploaded artifact zip is 2e95b22ec2db1b8f9788428fa13549fd1d8c6a16f1cf024f190aaafa146275ca
2026-10-09T14:22:47.7843295Z Finalizing artifact upload
2026-10-09T14:22:48.0480949Z Artifact backend-tcp-7f0d911549b04e8dbb7cf078316ad74c42095449-attempt-1.zip successfully finalized. Artifact ID 11623102220
2026-10-09T14:22:48.0482390Z Artifact backend-tcp-7f0d911549b04e8dbb7cf078316ad74c42095449-attempt-1 has been successfully uploaded! Final size is 166247 bytes. Artifact ID is 11623102220
2026-10-09T14:22:48.0487719Z Artifact download URL: https://github.com/1785235376-blip/AI-Novel-Studio/actions/runs/37943412489/artifacts/11623102220
2026-10-09T14:22:48.0668282Z Post job cleanup.
2026-10-09T14:22:48.1868162Z (node:2556) [DEP0040] DeprecationWarning: The `punycode` module is deprecated. Please use a userland alternative instead.
2026-10-09T14:22:48.1868899Z (Use `node --trace-deprecation ...` to show where the warning was created)
2026-10-09T14:22:48.2086202Z Post job cleanup.
2026-10-09T14:22:48.2990632Z [command]/usr/bin/git version
2026-10-09T14:22:48.3046096Z git version 2.55.0
2026-10-09T14:22:48.3089077Z Temporarily overriding HOME='/home/runner/work/_temp/b033237c-9318-4380-b10d-171cc506f138' before making global git config changes
2026-10-09T14:22:48.3092133Z Adding repository directory to the temporary git global config as a safe directory
2026-10-09T14:22:48.3097116Z [command]/usr/bin/git config --global --add safe.directory /home/runner/work/AI-Novel-Studio/AI-Novel-Studio
2026-10-09T14:22:48.3148152Z [command]/usr/bin/git config --local --name-only --get-regexp core\.sshCommand
2026-10-09T14:22:48.3194446Z [command]/usr/bin/git submodule foreach --recursive sh -c "git config --local --name-only --get-regexp 'core\.sshCommand' && git config --local --unset-all 'core.sshCommand' || :"
2026-10-09T14:22:48.3552264Z [command]/usr/bin/git config --local --name-only --get-regexp http\.https\:\/\/github\.com\/\.extraheader
2026-10-09T14:22:48.3613143Z [command]/usr/bin/git submodule foreach --recursive sh -c "git config --local --name-only --get-regexp 'http\.https\:\/\/github\.com\/\.extraheader' && git config --local --unset-all 'http.https://github.com/.extraheader' || :"
2026-10-09T14:22:48.4070908Z Cleaning up orphan processes
2026-10-09T14:22:48.4384189Z ##[warning]Node.js 20 is deprecated. The following actions target Node.js 20 but are being forced to run on Node.js 24: actions/checkout@v4.2.2, actions/setup-python@v5.6.0, actions/upload-artifact@v4.6.2. For more information see: https://github.blog/changelog/2025-09-19-deprecation-of-node-20-on-github-actions-runners/
