2026-10-09T14:20:21.0380696Z Current runner version: '2.337.0'
2026-10-09T14:20:21.0403057Z ##[group]Runner Image Provisioner
2026-10-09T14:20:21.0403648Z Hosted Compute Agent
2026-10-09T14:20:21.0404097Z Version: 20261002.596
2026-10-09T14:20:21.0404548Z Commit: c3d12f3313a95f25162a1503be624f3b0617f8c0
2026-10-09T14:20:21.0405071Z Build Date: 2026-10-02T22:28:27Z
2026-10-09T14:20:21.0405571Z Worker ID: {858eafdb-7533-4cf8-b061-11ebee0ce718}
2026-10-09T14:20:21.0406093Z Region: westus3
2026-10-09T14:20:21.0406486Z Cloud: Azure
2026-10-09T14:20:21.0406851Z ##[endgroup]
2026-10-09T14:20:21.0407926Z ##[group]Operating System
2026-10-09T14:20:21.0408427Z Microsoft Windows Server 2022
2026-10-09T14:20:21.0408889Z 10.0.20348
2026-10-09T14:20:21.0409281Z Datacenter
2026-10-09T14:20:21.0409652Z ##[endgroup]
2026-10-09T14:20:21.0410031Z ##[group]Runner Image
2026-10-09T14:20:21.0410461Z Image: windows-2022
2026-10-09T14:20:21.0410884Z Version: 20261004.326.1
2026-10-09T14:20:21.0411987Z Included Software: https://github.com/actions/runner-images/blob/win22/20261004.326/images/windows/Windows2022-Readme.md
2026-10-09T14:20:21.0413090Z Image Release: https://github.com/actions/runner-images/releases/tag/win22%2F20261004.326
2026-10-09T14:20:21.0413824Z ##[endgroup]
2026-10-09T14:20:21.0414632Z ##[group]GITHUB_TOKEN Permissions
2026-10-09T14:20:21.0416067Z Contents: read
2026-10-09T14:20:21.0416480Z Metadata: read
2026-10-09T14:20:21.0416889Z ##[endgroup]
2026-10-09T14:20:21.0418535Z Secret source: Actions
2026-10-09T14:20:21.0420105Z Cache mode: write
2026-10-09T14:20:21.0420853Z Prepare workflow directory
2026-10-09T14:20:21.0716817Z Prepare all required actions
2026-10-09T14:20:21.0754760Z Getting action download info
2026-10-09T14:20:21.4104259Z Download action repository 'actions/checkout@v4.2.2' (SHA:11bd71901bbe5b1630ceea73d27597364c9af683)
2026-10-09T14:20:21.5569610Z Download action repository 'actions/setup-python@v5.6.0' (SHA:a26af69be951a213d495a4c3e4e4022e16d87065)
2026-10-09T14:20:21.7820030Z Download action repository 'actions/setup-dotnet@v4' (SHA:67a3573c9a986a3f9c594539f4ab511d57bb3ce9)
2026-10-09T14:20:22.4434392Z Download action repository 'actions/upload-artifact@v4.6.2' (SHA:ea165f8d65b6e75b540449e92b4886f43607fa02)
2026-10-09T14:20:22.7311228Z Complete job name: Windows / Host compile and native contracts
2026-10-09T14:20:22.9198776Z ##[group]Run actions/checkout@v4.2.2
2026-10-09T14:20:22.9200177Z with:
2026-10-09T14:20:22.9200860Z   persist-credentials: false
2026-10-09T14:20:22.9201732Z   repository: 1785235376-blip/AI-Novel-Studio
2026-10-09T14:20:22.9207492Z   token: ***
2026-10-09T14:20:22.9208179Z   ssh-strict: true
2026-10-09T14:20:22.9208862Z   ssh-user: git
2026-10-09T14:20:22.9209519Z   clean: true
2026-10-09T14:20:22.9210222Z   sparse-checkout-cone-mode: true
2026-10-09T14:20:22.9211020Z   fetch-depth: 1
2026-10-09T14:20:22.9211723Z   fetch-tags: false
2026-10-09T14:20:22.9212433Z   show-progress: true
2026-10-09T14:20:22.9213206Z   lfs: false
2026-10-09T14:20:22.9213855Z   submodules: false
2026-10-09T14:20:22.9214570Z   set-safe-directory: true
2026-10-09T14:20:22.9215478Z env:
2026-10-09T14:20:22.9216098Z   MOCK_PROVIDER: true
2026-10-09T14:20:22.9216796Z   MOCK_STREAM_DELAY_MS: 0
2026-10-09T14:20:22.9217531Z   ENABLE_CLOUD: false
2026-10-09T14:20:22.9218316Z   CREDENTIAL_VAULT_BACKEND: memory
2026-10-09T14:20:22.9219218Z   CREDENTIAL_VAULT_ALLOW_MEMORY_FALLBACK: true
2026-10-09T14:20:22.9220151Z   PYTHONDONTWRITEBYTECODE: 1
2026-10-09T14:20:22.9220910Z   HF_HUB_OFFLINE: 1
2026-10-09T14:20:22.9221597Z   TRANSFORMERS_OFFLINE: 1
2026-10-09T14:20:22.9222384Z ##[endgroup]
2026-10-09T14:20:23.1748169Z Syncing repository: 1785235376-blip/AI-Novel-Studio
2026-10-09T14:20:23.1750179Z ##[group]Getting Git version info
2026-10-09T14:20:23.1751127Z Working directory is 'D:\a\AI-Novel-Studio\AI-Novel-Studio'
2026-10-09T14:20:23.2373537Z [command]"C:\Program Files\Git\bin\git.exe" version
2026-10-09T14:20:23.7920127Z git version 2.56.0.windows.1
2026-10-09T14:20:23.7955211Z ##[endgroup]
2026-10-09T14:20:23.7968995Z Temporarily overriding HOME='D:\a\_temp\15a36406-b640-4c99-a310-e58afea633b9' before making global git config changes
2026-10-09T14:20:23.7969630Z Adding repository directory to the temporary git global config as a safe directory
2026-10-09T14:20:23.7977822Z [command]"C:\Program Files\Git\bin\git.exe" config --global --add safe.directory D:\a\AI-Novel-Studio\AI-Novel-Studio
2026-10-09T14:20:23.8529467Z Deleting the contents of 'D:\a\AI-Novel-Studio\AI-Novel-Studio'
2026-10-09T14:20:23.8534574Z ##[group]Initializing the repository
2026-10-09T14:20:23.8542222Z [command]"C:\Program Files\Git\bin\git.exe" init D:\a\AI-Novel-Studio\AI-Novel-Studio
2026-10-09T14:20:23.9378880Z Initialized empty Git repository in D:/a/AI-Novel-Studio/AI-Novel-Studio/.git/
2026-10-09T14:20:23.9412884Z [command]"C:\Program Files\Git\bin\git.exe" remote add origin https://github.com/1785235376-blip/AI-Novel-Studio
2026-10-09T14:20:23.9934221Z ##[endgroup]
2026-10-09T14:20:23.9934696Z ##[group]Disabling automatic garbage collection
2026-10-09T14:20:23.9942927Z [command]"C:\Program Files\Git\bin\git.exe" config --local gc.auto 0
2026-10-09T14:20:24.0169087Z ##[endgroup]
2026-10-09T14:20:24.0169437Z ##[group]Setting up auth
2026-10-09T14:20:24.0179315Z [command]"C:\Program Files\Git\bin\git.exe" config --local --name-only --get-regexp core\.sshCommand
2026-10-09T14:20:24.0408902Z [command]"C:\Program Files\Git\bin\git.exe" submodule foreach --recursive "sh -c \"git config --local --name-only --get-regexp 'core\.sshCommand' && git config --local --unset-all 'core.sshCommand' || :\""
2026-10-09T14:20:25.6320525Z [command]"C:\Program Files\Git\bin\git.exe" config --local --name-only --get-regexp http\.https\:\/\/github\.com\/\.extraheader
2026-10-09T14:20:25.6558256Z [command]"C:\Program Files\Git\bin\git.exe" submodule foreach --recursive "sh -c \"git config --local --name-only --get-regexp 'http\.https\:\/\/github\.com\/\.extraheader' && git config --local --unset-all 'http.https://github.com/.extraheader' || :\""
2026-10-09T14:20:26.0499324Z [command]"C:\Program Files\Git\bin\git.exe" config --local http.https://github.com/.extraheader "AUTHORIZATION: basic ***"
2026-10-09T14:20:26.0737680Z ##[endgroup]
2026-10-09T14:20:26.0738425Z ##[group]Fetching the repository
2026-10-09T14:20:26.0750619Z [command]"C:\Program Files\Git\bin\git.exe" -c protocol.version=2 fetch --no-tags --prune --no-recurse-submodules --depth=1 origin +7f0d911549b04e8dbb7cf078316ad74c42095449:refs/remotes/pull/47/merge
2026-10-09T14:20:28.7068122Z From https://github.com/1785235376-blip/AI-Novel-Studio
2026-10-09T14:20:28.7068716Z  * [new ref]         7f0d911549b04e8dbb7cf078316ad74c42095449 -> pull/47/merge
2026-10-09T14:20:28.7097553Z ##[endgroup]
2026-10-09T14:20:28.7098043Z ##[group]Determining the checkout info
2026-10-09T14:20:28.7099716Z ##[endgroup]
2026-10-09T14:20:28.7107666Z [command]"C:\Program Files\Git\bin\git.exe" sparse-checkout disable
2026-10-09T14:20:28.7553971Z [command]"C:\Program Files\Git\bin\git.exe" config --local --unset-all extensions.worktreeConfig
2026-10-09T14:20:28.7856269Z ##[group]Checking out the ref
2026-10-09T14:20:28.7862064Z [command]"C:\Program Files\Git\bin\git.exe" checkout --progress --force refs/remotes/pull/47/merge
2026-10-09T14:20:29.8481957Z Updating files:  60% (2131/3530)
2026-10-09T14:20:29.8527503Z Updating files:  61% (2154/3530)
2026-10-09T14:20:29.8590863Z Updating files:  62% (2189/3530)
2026-10-09T14:20:29.8653118Z Updating files:  63% (2224/3530)
2026-10-09T14:20:29.8709381Z Updating files:  64% (2260/3530)
2026-10-09T14:20:29.8771359Z Updating files:  65% (2295/3530)
2026-10-09T14:20:29.8838304Z Updating files:  66% (2330/3530)
2026-10-09T14:20:29.8903944Z Updating files:  67% (2366/3530)
2026-10-09T14:20:29.8958034Z Updating files:  68% (2401/3530)
2026-10-09T14:20:29.9018777Z Updating files:  69% (2436/3530)
2026-10-09T14:20:29.9082940Z Updating files:  70% (2471/3530)
2026-10-09T14:20:29.9141878Z Updating files:  71% (2507/3530)
2026-10-09T14:20:29.9208114Z Updating files:  72% (2542/3530)
2026-10-09T14:20:29.9272027Z Updating files:  73% (2577/3530)
2026-10-09T14:20:29.9331258Z Updating files:  74% (2613/3530)
2026-10-09T14:20:29.9378607Z Updating files:  75% (2648/3530)
2026-10-09T14:20:29.9428447Z Updating files:  76% (2683/3530)
2026-10-09T14:20:29.9496516Z Updating files:  77% (2719/3530)
2026-10-09T14:20:29.9557909Z Updating files:  78% (2754/3530)
2026-10-09T14:20:29.9649891Z Updating files:  79% (2789/3530)
2026-10-09T14:20:29.9750143Z Updating files:  80% (2824/3530)
2026-10-09T14:20:29.9808156Z Updating files:  81% (2860/3530)
2026-10-09T14:20:29.9862483Z Updating files:  82% (2895/3530)
2026-10-09T14:20:29.9909060Z Updating files:  83% (2930/3530)
2026-10-09T14:20:29.9977110Z Updating files:  84% (2966/3530)
2026-10-09T14:20:30.0035067Z Updating files:  85% (3001/3530)
2026-10-09T14:20:30.0110987Z Updating files:  86% (3036/3530)
2026-10-09T14:20:30.0165292Z Updating files:  87% (3072/3530)
2026-10-09T14:20:30.0212263Z Updating files:  88% (3107/3530)
2026-10-09T14:20:30.0260348Z Updating files:  89% (3142/3530)
2026-10-09T14:20:30.0337118Z Updating files:  90% (3177/3530)
2026-10-09T14:20:30.0401623Z Updating files:  91% (3213/3530)
2026-10-09T14:20:30.0481329Z Updating files:  92% (3248/3530)
2026-10-09T14:20:30.0558498Z Updating files:  93% (3283/3530)
2026-10-09T14:20:30.0641914Z Updating files:  94% (3319/3530)
2026-10-09T14:20:30.0717532Z Updating files:  95% (3354/3530)
2026-10-09T14:20:30.0800205Z Updating files:  96% (3389/3530)
2026-10-09T14:20:30.0885138Z Updating files:  97% (3425/3530)
2026-10-09T14:20:30.0974441Z Updating files:  98% (3460/3530)
2026-10-09T14:20:30.1057764Z Updating files:  99% (3495/3530)
2026-10-09T14:20:30.1058120Z Updating files: 100% (3530/3530)
2026-10-09T14:20:30.1060955Z Updating files: 100% (3530/3530), done.
2026-10-09T14:20:30.1167168Z Note: switching to 'refs/remotes/pull/47/merge'.
2026-10-09T14:20:30.1167468Z 
2026-10-09T14:20:30.1167703Z You are in 'detached HEAD' state. You can look around, make experimental
2026-10-09T14:20:30.1168268Z changes and commit them, and you can discard any commits you make in this
2026-10-09T14:20:30.1168962Z state without impacting any branches by switching back to a branch.
2026-10-09T14:20:30.1169297Z 
2026-10-09T14:20:30.1170859Z If you want to create a new branch to retain commits you create, you may
2026-10-09T14:20:30.1171434Z do so (now or later) by using -c with the switch command. Example:
2026-10-09T14:20:30.1171647Z 
2026-10-09T14:20:30.1171764Z   git switch -c <new-branch-name>
2026-10-09T14:20:30.1171905Z 
2026-10-09T14:20:30.1171984Z Or undo this operation with:
2026-10-09T14:20:30.1172102Z 
2026-10-09T14:20:30.1172171Z   git switch -
2026-10-09T14:20:30.1172289Z 
2026-10-09T14:20:30.1172459Z Turn off this advice by setting config variable advice.detachedHead to false
2026-10-09T14:20:30.1172698Z 
2026-10-09T14:20:30.1172977Z HEAD is now at 7f0d911 Merge 99c43b6892038233c390be2ae61acb669163d0b5 into fed2404c8e30b44061b7139dced45b7f3301601c
2026-10-09T14:20:30.1280671Z ##[endgroup]
2026-10-09T14:20:30.1935789Z [command]"C:\Program Files\Git\bin\git.exe" log -1 --format=%H
2026-10-09T14:20:30.2214504Z 7f0d911549b04e8dbb7cf078316ad74c42095449
2026-10-09T14:20:30.2247775Z ##[group]Removing auth
2026-10-09T14:20:30.2255354Z [command]"C:\Program Files\Git\bin\git.exe" config --local --name-only --get-regexp core\.sshCommand
2026-10-09T14:20:30.2585698Z [command]"C:\Program Files\Git\bin\git.exe" submodule foreach --recursive "sh -c \"git config --local --name-only --get-regexp 'core\.sshCommand' && git config --local --unset-all 'core.sshCommand' || :\""
2026-10-09T14:20:30.6473664Z [command]"C:\Program Files\Git\bin\git.exe" config --local --name-only --get-regexp http\.https\:\/\/github\.com\/\.extraheader
2026-10-09T14:20:30.6675988Z http.https://github.com/.extraheader
2026-10-09T14:20:30.6702331Z [command]"C:\Program Files\Git\bin\git.exe" config --local --unset-all http.https://github.com/.extraheader
2026-10-09T14:20:30.6936122Z [command]"C:\Program Files\Git\bin\git.exe" submodule foreach --recursive "sh -c \"git config --local --name-only --get-regexp 'http\.https\:\/\/github\.com\/\.extraheader' && git config --local --unset-all 'http.https://github.com/.extraheader' || :\""
2026-10-09T14:20:31.0867175Z ##[endgroup]
2026-10-09T14:20:31.1271393Z ##[group]Run actions/setup-python@v5.6.0
2026-10-09T14:20:31.1271697Z with:
2026-10-09T14:20:31.1271862Z   python-version: 3.12.9
2026-10-09T14:20:31.1272045Z   check-latest: false
2026-10-09T14:20:31.1274061Z   token: ***
2026-10-09T14:20:31.1274242Z   update-environment: true
2026-10-09T14:20:31.1274428Z   allow-prereleases: false
2026-10-09T14:20:31.1274609Z   freethreaded: false
2026-10-09T14:20:31.1274771Z env:
2026-10-09T14:20:31.1274908Z   MOCK_PROVIDER: true
2026-10-09T14:20:31.1275066Z   MOCK_STREAM_DELAY_MS: 0
2026-10-09T14:20:31.1275290Z   ENABLE_CLOUD: false
2026-10-09T14:20:31.1275457Z   CREDENTIAL_VAULT_BACKEND: memory
2026-10-09T14:20:31.1275692Z   CREDENTIAL_VAULT_ALLOW_MEMORY_FALLBACK: true
2026-10-09T14:20:31.1275917Z   PYTHONDONTWRITEBYTECODE: 1
2026-10-09T14:20:31.1276099Z   HF_HUB_OFFLINE: 1
2026-10-09T14:20:31.1276251Z   TRANSFORMERS_OFFLINE: 1
2026-10-09T14:20:31.1276417Z ##[endgroup]
2026-10-09T14:20:31.2536733Z ##[group]Installed versions
2026-10-09T14:20:31.2547104Z Version 3.12.9 was not found in the local cache
2026-10-09T14:20:31.2688729Z (node:1408) [DEP0040] DeprecationWarning: The `punycode` module is deprecated. Please use a userland alternative instead.
2026-10-09T14:20:31.2689388Z (Use `node --trace-deprecation ...` to show where the warning was created)
2026-10-09T14:20:32.3390604Z Version 3.12.9 is available for downloading
2026-10-09T14:20:32.3392026Z Download from "https://github.com/actions/python-versions/releases/download/3.12.9-13149478207/python-3.12.9-win32-x64.zip"
2026-10-09T14:20:32.8824805Z Extract downloaded archive
2026-10-09T14:20:33.7810616Z [command]"C:\Program Files\PowerShell\7\pwsh.exe" -NoLogo -NoProfile -NonInteractive -ExecutionPolicy Unrestricted -Command "$ErrorActionPreference = 'Stop' ; try { Add-Type -AssemblyName System.IO.Compression.ZipFile } catch { } ; try { [System.IO.Compression.ZipFile]::ExtractToDirectory('D:\a\_temp\python-3.12.9-win32-x64.zip', 'D:\a\_temp\d801548a-5b31-464e-9cb6-08ed2ffae634', $true) } catch { if (($_.Exception.GetType().FullName -eq 'System.Management.Automation.MethodException') -or ($_.Exception.GetType().FullName -eq 'System.Management.Automation.RuntimeException') ){ Expand-Archive -LiteralPath 'D:\a\_temp\python-3.12.9-win32-x64.zip' -DestinationPath 'D:\a\_temp\d801548a-5b31-464e-9cb6-08ed2ffae634' -Force } else { throw $_ } } ;"
2026-10-09T14:20:34.1725374Z Execute installation script
2026-10-09T14:20:39.7608363Z Check if Python hostedtoolcache folder exist...
2026-10-09T14:20:39.7610132Z 
2026-10-09T14:20:39.7793312Z Check if current Python version is installed...
2026-10-09T14:20:39.7793559Z 
2026-10-09T14:20:39.7990245Z Python3.12 (x64) was found in C:\hostedtoolcache\windows\Python...
2026-10-09T14:20:39.7990621Z 
2026-10-09T14:20:39.8820621Z Deleting C:\hostedtoolcache\windows\Python\3.12.10\x64...
2026-10-09T14:20:39.8821015Z 
2026-10-09T14:20:48.7513295Z VERBOSE: Performing the operation "Remove File" on target "C:\hostedtoolcache\windows\Python\3.12.10\x64.complete".
2026-10-09T14:20:48.7513908Z 
2026-10-09T14:20:48.7520241Z Remove registry entries for Python 3.12(x64)...
2026-10-09T14:20:48.7521080Z 
2026-10-09T14:20:49.1417271Z VERBOSE: Performing the operation "Remove Key" on target "Item: 
2026-10-09T14:20:49.1418410Z HKEY_LOCAL_MACHINE\SOFTWARE\Microsoft\Windows\CurrentVersion\Installer\UserData\S-1-5-18\Products\06D3A4FE35A979641AD83
2026-10-09T14:20:49.1419103Z D53F358456E".
2026-10-09T14:20:49.1419253Z 
2026-10-09T14:20:49.1438127Z VERBOSE: Performing the operation "Remove Key" on target "Item: 
2026-10-09T14:20:49.1439081Z HKEY_LOCAL_MACHINE\SOFTWARE\Microsoft\Windows\CurrentVersion\Installer\UserData\S-1-5-18\Products\3661A0DCD2CDDB1498FA1
2026-10-09T14:20:49.1439832Z E80E9488122".
2026-10-09T14:20:49.1439927Z 
2026-10-09T14:20:49.1453352Z VERBOSE: Performing the operation "Remove Key" on target "Item: 
2026-10-09T14:20:49.1456192Z HKEY_LOCAL_MACHINE\SOFTWARE\Microsoft\Windows\CurrentVersion\Installer\UserData\S-1-5-18\Products\3865845730FE6E14FB121
2026-10-09T14:20:49.1456684Z D94614945C8".
2026-10-09T14:20:49.1456789Z 
2026-10-09T14:20:49.1477079Z VERBOSE: Performing the operation "Remove Key" on target "Item: 
2026-10-09T14:20:49.1477852Z HKEY_LOCAL_MACHINE\SOFTWARE\Microsoft\Windows\CurrentVersion\Installer\UserData\S-1-5-18\Products\795B21EDFB4DB1B4FBF55
2026-10-09T14:20:49.1478345Z CEC14FADBCF".
2026-10-09T14:20:49.1478439Z 
2026-10-09T14:20:49.1490642Z VERBOSE: Performing the operation "Remove Key" on target "Item: 
2026-10-09T14:20:49.1491302Z HKEY_LOCAL_MACHINE\SOFTWARE\Microsoft\Windows\CurrentVersion\Installer\UserData\S-1-5-18\Products\8843FD815422B2340A32A
2026-10-09T14:20:49.1491930Z 30AC5A2008C".
2026-10-09T14:20:49.1492026Z 
2026-10-09T14:20:49.1511518Z VERBOSE: Performing the operation "Remove Key" on target "Item: 
2026-10-09T14:20:49.1512464Z HKEY_LOCAL_MACHINE\SOFTWARE\Microsoft\Windows\CurrentVersion\Installer\UserData\S-1-5-18\Products\D3908510908FB5544992D
2026-10-09T14:20:49.1513120Z 6614A5B1D81".
2026-10-09T14:20:49.1513210Z 
2026-10-09T14:20:49.1528273Z VERBOSE: Performing the operation "Remove Key" on target "Item: 
2026-10-09T14:20:49.1529031Z HKEY_LOCAL_MACHINE\SOFTWARE\Microsoft\Windows\CurrentVersion\Installer\UserData\S-1-5-18\Products\FA171F1012F1E534EB4EC
2026-10-09T14:20:49.1529452Z F4C63C098C6".
2026-10-09T14:20:49.1529558Z 
2026-10-09T14:20:49.1539824Z VERBOSE: Performing the operation "Remove Key" on target "Item: 
2026-10-09T14:20:49.1541166Z HKEY_LOCAL_MACHINE\SOFTWARE\Microsoft\Windows\CurrentVersion\Installer\UserData\S-1-5-18\Products\FE9C90D9C75AA2247BA9C
2026-10-09T14:20:49.1541747Z C29029756A3".
2026-10-09T14:20:49.1541848Z 
2026-10-09T14:20:49.1684094Z VERBOSE: Performing the operation "Remove Key" on target "Item: 
2026-10-09T14:20:49.1684588Z HKEY_CLASSES_ROOT\Installer\Products\06D3A4FE35A979641AD83D53F358456E".
2026-10-09T14:20:49.1684818Z 
2026-10-09T14:20:49.1938909Z VERBOSE: Performing the operation "Remove Key" on target "Item: 
2026-10-09T14:20:49.1939558Z HKEY_CLASSES_ROOT\Installer\Products\3661A0DCD2CDDB1498FA1E80E9488122".
2026-10-09T14:20:49.1939893Z 
2026-10-09T14:20:49.1961600Z VERBOSE: Performing the operation "Remove Key" on target "Item: 
2026-10-09T14:20:49.1962147Z HKEY_CLASSES_ROOT\Installer\Products\3865845730FE6E14FB121D94614945C8".
2026-10-09T14:20:49.1962444Z 
2026-10-09T14:20:49.2183573Z VERBOSE: Performing the operation "Remove Key" on target "Item: 
2026-10-09T14:20:49.2184137Z HKEY_CLASSES_ROOT\Installer\Products\795B21EDFB4DB1B4FBF55CEC14FADBCF".
2026-10-09T14:20:49.2184381Z 
2026-10-09T14:20:49.2257896Z VERBOSE: Performing the operation "Remove Key" on target "Item: 
2026-10-09T14:20:49.2258484Z HKEY_CLASSES_ROOT\Installer\Products\8843FD815422B2340A32A30AC5A2008C".
2026-10-09T14:20:49.2258890Z 
2026-10-09T14:20:49.2641135Z VERBOSE: Performing the operation "Remove Key" on target "Item: 
2026-10-09T14:20:49.2641743Z HKEY_CLASSES_ROOT\Installer\Products\D3908510908FB5544992D6614A5B1D81".
2026-10-09T14:20:49.2642057Z 
2026-10-09T14:20:49.2804760Z VERBOSE: Performing the operation "Remove Key" on target "Item: 
2026-10-09T14:20:49.2805266Z HKEY_CLASSES_ROOT\Installer\Products\FA171F1012F1E534EB4ECF4C63C098C6".
2026-10-09T14:20:49.2805522Z 
2026-10-09T14:20:49.2837642Z VERBOSE: Performing the operation "Remove Key" on target "Item: 
2026-10-09T14:20:49.2838238Z HKEY_CLASSES_ROOT\Installer\Products\FE9C90D9C75AA2247BA9CC29029756A3".
2026-10-09T14:20:49.2838569Z 
2026-10-09T14:20:49.2932428Z VERBOSE: Performing the operation "Remove Key" on target "Item: 
2026-10-09T14:20:49.2933170Z HKEY_LOCAL_MACHINE\Software\Microsoft\Windows\CurrentVersion\Uninstall\{0158093D-F809-455B-9429-6D16A4B5D118}".
2026-10-09T14:20:49.2934482Z 
2026-10-09T14:20:49.2945713Z VERBOSE: Performing the operation "Remove Key" on target "Item: 
2026-10-09T14:20:49.2947020Z HKEY_LOCAL_MACHINE\Software\Microsoft\Windows\CurrentVersion\Uninstall\{01F171AF-1F21-435E-BEE4-FCC4360C896C}".
2026-10-09T14:20:49.2947416Z 
2026-10-09T14:20:49.2989253Z VERBOSE: Performing the operation "Remove Key" on target "Item: 
2026-10-09T14:20:49.2989808Z HKEY_LOCAL_MACHINE\Software\Microsoft\Windows\CurrentVersion\Uninstall\{18DF3488-2245-432B-A023-3AA05C2A00C8}".
2026-10-09T14:20:49.2990145Z 
2026-10-09T14:20:49.3086277Z VERBOSE: Performing the operation "Remove Key" on target "Item: 
2026-10-09T14:20:49.3086916Z HKEY_LOCAL_MACHINE\Software\Microsoft\Windows\CurrentVersion\Uninstall\{75485683-EF03-41E6-BF21-D1491694548C}".
2026-10-09T14:20:49.3087255Z 
2026-10-09T14:20:49.3134590Z VERBOSE: Performing the operation "Remove Key" on target "Item: 
2026-10-09T14:20:49.3135381Z HKEY_LOCAL_MACHINE\Software\Microsoft\Windows\CurrentVersion\Uninstall\{9D09C9EF-A57C-422A-B79A-CC922079653A}".
2026-10-09T14:20:49.3135760Z 
2026-10-09T14:20:49.3206715Z VERBOSE: Performing the operation "Remove Key" on target "Item: 
2026-10-09T14:20:49.3207491Z HKEY_LOCAL_MACHINE\Software\Microsoft\Windows\CurrentVersion\Uninstall\{CD0A1663-DC2D-41BD-89AF-E1089E841822}".
2026-10-09T14:20:49.3207898Z 
2026-10-09T14:20:49.3239405Z VERBOSE: Performing the operation "Remove Key" on target "Item: 
2026-10-09T14:20:49.3240057Z HKEY_LOCAL_MACHINE\Software\Microsoft\Windows\CurrentVersion\Uninstall\{DE12B597-D4BF-4B1B-BF5F-C5CE41AFBDFC}".
2026-10-09T14:20:49.3240481Z 
2026-10-09T14:20:49.3266161Z VERBOSE: Performing the operation "Remove Key" on target "Item: 
2026-10-09T14:20:49.3266640Z HKEY_LOCAL_MACHINE\Software\Microsoft\Windows\CurrentVersion\Uninstall\{EF4A3D60-9A53-4697-A18D-D3353F8554E6}".
2026-10-09T14:20:49.3267112Z 
2026-10-09T14:20:49.3833537Z Create Python 3.12.9 folder in C:\hostedtoolcache\windows\Python
2026-10-09T14:20:49.3833816Z 
2026-10-09T14:20:49.3913909Z Copy Python binaries to C:\hostedtoolcache\windows\Python\3.12.9\x64
2026-10-09T14:20:49.3914287Z 
2026-10-09T14:20:49.4009261Z Install Python 3.12.9 in C:\hostedtoolcache\windows\Python...
2026-10-09T14:20:49.4009532Z 
2026-10-09T14:21:21.4844166Z Create python3 symlink
2026-10-09T14:21:21.4844445Z 
2026-10-09T14:21:21.5552467Z 
2026-10-09T14:21:21.5553082Z 
2026-10-09T14:21:21.5557030Z Directory: C:\hostedtoolcache\windows\Python\3.12.9\x64
2026-10-09T14:21:21.5557427Z 
2026-10-09T14:21:21.5557431Z 
2026-10-09T14:21:21.5567098Z Mode                 LastWriteTime         Length Name
2026-10-09T14:21:21.5571263Z ----                 -------------         ------ ----
2026-10-09T14:21:21.5580448Z -a---l         10/9/2026   2:21 PM              0 python3.exe
2026-10-09T14:21:21.5588656Z Install and upgrade Pip
2026-10-09T14:21:21.5590051Z 
2026-10-09T14:21:23.9657602Z Looking in links: c:\Users\RUNNER~1\AppData\Local\Temp\tmpzrsr4_qy
2026-10-09T14:21:23.9659880Z Requirement already satisfied: pip in c:\hostedtoolcache\windows\python\3.12.9\x64\lib\site-packages (24.3.1)
2026-10-09T14:21:25.3103711Z Collecting pip
2026-10-09T14:21:25.3314583Z Downloading pip-26.2.1-py3-none-any.whl.metadata (4.6 kB)
2026-10-09T14:21:25.3542825Z Downloading pip-26.2.1-py3-none-any.whl (1.8 MB)
2026-10-09T14:21:25.4161907Z 
2026-10-09T14:21:25.4162697Z ---------------------------------------- 1.8/1.8 MB 33.1 MB/s eta 0:00:00
2026-10-09T14:21:25.4163537Z 
2026-10-09T14:21:25.4439814Z Installing collected packages: pip
2026-10-09T14:21:25.4440238Z Attempting uninstall: pip
2026-10-09T14:21:25.4460902Z Found existing installation: pip 24.3.1
2026-10-09T14:21:25.5059420Z Uninstalling pip-24.3.1:
2026-10-09T14:21:25.5190744Z Successfully uninstalled pip-24.3.1
2026-10-09T14:21:27.6057007Z Successfully installed pip-26.2.1
2026-10-09T14:21:27.8182753Z Create complete file
2026-10-09T14:21:27.8182964Z 
2026-10-09T14:21:27.8194460Z 
2026-10-09T14:21:27.8194560Z 
2026-10-09T14:21:27.8862887Z Successfully set up CPython (3.12.9)
2026-10-09T14:21:27.8863795Z ##[endgroup]
2026-10-09T14:21:27.9079071Z ##[group]Run actions/setup-dotnet@v4
2026-10-09T14:21:27.9079353Z with:
2026-10-09T14:21:27.9079512Z   dotnet-version: 8.0.424
2026-10-09T14:21:27.9079691Z   cache: false
2026-10-09T14:21:27.9079841Z env:
2026-10-09T14:21:27.9079981Z   MOCK_PROVIDER: true
2026-10-09T14:21:27.9080148Z   MOCK_STREAM_DELAY_MS: 0
2026-10-09T14:21:27.9080312Z   ENABLE_CLOUD: false
2026-10-09T14:21:27.9080480Z   CREDENTIAL_VAULT_BACKEND: memory
2026-10-09T14:21:27.9080701Z   CREDENTIAL_VAULT_ALLOW_MEMORY_FALLBACK: true
2026-10-09T14:21:27.9080935Z   PYTHONDONTWRITEBYTECODE: 1
2026-10-09T14:21:27.9081125Z   HF_HUB_OFFLINE: 1
2026-10-09T14:21:27.9081293Z   TRANSFORMERS_OFFLINE: 1
2026-10-09T14:21:27.9081528Z   pythonLocation: C:\hostedtoolcache\windows\Python\3.12.9\x64
2026-10-09T14:21:27.9081902Z   PKG_CONFIG_PATH: C:\hostedtoolcache\windows\Python\3.12.9\x64/lib/pkgconfig
2026-10-09T14:21:27.9082259Z   Python_ROOT_DIR: C:\hostedtoolcache\windows\Python\3.12.9\x64
2026-10-09T14:21:27.9082624Z   Python2_ROOT_DIR: C:\hostedtoolcache\windows\Python\3.12.9\x64
2026-10-09T14:21:27.9082941Z   Python3_ROOT_DIR: C:\hostedtoolcache\windows\Python\3.12.9\x64
2026-10-09T14:21:27.9083185Z ##[endgroup]
2026-10-09T14:21:28.0382560Z (node:5204) [DEP0040] DeprecationWarning: The `punycode` module is deprecated. Please use a userland alternative instead.
2026-10-09T14:21:28.0383146Z (Use `node --trace-deprecation ...` to show where the warning was created)
2026-10-09T14:21:28.0915115Z [command]"C:\Program Files\PowerShell\7\pwsh.exe" -NoLogo -Sta -NoProfile -NonInteractive -ExecutionPolicy Unrestricted -Command & 'D:\a\_actions\actions\setup-dotnet\v4\externals\install-dotnet.ps1' -SkipNonVersionedFiles -Runtime dotnet -Channel LTS
2026-10-09T14:21:29.3607925Z dotnet-install: .NET Core Runtime with version '10.0.12' is already installed.
2026-10-09T14:21:29.4599475Z [command]"C:\Program Files\PowerShell\7\pwsh.exe" -NoLogo -Sta -NoProfile -NonInteractive -ExecutionPolicy Unrestricted -Command & 'D:\a\_actions\actions\setup-dotnet\v4\externals\install-dotnet.ps1' -SkipNonVersionedFiles -Version 8.0.424
2026-10-09T14:21:41.1828410Z dotnet-install: Downloaded file https://builds.dotnet.microsoft.com/dotnet/Sdk/8.0.424/dotnet-sdk-8.0.424-win-x64.zip size is 285090820 bytes.
2026-10-09T14:21:41.1832999Z dotnet-install: Either downloaded or local package size can not be measured. One of them may be corrupted.
2026-10-09T14:21:41.1854808Z dotnet-install: Extracting the archive.
2026-10-09T14:21:57.7391420Z dotnet-install: Note that the script does not ensure your Windows version is supported during the installation.
2026-10-09T14:21:57.7393685Z dotnet-install: To check the list of supported versions, go to https://learn.microsoft.com/dotnet/core/install/windows#supported-versions
2026-10-09T14:21:57.7397647Z dotnet-install: Installed version is 8.0.424
2026-10-09T14:21:57.7401223Z dotnet-install: Installation finished
2026-10-09T14:21:57.7947629Z ##[group]Run $sandbox = Join-Path $env:RUNNER_TEMP 'novel-r2-native'
2026-10-09T14:21:57.7948113Z [36;1m$sandbox = Join-Path $env:RUNNER_TEMP 'novel-r2-native'[0m
2026-10-09T14:21:57.7948637Z [36;1mNew-Item -ItemType Directory -Force -Path $sandbox, "$sandbox/data", "$sandbox/receipts", "$sandbox/host" | Out-Null[0m
2026-10-09T14:21:57.7949179Z [36;1m"NOVEL_DATA_PATH=$sandbox/data" | Out-File $env:GITHUB_ENV -Append -Encoding utf8[0m
2026-10-09T14:21:57.7949621Z [36;1m"PROJECT_ROOT=$env:GITHUB_WORKSPACE" | Out-File $env:GITHUB_ENV -Append -Encoding utf8[0m
2026-10-09T14:21:57.7950037Z [36;1m"STORAGE_BACKEND=file" | Out-File $env:GITHUB_ENV -Append -Encoding utf8[0m
2026-10-09T14:21:57.7950447Z [36;1m"CI_RECEIPTS=$sandbox/receipts" | Out-File $env:GITHUB_ENV -Append -Encoding utf8[0m
2026-10-09T14:21:57.7950858Z [36;1m"R2_HOST_OUTPUT=$sandbox/host" | Out-File $env:GITHUB_ENV -Append -Encoding utf8[0m
2026-10-09T14:21:57.7951353Z [36;1m"checked_out_sha=$(git rev-parse HEAD)" | Out-File "$sandbox/receipts/revision.txt" -Encoding utf8[0m
2026-10-09T14:21:57.7952215Z [36;1m"platform=Windows hosted runner; interactive DesktopHost/WebView2/user acceptance NOT_RUN" | Out-File "$sandbox/receipts/revision.txt" -Append -Encoding utf8[0m
2026-10-09T14:21:57.7989022Z shell: C:\Program Files\PowerShell\7\pwsh.EXE -command ". '{0}'"
2026-10-09T14:21:57.7989301Z env:
2026-10-09T14:21:57.7989446Z   MOCK_PROVIDER: true
2026-10-09T14:21:57.7989766Z   MOCK_STREAM_DELAY_MS: 0
2026-10-09T14:21:57.7989934Z   ENABLE_CLOUD: false
2026-10-09T14:21:57.7990102Z   CREDENTIAL_VAULT_BACKEND: memory
2026-10-09T14:21:57.7990321Z   CREDENTIAL_VAULT_ALLOW_MEMORY_FALLBACK: true
2026-10-09T14:21:57.7990546Z   PYTHONDONTWRITEBYTECODE: 1
2026-10-09T14:21:57.7990739Z   HF_HUB_OFFLINE: 1
2026-10-09T14:21:57.7990895Z   TRANSFORMERS_OFFLINE: 1
2026-10-09T14:21:57.7991126Z   pythonLocation: C:\hostedtoolcache\windows\Python\3.12.9\x64
2026-10-09T14:21:57.7991497Z   PKG_CONFIG_PATH: C:\hostedtoolcache\windows\Python\3.12.9\x64/lib/pkgconfig
2026-10-09T14:21:57.7991854Z   Python_ROOT_DIR: C:\hostedtoolcache\windows\Python\3.12.9\x64
2026-10-09T14:21:57.7992167Z   Python2_ROOT_DIR: C:\hostedtoolcache\windows\Python\3.12.9\x64
2026-10-09T14:21:57.7992470Z   Python3_ROOT_DIR: C:\hostedtoolcache\windows\Python\3.12.9\x64
2026-10-09T14:21:57.7992726Z   DOTNET_ROOT: C:\Program Files\dotnet
2026-10-09T14:21:57.7992918Z ##[endgroup]
2026-10-09T14:21:58.3244750Z ##[group]Run python -m pip install -c .github/ci/python-constraints.txt -e '.[dev,fontbuild]'
2026-10-09T14:21:58.3245340Z [36;1mpython -m pip install -c .github/ci/python-constraints.txt -e '.[dev,fontbuild]'[0m
2026-10-09T14:21:58.3275666Z shell: C:\Program Files\PowerShell\7\pwsh.EXE -command ". '{0}'"
2026-10-09T14:21:58.3275930Z env:
2026-10-09T14:21:58.3276075Z   MOCK_PROVIDER: true
2026-10-09T14:21:58.3276244Z   MOCK_STREAM_DELAY_MS: 0
2026-10-09T14:21:58.3276412Z   ENABLE_CLOUD: false
2026-10-09T14:21:58.3276576Z   CREDENTIAL_VAULT_BACKEND: memory
2026-10-09T14:21:58.3276814Z   CREDENTIAL_VAULT_ALLOW_MEMORY_FALLBACK: true
2026-10-09T14:21:58.3277043Z   PYTHONDONTWRITEBYTECODE: 1
2026-10-09T14:21:58.3277225Z   HF_HUB_OFFLINE: 1
2026-10-09T14:21:58.3277380Z   TRANSFORMERS_OFFLINE: 1
2026-10-09T14:21:58.3277623Z   pythonLocation: C:\hostedtoolcache\windows\Python\3.12.9\x64
2026-10-09T14:21:58.3277994Z   PKG_CONFIG_PATH: C:\hostedtoolcache\windows\Python\3.12.9\x64/lib/pkgconfig
2026-10-09T14:21:58.3278342Z   Python_ROOT_DIR: C:\hostedtoolcache\windows\Python\3.12.9\x64
2026-10-09T14:21:58.3278652Z   Python2_ROOT_DIR: C:\hostedtoolcache\windows\Python\3.12.9\x64
2026-10-09T14:21:58.3278958Z   Python3_ROOT_DIR: C:\hostedtoolcache\windows\Python\3.12.9\x64
2026-10-09T14:21:58.3279215Z   DOTNET_ROOT: C:\Program Files\dotnet
2026-10-09T14:21:58.3279436Z   NOVEL_DATA_PATH: D:\a\_temp\novel-r2-native/data
2026-10-09T14:21:58.3279692Z   PROJECT_ROOT: D:\a\AI-Novel-Studio\AI-Novel-Studio
2026-10-09T14:21:58.3279914Z   STORAGE_BACKEND: file
2026-10-09T14:21:58.3280111Z   CI_RECEIPTS: D:\a\_temp\novel-r2-native/receipts
2026-10-09T14:21:58.3280354Z   R2_HOST_OUTPUT: D:\a\_temp\novel-r2-native/host
2026-10-09T14:21:58.3280570Z ##[endgroup]
2026-10-09T14:21:59.7649150Z Obtaining file:///D:/a/AI-Novel-Studio/AI-Novel-Studio
2026-10-09T14:21:59.9742293Z   Installing build dependencies: started
2026-10-09T14:22:02.0361758Z   Installing build dependencies: finished with status 'done'
2026-10-09T14:22:02.0374661Z   Checking if build backend supports build_editable: started
2026-10-09T14:22:02.3520768Z   Checking if build backend supports build_editable: finished with status 'done'
2026-10-09T14:22:02.3539124Z   Getting requirements to build editable: started
2026-10-09T14:22:02.8808578Z   Getting requirements to build editable: finished with status 'done'
2026-10-09T14:22:02.8829851Z   Preparing editable metadata (pyproject.toml): started
2026-10-09T14:22:03.4245742Z   Preparing editable metadata (pyproject.toml): finished with status 'done'
2026-10-09T14:22:03.8264324Z Collecting fastapi<1,>=0.115 (from ai-novel-studio==0.7.0)
2026-10-09T14:22:03.9427437Z   Downloading fastapi-0.142.2-py3-none-any.whl.metadata (27 kB)
2026-10-09T14:22:04.1667623Z Collecting uvicorn<1,>=0.30 (from ai-novel-studio==0.7.0)
2026-10-09T14:22:04.1710815Z   Downloading uvicorn-0.54.0-py3-none-any.whl.metadata (6.6 kB)
2026-10-09T14:22:04.3254111Z Collecting psycopg<4,>=3.2 (from psycopg[binary]<4,>=3.2->ai-novel-studio==0.7.0)
2026-10-09T14:22:04.3302138Z   Downloading psycopg-3.3.6-py3-none-any.whl.metadata (4.4 kB)
2026-10-09T14:22:04.6026859Z Collecting sqlalchemy<3,>=2.0 (from ai-novel-studio==0.7.0)
2026-10-09T14:22:04.6096932Z   Downloading sqlalchemy-2.1.3-cp312-cp312-win_amd64.whl.metadata (9.9 kB)
2026-10-09T14:22:04.6619501Z Collecting httpx<1,>=0.27 (from ai-novel-studio==0.7.0)
2026-10-09T14:22:04.6659086Z   Downloading httpx-0.28.1-py3-none-any.whl.metadata (7.1 kB)
2026-10-09T14:22:04.7100659Z Collecting pydantic-settings<3,>=2.6 (from ai-novel-studio==0.7.0)
2026-10-09T14:22:04.7144061Z   Downloading pydantic_settings-2.15.0-py3-none-any.whl.metadata (3.9 kB)
2026-10-09T14:22:04.8603662Z Collecting reportlab<5,>=4.0 (from ai-novel-studio==0.7.0)
2026-10-09T14:22:04.8945978Z   Downloading reportlab-4.5.1-py3-none-any.whl.metadata (1.7 kB)
2026-10-09T14:22:04.9782758Z Collecting pypdf==6.19.0 (from ai-novel-studio==0.7.0)
2026-10-09T14:22:04.9833183Z   Downloading pypdf-6.19.0-py3-none-any.whl.metadata (7.5 kB)
2026-10-09T14:22:05.0365313Z Collecting jsonschema<5,>=4.18 (from ai-novel-studio==0.7.0)
2026-10-09T14:22:05.0408037Z   Downloading jsonschema-4.26.0-py3-none-any.whl.metadata (7.6 kB)
2026-10-09T14:22:05.1004231Z Collecting pytest<9,>=8 (from ai-novel-studio==0.7.0)
2026-10-09T14:22:05.1045593Z   Downloading pytest-8.4.2-py3-none-any.whl.metadata (7.7 kB)
2026-10-09T14:22:05.2488078Z Collecting fonttools==4.59.1 (from ai-novel-studio==0.7.0)
2026-10-09T14:22:05.2544918Z   Downloading fonttools-4.59.1-cp312-cp312-win_amd64.whl.metadata (111 kB)
2026-10-09T14:22:05.4297761Z Collecting starlette>=0.46.0 (from fastapi<1,>=0.115->ai-novel-studio==0.7.0)
2026-10-09T14:22:05.4339580Z   Downloading starlette-1.7.0-py3-none-any.whl.metadata (6.6 kB)
2026-10-09T14:22:05.5538122Z Collecting pydantic>=2.9.0 (from fastapi<1,>=0.115->ai-novel-studio==0.7.0)
2026-10-09T14:22:05.5582079Z   Downloading pydantic-2.13.5-py3-none-any.whl.metadata (110 kB)
2026-10-09T14:22:05.6946012Z Collecting typing-extensions>=4.8.0 (from fastapi<1,>=0.115->ai-novel-studio==0.7.0)
2026-10-09T14:22:05.6991887Z   Downloading typing_extensions-4.16.0-py3-none-any.whl.metadata (3.3 kB)
2026-10-09T14:22:05.7485523Z Collecting typing-inspection>=0.4.2 (from fastapi<1,>=0.115->ai-novel-studio==0.7.0)
2026-10-09T14:22:05.7572457Z   Downloading typing_inspection-0.4.4-py3-none-any.whl.metadata (2.6 kB)
2026-10-09T14:22:05.9763302Z Collecting annotated-doc>=0.0.2 (from fastapi<1,>=0.115->ai-novel-studio==0.7.0)
2026-10-09T14:22:05.9802536Z   Downloading annotated_doc-0.0.5-py3-none-any.whl.metadata (6.5 kB)
2026-10-09T14:22:06.4103814Z Collecting opentelemetry-api>=1.44.0 (from fastapi<1,>=0.115->ai-novel-studio==0.7.0)
2026-10-09T14:22:06.4172509Z   Downloading opentelemetry_api-1.45.0-py3-none-any.whl.metadata (1.4 kB)
2026-10-09T14:22:06.4689576Z Collecting anyio (from httpx<1,>=0.27->ai-novel-studio==0.7.0)
2026-10-09T14:22:06.4742109Z   Downloading anyio-4.15.1-py3-none-any.whl.metadata (4.7 kB)
2026-10-09T14:22:06.5611360Z Collecting certifi (from httpx<1,>=0.27->ai-novel-studio==0.7.0)
2026-10-09T14:22:06.5656496Z   Downloading certifi-2026.7.22-py3-none-any.whl.metadata (2.5 kB)
2026-10-09T14:22:06.6181131Z Collecting httpcore==1.* (from httpx<1,>=0.27->ai-novel-studio==0.7.0)
2026-10-09T14:22:06.6219592Z   Downloading httpcore-1.0.9-py3-none-any.whl.metadata (21 kB)
2026-10-09T14:22:06.6693769Z Collecting idna (from httpx<1,>=0.27->ai-novel-studio==0.7.0)
2026-10-09T14:22:06.6732216Z   Downloading idna-3.20-py3-none-any.whl.metadata (7.2 kB)
2026-10-09T14:22:06.7628031Z Collecting h11>=0.16 (from httpcore==1.*->httpx<1,>=0.27->ai-novel-studio==0.7.0)
2026-10-09T14:22:06.7672016Z   Downloading h11-0.16.0-py3-none-any.whl.metadata (8.3 kB)
2026-10-09T14:22:06.8156837Z Collecting attrs>=22.2.0 (from jsonschema<5,>=4.18->ai-novel-studio==0.7.0)
2026-10-09T14:22:06.8196115Z   Downloading attrs-26.1.0-py3-none-any.whl.metadata (8.8 kB)
2026-10-09T14:22:06.8683724Z Collecting jsonschema-specifications>=2023.03.6 (from jsonschema<5,>=4.18->ai-novel-studio==0.7.0)
2026-10-09T14:22:06.8728677Z   Downloading jsonschema_specifications-2025.9.1-py3-none-any.whl.metadata (2.9 kB)
2026-10-09T14:22:06.9979225Z Collecting referencing>=0.28.4 (from jsonschema<5,>=4.18->ai-novel-studio==0.7.0)
2026-10-09T14:22:07.0019588Z   Downloading referencing-0.37.0-py3-none-any.whl.metadata (2.8 kB)
2026-10-09T14:22:07.2829506Z Collecting rpds-py>=0.25.0 (from jsonschema<5,>=4.18->ai-novel-studio==0.7.0)
2026-10-09T14:22:07.2876830Z   Downloading rpds_py-2026.9.1-cp312-cp312-win_amd64.whl.metadata (4.2 kB)
2026-10-09T14:22:07.4772803Z Collecting tzdata (from psycopg<4,>=3.2->psycopg[binary]<4,>=3.2->ai-novel-studio==0.7.0)
2026-10-09T14:22:07.4815695Z   Downloading tzdata-2026.5-py2.py3-none-any.whl.metadata (1.4 kB)
2026-10-09T14:22:07.6300135Z Collecting psycopg-binary==3.3.6 (from psycopg[binary]<4,>=3.2->ai-novel-studio==0.7.0)
2026-10-09T14:22:07.6345686Z   Downloading psycopg_binary-3.3.6-cp312-cp312-win_amd64.whl.metadata (2.8 kB)
2026-10-09T14:22:07.7871822Z Collecting python-dotenv>=0.21.0 (from pydantic-settings<3,>=2.6->ai-novel-studio==0.7.0)
2026-10-09T14:22:07.7914099Z   Downloading python_dotenv-1.2.4-py3-none-any.whl.metadata (29 kB)
2026-10-09T14:22:07.8419815Z Collecting colorama>=0.4 (from pytest<9,>=8->ai-novel-studio==0.7.0)
2026-10-09T14:22:07.8465443Z   Downloading colorama-0.4.6-py2.py3-none-any.whl.metadata (17 kB)
2026-10-09T14:22:07.8900842Z Collecting iniconfig>=1 (from pytest<9,>=8->ai-novel-studio==0.7.0)
2026-10-09T14:22:07.8960039Z   Downloading iniconfig-2.3.0-py3-none-any.whl.metadata (2.5 kB)
2026-10-09T14:22:07.9431173Z Collecting packaging>=20 (from pytest<9,>=8->ai-novel-studio==0.7.0)
2026-10-09T14:22:07.9468249Z   Downloading packaging-26.3-py3-none-any.whl.metadata (3.5 kB)
2026-10-09T14:22:08.0129016Z Collecting pluggy<2,>=1.5 (from pytest<9,>=8->ai-novel-studio==0.7.0)
2026-10-09T14:22:08.0171093Z   Downloading pluggy-1.6.0-py3-none-any.whl.metadata (4.8 kB)
2026-10-09T14:22:08.1259681Z Collecting pygments>=2.7.2 (from pytest<9,>=8->ai-novel-studio==0.7.0)
2026-10-09T14:22:08.1307969Z   Downloading pygments-2.21.0-py3-none-any.whl.metadata (2.5 kB)
2026-10-09T14:22:08.3104590Z Collecting pillow>=9.0.0 (from reportlab<5,>=4.0->ai-novel-studio==0.7.0)
2026-10-09T14:22:08.3150097Z   Downloading pillow-12.3.0-cp312-cp312-win_amd64.whl.metadata (9.3 kB)
2026-10-09T14:22:08.4378626Z Collecting charset-normalizer (from reportlab<5,>=4.0->ai-novel-studio==0.7.0)
2026-10-09T14:22:08.4425891Z   Downloading charset_normalizer-3.5.2-cp312-cp312-win_amd64.whl.metadata (47 kB)
2026-10-09T14:22:08.4943520Z Collecting click>=7.0 (from uvicorn<1,>=0.30->ai-novel-studio==0.7.0)
2026-10-09T14:22:08.4983064Z   Downloading click-8.5.0-py3-none-any.whl.metadata (2.6 kB)
2026-10-09T14:22:08.5557023Z Collecting annotated-types>=0.6.0 (from pydantic>=2.9.0->fastapi<1,>=0.115->ai-novel-studio==0.7.0)
2026-10-09T14:22:08.5596056Z   Downloading annotated_types-0.8.0-py3-none-any.whl.metadata (15 kB)
2026-10-09T14:22:09.1042505Z Collecting pydantic-core==2.46.5 (from pydantic>=2.9.0->fastapi<1,>=0.115->ai-novel-studio==0.7.0)
2026-10-09T14:22:09.3244678Z   Downloading pydantic_core-2.46.5-cp312-cp312-win_amd64.whl.metadata (6.7 kB)
2026-10-09T14:22:09.3639803Z Downloading fonttools-4.59.1-cp312-cp312-win_amd64.whl (2.3 MB)
2026-10-09T14:22:09.3988499Z    ---------------------------------------- 2.3/2.3 MB 62.2 MB/s  0:00:00
2026-10-09T14:22:09.4032659Z Downloading pypdf-6.19.0-py3-none-any.whl (395 kB)
2026-10-09T14:22:09.4350509Z Downloading fastapi-0.142.2-py3-none-any.whl (144 kB)
2026-10-09T14:22:09.4575651Z Downloading httpx-0.28.1-py3-none-any.whl (73 kB)
2026-10-09T14:22:09.4815598Z Downloading httpcore-1.0.9-py3-none-any.whl (78 kB)
2026-10-09T14:22:09.5022368Z Downloading jsonschema-4.26.0-py3-none-any.whl (90 kB)
2026-10-09T14:22:09.5248098Z Downloading psycopg-3.3.6-py3-none-any.whl (215 kB)
2026-10-09T14:22:09.5574380Z Downloading psycopg_binary-3.3.6-cp312-cp312-win_amd64.whl (3.7 MB)
2026-10-09T14:22:09.6013034Z    ---------------------------------------- 3.7/3.7 MB 109.6 MB/s  0:00:00
2026-10-09T14:22:09.6061523Z Downloading pydantic_settings-2.15.0-py3-none-any.whl (69 kB)
2026-10-09T14:22:09.6271140Z Downloading pytest-8.4.2-py3-none-any.whl (365 kB)
2026-10-09T14:22:09.6526529Z Downloading pluggy-1.6.0-py3-none-any.whl (20 kB)
2026-10-09T14:22:09.6767314Z Downloading reportlab-4.5.1-py3-none-any.whl (2.0 MB)
2026-10-09T14:22:09.7851659Z    ---------------------------------------- 2.0/2.0 MB 15.6 MB/s  0:00:00
2026-10-09T14:22:09.7912811Z Downloading sqlalchemy-2.1.3-cp312-cp312-win_amd64.whl (2.4 MB)
2026-10-09T14:22:09.9313158Z    ---------------------------------------- 2.4/2.4 MB 17.3 MB/s  0:00:00
2026-10-09T14:22:09.9353366Z Downloading uvicorn-0.54.0-py3-none-any.whl (87 kB)
2026-10-09T14:22:09.9578534Z Downloading annotated_doc-0.0.5-py3-none-any.whl (5.3 kB)
2026-10-09T14:22:09.9802277Z Downloading attrs-26.1.0-py3-none-any.whl (67 kB)
2026-10-09T14:22:10.0076519Z Downloading click-8.5.0-py3-none-any.whl (125 kB)
2026-10-09T14:22:10.0364277Z Downloading colorama-0.4.6-py2.py3-none-any.whl (25 kB)
2026-10-09T14:22:10.0563274Z Downloading h11-0.16.0-py3-none-any.whl (37 kB)
2026-10-09T14:22:10.0991818Z Downloading iniconfig-2.3.0-py3-none-any.whl (7.5 kB)
2026-10-09T14:22:10.1186981Z Downloading jsonschema_specifications-2025.9.1-py3-none-any.whl (18 kB)
2026-10-09T14:22:10.1424774Z Downloading opentelemetry_api-1.45.0-py3-none-any.whl (60 kB)
2026-10-09T14:22:10.1739010Z Downloading packaging-26.3-py3-none-any.whl (129 kB)
2026-10-09T14:22:10.1976050Z Downloading pillow-12.3.0-cp312-cp312-win_amd64.whl (7.2 MB)
2026-10-09T14:22:10.2771148Z    ---------------------------------------- 7.2/7.2 MB 89.3 MB/s  0:00:00
2026-10-09T14:22:10.2816286Z Downloading pydantic-2.13.5-py3-none-any.whl (472 kB)
2026-10-09T14:22:10.3106047Z Downloading pydantic_core-2.46.5-cp312-cp312-win_amd64.whl (2.0 MB)
2026-10-09T14:22:10.3518055Z    ---------------------------------------- 2.0/2.0 MB 57.5 MB/s  0:00:00
2026-10-09T14:22:10.3557563Z Downloading annotated_types-0.8.0-py3-none-any.whl (13 kB)
2026-10-09T14:22:10.3836131Z Downloading pygments-2.21.0-py3-none-any.whl (1.3 MB)
2026-10-09T14:22:10.4217762Z    ---------------------------------------- 1.3/1.3 MB 21.0 MB/s  0:00:00
2026-10-09T14:22:10.4260454Z Downloading python_dotenv-1.2.4-py3-none-any.whl (23 kB)
2026-10-09T14:22:10.4514140Z Downloading referencing-0.37.0-py3-none-any.whl (26 kB)
2026-10-09T14:22:10.4763138Z Downloading rpds_py-2026.9.1-cp312-cp312-win_amd64.whl (222 kB)
2026-10-09T14:22:10.5017261Z Downloading starlette-1.7.0-py3-none-any.whl (78 kB)
2026-10-09T14:22:10.6367288Z Downloading anyio-4.15.1-py3-none-any.whl (132 kB)
2026-10-09T14:22:10.6631486Z Downloading idna-3.20-py3-none-any.whl (69 kB)
2026-10-09T14:22:10.6861533Z Downloading typing_extensions-4.16.0-py3-none-any.whl (45 kB)
2026-10-09T14:22:10.7167120Z Downloading typing_inspection-0.4.4-py3-none-any.whl (14 kB)
2026-10-09T14:22:10.7428969Z Downloading certifi-2026.7.22-py3-none-any.whl (136 kB)
2026-10-09T14:22:10.7678651Z Downloading charset_normalizer-3.5.2-cp312-cp312-win_amd64.whl (207 kB)
2026-10-09T14:22:10.8110925Z Downloading tzdata-2026.5-py2.py3-none-any.whl (347 kB)
2026-10-09T14:22:10.9773429Z Building wheels for collected packages: ai-novel-studio
2026-10-09T14:22:10.9801329Z   Building editable for ai-novel-studio (pyproject.toml): started
2026-10-09T14:22:11.5959968Z   Building editable for ai-novel-studio (pyproject.toml): finished with status 'done'
2026-10-09T14:22:11.5992895Z   Created wheel for ai-novel-studio: filename=ai_novel_studio-0.7.0-0.editable-py3-none-any.whl size=3169 sha256=8b75babfcc818526d8c852c19d55f390bd3604f096c30576e6079dc9af5f8205
2026-10-09T14:22:11.5994530Z   Stored in directory: C:\Users\runneradmin\AppData\Local\Temp\pip-ephem-wheel-cache-hhwgpf3v\wheels\bc\96\d9\23bbbf472cce62cc5daf428b8cf5c693a6d54b50fcbdee6f2d
2026-10-09T14:22:11.6013773Z Successfully built ai-novel-studio
2026-10-09T14:22:11.6721453Z Installing collected packages: tzdata, typing-extensions, rpds-py, python-dotenv, pypdf, pygments, psycopg-binary, pluggy, pillow, packaging, iniconfig, idna, h11, fonttools, colorama, click, charset-normalizer, certifi, attrs, annotated-types, annotated-doc, uvicorn, typing-inspection, sqlalchemy, reportlab, referencing, pytest, pydantic-core, psycopg, opentelemetry-api, httpcore, anyio, starlette, pydantic, jsonschema-specifications, httpx, pydantic-settings, jsonschema, fastapi, ai-novel-studio
2026-10-09T14:22:30.8425922Z 
2026-10-09T14:22:30.8456103Z Successfully installed ai-novel-studio-0.7.0 annotated-doc-0.0.5 annotated-types-0.8.0 anyio-4.15.1 attrs-26.1.0 certifi-2026.7.22 charset-normalizer-3.5.2 click-8.5.0 colorama-0.4.6 fastapi-0.142.2 fonttools-4.59.1 h11-0.16.0 httpcore-1.0.9 httpx-0.28.1 idna-3.20 iniconfig-2.3.0 jsonschema-4.26.0 jsonschema-specifications-2025.9.1 opentelemetry-api-1.45.0 packaging-26.3 pillow-12.3.0 pluggy-1.6.0 psycopg-3.3.6 psycopg-binary-3.3.6 pydantic-2.13.5 pydantic-core-2.46.5 pydantic-settings-2.15.0 pygments-2.21.0 pypdf-6.19.0 pytest-8.4.2 python-dotenv-1.2.4 referencing-0.37.0 reportlab-4.5.1 rpds-py-2026.9.1 sqlalchemy-2.1.3 starlette-1.7.0 typing-extensions-4.16.0 typing-inspection-0.4.4 tzdata-2026.5 uvicorn-0.54.0
2026-10-09T14:22:31.1262513Z ##[group]Run if ((dotnet --version).Trim() -ne '8.0.424') { throw 'Wrong .NET SDK selected' }
2026-10-09T14:22:31.1263383Z [36;1mif ((dotnet --version).Trim() -ne '8.0.424') { throw 'Wrong .NET SDK selected' }[0m
2026-10-09T14:22:31.1264121Z [36;1mdotnet --version | Out-File "$env:CI_RECEIPTS/dotnet-sdk.txt" -Encoding utf8[0m
2026-10-09T14:22:31.1265865Z [36;1mdotnet publish desktop-host/AI.NovelStudio.DesktopHost/AI.NovelStudio.DesktopHost.csproj -c Release -r win-x64 --self-contained false -o "$env:R2_HOST_OUTPUT" 2>&1 | Tee-Object "$env:CI_RECEIPTS/host-build.log"[0m
2026-10-09T14:22:31.1267397Z [36;1mif ($LASTEXITCODE -ne 0) { exit $LASTEXITCODE }[0m
2026-10-09T14:22:31.1268662Z [36;1mGet-ChildItem "$env:R2_HOST_OUTPUT" -File -Recurse | Get-FileHash -Algorithm SHA256 | ForEach-Object { "$($_.Hash)  $([IO.Path]::GetRelativePath($env:R2_HOST_OUTPUT, $_.Path))" } | Out-File "$env:CI_RECEIPTS/host-sha256.txt" -Encoding utf8[0m
2026-10-09T14:22:31.1312822Z shell: C:\Program Files\PowerShell\7\pwsh.EXE -command ". '{0}'"
2026-10-09T14:22:31.1313107Z env:
2026-10-09T14:22:31.1313260Z   MOCK_PROVIDER: true
2026-10-09T14:22:31.1313438Z   MOCK_STREAM_DELAY_MS: 0
2026-10-09T14:22:31.1313613Z   ENABLE_CLOUD: false
2026-10-09T14:22:31.1313789Z   CREDENTIAL_VAULT_BACKEND: memory
2026-10-09T14:22:31.1314124Z   CREDENTIAL_VAULT_ALLOW_MEMORY_FALLBACK: true
2026-10-09T14:22:31.1314481Z   PYTHONDONTWRITEBYTECODE: 1
2026-10-09T14:22:31.1314744Z   HF_HUB_OFFLINE: 1
2026-10-09T14:22:31.1314903Z   TRANSFORMERS_OFFLINE: 1
2026-10-09T14:22:31.1315133Z   pythonLocation: C:\hostedtoolcache\windows\Python\3.12.9\x64
2026-10-09T14:22:31.1315492Z   PKG_CONFIG_PATH: C:\hostedtoolcache\windows\Python\3.12.9\x64/lib/pkgconfig
2026-10-09T14:22:31.1315843Z   Python_ROOT_DIR: C:\hostedtoolcache\windows\Python\3.12.9\x64
2026-10-09T14:22:31.1316154Z   Python2_ROOT_DIR: C:\hostedtoolcache\windows\Python\3.12.9\x64
2026-10-09T14:22:31.1316470Z   Python3_ROOT_DIR: C:\hostedtoolcache\windows\Python\3.12.9\x64
2026-10-09T14:22:31.1316735Z   DOTNET_ROOT: C:\Program Files\dotnet
2026-10-09T14:22:31.1316965Z   NOVEL_DATA_PATH: D:\a\_temp\novel-r2-native/data
2026-10-09T14:22:31.1317235Z   PROJECT_ROOT: D:\a\AI-Novel-Studio\AI-Novel-Studio
2026-10-09T14:22:31.1317627Z   STORAGE_BACKEND: file
2026-10-09T14:22:31.1317824Z   CI_RECEIPTS: D:\a\_temp\novel-r2-native/receipts
2026-10-09T14:22:31.1318069Z   R2_HOST_OUTPUT: D:\a\_temp\novel-r2-native/host
2026-10-09T14:22:31.1318288Z ##[endgroup]
2026-10-09T14:22:43.5436247Z   Determining projects to restore...
2026-10-09T14:22:45.6508161Z   Restored D:\a\AI-Novel-Studio\AI-Novel-Studio\desktop-host\AI.NovelStudio.DesktopHost\AI.NovelStudio.DesktopHost.csproj (in 1.8 sec).
2026-10-09T14:22:47.7411336Z   AI.NovelStudio.DesktopHost -> D:\a\AI-Novel-Studio\AI-Novel-Studio\desktop-host\AI.NovelStudio.DesktopHost\bin\Release\net8.0-windows\win-x64\AI-Novel-Studio.DesktopHost.dll
2026-10-09T14:22:47.7621689Z   AI.NovelStudio.DesktopHost -> D:\a\_temp\novel-r2-native\host\
2026-10-09T14:22:47.8773680Z ##[group]Run python -m pytest -q -ra --tb=short tests/test_runtime_ownership_foundation_v070.py tests/test_webview2_host_contract_v070.py tests/test_packaged_process_factory_v070.py tests/test_packaged_local_session_bootstrap_v070.py tests/test_packaged_desktop_bridge_v070.py tests/test_packaged_postgres_migrations_v070.py tests/test_windows_packaging_host_provenance_v070.py --junitxml="$env:CI_RECEIPTS/windows.xml" 2>&1 | Tee-Object "$env:CI_RECEIPTS/windows-tests.log"
2026-10-09T14:22:47.8776313Z [36;1mpython -m pytest -q -ra --tb=short tests/test_runtime_ownership_foundation_v070.py tests/test_webview2_host_contract_v070.py tests/test_packaged_process_factory_v070.py tests/test_packaged_local_session_bootstrap_v070.py tests/test_packaged_desktop_bridge_v070.py tests/test_packaged_postgres_migrations_v070.py tests/test_windows_packaging_host_provenance_v070.py --junitxml="$env:CI_RECEIPTS/windows.xml" 2>&1 | Tee-Object "$env:CI_RECEIPTS/windows-tests.log"[0m
2026-10-09T14:22:47.8777694Z [36;1mexit $LASTEXITCODE[0m
2026-10-09T14:22:47.8808452Z shell: C:\Program Files\PowerShell\7\pwsh.EXE -command ". '{0}'"
2026-10-09T14:22:47.8808718Z env:
2026-10-09T14:22:47.8808859Z   MOCK_PROVIDER: true
2026-10-09T14:22:47.8809040Z   MOCK_STREAM_DELAY_MS: 0
2026-10-09T14:22:47.8809216Z   ENABLE_CLOUD: false
2026-10-09T14:22:47.8809393Z   CREDENTIAL_VAULT_BACKEND: memory
2026-10-09T14:22:47.8809612Z   CREDENTIAL_VAULT_ALLOW_MEMORY_FALLBACK: true
2026-10-09T14:22:47.8809837Z   PYTHONDONTWRITEBYTECODE: 1
2026-10-09T14:22:47.8810019Z   HF_HUB_OFFLINE: 1
2026-10-09T14:22:47.8810173Z   TRANSFORMERS_OFFLINE: 1
2026-10-09T14:22:47.8810402Z   pythonLocation: C:\hostedtoolcache\windows\Python\3.12.9\x64
2026-10-09T14:22:47.8810748Z   PKG_CONFIG_PATH: C:\hostedtoolcache\windows\Python\3.12.9\x64/lib/pkgconfig
2026-10-09T14:22:47.8811103Z   Python_ROOT_DIR: C:\hostedtoolcache\windows\Python\3.12.9\x64
2026-10-09T14:22:47.8811428Z   Python2_ROOT_DIR: C:\hostedtoolcache\windows\Python\3.12.9\x64
2026-10-09T14:22:47.8811737Z   Python3_ROOT_DIR: C:\hostedtoolcache\windows\Python\3.12.9\x64
2026-10-09T14:22:47.8811992Z   DOTNET_ROOT: C:\Program Files\dotnet
2026-10-09T14:22:47.8812216Z   NOVEL_DATA_PATH: D:\a\_temp\novel-r2-native/data
2026-10-09T14:22:47.8812480Z   PROJECT_ROOT: D:\a\AI-Novel-Studio\AI-Novel-Studio
2026-10-09T14:22:47.8812703Z   STORAGE_BACKEND: file
2026-10-09T14:22:47.8812895Z   CI_RECEIPTS: D:\a\_temp\novel-r2-native/receipts
2026-10-09T14:22:47.8813136Z   R2_HOST_OUTPUT: D:\a\_temp\novel-r2-native/host
2026-10-09T14:22:47.8813352Z ##[endgroup]
2026-10-09T14:23:03.1136740Z ...........................................................              [100%]
2026-10-09T14:23:03.1138926Z ============================== warnings summary ===============================
2026-10-09T14:23:03.1140613Z C:\hostedtoolcache\windows\Python\3.12.9\x64\Lib\site-packages\fastapi\testclient.py:1
2026-10-09T14:23:03.1143090Z   C:\hostedtoolcache\windows\Python\3.12.9\x64\Lib\site-packages\fastapi\testclient.py:1: StarletteDeprecationWarning: Using `httpx` with `starlette.testclient` is deprecated; install `httpx2` instead.
2026-10-09T14:23:03.1144348Z     from starlette.testclient import TestClient as TestClient  # noqa
2026-10-09T14:23:03.1145089Z 
2026-10-09T14:23:03.1147156Z -- Docs: https://docs.pytest.org/en/stable/how-to/capture-warnings.html
2026-10-09T14:23:03.1148702Z ----- generated xml file: D:\a\_temp\novel-r2-native\receipts\windows.xml -----
2026-10-09T14:23:03.1150011Z 59 passed, 1 warning in 13.22s
2026-10-09T14:23:04.5903547Z ##[group]Run python scripts/run_v2_checks.py cloud-windows-v2-environment-contracts -- python -m pytest -q -ra --tb=short -p no:cacheprovider --basetemp=.runtime/v2-checks/cloud-windows-v2-environment-contracts/pytest tests/test_local_ai_environment_v2.py::test_common_roots_are_fixed_scoped_windows_locations tests/test_local_ai_environment_v2.py::test_system_component_presence_is_not_a_driver_or_inference_claim tests/test_local_ai_environment_v2.py::test_environment_get_is_session_protected_and_never_scans --junitxml="$env:CI_RECEIPTS/windows-v2-environment.xml"
2026-10-09T14:23:04.5906819Z [36;1mpython scripts/run_v2_checks.py cloud-windows-v2-environment-contracts -- python -m pytest -q -ra --tb=short -p no:cacheprovider --basetemp=.runtime/v2-checks/cloud-windows-v2-environment-contracts/pytest tests/test_local_ai_environment_v2.py::test_common_roots_are_fixed_scoped_windows_locations tests/test_local_ai_environment_v2.py::test_system_component_presence_is_not_a_driver_or_inference_claim tests/test_local_ai_environment_v2.py::test_environment_get_is_session_protected_and_never_scans --junitxml="$env:CI_RECEIPTS/windows-v2-environment.xml"[0m
2026-10-09T14:23:04.5908465Z [36;1m$testExit = $LASTEXITCODE[0m
2026-10-09T14:23:04.5908867Z [36;1mCopy-Item docs/delivery/v2-development/cloud-windows-v2-environment-contracts.* "$env:CI_RECEIPTS/"[0m
2026-10-09T14:23:04.5909269Z [36;1mexit $testExit[0m
2026-10-09T14:23:04.5939706Z shell: C:\Program Files\PowerShell\7\pwsh.EXE -command ". '{0}'"
2026-10-09T14:23:04.5939971Z env:
2026-10-09T14:23:04.5940113Z   MOCK_PROVIDER: true
2026-10-09T14:23:04.5940281Z   MOCK_STREAM_DELAY_MS: 0
2026-10-09T14:23:04.5940445Z   ENABLE_CLOUD: false
2026-10-09T14:23:04.5940618Z   CREDENTIAL_VAULT_BACKEND: memory
2026-10-09T14:23:04.5940834Z   CREDENTIAL_VAULT_ALLOW_MEMORY_FALLBACK: true
2026-10-09T14:23:04.5941061Z   PYTHONDONTWRITEBYTECODE: 1
2026-10-09T14:23:04.5941240Z   HF_HUB_OFFLINE: 1
2026-10-09T14:23:04.5941403Z   TRANSFORMERS_OFFLINE: 1
2026-10-09T14:23:04.5941633Z   pythonLocation: C:\hostedtoolcache\windows\Python\3.12.9\x64
2026-10-09T14:23:04.5941982Z   PKG_CONFIG_PATH: C:\hostedtoolcache\windows\Python\3.12.9\x64/lib/pkgconfig
2026-10-09T14:23:04.5942325Z   Python_ROOT_DIR: C:\hostedtoolcache\windows\Python\3.12.9\x64
2026-10-09T14:23:04.5942633Z   Python2_ROOT_DIR: C:\hostedtoolcache\windows\Python\3.12.9\x64
2026-10-09T14:23:04.5942939Z   Python3_ROOT_DIR: C:\hostedtoolcache\windows\Python\3.12.9\x64
2026-10-09T14:23:04.5943197Z   DOTNET_ROOT: C:\Program Files\dotnet
2026-10-09T14:23:04.5943433Z   NOVEL_DATA_PATH: D:\a\_temp\novel-r2-native/data
2026-10-09T14:23:04.5943693Z   PROJECT_ROOT: D:\a\AI-Novel-Studio\AI-Novel-Studio
2026-10-09T14:23:04.5943925Z   STORAGE_BACKEND: file
2026-10-09T14:23:04.5944113Z   CI_RECEIPTS: D:\a\_temp\novel-r2-native/receipts
2026-10-09T14:23:04.5944353Z   R2_HOST_OUTPUT: D:\a\_temp\novel-r2-native/host
2026-10-09T14:23:04.5944565Z ##[endgroup]
2026-10-09T14:23:11.3285143Z ...                                                                      [100%]
2026-10-09T14:23:11.3285860Z ============================== warnings summary ===============================
2026-10-09T14:23:11.3286426Z C:\hostedtoolcache\windows\Python\3.12.9\x64\Lib\site-packages\fastapi\testclient.py:1
2026-10-09T14:23:11.3287543Z   C:\hostedtoolcache\windows\Python\3.12.9\x64\Lib\site-packages\fastapi\testclient.py:1: StarletteDeprecationWarning: Using `httpx` with `starlette.testclient` is deprecated; install `httpx2` instead.
2026-10-09T14:23:11.3288614Z     from starlette.testclient import TestClient as TestClient  # noqa
2026-10-09T14:23:11.3288947Z 
2026-10-09T14:23:11.3289204Z -- Docs: https://docs.pytest.org/en/stable/how-to/capture-warnings.html
2026-10-09T14:23:11.3290085Z - generated xml file: D:\a\_temp\novel-r2-native\receipts\windows-v2-environment.xml -
2026-10-09T14:23:11.3290597Z 3 passed, 1 warning in 3.96s
2026-10-09T14:23:11.3290779Z 
2026-10-09T14:23:11.3293154Z {"receipt": "docs/delivery/v2-development/cloud-windows-v2-environment-contracts.json", "status": "PASS"}
2026-10-09T14:23:11.4385647Z ##[group]Run actions/upload-artifact@v4.6.2
2026-10-09T14:23:11.4385980Z with:
2026-10-09T14:23:11.4386212Z   name: windows-host-7f0d911549b04e8dbb7cf078316ad74c42095449
2026-10-09T14:23:11.4386613Z   path: D:\a\_temp\novel-r2-native/receipts
D:\a\_temp\novel-r2-native/host

2026-10-09T14:23:11.4386916Z   if-no-files-found: error
2026-10-09T14:23:11.4387098Z   retention-days: 14
2026-10-09T14:23:11.4387274Z   compression-level: 6
2026-10-09T14:23:11.4387441Z   overwrite: false
2026-10-09T14:23:11.4387604Z   include-hidden-files: false
2026-10-09T14:23:11.4387787Z env:
2026-10-09T14:23:11.4387929Z   MOCK_PROVIDER: true
2026-10-09T14:23:11.4388116Z   MOCK_STREAM_DELAY_MS: 0
2026-10-09T14:23:11.4388279Z   ENABLE_CLOUD: false
2026-10-09T14:23:11.4388446Z   CREDENTIAL_VAULT_BACKEND: memory
2026-10-09T14:23:11.4388661Z   CREDENTIAL_VAULT_ALLOW_MEMORY_FALLBACK: true
2026-10-09T14:23:11.4388888Z   PYTHONDONTWRITEBYTECODE: 1
2026-10-09T14:23:11.4389092Z   HF_HUB_OFFLINE: 1
2026-10-09T14:23:11.4389243Z   TRANSFORMERS_OFFLINE: 1
2026-10-09T14:23:11.4389473Z   pythonLocation: C:\hostedtoolcache\windows\Python\3.12.9\x64
2026-10-09T14:23:11.4389819Z   PKG_CONFIG_PATH: C:\hostedtoolcache\windows\Python\3.12.9\x64/lib/pkgconfig
2026-10-09T14:23:11.4390163Z   Python_ROOT_DIR: C:\hostedtoolcache\windows\Python\3.12.9\x64
2026-10-09T14:23:11.4390468Z   Python2_ROOT_DIR: C:\hostedtoolcache\windows\Python\3.12.9\x64
2026-10-09T14:23:11.4390774Z   Python3_ROOT_DIR: C:\hostedtoolcache\windows\Python\3.12.9\x64
2026-10-09T14:23:11.4391037Z   DOTNET_ROOT: C:\Program Files\dotnet
2026-10-09T14:23:11.4391259Z   NOVEL_DATA_PATH: D:\a\_temp\novel-r2-native/data
2026-10-09T14:23:11.4391523Z   PROJECT_ROOT: D:\a\AI-Novel-Studio\AI-Novel-Studio
2026-10-09T14:23:11.4391749Z   STORAGE_BACKEND: file
2026-10-09T14:23:11.4391938Z   CI_RECEIPTS: D:\a\_temp\novel-r2-native/receipts
2026-10-09T14:23:11.4392187Z   R2_HOST_OUTPUT: D:\a\_temp\novel-r2-native/host
2026-10-09T14:23:11.4392405Z ##[endgroup]
2026-10-09T14:23:11.5914706Z (node:2036) [DEP0040] DeprecationWarning: The `punycode` module is deprecated. Please use a userland alternative instead.
2026-10-09T14:23:11.5915276Z (Use `node --trace-deprecation ...` to show where the warning was created)
2026-10-09T14:23:11.6005385Z Multiple search paths detected. Calculating the least common ancestor of all paths
2026-10-09T14:23:11.6007578Z The least common ancestor is D:\a\_temp\novel-r2-native. This will be the root directory of the artifact
2026-10-09T14:23:11.6008547Z With the provided path, there will be 20 files uploaded
2026-10-09T14:23:11.6012200Z Artifact name is valid!
2026-10-09T14:23:11.6013409Z Root directory input is valid!
2026-10-09T14:23:11.9582046Z Beginning upload of artifact content to blob storage
2026-10-09T14:23:12.0380437Z (node:2036) [DEP0169] DeprecationWarning: `url.parse()` behavior is not standardized and prone to errors that have security implications. Use the WHATWG URL API instead. CVEs are not issued for `url.parse()` vulnerabilities.
2026-10-09T14:23:12.6448011Z Uploaded bytes 689687
2026-10-09T14:23:12.7067945Z Finished uploading artifact content to blob storage!
2026-10-09T14:23:12.7068682Z SHA256 digest of uploaded artifact zip is 5b4bf25abdcc94857218a17eeb68799105bea753ac00c1a2dc1ab9b0f40ccbe9
2026-10-09T14:23:12.7070692Z Finalizing artifact upload
2026-10-09T14:23:12.9831293Z Artifact windows-host-7f0d911549b04e8dbb7cf078316ad74c42095449.zip successfully finalized. Artifact ID 11622812461
2026-10-09T14:23:12.9832398Z Artifact windows-host-7f0d911549b04e8dbb7cf078316ad74c42095449 has been successfully uploaded! Final size is 689687 bytes. Artifact ID is 11622812461
2026-10-09T14:23:12.9839395Z Artifact download URL: https://github.com/1785235376-blip/AI-Novel-Studio/actions/runs/37943412489/artifacts/11622812461
2026-10-09T14:23:13.0069081Z Post job cleanup.
2026-10-09T14:23:13.1144991Z (node:5640) [DEP0040] DeprecationWarning: The `punycode` module is deprecated. Please use a userland alternative instead.
2026-10-09T14:23:13.1145574Z (Use `node --trace-deprecation ...` to show where the warning was created)
2026-10-09T14:23:13.1358992Z Post job cleanup.
2026-10-09T14:23:13.2444998Z (node:7232) [DEP0040] DeprecationWarning: The `punycode` module is deprecated. Please use a userland alternative instead.
2026-10-09T14:23:13.2445953Z (Use `node --trace-deprecation ...` to show where the warning was created)
2026-10-09T14:23:13.2650112Z Post job cleanup.
2026-10-09T14:23:13.4226522Z [command]"C:\Program Files\Git\bin\git.exe" version
2026-10-09T14:23:13.4459361Z git version 2.56.0.windows.1
2026-10-09T14:23:13.4509703Z Temporarily overriding HOME='D:\a\_temp\3c8eaec1-0d2a-4f9f-9afe-a3bde1455317' before making global git config changes
2026-10-09T14:23:13.4510703Z Adding repository directory to the temporary git global config as a safe directory
2026-10-09T14:23:13.4519825Z [command]"C:\Program Files\Git\bin\git.exe" config --global --add safe.directory D:\a\AI-Novel-Studio\AI-Novel-Studio
2026-10-09T14:23:13.4802800Z [command]"C:\Program Files\Git\bin\git.exe" config --local --name-only --get-regexp core\.sshCommand
2026-10-09T14:23:13.5045832Z [command]"C:\Program Files\Git\bin\git.exe" submodule foreach --recursive "sh -c \"git config --local --name-only --get-regexp 'core\.sshCommand' && git config --local --unset-all 'core.sshCommand' || :\""
2026-10-09T14:23:13.9071772Z [command]"C:\Program Files\Git\bin\git.exe" config --local --name-only --get-regexp http\.https\:\/\/github\.com\/\.extraheader
2026-10-09T14:23:13.9298104Z [command]"C:\Program Files\Git\bin\git.exe" submodule foreach --recursive "sh -c \"git config --local --name-only --get-regexp 'http\.https\:\/\/github\.com\/\.extraheader' && git config --local --unset-all 'http.https://github.com/.extraheader' || :\""
2026-10-09T14:23:14.3135872Z Cleaning up orphan processes
2026-10-09T14:23:14.3575458Z Terminate orphan process: pid (6024) (dotnet)
2026-10-09T14:23:14.3690988Z Terminate orphan process: pid (1404) (conhost)
2026-10-09T14:23:14.3704595Z ##[warning]Node.js 20 is deprecated. The following actions target Node.js 20 but are being forced to run on Node.js 24: actions/checkout@v4.2.2, actions/setup-dotnet@v4, actions/setup-python@v5.6.0, actions/upload-artifact@v4.6.2. For more information see: https://github.blog/changelog/2025-09-19-deprecation-of-node-20-on-github-actions-runners/
