2026-10-09T14:20:20.2328746Z Current runner version: '2.337.0'
2026-10-09T14:20:20.2347682Z ##[group]Runner Image Provisioner
2026-10-09T14:20:20.2348276Z Hosted Compute Agent
2026-10-09T14:20:20.2348679Z Version: 20261002.596
2026-10-09T14:20:20.2349045Z Commit: c3d12f3313a95f25162a1503be624f3b0617f8c0
2026-10-09T14:20:20.2349505Z Build Date: 2026-10-02T22:28:27Z
2026-10-09T14:20:20.2349945Z Worker ID: {cc2fc33a-4c07-4f09-9feb-c27a437ebd73}
2026-10-09T14:20:20.2350386Z Region: centralus
2026-10-09T14:20:20.2350749Z Cloud: Azure
2026-10-09T14:20:20.2351065Z ##[endgroup]
2026-10-09T14:20:20.2352035Z ##[group]Operating System
2026-10-09T14:20:20.2352392Z Ubuntu
2026-10-09T14:20:20.2352832Z 24.04.5
2026-10-09T14:20:20.2353207Z LTS
2026-10-09T14:20:20.2353512Z ##[endgroup]
2026-10-09T14:20:20.2353854Z ##[group]Runner Image
2026-10-09T14:20:20.2354235Z Image: ubuntu-24.04
2026-10-09T14:20:20.2354559Z Version: 20261004.327.1
2026-10-09T14:20:20.2355361Z Included Software: https://github.com/actions/runner-images/blob/ubuntu24/20261004.327/images/ubuntu/Ubuntu2404-Readme.md
2026-10-09T14:20:20.2356223Z Image Release: https://github.com/actions/runner-images/releases/tag/ubuntu24%2F20261004.327
2026-10-09T14:20:20.2356799Z ##[endgroup]
2026-10-09T14:20:20.2357488Z ##[group]GITHUB_TOKEN Permissions
2026-10-09T14:20:20.2359182Z Contents: read
2026-10-09T14:20:20.2359521Z Metadata: read
2026-10-09T14:20:20.2359918Z ##[endgroup]
2026-10-09T14:20:20.2361248Z Secret source: Actions
2026-10-09T14:20:20.2361865Z Cache mode: write
2026-10-09T14:20:20.2362287Z Prepare workflow directory
2026-10-09T14:20:20.2592932Z Prepare all required actions
2026-10-09T14:20:20.2624555Z Getting action download info
2026-10-09T14:20:20.4763696Z Download action repository 'actions/checkout@v4.2.2' (SHA:11bd71901bbe5b1630ceea73d27597364c9af683)
2026-10-09T14:20:20.6667015Z Download action repository 'actions/setup-python@v5.6.0' (SHA:a26af69be951a213d495a4c3e4e4022e16d87065)
2026-10-09T14:20:20.9728878Z Download action repository 'actions/upload-artifact@v4.6.2' (SHA:ea165f8d65b6e75b540449e92b4886f43607fa02)
2026-10-09T14:20:21.5793554Z Complete job name: Original c6f2126 RED / Python 3.12.9
2026-10-09T14:20:21.6653971Z ##[group]Run actions/checkout@v4.2.2
2026-10-09T14:20:21.6654751Z with:
2026-10-09T14:20:21.6655206Z   path: repair
2026-10-09T14:20:21.6655696Z   persist-credentials: false
2026-10-09T14:20:21.6656302Z   repository: 1785235376-blip/AI-Novel-Studio
2026-10-09T14:20:21.6661401Z   token: ***
2026-10-09T14:20:21.6661861Z   ssh-strict: true
2026-10-09T14:20:21.6662343Z   ssh-user: git
2026-10-09T14:20:21.6662884Z   clean: true
2026-10-09T14:20:21.6663367Z   sparse-checkout-cone-mode: true
2026-10-09T14:20:21.6663942Z   fetch-depth: 1
2026-10-09T14:20:21.6664406Z   fetch-tags: false
2026-10-09T14:20:21.6664878Z   show-progress: true
2026-10-09T14:20:21.6665373Z   lfs: false
2026-10-09T14:20:21.6665827Z   submodules: false
2026-10-09T14:20:21.6666319Z   set-safe-directory: true
2026-10-09T14:20:21.6666924Z ##[endgroup]
2026-10-09T14:20:21.7353491Z Syncing repository: 1785235376-blip/AI-Novel-Studio
2026-10-09T14:20:21.7355885Z ##[group]Getting Git version info
2026-10-09T14:20:21.7357268Z Working directory is '/home/runner/work/AI-Novel-Studio/AI-Novel-Studio/repair'
2026-10-09T14:20:21.7359199Z [command]/usr/bin/git version
2026-10-09T14:20:21.7417054Z git version 2.55.0
2026-10-09T14:20:21.7436040Z ##[endgroup]
2026-10-09T14:20:21.7448080Z Temporarily overriding HOME='/home/runner/work/_temp/cfe82d28-60a7-4307-877b-e38ab36feac4' before making global git config changes
2026-10-09T14:20:21.7450552Z Adding repository directory to the temporary git global config as a safe directory
2026-10-09T14:20:21.7452896Z [command]/usr/bin/git config --global --add safe.directory /home/runner/work/AI-Novel-Studio/AI-Novel-Studio/repair
2026-10-09T14:20:21.7580002Z ##[group]Initializing the repository
2026-10-09T14:20:21.7584880Z [command]/usr/bin/git init /home/runner/work/AI-Novel-Studio/AI-Novel-Studio/repair
2026-10-09T14:20:21.7885204Z hint: Using 'master' as the name for the initial branch. This default branch name
2026-10-09T14:20:21.7887231Z hint: will change to "main" in Git 3.0. To configure the initial branch name
2026-10-09T14:20:21.7888307Z hint: to use in all of your new repositories, which will suppress this warning,
2026-10-09T14:20:21.7889127Z hint: call:
2026-10-09T14:20:21.7889549Z hint:
2026-10-09T14:20:21.7890117Z hint: 	git config --global init.defaultBranch <name>
2026-10-09T14:20:21.7890793Z hint:
2026-10-09T14:20:21.7891417Z hint: Names commonly chosen instead of 'master' are 'main', 'trunk' and
2026-10-09T14:20:21.7892433Z hint: 'development'. The just-created branch can be renamed via this command:
2026-10-09T14:20:21.7894188Z hint:
2026-10-09T14:20:21.7894872Z hint: 	git branch -m <name>
2026-10-09T14:20:21.7895658Z hint:
2026-10-09T14:20:21.7896635Z hint: Disable this message with "git config set advice.defaultBranchName false"
2026-10-09T14:20:21.7897921Z Initialized empty Git repository in /home/runner/work/AI-Novel-Studio/AI-Novel-Studio/repair/.git/
2026-10-09T14:20:21.7900156Z [command]/usr/bin/git remote add origin https://github.com/1785235376-blip/AI-Novel-Studio
2026-10-09T14:20:21.8062226Z ##[endgroup]
2026-10-09T14:20:21.8063241Z ##[group]Disabling automatic garbage collection
2026-10-09T14:20:21.8065529Z [command]/usr/bin/git config --local gc.auto 0
2026-10-09T14:20:21.8181423Z ##[endgroup]
2026-10-09T14:20:21.8182270Z ##[group]Setting up auth
2026-10-09T14:20:21.8186500Z [command]/usr/bin/git config --local --name-only --get-regexp core\.sshCommand
2026-10-09T14:20:21.8218577Z [command]/usr/bin/git submodule foreach --recursive sh -c "git config --local --name-only --get-regexp 'core\.sshCommand' && git config --local --unset-all 'core.sshCommand' || :"
2026-10-09T14:20:21.8507096Z [command]/usr/bin/git config --local --name-only --get-regexp http\.https\:\/\/github\.com\/\.extraheader
2026-10-09T14:20:21.8536349Z [command]/usr/bin/git submodule foreach --recursive sh -c "git config --local --name-only --get-regexp 'http\.https\:\/\/github\.com\/\.extraheader' && git config --local --unset-all 'http.https://github.com/.extraheader' || :"
2026-10-09T14:20:21.8716289Z [command]/usr/bin/git config --local http.https://github.com/.extraheader AUTHORIZATION: basic ***
2026-10-09T14:20:21.8869912Z ##[endgroup]
2026-10-09T14:20:21.8870788Z ##[group]Fetching the repository
2026-10-09T14:20:21.8872192Z [command]/usr/bin/git -c protocol.version=2 fetch --no-tags --prune --no-recurse-submodules --depth=1 origin +7f0d911549b04e8dbb7cf078316ad74c42095449:refs/remotes/pull/47/merge
2026-10-09T14:20:25.9394215Z From https://github.com/1785235376-blip/AI-Novel-Studio
2026-10-09T14:20:25.9395490Z  * [new ref]         7f0d911549b04e8dbb7cf078316ad74c42095449 -> pull/47/merge
2026-10-09T14:20:25.9396976Z ##[endgroup]
2026-10-09T14:20:25.9397399Z ##[group]Determining the checkout info
2026-10-09T14:20:25.9397842Z ##[endgroup]
2026-10-09T14:20:25.9400055Z [command]/usr/bin/git sparse-checkout disable
2026-10-09T14:20:25.9453703Z [command]/usr/bin/git config --local --unset-all extensions.worktreeConfig
2026-10-09T14:20:25.9480224Z ##[group]Checking out the ref
2026-10-09T14:20:25.9482886Z [command]/usr/bin/git checkout --progress --force refs/remotes/pull/47/merge
2026-10-09T14:20:26.4225212Z Note: switching to 'refs/remotes/pull/47/merge'.
2026-10-09T14:20:26.4225517Z 
2026-10-09T14:20:26.4225661Z You are in 'detached HEAD' state. You can look around, make experimental
2026-10-09T14:20:26.4225961Z changes and commit them, and you can discard any commits you make in this
2026-10-09T14:20:26.4226261Z state without impacting any branches by switching back to a branch.
2026-10-09T14:20:26.4226460Z 
2026-10-09T14:20:26.4226626Z If you want to create a new branch to retain commits you create, you may
2026-10-09T14:20:26.4226902Z do so (now or later) by using -c with the switch command. Example:
2026-10-09T14:20:26.4227052Z 
2026-10-09T14:20:26.4227133Z   git switch -c <new-branch-name>
2026-10-09T14:20:26.4227250Z 
2026-10-09T14:20:26.4227330Z Or undo this operation with:
2026-10-09T14:20:26.4227887Z 
2026-10-09T14:20:26.4227952Z   git switch -
2026-10-09T14:20:26.4228056Z 
2026-10-09T14:20:26.4228227Z Turn off this advice by setting config variable advice.detachedHead to false
2026-10-09T14:20:26.4228438Z 
2026-10-09T14:20:26.4228636Z HEAD is now at 7f0d911 Merge 99c43b6892038233c390be2ae61acb669163d0b5 into fed2404c8e30b44061b7139dced45b7f3301601c
2026-10-09T14:20:26.4260680Z ##[endgroup]
2026-10-09T14:20:26.4304702Z [command]/usr/bin/git log -1 --format=%H
2026-10-09T14:20:26.4330307Z 7f0d911549b04e8dbb7cf078316ad74c42095449
2026-10-09T14:20:26.4337804Z ##[group]Removing auth
2026-10-09T14:20:26.4340308Z [command]/usr/bin/git config --local --name-only --get-regexp core\.sshCommand
2026-10-09T14:20:26.4366663Z [command]/usr/bin/git submodule foreach --recursive sh -c "git config --local --name-only --get-regexp 'core\.sshCommand' && git config --local --unset-all 'core.sshCommand' || :"
2026-10-09T14:20:26.4538464Z [command]/usr/bin/git config --local --name-only --get-regexp http\.https\:\/\/github\.com\/\.extraheader
2026-10-09T14:20:26.4563569Z http.https://github.com/.extraheader
2026-10-09T14:20:26.4568710Z [command]/usr/bin/git config --local --unset-all http.https://github.com/.extraheader
2026-10-09T14:20:26.4596220Z [command]/usr/bin/git submodule foreach --recursive sh -c "git config --local --name-only --get-regexp 'http\.https\:\/\/github\.com\/\.extraheader' && git config --local --unset-all 'http.https://github.com/.extraheader' || :"
2026-10-09T14:20:26.4766280Z ##[endgroup]
2026-10-09T14:20:26.4989937Z ##[group]Run actions/checkout@v4.2.2
2026-10-09T14:20:26.4990144Z with:
2026-10-09T14:20:26.4990305Z   ref: c6f2126115b52e17839d48efea091dc21ec08c61
2026-10-09T14:20:26.4990491Z   path: baseline
2026-10-09T14:20:26.4990647Z   persist-credentials: false
2026-10-09T14:20:26.4990827Z   repository: 1785235376-blip/AI-Novel-Studio
2026-10-09T14:20:26.4992275Z   token: ***
2026-10-09T14:20:26.4992415Z   ssh-strict: true
2026-10-09T14:20:26.4992559Z   ssh-user: git
2026-10-09T14:20:26.4992915Z   clean: true
2026-10-09T14:20:26.4993069Z   sparse-checkout-cone-mode: true
2026-10-09T14:20:26.4993241Z   fetch-depth: 1
2026-10-09T14:20:26.4993384Z   fetch-tags: false
2026-10-09T14:20:26.4993532Z   show-progress: true
2026-10-09T14:20:26.4993680Z   lfs: false
2026-10-09T14:20:26.4993818Z   submodules: false
2026-10-09T14:20:26.4993970Z   set-safe-directory: true
2026-10-09T14:20:26.4994135Z ##[endgroup]
2026-10-09T14:20:26.5564973Z Syncing repository: 1785235376-blip/AI-Novel-Studio
2026-10-09T14:20:26.5565906Z ##[group]Getting Git version info
2026-10-09T14:20:26.5566387Z Working directory is '/home/runner/work/AI-Novel-Studio/AI-Novel-Studio/baseline'
2026-10-09T14:20:26.5585687Z [command]/usr/bin/git version
2026-10-09T14:20:26.5617931Z git version 2.55.0
2026-10-09T14:20:26.5631354Z ##[endgroup]
2026-10-09T14:20:26.5641273Z Temporarily overriding HOME='/home/runner/work/_temp/cb1fedcd-8e3b-48ae-bdbf-bc170fa08437' before making global git config changes
2026-10-09T14:20:26.5641710Z Adding repository directory to the temporary git global config as a safe directory
2026-10-09T14:20:26.5645095Z [command]/usr/bin/git config --global --add safe.directory /home/runner/work/AI-Novel-Studio/AI-Novel-Studio/baseline
2026-10-09T14:20:26.5675903Z ##[group]Initializing the repository
2026-10-09T14:20:26.5679816Z [command]/usr/bin/git init /home/runner/work/AI-Novel-Studio/AI-Novel-Studio/baseline
2026-10-09T14:20:26.5718949Z hint: Using 'master' as the name for the initial branch. This default branch name
2026-10-09T14:20:26.5719703Z hint: will change to "main" in Git 3.0. To configure the initial branch name
2026-10-09T14:20:26.5720290Z hint: to use in all of your new repositories, which will suppress this warning,
2026-10-09T14:20:26.5720852Z hint: call:
2026-10-09T14:20:26.5721142Z hint:
2026-10-09T14:20:26.5721429Z hint: 	git config --global init.defaultBranch <name>
2026-10-09T14:20:26.5721744Z hint:
2026-10-09T14:20:26.5722051Z hint: Names commonly chosen instead of 'master' are 'main', 'trunk' and
2026-10-09T14:20:26.5722845Z hint: 'development'. The just-created branch can be renamed via this command:
2026-10-09T14:20:26.5723186Z hint:
2026-10-09T14:20:26.5723433Z hint: 	git branch -m <name>
2026-10-09T14:20:26.5723695Z hint:
2026-10-09T14:20:26.5724002Z hint: Disable this message with "git config set advice.defaultBranchName false"
2026-10-09T14:20:26.5724520Z Initialized empty Git repository in /home/runner/work/AI-Novel-Studio/AI-Novel-Studio/baseline/.git/
2026-10-09T14:20:26.5725988Z [command]/usr/bin/git remote add origin https://github.com/1785235376-blip/AI-Novel-Studio
2026-10-09T14:20:26.5756685Z ##[endgroup]
2026-10-09T14:20:26.5756968Z ##[group]Disabling automatic garbage collection
2026-10-09T14:20:26.5760170Z [command]/usr/bin/git config --local gc.auto 0
2026-10-09T14:20:26.5787831Z ##[endgroup]
2026-10-09T14:20:26.5788125Z ##[group]Setting up auth
2026-10-09T14:20:26.5794310Z [command]/usr/bin/git config --local --name-only --get-regexp core\.sshCommand
2026-10-09T14:20:26.5822078Z [command]/usr/bin/git submodule foreach --recursive sh -c "git config --local --name-only --get-regexp 'core\.sshCommand' && git config --local --unset-all 'core.sshCommand' || :"
2026-10-09T14:20:26.6021675Z [command]/usr/bin/git config --local --name-only --get-regexp http\.https\:\/\/github\.com\/\.extraheader
2026-10-09T14:20:26.6055051Z [command]/usr/bin/git submodule foreach --recursive sh -c "git config --local --name-only --get-regexp 'http\.https\:\/\/github\.com\/\.extraheader' && git config --local --unset-all 'http.https://github.com/.extraheader' || :"
2026-10-09T14:20:26.6246296Z [command]/usr/bin/git config --local http.https://github.com/.extraheader AUTHORIZATION: basic ***
2026-10-09T14:20:26.6282015Z ##[endgroup]
2026-10-09T14:20:26.6282449Z ##[group]Fetching the repository
2026-10-09T14:20:26.6288556Z [command]/usr/bin/git -c protocol.version=2 fetch --no-tags --prune --no-recurse-submodules --depth=1 origin c6f2126115b52e17839d48efea091dc21ec08c61
2026-10-09T14:20:27.9897102Z From https://github.com/1785235376-blip/AI-Novel-Studio
2026-10-09T14:20:27.9897681Z  * branch            c6f2126115b52e17839d48efea091dc21ec08c61 -> FETCH_HEAD
2026-10-09T14:20:27.9901576Z ##[endgroup]
2026-10-09T14:20:27.9901986Z ##[group]Determining the checkout info
2026-10-09T14:20:27.9903770Z ##[endgroup]
2026-10-09T14:20:27.9909094Z [command]/usr/bin/git sparse-checkout disable
2026-10-09T14:20:27.9945066Z [command]/usr/bin/git config --local --unset-all extensions.worktreeConfig
2026-10-09T14:20:28.0004083Z ##[group]Checking out the ref
2026-10-09T14:20:28.0006811Z [command]/usr/bin/git checkout --progress --force c6f2126115b52e17839d48efea091dc21ec08c61
2026-10-09T14:20:28.1105981Z Note: switching to 'c6f2126115b52e17839d48efea091dc21ec08c61'.
2026-10-09T14:20:28.1106235Z 
2026-10-09T14:20:28.1106401Z You are in 'detached HEAD' state. You can look around, make experimental
2026-10-09T14:20:28.1106761Z changes and commit them, and you can discard any commits you make in this
2026-10-09T14:20:28.1107134Z state without impacting any branches by switching back to a branch.
2026-10-09T14:20:28.1107388Z 
2026-10-09T14:20:28.1107530Z If you want to create a new branch to retain commits you create, you may
2026-10-09T14:20:28.1107875Z do so (now or later) by using -c with the switch command. Example:
2026-10-09T14:20:28.1108074Z 
2026-10-09T14:20:28.1108162Z   git switch -c <new-branch-name>
2026-10-09T14:20:28.1108294Z 
2026-10-09T14:20:28.1108378Z Or undo this operation with:
2026-10-09T14:20:28.1108498Z 
2026-10-09T14:20:28.1108586Z   git switch -
2026-10-09T14:20:28.1108724Z 
2026-10-09T14:20:28.1109123Z Turn off this advice by setting config variable advice.detachedHead to false
2026-10-09T14:20:28.1109393Z 
2026-10-09T14:20:28.1111979Z HEAD is now at c6f2126 docs(delivery): reconcile forty packages and retain exact hosted evidence
2026-10-09T14:20:28.1126818Z ##[endgroup]
2026-10-09T14:20:28.1168962Z [command]/usr/bin/git log -1 --format=%H
2026-10-09T14:20:28.1186627Z c6f2126115b52e17839d48efea091dc21ec08c61
2026-10-09T14:20:28.1194223Z ##[group]Removing auth
2026-10-09T14:20:28.1196663Z [command]/usr/bin/git config --local --name-only --get-regexp core\.sshCommand
2026-10-09T14:20:28.1222341Z [command]/usr/bin/git submodule foreach --recursive sh -c "git config --local --name-only --get-regexp 'core\.sshCommand' && git config --local --unset-all 'core.sshCommand' || :"
2026-10-09T14:20:28.1390638Z [command]/usr/bin/git config --local --name-only --get-regexp http\.https\:\/\/github\.com\/\.extraheader
2026-10-09T14:20:28.1413620Z http.https://github.com/.extraheader
2026-10-09T14:20:28.1420036Z [command]/usr/bin/git config --local --unset-all http.https://github.com/.extraheader
2026-10-09T14:20:28.1450210Z [command]/usr/bin/git submodule foreach --recursive sh -c "git config --local --name-only --get-regexp 'http\.https\:\/\/github\.com\/\.extraheader' && git config --local --unset-all 'http.https://github.com/.extraheader' || :"
2026-10-09T14:20:28.1619242Z ##[endgroup]
2026-10-09T14:20:28.1768719Z ##[group]Run actions/setup-python@v5.6.0
2026-10-09T14:20:28.1768894Z with:
2026-10-09T14:20:28.1769013Z   python-version: 3.12.9
2026-10-09T14:20:28.1769146Z   check-latest: false
2026-10-09T14:20:28.1770451Z   token: ***
2026-10-09T14:20:28.1770571Z   update-environment: true
2026-10-09T14:20:28.1770711Z   allow-prereleases: false
2026-10-09T14:20:28.1770839Z   freethreaded: false
2026-10-09T14:20:28.1770961Z ##[endgroup]
2026-10-09T14:20:28.2655562Z ##[group]Installed versions
2026-10-09T14:20:28.3049790Z Version 3.12.9 was not found in the local cache
2026-10-09T14:20:28.3125585Z (node:2253) [DEP0040] DeprecationWarning: The `punycode` module is deprecated. Please use a userland alternative instead.
2026-10-09T14:20:28.3126075Z (Use `node --trace-deprecation ...` to show where the warning was created)
2026-10-09T14:20:29.2262388Z Version 3.12.9 is available for downloading
2026-10-09T14:20:29.2263888Z Download from "https://github.com/actions/python-versions/releases/download/3.12.9-13149478207/python-3.12.9-linux-24.04-x64.tar.gz"
2026-10-09T14:20:29.9253576Z Extract downloaded archive
2026-10-09T14:20:29.9337007Z [command]/usr/bin/tar xz --warning=no-unknown-keyword --overwrite -C /home/runner/work/_temp/401553e9-e248-409f-8755-cc46bb59fa49 -f /home/runner/work/_temp/9097106c-30b6-44ff-88f9-323f569cd984
2026-10-09T14:20:31.4013436Z Execute installation script
2026-10-09T14:20:31.4092468Z Check if Python hostedtoolcache folder exist...
2026-10-09T14:20:31.4093054Z Create Python 3.12.9 folder
2026-10-09T14:20:31.4107326Z Copy Python binaries to hostedtoolcache folder
2026-10-09T14:20:31.7740600Z Create additional symlinks (Required for the UsePythonVersion Azure Pipelines task and the setup-python GitHub Action)
2026-10-09T14:20:31.7776040Z Upgrading pip...
2026-10-09T14:20:35.6550008Z Looking in links: /tmp/tmpb4_7v0cc
2026-10-09T14:20:35.6551456Z Requirement already satisfied: pip in /opt/hostedtoolcache/Python/3.12.9/x64/lib/python3.12/site-packages (24.3.1)
2026-10-09T14:20:36.3974792Z Collecting pip
2026-10-09T14:20:36.4906428Z Downloading pip-26.2.1-py3-none-any.whl.metadata (4.6 kB)
2026-10-09T14:20:36.5097564Z Downloading pip-26.2.1-py3-none-any.whl (1.8 MB)
2026-10-09T14:20:36.6220778Z ━━━━━━━━━━━━━━━━━━━━━━━━━━━━━━━━━━━━━━━━ 1.8/1.8 MB 23.0 MB/s eta 0:00:00
2026-10-09T14:20:36.6220991Z 
2026-10-09T14:20:36.6345248Z Installing collected packages: pip
2026-10-09T14:20:36.6346138Z Attempting uninstall: pip
2026-10-09T14:20:36.6358578Z Found existing installation: pip 24.3.1
2026-10-09T14:20:36.6556560Z Uninstalling pip-24.3.1:
2026-10-09T14:20:36.6591254Z Successfully uninstalled pip-24.3.1
2026-10-09T14:20:37.2107952Z Successfully installed pip-26.2.1
2026-10-09T14:20:37.2480326Z Create complete file
2026-10-09T14:20:37.2510136Z Successfully set up CPython (3.12.9)
2026-10-09T14:20:37.2510722Z ##[endgroup]
2026-10-09T14:20:37.2650947Z ##[group]Run python -m pip install -c baseline/.github/ci/python-constraints.txt -e 'baseline[dev,fontbuild,otio,comic]'
2026-10-09T14:20:37.2651462Z [36;1mpython -m pip install -c baseline/.github/ci/python-constraints.txt -e 'baseline[dev,fontbuild,otio,comic]'[0m
2026-10-09T14:20:37.2651900Z [36;1mpython -m pip check[0m
2026-10-09T14:20:37.2652041Z [36;1mmkdir -p receipts[0m
2026-10-09T14:20:37.2652289Z [36;1mpython -m pip freeze --exclude-editable > receipts/python-packages.txt[0m
2026-10-09T14:20:37.2867121Z shell: /usr/bin/bash -e {0}
2026-10-09T14:20:37.2867265Z env:
2026-10-09T14:20:37.2867419Z   pythonLocation: /opt/hostedtoolcache/Python/3.12.9/x64
2026-10-09T14:20:37.2867668Z   PKG_CONFIG_PATH: /opt/hostedtoolcache/Python/3.12.9/x64/lib/pkgconfig
2026-10-09T14:20:37.2867888Z   Python_ROOT_DIR: /opt/hostedtoolcache/Python/3.12.9/x64
2026-10-09T14:20:37.2868087Z   Python2_ROOT_DIR: /opt/hostedtoolcache/Python/3.12.9/x64
2026-10-09T14:20:37.2868324Z   Python3_ROOT_DIR: /opt/hostedtoolcache/Python/3.12.9/x64
2026-10-09T14:20:37.2868524Z   LD_LIBRARY_PATH: /opt/hostedtoolcache/Python/3.12.9/x64/lib
2026-10-09T14:20:37.2868696Z ##[endgroup]
2026-10-09T14:20:37.5074507Z Obtaining file:///home/runner/work/AI-Novel-Studio/AI-Novel-Studio/baseline
2026-10-09T14:20:37.5085531Z   Installing build dependencies: started
2026-10-09T14:20:38.0736489Z   Installing build dependencies: finished with status 'done'
2026-10-09T14:20:38.0741173Z   Checking if build backend supports build_editable: started
2026-10-09T14:20:38.2770537Z   Checking if build backend supports build_editable: finished with status 'done'
2026-10-09T14:20:38.2777165Z   Getting requirements to build editable: started
2026-10-09T14:20:38.4985622Z   Getting requirements to build editable: finished with status 'done'
2026-10-09T14:20:38.4992954Z   Preparing editable metadata (pyproject.toml): started
2026-10-09T14:20:38.6293298Z   Preparing editable metadata (pyproject.toml): finished with status 'done'
2026-10-09T14:20:38.7374052Z Collecting fastapi<1,>=0.115 (from ai-novel-studio==0.7.0)
2026-10-09T14:20:38.8007425Z   Downloading fastapi-0.142.2-py3-none-any.whl.metadata (27 kB)
2026-10-09T14:20:38.8505286Z Collecting uvicorn<1,>=0.30 (from ai-novel-studio==0.7.0)
2026-10-09T14:20:38.8632310Z   Downloading uvicorn-0.54.0-py3-none-any.whl.metadata (6.6 kB)
2026-10-09T14:20:38.8836952Z Collecting psycopg<4,>=3.2 (from psycopg[binary]<4,>=3.2->ai-novel-studio==0.7.0)
2026-10-09T14:20:38.8965441Z   Downloading psycopg-3.3.6-py3-none-any.whl.metadata (4.4 kB)
2026-10-09T14:20:39.1016830Z Collecting sqlalchemy<3,>=2.0 (from ai-novel-studio==0.7.0)
2026-10-09T14:20:39.1146176Z   Downloading sqlalchemy-2.1.3-cp312-cp312-manylinux2014_x86_64.manylinux_2_17_x86_64.manylinux_2_28_x86_64.whl.metadata (9.7 kB)
2026-10-09T14:20:39.1372829Z Collecting httpx<1,>=0.27 (from ai-novel-studio==0.7.0)
2026-10-09T14:20:39.1511616Z   Downloading httpx-0.28.1-py3-none-any.whl.metadata (7.1 kB)
2026-10-09T14:20:39.1793122Z Collecting pydantic-settings<3,>=2.6 (from ai-novel-studio==0.7.0)
2026-10-09T14:20:39.1919441Z   Downloading pydantic_settings-2.15.0-py3-none-any.whl.metadata (3.9 kB)
2026-10-09T14:20:39.2533102Z Collecting reportlab<5,>=4.0 (from ai-novel-studio==0.7.0)
2026-10-09T14:20:39.2662102Z   Downloading reportlab-4.5.1-py3-none-any.whl.metadata (1.7 kB)
2026-10-09T14:20:39.2879744Z Collecting pypdf==6.19.0 (from ai-novel-studio==0.7.0)
2026-10-09T14:20:39.3005893Z   Downloading pypdf-6.19.0-py3-none-any.whl.metadata (7.5 kB)
2026-10-09T14:20:39.3268141Z Collecting pytest<9,>=8 (from ai-novel-studio==0.7.0)
2026-10-09T14:20:39.3394570Z   Downloading pytest-8.4.2-py3-none-any.whl.metadata (7.7 kB)
2026-10-09T14:20:39.4342864Z Collecting fonttools==4.59.1 (from ai-novel-studio==0.7.0)
2026-10-09T14:20:39.4488949Z   Downloading fonttools-4.59.1-cp312-cp312-manylinux1_x86_64.manylinux2014_x86_64.manylinux_2_17_x86_64.manylinux_2_5_x86_64.whl.metadata (108 kB)
2026-10-09T14:20:39.6805770Z Collecting opentimelineio==0.18.1 (from ai-novel-studio==0.7.0)
2026-10-09T14:20:39.6936079Z   Downloading opentimelineio-0.18.1-cp312-cp312-manylinux2014_x86_64.manylinux_2_17_x86_64.whl.metadata (2.6 kB)
2026-10-09T14:20:39.8496156Z Collecting Pillow==12.3.0 (from ai-novel-studio==0.7.0)
2026-10-09T14:20:39.8627282Z   Downloading pillow-12.3.0-cp312-cp312-manylinux_2_27_x86_64.manylinux_2_28_x86_64.whl.metadata (9.1 kB)
2026-10-09T14:20:40.0293626Z Collecting starlette>=0.46.0 (from fastapi<1,>=0.115->ai-novel-studio==0.7.0)
2026-10-09T14:20:40.0421129Z   Downloading starlette-1.7.0-py3-none-any.whl.metadata (6.6 kB)
2026-10-09T14:20:40.2067673Z Collecting pydantic>=2.9.0 (from fastapi<1,>=0.115->ai-novel-studio==0.7.0)
2026-10-09T14:20:40.2200293Z   Downloading pydantic-2.13.5-py3-none-any.whl.metadata (110 kB)
2026-10-09T14:20:40.3078701Z Collecting typing-extensions>=4.8.0 (from fastapi<1,>=0.115->ai-novel-studio==0.7.0)
2026-10-09T14:20:40.3210876Z   Downloading typing_extensions-4.16.0-py3-none-any.whl.metadata (3.3 kB)
2026-10-09T14:20:40.4446886Z Collecting typing-inspection>=0.4.2 (from fastapi<1,>=0.115->ai-novel-studio==0.7.0)
2026-10-09T14:20:40.4577492Z   Downloading typing_inspection-0.4.4-py3-none-any.whl.metadata (2.6 kB)
2026-10-09T14:20:40.5046030Z Collecting annotated-doc>=0.0.2 (from fastapi<1,>=0.115->ai-novel-studio==0.7.0)
2026-10-09T14:20:40.5176183Z   Downloading annotated_doc-0.0.5-py3-none-any.whl.metadata (6.5 kB)
2026-10-09T14:20:40.6492549Z Collecting opentelemetry-api>=1.44.0 (from fastapi<1,>=0.115->ai-novel-studio==0.7.0)
2026-10-09T14:20:40.6621167Z   Downloading opentelemetry_api-1.45.0-py3-none-any.whl.metadata (1.4 kB)
2026-10-09T14:20:40.7279675Z Collecting anyio (from httpx<1,>=0.27->ai-novel-studio==0.7.0)
2026-10-09T14:20:40.7408118Z   Downloading anyio-4.15.1-py3-none-any.whl.metadata (4.7 kB)
2026-10-09T14:20:40.7963397Z Collecting certifi (from httpx<1,>=0.27->ai-novel-studio==0.7.0)
2026-10-09T14:20:40.8088992Z   Downloading certifi-2026.7.22-py3-none-any.whl.metadata (2.5 kB)
2026-10-09T14:20:40.9058666Z Collecting httpcore==1.* (from httpx<1,>=0.27->ai-novel-studio==0.7.0)
2026-10-09T14:20:40.9185833Z   Downloading httpcore-1.0.9-py3-none-any.whl.metadata (21 kB)
2026-10-09T14:20:41.3845404Z Collecting idna (from httpx<1,>=0.27->ai-novel-studio==0.7.0)
2026-10-09T14:20:41.3972102Z   Downloading idna-3.20-py3-none-any.whl.metadata (7.2 kB)
2026-10-09T14:20:41.7808815Z Collecting h11>=0.16 (from httpcore==1.*->httpx<1,>=0.27->ai-novel-studio==0.7.0)
2026-10-09T14:20:41.7935810Z   Downloading h11-0.16.0-py3-none-any.whl.metadata (8.3 kB)
2026-10-09T14:20:42.2689745Z Collecting psycopg-binary==3.3.6 (from psycopg[binary]<4,>=3.2->ai-novel-studio==0.7.0)
2026-10-09T14:20:42.2820033Z   Downloading psycopg_binary-3.3.6-cp312-cp312-manylinux2014_x86_64.manylinux_2_17_x86_64.whl.metadata (2.7 kB)
2026-10-09T14:20:42.7229659Z Collecting python-dotenv>=0.21.0 (from pydantic-settings<3,>=2.6->ai-novel-studio==0.7.0)
2026-10-09T14:20:42.7357011Z   Downloading python_dotenv-1.2.4-py3-none-any.whl.metadata (29 kB)
2026-10-09T14:20:43.2202262Z Collecting iniconfig>=1 (from pytest<9,>=8->ai-novel-studio==0.7.0)
2026-10-09T14:20:43.2331240Z   Downloading iniconfig-2.3.0-py3-none-any.whl.metadata (2.5 kB)
2026-10-09T14:20:43.8211141Z Collecting packaging>=20 (from pytest<9,>=8->ai-novel-studio==0.7.0)
2026-10-09T14:20:43.8340090Z   Downloading packaging-26.3-py3-none-any.whl.metadata (3.5 kB)
2026-10-09T14:20:44.3191842Z Collecting pluggy<2,>=1.5 (from pytest<9,>=8->ai-novel-studio==0.7.0)
2026-10-09T14:20:44.3319021Z   Downloading pluggy-1.6.0-py3-none-any.whl.metadata (4.8 kB)
2026-10-09T14:20:44.7296586Z Collecting pygments>=2.7.2 (from pytest<9,>=8->ai-novel-studio==0.7.0)
2026-10-09T14:20:44.7424705Z   Downloading pygments-2.21.0-py3-none-any.whl.metadata (2.5 kB)
2026-10-09T14:20:44.9566258Z Collecting charset-normalizer (from reportlab<5,>=4.0->ai-novel-studio==0.7.0)
2026-10-09T14:20:44.9695491Z   Downloading charset_normalizer-3.5.2-cp312-cp312-manylinux2014_x86_64.manylinux_2_17_x86_64.manylinux_2_28_x86_64.whl.metadata (46 kB)
2026-10-09T14:20:45.1101660Z Collecting click>=7.0 (from uvicorn<1,>=0.30->ai-novel-studio==0.7.0)
2026-10-09T14:20:45.1230923Z   Downloading click-8.5.0-py3-none-any.whl.metadata (2.6 kB)
2026-10-09T14:20:45.2467216Z Collecting annotated-types>=0.6.0 (from pydantic>=2.9.0->fastapi<1,>=0.115->ai-novel-studio==0.7.0)
2026-10-09T14:20:45.2597673Z   Downloading annotated_types-0.8.0-py3-none-any.whl.metadata (15 kB)
2026-10-09T14:20:45.7387920Z Collecting pydantic-core==2.46.5 (from pydantic>=2.9.0->fastapi<1,>=0.115->ai-novel-studio==0.7.0)
2026-10-09T14:20:45.7518322Z   Downloading pydantic_core-2.46.5-cp312-cp312-manylinux_2_17_x86_64.manylinux2014_x86_64.whl.metadata (6.6 kB)
2026-10-09T14:20:45.9135581Z Downloading fonttools-4.59.1-cp312-cp312-manylinux1_x86_64.manylinux2014_x86_64.manylinux_2_17_x86_64.manylinux_2_5_x86_64.whl (4.9 MB)
2026-10-09T14:20:46.0148958Z    ━━━━━━━━━━━━━━━━━━━━━━━━━━━━━━━━━━━━━━━━ 4.9/4.9 MB 53.5 MB/s  0:00:00
2026-10-09T14:20:46.0278981Z Downloading opentimelineio-0.18.1-cp312-cp312-manylinux2014_x86_64.manylinux_2_17_x86_64.whl (842 kB)
2026-10-09T14:20:46.0320840Z    ━━━━━━━━━━━━━━━━━━━━━━━━━━━━━━━━━━━━━━━━ 842.8/842.8 kB 218.0 MB/s  0:00:00
2026-10-09T14:20:46.0444846Z Downloading pillow-12.3.0-cp312-cp312-manylinux_2_27_x86_64.manylinux_2_28_x86_64.whl (6.9 MB)
2026-10-09T14:20:46.1034182Z    ━━━━━━━━━━━━━━━━━━━━━━━━━━━━━━━━━━━━━━━━ 6.9/6.9 MB 116.5 MB/s  0:00:00
2026-10-09T14:20:46.1162047Z Downloading pypdf-6.19.0-py3-none-any.whl (395 kB)
2026-10-09T14:20:46.1308401Z Downloading fastapi-0.142.2-py3-none-any.whl (144 kB)
2026-10-09T14:20:46.1447023Z Downloading httpx-0.28.1-py3-none-any.whl (73 kB)
2026-10-09T14:20:46.1658118Z Downloading httpcore-1.0.9-py3-none-any.whl (78 kB)
2026-10-09T14:20:46.1797332Z Downloading psycopg-3.3.6-py3-none-any.whl (215 kB)
2026-10-09T14:20:46.1939572Z Downloading psycopg_binary-3.3.6-cp312-cp312-manylinux2014_x86_64.manylinux_2_17_x86_64.whl (5.2 MB)
2026-10-09T14:20:46.2247686Z    ━━━━━━━━━━━━━━━━━━━━━━━━━━━━━━━━━━━━━━━━ 5.2/5.2 MB 175.5 MB/s  0:00:00
2026-10-09T14:20:46.2375681Z Downloading pydantic_settings-2.15.0-py3-none-any.whl (69 kB)
2026-10-09T14:20:46.2517777Z Downloading pytest-8.4.2-py3-none-any.whl (365 kB)
2026-10-09T14:20:46.2661226Z Downloading pluggy-1.6.0-py3-none-any.whl (20 kB)
2026-10-09T14:20:46.2799720Z Downloading reportlab-4.5.1-py3-none-any.whl (2.0 MB)
2026-10-09T14:20:46.2939530Z    ━━━━━━━━━━━━━━━━━━━━━━━━━━━━━━━━━━━━━━━━ 2.0/2.0 MB 145.7 MB/s  0:00:00
2026-10-09T14:20:46.3064065Z Downloading sqlalchemy-2.1.3-cp312-cp312-manylinux2014_x86_64.manylinux_2_17_x86_64.manylinux_2_28_x86_64.whl (4.7 MB)
2026-10-09T14:20:46.3437709Z    ━━━━━━━━━━━━━━━━━━━━━━━━━━━━━━━━━━━━━━━━ 4.7/4.7 MB 124.9 MB/s  0:00:00
2026-10-09T14:20:46.3566069Z Downloading uvicorn-0.54.0-py3-none-any.whl (87 kB)
2026-10-09T14:20:46.3710101Z Downloading annotated_doc-0.0.5-py3-none-any.whl (5.3 kB)
2026-10-09T14:20:46.3850285Z Downloading click-8.5.0-py3-none-any.whl (125 kB)
2026-10-09T14:20:46.3992346Z Downloading h11-0.16.0-py3-none-any.whl (37 kB)
2026-10-09T14:20:46.4129751Z Downloading iniconfig-2.3.0-py3-none-any.whl (7.5 kB)
2026-10-09T14:20:46.4266048Z Downloading opentelemetry_api-1.45.0-py3-none-any.whl (60 kB)
2026-10-09T14:20:46.4403574Z Downloading packaging-26.3-py3-none-any.whl (129 kB)
2026-10-09T14:20:46.4545163Z Downloading pydantic-2.13.5-py3-none-any.whl (472 kB)
2026-10-09T14:20:46.4690565Z Downloading pydantic_core-2.46.5-cp312-cp312-manylinux_2_17_x86_64.manylinux2014_x86_64.whl (2.1 MB)
2026-10-09T14:20:46.4752761Z    ━━━━━━━━━━━━━━━━━━━━━━━━━━━━━━━━━━━━━━━━ 2.1/2.1 MB 375.8 MB/s  0:00:00
2026-10-09T14:20:46.4876332Z Downloading annotated_types-0.8.0-py3-none-any.whl (13 kB)
2026-10-09T14:20:46.5154902Z Downloading pygments-2.21.0-py3-none-any.whl (1.3 MB)
2026-10-09T14:20:46.5200364Z    ━━━━━━━━━━━━━━━━━━━━━━━━━━━━━━━━━━━━━━━━ 1.3/1.3 MB 305.0 MB/s  0:00:00
2026-10-09T14:20:46.5325282Z Downloading python_dotenv-1.2.4-py3-none-any.whl (23 kB)
2026-10-09T14:20:46.5464537Z Downloading starlette-1.7.0-py3-none-any.whl (78 kB)
2026-10-09T14:20:46.5604823Z Downloading anyio-4.15.1-py3-none-any.whl (132 kB)
2026-10-09T14:20:46.5742045Z Downloading idna-3.20-py3-none-any.whl (69 kB)
2026-10-09T14:20:46.5878640Z Downloading typing_extensions-4.16.0-py3-none-any.whl (45 kB)
2026-10-09T14:20:46.6014077Z Downloading typing_inspection-0.4.4-py3-none-any.whl (14 kB)
2026-10-09T14:20:46.6150679Z Downloading certifi-2026.7.22-py3-none-any.whl (136 kB)
2026-10-09T14:20:46.6288701Z Downloading charset_normalizer-3.5.2-cp312-cp312-manylinux2014_x86_64.manylinux_2_17_x86_64.manylinux_2_28_x86_64.whl (257 kB)
2026-10-09T14:20:46.6949205Z Building wheels for collected packages: ai-novel-studio
2026-10-09T14:20:46.6954914Z   Building editable for ai-novel-studio (pyproject.toml): started
2026-10-09T14:20:46.8426322Z   Building editable for ai-novel-studio (pyproject.toml): finished with status 'done'
2026-10-09T14:20:46.8429473Z   Created wheel for ai-novel-studio: filename=ai_novel_studio-0.7.0-0.editable-py3-none-any.whl size=3090 sha256=1235f91eda47f28b3017eb565d90f8f79f09d5b9a6276507139f529fc40501af
2026-10-09T14:20:46.8430328Z   Stored in directory: /tmp/pip-ephem-wheel-cache-khj607ry/wheels/ef/d0/fe/a873b6ae9831bb132856fd04c6840a9883e5407a26a247aebb
2026-10-09T14:20:46.8440457Z Successfully built ai-novel-studio
2026-10-09T14:20:46.8828417Z Installing collected packages: typing-extensions, python-dotenv, pypdf, pygments, psycopg-binary, pluggy, Pillow, packaging, opentimelineio, iniconfig, idna, h11, fonttools, click, charset-normalizer, certifi, annotated-types, annotated-doc, uvicorn, typing-inspection, sqlalchemy, reportlab, pytest, pydantic-core, psycopg, opentelemetry-api, httpcore, anyio, starlette, pydantic, httpx, pydantic-settings, fastapi, ai-novel-studio
2026-10-09T14:20:50.8708978Z 
2026-10-09T14:20:50.8728247Z Successfully installed Pillow-12.3.0 ai-novel-studio-0.7.0 annotated-doc-0.0.5 annotated-types-0.8.0 anyio-4.15.1 certifi-2026.7.22 charset-normalizer-3.5.2 click-8.5.0 fastapi-0.142.2 fonttools-4.59.1 h11-0.16.0 httpcore-1.0.9 httpx-0.28.1 idna-3.20 iniconfig-2.3.0 opentelemetry-api-1.45.0 opentimelineio-0.18.1 packaging-26.3 pluggy-1.6.0 psycopg-3.3.6 psycopg-binary-3.3.6 pydantic-2.13.5 pydantic-core-2.46.5 pydantic-settings-2.15.0 pygments-2.21.0 pypdf-6.19.0 pytest-8.4.2 python-dotenv-1.2.4 reportlab-4.5.1 sqlalchemy-2.1.3 starlette-1.7.0 typing-extensions-4.16.0 typing-inspection-0.4.4 uvicorn-0.54.0
2026-10-09T14:20:51.1626433Z No broken requirements found.
2026-10-09T14:20:51.4910879Z ##[group]Run python repair/.github/ci/r123_baseline.py --baseline baseline --scripts repair/docs/delivery/shared-r123-repair/reproductions --output receipts
2026-10-09T14:20:51.4911471Z [36;1mpython repair/.github/ci/r123_baseline.py --baseline baseline --scripts repair/docs/delivery/shared-r123-repair/reproductions --output receipts[0m
2026-10-09T14:20:51.4964516Z shell: /usr/bin/bash -e {0}
2026-10-09T14:20:51.4964664Z env:
2026-10-09T14:20:51.4964819Z   pythonLocation: /opt/hostedtoolcache/Python/3.12.9/x64
2026-10-09T14:20:51.4965054Z   PKG_CONFIG_PATH: /opt/hostedtoolcache/Python/3.12.9/x64/lib/pkgconfig
2026-10-09T14:20:51.4965285Z   Python_ROOT_DIR: /opt/hostedtoolcache/Python/3.12.9/x64
2026-10-09T14:20:51.4965491Z   Python2_ROOT_DIR: /opt/hostedtoolcache/Python/3.12.9/x64
2026-10-09T14:20:51.4965714Z   Python3_ROOT_DIR: /opt/hostedtoolcache/Python/3.12.9/x64
2026-10-09T14:20:51.4965921Z   LD_LIBRARY_PATH: /opt/hostedtoolcache/Python/3.12.9/x64/lib
2026-10-09T14:20:51.4966147Z ##[endgroup]
2026-10-09T14:21:02.2380966Z {
2026-10-09T14:21:02.2381342Z   "baseline_sha": "c6f2126115b52e17839d48efea091dc21ec08c61",
2026-10-09T14:21:02.2381637Z   "baseline_tree": "eb80a9fa5f5aa6b8c2cbd0e1e67f7b7a48ac522f",
2026-10-09T14:21:02.2381936Z   "python": "3.12.9 (main, Feb  5 2025, 03:22:31) [GCC 13.3.0]",
2026-10-09T14:21:02.2382232Z   "result": "ALL_THREE_KNOWN_DEFECTS_REPRODUCED_RED",
2026-10-09T14:21:02.2382520Z   "scripts_exit_zero_is_not_pass": true,
2026-10-09T14:21:02.2382870Z   "reproductions": {
2026-10-09T14:21:02.2383080Z     "repro_project_authority": {
2026-10-09T14:21:02.2383425Z       "script_sha256": "b22a435f50db84262775476c046e95cdb600009ce9c357cd6c452fdc039e90a9",
2026-10-09T14:21:02.2383786Z       "observations": {
2026-10-09T14:21:02.2384016Z         "source": "c6f2126115b52e17839d48efea091dc21ec08c61",
2026-10-09T14:21:02.2384761Z         "environment": "Linux Python 3.12.9 File TestClient; actual LocalSessionBootstrap issuance",
2026-10-09T14:21:02.2385153Z         "real_model_calls": 0,
2026-10-09T14:21:02.2385421Z         "control_project_write_authorization": {
2026-10-09T14:21:02.2385665Z           "status": 403,
2026-10-09T14:21:02.2385850Z           "detail": {
2026-10-09T14:21:02.2386048Z             "code": "PROJECT_SCOPE_FORBIDDEN"
2026-10-09T14:21:02.2386274Z           }
2026-10-09T14:21:02.2386428Z         },
2026-10-09T14:21:02.2386586Z         "aliases": {
2026-10-09T14:21:02.2386759Z           "/api": {
2026-10-09T14:21:02.2386940Z             "no_token": 401,
2026-10-09T14:21:02.2387091Z             "protected_export": 403,
2026-10-09T14:21:02.2387237Z             "goal_get": 200,
2026-10-09T14:21:02.2387362Z             "goal_put": 200,
2026-10-09T14:21:02.2387491Z             "goal_persisted": {
2026-10-09T14:21:02.2387628Z               "target_words": 4321,
2026-10-09T14:21:02.2387775Z               "target_chapters": 7,
2026-10-09T14:21:02.2387919Z               "deadline": "audit-only"
2026-10-09T14:21:02.2388055Z             },
2026-10-09T14:21:02.2388172Z             "raw_novel_get": 200,
2026-10-09T14:21:02.2388309Z             "chapters_get": 200,
2026-10-09T14:21:02.2388455Z             "chapter_content_disclosed": true,
2026-10-09T14:21:02.2388608Z             "overview": 200
2026-10-09T14:21:02.2388727Z           },
2026-10-09T14:21:02.2388832Z           "/api/v1": {
2026-10-09T14:21:02.2388950Z             "no_token": 401,
2026-10-09T14:21:02.2389080Z             "protected_export": 403,
2026-10-09T14:21:02.2389218Z             "goal_get": 200,
2026-10-09T14:21:02.2389344Z             "goal_put": 200,
2026-10-09T14:21:02.2389472Z             "goal_persisted": {
2026-10-09T14:21:02.2389604Z               "target_words": 4321,
2026-10-09T14:21:02.2389748Z               "target_chapters": 7,
2026-10-09T14:21:02.2389888Z               "deadline": "audit-only"
2026-10-09T14:21:02.2390024Z             },
2026-10-09T14:21:02.2390139Z             "raw_novel_get": 200,
2026-10-09T14:21:02.2390273Z             "chapters_get": 200,
2026-10-09T14:21:02.2390585Z             "chapter_content_disclosed": true,
2026-10-09T14:21:02.2390740Z             "overview": 200
2026-10-09T14:21:02.2390860Z           }
2026-10-09T14:21:02.2390961Z         }
2026-10-09T14:21:02.2391060Z       }
2026-10-09T14:21:02.2391159Z     },
2026-10-09T14:21:02.2391273Z     "repro_stream_revocation": {
2026-10-09T14:21:02.2391492Z       "script_sha256": "3908834c6309ac24ab3369c81703049e3020953b291196a4e77f9232d98965ec",
2026-10-09T14:21:02.2391717Z       "observations": {
2026-10-09T14:21:02.2391867Z         "source": "c6f2126115b52e17839d48efea091dc21ec08c61",
2026-10-09T14:21:02.2392038Z         "python": "3.12.9",
2026-10-09T14:21:02.2392286Z         "scope": "Original API StreamingResponse iterator and membership/session services, synthetic File job",
2026-10-09T14:21:02.2392561Z         "result": {
2026-10-09T14:21:02.2393113Z           "initial_stream_chunk": "data: {\"job_id\": \"audit-stream-job\", \"status\": \"GENERATING\", \"chunk\": \"BEFORE_REVOCATION\", \"provider\": null, \"model\": null, \"error\": null, \"error_code\": null}\n\n",
2026-10-09T14:21:02.2393523Z           "new_read_after_revocation": 401,
2026-10-09T14:21:02.2393936Z           "existing_stream_after_revocation": "data: {\"job_id\": \"audit-stream-job\", \"status\": \"COMPLETED\", \"chunk\": \"_AFTER_REVOCATION\", \"provider\": null, \"model\": null, \"error\": null, \"error_code\": null}\n\n",
2026-10-09T14:21:02.2394385Z           "post_revocation_output_disclosed": true
2026-10-09T14:21:02.2394541Z         }
2026-10-09T14:21:02.2394699Z       }
2026-10-09T14:21:02.2394825Z     },
2026-10-09T14:21:02.2394933Z     "repro_reject_running": {
2026-10-09T14:21:02.2395146Z       "script_sha256": "c19e7977516e611661417c87f129822ed0a995981e453b3f5b064e9d9bbeb75e",
2026-10-09T14:21:02.2395397Z       "observations": {
2026-10-09T14:21:02.2395652Z         "source": "c6f2126115b52e17839d48efea091dc21ec08c61",
2026-10-09T14:21:02.2395825Z         "python": "3.12.9",
2026-10-09T14:21:02.2396036Z         "scope": "Synthetic provider + real File JobManager/HTTP API; no Windows/model test",
2026-10-09T14:21:02.2396256Z         "results": [
2026-10-09T14:21:02.2396368Z           {
2026-10-09T14:21:02.2396479Z             "prefix": "/api",
2026-10-09T14:21:02.2396607Z             "before": {
2026-10-09T14:21:02.2396733Z               "status": "GENERATING",
2026-10-09T14:21:02.2396886Z               "output": "SYNTHETIC_FIRST_CHUNK"
2026-10-09T14:21:02.2397033Z             },
2026-10-09T14:21:02.2398319Z             "reject": {
2026-10-09T14:21:02.2398498Z               "http": 200,
2026-10-09T14:21:02.2398700Z               "state": "REJECTED",
2026-10-09T14:21:02.2398908Z               "cancelled": false
2026-10-09T14:21:02.2399097Z             },
2026-10-09T14:21:02.2399260Z             "final_http": 200,
2026-10-09T14:21:02.2399473Z             "final_status": "COMPLETED",
2026-10-09T14:21:02.2399720Z             "final_output": "SYNTHETIC_FIRST_CHUNK",
2026-10-09T14:21:02.2399967Z             "persisted_status": "COMPLETED"
2026-10-09T14:21:02.2400182Z           },
2026-10-09T14:21:02.2400333Z           {
2026-10-09T14:21:02.2400490Z             "prefix": "/api/v1",
2026-10-09T14:21:02.2400697Z             "before": {
2026-10-09T14:21:02.2400882Z               "status": "GENERATING",
2026-10-09T14:21:02.2401108Z               "output": "SYNTHETIC_FIRST_CHUNK"
2026-10-09T14:21:02.2401326Z             },
2026-10-09T14:21:02.2401485Z             "reject": {
2026-10-09T14:21:02.2401666Z               "http": 200,
2026-10-09T14:21:02.2401851Z               "state": "REJECTED",
2026-10-09T14:21:02.2402049Z               "cancelled": false
2026-10-09T14:21:02.2402237Z             },
2026-10-09T14:21:02.2402405Z             "final_http": 200,
2026-10-09T14:21:02.2402563Z             "final_status": "COMPLETED",
2026-10-09T14:21:02.2402892Z             "final_output": "SYNTHETIC_FIRST_CHUNK",
2026-10-09T14:21:02.2403067Z             "persisted_status": "COMPLETED"
2026-10-09T14:21:02.2403210Z           }
2026-10-09T14:21:02.2403456Z         ]
2026-10-09T14:21:02.2403555Z       }
2026-10-09T14:21:02.2403656Z     }
2026-10-09T14:21:02.2403752Z   }
2026-10-09T14:21:02.2403847Z }
2026-10-09T14:21:02.2484945Z ##[group]Run actions/upload-artifact@v4.6.2
2026-10-09T14:21:02.2485109Z with:
2026-10-09T14:21:02.2485291Z   name: shared-r123-baseline-red-7f0d911549b04e8dbb7cf078316ad74c42095449
2026-10-09T14:21:02.2485527Z   path: receipts/baseline-red.json
receipts/*.txt

2026-10-09T14:21:02.2485699Z   if-no-files-found: error
2026-10-09T14:21:02.2485828Z   retention-days: 14
2026-10-09T14:21:02.2485946Z   compression-level: 6
2026-10-09T14:21:02.2486063Z   overwrite: false
2026-10-09T14:21:02.2486181Z   include-hidden-files: false
2026-10-09T14:21:02.2486309Z env:
2026-10-09T14:21:02.2486449Z   pythonLocation: /opt/hostedtoolcache/Python/3.12.9/x64
2026-10-09T14:21:02.2486682Z   PKG_CONFIG_PATH: /opt/hostedtoolcache/Python/3.12.9/x64/lib/pkgconfig
2026-10-09T14:21:02.2486902Z   Python_ROOT_DIR: /opt/hostedtoolcache/Python/3.12.9/x64
2026-10-09T14:21:02.2487102Z   Python2_ROOT_DIR: /opt/hostedtoolcache/Python/3.12.9/x64
2026-10-09T14:21:02.2487315Z   Python3_ROOT_DIR: /opt/hostedtoolcache/Python/3.12.9/x64
2026-10-09T14:21:02.2487516Z   LD_LIBRARY_PATH: /opt/hostedtoolcache/Python/3.12.9/x64/lib
2026-10-09T14:21:02.2487690Z ##[endgroup]
2026-10-09T14:21:02.3553515Z (node:2458) [DEP0040] DeprecationWarning: The `punycode` module is deprecated. Please use a userland alternative instead.
2026-10-09T14:21:02.3554092Z (Use `node --trace-deprecation ...` to show where the warning was created)
2026-10-09T14:21:02.3606107Z With the provided path, there will be 11 files uploaded
2026-10-09T14:21:02.3609664Z Artifact name is valid!
2026-10-09T14:21:02.3610033Z Root directory input is valid!
2026-10-09T14:21:02.6530534Z Beginning upload of artifact content to blob storage
2026-10-09T14:21:02.6720086Z (node:2458) [DEP0169] DeprecationWarning: `url.parse()` behavior is not standardized and prone to errors that have security implications. Use the WHATWG URL API instead. CVEs are not issued for `url.parse()` vulnerabilities.
2026-10-09T14:21:02.8306215Z Uploaded bytes 4964
2026-10-09T14:21:02.8711065Z Finished uploading artifact content to blob storage!
2026-10-09T14:21:02.8711547Z SHA256 digest of uploaded artifact zip is 4f783a274450fb4cf1dc0911c5560a5e796568988df1afaa183ee7addda5a94f
2026-10-09T14:21:02.8712153Z Finalizing artifact upload
2026-10-09T14:21:03.0930748Z Artifact shared-r123-baseline-red-7f0d911549b04e8dbb7cf078316ad74c42095449.zip successfully finalized. Artifact ID 11623126831
2026-10-09T14:21:03.0931467Z Artifact shared-r123-baseline-red-7f0d911549b04e8dbb7cf078316ad74c42095449 has been successfully uploaded! Final size is 4964 bytes. Artifact ID is 11623126831
2026-10-09T14:21:03.0936594Z Artifact download URL: https://github.com/1785235376-blip/AI-Novel-Studio/actions/runs/37943412383/artifacts/11623126831
2026-10-09T14:21:03.1069603Z Post job cleanup.
2026-10-09T14:21:03.1842409Z (node:2470) [DEP0040] DeprecationWarning: The `punycode` module is deprecated. Please use a userland alternative instead.
2026-10-09T14:21:03.1843178Z (Use `node --trace-deprecation ...` to show where the warning was created)
2026-10-09T14:21:03.2017428Z Post job cleanup.
2026-10-09T14:21:03.2592321Z [command]/usr/bin/git version
2026-10-09T14:21:03.2625586Z git version 2.55.0
2026-10-09T14:21:03.2649740Z Temporarily overriding HOME='/home/runner/work/_temp/ae8df1af-3815-455d-9c89-52a058194c01' before making global git config changes
2026-10-09T14:21:03.2650423Z Adding repository directory to the temporary git global config as a safe directory
2026-10-09T14:21:03.2653944Z [command]/usr/bin/git config --global --add safe.directory /home/runner/work/AI-Novel-Studio/AI-Novel-Studio/baseline
2026-10-09T14:21:03.2690251Z [command]/usr/bin/git config --local --name-only --get-regexp core\.sshCommand
2026-10-09T14:21:03.2719929Z [command]/usr/bin/git submodule foreach --recursive sh -c "git config --local --name-only --get-regexp 'core\.sshCommand' && git config --local --unset-all 'core.sshCommand' || :"
2026-10-09T14:21:03.2922988Z [command]/usr/bin/git config --local --name-only --get-regexp http\.https\:\/\/github\.com\/\.extraheader
2026-10-09T14:21:03.2960428Z [command]/usr/bin/git submodule foreach --recursive sh -c "git config --local --name-only --get-regexp 'http\.https\:\/\/github\.com\/\.extraheader' && git config --local --unset-all 'http.https://github.com/.extraheader' || :"
2026-10-09T14:21:03.3366162Z Post job cleanup.
2026-10-09T14:21:03.4010492Z [command]/usr/bin/git version
2026-10-09T14:21:03.4045163Z git version 2.55.0
2026-10-09T14:21:03.4072330Z Temporarily overriding HOME='/home/runner/work/_temp/bc89f00f-423f-4f35-8a52-efe8c41820a8' before making global git config changes
2026-10-09T14:21:03.4073083Z Adding repository directory to the temporary git global config as a safe directory
2026-10-09T14:21:03.4078243Z [command]/usr/bin/git config --global --add safe.directory /home/runner/work/AI-Novel-Studio/AI-Novel-Studio/repair
2026-10-09T14:21:03.4113514Z [command]/usr/bin/git config --local --name-only --get-regexp core\.sshCommand
2026-10-09T14:21:03.4174411Z [command]/usr/bin/git submodule foreach --recursive sh -c "git config --local --name-only --get-regexp 'core\.sshCommand' && git config --local --unset-all 'core.sshCommand' || :"
2026-10-09T14:21:03.4354153Z [command]/usr/bin/git config --local --name-only --get-regexp http\.https\:\/\/github\.com\/\.extraheader
2026-10-09T14:21:03.4390455Z [command]/usr/bin/git submodule foreach --recursive sh -c "git config --local --name-only --get-regexp 'http\.https\:\/\/github\.com\/\.extraheader' && git config --local --unset-all 'http.https://github.com/.extraheader' || :"
2026-10-09T14:21:03.4711556Z Cleaning up orphan processes
2026-10-09T14:21:03.4931151Z ##[warning]Node.js 20 is deprecated. The following actions target Node.js 20 but are being forced to run on Node.js 24: actions/checkout@v4.2.2, actions/setup-python@v5.6.0, actions/upload-artifact@v4.6.2. For more information see: https://github.blog/changelog/2025-09-19-deprecation-of-node-20-on-github-actions-runners/
