2026-10-09T14:20:14.1433617Z Current runner version: '2.337.0'
2026-10-09T14:20:14.1470230Z ##[group]Runner Image Provisioner
2026-10-09T14:20:14.1471763Z Hosted Compute Agent
2026-10-09T14:20:14.1472789Z Version: 20261002.596
2026-10-09T14:20:14.1474016Z Commit: c3d12f3313a95f25162a1503be624f3b0617f8c0
2026-10-09T14:20:14.1475413Z Build Date: 2026-10-02T22:28:27Z
2026-10-09T14:20:14.1476729Z Worker ID: {98395cb5-3cff-4c4c-aea8-cc89c682cf64}
2026-10-09T14:20:14.1478709Z Region: eastus
2026-10-09T14:20:14.1480020Z Cloud: Azure
2026-10-09T14:20:14.1481068Z ##[endgroup]
2026-10-09T14:20:14.1483278Z ##[group]Operating System
2026-10-09T14:20:14.1484348Z Ubuntu
2026-10-09T14:20:14.1485871Z 24.04.5
2026-10-09T14:20:14.1486774Z LTS
2026-10-09T14:20:14.1487698Z ##[endgroup]
2026-10-09T14:20:14.1488658Z ##[group]Runner Image
2026-10-09T14:20:14.1490071Z Image: ubuntu-24.04
2026-10-09T14:20:14.1491164Z Version: 20261004.327.1
2026-10-09T14:20:14.1493378Z Included Software: https://github.com/actions/runner-images/blob/ubuntu24/20261004.327/images/ubuntu/Ubuntu2404-Readme.md
2026-10-09T14:20:14.1496185Z Image Release: https://github.com/actions/runner-images/releases/tag/ubuntu24%2F20261004.327
2026-10-09T14:20:14.1497858Z ##[endgroup]
2026-10-09T14:20:14.1500117Z ##[group]GITHUB_TOKEN Permissions
2026-10-09T14:20:14.1503089Z Contents: read
2026-10-09T14:20:14.1504100Z Metadata: read
2026-10-09T14:20:14.1505007Z ##[endgroup]
2026-10-09T14:20:14.1508183Z Secret source: Actions
2026-10-09T14:20:14.1510000Z Cache mode: write
2026-10-09T14:20:14.1511279Z Prepare workflow directory
2026-10-09T14:20:14.2071928Z Prepare all required actions
2026-10-09T14:20:14.2129521Z Getting action download info
2026-10-09T14:20:14.4746552Z Download action repository 'actions/checkout@v4.2.2' (SHA:11bd71901bbe5b1630ceea73d27597364c9af683)
2026-10-09T14:20:14.6297394Z Download action repository 'actions/setup-python@v5.6.0' (SHA:a26af69be951a213d495a4c3e4e4022e16d87065)
2026-10-09T14:20:14.7503159Z Download action repository 'actions/upload-artifact@v4.6.2' (SHA:ea165f8d65b6e75b540449e92b4886f43607fa02)
2026-10-09T14:20:15.0095473Z Complete job name: Backend execution / original File TCP
2026-10-09T14:20:15.0923588Z ##[group]Run actions/checkout@v4.2.2
2026-10-09T14:20:15.0924573Z with:
2026-10-09T14:20:15.0925070Z   persist-credentials: false
2026-10-09T14:20:15.0925686Z   repository: 1785235376-blip/AI-Novel-Studio
2026-10-09T14:20:15.0930270Z   token: ***
2026-10-09T14:20:15.0930765Z   ssh-strict: true
2026-10-09T14:20:15.0931248Z   ssh-user: git
2026-10-09T14:20:15.0931713Z   clean: true
2026-10-09T14:20:15.0932194Z   sparse-checkout-cone-mode: true
2026-10-09T14:20:15.0932762Z   fetch-depth: 1
2026-10-09T14:20:15.0933229Z   fetch-tags: false
2026-10-09T14:20:15.0933712Z   show-progress: true
2026-10-09T14:20:15.0934205Z   lfs: false
2026-10-09T14:20:15.0934659Z   submodules: false
2026-10-09T14:20:15.0935164Z   set-safe-directory: true
2026-10-09T14:20:15.0935948Z env:
2026-10-09T14:20:15.0936415Z   MOCK_PROVIDER: true
2026-10-09T14:20:15.0936929Z   MOCK_STREAM_DELAY_MS: 0
2026-10-09T14:20:15.0937471Z   ENABLE_CLOUD: false
2026-10-09T14:20:15.0937982Z   CREDENTIAL_VAULT_BACKEND: memory
2026-10-09T14:20:15.0938632Z   CREDENTIAL_VAULT_ALLOW_MEMORY_FALLBACK: true
2026-10-09T14:20:15.0939279Z   PYTHONDONTWRITEBYTECODE: 1
2026-10-09T14:20:15.0940222Z   HF_HUB_OFFLINE: 1
2026-10-09T14:20:15.0940786Z   TRANSFORMERS_OFFLINE: 1
2026-10-09T14:20:15.0941298Z ##[endgroup]
2026-10-09T14:20:15.2060546Z Syncing repository: 1785235376-blip/AI-Novel-Studio
2026-10-09T14:20:15.2062612Z ##[group]Getting Git version info
2026-10-09T14:20:15.2063952Z Working directory is '/home/runner/work/AI-Novel-Studio/AI-Novel-Studio'
2026-10-09T14:20:15.2065249Z [command]/usr/bin/git version
2026-10-09T14:20:15.2138241Z git version 2.55.0
2026-10-09T14:20:15.2160950Z ##[endgroup]
2026-10-09T14:20:15.2176742Z Temporarily overriding HOME='/home/runner/work/_temp/b34533b9-bcc7-4320-92fc-6cc09cdf440f' before making global git config changes
2026-10-09T14:20:15.2179413Z Adding repository directory to the temporary git global config as a safe directory
2026-10-09T14:20:15.2184658Z [command]/usr/bin/git config --global --add safe.directory /home/runner/work/AI-Novel-Studio/AI-Novel-Studio
2026-10-09T14:20:15.2245719Z Deleting the contents of '/home/runner/work/AI-Novel-Studio/AI-Novel-Studio'
2026-10-09T14:20:15.2251815Z ##[group]Initializing the repository
2026-10-09T14:20:15.2256104Z [command]/usr/bin/git init /home/runner/work/AI-Novel-Studio/AI-Novel-Studio
2026-10-09T14:20:15.2393700Z hint: Using 'master' as the name for the initial branch. This default branch name
2026-10-09T14:20:15.2395957Z hint: will change to "main" in Git 3.0. To configure the initial branch name
2026-10-09T14:20:15.2402823Z hint: to use in all of your new repositories, which will suppress this warning,
2026-10-09T14:20:15.2407525Z hint: call:
2026-10-09T14:20:15.2408690Z hint:
2026-10-09T14:20:15.2410225Z hint: 	git config --global init.defaultBranch <name>
2026-10-09T14:20:15.2411709Z hint:
2026-10-09T14:20:15.2413286Z hint: Names commonly chosen instead of 'master' are 'main', 'trunk' and
2026-10-09T14:20:15.2415949Z hint: 'development'. The just-created branch can be renamed via this command:
2026-10-09T14:20:15.2417821Z hint:
2026-10-09T14:20:15.2418867Z hint: 	git branch -m <name>
2026-10-09T14:20:15.2420215Z hint:
2026-10-09T14:20:15.2421949Z hint: Disable this message with "git config set advice.defaultBranchName false"
2026-10-09T14:20:15.2427219Z Initialized empty Git repository in /home/runner/work/AI-Novel-Studio/AI-Novel-Studio/.git/
2026-10-09T14:20:15.2431930Z [command]/usr/bin/git remote add origin https://github.com/1785235376-blip/AI-Novel-Studio
2026-10-09T14:20:15.2476682Z ##[endgroup]
2026-10-09T14:20:15.2478233Z ##[group]Disabling automatic garbage collection
2026-10-09T14:20:15.2480623Z [command]/usr/bin/git config --local gc.auto 0
2026-10-09T14:20:15.2536211Z ##[endgroup]
2026-10-09T14:20:15.2537875Z ##[group]Setting up auth
2026-10-09T14:20:15.2539173Z [command]/usr/bin/git config --local --name-only --get-regexp core\.sshCommand
2026-10-09T14:20:15.2563130Z [command]/usr/bin/git submodule foreach --recursive sh -c "git config --local --name-only --get-regexp 'core\.sshCommand' && git config --local --unset-all 'core.sshCommand' || :"
2026-10-09T14:20:15.2977022Z [command]/usr/bin/git config --local --name-only --get-regexp http\.https\:\/\/github\.com\/\.extraheader
2026-10-09T14:20:15.3036076Z [command]/usr/bin/git submodule foreach --recursive sh -c "git config --local --name-only --get-regexp 'http\.https\:\/\/github\.com\/\.extraheader' && git config --local --unset-all 'http.https://github.com/.extraheader' || :"
2026-10-09T14:20:15.3257213Z [command]/usr/bin/git config --local http.https://github.com/.extraheader AUTHORIZATION: basic ***
2026-10-09T14:20:15.3300276Z ##[endgroup]
2026-10-09T14:20:15.3301230Z ##[group]Fetching the repository
2026-10-09T14:20:15.3310903Z [command]/usr/bin/git -c protocol.version=2 fetch --no-tags --prune --no-recurse-submodules --depth=1 origin +99c43b6892038233c390be2ae61acb669163d0b5:refs/remotes/origin/feature/v2-narrative-platform
2026-10-09T14:20:19.1063677Z From https://github.com/1785235376-blip/AI-Novel-Studio
2026-10-09T14:20:19.1065818Z  * [new ref]         99c43b6892038233c390be2ae61acb669163d0b5 -> origin/feature/v2-narrative-platform
2026-10-09T14:20:19.1071686Z ##[endgroup]
2026-10-09T14:20:19.1073563Z ##[group]Determining the checkout info
2026-10-09T14:20:19.1075535Z ##[endgroup]
2026-10-09T14:20:19.1077672Z [command]/usr/bin/git sparse-checkout disable
2026-10-09T14:20:19.1137590Z [command]/usr/bin/git config --local --unset-all extensions.worktreeConfig
2026-10-09T14:20:19.1172408Z ##[group]Checking out the ref
2026-10-09T14:20:19.1177494Z [command]/usr/bin/git checkout --progress --force -B feature/v2-narrative-platform refs/remotes/origin/feature/v2-narrative-platform
2026-10-09T14:20:19.7611584Z Switched to a new branch 'feature/v2-narrative-platform'
2026-10-09T14:20:19.7623205Z branch 'feature/v2-narrative-platform' set up to track 'origin/feature/v2-narrative-platform'.
2026-10-09T14:20:19.7657511Z ##[endgroup]
2026-10-09T14:20:19.7712936Z [command]/usr/bin/git log -1 --format=%H
2026-10-09T14:20:19.7777096Z 99c43b6892038233c390be2ae61acb669163d0b5
2026-10-09T14:20:19.7787065Z ##[group]Removing auth
2026-10-09T14:20:19.7791314Z [command]/usr/bin/git config --local --name-only --get-regexp core\.sshCommand
2026-10-09T14:20:19.7825159Z [command]/usr/bin/git submodule foreach --recursive sh -c "git config --local --name-only --get-regexp 'core\.sshCommand' && git config --local --unset-all 'core.sshCommand' || :"
2026-10-09T14:20:19.8059481Z [command]/usr/bin/git config --local --name-only --get-regexp http\.https\:\/\/github\.com\/\.extraheader
2026-10-09T14:20:19.8108027Z http.https://github.com/.extraheader
2026-10-09T14:20:19.8116049Z [command]/usr/bin/git config --local --unset-all http.https://github.com/.extraheader
2026-10-09T14:20:19.8153263Z [command]/usr/bin/git submodule foreach --recursive sh -c "git config --local --name-only --get-regexp 'http\.https\:\/\/github\.com\/\.extraheader' && git config --local --unset-all 'http.https://github.com/.extraheader' || :"
2026-10-09T14:20:19.8381181Z ##[endgroup]
2026-10-09T14:20:19.8710852Z ##[group]Run actions/setup-python@v5.6.0
2026-10-09T14:20:19.8711197Z with:
2026-10-09T14:20:19.8711426Z   python-version: 3.12.9
2026-10-09T14:20:19.8712046Z   check-latest: false
2026-10-09T14:20:19.8714768Z   token: ***
2026-10-09T14:20:19.8715000Z   update-environment: true
2026-10-09T14:20:19.8715263Z   allow-prereleases: false
2026-10-09T14:20:19.8715542Z   freethreaded: false
2026-10-09T14:20:19.8715791Z env:
2026-10-09T14:20:19.8715980Z   MOCK_PROVIDER: true
2026-10-09T14:20:19.8716197Z   MOCK_STREAM_DELAY_MS: 0
2026-10-09T14:20:19.8716425Z   ENABLE_CLOUD: false
2026-10-09T14:20:19.8716653Z   CREDENTIAL_VAULT_BACKEND: memory
2026-10-09T14:20:19.8716939Z   CREDENTIAL_VAULT_ALLOW_MEMORY_FALLBACK: true
2026-10-09T14:20:19.8717244Z   PYTHONDONTWRITEBYTECODE: 1
2026-10-09T14:20:19.8717485Z   HF_HUB_OFFLINE: 1
2026-10-09T14:20:19.8717713Z   TRANSFORMERS_OFFLINE: 1
2026-10-09T14:20:19.8717944Z ##[endgroup]
2026-10-09T14:20:20.0067770Z ##[group]Installed versions
2026-10-09T14:20:20.0087569Z Version 3.12.9 was not found in the local cache
2026-10-09T14:20:20.0199241Z (node:2354) [DEP0040] DeprecationWarning: The `punycode` module is deprecated. Please use a userland alternative instead.
2026-10-09T14:20:20.0201380Z (Use `node --trace-deprecation ...` to show where the warning was created)
2026-10-09T14:20:20.7035573Z Version 3.12.9 is available for downloading
2026-10-09T14:20:20.7037869Z Download from "https://github.com/actions/python-versions/releases/download/3.12.9-13149478207/python-3.12.9-linux-24.04-x64.tar.gz"
2026-10-09T14:20:21.5165259Z Extract downloaded archive
2026-10-09T14:20:21.5312312Z [command]/usr/bin/tar xz --warning=no-unknown-keyword --overwrite -C /home/runner/work/_temp/5ef46a44-cc39-4ffa-82c9-db752f3bd4e5 -f /home/runner/work/_temp/7548f954-380d-4330-91cd-8063e423350e
2026-10-09T14:20:23.5812671Z Execute installation script
2026-10-09T14:20:23.5910321Z Check if Python hostedtoolcache folder exist...
2026-10-09T14:20:23.5911170Z Create Python 3.12.9 folder
2026-10-09T14:20:23.5926975Z Copy Python binaries to hostedtoolcache folder
2026-10-09T14:20:24.1131477Z Create additional symlinks (Required for the UsePythonVersion Azure Pipelines task and the setup-python GitHub Action)
2026-10-09T14:20:24.1170546Z Upgrading pip...
2026-10-09T14:20:26.9960981Z Looking in links: /tmp/tmpb5ua4fwr
2026-10-09T14:20:26.9965270Z Requirement already satisfied: pip in /opt/hostedtoolcache/Python/3.12.9/x64/lib/python3.12/site-packages (24.3.1)
2026-10-09T14:20:29.0959489Z Collecting pip
2026-10-09T14:20:29.1297756Z Downloading pip-26.2.1-py3-none-any.whl.metadata (4.6 kB)
2026-10-09T14:20:29.1383718Z Downloading pip-26.2.1-py3-none-any.whl (1.8 MB)
2026-10-09T14:20:29.1680010Z ━━━━━━━━━━━━━━━━━━━━━━━━━━━━━━━━━━━━━━━━ 1.8/1.8 MB 103.0 MB/s eta 0:00:00
2026-10-09T14:20:29.1684864Z 
2026-10-09T14:20:29.1895949Z Installing collected packages: pip
2026-10-09T14:20:29.1897875Z Attempting uninstall: pip
2026-10-09T14:20:29.1919963Z Found existing installation: pip 24.3.1
2026-10-09T14:20:29.2272674Z Uninstalling pip-24.3.1:
2026-10-09T14:20:29.2327800Z Successfully uninstalled pip-24.3.1
2026-10-09T14:20:30.4499669Z Successfully installed pip-26.2.1
2026-10-09T14:20:30.4997898Z Create complete file
2026-10-09T14:20:30.5040107Z Successfully set up CPython (3.12.9)
2026-10-09T14:20:30.5041446Z ##[endgroup]
2026-10-09T14:20:30.5543741Z ##[group]Run bash .github/ci/prepare.sh backend-tcp
2026-10-09T14:20:30.5544232Z [36;1mbash .github/ci/prepare.sh backend-tcp[0m
2026-10-09T14:20:30.7583187Z shell: /usr/bin/bash -e {0}
2026-10-09T14:20:30.7583551Z env:
2026-10-09T14:20:30.7583757Z   MOCK_PROVIDER: true
2026-10-09T14:20:30.7584012Z   MOCK_STREAM_DELAY_MS: 0
2026-10-09T14:20:30.7584266Z   ENABLE_CLOUD: false
2026-10-09T14:20:30.7584510Z   CREDENTIAL_VAULT_BACKEND: memory
2026-10-09T14:20:30.7584821Z   CREDENTIAL_VAULT_ALLOW_MEMORY_FALLBACK: true
2026-10-09T14:20:30.7585174Z   PYTHONDONTWRITEBYTECODE: 1
2026-10-09T14:20:30.7585439Z   HF_HUB_OFFLINE: 1
2026-10-09T14:20:30.7585666Z   TRANSFORMERS_OFFLINE: 1
2026-10-09T14:20:30.7585983Z   pythonLocation: /opt/hostedtoolcache/Python/3.12.9/x64
2026-10-09T14:20:30.7586544Z   PKG_CONFIG_PATH: /opt/hostedtoolcache/Python/3.12.9/x64/lib/pkgconfig
2026-10-09T14:20:30.7587264Z   Python_ROOT_DIR: /opt/hostedtoolcache/Python/3.12.9/x64
2026-10-09T14:20:30.7587810Z   Python2_ROOT_DIR: /opt/hostedtoolcache/Python/3.12.9/x64
2026-10-09T14:20:30.7588249Z   Python3_ROOT_DIR: /opt/hostedtoolcache/Python/3.12.9/x64
2026-10-09T14:20:30.7588671Z   LD_LIBRARY_PATH: /opt/hostedtoolcache/Python/3.12.9/x64/lib
2026-10-09T14:20:30.7589143Z ##[endgroup]
2026-10-09T14:20:31.4653247Z ##[group]Run python -m pip install -c .github/ci/python-constraints.txt -e '.[dev,fontbuild,otio,comic]'
2026-10-09T14:20:31.4654037Z [36;1mpython -m pip install -c .github/ci/python-constraints.txt -e '.[dev,fontbuild,otio,comic]'[0m
2026-10-09T14:20:31.4654542Z [36;1mpython -m pip check[0m
2026-10-09T14:20:31.4654951Z [36;1mpython -m pip freeze --exclude-editable > "$CI_RECEIPTS/python-packages.txt"[0m
2026-10-09T14:20:31.4719021Z shell: /usr/bin/bash -e {0}
2026-10-09T14:20:31.4719278Z env:
2026-10-09T14:20:31.4719473Z   MOCK_PROVIDER: true
2026-10-09T14:20:31.4719926Z   MOCK_STREAM_DELAY_MS: 0
2026-10-09T14:20:31.4720168Z   ENABLE_CLOUD: false
2026-10-09T14:20:31.4720400Z   CREDENTIAL_VAULT_BACKEND: memory
2026-10-09T14:20:31.4720709Z   CREDENTIAL_VAULT_ALLOW_MEMORY_FALLBACK: true
2026-10-09T14:20:31.4721025Z   PYTHONDONTWRITEBYTECODE: 1
2026-10-09T14:20:31.4721267Z   HF_HUB_OFFLINE: 1
2026-10-09T14:20:31.4721470Z   TRANSFORMERS_OFFLINE: 1
2026-10-09T14:20:31.4721792Z   pythonLocation: /opt/hostedtoolcache/Python/3.12.9/x64
2026-10-09T14:20:31.4722236Z   PKG_CONFIG_PATH: /opt/hostedtoolcache/Python/3.12.9/x64/lib/pkgconfig
2026-10-09T14:20:31.4722672Z   Python_ROOT_DIR: /opt/hostedtoolcache/Python/3.12.9/x64
2026-10-09T14:20:31.4723044Z   Python2_ROOT_DIR: /opt/hostedtoolcache/Python/3.12.9/x64
2026-10-09T14:20:31.4723430Z   Python3_ROOT_DIR: /opt/hostedtoolcache/Python/3.12.9/x64
2026-10-09T14:20:31.4723807Z   LD_LIBRARY_PATH: /opt/hostedtoolcache/Python/3.12.9/x64/lib
2026-10-09T14:20:31.4724188Z   CI_COVERAGE_SHA: 99c43b6892038233c390be2ae61acb669163d0b5
2026-10-09T14:20:31.4724548Z   CI_COVERAGE_TREE: 69d69ffe71838263069d164a0a07b39b5f4a4333
2026-10-09T14:20:31.4724962Z   CI_SANDBOX: /home/runner/work/_temp/novel-ci-backend-tcp.dGUSCW
2026-10-09T14:20:31.4725415Z   CI_PROJECT: /home/runner/work/_temp/novel-ci-backend-tcp.dGUSCW/project
2026-10-09T14:20:31.4725902Z   CI_RECEIPTS: /home/runner/work/_temp/novel-ci-backend-tcp.dGUSCW/receipts
2026-10-09T14:20:31.4726357Z   HOME: /home/runner/work/_temp/novel-ci-backend-tcp.dGUSCW/home
2026-10-09T14:20:31.4726797Z   USERPROFILE: /home/runner/work/_temp/novel-ci-backend-tcp.dGUSCW/home
2026-10-09T14:20:31.4727281Z   APPDATA: /home/runner/work/_temp/novel-ci-backend-tcp.dGUSCW/appdata
2026-10-09T14:20:31.4727979Z   LOCALAPPDATA: /home/runner/work/_temp/novel-ci-backend-tcp.dGUSCW/localappdata
2026-10-09T14:20:31.4728494Z   XDG_CONFIG_HOME: /home/runner/work/_temp/novel-ci-backend-tcp.dGUSCW/config
2026-10-09T14:20:31.4728977Z   XDG_CACHE_HOME: /home/runner/work/_temp/novel-ci-backend-tcp.dGUSCW/cache
2026-10-09T14:20:31.4729439Z   XDG_DATA_HOME: /home/runner/work/_temp/novel-ci-backend-tcp.dGUSCW/data
2026-10-09T14:20:31.4730185Z   XDG_STATE_HOME: /home/runner/work/_temp/novel-ci-backend-tcp.dGUSCW/state
2026-10-09T14:20:31.4730650Z   TMPDIR: /home/runner/work/_temp/novel-ci-backend-tcp.dGUSCW/tmp
2026-10-09T14:20:31.4731059Z   TMP: /home/runner/work/_temp/novel-ci-backend-tcp.dGUSCW/tmp
2026-10-09T14:20:31.4731469Z   TEMP: /home/runner/work/_temp/novel-ci-backend-tcp.dGUSCW/tmp
2026-10-09T14:20:31.4731922Z   PROJECT_ROOT: /home/runner/work/_temp/novel-ci-backend-tcp.dGUSCW/project
2026-10-09T14:20:31.4732427Z   NOVEL_DATA_PATH: /home/runner/work/_temp/novel-ci-backend-tcp.dGUSCW/data/novels
2026-10-09T14:20:31.4732956Z   BACKUP_PATH: /home/runner/work/_temp/novel-ci-backend-tcp.dGUSCW/data/backups
2026-10-09T14:20:31.4733525Z   DATABASE_BACKUP_PATH: /home/runner/work/_temp/novel-ci-backend-tcp.dGUSCW/data/database-backups
2026-10-09T14:20:31.4734130Z   KNOWLEDGE_SOURCE_PATH: /home/runner/work/_temp/novel-ci-backend-tcp.dGUSCW/data/novels
2026-10-09T14:20:31.4734545Z ##[endgroup]
2026-10-09T14:20:32.4033917Z Obtaining file:///home/runner/work/_temp/novel-ci-backend-tcp.dGUSCW/project
2026-10-09T14:20:32.4051774Z   Installing build dependencies: started
2026-10-09T14:20:33.6309166Z   Installing build dependencies: finished with status 'done'
2026-10-09T14:20:33.6314962Z   Checking if build backend supports build_editable: started
2026-10-09T14:20:34.3142265Z   Checking if build backend supports build_editable: finished with status 'done'
2026-10-09T14:20:34.3150188Z   Getting requirements to build editable: started
2026-10-09T14:20:35.2095228Z   Getting requirements to build editable: finished with status 'done'
2026-10-09T14:20:35.2104841Z   Preparing editable metadata (pyproject.toml): started
2026-10-09T14:20:36.1148082Z   Preparing editable metadata (pyproject.toml): finished with status 'done'
2026-10-09T14:20:36.2156879Z Collecting fastapi<1,>=0.115 (from ai-novel-studio==0.7.0)
2026-10-09T14:20:36.2615264Z   Downloading fastapi-0.142.2-py3-none-any.whl.metadata (27 kB)
2026-10-09T14:20:36.2936916Z Collecting uvicorn<1,>=0.30 (from ai-novel-studio==0.7.0)
2026-10-09T14:20:36.2974300Z   Downloading uvicorn-0.54.0-py3-none-any.whl.metadata (6.6 kB)
2026-10-09T14:20:36.3140598Z Collecting psycopg<4,>=3.2 (from psycopg[binary]<4,>=3.2->ai-novel-studio==0.7.0)
2026-10-09T14:20:36.3174972Z   Downloading psycopg-3.3.6-py3-none-any.whl.metadata (4.4 kB)
2026-10-09T14:20:36.6135868Z Collecting sqlalchemy<3,>=2.0 (from ai-novel-studio==0.7.0)
2026-10-09T14:20:36.6175430Z   Downloading sqlalchemy-2.1.3-cp312-cp312-manylinux2014_x86_64.manylinux_2_17_x86_64.manylinux_2_28_x86_64.whl.metadata (9.7 kB)
2026-10-09T14:20:36.6391540Z Collecting httpx<1,>=0.27 (from ai-novel-studio==0.7.0)
2026-10-09T14:20:36.6425865Z   Downloading httpx-0.28.1-py3-none-any.whl.metadata (7.1 kB)
2026-10-09T14:20:36.6566985Z Collecting pydantic-settings<3,>=2.6 (from ai-novel-studio==0.7.0)
2026-10-09T14:20:36.6601788Z   Downloading pydantic_settings-2.15.0-py3-none-any.whl.metadata (3.9 kB)
2026-10-09T14:20:36.7579073Z Collecting reportlab<5,>=4.0 (from ai-novel-studio==0.7.0)
2026-10-09T14:20:36.7616632Z   Downloading reportlab-4.5.1-py3-none-any.whl.metadata (1.7 kB)
2026-10-09T14:20:36.7809249Z Collecting pypdf==6.19.0 (from ai-novel-studio==0.7.0)
2026-10-09T14:20:36.7843352Z   Downloading pypdf-6.19.0-py3-none-any.whl.metadata (7.5 kB)
2026-10-09T14:20:36.8056386Z Collecting jsonschema<5,>=4.18 (from ai-novel-studio==0.7.0)
2026-10-09T14:20:36.8103869Z   Downloading jsonschema-4.26.0-py3-none-any.whl.metadata (7.6 kB)
2026-10-09T14:20:36.8370100Z Collecting pytest<9,>=8 (from ai-novel-studio==0.7.0)
2026-10-09T14:20:36.8406925Z   Downloading pytest-8.4.2-py3-none-any.whl.metadata (7.7 kB)
2026-10-09T14:20:36.9756839Z Collecting fonttools==4.59.1 (from ai-novel-studio==0.7.0)
2026-10-09T14:20:36.9813493Z   Downloading fonttools-4.59.1-cp312-cp312-manylinux1_x86_64.manylinux2014_x86_64.manylinux_2_17_x86_64.manylinux_2_5_x86_64.whl.metadata (108 kB)
2026-10-09T14:20:37.0150638Z Collecting opentimelineio==0.18.1 (from ai-novel-studio==0.7.0)
2026-10-09T14:20:37.0337560Z   Downloading opentimelineio-0.18.1-cp312-cp312-manylinux2014_x86_64.manylinux_2_17_x86_64.whl.metadata (2.6 kB)
2026-10-09T14:20:37.2050274Z Collecting Pillow==12.3.0 (from ai-novel-studio==0.7.0)
2026-10-09T14:20:37.2083878Z   Downloading pillow-12.3.0-cp312-cp312-manylinux_2_27_x86_64.manylinux_2_28_x86_64.whl.metadata (9.1 kB)
2026-10-09T14:20:37.2342815Z Collecting starlette>=0.46.0 (from fastapi<1,>=0.115->ai-novel-studio==0.7.0)
2026-10-09T14:20:37.2375322Z   Downloading starlette-1.7.0-py3-none-any.whl.metadata (6.6 kB)
2026-10-09T14:20:37.3344530Z Collecting pydantic>=2.9.0 (from fastapi<1,>=0.115->ai-novel-studio==0.7.0)
2026-10-09T14:20:37.3378671Z   Downloading pydantic-2.13.5-py3-none-any.whl.metadata (110 kB)
2026-10-09T14:20:37.3564804Z Collecting typing-extensions>=4.8.0 (from fastapi<1,>=0.115->ai-novel-studio==0.7.0)
2026-10-09T14:20:37.3598979Z   Downloading typing_extensions-4.16.0-py3-none-any.whl.metadata (3.3 kB)
2026-10-09T14:20:37.3695106Z Collecting typing-inspection>=0.4.2 (from fastapi<1,>=0.115->ai-novel-studio==0.7.0)
2026-10-09T14:20:37.3729593Z   Downloading typing_inspection-0.4.4-py3-none-any.whl.metadata (2.6 kB)
2026-10-09T14:20:37.3822558Z Collecting annotated-doc>=0.0.2 (from fastapi<1,>=0.115->ai-novel-studio==0.7.0)
2026-10-09T14:20:37.3860174Z   Downloading annotated_doc-0.0.5-py3-none-any.whl.metadata (6.5 kB)
2026-10-09T14:20:37.4037587Z Collecting opentelemetry-api>=1.44.0 (from fastapi<1,>=0.115->ai-novel-studio==0.7.0)
2026-10-09T14:20:37.4073270Z   Downloading opentelemetry_api-1.45.0-py3-none-any.whl.metadata (1.4 kB)
2026-10-09T14:20:37.4235011Z Collecting anyio (from httpx<1,>=0.27->ai-novel-studio==0.7.0)
2026-10-09T14:20:37.4268106Z   Downloading anyio-4.15.1-py3-none-any.whl.metadata (4.7 kB)
2026-10-09T14:20:37.4428452Z Collecting certifi (from httpx<1,>=0.27->ai-novel-studio==0.7.0)
2026-10-09T14:20:37.4462947Z   Downloading certifi-2026.7.22-py3-none-any.whl.metadata (2.5 kB)
2026-10-09T14:20:37.4610154Z Collecting httpcore==1.* (from httpx<1,>=0.27->ai-novel-studio==0.7.0)
2026-10-09T14:20:37.4644741Z   Downloading httpcore-1.0.9-py3-none-any.whl.metadata (21 kB)
2026-10-09T14:20:37.4786523Z Collecting idna (from httpx<1,>=0.27->ai-novel-studio==0.7.0)
2026-10-09T14:20:37.4820101Z   Downloading idna-3.20-py3-none-any.whl.metadata (7.2 kB)
2026-10-09T14:20:37.4940628Z Collecting h11>=0.16 (from httpcore==1.*->httpx<1,>=0.27->ai-novel-studio==0.7.0)
2026-10-09T14:20:37.4976057Z   Downloading h11-0.16.0-py3-none-any.whl.metadata (8.3 kB)
2026-10-09T14:20:37.5107008Z Collecting attrs>=22.2.0 (from jsonschema<5,>=4.18->ai-novel-studio==0.7.0)
2026-10-09T14:20:37.5138444Z   Downloading attrs-26.1.0-py3-none-any.whl.metadata (8.8 kB)
2026-10-09T14:20:37.5250455Z Collecting jsonschema-specifications>=2023.03.6 (from jsonschema<5,>=4.18->ai-novel-studio==0.7.0)
2026-10-09T14:20:37.5291031Z   Downloading jsonschema_specifications-2025.9.1-py3-none-any.whl.metadata (2.9 kB)
2026-10-09T14:20:37.5495566Z Collecting referencing>=0.28.4 (from jsonschema<5,>=4.18->ai-novel-studio==0.7.0)
2026-10-09T14:20:37.5532331Z   Downloading referencing-0.37.0-py3-none-any.whl.metadata (2.8 kB)
2026-10-09T14:20:37.8002663Z Collecting rpds-py>=0.25.0 (from jsonschema<5,>=4.18->ai-novel-studio==0.7.0)
2026-10-09T14:20:37.8040571Z   Downloading rpds_py-2026.9.1-cp312-cp312-manylinux_2_17_x86_64.manylinux2014_x86_64.whl.metadata (4.1 kB)
2026-10-09T14:20:37.9881264Z Collecting psycopg-binary==3.3.6 (from psycopg[binary]<4,>=3.2->ai-novel-studio==0.7.0)
2026-10-09T14:20:37.9923488Z   Downloading psycopg_binary-3.3.6-cp312-cp312-manylinux2014_x86_64.manylinux_2_17_x86_64.whl.metadata (2.7 kB)
2026-10-09T14:20:38.0085509Z Collecting python-dotenv>=0.21.0 (from pydantic-settings<3,>=2.6->ai-novel-studio==0.7.0)
2026-10-09T14:20:38.0174833Z   Downloading python_dotenv-1.2.4-py3-none-any.whl.metadata (29 kB)
2026-10-09T14:20:38.0304756Z Collecting iniconfig>=1 (from pytest<9,>=8->ai-novel-studio==0.7.0)
2026-10-09T14:20:38.0337123Z   Downloading iniconfig-2.3.0-py3-none-any.whl.metadata (2.5 kB)
2026-10-09T14:20:38.0476399Z Collecting packaging>=20 (from pytest<9,>=8->ai-novel-studio==0.7.0)
2026-10-09T14:20:38.0520523Z   Downloading packaging-26.3-py3-none-any.whl.metadata (3.5 kB)
2026-10-09T14:20:38.0639301Z Collecting pluggy<2,>=1.5 (from pytest<9,>=8->ai-novel-studio==0.7.0)
2026-10-09T14:20:38.0669545Z   Downloading pluggy-1.6.0-py3-none-any.whl.metadata (4.8 kB)
2026-10-09T14:20:38.0841041Z Collecting pygments>=2.7.2 (from pytest<9,>=8->ai-novel-studio==0.7.0)
2026-10-09T14:20:38.0874000Z   Downloading pygments-2.21.0-py3-none-any.whl.metadata (2.5 kB)
2026-10-09T14:20:38.2060962Z Collecting charset-normalizer (from reportlab<5,>=4.0->ai-novel-studio==0.7.0)
2026-10-09T14:20:38.2097083Z   Downloading charset_normalizer-3.5.2-cp312-cp312-manylinux2014_x86_64.manylinux_2_17_x86_64.manylinux_2_28_x86_64.whl.metadata (46 kB)
2026-10-09T14:20:38.2295964Z Collecting click>=7.0 (from uvicorn<1,>=0.30->ai-novel-studio==0.7.0)
2026-10-09T14:20:38.2330462Z   Downloading click-8.5.0-py3-none-any.whl.metadata (2.6 kB)
2026-10-09T14:20:38.2495291Z Collecting annotated-types>=0.6.0 (from pydantic>=2.9.0->fastapi<1,>=0.115->ai-novel-studio==0.7.0)
2026-10-09T14:20:38.2527302Z   Downloading annotated_types-0.8.0-py3-none-any.whl.metadata (15 kB)
2026-10-09T14:20:38.9303754Z Collecting pydantic-core==2.46.5 (from pydantic>=2.9.0->fastapi<1,>=0.115->ai-novel-studio==0.7.0)
2026-10-09T14:20:38.9339925Z   Downloading pydantic_core-2.46.5-cp312-cp312-manylinux_2_17_x86_64.manylinux2014_x86_64.whl.metadata (6.6 kB)
2026-10-09T14:20:38.9564305Z Downloading fonttools-4.59.1-cp312-cp312-manylinux1_x86_64.manylinux2014_x86_64.manylinux_2_17_x86_64.manylinux_2_5_x86_64.whl (4.9 MB)
2026-10-09T14:20:38.9919456Z    ━━━━━━━━━━━━━━━━━━━━━━━━━━━━━━━━━━━━━━━━ 4.9/4.9 MB 147.0 MB/s  0:00:00
2026-10-09T14:20:38.9961082Z Downloading opentimelineio-0.18.1-cp312-cp312-manylinux2014_x86_64.manylinux_2_17_x86_64.whl (842 kB)
2026-10-09T14:20:39.0017765Z    ━━━━━━━━━━━━━━━━━━━━━━━━━━━━━━━━━━━━━━━━ 842.8/842.8 kB 169.8 MB/s  0:00:00
2026-10-09T14:20:39.0149421Z Downloading pillow-12.3.0-cp312-cp312-manylinux_2_27_x86_64.manylinux_2_28_x86_64.whl (6.9 MB)
2026-10-09T14:20:39.0374095Z    ━━━━━━━━━━━━━━━━━━━━━━━━━━━━━━━━━━━━━━━━ 6.9/6.9 MB 333.6 MB/s  0:00:00
2026-10-09T14:20:39.0410186Z Downloading pypdf-6.19.0-py3-none-any.whl (395 kB)
2026-10-09T14:20:39.0479140Z Downloading fastapi-0.142.2-py3-none-any.whl (144 kB)
2026-10-09T14:20:39.0532013Z Downloading httpx-0.28.1-py3-none-any.whl (73 kB)
2026-10-09T14:20:39.0584350Z Downloading httpcore-1.0.9-py3-none-any.whl (78 kB)
2026-10-09T14:20:39.0637655Z Downloading jsonschema-4.26.0-py3-none-any.whl (90 kB)
2026-10-09T14:20:39.0689522Z Downloading psycopg-3.3.6-py3-none-any.whl (215 kB)
2026-10-09T14:20:39.0756507Z Downloading psycopg_binary-3.3.6-cp312-cp312-manylinux2014_x86_64.manylinux_2_17_x86_64.whl (5.2 MB)
2026-10-09T14:20:39.0985368Z    ━━━━━━━━━━━━━━━━━━━━━━━━━━━━━━━━━━━━━━━━ 5.2/5.2 MB 244.6 MB/s  0:00:00
2026-10-09T14:20:39.1021911Z Downloading pydantic_settings-2.15.0-py3-none-any.whl (69 kB)
2026-10-09T14:20:39.1079726Z Downloading pytest-8.4.2-py3-none-any.whl (365 kB)
2026-10-09T14:20:39.1138580Z Downloading pluggy-1.6.0-py3-none-any.whl (20 kB)
2026-10-09T14:20:39.1190626Z Downloading reportlab-4.5.1-py3-none-any.whl (2.0 MB)
2026-10-09T14:20:39.1272706Z    ━━━━━━━━━━━━━━━━━━━━━━━━━━━━━━━━━━━━━━━━ 2.0/2.0 MB 288.6 MB/s  0:00:00
2026-10-09T14:20:39.1310948Z Downloading sqlalchemy-2.1.3-cp312-cp312-manylinux2014_x86_64.manylinux_2_17_x86_64.manylinux_2_28_x86_64.whl (4.7 MB)
2026-10-09T14:20:39.1570010Z    ━━━━━━━━━━━━━━━━━━━━━━━━━━━━━━━━━━━━━━━━ 4.7/4.7 MB 193.9 MB/s  0:00:00
2026-10-09T14:20:39.1605267Z Downloading uvicorn-0.54.0-py3-none-any.whl (87 kB)
2026-10-09T14:20:39.1657749Z Downloading annotated_doc-0.0.5-py3-none-any.whl (5.3 kB)
2026-10-09T14:20:39.1705699Z Downloading attrs-26.1.0-py3-none-any.whl (67 kB)
2026-10-09T14:20:39.1758266Z Downloading click-8.5.0-py3-none-any.whl (125 kB)
2026-10-09T14:20:39.1812154Z Downloading h11-0.16.0-py3-none-any.whl (37 kB)
2026-10-09T14:20:39.1863718Z Downloading iniconfig-2.3.0-py3-none-any.whl (7.5 kB)
2026-10-09T14:20:39.1908872Z Downloading jsonschema_specifications-2025.9.1-py3-none-any.whl (18 kB)
2026-10-09T14:20:39.1956702Z Downloading opentelemetry_api-1.45.0-py3-none-any.whl (60 kB)
2026-10-09T14:20:39.2006697Z Downloading packaging-26.3-py3-none-any.whl (129 kB)
2026-10-09T14:20:39.2064902Z Downloading pydantic-2.13.5-py3-none-any.whl (472 kB)
2026-10-09T14:20:39.2131370Z Downloading pydantic_core-2.46.5-cp312-cp312-manylinux_2_17_x86_64.manylinux2014_x86_64.whl (2.1 MB)
2026-10-09T14:20:39.2214331Z    ━━━━━━━━━━━━━━━━━━━━━━━━━━━━━━━━━━━━━━━━ 2.1/2.1 MB 295.7 MB/s  0:00:00
2026-10-09T14:20:39.2254118Z Downloading annotated_types-0.8.0-py3-none-any.whl (13 kB)
2026-10-09T14:20:39.2302148Z Downloading pygments-2.21.0-py3-none-any.whl (1.3 MB)
2026-10-09T14:20:39.2368202Z    ━━━━━━━━━━━━━━━━━━━━━━━━━━━━━━━━━━━━━━━━ 1.3/1.3 MB 222.6 MB/s  0:00:00
2026-10-09T14:20:39.2404892Z Downloading python_dotenv-1.2.4-py3-none-any.whl (23 kB)
2026-10-09T14:20:39.2462485Z Downloading referencing-0.37.0-py3-none-any.whl (26 kB)
2026-10-09T14:20:39.2515978Z Downloading rpds_py-2026.9.1-cp312-cp312-manylinux_2_17_x86_64.manylinux2014_x86_64.whl (371 kB)
2026-10-09T14:20:39.2569916Z Downloading starlette-1.7.0-py3-none-any.whl (78 kB)
2026-10-09T14:20:39.2619904Z Downloading anyio-4.15.1-py3-none-any.whl (132 kB)
2026-10-09T14:20:39.2676837Z Downloading idna-3.20-py3-none-any.whl (69 kB)
2026-10-09T14:20:39.2739347Z Downloading typing_extensions-4.16.0-py3-none-any.whl (45 kB)
2026-10-09T14:20:39.2788918Z Downloading typing_inspection-0.4.4-py3-none-any.whl (14 kB)
2026-10-09T14:20:39.2845113Z Downloading certifi-2026.7.22-py3-none-any.whl (136 kB)
2026-10-09T14:20:39.2912681Z Downloading charset_normalizer-3.5.2-cp312-cp312-manylinux2014_x86_64.manylinux_2_17_x86_64.manylinux_2_28_x86_64.whl (257 kB)
2026-10-09T14:20:39.4217482Z Building wheels for collected packages: ai-novel-studio
2026-10-09T14:20:39.4226060Z   Building editable for ai-novel-studio (pyproject.toml): started
2026-10-09T14:20:40.3940568Z   Building editable for ai-novel-studio (pyproject.toml): finished with status 'done'
2026-10-09T14:20:40.3947723Z   Created wheel for ai-novel-studio: filename=ai_novel_studio-0.7.0-0.editable-py3-none-any.whl size=3187 sha256=b3cb24d77d4fa353a4258d4223c1d95e8b6b952e4ca8b2aa8a2c063547a5c023
2026-10-09T14:20:40.3950848Z   Stored in directory: /home/runner/work/_temp/novel-ci-backend-tcp.dGUSCW/tmp/pip-ephem-wheel-cache-sr8psuu0/wheels/0f/45/8f/7debddce016687581f09c3bd1c31be231d573426c0d4ad174e
2026-10-09T14:20:40.3966184Z Successfully built ai-novel-studio
2026-10-09T14:20:40.4985668Z Installing collected packages: typing-extensions, rpds-py, python-dotenv, pypdf, pygments, psycopg-binary, pluggy, Pillow, packaging, opentimelineio, iniconfig, idna, h11, fonttools, click, charset-normalizer, certifi, attrs, annotated-types, annotated-doc, uvicorn, typing-inspection, sqlalchemy, reportlab, referencing, pytest, pydantic-core, psycopg, opentelemetry-api, httpcore, anyio, starlette, pydantic, jsonschema-specifications, httpx, pydantic-settings, jsonschema, fastapi, ai-novel-studio
2026-10-09T14:20:47.0862249Z 
2026-10-09T14:20:47.0898771Z Successfully installed Pillow-12.3.0 ai-novel-studio-0.7.0 annotated-doc-0.0.5 annotated-types-0.8.0 anyio-4.15.1 attrs-26.1.0 certifi-2026.7.22 charset-normalizer-3.5.2 click-8.5.0 fastapi-0.142.2 fonttools-4.59.1 h11-0.16.0 httpcore-1.0.9 httpx-0.28.1 idna-3.20 iniconfig-2.3.0 jsonschema-4.26.0 jsonschema-specifications-2025.9.1 opentelemetry-api-1.45.0 opentimelineio-0.18.1 packaging-26.3 pluggy-1.6.0 psycopg-3.3.6 psycopg-binary-3.3.6 pydantic-2.13.5 pydantic-core-2.46.5 pydantic-settings-2.15.0 pygments-2.21.0 pypdf-6.19.0 pytest-8.4.2 python-dotenv-1.2.4 referencing-0.37.0 reportlab-4.5.1 rpds-py-2026.9.1 sqlalchemy-2.1.3 starlette-1.7.0 typing-extensions-4.16.0 typing-inspection-0.4.4 uvicorn-0.54.0
2026-10-09T14:20:47.9323987Z No broken requirements found.
2026-10-09T14:20:49.3752314Z ##[group]Run python -m pytest -p no:cacheprovider --basetemp="$CI_SANDBOX/tcp-selftest" -q .github/ci/test_tcp_evidence.py --junitxml="$CI_RECEIPTS/tcp-harness.xml"
2026-10-09T14:20:49.3753506Z [36;1mpython -m pytest -p no:cacheprovider --basetemp="$CI_SANDBOX/tcp-selftest" -q .github/ci/test_tcp_evidence.py --junitxml="$CI_RECEIPTS/tcp-harness.xml"[0m
2026-10-09T14:20:49.3815481Z shell: /usr/bin/bash -e {0}
2026-10-09T14:20:49.3815732Z env:
2026-10-09T14:20:49.3815925Z   MOCK_PROVIDER: true
2026-10-09T14:20:49.3816153Z   MOCK_STREAM_DELAY_MS: 0
2026-10-09T14:20:49.3816379Z   ENABLE_CLOUD: false
2026-10-09T14:20:49.3816609Z   CREDENTIAL_VAULT_BACKEND: memory
2026-10-09T14:20:49.3816916Z   CREDENTIAL_VAULT_ALLOW_MEMORY_FALLBACK: true
2026-10-09T14:20:49.3817217Z   PYTHONDONTWRITEBYTECODE: 1
2026-10-09T14:20:49.3817453Z   HF_HUB_OFFLINE: 1
2026-10-09T14:20:49.3817657Z   TRANSFORMERS_OFFLINE: 1
2026-10-09T14:20:49.3817947Z   pythonLocation: /opt/hostedtoolcache/Python/3.12.9/x64
2026-10-09T14:20:49.3818396Z   PKG_CONFIG_PATH: /opt/hostedtoolcache/Python/3.12.9/x64/lib/pkgconfig
2026-10-09T14:20:49.3818819Z   Python_ROOT_DIR: /opt/hostedtoolcache/Python/3.12.9/x64
2026-10-09T14:20:49.3819195Z   Python2_ROOT_DIR: /opt/hostedtoolcache/Python/3.12.9/x64
2026-10-09T14:20:49.3819566Z   Python3_ROOT_DIR: /opt/hostedtoolcache/Python/3.12.9/x64
2026-10-09T14:20:49.3820244Z   LD_LIBRARY_PATH: /opt/hostedtoolcache/Python/3.12.9/x64/lib
2026-10-09T14:20:49.3820624Z   CI_COVERAGE_SHA: 99c43b6892038233c390be2ae61acb669163d0b5
2026-10-09T14:20:49.3820985Z   CI_COVERAGE_TREE: 69d69ffe71838263069d164a0a07b39b5f4a4333
2026-10-09T14:20:49.3821378Z   CI_SANDBOX: /home/runner/work/_temp/novel-ci-backend-tcp.dGUSCW
2026-10-09T14:20:49.3821868Z   CI_PROJECT: /home/runner/work/_temp/novel-ci-backend-tcp.dGUSCW/project
2026-10-09T14:20:49.3822345Z   CI_RECEIPTS: /home/runner/work/_temp/novel-ci-backend-tcp.dGUSCW/receipts
2026-10-09T14:20:49.3822796Z   HOME: /home/runner/work/_temp/novel-ci-backend-tcp.dGUSCW/home
2026-10-09T14:20:49.3823229Z   USERPROFILE: /home/runner/work/_temp/novel-ci-backend-tcp.dGUSCW/home
2026-10-09T14:20:49.3823686Z   APPDATA: /home/runner/work/_temp/novel-ci-backend-tcp.dGUSCW/appdata
2026-10-09T14:20:49.3824172Z   LOCALAPPDATA: /home/runner/work/_temp/novel-ci-backend-tcp.dGUSCW/localappdata
2026-10-09T14:20:49.3824686Z   XDG_CONFIG_HOME: /home/runner/work/_temp/novel-ci-backend-tcp.dGUSCW/config
2026-10-09T14:20:49.3825176Z   XDG_CACHE_HOME: /home/runner/work/_temp/novel-ci-backend-tcp.dGUSCW/cache
2026-10-09T14:20:49.3825638Z   XDG_DATA_HOME: /home/runner/work/_temp/novel-ci-backend-tcp.dGUSCW/data
2026-10-09T14:20:49.3826094Z   XDG_STATE_HOME: /home/runner/work/_temp/novel-ci-backend-tcp.dGUSCW/state
2026-10-09T14:20:49.3826543Z   TMPDIR: /home/runner/work/_temp/novel-ci-backend-tcp.dGUSCW/tmp
2026-10-09T14:20:49.3826949Z   TMP: /home/runner/work/_temp/novel-ci-backend-tcp.dGUSCW/tmp
2026-10-09T14:20:49.3827342Z   TEMP: /home/runner/work/_temp/novel-ci-backend-tcp.dGUSCW/tmp
2026-10-09T14:20:49.3827788Z   PROJECT_ROOT: /home/runner/work/_temp/novel-ci-backend-tcp.dGUSCW/project
2026-10-09T14:20:49.3828297Z   NOVEL_DATA_PATH: /home/runner/work/_temp/novel-ci-backend-tcp.dGUSCW/data/novels
2026-10-09T14:20:49.3828822Z   BACKUP_PATH: /home/runner/work/_temp/novel-ci-backend-tcp.dGUSCW/data/backups
2026-10-09T14:20:49.3829389Z   DATABASE_BACKUP_PATH: /home/runner/work/_temp/novel-ci-backend-tcp.dGUSCW/data/database-backups
2026-10-09T14:20:49.3830264Z   KNOWLEDGE_SOURCE_PATH: /home/runner/work/_temp/novel-ci-backend-tcp.dGUSCW/data/novels
2026-10-09T14:20:49.3830693Z ##[endgroup]
2026-10-09T14:20:50.9408652Z ........................................................................ [ 70%]
2026-10-09T14:20:53.7551355Z ..............................                                           [100%]
2026-10-09T14:20:53.7552382Z - generated xml file: /home/runner/work/_temp/novel-ci-backend-tcp.dGUSCW/receipts/tcp-harness.xml -
2026-10-09T14:20:53.7553173Z 102 passed in 3.44s
2026-10-09T14:20:53.7905623Z ##[group]Run python .github/ci/tcp_evidence.py run \
2026-10-09T14:20:53.7906048Z [36;1mpython .github/ci/tcp_evidence.py run \[0m
2026-10-09T14:20:53.7906435Z [36;1m  --manifest .github/ci/coverage_manifest_v2.json.gz \[0m
2026-10-09T14:20:53.7906940Z [36;1m  --constraints .github/ci/python-constraints.txt --source-root "$CI_PROJECT" \[0m
2026-10-09T14:20:53.7907495Z [36;1m  --receipts "$CI_RECEIPTS" --basetemp "$CI_SANDBOX/sync-tcp-pytest"[0m
2026-10-09T14:20:53.7970503Z shell: /usr/bin/bash -e {0}
2026-10-09T14:20:53.7970763Z env:
2026-10-09T14:20:53.7970953Z   MOCK_PROVIDER: true
2026-10-09T14:20:53.7971180Z   MOCK_STREAM_DELAY_MS: 0
2026-10-09T14:20:53.7971435Z   ENABLE_CLOUD: false
2026-10-09T14:20:53.7971664Z   CREDENTIAL_VAULT_BACKEND: memory
2026-10-09T14:20:53.7971950Z   CREDENTIAL_VAULT_ALLOW_MEMORY_FALLBACK: true
2026-10-09T14:20:53.7972256Z   PYTHONDONTWRITEBYTECODE: 1
2026-10-09T14:20:53.7972501Z   HF_HUB_OFFLINE: 1
2026-10-09T14:20:53.7972773Z   TRANSFORMERS_OFFLINE: 1
2026-10-09T14:20:53.7973061Z   pythonLocation: /opt/hostedtoolcache/Python/3.12.9/x64
2026-10-09T14:20:53.7973485Z   PKG_CONFIG_PATH: /opt/hostedtoolcache/Python/3.12.9/x64/lib/pkgconfig
2026-10-09T14:20:53.7973903Z   Python_ROOT_DIR: /opt/hostedtoolcache/Python/3.12.9/x64
2026-10-09T14:20:53.7974285Z   Python2_ROOT_DIR: /opt/hostedtoolcache/Python/3.12.9/x64
2026-10-09T14:20:53.7974656Z   Python3_ROOT_DIR: /opt/hostedtoolcache/Python/3.12.9/x64
2026-10-09T14:20:53.7975032Z   LD_LIBRARY_PATH: /opt/hostedtoolcache/Python/3.12.9/x64/lib
2026-10-09T14:20:53.7975404Z   CI_COVERAGE_SHA: 99c43b6892038233c390be2ae61acb669163d0b5
2026-10-09T14:20:53.7975761Z   CI_COVERAGE_TREE: 69d69ffe71838263069d164a0a07b39b5f4a4333
2026-10-09T14:20:53.7976154Z   CI_SANDBOX: /home/runner/work/_temp/novel-ci-backend-tcp.dGUSCW
2026-10-09T14:20:53.7976599Z   CI_PROJECT: /home/runner/work/_temp/novel-ci-backend-tcp.dGUSCW/project
2026-10-09T14:20:53.7977079Z   CI_RECEIPTS: /home/runner/work/_temp/novel-ci-backend-tcp.dGUSCW/receipts
2026-10-09T14:20:53.7977525Z   HOME: /home/runner/work/_temp/novel-ci-backend-tcp.dGUSCW/home
2026-10-09T14:20:53.7977955Z   USERPROFILE: /home/runner/work/_temp/novel-ci-backend-tcp.dGUSCW/home
2026-10-09T14:20:53.7978414Z   APPDATA: /home/runner/work/_temp/novel-ci-backend-tcp.dGUSCW/appdata
2026-10-09T14:20:53.7978904Z   LOCALAPPDATA: /home/runner/work/_temp/novel-ci-backend-tcp.dGUSCW/localappdata
2026-10-09T14:20:53.7979417Z   XDG_CONFIG_HOME: /home/runner/work/_temp/novel-ci-backend-tcp.dGUSCW/config
2026-10-09T14:20:53.7980118Z   XDG_CACHE_HOME: /home/runner/work/_temp/novel-ci-backend-tcp.dGUSCW/cache
2026-10-09T14:20:53.7980589Z   XDG_DATA_HOME: /home/runner/work/_temp/novel-ci-backend-tcp.dGUSCW/data
2026-10-09T14:20:53.7981053Z   XDG_STATE_HOME: /home/runner/work/_temp/novel-ci-backend-tcp.dGUSCW/state
2026-10-09T14:20:53.7981496Z   TMPDIR: /home/runner/work/_temp/novel-ci-backend-tcp.dGUSCW/tmp
2026-10-09T14:20:53.7981907Z   TMP: /home/runner/work/_temp/novel-ci-backend-tcp.dGUSCW/tmp
2026-10-09T14:20:53.7982306Z   TEMP: /home/runner/work/_temp/novel-ci-backend-tcp.dGUSCW/tmp
2026-10-09T14:20:53.7982740Z   PROJECT_ROOT: /home/runner/work/_temp/novel-ci-backend-tcp.dGUSCW/project
2026-10-09T14:20:53.7983239Z   NOVEL_DATA_PATH: /home/runner/work/_temp/novel-ci-backend-tcp.dGUSCW/data/novels
2026-10-09T14:20:53.7983754Z   BACKUP_PATH: /home/runner/work/_temp/novel-ci-backend-tcp.dGUSCW/data/backups
2026-10-09T14:20:53.7984317Z   DATABASE_BACKUP_PATH: /home/runner/work/_temp/novel-ci-backend-tcp.dGUSCW/data/database-backups
2026-10-09T14:20:53.7984922Z   KNOWLEDGE_SOURCE_PATH: /home/runner/work/_temp/novel-ci-backend-tcp.dGUSCW/data/novels
2026-10-09T14:20:53.7985356Z   RUN_B10_TCP_SYNC_TEST: 1
2026-10-09T14:20:53.7985750Z   STORAGE_BACKEND: file
2026-10-09T14:20:53.7985958Z ##[endgroup]
2026-10-09T14:21:41.6865218Z ..                                                                       [100%]
2026-10-09T14:21:41.6866579Z - generated xml file: /home/runner/work/_temp/novel-ci-backend-tcp.dGUSCW/receipts/sync-tcp.xml -
2026-10-09T14:21:41.6867433Z 2 passed in 43.06s
2026-10-09T14:21:41.6996876Z ##[group]Run python .github/ci/receipt.py "$CI_RECEIPTS"
2026-10-09T14:21:41.6997322Z [36;1mpython .github/ci/receipt.py "$CI_RECEIPTS"[0m
2026-10-09T14:21:41.7059514Z shell: /usr/bin/bash -e {0}
2026-10-09T14:21:41.7059958Z env:
2026-10-09T14:21:41.7060152Z   MOCK_PROVIDER: true
2026-10-09T14:21:41.7060372Z   MOCK_STREAM_DELAY_MS: 0
2026-10-09T14:21:41.7060609Z   ENABLE_CLOUD: false
2026-10-09T14:21:41.7060831Z   CREDENTIAL_VAULT_BACKEND: memory
2026-10-09T14:21:41.7061112Z   CREDENTIAL_VAULT_ALLOW_MEMORY_FALLBACK: true
2026-10-09T14:21:41.7061416Z   PYTHONDONTWRITEBYTECODE: 1
2026-10-09T14:21:41.7061672Z   HF_HUB_OFFLINE: 1
2026-10-09T14:21:41.7061874Z   TRANSFORMERS_OFFLINE: 1
2026-10-09T14:21:41.7062163Z   pythonLocation: /opt/hostedtoolcache/Python/3.12.9/x64
2026-10-09T14:21:41.7062613Z   PKG_CONFIG_PATH: /opt/hostedtoolcache/Python/3.12.9/x64/lib/pkgconfig
2026-10-09T14:21:41.7063046Z   Python_ROOT_DIR: /opt/hostedtoolcache/Python/3.12.9/x64
2026-10-09T14:21:41.7063469Z   Python2_ROOT_DIR: /opt/hostedtoolcache/Python/3.12.9/x64
2026-10-09T14:21:41.7063841Z   Python3_ROOT_DIR: /opt/hostedtoolcache/Python/3.12.9/x64
2026-10-09T14:21:41.7064212Z   LD_LIBRARY_PATH: /opt/hostedtoolcache/Python/3.12.9/x64/lib
2026-10-09T14:21:41.7064592Z   CI_COVERAGE_SHA: 99c43b6892038233c390be2ae61acb669163d0b5
2026-10-09T14:21:41.7064967Z   CI_COVERAGE_TREE: 69d69ffe71838263069d164a0a07b39b5f4a4333
2026-10-09T14:21:41.7065369Z   CI_SANDBOX: /home/runner/work/_temp/novel-ci-backend-tcp.dGUSCW
2026-10-09T14:21:41.7065816Z   CI_PROJECT: /home/runner/work/_temp/novel-ci-backend-tcp.dGUSCW/project
2026-10-09T14:21:41.7066299Z   CI_RECEIPTS: /home/runner/work/_temp/novel-ci-backend-tcp.dGUSCW/receipts
2026-10-09T14:21:41.7066753Z   HOME: /home/runner/work/_temp/novel-ci-backend-tcp.dGUSCW/home
2026-10-09T14:21:41.7067198Z   USERPROFILE: /home/runner/work/_temp/novel-ci-backend-tcp.dGUSCW/home
2026-10-09T14:21:41.7067663Z   APPDATA: /home/runner/work/_temp/novel-ci-backend-tcp.dGUSCW/appdata
2026-10-09T14:21:41.7068162Z   LOCALAPPDATA: /home/runner/work/_temp/novel-ci-backend-tcp.dGUSCW/localappdata
2026-10-09T14:21:41.7068679Z   XDG_CONFIG_HOME: /home/runner/work/_temp/novel-ci-backend-tcp.dGUSCW/config
2026-10-09T14:21:41.7069177Z   XDG_CACHE_HOME: /home/runner/work/_temp/novel-ci-backend-tcp.dGUSCW/cache
2026-10-09T14:21:41.7069647Z   XDG_DATA_HOME: /home/runner/work/_temp/novel-ci-backend-tcp.dGUSCW/data
2026-10-09T14:21:41.7070580Z   XDG_STATE_HOME: /home/runner/work/_temp/novel-ci-backend-tcp.dGUSCW/state
2026-10-09T14:21:41.7071033Z   TMPDIR: /home/runner/work/_temp/novel-ci-backend-tcp.dGUSCW/tmp
2026-10-09T14:21:41.7071447Z   TMP: /home/runner/work/_temp/novel-ci-backend-tcp.dGUSCW/tmp
2026-10-09T14:21:41.7071845Z   TEMP: /home/runner/work/_temp/novel-ci-backend-tcp.dGUSCW/tmp
2026-10-09T14:21:41.7072281Z   PROJECT_ROOT: /home/runner/work/_temp/novel-ci-backend-tcp.dGUSCW/project
2026-10-09T14:21:41.7072796Z   NOVEL_DATA_PATH: /home/runner/work/_temp/novel-ci-backend-tcp.dGUSCW/data/novels
2026-10-09T14:21:41.7073320Z   BACKUP_PATH: /home/runner/work/_temp/novel-ci-backend-tcp.dGUSCW/data/backups
2026-10-09T14:21:41.7073890Z   DATABASE_BACKUP_PATH: /home/runner/work/_temp/novel-ci-backend-tcp.dGUSCW/data/database-backups
2026-10-09T14:21:41.7074496Z   KNOWLEDGE_SOURCE_PATH: /home/runner/work/_temp/novel-ci-backend-tcp.dGUSCW/data/novels
2026-10-09T14:21:41.7074913Z ##[endgroup]
2026-10-09T14:21:41.8651077Z {
2026-10-09T14:21:41.8653053Z   "revision": "checked_out_sha=99c43b6892038233c390be2ae61acb669163d0b5\nevent_sha=99c43b6892038233c390be2ae61acb669163d0b5\nrun_url=https://github.com/1785235376-blip/AI-Novel-Studio/actions/runs/37943398984\njob=backend-tcp\nplatform=Linux; native Windows host/AppContainer/installer=NOT RUN\n",
2026-10-09T14:21:41.8655291Z   "test_reports": {
2026-10-09T14:21:41.8655611Z     "sync-tcp.xml": {
2026-10-09T14:21:41.8655920Z       "tests": 2,
2026-10-09T14:21:41.8656220Z       "failures": 0,
2026-10-09T14:21:41.8656524Z       "errors": 0,
2026-10-09T14:21:41.8657116Z       "skipped": 0
2026-10-09T14:21:41.8657420Z     },
2026-10-09T14:21:41.8657714Z     "tcp-harness.xml": {
2026-10-09T14:21:41.8658057Z       "tests": 102,
2026-10-09T14:21:41.8658374Z       "failures": 0,
2026-10-09T14:21:41.8658713Z       "errors": 0,
2026-10-09T14:21:41.8659041Z       "skipped": 0
2026-10-09T14:21:41.8659366Z     }
2026-10-09T14:21:41.8659657Z   },
2026-10-09T14:21:41.8660301Z   "report_status": "RECORDED",
2026-10-09T14:21:41.8660838Z   "native_windows_host_appcontainer_installer": "NOT RUN",
2026-10-09T14:21:41.8661489Z   "real_model_and_paid_provider_execution": "NOT RUN"
2026-10-09T14:21:41.8661994Z }
2026-10-09T14:21:41.8662164Z 
2026-10-09T14:21:41.8802659Z ##[group]Run actions/upload-artifact@v4.6.2
2026-10-09T14:21:41.8802989Z with:
2026-10-09T14:21:41.8803289Z   name: backend-tcp-99c43b6892038233c390be2ae61acb669163d0b5-attempt-1
2026-10-09T14:21:41.8803769Z   path: /home/runner/work/_temp/novel-ci-backend-tcp.dGUSCW/receipts
2026-10-09T14:21:41.8804132Z   if-no-files-found: error
2026-10-09T14:21:41.8804359Z   retention-days: 14
2026-10-09T14:21:41.8804570Z   compression-level: 6
2026-10-09T14:21:41.8804778Z   overwrite: false
2026-10-09T14:21:41.8804988Z   include-hidden-files: false
2026-10-09T14:21:41.8805213Z env:
2026-10-09T14:21:41.8805391Z   MOCK_PROVIDER: true
2026-10-09T14:21:41.8805600Z   MOCK_STREAM_DELAY_MS: 0
2026-10-09T14:21:41.8805814Z   ENABLE_CLOUD: false
2026-10-09T14:21:41.8806035Z   CREDENTIAL_VAULT_BACKEND: memory
2026-10-09T14:21:41.8806315Z   CREDENTIAL_VAULT_ALLOW_MEMORY_FALLBACK: true
2026-10-09T14:21:41.8806612Z   PYTHONDONTWRITEBYTECODE: 1
2026-10-09T14:21:41.8806856Z   HF_HUB_OFFLINE: 1
2026-10-09T14:21:41.8807098Z   TRANSFORMERS_OFFLINE: 1
2026-10-09T14:21:41.8807393Z   pythonLocation: /opt/hostedtoolcache/Python/3.12.9/x64
2026-10-09T14:21:41.8807826Z   PKG_CONFIG_PATH: /opt/hostedtoolcache/Python/3.12.9/x64/lib/pkgconfig
2026-10-09T14:21:41.8808248Z   Python_ROOT_DIR: /opt/hostedtoolcache/Python/3.12.9/x64
2026-10-09T14:21:41.8808623Z   Python2_ROOT_DIR: /opt/hostedtoolcache/Python/3.12.9/x64
2026-10-09T14:21:41.8808996Z   Python3_ROOT_DIR: /opt/hostedtoolcache/Python/3.12.9/x64
2026-10-09T14:21:41.8809370Z   LD_LIBRARY_PATH: /opt/hostedtoolcache/Python/3.12.9/x64/lib
2026-10-09T14:21:41.8809925Z   CI_COVERAGE_SHA: 99c43b6892038233c390be2ae61acb669163d0b5
2026-10-09T14:21:41.8810289Z   CI_COVERAGE_TREE: 69d69ffe71838263069d164a0a07b39b5f4a4333
2026-10-09T14:21:41.8810677Z   CI_SANDBOX: /home/runner/work/_temp/novel-ci-backend-tcp.dGUSCW
2026-10-09T14:21:41.8811118Z   CI_PROJECT: /home/runner/work/_temp/novel-ci-backend-tcp.dGUSCW/project
2026-10-09T14:21:41.8811607Z   CI_RECEIPTS: /home/runner/work/_temp/novel-ci-backend-tcp.dGUSCW/receipts
2026-10-09T14:21:41.8812054Z   HOME: /home/runner/work/_temp/novel-ci-backend-tcp.dGUSCW/home
2026-10-09T14:21:41.8812494Z   USERPROFILE: /home/runner/work/_temp/novel-ci-backend-tcp.dGUSCW/home
2026-10-09T14:21:41.8812948Z   APPDATA: /home/runner/work/_temp/novel-ci-backend-tcp.dGUSCW/appdata
2026-10-09T14:21:41.8813443Z   LOCALAPPDATA: /home/runner/work/_temp/novel-ci-backend-tcp.dGUSCW/localappdata
2026-10-09T14:21:41.8813952Z   XDG_CONFIG_HOME: /home/runner/work/_temp/novel-ci-backend-tcp.dGUSCW/config
2026-10-09T14:21:41.8814439Z   XDG_CACHE_HOME: /home/runner/work/_temp/novel-ci-backend-tcp.dGUSCW/cache
2026-10-09T14:21:41.8814901Z   XDG_DATA_HOME: /home/runner/work/_temp/novel-ci-backend-tcp.dGUSCW/data
2026-10-09T14:21:41.8815358Z   XDG_STATE_HOME: /home/runner/work/_temp/novel-ci-backend-tcp.dGUSCW/state
2026-10-09T14:21:41.8815798Z   TMPDIR: /home/runner/work/_temp/novel-ci-backend-tcp.dGUSCW/tmp
2026-10-09T14:21:41.8816412Z   TMP: /home/runner/work/_temp/novel-ci-backend-tcp.dGUSCW/tmp
2026-10-09T14:21:41.8816817Z   TEMP: /home/runner/work/_temp/novel-ci-backend-tcp.dGUSCW/tmp
2026-10-09T14:21:41.8817256Z   PROJECT_ROOT: /home/runner/work/_temp/novel-ci-backend-tcp.dGUSCW/project
2026-10-09T14:21:41.8817759Z   NOVEL_DATA_PATH: /home/runner/work/_temp/novel-ci-backend-tcp.dGUSCW/data/novels
2026-10-09T14:21:41.8818278Z   BACKUP_PATH: /home/runner/work/_temp/novel-ci-backend-tcp.dGUSCW/data/backups
2026-10-09T14:21:41.8818843Z   DATABASE_BACKUP_PATH: /home/runner/work/_temp/novel-ci-backend-tcp.dGUSCW/data/database-backups
2026-10-09T14:21:41.8819446Z   KNOWLEDGE_SOURCE_PATH: /home/runner/work/_temp/novel-ci-backend-tcp.dGUSCW/data/novels
2026-10-09T14:21:41.8820151Z ##[endgroup]
2026-10-09T14:21:42.0555064Z (node:2563) [DEP0040] DeprecationWarning: The `punycode` module is deprecated. Please use a userland alternative instead.
2026-10-09T14:21:42.0556449Z (Use `node --trace-deprecation ...` to show where the warning was created)
2026-10-09T14:21:42.0647306Z With the provided path, there will be 7 files uploaded
2026-10-09T14:21:42.0654564Z Artifact name is valid!
2026-10-09T14:21:42.0655005Z Root directory input is valid!
2026-10-09T14:21:42.2857189Z Beginning upload of artifact content to blob storage
2026-10-09T14:21:42.3312104Z (node:2563) [DEP0169] DeprecationWarning: `url.parse()` behavior is not standardized and prone to errors that have security implications. Use the WHATWG URL API instead. CVEs are not issued for `url.parse()` vulnerabilities.
2026-10-09T14:21:42.3875236Z Uploaded bytes 166245
2026-10-09T14:21:42.4054836Z Finished uploading artifact content to blob storage!
2026-10-09T14:21:42.4055974Z SHA256 digest of uploaded artifact zip is 9de65ec9fa4b9462d9488e3925907143b82d65e18ec5818f40faad426e4c5371
2026-10-09T14:21:42.4058012Z Finalizing artifact upload
2026-10-09T14:21:42.6456507Z Artifact backend-tcp-99c43b6892038233c390be2ae61acb669163d0b5-attempt-1.zip successfully finalized. Artifact ID 11622152163
2026-10-09T14:21:42.6457943Z Artifact backend-tcp-99c43b6892038233c390be2ae61acb669163d0b5-attempt-1 has been successfully uploaded! Final size is 166245 bytes. Artifact ID is 11622152163
2026-10-09T14:21:42.6465445Z Artifact download URL: https://github.com/1785235376-blip/AI-Novel-Studio/actions/runs/37943398984/artifacts/11622152163
2026-10-09T14:21:42.6648994Z Post job cleanup.
2026-10-09T14:21:42.7894561Z (node:2575) [DEP0040] DeprecationWarning: The `punycode` module is deprecated. Please use a userland alternative instead.
2026-10-09T14:21:42.7895393Z (Use `node --trace-deprecation ...` to show where the warning was created)
2026-10-09T14:21:42.8074151Z Post job cleanup.
2026-10-09T14:21:42.9212127Z [command]/usr/bin/git version
2026-10-09T14:21:42.9258757Z git version 2.55.0
2026-10-09T14:21:42.9300674Z Temporarily overriding HOME='/home/runner/work/_temp/20eab3e3-7d2d-46d9-b995-b117b205ed54' before making global git config changes
2026-10-09T14:21:42.9302059Z Adding repository directory to the temporary git global config as a safe directory
2026-10-09T14:21:42.9308393Z [command]/usr/bin/git config --global --add safe.directory /home/runner/work/AI-Novel-Studio/AI-Novel-Studio
2026-10-09T14:21:42.9347794Z [command]/usr/bin/git config --local --name-only --get-regexp core\.sshCommand
2026-10-09T14:21:42.9394044Z [command]/usr/bin/git submodule foreach --recursive sh -c "git config --local --name-only --get-regexp 'core\.sshCommand' && git config --local --unset-all 'core.sshCommand' || :"
2026-10-09T14:21:42.9662317Z [command]/usr/bin/git config --local --name-only --get-regexp http\.https\:\/\/github\.com\/\.extraheader
2026-10-09T14:21:42.9699646Z [command]/usr/bin/git submodule foreach --recursive sh -c "git config --local --name-only --get-regexp 'http\.https\:\/\/github\.com\/\.extraheader' && git config --local --unset-all 'http.https://github.com/.extraheader' || :"
2026-10-09T14:21:43.0106559Z Cleaning up orphan processes
2026-10-09T14:21:43.0431691Z ##[warning]Node.js 20 is deprecated. The following actions target Node.js 20 but are being forced to run on Node.js 24: actions/checkout@v4.2.2, actions/setup-python@v5.6.0, actions/upload-artifact@v4.6.2. For more information see: https://github.blog/changelog/2025-09-19-deprecation-of-node-20-on-github-actions-runners/
