2026-10-09T14:20:14.7207020Z Current runner version: '2.337.0'
2026-10-09T14:20:14.7227259Z ##[group]Runner Image Provisioner
2026-10-09T14:20:14.7227779Z Hosted Compute Agent
2026-10-09T14:20:14.7228154Z Version: 20261002.596
2026-10-09T14:20:14.7228488Z Commit: c3d12f3313a95f25162a1503be624f3b0617f8c0
2026-10-09T14:20:14.7228918Z Build Date: 2026-10-02T22:28:27Z
2026-10-09T14:20:14.7229330Z Worker ID: {732eee7c-cb4e-4f46-ad45-15a8c67ff0cb}
2026-10-09T14:20:14.7229730Z Region: westus3
2026-10-09T14:20:14.7230105Z Cloud: Azure
2026-10-09T14:20:14.7230428Z ##[endgroup]
2026-10-09T14:20:14.7231225Z ##[group]Operating System
2026-10-09T14:20:14.7231562Z Microsoft Windows Server 2022
2026-10-09T14:20:14.7231903Z 10.0.20348
2026-10-09T14:20:14.7232214Z Datacenter
2026-10-09T14:20:14.7232551Z ##[endgroup]
2026-10-09T14:20:14.7232862Z ##[group]Runner Image
2026-10-09T14:20:14.7233205Z Image: windows-2022
2026-10-09T14:20:14.7233499Z Version: 20261004.326.1
2026-10-09T14:20:14.7234458Z Included Software: https://github.com/actions/runner-images/blob/win22/20261004.326/images/windows/Windows2022-Readme.md
2026-10-09T14:20:14.7235272Z Image Release: https://github.com/actions/runner-images/releases/tag/win22%2F20261004.326
2026-10-09T14:20:14.7235805Z ##[endgroup]
2026-10-09T14:20:14.7236441Z ##[group]GITHUB_TOKEN Permissions
2026-10-09T14:20:14.7237605Z Contents: read
2026-10-09T14:20:14.7237966Z Metadata: read
2026-10-09T14:20:14.7238311Z ##[endgroup]
2026-10-09T14:20:14.7239742Z Secret source: Actions
2026-10-09T14:20:14.7240225Z Cache mode: write
2026-10-09T14:20:14.7240625Z Prepare workflow directory
2026-10-09T14:20:14.7495843Z Prepare all required actions
2026-10-09T14:20:14.7531902Z Getting action download info
2026-10-09T14:20:15.1182595Z Download action repository 'actions/checkout@v4.2.2' (SHA:11bd71901bbe5b1630ceea73d27597364c9af683)
2026-10-09T14:20:15.1926526Z Download action repository 'actions/setup-python@v5.6.0' (SHA:a26af69be951a213d495a4c3e4e4022e16d87065)
2026-10-09T14:20:15.2885182Z Download action repository 'actions/setup-dotnet@v4' (SHA:67a3573c9a986a3f9c594539f4ab511d57bb3ce9)
2026-10-09T14:20:15.9521367Z Download action repository 'actions/upload-artifact@v4.6.2' (SHA:ea165f8d65b6e75b540449e92b4886f43607fa02)
2026-10-09T14:20:16.1805106Z Complete job name: Windows / Host compile and native contracts
2026-10-09T14:20:16.3368620Z ##[group]Run actions/checkout@v4.2.2
2026-10-09T14:20:16.3369446Z with:
2026-10-09T14:20:16.3369700Z   persist-credentials: false
2026-10-09T14:20:16.3370019Z   repository: 1785235376-blip/AI-Novel-Studio
2026-10-09T14:20:16.3372574Z   token: ***
2026-10-09T14:20:16.3372804Z   ssh-strict: true
2026-10-09T14:20:16.3373043Z   ssh-user: git
2026-10-09T14:20:16.3373276Z   clean: true
2026-10-09T14:20:16.3373518Z   sparse-checkout-cone-mode: true
2026-10-09T14:20:16.3373810Z   fetch-depth: 1
2026-10-09T14:20:16.3374045Z   fetch-tags: false
2026-10-09T14:20:16.3374290Z   show-progress: true
2026-10-09T14:20:16.3374556Z   lfs: false
2026-10-09T14:20:16.3374803Z   submodules: false
2026-10-09T14:20:16.3375086Z   set-safe-directory: true
2026-10-09T14:20:16.3375460Z env:
2026-10-09T14:20:16.3375683Z   MOCK_PROVIDER: true
2026-10-09T14:20:16.3375946Z   MOCK_STREAM_DELAY_MS: 0
2026-10-09T14:20:16.3376215Z   ENABLE_CLOUD: false
2026-10-09T14:20:16.3376510Z   CREDENTIAL_VAULT_BACKEND: memory
2026-10-09T14:20:16.3376833Z   CREDENTIAL_VAULT_ALLOW_MEMORY_FALLBACK: true
2026-10-09T14:20:16.3377177Z   PYTHONDONTWRITEBYTECODE: 1
2026-10-09T14:20:16.3377456Z   HF_HUB_OFFLINE: 1
2026-10-09T14:20:16.3377712Z   TRANSFORMERS_OFFLINE: 1
2026-10-09T14:20:16.3377970Z ##[endgroup]
2026-10-09T14:20:16.4419447Z Syncing repository: 1785235376-blip/AI-Novel-Studio
2026-10-09T14:20:16.4421187Z ##[group]Getting Git version info
2026-10-09T14:20:16.4421821Z Working directory is 'D:\a\AI-Novel-Studio\AI-Novel-Studio'
2026-10-09T14:20:16.5051206Z [command]"C:\Program Files\Git\bin\git.exe" version
2026-10-09T14:20:16.8731233Z git version 2.56.0.windows.1
2026-10-09T14:20:16.8767579Z ##[endgroup]
2026-10-09T14:20:16.8781769Z Temporarily overriding HOME='D:\a\_temp\43909a3e-3968-4760-b94a-5de8489edaa1' before making global git config changes
2026-10-09T14:20:16.8782476Z Adding repository directory to the temporary git global config as a safe directory
2026-10-09T14:20:16.8789501Z [command]"C:\Program Files\Git\bin\git.exe" config --global --add safe.directory D:\a\AI-Novel-Studio\AI-Novel-Studio
2026-10-09T14:20:16.9313049Z Deleting the contents of 'D:\a\AI-Novel-Studio\AI-Novel-Studio'
2026-10-09T14:20:16.9317337Z ##[group]Initializing the repository
2026-10-09T14:20:16.9324813Z [command]"C:\Program Files\Git\bin\git.exe" init D:\a\AI-Novel-Studio\AI-Novel-Studio
2026-10-09T14:20:17.0089186Z Initialized empty Git repository in D:/a/AI-Novel-Studio/AI-Novel-Studio/.git/
2026-10-09T14:20:17.0121115Z [command]"C:\Program Files\Git\bin\git.exe" remote add origin https://github.com/1785235376-blip/AI-Novel-Studio
2026-10-09T14:20:17.0627288Z ##[endgroup]
2026-10-09T14:20:17.0627969Z ##[group]Disabling automatic garbage collection
2026-10-09T14:20:17.0628650Z [command]"C:\Program Files\Git\bin\git.exe" config --local gc.auto 0
2026-10-09T14:20:17.0858296Z ##[endgroup]
2026-10-09T14:20:17.0858759Z ##[group]Setting up auth
2026-10-09T14:20:17.0868114Z [command]"C:\Program Files\Git\bin\git.exe" config --local --name-only --get-regexp core\.sshCommand
2026-10-09T14:20:17.1104476Z [command]"C:\Program Files\Git\bin\git.exe" submodule foreach --recursive "sh -c \"git config --local --name-only --get-regexp 'core\.sshCommand' && git config --local --unset-all 'core.sshCommand' || :\""
2026-10-09T14:20:18.6311692Z [command]"C:\Program Files\Git\bin\git.exe" config --local --name-only --get-regexp http\.https\:\/\/github\.com\/\.extraheader
2026-10-09T14:20:18.6563776Z [command]"C:\Program Files\Git\bin\git.exe" submodule foreach --recursive "sh -c \"git config --local --name-only --get-regexp 'http\.https\:\/\/github\.com\/\.extraheader' && git config --local --unset-all 'http.https://github.com/.extraheader' || :\""
2026-10-09T14:20:19.0906892Z [command]"C:\Program Files\Git\bin\git.exe" config --local http.https://github.com/.extraheader "AUTHORIZATION: basic ***"
2026-10-09T14:20:19.1182203Z ##[endgroup]
2026-10-09T14:20:19.1200912Z ##[group]Fetching the repository
2026-10-09T14:20:19.1204371Z [command]"C:\Program Files\Git\bin\git.exe" -c protocol.version=2 fetch --no-tags --prune --no-recurse-submodules --depth=1 origin +99c43b6892038233c390be2ae61acb669163d0b5:refs/remotes/origin/feature/v2-narrative-platform
2026-10-09T14:20:22.6263034Z From https://github.com/1785235376-blip/AI-Novel-Studio
2026-10-09T14:20:22.6263683Z  * [new ref]         99c43b6892038233c390be2ae61acb669163d0b5 -> origin/feature/v2-narrative-platform
2026-10-09T14:20:22.6293529Z ##[endgroup]
2026-10-09T14:20:22.6293973Z ##[group]Determining the checkout info
2026-10-09T14:20:22.6295348Z ##[endgroup]
2026-10-09T14:20:22.6303627Z [command]"C:\Program Files\Git\bin\git.exe" sparse-checkout disable
2026-10-09T14:20:22.6680983Z [command]"C:\Program Files\Git\bin\git.exe" config --local --unset-all extensions.worktreeConfig
2026-10-09T14:20:22.6927319Z ##[group]Checking out the ref
2026-10-09T14:20:22.6928022Z [command]"C:\Program Files\Git\bin\git.exe" checkout --progress --force -B feature/v2-narrative-platform refs/remotes/origin/feature/v2-narrative-platform
2026-10-09T14:20:23.7277837Z Updating files:  88% (3116/3530)
2026-10-09T14:20:23.7402932Z Updating files:  89% (3142/3530)
2026-10-09T14:20:23.7459160Z Updating files:  90% (3177/3530)
2026-10-09T14:20:23.7492268Z Updating files:  91% (3213/3530)
2026-10-09T14:20:23.7529997Z Updating files:  92% (3248/3530)
2026-10-09T14:20:23.7586261Z Updating files:  93% (3283/3530)
2026-10-09T14:20:23.7623943Z Updating files:  94% (3319/3530)
2026-10-09T14:20:23.7667615Z Updating files:  95% (3354/3530)
2026-10-09T14:20:23.7712125Z Updating files:  96% (3389/3530)
2026-10-09T14:20:23.7751380Z Updating files:  97% (3425/3530)
2026-10-09T14:20:23.7791919Z Updating files:  98% (3460/3530)
2026-10-09T14:20:23.7831031Z Updating files:  99% (3495/3530)
2026-10-09T14:20:23.7831412Z Updating files: 100% (3530/3530)
2026-10-09T14:20:23.7831620Z Updating files: 100% (3530/3530), done.
2026-10-09T14:20:23.7941273Z Switched to a new branch 'feature/v2-narrative-platform'
2026-10-09T14:20:23.7955080Z branch 'feature/v2-narrative-platform' set up to track 'origin/feature/v2-narrative-platform'.
2026-10-09T14:20:23.8065618Z ##[endgroup]
2026-10-09T14:20:23.8537092Z [command]"C:\Program Files\Git\bin\git.exe" log -1 --format=%H
2026-10-09T14:20:23.8761653Z 99c43b6892038233c390be2ae61acb669163d0b5
2026-10-09T14:20:23.8793269Z ##[group]Removing auth
2026-10-09T14:20:23.8800130Z [command]"C:\Program Files\Git\bin\git.exe" config --local --name-only --get-regexp core\.sshCommand
2026-10-09T14:20:23.9040471Z [command]"C:\Program Files\Git\bin\git.exe" submodule foreach --recursive "sh -c \"git config --local --name-only --get-regexp 'core\.sshCommand' && git config --local --unset-all 'core.sshCommand' || :\""
2026-10-09T14:20:24.3412431Z [command]"C:\Program Files\Git\bin\git.exe" config --local --name-only --get-regexp http\.https\:\/\/github\.com\/\.extraheader
2026-10-09T14:20:24.3790453Z http.https://github.com/.extraheader
2026-10-09T14:20:24.3870386Z [command]"C:\Program Files\Git\bin\git.exe" config --local --unset-all http.https://github.com/.extraheader
2026-10-09T14:20:24.4154997Z [command]"C:\Program Files\Git\bin\git.exe" submodule foreach --recursive "sh -c \"git config --local --name-only --get-regexp 'http\.https\:\/\/github\.com\/\.extraheader' && git config --local --unset-all 'http.https://github.com/.extraheader' || :\""
2026-10-09T14:20:24.8459024Z ##[endgroup]
2026-10-09T14:20:24.8783003Z ##[group]Run actions/setup-python@v5.6.0
2026-10-09T14:20:24.8783209Z with:
2026-10-09T14:20:24.8783340Z   python-version: 3.12.9
2026-10-09T14:20:24.8783467Z   check-latest: false
2026-10-09T14:20:24.8784983Z   token: ***
2026-10-09T14:20:24.8785109Z   update-environment: true
2026-10-09T14:20:24.8785260Z   allow-prereleases: false
2026-10-09T14:20:24.8785384Z   freethreaded: false
2026-10-09T14:20:24.8785496Z env:
2026-10-09T14:20:24.8785609Z   MOCK_PROVIDER: true
2026-10-09T14:20:24.8785742Z   MOCK_STREAM_DELAY_MS: 0
2026-10-09T14:20:24.8785861Z   ENABLE_CLOUD: false
2026-10-09T14:20:24.8785984Z   CREDENTIAL_VAULT_BACKEND: memory
2026-10-09T14:20:24.8786142Z   CREDENTIAL_VAULT_ALLOW_MEMORY_FALLBACK: true
2026-10-09T14:20:24.8786308Z   PYTHONDONTWRITEBYTECODE: 1
2026-10-09T14:20:24.8786441Z   HF_HUB_OFFLINE: 1
2026-10-09T14:20:24.8786555Z   TRANSFORMERS_OFFLINE: 1
2026-10-09T14:20:24.8786677Z ##[endgroup]
2026-10-09T14:20:25.0039484Z ##[group]Installed versions
2026-10-09T14:20:25.0048165Z Version 3.12.9 was not found in the local cache
2026-10-09T14:20:25.0174993Z (node:4876) [DEP0040] DeprecationWarning: The `punycode` module is deprecated. Please use a userland alternative instead.
2026-10-09T14:20:25.0175403Z (Use `node --trace-deprecation ...` to show where the warning was created)
2026-10-09T14:20:26.0766998Z Version 3.12.9 is available for downloading
2026-10-09T14:20:26.0768696Z Download from "https://github.com/actions/python-versions/releases/download/3.12.9-13149478207/python-3.12.9-win32-x64.zip"
2026-10-09T14:20:26.5730371Z Extract downloaded archive
2026-10-09T14:20:26.6213301Z [command]"C:\Program Files\PowerShell\7\pwsh.exe" -NoLogo -NoProfile -NonInteractive -ExecutionPolicy Unrestricted -Command "$ErrorActionPreference = 'Stop' ; try { Add-Type -AssemblyName System.IO.Compression.ZipFile } catch { } ; try { [System.IO.Compression.ZipFile]::ExtractToDirectory('D:\a\_temp\python-3.12.9-win32-x64.zip', 'D:\a\_temp\e031e1d9-39e1-4dcf-bcd7-aa4a2c76b2ed', $true) } catch { if (($_.Exception.GetType().FullName -eq 'System.Management.Automation.MethodException') -or ($_.Exception.GetType().FullName -eq 'System.Management.Automation.RuntimeException') ){ Expand-Archive -LiteralPath 'D:\a\_temp\python-3.12.9-win32-x64.zip' -DestinationPath 'D:\a\_temp\e031e1d9-39e1-4dcf-bcd7-aa4a2c76b2ed' -Force } else { throw $_ } } ;"
2026-10-09T14:20:26.9688167Z Execute installation script
2026-10-09T14:20:31.0214037Z Check if Python hostedtoolcache folder exist...
2026-10-09T14:20:31.0214771Z 
2026-10-09T14:20:31.0383057Z Check if current Python version is installed...
2026-10-09T14:20:31.0383250Z 
2026-10-09T14:20:31.0548288Z Python3.12 (x64) was found in C:\hostedtoolcache\windows\Python...
2026-10-09T14:20:31.0548681Z 
2026-10-09T14:20:31.1006114Z Deleting C:\hostedtoolcache\windows\Python\3.12.10\x64...
2026-10-09T14:20:31.1006404Z 
2026-10-09T14:20:35.1585105Z VERBOSE: Performing the operation "Remove File" on target "C:\hostedtoolcache\windows\Python\3.12.10\x64.complete".
2026-10-09T14:20:35.1585608Z 
2026-10-09T14:20:35.1592622Z Remove registry entries for Python 3.12(x64)...
2026-10-09T14:20:35.1593801Z 
2026-10-09T14:20:35.5039670Z VERBOSE: Performing the operation "Remove Key" on target "Item: 
2026-10-09T14:20:35.5040554Z HKEY_LOCAL_MACHINE\SOFTWARE\Microsoft\Windows\CurrentVersion\Installer\UserData\S-1-5-18\Products\06D3A4FE35A979641AD83
2026-10-09T14:20:35.5041217Z D53F358456E".
2026-10-09T14:20:35.5041807Z 
2026-10-09T14:20:35.5063108Z VERBOSE: Performing the operation "Remove Key" on target "Item: 
2026-10-09T14:20:35.5064150Z HKEY_LOCAL_MACHINE\SOFTWARE\Microsoft\Windows\CurrentVersion\Installer\UserData\S-1-5-18\Products\3661A0DCD2CDDB1498FA1
2026-10-09T14:20:35.5064732Z E80E9488122".
2026-10-09T14:20:35.5064853Z 
2026-10-09T14:20:35.5076172Z VERBOSE: Performing the operation "Remove Key" on target "Item: 
2026-10-09T14:20:35.5094172Z HKEY_LOCAL_MACHINE\SOFTWARE\Microsoft\Windows\CurrentVersion\Installer\UserData\S-1-5-18\Products\3865845730FE6E14FB121
2026-10-09T14:20:35.5094635Z D94614945C8".
2026-10-09T14:20:35.5094714Z 
2026-10-09T14:20:35.5099538Z VERBOSE: Performing the operation "Remove Key" on target "Item: 
2026-10-09T14:20:35.5100143Z HKEY_LOCAL_MACHINE\SOFTWARE\Microsoft\Windows\CurrentVersion\Installer\UserData\S-1-5-18\Products\795B21EDFB4DB1B4FBF55
2026-10-09T14:20:35.5100482Z CEC14FADBCF".
2026-10-09T14:20:35.5101088Z 
2026-10-09T14:20:35.5117131Z VERBOSE: Performing the operation "Remove Key" on target "Item: 
2026-10-09T14:20:35.5118113Z HKEY_LOCAL_MACHINE\SOFTWARE\Microsoft\Windows\CurrentVersion\Installer\UserData\S-1-5-18\Products\8843FD815422B2340A32A
2026-10-09T14:20:35.5118437Z 30AC5A2008C".
2026-10-09T14:20:35.5119727Z 
2026-10-09T14:20:35.5141915Z VERBOSE: Performing the operation "Remove Key" on target "Item: 
2026-10-09T14:20:35.5142669Z HKEY_LOCAL_MACHINE\SOFTWARE\Microsoft\Windows\CurrentVersion\Installer\UserData\S-1-5-18\Products\D3908510908FB5544992D
2026-10-09T14:20:35.5143221Z 6614A5B1D81".
2026-10-09T14:20:35.5143320Z 
2026-10-09T14:20:35.5157668Z VERBOSE: Performing the operation "Remove Key" on target "Item: 
2026-10-09T14:20:35.5158017Z HKEY_LOCAL_MACHINE\SOFTWARE\Microsoft\Windows\CurrentVersion\Installer\UserData\S-1-5-18\Products\FA171F1012F1E534EB4EC
2026-10-09T14:20:35.5158369Z F4C63C098C6".
2026-10-09T14:20:35.5158504Z 
2026-10-09T14:20:35.5169900Z VERBOSE: Performing the operation "Remove Key" on target "Item: 
2026-10-09T14:20:35.5170464Z HKEY_LOCAL_MACHINE\SOFTWARE\Microsoft\Windows\CurrentVersion\Installer\UserData\S-1-5-18\Products\FE9C90D9C75AA2247BA9C
2026-10-09T14:20:35.5170837Z C29029756A3".
2026-10-09T14:20:35.5170898Z 
2026-10-09T14:20:35.5328425Z VERBOSE: Performing the operation "Remove Key" on target "Item: 
2026-10-09T14:20:35.5328986Z HKEY_CLASSES_ROOT\Installer\Products\06D3A4FE35A979641AD83D53F358456E".
2026-10-09T14:20:35.5329663Z 
2026-10-09T14:20:35.5700398Z VERBOSE: Performing the operation "Remove Key" on target "Item: 
2026-10-09T14:20:35.5700942Z HKEY_CLASSES_ROOT\Installer\Products\3661A0DCD2CDDB1498FA1E80E9488122".
2026-10-09T14:20:35.5701659Z 
2026-10-09T14:20:35.5719861Z VERBOSE: Performing the operation "Remove Key" on target "Item: 
2026-10-09T14:20:35.5720298Z HKEY_CLASSES_ROOT\Installer\Products\3865845730FE6E14FB121D94614945C8".
2026-10-09T14:20:35.5721996Z 
2026-10-09T14:20:35.5923462Z VERBOSE: Performing the operation "Remove Key" on target "Item: 
2026-10-09T14:20:35.5923947Z HKEY_CLASSES_ROOT\Installer\Products\795B21EDFB4DB1B4FBF55CEC14FADBCF".
2026-10-09T14:20:35.5924215Z 
2026-10-09T14:20:35.5991996Z VERBOSE: Performing the operation "Remove Key" on target "Item: 
2026-10-09T14:20:35.5992466Z HKEY_CLASSES_ROOT\Installer\Products\8843FD815422B2340A32A30AC5A2008C".
2026-10-09T14:20:35.5994132Z 
2026-10-09T14:20:35.6348174Z VERBOSE: Performing the operation "Remove Key" on target "Item: 
2026-10-09T14:20:35.6348644Z HKEY_CLASSES_ROOT\Installer\Products\D3908510908FB5544992D6614A5B1D81".
2026-10-09T14:20:35.6348846Z 
2026-10-09T14:20:35.6498917Z VERBOSE: Performing the operation "Remove Key" on target "Item: 
2026-10-09T14:20:35.6499400Z HKEY_CLASSES_ROOT\Installer\Products\FA171F1012F1E534EB4ECF4C63C098C6".
2026-10-09T14:20:35.6499682Z 
2026-10-09T14:20:35.6527198Z VERBOSE: Performing the operation "Remove Key" on target "Item: 
2026-10-09T14:20:35.6527514Z HKEY_CLASSES_ROOT\Installer\Products\FE9C90D9C75AA2247BA9CC29029756A3".
2026-10-09T14:20:35.6527829Z 
2026-10-09T14:20:35.6615006Z VERBOSE: Performing the operation "Remove Key" on target "Item: 
2026-10-09T14:20:35.6615576Z HKEY_LOCAL_MACHINE\Software\Microsoft\Windows\CurrentVersion\Uninstall\{0158093D-F809-455B-9429-6D16A4B5D118}".
2026-10-09T14:20:35.6616342Z 
2026-10-09T14:20:35.6626509Z VERBOSE: Performing the operation "Remove Key" on target "Item: 
2026-10-09T14:20:35.6627122Z HKEY_LOCAL_MACHINE\Software\Microsoft\Windows\CurrentVersion\Uninstall\{01F171AF-1F21-435E-BEE4-FCC4360C896C}".
2026-10-09T14:20:35.6627567Z 
2026-10-09T14:20:35.6663235Z VERBOSE: Performing the operation "Remove Key" on target "Item: 
2026-10-09T14:20:35.6663785Z HKEY_LOCAL_MACHINE\Software\Microsoft\Windows\CurrentVersion\Uninstall\{18DF3488-2245-432B-A023-3AA05C2A00C8}".
2026-10-09T14:20:35.6664172Z 
2026-10-09T14:20:35.6747546Z VERBOSE: Performing the operation "Remove Key" on target "Item: 
2026-10-09T14:20:35.6748125Z HKEY_LOCAL_MACHINE\Software\Microsoft\Windows\CurrentVersion\Uninstall\{75485683-EF03-41E6-BF21-D1491694548C}".
2026-10-09T14:20:35.6748901Z 
2026-10-09T14:20:35.6796690Z VERBOSE: Performing the operation "Remove Key" on target "Item: 
2026-10-09T14:20:35.6797263Z HKEY_LOCAL_MACHINE\Software\Microsoft\Windows\CurrentVersion\Uninstall\{9D09C9EF-A57C-422A-B79A-CC922079653A}".
2026-10-09T14:20:35.6797649Z 
2026-10-09T14:20:35.6861487Z VERBOSE: Performing the operation "Remove Key" on target "Item: 
2026-10-09T14:20:35.6862029Z HKEY_LOCAL_MACHINE\Software\Microsoft\Windows\CurrentVersion\Uninstall\{CD0A1663-DC2D-41BD-89AF-E1089E841822}".
2026-10-09T14:20:35.6862512Z 
2026-10-09T14:20:35.6891330Z VERBOSE: Performing the operation "Remove Key" on target "Item: 
2026-10-09T14:20:35.6891711Z HKEY_LOCAL_MACHINE\Software\Microsoft\Windows\CurrentVersion\Uninstall\{DE12B597-D4BF-4B1B-BF5F-C5CE41AFBDFC}".
2026-10-09T14:20:35.6892060Z 
2026-10-09T14:20:35.6913609Z VERBOSE: Performing the operation "Remove Key" on target "Item: 
2026-10-09T14:20:35.6914267Z HKEY_LOCAL_MACHINE\Software\Microsoft\Windows\CurrentVersion\Uninstall\{EF4A3D60-9A53-4697-A18D-D3353F8554E6}".
2026-10-09T14:20:35.6914587Z 
2026-10-09T14:20:35.7445493Z Create Python 3.12.9 folder in C:\hostedtoolcache\windows\Python
2026-10-09T14:20:35.7446233Z 
2026-10-09T14:20:35.7529600Z Copy Python binaries to C:\hostedtoolcache\windows\Python\3.12.9\x64
2026-10-09T14:20:35.7529956Z 
2026-10-09T14:20:35.7640079Z Install Python 3.12.9 in C:\hostedtoolcache\windows\Python...
2026-10-09T14:20:35.7640934Z 
2026-10-09T14:20:57.5820091Z Create python3 symlink
2026-10-09T14:20:57.5820334Z 
2026-10-09T14:20:57.6385034Z 
2026-10-09T14:20:57.6385230Z 
2026-10-09T14:20:57.6387786Z Directory: C:\hostedtoolcache\windows\Python\3.12.9\x64
2026-10-09T14:20:57.6388545Z 
2026-10-09T14:20:57.6396240Z Mode                 LastWriteTime         Length Name
2026-10-09T14:20:57.6399220Z ----                 -------------         ------ ----
2026-10-09T14:20:57.6406745Z -a---l         10/9/2026   2:20 PM              0 python3.exe
2026-10-09T14:20:57.6414539Z Install and upgrade Pip
2026-10-09T14:20:57.6415692Z 
2026-10-09T14:20:59.7067886Z Looking in links: c:\Users\RUNNER~1\AppData\Local\Temp\tmpn9aak95v
2026-10-09T14:20:59.7069045Z Requirement already satisfied: pip in c:\hostedtoolcache\windows\python\3.12.9\x64\lib\site-packages (24.3.1)
2026-10-09T14:21:01.0015901Z Collecting pip
2026-10-09T14:21:01.0320407Z Downloading pip-26.2.1-py3-none-any.whl.metadata (4.6 kB)
2026-10-09T14:21:01.0527020Z Downloading pip-26.2.1-py3-none-any.whl (1.8 MB)
2026-10-09T14:21:01.0904724Z 
2026-10-09T14:21:01.0906165Z ---------------------------------------- 1.8/1.8 MB 50.1 MB/s eta 0:00:00
2026-10-09T14:21:01.0906492Z 
2026-10-09T14:21:01.1215551Z Installing collected packages: pip
2026-10-09T14:21:01.1215885Z Attempting uninstall: pip
2026-10-09T14:21:01.1232595Z Found existing installation: pip 24.3.1
2026-10-09T14:21:01.1662125Z Uninstalling pip-24.3.1:
2026-10-09T14:21:01.1774198Z Successfully uninstalled pip-24.3.1
2026-10-09T14:21:02.6662547Z Successfully installed pip-26.2.1
2026-10-09T14:21:02.8946659Z Create complete file
2026-10-09T14:21:02.8946856Z 
2026-10-09T14:21:02.8959296Z 
2026-10-09T14:21:02.8959329Z 
2026-10-09T14:21:02.9400901Z Successfully set up CPython (3.12.9)
2026-10-09T14:21:02.9402012Z ##[endgroup]
2026-10-09T14:21:02.9635473Z ##[group]Run actions/setup-dotnet@v4
2026-10-09T14:21:02.9635680Z with:
2026-10-09T14:21:02.9635816Z   dotnet-version: 8.0.424
2026-10-09T14:21:02.9635966Z   cache: false
2026-10-09T14:21:02.9636090Z env:
2026-10-09T14:21:02.9636208Z   MOCK_PROVIDER: true
2026-10-09T14:21:02.9636345Z   MOCK_STREAM_DELAY_MS: 0
2026-10-09T14:21:02.9636483Z   ENABLE_CLOUD: false
2026-10-09T14:21:02.9636624Z   CREDENTIAL_VAULT_BACKEND: memory
2026-10-09T14:21:02.9636803Z   CREDENTIAL_VAULT_ALLOW_MEMORY_FALLBACK: true
2026-10-09T14:21:02.9636995Z   PYTHONDONTWRITEBYTECODE: 1
2026-10-09T14:21:02.9637162Z   HF_HUB_OFFLINE: 1
2026-10-09T14:21:02.9637300Z   TRANSFORMERS_OFFLINE: 1
2026-10-09T14:21:02.9637496Z   pythonLocation: C:\hostedtoolcache\windows\Python\3.12.9\x64
2026-10-09T14:21:02.9637795Z   PKG_CONFIG_PATH: C:\hostedtoolcache\windows\Python\3.12.9\x64/lib/pkgconfig
2026-10-09T14:21:02.9638063Z   Python_ROOT_DIR: C:\hostedtoolcache\windows\Python\3.12.9\x64
2026-10-09T14:21:02.9638332Z   Python2_ROOT_DIR: C:\hostedtoolcache\windows\Python\3.12.9\x64
2026-10-09T14:21:02.9638558Z   Python3_ROOT_DIR: C:\hostedtoolcache\windows\Python\3.12.9\x64
2026-10-09T14:21:02.9638742Z ##[endgroup]
2026-10-09T14:21:03.0818121Z (node:5540) [DEP0040] DeprecationWarning: The `punycode` module is deprecated. Please use a userland alternative instead.
2026-10-09T14:21:03.0818595Z (Use `node --trace-deprecation ...` to show where the warning was created)
2026-10-09T14:21:03.1231531Z [command]"C:\Program Files\PowerShell\7\pwsh.exe" -NoLogo -Sta -NoProfile -NonInteractive -ExecutionPolicy Unrestricted -Command & 'D:\a\_actions\actions\setup-dotnet\v4\externals\install-dotnet.ps1' -SkipNonVersionedFiles -Runtime dotnet -Channel LTS
2026-10-09T14:21:04.5123361Z dotnet-install: .NET Core Runtime with version '10.0.12' is already installed.
2026-10-09T14:21:04.6044565Z [command]"C:\Program Files\PowerShell\7\pwsh.exe" -NoLogo -Sta -NoProfile -NonInteractive -ExecutionPolicy Unrestricted -Command & 'D:\a\_actions\actions\setup-dotnet\v4\externals\install-dotnet.ps1' -SkipNonVersionedFiles -Version 8.0.424
2026-10-09T14:21:11.1290558Z dotnet-install: Downloaded file https://builds.dotnet.microsoft.com/dotnet/Sdk/8.0.424/dotnet-sdk-8.0.424-win-x64.zip size is 285090820 bytes.
2026-10-09T14:21:11.1296687Z dotnet-install: Either downloaded or local package size can not be measured. One of them may be corrupted.
2026-10-09T14:21:11.1317903Z dotnet-install: Extracting the archive.
2026-10-09T14:21:22.9459138Z dotnet-install: Note that the script does not ensure your Windows version is supported during the installation.
2026-10-09T14:21:22.9461985Z dotnet-install: To check the list of supported versions, go to https://learn.microsoft.com/dotnet/core/install/windows#supported-versions
2026-10-09T14:21:22.9468090Z dotnet-install: Installed version is 8.0.424
2026-10-09T14:21:22.9468421Z dotnet-install: Installation finished
2026-10-09T14:21:23.0119667Z ##[group]Run $sandbox = Join-Path $env:RUNNER_TEMP 'novel-r2-native'
2026-10-09T14:21:23.0120062Z [36;1m$sandbox = Join-Path $env:RUNNER_TEMP 'novel-r2-native'[0m
2026-10-09T14:21:23.0120432Z [36;1mNew-Item -ItemType Directory -Force -Path $sandbox, "$sandbox/data", "$sandbox/receipts", "$sandbox/host" | Out-Null[0m
2026-10-09T14:21:23.0120819Z [36;1m"NOVEL_DATA_PATH=$sandbox/data" | Out-File $env:GITHUB_ENV -Append -Encoding utf8[0m
2026-10-09T14:21:23.0121151Z [36;1m"PROJECT_ROOT=$env:GITHUB_WORKSPACE" | Out-File $env:GITHUB_ENV -Append -Encoding utf8[0m
2026-10-09T14:21:23.0121455Z [36;1m"STORAGE_BACKEND=file" | Out-File $env:GITHUB_ENV -Append -Encoding utf8[0m
2026-10-09T14:21:23.0121764Z [36;1m"CI_RECEIPTS=$sandbox/receipts" | Out-File $env:GITHUB_ENV -Append -Encoding utf8[0m
2026-10-09T14:21:23.0122063Z [36;1m"R2_HOST_OUTPUT=$sandbox/host" | Out-File $env:GITHUB_ENV -Append -Encoding utf8[0m
2026-10-09T14:21:23.0122436Z [36;1m"checked_out_sha=$(git rev-parse HEAD)" | Out-File "$sandbox/receipts/revision.txt" -Encoding utf8[0m
2026-10-09T14:21:23.0122910Z [36;1m"platform=Windows hosted runner; interactive DesktopHost/WebView2/user acceptance NOT_RUN" | Out-File "$sandbox/receipts/revision.txt" -Append -Encoding utf8[0m
2026-10-09T14:21:23.0174575Z shell: C:\Program Files\PowerShell\7\pwsh.EXE -command ". '{0}'"
2026-10-09T14:21:23.0174789Z env:
2026-10-09T14:21:23.0174907Z   MOCK_PROVIDER: true
2026-10-09T14:21:23.0175036Z   MOCK_STREAM_DELAY_MS: 0
2026-10-09T14:21:23.0175167Z   ENABLE_CLOUD: false
2026-10-09T14:21:23.0175304Z   CREDENTIAL_VAULT_BACKEND: memory
2026-10-09T14:21:23.0175477Z   CREDENTIAL_VAULT_ALLOW_MEMORY_FALLBACK: true
2026-10-09T14:21:23.0175659Z   PYTHONDONTWRITEBYTECODE: 1
2026-10-09T14:21:23.0175796Z   HF_HUB_OFFLINE: 1
2026-10-09T14:21:23.0175915Z   TRANSFORMERS_OFFLINE: 1
2026-10-09T14:21:23.0176082Z   pythonLocation: C:\hostedtoolcache\windows\Python\3.12.9\x64
2026-10-09T14:21:23.0176342Z   PKG_CONFIG_PATH: C:\hostedtoolcache\windows\Python\3.12.9\x64/lib/pkgconfig
2026-10-09T14:21:23.0176588Z   Python_ROOT_DIR: C:\hostedtoolcache\windows\Python\3.12.9\x64
2026-10-09T14:21:23.0176809Z   Python2_ROOT_DIR: C:\hostedtoolcache\windows\Python\3.12.9\x64
2026-10-09T14:21:23.0177031Z   Python3_ROOT_DIR: C:\hostedtoolcache\windows\Python\3.12.9\x64
2026-10-09T14:21:23.0177217Z   DOTNET_ROOT: C:\Program Files\dotnet
2026-10-09T14:21:23.0177362Z ##[endgroup]
2026-10-09T14:21:23.3705279Z ##[group]Run python -m pip install -c .github/ci/python-constraints.txt -e '.[dev,fontbuild]'
2026-10-09T14:21:23.3705688Z [36;1mpython -m pip install -c .github/ci/python-constraints.txt -e '.[dev,fontbuild]'[0m
2026-10-09T14:21:23.3733368Z shell: C:\Program Files\PowerShell\7\pwsh.EXE -command ". '{0}'"
2026-10-09T14:21:23.3733575Z env:
2026-10-09T14:21:23.3733685Z   MOCK_PROVIDER: true
2026-10-09T14:21:23.3733814Z   MOCK_STREAM_DELAY_MS: 0
2026-10-09T14:21:23.3733933Z   ENABLE_CLOUD: false
2026-10-09T14:21:23.3734051Z   CREDENTIAL_VAULT_BACKEND: memory
2026-10-09T14:21:23.3734206Z   CREDENTIAL_VAULT_ALLOW_MEMORY_FALLBACK: true
2026-10-09T14:21:23.3734381Z   PYTHONDONTWRITEBYTECODE: 1
2026-10-09T14:21:23.3734509Z   HF_HUB_OFFLINE: 1
2026-10-09T14:21:23.3734619Z   TRANSFORMERS_OFFLINE: 1
2026-10-09T14:21:23.3734784Z   pythonLocation: C:\hostedtoolcache\windows\Python\3.12.9\x64
2026-10-09T14:21:23.3735070Z   PKG_CONFIG_PATH: C:\hostedtoolcache\windows\Python\3.12.9\x64/lib/pkgconfig
2026-10-09T14:21:23.3735312Z   Python_ROOT_DIR: C:\hostedtoolcache\windows\Python\3.12.9\x64
2026-10-09T14:21:23.3735529Z   Python2_ROOT_DIR: C:\hostedtoolcache\windows\Python\3.12.9\x64
2026-10-09T14:21:23.3735892Z   Python3_ROOT_DIR: C:\hostedtoolcache\windows\Python\3.12.9\x64
2026-10-09T14:21:23.3736072Z   DOTNET_ROOT: C:\Program Files\dotnet
2026-10-09T14:21:23.3736232Z   NOVEL_DATA_PATH: D:\a\_temp\novel-r2-native/data
2026-10-09T14:21:23.3736421Z   PROJECT_ROOT: D:\a\AI-Novel-Studio\AI-Novel-Studio
2026-10-09T14:21:23.3736589Z   STORAGE_BACKEND: file
2026-10-09T14:21:23.3736727Z   CI_RECEIPTS: D:\a\_temp\novel-r2-native/receipts
2026-10-09T14:21:23.3736906Z   R2_HOST_OUTPUT: D:\a\_temp\novel-r2-native/host
2026-10-09T14:21:23.3737062Z ##[endgroup]
2026-10-09T14:21:24.6784572Z Obtaining file:///D:/a/AI-Novel-Studio/AI-Novel-Studio
2026-10-09T14:21:24.6810778Z   Installing build dependencies: started
2026-10-09T14:21:26.4582658Z   Installing build dependencies: finished with status 'done'
2026-10-09T14:21:26.4596304Z   Checking if build backend supports build_editable: started
2026-10-09T14:21:26.7523454Z   Checking if build backend supports build_editable: finished with status 'done'
2026-10-09T14:21:26.7541962Z   Getting requirements to build editable: started
2026-10-09T14:21:27.2310181Z   Getting requirements to build editable: finished with status 'done'
2026-10-09T14:21:27.2331415Z   Preparing editable metadata (pyproject.toml): started
2026-10-09T14:21:27.7224601Z   Preparing editable metadata (pyproject.toml): finished with status 'done'
2026-10-09T14:21:27.9512364Z Collecting fastapi<1,>=0.115 (from ai-novel-studio==0.7.0)
2026-10-09T14:21:28.0610758Z   Downloading fastapi-0.142.2-py3-none-any.whl.metadata (27 kB)
2026-10-09T14:21:28.1522175Z Collecting uvicorn<1,>=0.30 (from ai-novel-studio==0.7.0)
2026-10-09T14:21:28.1566799Z   Downloading uvicorn-0.54.0-py3-none-any.whl.metadata (6.6 kB)
2026-10-09T14:21:28.2037558Z Collecting psycopg<4,>=3.2 (from psycopg[binary]<4,>=3.2->ai-novel-studio==0.7.0)
2026-10-09T14:21:28.2078096Z   Downloading psycopg-3.3.6-py3-none-any.whl.metadata (4.4 kB)
2026-10-09T14:21:28.4178540Z Collecting sqlalchemy<3,>=2.0 (from ai-novel-studio==0.7.0)
2026-10-09T14:21:28.4234441Z   Downloading sqlalchemy-2.1.3-cp312-cp312-win_amd64.whl.metadata (9.9 kB)
2026-10-09T14:21:28.4684435Z Collecting httpx<1,>=0.27 (from ai-novel-studio==0.7.0)
2026-10-09T14:21:28.4726801Z   Downloading httpx-0.28.1-py3-none-any.whl.metadata (7.1 kB)
2026-10-09T14:21:28.5145283Z Collecting pydantic-settings<3,>=2.6 (from ai-novel-studio==0.7.0)
2026-10-09T14:21:28.5185871Z   Downloading pydantic_settings-2.15.0-py3-none-any.whl.metadata (3.9 kB)
2026-10-09T14:21:28.6168749Z Collecting reportlab<5,>=4.0 (from ai-novel-studio==0.7.0)
2026-10-09T14:21:28.6215120Z   Downloading reportlab-4.5.1-py3-none-any.whl.metadata (1.7 kB)
2026-10-09T14:21:28.6686937Z Collecting pypdf==6.19.0 (from ai-novel-studio==0.7.0)
2026-10-09T14:21:28.6734188Z   Downloading pypdf-6.19.0-py3-none-any.whl.metadata (7.5 kB)
2026-10-09T14:21:28.7179590Z Collecting jsonschema<5,>=4.18 (from ai-novel-studio==0.7.0)
2026-10-09T14:21:28.7219191Z   Downloading jsonschema-4.26.0-py3-none-any.whl.metadata (7.6 kB)
2026-10-09T14:21:28.7733338Z Collecting pytest<9,>=8 (from ai-novel-studio==0.7.0)
2026-10-09T14:21:28.7775983Z   Downloading pytest-8.4.2-py3-none-any.whl.metadata (7.7 kB)
2026-10-09T14:21:28.8978815Z Collecting fonttools==4.59.1 (from ai-novel-studio==0.7.0)
2026-10-09T14:21:28.9034974Z   Downloading fonttools-4.59.1-cp312-cp312-win_amd64.whl.metadata (111 kB)
2026-10-09T14:21:28.9604711Z Collecting starlette>=0.46.0 (from fastapi<1,>=0.115->ai-novel-studio==0.7.0)
2026-10-09T14:21:28.9649236Z   Downloading starlette-1.7.0-py3-none-any.whl.metadata (6.6 kB)
2026-10-09T14:21:29.0865413Z Collecting pydantic>=2.9.0 (from fastapi<1,>=0.115->ai-novel-studio==0.7.0)
2026-10-09T14:21:29.0908584Z   Downloading pydantic-2.13.5-py3-none-any.whl.metadata (110 kB)
2026-10-09T14:21:29.1417935Z Collecting typing-extensions>=4.8.0 (from fastapi<1,>=0.115->ai-novel-studio==0.7.0)
2026-10-09T14:21:29.1457741Z   Downloading typing_extensions-4.16.0-py3-none-any.whl.metadata (3.3 kB)
2026-10-09T14:21:29.9567683Z Collecting typing-inspection>=0.4.2 (from fastapi<1,>=0.115->ai-novel-studio==0.7.0)
2026-10-09T14:21:29.9610215Z   Downloading typing_inspection-0.4.4-py3-none-any.whl.metadata (2.6 kB)
2026-10-09T14:21:29.9971360Z Collecting annotated-doc>=0.0.2 (from fastapi<1,>=0.115->ai-novel-studio==0.7.0)
2026-10-09T14:21:30.0047850Z   Downloading annotated_doc-0.0.5-py3-none-any.whl.metadata (6.5 kB)
2026-10-09T14:21:30.0463408Z Collecting opentelemetry-api>=1.44.0 (from fastapi<1,>=0.115->ai-novel-studio==0.7.0)
2026-10-09T14:21:30.0521278Z   Downloading opentelemetry_api-1.45.0-py3-none-any.whl.metadata (1.4 kB)
2026-10-09T14:21:30.0997811Z Collecting anyio (from httpx<1,>=0.27->ai-novel-studio==0.7.0)
2026-10-09T14:21:30.1044812Z   Downloading anyio-4.15.1-py3-none-any.whl.metadata (4.7 kB)
2026-10-09T14:21:30.1535538Z Collecting certifi (from httpx<1,>=0.27->ai-novel-studio==0.7.0)
2026-10-09T14:21:30.1577568Z   Downloading certifi-2026.7.22-py3-none-any.whl.metadata (2.5 kB)
2026-10-09T14:21:30.2006058Z Collecting httpcore==1.* (from httpx<1,>=0.27->ai-novel-studio==0.7.0)
2026-10-09T14:21:30.2049670Z   Downloading httpcore-1.0.9-py3-none-any.whl.metadata (21 kB)
2026-10-09T14:21:30.2495036Z Collecting idna (from httpx<1,>=0.27->ai-novel-studio==0.7.0)
2026-10-09T14:21:30.2539683Z   Downloading idna-3.20-py3-none-any.whl.metadata (7.2 kB)
2026-10-09T14:21:30.2942739Z Collecting h11>=0.16 (from httpcore==1.*->httpx<1,>=0.27->ai-novel-studio==0.7.0)
2026-10-09T14:21:30.2984910Z   Downloading h11-0.16.0-py3-none-any.whl.metadata (8.3 kB)
2026-10-09T14:21:30.3467484Z Collecting attrs>=22.2.0 (from jsonschema<5,>=4.18->ai-novel-studio==0.7.0)
2026-10-09T14:21:30.3512206Z   Downloading attrs-26.1.0-py3-none-any.whl.metadata (8.8 kB)
2026-10-09T14:21:30.3928441Z Collecting jsonschema-specifications>=2023.03.6 (from jsonschema<5,>=4.18->ai-novel-studio==0.7.0)
2026-10-09T14:21:30.3970145Z   Downloading jsonschema_specifications-2025.9.1-py3-none-any.whl.metadata (2.9 kB)
2026-10-09T14:21:30.4416342Z Collecting referencing>=0.28.4 (from jsonschema<5,>=4.18->ai-novel-studio==0.7.0)
2026-10-09T14:21:30.4457400Z   Downloading referencing-0.37.0-py3-none-any.whl.metadata (2.8 kB)
2026-10-09T14:21:30.6308613Z Collecting rpds-py>=0.25.0 (from jsonschema<5,>=4.18->ai-novel-studio==0.7.0)
2026-10-09T14:21:30.6351381Z   Downloading rpds_py-2026.9.1-cp312-cp312-win_amd64.whl.metadata (4.2 kB)
2026-10-09T14:21:30.8185347Z Collecting tzdata (from psycopg<4,>=3.2->psycopg[binary]<4,>=3.2->ai-novel-studio==0.7.0)
2026-10-09T14:21:30.8228836Z   Downloading tzdata-2026.5-py2.py3-none-any.whl.metadata (1.4 kB)
2026-10-09T14:21:30.9459891Z Collecting psycopg-binary==3.3.6 (from psycopg[binary]<4,>=3.2->ai-novel-studio==0.7.0)
2026-10-09T14:21:30.9501748Z   Downloading psycopg_binary-3.3.6-cp312-cp312-win_amd64.whl.metadata (2.8 kB)
2026-10-09T14:21:30.9948542Z Collecting python-dotenv>=0.21.0 (from pydantic-settings<3,>=2.6->ai-novel-studio==0.7.0)
2026-10-09T14:21:30.9987168Z   Downloading python_dotenv-1.2.4-py3-none-any.whl.metadata (29 kB)
2026-10-09T14:21:31.0430526Z Collecting colorama>=0.4 (from pytest<9,>=8->ai-novel-studio==0.7.0)
2026-10-09T14:21:31.0472635Z   Downloading colorama-0.4.6-py2.py3-none-any.whl.metadata (17 kB)
2026-10-09T14:21:31.0919989Z Collecting iniconfig>=1 (from pytest<9,>=8->ai-novel-studio==0.7.0)
2026-10-09T14:21:31.0960798Z   Downloading iniconfig-2.3.0-py3-none-any.whl.metadata (2.5 kB)
2026-10-09T14:21:31.1397112Z Collecting packaging>=20 (from pytest<9,>=8->ai-novel-studio==0.7.0)
2026-10-09T14:21:31.1439011Z   Downloading packaging-26.3-py3-none-any.whl.metadata (3.5 kB)
2026-10-09T14:21:31.1911344Z Collecting pluggy<2,>=1.5 (from pytest<9,>=8->ai-novel-studio==0.7.0)
2026-10-09T14:21:31.1949989Z   Downloading pluggy-1.6.0-py3-none-any.whl.metadata (4.8 kB)
2026-10-09T14:21:31.2393651Z Collecting pygments>=2.7.2 (from pytest<9,>=8->ai-novel-studio==0.7.0)
2026-10-09T14:21:31.2436215Z   Downloading pygments-2.21.0-py3-none-any.whl.metadata (2.5 kB)
2026-10-09T14:21:31.4166579Z Collecting pillow>=9.0.0 (from reportlab<5,>=4.0->ai-novel-studio==0.7.0)
2026-10-09T14:21:31.4253153Z   Downloading pillow-12.3.0-cp312-cp312-win_amd64.whl.metadata (9.3 kB)
2026-10-09T14:21:31.5359922Z Collecting charset-normalizer (from reportlab<5,>=4.0->ai-novel-studio==0.7.0)
2026-10-09T14:21:31.5429261Z   Downloading charset_normalizer-3.5.2-cp312-cp312-win_amd64.whl.metadata (47 kB)
2026-10-09T14:21:31.5902045Z Collecting click>=7.0 (from uvicorn<1,>=0.30->ai-novel-studio==0.7.0)
2026-10-09T14:21:31.5966008Z   Downloading click-8.5.0-py3-none-any.whl.metadata (2.6 kB)
2026-10-09T14:21:31.6433155Z Collecting annotated-types>=0.6.0 (from pydantic>=2.9.0->fastapi<1,>=0.115->ai-novel-studio==0.7.0)
2026-10-09T14:21:31.6476398Z   Downloading annotated_types-0.8.0-py3-none-any.whl.metadata (15 kB)
2026-10-09T14:21:32.1804628Z Collecting pydantic-core==2.46.5 (from pydantic>=2.9.0->fastapi<1,>=0.115->ai-novel-studio==0.7.0)
2026-10-09T14:21:32.1851310Z   Downloading pydantic_core-2.46.5-cp312-cp312-win_amd64.whl.metadata (6.7 kB)
2026-10-09T14:21:32.2215749Z Downloading fonttools-4.59.1-cp312-cp312-win_amd64.whl (2.3 MB)
2026-10-09T14:21:32.3491400Z    ---------------------------------------- 2.3/2.3 MB 14.1 MB/s  0:00:00
2026-10-09T14:21:32.3531015Z Downloading pypdf-6.19.0-py3-none-any.whl (395 kB)
2026-10-09T14:21:32.3773043Z Downloading fastapi-0.142.2-py3-none-any.whl (144 kB)
2026-10-09T14:21:32.3989156Z Downloading httpx-0.28.1-py3-none-any.whl (73 kB)
2026-10-09T14:21:32.4184762Z Downloading httpcore-1.0.9-py3-none-any.whl (78 kB)
2026-10-09T14:21:32.4409496Z Downloading jsonschema-4.26.0-py3-none-any.whl (90 kB)
2026-10-09T14:21:32.4639335Z Downloading psycopg-3.3.6-py3-none-any.whl (215 kB)
2026-10-09T14:21:32.4877058Z Downloading psycopg_binary-3.3.6-cp312-cp312-win_amd64.whl (3.7 MB)
2026-10-09T14:21:32.5351611Z    ---------------------------------------- 3.7/3.7 MB 106.1 MB/s  0:00:00
2026-10-09T14:21:32.5394264Z Downloading pydantic_settings-2.15.0-py3-none-any.whl (69 kB)
2026-10-09T14:21:32.5667215Z Downloading pytest-8.4.2-py3-none-any.whl (365 kB)
2026-10-09T14:21:32.5912074Z Downloading pluggy-1.6.0-py3-none-any.whl (20 kB)
2026-10-09T14:21:32.6127283Z Downloading reportlab-4.5.1-py3-none-any.whl (2.0 MB)
2026-10-09T14:21:32.6449940Z    ---------------------------------------- 2.0/2.0 MB 106.0 MB/s  0:00:00
2026-10-09T14:21:32.6502590Z Downloading sqlalchemy-2.1.3-cp312-cp312-win_amd64.whl (2.4 MB)
2026-10-09T14:21:32.6869940Z    ---------------------------------------- 2.4/2.4 MB 69.8 MB/s  0:00:00
2026-10-09T14:21:32.6915367Z Downloading uvicorn-0.54.0-py3-none-any.whl (87 kB)
2026-10-09T14:21:32.7130495Z Downloading annotated_doc-0.0.5-py3-none-any.whl (5.3 kB)
2026-10-09T14:21:32.7351893Z Downloading attrs-26.1.0-py3-none-any.whl (67 kB)
2026-10-09T14:21:32.7546556Z Downloading click-8.5.0-py3-none-any.whl (125 kB)
2026-10-09T14:21:32.7777566Z Downloading colorama-0.4.6-py2.py3-none-any.whl (25 kB)
2026-10-09T14:21:32.7964936Z Downloading h11-0.16.0-py3-none-any.whl (37 kB)
2026-10-09T14:21:32.8250749Z Downloading iniconfig-2.3.0-py3-none-any.whl (7.5 kB)
2026-10-09T14:21:32.8472819Z Downloading jsonschema_specifications-2025.9.1-py3-none-any.whl (18 kB)
2026-10-09T14:21:32.8673576Z Downloading opentelemetry_api-1.45.0-py3-none-any.whl (60 kB)
2026-10-09T14:21:32.8885392Z Downloading packaging-26.3-py3-none-any.whl (129 kB)
2026-10-09T14:21:32.9124923Z Downloading pillow-12.3.0-cp312-cp312-win_amd64.whl (7.2 MB)
2026-10-09T14:21:33.0346878Z    ---------------------------------------- 7.2/7.2 MB 63.3 MB/s  0:00:00
2026-10-09T14:21:33.0407723Z Downloading pydantic-2.13.5-py3-none-any.whl (472 kB)
2026-10-09T14:21:33.0709909Z Downloading pydantic_core-2.46.5-cp312-cp312-win_amd64.whl (2.0 MB)
2026-10-09T14:21:33.1077052Z    ---------------------------------------- 2.0/2.0 MB 57.5 MB/s  0:00:00
2026-10-09T14:21:33.1132584Z Downloading annotated_types-0.8.0-py3-none-any.whl (13 kB)
2026-10-09T14:21:33.1427555Z Downloading pygments-2.21.0-py3-none-any.whl (1.3 MB)
2026-10-09T14:21:33.1741648Z    ---------------------------------------- 1.3/1.3 MB 31.9 MB/s  0:00:00
2026-10-09T14:21:33.1844331Z Downloading python_dotenv-1.2.4-py3-none-any.whl (23 kB)
2026-10-09T14:21:33.2189138Z Downloading referencing-0.37.0-py3-none-any.whl (26 kB)
2026-10-09T14:21:33.2576845Z Downloading rpds_py-2026.9.1-cp312-cp312-win_amd64.whl (222 kB)
2026-10-09T14:21:33.2891578Z Downloading starlette-1.7.0-py3-none-any.whl (78 kB)
2026-10-09T14:21:33.3355099Z Downloading anyio-4.15.1-py3-none-any.whl (132 kB)
2026-10-09T14:21:33.3826445Z Downloading idna-3.20-py3-none-any.whl (69 kB)
2026-10-09T14:21:33.4051626Z Downloading typing_extensions-4.16.0-py3-none-any.whl (45 kB)
2026-10-09T14:21:33.4375427Z Downloading typing_inspection-0.4.4-py3-none-any.whl (14 kB)
2026-10-09T14:21:33.4619492Z Downloading certifi-2026.7.22-py3-none-any.whl (136 kB)
2026-10-09T14:21:33.4854445Z Downloading charset_normalizer-3.5.2-cp312-cp312-win_amd64.whl (207 kB)
2026-10-09T14:21:33.6550461Z Downloading tzdata-2026.5-py2.py3-none-any.whl (347 kB)
2026-10-09T14:21:33.7916643Z Building wheels for collected packages: ai-novel-studio
2026-10-09T14:21:33.7940163Z   Building editable for ai-novel-studio (pyproject.toml): started
2026-10-09T14:21:34.3366630Z   Building editable for ai-novel-studio (pyproject.toml): finished with status 'done'
2026-10-09T14:21:34.3402457Z   Created wheel for ai-novel-studio: filename=ai_novel_studio-0.7.0-0.editable-py3-none-any.whl size=3169 sha256=bb3cec059fdac0b708e8f7e53061da12437dd883f697a44f520fc5b071efcf86
2026-10-09T14:21:34.3403296Z   Stored in directory: C:\Users\runneradmin\AppData\Local\Temp\pip-ephem-wheel-cache-3p7cb5r5\wheels\bc\96\d9\23bbbf472cce62cc5daf428b8cf5c693a6d54b50fcbdee6f2d
2026-10-09T14:21:34.3421085Z Successfully built ai-novel-studio
2026-10-09T14:21:34.3969901Z Installing collected packages: tzdata, typing-extensions, rpds-py, python-dotenv, pypdf, pygments, psycopg-binary, pluggy, pillow, packaging, iniconfig, idna, h11, fonttools, colorama, click, charset-normalizer, certifi, attrs, annotated-types, annotated-doc, uvicorn, typing-inspection, sqlalchemy, reportlab, referencing, pytest, pydantic-core, psycopg, opentelemetry-api, httpcore, anyio, starlette, pydantic, jsonschema-specifications, httpx, pydantic-settings, jsonschema, fastapi, ai-novel-studio
2026-10-09T14:21:45.4450801Z 
2026-10-09T14:21:45.4476338Z Successfully installed ai-novel-studio-0.7.0 annotated-doc-0.0.5 annotated-types-0.8.0 anyio-4.15.1 attrs-26.1.0 certifi-2026.7.22 charset-normalizer-3.5.2 click-8.5.0 colorama-0.4.6 fastapi-0.142.2 fonttools-4.59.1 h11-0.16.0 httpcore-1.0.9 httpx-0.28.1 idna-3.20 iniconfig-2.3.0 jsonschema-4.26.0 jsonschema-specifications-2025.9.1 opentelemetry-api-1.45.0 packaging-26.3 pillow-12.3.0 pluggy-1.6.0 psycopg-3.3.6 psycopg-binary-3.3.6 pydantic-2.13.5 pydantic-core-2.46.5 pydantic-settings-2.15.0 pygments-2.21.0 pypdf-6.19.0 pytest-8.4.2 python-dotenv-1.2.4 referencing-0.37.0 reportlab-4.5.1 rpds-py-2026.9.1 sqlalchemy-2.1.3 starlette-1.7.0 typing-extensions-4.16.0 typing-inspection-0.4.4 tzdata-2026.5 uvicorn-0.54.0
2026-10-09T14:21:45.8078997Z ##[group]Run if ((dotnet --version).Trim() -ne '8.0.424') { throw 'Wrong .NET SDK selected' }
2026-10-09T14:21:45.8079507Z [36;1mif ((dotnet --version).Trim() -ne '8.0.424') { throw 'Wrong .NET SDK selected' }[0m
2026-10-09T14:21:45.8079857Z [36;1mdotnet --version | Out-File "$env:CI_RECEIPTS/dotnet-sdk.txt" -Encoding utf8[0m
2026-10-09T14:21:45.8080542Z [36;1mdotnet publish desktop-host/AI.NovelStudio.DesktopHost/AI.NovelStudio.DesktopHost.csproj -c Release -r win-x64 --self-contained false -o "$env:R2_HOST_OUTPUT" 2>&1 | Tee-Object "$env:CI_RECEIPTS/host-build.log"[0m
2026-10-09T14:21:45.8081137Z [36;1mif ($LASTEXITCODE -ne 0) { exit $LASTEXITCODE }[0m
2026-10-09T14:21:45.8081770Z [36;1mGet-ChildItem "$env:R2_HOST_OUTPUT" -File -Recurse | Get-FileHash -Algorithm SHA256 | ForEach-Object { "$($_.Hash)  $([IO.Path]::GetRelativePath($env:R2_HOST_OUTPUT, $_.Path))" } | Out-File "$env:CI_RECEIPTS/host-sha256.txt" -Encoding utf8[0m
2026-10-09T14:21:45.8108813Z shell: C:\Program Files\PowerShell\7\pwsh.EXE -command ". '{0}'"
2026-10-09T14:21:45.8109020Z env:
2026-10-09T14:21:45.8109132Z   MOCK_PROVIDER: true
2026-10-09T14:21:45.8109250Z   MOCK_STREAM_DELAY_MS: 0
2026-10-09T14:21:45.8109372Z   ENABLE_CLOUD: false
2026-10-09T14:21:45.8109494Z   CREDENTIAL_VAULT_BACKEND: memory
2026-10-09T14:21:45.8109651Z   CREDENTIAL_VAULT_ALLOW_MEMORY_FALLBACK: true
2026-10-09T14:21:45.8109819Z   PYTHONDONTWRITEBYTECODE: 1
2026-10-09T14:21:45.8109959Z   HF_HUB_OFFLINE: 1
2026-10-09T14:21:45.8110079Z   TRANSFORMERS_OFFLINE: 1
2026-10-09T14:21:45.8110239Z   pythonLocation: C:\hostedtoolcache\windows\Python\3.12.9\x64
2026-10-09T14:21:45.8110481Z   PKG_CONFIG_PATH: C:\hostedtoolcache\windows\Python\3.12.9\x64/lib/pkgconfig
2026-10-09T14:21:45.8110734Z   Python_ROOT_DIR: C:\hostedtoolcache\windows\Python\3.12.9\x64
2026-10-09T14:21:45.8110954Z   Python2_ROOT_DIR: C:\hostedtoolcache\windows\Python\3.12.9\x64
2026-10-09T14:21:45.8111203Z   Python3_ROOT_DIR: C:\hostedtoolcache\windows\Python\3.12.9\x64
2026-10-09T14:21:45.8111392Z   DOTNET_ROOT: C:\Program Files\dotnet
2026-10-09T14:21:45.8111558Z   NOVEL_DATA_PATH: D:\a\_temp\novel-r2-native/data
2026-10-09T14:21:45.8111750Z   PROJECT_ROOT: D:\a\AI-Novel-Studio\AI-Novel-Studio
2026-10-09T14:21:45.8111913Z   STORAGE_BACKEND: file
2026-10-09T14:21:45.8112050Z   CI_RECEIPTS: D:\a\_temp\novel-r2-native/receipts
2026-10-09T14:21:45.8112221Z   R2_HOST_OUTPUT: D:\a\_temp\novel-r2-native/host
2026-10-09T14:21:45.8112388Z ##[endgroup]
2026-10-09T14:21:52.2239769Z   Determining projects to restore...
2026-10-09T14:21:56.6775385Z   Restored D:\a\AI-Novel-Studio\AI-Novel-Studio\desktop-host\AI.NovelStudio.DesktopHost\AI.NovelStudio.DesktopHost.csproj (in 1.38 sec).
2026-10-09T14:21:58.7796713Z   AI.NovelStudio.DesktopHost -> D:\a\AI-Novel-Studio\AI-Novel-Studio\desktop-host\AI.NovelStudio.DesktopHost\bin\Release\net8.0-windows\win-x64\AI-Novel-Studio.DesktopHost.dll
2026-10-09T14:21:58.8034790Z   AI.NovelStudio.DesktopHost -> D:\a\_temp\novel-r2-native\host\
2026-10-09T14:21:58.9168777Z ##[group]Run python -m pytest -q -ra --tb=short tests/test_runtime_ownership_foundation_v070.py tests/test_webview2_host_contract_v070.py tests/test_packaged_process_factory_v070.py tests/test_packaged_local_session_bootstrap_v070.py tests/test_packaged_desktop_bridge_v070.py tests/test_packaged_postgres_migrations_v070.py tests/test_windows_packaging_host_provenance_v070.py --junitxml="$env:CI_RECEIPTS/windows.xml" 2>&1 | Tee-Object "$env:CI_RECEIPTS/windows-tests.log"
2026-10-09T14:21:58.9170724Z [36;1mpython -m pytest -q -ra --tb=short tests/test_runtime_ownership_foundation_v070.py tests/test_webview2_host_contract_v070.py tests/test_packaged_process_factory_v070.py tests/test_packaged_local_session_bootstrap_v070.py tests/test_packaged_desktop_bridge_v070.py tests/test_packaged_postgres_migrations_v070.py tests/test_windows_packaging_host_provenance_v070.py --junitxml="$env:CI_RECEIPTS/windows.xml" 2>&1 | Tee-Object "$env:CI_RECEIPTS/windows-tests.log"[0m
2026-10-09T14:21:58.9171728Z [36;1mexit $LASTEXITCODE[0m
2026-10-09T14:21:58.9198170Z shell: C:\Program Files\PowerShell\7\pwsh.EXE -command ". '{0}'"
2026-10-09T14:21:58.9198365Z env:
2026-10-09T14:21:58.9198476Z   MOCK_PROVIDER: true
2026-10-09T14:21:58.9198594Z   MOCK_STREAM_DELAY_MS: 0
2026-10-09T14:21:58.9198713Z   ENABLE_CLOUD: false
2026-10-09T14:21:58.9198835Z   CREDENTIAL_VAULT_BACKEND: memory
2026-10-09T14:21:58.9198994Z   CREDENTIAL_VAULT_ALLOW_MEMORY_FALLBACK: true
2026-10-09T14:21:58.9199158Z   PYTHONDONTWRITEBYTECODE: 1
2026-10-09T14:21:58.9199284Z   HF_HUB_OFFLINE: 1
2026-10-09T14:21:58.9199394Z   TRANSFORMERS_OFFLINE: 1
2026-10-09T14:21:58.9199559Z   pythonLocation: C:\hostedtoolcache\windows\Python\3.12.9\x64
2026-10-09T14:21:58.9199796Z   PKG_CONFIG_PATH: C:\hostedtoolcache\windows\Python\3.12.9\x64/lib/pkgconfig
2026-10-09T14:21:58.9200040Z   Python_ROOT_DIR: C:\hostedtoolcache\windows\Python\3.12.9\x64
2026-10-09T14:21:58.9200424Z   Python2_ROOT_DIR: C:\hostedtoolcache\windows\Python\3.12.9\x64
2026-10-09T14:21:58.9200647Z   Python3_ROOT_DIR: C:\hostedtoolcache\windows\Python\3.12.9\x64
2026-10-09T14:21:58.9200831Z   DOTNET_ROOT: C:\Program Files\dotnet
2026-10-09T14:21:58.9200993Z   NOVEL_DATA_PATH: D:\a\_temp\novel-r2-native/data
2026-10-09T14:21:58.9201183Z   PROJECT_ROOT: D:\a\AI-Novel-Studio\AI-Novel-Studio
2026-10-09T14:21:58.9201345Z   STORAGE_BACKEND: file
2026-10-09T14:21:58.9201483Z   CI_RECEIPTS: D:\a\_temp\novel-r2-native/receipts
2026-10-09T14:21:58.9201657Z   R2_HOST_OUTPUT: D:\a\_temp\novel-r2-native/host
2026-10-09T14:21:58.9201811Z ##[endgroup]
2026-10-09T14:22:13.4287366Z ...........................................................              [100%]
2026-10-09T14:22:13.4289001Z ============================== warnings summary ===============================
2026-10-09T14:22:13.4290246Z C:\hostedtoolcache\windows\Python\3.12.9\x64\Lib\site-packages\fastapi\testclient.py:1
2026-10-09T14:22:13.4291837Z   C:\hostedtoolcache\windows\Python\3.12.9\x64\Lib\site-packages\fastapi\testclient.py:1: StarletteDeprecationWarning: Using `httpx` with `starlette.testclient` is deprecated; install `httpx2` instead.
2026-10-09T14:22:13.4292689Z     from starlette.testclient import TestClient as TestClient  # noqa
2026-10-09T14:22:13.4404155Z 
2026-10-09T14:22:13.4404735Z -- Docs: https://docs.pytest.org/en/stable/how-to/capture-warnings.html
2026-10-09T14:22:13.4405080Z ----- generated xml file: D:\a\_temp\novel-r2-native\receipts\windows.xml -----
2026-10-09T14:22:13.4405315Z 59 passed, 1 warning in 12.33s
2026-10-09T14:22:15.1162005Z ##[group]Run python scripts/run_v2_checks.py cloud-windows-v2-environment-contracts -- python -m pytest -q -ra --tb=short -p no:cacheprovider --basetemp=.runtime/v2-checks/cloud-windows-v2-environment-contracts/pytest tests/test_local_ai_environment_v2.py::test_common_roots_are_fixed_scoped_windows_locations tests/test_local_ai_environment_v2.py::test_system_component_presence_is_not_a_driver_or_inference_claim tests/test_local_ai_environment_v2.py::test_environment_get_is_session_protected_and_never_scans --junitxml="$env:CI_RECEIPTS/windows-v2-environment.xml"
2026-10-09T14:22:15.1164260Z [36;1mpython scripts/run_v2_checks.py cloud-windows-v2-environment-contracts -- python -m pytest -q -ra --tb=short -p no:cacheprovider --basetemp=.runtime/v2-checks/cloud-windows-v2-environment-contracts/pytest tests/test_local_ai_environment_v2.py::test_common_roots_are_fixed_scoped_windows_locations tests/test_local_ai_environment_v2.py::test_system_component_presence_is_not_a_driver_or_inference_claim tests/test_local_ai_environment_v2.py::test_environment_get_is_session_protected_and_never_scans --junitxml="$env:CI_RECEIPTS/windows-v2-environment.xml"[0m
2026-10-09T14:22:15.1165355Z [36;1m$testExit = $LASTEXITCODE[0m
2026-10-09T14:22:15.1165640Z [36;1mCopy-Item docs/delivery/v2-development/cloud-windows-v2-environment-contracts.* "$env:CI_RECEIPTS/"[0m
2026-10-09T14:22:15.1165926Z [36;1mexit $testExit[0m
2026-10-09T14:22:15.1191708Z shell: C:\Program Files\PowerShell\7\pwsh.EXE -command ". '{0}'"
2026-10-09T14:22:15.1191906Z env:
2026-10-09T14:22:15.1192016Z   MOCK_PROVIDER: true
2026-10-09T14:22:15.1192140Z   MOCK_STREAM_DELAY_MS: 0
2026-10-09T14:22:15.1192259Z   ENABLE_CLOUD: false
2026-10-09T14:22:15.1192383Z   CREDENTIAL_VAULT_BACKEND: memory
2026-10-09T14:22:15.1192540Z   CREDENTIAL_VAULT_ALLOW_MEMORY_FALLBACK: true
2026-10-09T14:22:15.1192704Z   PYTHONDONTWRITEBYTECODE: 1
2026-10-09T14:22:15.1192836Z   HF_HUB_OFFLINE: 1
2026-10-09T14:22:15.1192955Z   TRANSFORMERS_OFFLINE: 1
2026-10-09T14:22:15.1193124Z   pythonLocation: C:\hostedtoolcache\windows\Python\3.12.9\x64
2026-10-09T14:22:15.1193368Z   PKG_CONFIG_PATH: C:\hostedtoolcache\windows\Python\3.12.9\x64/lib/pkgconfig
2026-10-09T14:22:15.1193615Z   Python_ROOT_DIR: C:\hostedtoolcache\windows\Python\3.12.9\x64
2026-10-09T14:22:15.1193836Z   Python2_ROOT_DIR: C:\hostedtoolcache\windows\Python\3.12.9\x64
2026-10-09T14:22:15.1194205Z   Python3_ROOT_DIR: C:\hostedtoolcache\windows\Python\3.12.9\x64
2026-10-09T14:22:15.1194394Z   DOTNET_ROOT: C:\Program Files\dotnet
2026-10-09T14:22:15.1194556Z   NOVEL_DATA_PATH: D:\a\_temp\novel-r2-native/data
2026-10-09T14:22:15.1194747Z   PROJECT_ROOT: D:\a\AI-Novel-Studio\AI-Novel-Studio
2026-10-09T14:22:15.1194918Z   STORAGE_BACKEND: file
2026-10-09T14:22:15.1195057Z   CI_RECEIPTS: D:\a\_temp\novel-r2-native/receipts
2026-10-09T14:22:15.1195229Z   R2_HOST_OUTPUT: D:\a\_temp\novel-r2-native/host
2026-10-09T14:22:15.1195384Z ##[endgroup]
2026-10-09T14:22:21.8455172Z ...                                                                      [100%]
2026-10-09T14:22:21.8455667Z ============================== warnings summary ===============================
2026-10-09T14:22:21.8456173Z C:\hostedtoolcache\windows\Python\3.12.9\x64\Lib\site-packages\fastapi\testclient.py:1
2026-10-09T14:22:21.8457186Z   C:\hostedtoolcache\windows\Python\3.12.9\x64\Lib\site-packages\fastapi\testclient.py:1: StarletteDeprecationWarning: Using `httpx` with `starlette.testclient` is deprecated; install `httpx2` instead.
2026-10-09T14:22:21.8458142Z     from starlette.testclient import TestClient as TestClient  # noqa
2026-10-09T14:22:21.8458441Z 
2026-10-09T14:22:21.8458696Z -- Docs: https://docs.pytest.org/en/stable/how-to/capture-warnings.html
2026-10-09T14:22:21.8459354Z - generated xml file: D:\a\_temp\novel-r2-native\receipts\windows-v2-environment.xml -
2026-10-09T14:22:21.8459775Z 3 passed, 1 warning in 3.53s
2026-10-09T14:22:21.8459914Z 
2026-10-09T14:22:21.8462036Z {"receipt": "docs/delivery/v2-development/cloud-windows-v2-environment-contracts.json", "status": "PASS"}
2026-10-09T14:22:21.9474404Z ##[group]Run actions/upload-artifact@v4.6.2
2026-10-09T14:22:21.9474613Z with:
2026-10-09T14:22:21.9474774Z   name: windows-host-99c43b6892038233c390be2ae61acb669163d0b5
2026-10-09T14:22:21.9475060Z   path: D:\a\_temp\novel-r2-native/receipts
D:\a\_temp\novel-r2-native/host

2026-10-09T14:22:21.9475291Z   if-no-files-found: error
2026-10-09T14:22:21.9475420Z   retention-days: 14
2026-10-09T14:22:21.9475544Z   compression-level: 6
2026-10-09T14:22:21.9475658Z   overwrite: false
2026-10-09T14:22:21.9475777Z   include-hidden-files: false
2026-10-09T14:22:21.9475907Z env:
2026-10-09T14:22:21.9476009Z   MOCK_PROVIDER: true
2026-10-09T14:22:21.9476126Z   MOCK_STREAM_DELAY_MS: 0
2026-10-09T14:22:21.9476246Z   ENABLE_CLOUD: false
2026-10-09T14:22:21.9476361Z   CREDENTIAL_VAULT_BACKEND: memory
2026-10-09T14:22:21.9476509Z   CREDENTIAL_VAULT_ALLOW_MEMORY_FALLBACK: true
2026-10-09T14:22:21.9476670Z   PYTHONDONTWRITEBYTECODE: 1
2026-10-09T14:22:21.9476823Z   HF_HUB_OFFLINE: 1
2026-10-09T14:22:21.9476931Z   TRANSFORMERS_OFFLINE: 1
2026-10-09T14:22:21.9477094Z   pythonLocation: C:\hostedtoolcache\windows\Python\3.12.9\x64
2026-10-09T14:22:21.9477344Z   PKG_CONFIG_PATH: C:\hostedtoolcache\windows\Python\3.12.9\x64/lib/pkgconfig
2026-10-09T14:22:21.9477599Z   Python_ROOT_DIR: C:\hostedtoolcache\windows\Python\3.12.9\x64
2026-10-09T14:22:21.9477826Z   Python2_ROOT_DIR: C:\hostedtoolcache\windows\Python\3.12.9\x64
2026-10-09T14:22:21.9478052Z   Python3_ROOT_DIR: C:\hostedtoolcache\windows\Python\3.12.9\x64
2026-10-09T14:22:21.9478233Z   DOTNET_ROOT: C:\Program Files\dotnet
2026-10-09T14:22:21.9478392Z   NOVEL_DATA_PATH: D:\a\_temp\novel-r2-native/data
2026-10-09T14:22:21.9478573Z   PROJECT_ROOT: D:\a\AI-Novel-Studio\AI-Novel-Studio
2026-10-09T14:22:21.9478730Z   STORAGE_BACKEND: file
2026-10-09T14:22:21.9478866Z   CI_RECEIPTS: D:\a\_temp\novel-r2-native/receipts
2026-10-09T14:22:21.9479036Z   R2_HOST_OUTPUT: D:\a\_temp\novel-r2-native/host
2026-10-09T14:22:21.9479189Z ##[endgroup]
2026-10-09T14:22:22.0877114Z (node:3420) [DEP0040] DeprecationWarning: The `punycode` module is deprecated. Please use a userland alternative instead.
2026-10-09T14:22:22.0877576Z (Use `node --trace-deprecation ...` to show where the warning was created)
2026-10-09T14:22:22.0968985Z Multiple search paths detected. Calculating the least common ancestor of all paths
2026-10-09T14:22:22.0970910Z The least common ancestor is D:\a\_temp\novel-r2-native. This will be the root directory of the artifact
2026-10-09T14:22:22.0971381Z With the provided path, there will be 20 files uploaded
2026-10-09T14:22:22.0974893Z Artifact name is valid!
2026-10-09T14:22:22.0975944Z Root directory input is valid!
2026-10-09T14:22:22.4683209Z Beginning upload of artifact content to blob storage
2026-10-09T14:22:22.5385954Z (node:3420) [DEP0169] DeprecationWarning: `url.parse()` behavior is not standardized and prone to errors that have security implications. Use the WHATWG URL API instead. CVEs are not issued for `url.parse()` vulnerabilities.
2026-10-09T14:22:23.0628439Z Uploaded bytes 689731
2026-10-09T14:22:23.1188643Z Finished uploading artifact content to blob storage!
2026-10-09T14:22:23.1189116Z SHA256 digest of uploaded artifact zip is 452e2eeead5587a83ad3981687e9508900d29cb6dd78c0e76ed803ad6842c8ab
2026-10-09T14:22:23.1190867Z Finalizing artifact upload
2026-10-09T14:22:23.3936952Z Artifact windows-host-99c43b6892038233c390be2ae61acb669163d0b5.zip successfully finalized. Artifact ID 11623042218
2026-10-09T14:22:23.3937844Z Artifact windows-host-99c43b6892038233c390be2ae61acb669163d0b5 has been successfully uploaded! Final size is 689731 bytes. Artifact ID is 11623042218
2026-10-09T14:22:23.3945499Z Artifact download URL: https://github.com/1785235376-blip/AI-Novel-Studio/actions/runs/37943398984/artifacts/11623042218
2026-10-09T14:22:23.4195878Z Post job cleanup.
2026-10-09T14:22:23.5220597Z (node:6036) [DEP0040] DeprecationWarning: The `punycode` module is deprecated. Please use a userland alternative instead.
2026-10-09T14:22:23.5221047Z (Use `node --trace-deprecation ...` to show where the warning was created)
2026-10-09T14:22:23.5438746Z Post job cleanup.
2026-10-09T14:22:23.6498313Z (node:3380) [DEP0040] DeprecationWarning: The `punycode` module is deprecated. Please use a userland alternative instead.
2026-10-09T14:22:23.6498783Z (Use `node --trace-deprecation ...` to show where the warning was created)
2026-10-09T14:22:23.6735160Z Post job cleanup.
2026-10-09T14:22:23.7936550Z [command]"C:\Program Files\Git\bin\git.exe" version
2026-10-09T14:22:23.8163001Z git version 2.56.0.windows.1
2026-10-09T14:22:23.8212038Z Temporarily overriding HOME='D:\a\_temp\98cdba63-be0b-4c9a-9774-b10fd38f095f' before making global git config changes
2026-10-09T14:22:23.8212486Z Adding repository directory to the temporary git global config as a safe directory
2026-10-09T14:22:23.8220547Z [command]"C:\Program Files\Git\bin\git.exe" config --global --add safe.directory D:\a\AI-Novel-Studio\AI-Novel-Studio
2026-10-09T14:22:23.8485035Z [command]"C:\Program Files\Git\bin\git.exe" config --local --name-only --get-regexp core\.sshCommand
2026-10-09T14:22:23.8754399Z [command]"C:\Program Files\Git\bin\git.exe" submodule foreach --recursive "sh -c \"git config --local --name-only --get-regexp 'core\.sshCommand' && git config --local --unset-all 'core.sshCommand' || :\""
2026-10-09T14:22:24.3133374Z [command]"C:\Program Files\Git\bin\git.exe" config --local --name-only --get-regexp http\.https\:\/\/github\.com\/\.extraheader
2026-10-09T14:22:24.3377855Z [command]"C:\Program Files\Git\bin\git.exe" submodule foreach --recursive "sh -c \"git config --local --name-only --get-regexp 'http\.https\:\/\/github\.com\/\.extraheader' && git config --local --unset-all 'http.https://github.com/.extraheader' || :\""
2026-10-09T14:22:24.8004307Z Cleaning up orphan processes
2026-10-09T14:22:24.8496626Z Terminate orphan process: pid (4752) (dotnet)
2026-10-09T14:22:24.8713260Z Terminate orphan process: pid (4212) (conhost)
2026-10-09T14:22:24.8726008Z ##[warning]Node.js 20 is deprecated. The following actions target Node.js 20 but are being forced to run on Node.js 24: actions/checkout@v4.2.2, actions/setup-dotnet@v4, actions/setup-python@v5.6.0, actions/upload-artifact@v4.6.2. For more information see: https://github.blog/changelog/2025-09-19-deprecation-of-node-20-on-github-actions-runners/
