2026-10-09T16:37:31.0334098Z Current runner version: '2.337.0'
2026-10-09T16:37:31.0354744Z ##[group]Runner Image Provisioner
2026-10-09T16:37:31.0355436Z Hosted Compute Agent
2026-10-09T16:37:31.0356212Z Version: 20261002.596
2026-10-09T16:37:31.0356763Z Commit: c3d12f3313a95f25162a1503be624f3b0617f8c0
2026-10-09T16:37:31.0357354Z Build Date: 2026-10-02T22:28:27Z
2026-10-09T16:37:31.0357972Z Worker ID: {1eb4b28f-bbab-4b8b-9cb5-24df1f034016}
2026-10-09T16:37:31.0358553Z Region: westus3
2026-10-09T16:37:31.0359032Z Cloud: Azure
2026-10-09T16:37:31.0359559Z ##[endgroup]
2026-10-09T16:37:31.0360962Z ##[group]Operating System
2026-10-09T16:37:31.0361551Z Ubuntu
2026-10-09T16:37:31.0361985Z 24.04.5
2026-10-09T16:37:31.0362442Z LTS
2026-10-09T16:37:31.0362917Z ##[endgroup]
2026-10-09T16:37:31.0363382Z ##[group]Runner Image
2026-10-09T16:37:31.0363916Z Image: ubuntu-24.04
2026-10-09T16:37:31.0364384Z Version: 20261004.327.1
2026-10-09T16:37:31.0365477Z Included Software: https://github.com/actions/runner-images/blob/ubuntu24/20261004.327/images/ubuntu/Ubuntu2404-Readme.md
2026-10-09T16:37:31.0366891Z Image Release: https://github.com/actions/runner-images/releases/tag/ubuntu24%2F20261004.327
2026-10-09T16:37:31.0367720Z ##[endgroup]
2026-10-09T16:37:31.0368626Z ##[group]GITHUB_TOKEN Permissions
2026-10-09T16:37:31.0370195Z Contents: read
2026-10-09T16:37:31.0370720Z Metadata: read
2026-10-09T16:37:31.0371244Z ##[endgroup]
2026-10-09T16:37:31.0372899Z Secret source: Actions
2026-10-09T16:37:31.0373626Z Cache mode: write
2026-10-09T16:37:31.0374305Z Prepare workflow directory
2026-10-09T16:37:31.0714663Z Prepare all required actions
2026-10-09T16:37:31.0753274Z Getting action download info
2026-10-09T16:37:31.4074868Z Download action repository 'actions/checkout@v4.2.2' (SHA:11bd71901bbe5b1630ceea73d27597364c9af683)
2026-10-09T16:37:31.4951221Z Download action repository 'actions/setup-python@v5.6.0' (SHA:a26af69be951a213d495a4c3e4e4022e16d87065)
2026-10-09T16:37:31.6084677Z Download action repository 'actions/download-artifact@v4.3.0' (SHA:d3f86a106a0bac45b974a628896c90dbdf5c8093)
2026-10-09T16:37:32.3718444Z Download action repository 'actions/upload-artifact@v4.6.2' (SHA:ea165f8d65b6e75b540449e92b4886f43607fa02)
2026-10-09T16:37:32.6195744Z Complete job name: Backend / file
2026-10-09T16:37:32.6808877Z ##[group]Run actions/checkout@v4.2.2
2026-10-09T16:37:32.6809558Z with:
2026-10-09T16:37:32.6809932Z   persist-credentials: false
2026-10-09T16:37:32.6810371Z   repository: 1785235376-blip/AI-Novel-Studio
2026-10-09T16:37:32.6813648Z   token: ***
2026-10-09T16:37:32.6814005Z   ssh-strict: true
2026-10-09T16:37:32.6814355Z   ssh-user: git
2026-10-09T16:37:32.6814694Z   clean: true
2026-10-09T16:37:32.6815051Z   sparse-checkout-cone-mode: true
2026-10-09T16:37:32.6815471Z   fetch-depth: 1
2026-10-09T16:37:32.6815967Z   fetch-tags: false
2026-10-09T16:37:32.6816327Z   show-progress: true
2026-10-09T16:37:32.6816698Z   lfs: false
2026-10-09T16:37:32.6817042Z   submodules: false
2026-10-09T16:37:32.6817399Z   set-safe-directory: true
2026-10-09T16:37:32.6817956Z env:
2026-10-09T16:37:32.6818282Z   MOCK_PROVIDER: true
2026-10-09T16:37:32.6818649Z   MOCK_STREAM_DELAY_MS: 0
2026-10-09T16:37:32.6819037Z   ENABLE_CLOUD: false
2026-10-09T16:37:32.6819411Z   CREDENTIAL_VAULT_BACKEND: memory
2026-10-09T16:37:32.6819897Z   CREDENTIAL_VAULT_ALLOW_MEMORY_FALLBACK: true
2026-10-09T16:37:32.6820373Z   PYTHONDONTWRITEBYTECODE: 1
2026-10-09T16:37:32.6820761Z   HF_HUB_OFFLINE: 1
2026-10-09T16:37:32.6821113Z   TRANSFORMERS_OFFLINE: 1
2026-10-09T16:37:32.6821479Z ##[endgroup]
2026-10-09T16:37:32.7709324Z Syncing repository: 1785235376-blip/AI-Novel-Studio
2026-10-09T16:37:32.7711374Z ##[group]Getting Git version info
2026-10-09T16:37:32.7712315Z Working directory is '/home/runner/work/AI-Novel-Studio/AI-Novel-Studio'
2026-10-09T16:37:32.7713705Z [command]/usr/bin/git version
2026-10-09T16:37:32.7714315Z git version 2.55.0
2026-10-09T16:37:32.7716384Z ##[endgroup]
2026-10-09T16:37:32.7720796Z Temporarily overriding HOME='/home/runner/work/_temp/38805fae-b701-499b-b859-169b603d0932' before making global git config changes
2026-10-09T16:37:32.7722905Z Adding repository directory to the temporary git global config as a safe directory
2026-10-09T16:37:32.7724644Z [command]/usr/bin/git config --global --add safe.directory /home/runner/work/AI-Novel-Studio/AI-Novel-Studio
2026-10-09T16:37:32.7770609Z Deleting the contents of '/home/runner/work/AI-Novel-Studio/AI-Novel-Studio'
2026-10-09T16:37:32.7773637Z ##[group]Initializing the repository
2026-10-09T16:37:32.7777197Z [command]/usr/bin/git init /home/runner/work/AI-Novel-Studio/AI-Novel-Studio
2026-10-09T16:37:32.7878444Z hint: Using 'master' as the name for the initial branch. This default branch name
2026-10-09T16:37:32.7879635Z hint: will change to "main" in Git 3.0. To configure the initial branch name
2026-10-09T16:37:32.7880801Z hint: to use in all of your new repositories, which will suppress this warning,
2026-10-09T16:37:32.7881709Z hint: call:
2026-10-09T16:37:32.7882207Z hint:
2026-10-09T16:37:32.7882837Z hint: 	git config --global init.defaultBranch <name>
2026-10-09T16:37:32.7883637Z hint:
2026-10-09T16:37:32.7884336Z hint: Names commonly chosen instead of 'master' are 'main', 'trunk' and
2026-10-09T16:37:32.7885665Z hint: 'development'. The just-created branch can be renamed via this command:
2026-10-09T16:37:32.7886546Z hint:
2026-10-09T16:37:32.7887058Z hint: 	git branch -m <name>
2026-10-09T16:37:32.7887646Z hint:
2026-10-09T16:37:32.7888416Z hint: Disable this message with "git config set advice.defaultBranchName false"
2026-10-09T16:37:32.7889766Z Initialized empty Git repository in /home/runner/work/AI-Novel-Studio/AI-Novel-Studio/.git/
2026-10-09T16:37:32.7898265Z [command]/usr/bin/git remote add origin https://github.com/1785235376-blip/AI-Novel-Studio
2026-10-09T16:37:32.7943255Z ##[endgroup]
2026-10-09T16:37:32.7944252Z ##[group]Disabling automatic garbage collection
2026-10-09T16:37:32.7946727Z [command]/usr/bin/git config --local gc.auto 0
2026-10-09T16:37:32.7988565Z ##[endgroup]
2026-10-09T16:37:32.7989527Z ##[group]Setting up auth
2026-10-09T16:37:32.7992070Z [command]/usr/bin/git config --local --name-only --get-regexp core\.sshCommand
2026-10-09T16:37:32.8024783Z [command]/usr/bin/git submodule foreach --recursive sh -c "git config --local --name-only --get-regexp 'core\.sshCommand' && git config --local --unset-all 'core.sshCommand' || :"
2026-10-09T16:37:32.8351369Z [command]/usr/bin/git config --local --name-only --get-regexp http\.https\:\/\/github\.com\/\.extraheader
2026-10-09T16:37:32.8384873Z [command]/usr/bin/git submodule foreach --recursive sh -c "git config --local --name-only --get-regexp 'http\.https\:\/\/github\.com\/\.extraheader' && git config --local --unset-all 'http.https://github.com/.extraheader' || :"
2026-10-09T16:37:32.8577259Z [command]/usr/bin/git config --local http.https://github.com/.extraheader AUTHORIZATION: basic ***
2026-10-09T16:37:32.8613796Z ##[endgroup]
2026-10-09T16:37:32.8614516Z ##[group]Fetching the repository
2026-10-09T16:37:32.8621555Z [command]/usr/bin/git -c protocol.version=2 fetch --no-tags --prune --no-recurse-submodules --depth=1 origin +02a3f6e9908f785a308a4605e362f8876aed4d8b:refs/remotes/pull/47/merge
2026-10-09T16:37:38.7207354Z From https://github.com/1785235376-blip/AI-Novel-Studio
2026-10-09T16:37:38.7208958Z  * [new ref]         02a3f6e9908f785a308a4605e362f8876aed4d8b -> pull/47/merge
2026-10-09T16:37:38.7226979Z ##[endgroup]
2026-10-09T16:37:38.7227468Z ##[group]Determining the checkout info
2026-10-09T16:37:38.7228101Z ##[endgroup]
2026-10-09T16:37:38.7228627Z [command]/usr/bin/git sparse-checkout disable
2026-10-09T16:37:38.7268300Z [command]/usr/bin/git config --local --unset-all extensions.worktreeConfig
2026-10-09T16:37:38.7295214Z ##[group]Checking out the ref
2026-10-09T16:37:38.7298337Z [command]/usr/bin/git checkout --progress --force refs/remotes/pull/47/merge
2026-10-09T16:37:39.2848062Z Note: switching to 'refs/remotes/pull/47/merge'.
2026-10-09T16:37:39.2848467Z 
2026-10-09T16:37:39.2848759Z You are in 'detached HEAD' state. You can look around, make experimental
2026-10-09T16:37:39.2849983Z changes and commit them, and you can discard any commits you make in this
2026-10-09T16:37:39.2850668Z state without impacting any branches by switching back to a branch.
2026-10-09T16:37:39.2851162Z 
2026-10-09T16:37:39.2851468Z If you want to create a new branch to retain commits you create, you may
2026-10-09T16:37:39.2852099Z do so (now or later) by using -c with the switch command. Example:
2026-10-09T16:37:39.2852444Z 
2026-10-09T16:37:39.2852607Z   git switch -c <new-branch-name>
2026-10-09T16:37:39.2852848Z 
2026-10-09T16:37:39.2853018Z Or undo this operation with:
2026-10-09T16:37:39.2853267Z 
2026-10-09T16:37:39.2853404Z   git switch -
2026-10-09T16:37:39.2853581Z 
2026-10-09T16:37:39.2853781Z Turn off this advice by setting config variable advice.detachedHead to false
2026-10-09T16:37:39.2854092Z 
2026-10-09T16:37:39.2854384Z HEAD is now at 02a3f6e Merge 9851bdd2d692df983664bc8f4597fbc05c0e2ceb into fed2404c8e30b44061b7139dced45b7f3301601c
2026-10-09T16:37:39.2891490Z ##[endgroup]
2026-10-09T16:37:39.2932438Z [command]/usr/bin/git log -1 --format=%H
2026-10-09T16:37:39.2957738Z 02a3f6e9908f785a308a4605e362f8876aed4d8b
2026-10-09T16:37:39.2965274Z ##[group]Removing auth
2026-10-09T16:37:39.2968405Z [command]/usr/bin/git config --local --name-only --get-regexp core\.sshCommand
2026-10-09T16:37:39.2996994Z [command]/usr/bin/git submodule foreach --recursive sh -c "git config --local --name-only --get-regexp 'core\.sshCommand' && git config --local --unset-all 'core.sshCommand' || :"
2026-10-09T16:37:39.3189950Z [command]/usr/bin/git config --local --name-only --get-regexp http\.https\:\/\/github\.com\/\.extraheader
2026-10-09T16:37:39.3217338Z http.https://github.com/.extraheader
2026-10-09T16:37:39.3223576Z [command]/usr/bin/git config --local --unset-all http.https://github.com/.extraheader
2026-10-09T16:37:39.3255036Z [command]/usr/bin/git submodule foreach --recursive sh -c "git config --local --name-only --get-regexp 'http\.https\:\/\/github\.com\/\.extraheader' && git config --local --unset-all 'http.https://github.com/.extraheader' || :"
2026-10-09T16:37:39.3443582Z ##[endgroup]
2026-10-09T16:37:39.3696647Z ##[group]Run actions/setup-python@v5.6.0
2026-10-09T16:37:39.3696947Z with:
2026-10-09T16:37:39.3697155Z   python-version: 3.12.9
2026-10-09T16:37:39.3697387Z   check-latest: false
2026-10-09T16:37:39.3699565Z   token: ***
2026-10-09T16:37:39.3699781Z   update-environment: true
2026-10-09T16:37:39.3700025Z   allow-prereleases: false
2026-10-09T16:37:39.3700249Z   freethreaded: false
2026-10-09T16:37:39.3700459Z env:
2026-10-09T16:37:39.3700650Z   MOCK_PROVIDER: true
2026-10-09T16:37:39.3700865Z   MOCK_STREAM_DELAY_MS: 0
2026-10-09T16:37:39.3701083Z   ENABLE_CLOUD: false
2026-10-09T16:37:39.3701310Z   CREDENTIAL_VAULT_BACKEND: memory
2026-10-09T16:37:39.3701581Z   CREDENTIAL_VAULT_ALLOW_MEMORY_FALLBACK: true
2026-10-09T16:37:39.3701858Z   PYTHONDONTWRITEBYTECODE: 1
2026-10-09T16:37:39.3702088Z   HF_HUB_OFFLINE: 1
2026-10-09T16:37:39.3702298Z   TRANSFORMERS_OFFLINE: 1
2026-10-09T16:37:39.3702542Z ##[endgroup]
2026-10-09T16:37:39.4759810Z ##[group]Installed versions
2026-10-09T16:37:39.4777248Z Version 3.12.9 was not found in the local cache
2026-10-09T16:37:39.4879695Z (node:2116) [DEP0040] DeprecationWarning: The `punycode` module is deprecated. Please use a userland alternative instead.
2026-10-09T16:37:39.4880749Z (Use `node --trace-deprecation ...` to show where the warning was created)
2026-10-09T16:37:40.5808744Z Version 3.12.9 is available for downloading
2026-10-09T16:37:40.5810099Z Download from "https://github.com/actions/python-versions/releases/download/3.12.9-13149478207/python-3.12.9-linux-24.04-x64.tar.gz"
2026-10-09T16:37:41.2377033Z Extract downloaded archive
2026-10-09T16:37:41.2482531Z [command]/usr/bin/tar xz --warning=no-unknown-keyword --overwrite -C /home/runner/work/_temp/078f744d-a827-4270-ad06-8421539f6e0c -f /home/runner/work/_temp/6e6fa916-6f0b-4adb-a241-c8f8025d7f65
2026-10-09T16:37:42.9962945Z Execute installation script
2026-10-09T16:37:43.0049184Z Check if Python hostedtoolcache folder exist...
2026-10-09T16:37:43.0049793Z Create Python 3.12.9 folder
2026-10-09T16:37:43.0060891Z Copy Python binaries to hostedtoolcache folder
2026-10-09T16:37:43.3880089Z Create additional symlinks (Required for the UsePythonVersion Azure Pipelines task and the setup-python GitHub Action)
2026-10-09T16:37:43.3915122Z Upgrading pip...
2026-10-09T16:37:45.2806832Z Looking in links: /tmp/tmpejss___1
2026-10-09T16:37:45.2811244Z Requirement already satisfied: pip in /opt/hostedtoolcache/Python/3.12.9/x64/lib/python3.12/site-packages (24.3.1)
2026-10-09T16:37:46.6006825Z Collecting pip
2026-10-09T16:37:46.6263894Z Downloading pip-26.2.1-py3-none-any.whl.metadata (4.6 kB)
2026-10-09T16:37:46.6327054Z Downloading pip-26.2.1-py3-none-any.whl (1.8 MB)
2026-10-09T16:37:46.6632755Z ━━━━━━━━━━━━━━━━━━━━━━━━━━━━━━━━━━━━━━━━ 1.8/1.8 MB 95.8 MB/s eta 0:00:00
2026-10-09T16:37:46.6633201Z 
2026-10-09T16:37:46.6803926Z Installing collected packages: pip
2026-10-09T16:37:46.6804415Z Attempting uninstall: pip
2026-10-09T16:37:46.6820107Z Found existing installation: pip 24.3.1
2026-10-09T16:37:46.7077373Z Uninstalling pip-24.3.1:
2026-10-09T16:37:46.7120588Z Successfully uninstalled pip-24.3.1
2026-10-09T16:37:47.4259289Z Successfully installed pip-26.2.1
2026-10-09T16:37:47.4789768Z Create complete file
2026-10-09T16:37:47.4821866Z Successfully set up CPython (3.12.9)
2026-10-09T16:37:47.4822987Z ##[endgroup]
2026-10-09T16:37:47.4972876Z ##[group]Run test "$EXECUTION_RESULT" = success
2026-10-09T16:37:47.4973229Z [36;1mtest "$EXECUTION_RESULT" = success[0m
2026-10-09T16:37:47.4973481Z [36;1mtest "$TCP_RESULT" = success[0m
2026-10-09T16:37:47.5200214Z shell: /usr/bin/bash -e {0}
2026-10-09T16:37:47.5200442Z env:
2026-10-09T16:37:47.5200602Z   MOCK_PROVIDER: true
2026-10-09T16:37:47.5200789Z   MOCK_STREAM_DELAY_MS: 0
2026-10-09T16:37:47.5200972Z   ENABLE_CLOUD: false
2026-10-09T16:37:47.5201162Z   CREDENTIAL_VAULT_BACKEND: memory
2026-10-09T16:37:47.5201396Z   CREDENTIAL_VAULT_ALLOW_MEMORY_FALLBACK: true
2026-10-09T16:37:47.5201662Z   PYTHONDONTWRITEBYTECODE: 1
2026-10-09T16:37:47.5201865Z   HF_HUB_OFFLINE: 1
2026-10-09T16:37:47.5202039Z   TRANSFORMERS_OFFLINE: 1
2026-10-09T16:37:47.5202287Z   pythonLocation: /opt/hostedtoolcache/Python/3.12.9/x64
2026-10-09T16:37:47.5202643Z   PKG_CONFIG_PATH: /opt/hostedtoolcache/Python/3.12.9/x64/lib/pkgconfig
2026-10-09T16:37:47.5203007Z   Python_ROOT_DIR: /opt/hostedtoolcache/Python/3.12.9/x64
2026-10-09T16:37:47.5203305Z   Python2_ROOT_DIR: /opt/hostedtoolcache/Python/3.12.9/x64
2026-10-09T16:37:47.5203595Z   Python3_ROOT_DIR: /opt/hostedtoolcache/Python/3.12.9/x64
2026-10-09T16:37:47.5203888Z   LD_LIBRARY_PATH: /opt/hostedtoolcache/Python/3.12.9/x64/lib
2026-10-09T16:37:47.5204151Z   EXECUTION_RESULT: cancelled
2026-10-09T16:37:47.5204346Z   TCP_RESULT: success
2026-10-09T16:37:47.5204524Z ##[endgroup]
2026-10-09T16:37:47.5307575Z ##[error]Process completed with exit code 1.
2026-10-09T16:37:47.5430561Z Post job cleanup.
2026-10-09T16:37:47.6095029Z [command]/usr/bin/git version
2026-10-09T16:37:47.6131379Z git version 2.55.0
2026-10-09T16:37:47.6164034Z Temporarily overriding HOME='/home/runner/work/_temp/0080e312-d865-497d-a9d6-7a87477b5576' before making global git config changes
2026-10-09T16:37:47.6165000Z Adding repository directory to the temporary git global config as a safe directory
2026-10-09T16:37:47.6169156Z [command]/usr/bin/git config --global --add safe.directory /home/runner/work/AI-Novel-Studio/AI-Novel-Studio
2026-10-09T16:37:47.6200941Z [command]/usr/bin/git config --local --name-only --get-regexp core\.sshCommand
2026-10-09T16:37:47.6229693Z [command]/usr/bin/git submodule foreach --recursive sh -c "git config --local --name-only --get-regexp 'core\.sshCommand' && git config --local --unset-all 'core.sshCommand' || :"
2026-10-09T16:37:47.6443544Z [command]/usr/bin/git config --local --name-only --get-regexp http\.https\:\/\/github\.com\/\.extraheader
2026-10-09T16:37:47.6476117Z [command]/usr/bin/git submodule foreach --recursive sh -c "git config --local --name-only --get-regexp 'http\.https\:\/\/github\.com\/\.extraheader' && git config --local --unset-all 'http.https://github.com/.extraheader' || :"
2026-10-09T16:37:47.6856884Z Cleaning up orphan processes
2026-10-09T16:37:47.7113758Z ##[warning]Node.js 20 is deprecated. The following actions target Node.js 20 but are being forced to run on Node.js 24: actions/checkout@v4.2.2, actions/setup-python@v5.6.0. For more information see: https://github.blog/changelog/2025-09-19-deprecation-of-node-20-on-github-actions-runners/
