2026-10-09T15:51:26.3559181Z Current runner version: '2.337.0'
2026-10-09T15:51:26.3575368Z ##[group]Runner Image Provisioner
2026-10-09T15:51:26.3575886Z Hosted Compute Agent
2026-10-09T15:51:26.3576268Z Version: 20261002.596
2026-10-09T15:51:26.3576666Z Commit: c3d12f3313a95f25162a1503be624f3b0617f8c0
2026-10-09T15:51:26.3577075Z Build Date: 2026-10-02T22:28:27Z
2026-10-09T15:51:26.3577503Z Worker ID: {c80103a0-b82e-44a1-bd03-7e0ee0c33edf}
2026-10-09T15:51:26.3577902Z Region: centralus
2026-10-09T15:51:26.3578209Z Cloud: Azure
2026-10-09T15:51:26.3578587Z ##[endgroup]
2026-10-09T15:51:26.3579359Z ##[group]Operating System
2026-10-09T15:51:26.3579732Z Ubuntu
2026-10-09T15:51:26.3580070Z 24.04.5
2026-10-09T15:51:26.3580356Z LTS
2026-10-09T15:51:26.3580723Z ##[endgroup]
2026-10-09T15:51:26.3581038Z ##[group]Runner Image
2026-10-09T15:51:26.3581399Z Image: ubuntu-24.04
2026-10-09T15:51:26.3581734Z Version: 20261004.327.1
2026-10-09T15:51:26.3582626Z Included Software: https://github.com/actions/runner-images/blob/ubuntu24/20261004.327/images/ubuntu/Ubuntu2404-Readme.md
2026-10-09T15:51:26.3583456Z Image Release: https://github.com/actions/runner-images/releases/tag/ubuntu24%2F20261004.327
2026-10-09T15:51:26.3584016Z ##[endgroup]
2026-10-09T15:51:26.3584660Z ##[group]GITHUB_TOKEN Permissions
2026-10-09T15:51:26.3585780Z Contents: read
2026-10-09T15:51:26.3586125Z Metadata: read
2026-10-09T15:51:26.3586446Z ##[endgroup]
2026-10-09T15:51:26.3587645Z Secret source: Actions
2026-10-09T15:51:26.3588197Z Cache mode: write
2026-10-09T15:51:26.3588631Z Prepare workflow directory
2026-10-09T15:51:26.3941006Z Prepare all required actions
2026-10-09T15:51:26.3970048Z Getting action download info
2026-10-09T15:51:26.5949373Z Download action repository 'actions/checkout@v4.2.2' (SHA:11bd71901bbe5b1630ceea73d27597364c9af683)
2026-10-09T15:51:26.6975086Z Download action repository 'actions/setup-python@v5.6.0' (SHA:a26af69be951a213d495a4c3e4e4022e16d87065)
2026-10-09T15:51:26.8037821Z Download action repository 'actions/upload-artifact@v4.6.2' (SHA:ea165f8d65b6e75b540449e92b4886f43607fa02)
2026-10-09T15:51:27.0378897Z Complete job name: Protocol and local transport / postgres
2026-10-09T15:51:27.0654837Z ##[group]Checking docker version
2026-10-09T15:51:27.0662513Z ##[command]/usr/bin/docker version --format '{{.Server.APIVersion}}'
2026-10-09T15:51:28.0878276Z '1.48'
2026-10-09T15:51:28.0891515Z Docker daemon API version: '1.48'
2026-10-09T15:51:28.0892550Z ##[command]/usr/bin/docker version --format '{{.Client.APIVersion}}'
2026-10-09T15:51:28.1005572Z '1.48'
2026-10-09T15:51:28.1016256Z Docker client API version: '1.48'
2026-10-09T15:51:28.1019946Z ##[endgroup]
2026-10-09T15:51:28.1021670Z ##[group]Clean up resources from previous jobs
2026-10-09T15:51:28.1025751Z ##[command]/usr/bin/docker ps --all --quiet --no-trunc --filter "label=2ea6ee"
2026-10-09T15:51:28.1256601Z ##[command]/usr/bin/docker network prune --force --filter "label=2ea6ee"
2026-10-09T15:51:28.1387074Z ##[endgroup]
2026-10-09T15:51:28.1387818Z ##[group]Create local container network
2026-10-09T15:51:28.1395117Z ##[command]/usr/bin/docker network create --label 2ea6ee github_network_fdd520b5389b4bf28f4b24f9fee967d2
2026-10-09T15:51:28.1738278Z 5fc5056b9fbceda2c0b536c7f99d1cb73322dcaa06d61d1d2bc8388a05699ac8
2026-10-09T15:51:28.1750722Z ##[endgroup]
2026-10-09T15:51:28.1768813Z ##[group]Starting postgres service container
2026-10-09T15:51:28.1783304Z ##[command]/usr/bin/docker pull postgres:16-alpine
2026-10-09T15:51:28.7570128Z 16-alpine: Pulling from library/postgres
2026-10-09T15:51:28.9184924Z e2de96513ba9: Already exists
2026-10-09T15:51:28.9293501Z 1b7f9cd581ee: Pulling fs layer
2026-10-09T15:51:28.9294343Z 210b280f9556: Pulling fs layer
2026-10-09T15:51:28.9294955Z 81717818649a: Pulling fs layer
2026-10-09T15:51:28.9295586Z 3ae6141cfd99: Pulling fs layer
2026-10-09T15:51:28.9295909Z 25b77f59fd95: Pulling fs layer
2026-10-09T15:51:28.9296186Z 6c25da34e03f: Pulling fs layer
2026-10-09T15:51:28.9296432Z a88782f92806: Pulling fs layer
2026-10-09T15:51:28.9296701Z d8d21be4bf02: Pulling fs layer
2026-10-09T15:51:28.9297110Z 6117bd39f23f: Pulling fs layer
2026-10-09T15:51:28.9297264Z 509688edf37b: Pulling fs layer
2026-10-09T15:51:28.9297426Z 6c25da34e03f: Waiting
2026-10-09T15:51:28.9297745Z a88782f92806: Waiting
2026-10-09T15:51:28.9298066Z d8d21be4bf02: Waiting
2026-10-09T15:51:28.9298336Z 6117bd39f23f: Waiting
2026-10-09T15:51:28.9298565Z 509688edf37b: Waiting
2026-10-09T15:51:28.9298780Z 3ae6141cfd99: Waiting
2026-10-09T15:51:28.9298991Z 25b77f59fd95: Waiting
2026-10-09T15:51:29.0932434Z 81717818649a: Verifying Checksum
2026-10-09T15:51:29.0935238Z 81717818649a: Download complete
2026-10-09T15:51:29.1440668Z 210b280f9556: Download complete
2026-10-09T15:51:29.1659770Z 1b7f9cd581ee: Pull complete
2026-10-09T15:51:29.2079011Z 3ae6141cfd99: Verifying Checksum
2026-10-09T15:51:29.2079348Z 3ae6141cfd99: Download complete
2026-10-09T15:51:29.2150808Z 210b280f9556: Pull complete
2026-10-09T15:51:29.2247467Z 81717818649a: Pull complete
2026-10-09T15:51:29.2303168Z 3ae6141cfd99: Pull complete
2026-10-09T15:51:29.2652506Z 6c25da34e03f: Verifying Checksum
2026-10-09T15:51:29.2653076Z 6c25da34e03f: Download complete
2026-10-09T15:51:29.3585860Z a88782f92806: Verifying Checksum
2026-10-09T15:51:29.3586216Z a88782f92806: Download complete
2026-10-09T15:51:29.4015835Z d8d21be4bf02: Download complete
2026-10-09T15:51:29.5219420Z 6117bd39f23f: Verifying Checksum
2026-10-09T15:51:29.5219682Z 6117bd39f23f: Download complete
2026-10-09T15:51:29.5303120Z 509688edf37b: Verifying Checksum
2026-10-09T15:51:29.5303363Z 509688edf37b: Download complete
2026-10-09T15:51:29.6563736Z 25b77f59fd95: Verifying Checksum
2026-10-09T15:51:29.6564013Z 25b77f59fd95: Download complete
2026-10-09T15:51:32.4334357Z 25b77f59fd95: Pull complete
2026-10-09T15:51:32.4425355Z 6c25da34e03f: Pull complete
2026-10-09T15:51:32.4533249Z a88782f92806: Pull complete
2026-10-09T15:51:32.4627639Z d8d21be4bf02: Pull complete
2026-10-09T15:51:32.4703860Z 6117bd39f23f: Pull complete
2026-10-09T15:51:32.4766418Z 509688edf37b: Pull complete
2026-10-09T15:51:32.4794120Z Digest: sha256:721873c34ceb9f8d8fc265984940dc982404c105f19ad51be9fdc5970a6080ea
2026-10-09T15:51:32.4804821Z Status: Downloaded newer image for postgres:16-alpine
2026-10-09T15:51:32.4810360Z docker.io/library/postgres:16-alpine
2026-10-09T15:51:32.4856858Z ##[command]/usr/bin/docker create --name f8351b05b063451d9d71bfc043b26edd_postgres16alpine_32f170 --label 2ea6ee --network github_network_fdd520b5389b4bf28f4b24f9fee967d2 --network-alias postgres -p 5432:5432 --health-cmd "pg_isready -U ci -d interop_ci" --health-interval 5s --health-timeout 5s --health-retries 12 -e "POSTGRES_USER=ci" -e "POSTGRES_PASSWORD=ci-ephemeral-only" -e "POSTGRES_DB=interop_ci" -e GITHUB_ACTIONS=true -e CI=true postgres:16-alpine
2026-10-09T15:51:32.5077583Z d63bd948a3c213b6ae1f577785c25627f9c8b78bd2cb14457b504b591c02908e
2026-10-09T15:51:32.5092952Z ##[command]/usr/bin/docker start d63bd948a3c213b6ae1f577785c25627f9c8b78bd2cb14457b504b591c02908e
2026-10-09T15:51:33.2029831Z d63bd948a3c213b6ae1f577785c25627f9c8b78bd2cb14457b504b591c02908e
2026-10-09T15:51:33.2044956Z ##[command]/usr/bin/docker ps --all --filter id=d63bd948a3c213b6ae1f577785c25627f9c8b78bd2cb14457b504b591c02908e --filter status=running --no-trunc --format "{{.ID}} {{.Status}}"
2026-10-09T15:51:33.2126559Z d63bd948a3c213b6ae1f577785c25627f9c8b78bd2cb14457b504b591c02908e Up Less than a second (health: starting)
2026-10-09T15:51:33.2139261Z ##[command]/usr/bin/docker port d63bd948a3c213b6ae1f577785c25627f9c8b78bd2cb14457b504b591c02908e
2026-10-09T15:51:33.2214387Z 5432/tcp -> 0.0.0.0:5432
2026-10-09T15:51:33.2214650Z 5432/tcp -> [::]:5432
2026-10-09T15:51:33.2246266Z ##[endgroup]
2026-10-09T15:51:33.2251700Z ##[group]Waiting for all services to be ready
2026-10-09T15:51:33.2260433Z ##[command]/usr/bin/docker inspect --format="{{if .Config.Healthcheck}}{{print .State.Health.Status}}{{end}}" d63bd948a3c213b6ae1f577785c25627f9c8b78bd2cb14457b504b591c02908e
2026-10-09T15:51:33.2334602Z starting
2026-10-09T15:51:33.2348229Z postgres service is starting, waiting 2 seconds before checking again.
2026-10-09T15:51:35.2347419Z ##[command]/usr/bin/docker inspect --format="{{if .Config.Healthcheck}}{{print .State.Health.Status}}{{end}}" d63bd948a3c213b6ae1f577785c25627f9c8b78bd2cb14457b504b591c02908e
2026-10-09T15:51:35.2435667Z starting
2026-10-09T15:51:35.2445774Z postgres service is starting, waiting 3 seconds before checking again.
2026-10-09T15:51:38.9443851Z ##[command]/usr/bin/docker inspect --format="{{if .Config.Healthcheck}}{{print .State.Health.Status}}{{end}}" d63bd948a3c213b6ae1f577785c25627f9c8b78bd2cb14457b504b591c02908e
2026-10-09T15:51:38.9571750Z healthy
2026-10-09T15:51:38.9584930Z postgres service is healthy.
2026-10-09T15:51:38.9585256Z ##[endgroup]
2026-10-09T15:51:38.9791414Z ##[group]Run actions/checkout@v4.2.2
2026-10-09T15:51:38.9791646Z with:
2026-10-09T15:51:38.9791758Z   persist-credentials: false
2026-10-09T15:51:38.9791907Z   repository: 1785235376-blip/AI-Novel-Studio
2026-10-09T15:51:38.9793823Z   token: ***
2026-10-09T15:51:38.9793929Z   ssh-strict: true
2026-10-09T15:51:38.9794045Z   ssh-user: git
2026-10-09T15:51:38.9794152Z   clean: true
2026-10-09T15:51:38.9794265Z   sparse-checkout-cone-mode: true
2026-10-09T15:51:38.9794400Z   fetch-depth: 1
2026-10-09T15:51:38.9794505Z   fetch-tags: false
2026-10-09T15:51:38.9794620Z   show-progress: true
2026-10-09T15:51:38.9794730Z   lfs: false
2026-10-09T15:51:38.9794829Z   submodules: false
2026-10-09T15:51:38.9794942Z   set-safe-directory: true
2026-10-09T15:51:38.9795138Z env:
2026-10-09T15:51:38.9795238Z   MOCK_PROVIDER: true
2026-10-09T15:51:38.9795348Z   ENABLE_CLOUD: false
2026-10-09T15:51:38.9795465Z   CREDENTIAL_VAULT_BACKEND: memory
2026-10-09T15:51:38.9795647Z   CREDENTIAL_VAULT_ALLOW_MEMORY_FALLBACK: true
2026-10-09T15:51:38.9795795Z   HF_HUB_OFFLINE: 1
2026-10-09T15:51:38.9795905Z   TRANSFORMERS_OFFLINE: 1
2026-10-09T15:51:38.9796023Z ##[endgroup]
2026-10-09T15:51:39.0415523Z Syncing repository: 1785235376-blip/AI-Novel-Studio
2026-10-09T15:51:39.0416483Z ##[group]Getting Git version info
2026-10-09T15:51:39.0416729Z Working directory is '/home/runner/work/AI-Novel-Studio/AI-Novel-Studio'
2026-10-09T15:51:39.0417030Z [command]/usr/bin/git version
2026-10-09T15:51:39.0473687Z git version 2.55.0
2026-10-09T15:51:39.0486843Z ##[endgroup]
2026-10-09T15:51:39.0496411Z Temporarily overriding HOME='/home/runner/work/_temp/10f2f461-32c7-4878-95b9-73ab556e52ef' before making global git config changes
2026-10-09T15:51:39.0496992Z Adding repository directory to the temporary git global config as a safe directory
2026-10-09T15:51:39.0500156Z [command]/usr/bin/git config --global --add safe.directory /home/runner/work/AI-Novel-Studio/AI-Novel-Studio
2026-10-09T15:51:39.0542459Z Deleting the contents of '/home/runner/work/AI-Novel-Studio/AI-Novel-Studio'
2026-10-09T15:51:39.0546399Z ##[group]Initializing the repository
2026-10-09T15:51:39.0548775Z [command]/usr/bin/git init /home/runner/work/AI-Novel-Studio/AI-Novel-Studio
2026-10-09T15:51:39.0644776Z hint: Using 'master' as the name for the initial branch. This default branch name
2026-10-09T15:51:39.0645238Z hint: will change to "main" in Git 3.0. To configure the initial branch name
2026-10-09T15:51:39.0645548Z hint: to use in all of your new repositories, which will suppress this warning,
2026-10-09T15:51:39.0645754Z hint: call:
2026-10-09T15:51:39.0645994Z hint:
2026-10-09T15:51:39.0646261Z hint: 	git config --global init.defaultBranch <name>
2026-10-09T15:51:39.0646522Z hint:
2026-10-09T15:51:39.0646763Z hint: Names commonly chosen instead of 'master' are 'main', 'trunk' and
2026-10-09T15:51:39.0647162Z hint: 'development'. The just-created branch can be renamed via this command:
2026-10-09T15:51:39.0647478Z hint:
2026-10-09T15:51:39.0647667Z hint: 	git branch -m <name>
2026-10-09T15:51:39.0647854Z hint:
2026-10-09T15:51:39.0648108Z hint: Disable this message with "git config set advice.defaultBranchName false"
2026-10-09T15:51:39.0649595Z Initialized empty Git repository in /home/runner/work/AI-Novel-Studio/AI-Novel-Studio/.git/
2026-10-09T15:51:39.0656680Z [command]/usr/bin/git remote add origin https://github.com/1785235376-blip/AI-Novel-Studio
2026-10-09T15:51:39.0696042Z ##[endgroup]
2026-10-09T15:51:39.0696502Z ##[group]Disabling automatic garbage collection
2026-10-09T15:51:39.0699159Z [command]/usr/bin/git config --local gc.auto 0
2026-10-09T15:51:39.0725687Z ##[endgroup]
2026-10-09T15:51:39.0725880Z ##[group]Setting up auth
2026-10-09T15:51:39.0732007Z [command]/usr/bin/git config --local --name-only --get-regexp core\.sshCommand
2026-10-09T15:51:39.0756271Z [command]/usr/bin/git submodule foreach --recursive sh -c "git config --local --name-only --get-regexp 'core\.sshCommand' && git config --local --unset-all 'core.sshCommand' || :"
2026-10-09T15:51:39.1041903Z [command]/usr/bin/git config --local --name-only --get-regexp http\.https\:\/\/github\.com\/\.extraheader
2026-10-09T15:51:39.1070389Z [command]/usr/bin/git submodule foreach --recursive sh -c "git config --local --name-only --get-regexp 'http\.https\:\/\/github\.com\/\.extraheader' && git config --local --unset-all 'http.https://github.com/.extraheader' || :"
2026-10-09T15:51:39.1233053Z [command]/usr/bin/git config --local http.https://github.com/.extraheader AUTHORIZATION: basic ***
2026-10-09T15:51:39.1264701Z ##[endgroup]
2026-10-09T15:51:39.1264909Z ##[group]Fetching the repository
2026-10-09T15:51:39.1270231Z [command]/usr/bin/git -c protocol.version=2 fetch --no-tags --prune --no-recurse-submodules --depth=1 origin +9851bdd2d692df983664bc8f4597fbc05c0e2ceb:refs/remotes/origin/feature/v2-narrative-platform
2026-10-09T15:51:40.6944353Z From https://github.com/1785235376-blip/AI-Novel-Studio
2026-10-09T15:51:40.6944962Z  * [new ref]         9851bdd2d692df983664bc8f4597fbc05c0e2ceb -> origin/feature/v2-narrative-platform
2026-10-09T15:51:40.6949134Z ##[endgroup]
2026-10-09T15:51:40.6949444Z ##[group]Determining the checkout info
2026-10-09T15:51:40.6950889Z ##[endgroup]
2026-10-09T15:51:40.6955796Z [command]/usr/bin/git sparse-checkout disable
2026-10-09T15:51:40.6999004Z [command]/usr/bin/git config --local --unset-all extensions.worktreeConfig
2026-10-09T15:51:40.7023981Z ##[group]Checking out the ref
2026-10-09T15:51:40.7028017Z [command]/usr/bin/git checkout --progress --force -B feature/v2-narrative-platform refs/remotes/origin/feature/v2-narrative-platform
2026-10-09T15:51:41.1755447Z Switched to a new branch 'feature/v2-narrative-platform'
2026-10-09T15:51:41.1759190Z branch 'feature/v2-narrative-platform' set up to track 'origin/feature/v2-narrative-platform'.
2026-10-09T15:51:41.1800171Z ##[endgroup]
2026-10-09T15:51:41.1840186Z [command]/usr/bin/git log -1 --format=%H
2026-10-09T15:51:41.1867821Z 9851bdd2d692df983664bc8f4597fbc05c0e2ceb
2026-10-09T15:51:41.1875000Z ##[group]Removing auth
2026-10-09T15:51:41.1877571Z [command]/usr/bin/git config --local --name-only --get-regexp core\.sshCommand
2026-10-09T15:51:41.1903238Z [command]/usr/bin/git submodule foreach --recursive sh -c "git config --local --name-only --get-regexp 'core\.sshCommand' && git config --local --unset-all 'core.sshCommand' || :"
2026-10-09T15:51:41.2069259Z [command]/usr/bin/git config --local --name-only --get-regexp http\.https\:\/\/github\.com\/\.extraheader
2026-10-09T15:51:41.2090955Z http.https://github.com/.extraheader
2026-10-09T15:51:41.2095240Z [command]/usr/bin/git config --local --unset-all http.https://github.com/.extraheader
2026-10-09T15:51:41.2121868Z [command]/usr/bin/git submodule foreach --recursive sh -c "git config --local --name-only --get-regexp 'http\.https\:\/\/github\.com\/\.extraheader' && git config --local --unset-all 'http.https://github.com/.extraheader' || :"
2026-10-09T15:51:41.2280856Z ##[endgroup]
2026-10-09T15:51:41.2450941Z ##[group]Run actions/setup-python@v5.6.0
2026-10-09T15:51:41.2451092Z with:
2026-10-09T15:51:41.2451200Z   python-version: 3.12.9
2026-10-09T15:51:41.2451320Z   check-latest: false
2026-10-09T15:51:41.2453137Z   token: ***
2026-10-09T15:51:41.2453250Z   update-environment: true
2026-10-09T15:51:41.2453385Z   allow-prereleases: false
2026-10-09T15:51:41.2453507Z   freethreaded: false
2026-10-09T15:51:41.2453749Z env:
2026-10-09T15:51:41.2453849Z   MOCK_PROVIDER: true
2026-10-09T15:51:41.2453962Z   ENABLE_CLOUD: false
2026-10-09T15:51:41.2454079Z   CREDENTIAL_VAULT_BACKEND: memory
2026-10-09T15:51:41.2454227Z   CREDENTIAL_VAULT_ALLOW_MEMORY_FALLBACK: true
2026-10-09T15:51:41.2454376Z   HF_HUB_OFFLINE: 1
2026-10-09T15:51:41.2454488Z   TRANSFORMERS_OFFLINE: 1
2026-10-09T15:51:41.2454607Z ##[endgroup]
2026-10-09T15:51:41.3218619Z ##[group]Installed versions
2026-10-09T15:51:41.3230883Z Version 3.12.9 was not found in the local cache
2026-10-09T15:51:41.3305417Z (node:2508) [DEP0040] DeprecationWarning: The `punycode` module is deprecated. Please use a userland alternative instead.
2026-10-09T15:51:41.3306030Z (Use `node --trace-deprecation ...` to show where the warning was created)
2026-10-09T15:51:42.1006105Z Version 3.12.9 is available for downloading
2026-10-09T15:51:42.1007358Z Download from "https://github.com/actions/python-versions/releases/download/3.12.9-13149478207/python-3.12.9-linux-24.04-x64.tar.gz"
2026-10-09T15:51:42.8048713Z Extract downloaded archive
2026-10-09T15:51:42.8127610Z [command]/usr/bin/tar xz --warning=no-unknown-keyword --overwrite -C /home/runner/work/_temp/ed0bf053-fa4e-4041-bca2-f485626ca830 -f /home/runner/work/_temp/34751c18-c50e-4967-92f5-cb125cf3f580
2026-10-09T15:51:44.2536801Z Execute installation script
2026-10-09T15:51:44.2608315Z Check if Python hostedtoolcache folder exist...
2026-10-09T15:51:44.2608680Z Create Python 3.12.9 folder
2026-10-09T15:51:44.2619160Z Copy Python binaries to hostedtoolcache folder
2026-10-09T15:51:44.6059394Z Create additional symlinks (Required for the UsePythonVersion Azure Pipelines task and the setup-python GitHub Action)
2026-10-09T15:51:44.6089090Z Upgrading pip...
2026-10-09T15:51:46.2505361Z Looking in links: /tmp/tmpg88_h450
2026-10-09T15:51:46.2506241Z Requirement already satisfied: pip in /opt/hostedtoolcache/Python/3.12.9/x64/lib/python3.12/site-packages (24.3.1)
2026-10-09T15:51:47.0942382Z Collecting pip
2026-10-09T15:51:47.1418956Z Downloading pip-26.2.1-py3-none-any.whl.metadata (4.6 kB)
2026-10-09T15:51:47.1541021Z Downloading pip-26.2.1-py3-none-any.whl (1.8 MB)
2026-10-09T15:51:47.2266984Z ━━━━━━━━━━━━━━━━━━━━━━━━━━━━━━━━━━━━━━━━ 1.8/1.8 MB 34.5 MB/s eta 0:00:00
2026-10-09T15:51:47.2267280Z 
2026-10-09T15:51:47.2387990Z Installing collected packages: pip
2026-10-09T15:51:47.2388599Z Attempting uninstall: pip
2026-10-09T15:51:47.2401023Z Found existing installation: pip 24.3.1
2026-10-09T15:51:47.2599283Z Uninstalling pip-24.3.1:
2026-10-09T15:51:47.2633339Z Successfully uninstalled pip-24.3.1
2026-10-09T15:51:47.7970410Z Successfully installed pip-26.2.1
2026-10-09T15:51:47.8330755Z Create complete file
2026-10-09T15:51:47.8372725Z Successfully set up CPython (3.12.9)
2026-10-09T15:51:47.8373521Z ##[endgroup]
2026-10-09T15:51:47.8483286Z ##[group]Run bash .github/ci/prepare.sh local-interop
2026-10-09T15:51:47.8483544Z [36;1mbash .github/ci/prepare.sh local-interop[0m
2026-10-09T15:51:47.8646475Z shell: /usr/bin/bash -e {0}
2026-10-09T15:51:47.8646625Z env:
2026-10-09T15:51:47.8646729Z   MOCK_PROVIDER: true
2026-10-09T15:51:47.8646843Z   ENABLE_CLOUD: false
2026-10-09T15:51:47.8646960Z   CREDENTIAL_VAULT_BACKEND: memory
2026-10-09T15:51:47.8647113Z   CREDENTIAL_VAULT_ALLOW_MEMORY_FALLBACK: true
2026-10-09T15:51:47.8647264Z   HF_HUB_OFFLINE: 1
2026-10-09T15:51:47.8647375Z   TRANSFORMERS_OFFLINE: 1
2026-10-09T15:51:47.8647529Z   pythonLocation: /opt/hostedtoolcache/Python/3.12.9/x64
2026-10-09T15:51:47.8647755Z   PKG_CONFIG_PATH: /opt/hostedtoolcache/Python/3.12.9/x64/lib/pkgconfig
2026-10-09T15:51:47.8647974Z   Python_ROOT_DIR: /opt/hostedtoolcache/Python/3.12.9/x64
2026-10-09T15:51:47.8648170Z   Python2_ROOT_DIR: /opt/hostedtoolcache/Python/3.12.9/x64
2026-10-09T15:51:47.8648387Z   Python3_ROOT_DIR: /opt/hostedtoolcache/Python/3.12.9/x64
2026-10-09T15:51:47.8648579Z   LD_LIBRARY_PATH: /opt/hostedtoolcache/Python/3.12.9/x64/lib
2026-10-09T15:51:47.8648748Z ##[endgroup]
2026-10-09T15:51:48.4320905Z ##[group]Run python -m pip install -c .github/ci/python-constraints.txt -e '.[dev]'
2026-10-09T15:51:48.4321354Z [36;1mpython -m pip install -c .github/ci/python-constraints.txt -e '.[dev]'[0m
2026-10-09T15:51:48.4373100Z shell: /usr/bin/bash -e {0}
2026-10-09T15:51:48.4373233Z env:
2026-10-09T15:51:48.4373340Z   MOCK_PROVIDER: true
2026-10-09T15:51:48.4373454Z   ENABLE_CLOUD: false
2026-10-09T15:51:48.4373572Z   CREDENTIAL_VAULT_BACKEND: memory
2026-10-09T15:51:48.4373723Z   CREDENTIAL_VAULT_ALLOW_MEMORY_FALLBACK: true
2026-10-09T15:51:48.4373870Z   HF_HUB_OFFLINE: 1
2026-10-09T15:51:48.4373984Z   TRANSFORMERS_OFFLINE: 1
2026-10-09T15:51:48.4374143Z   pythonLocation: /opt/hostedtoolcache/Python/3.12.9/x64
2026-10-09T15:51:48.4374363Z   PKG_CONFIG_PATH: /opt/hostedtoolcache/Python/3.12.9/x64/lib/pkgconfig
2026-10-09T15:51:48.4374581Z   Python_ROOT_DIR: /opt/hostedtoolcache/Python/3.12.9/x64
2026-10-09T15:51:48.4374783Z   Python2_ROOT_DIR: /opt/hostedtoolcache/Python/3.12.9/x64
2026-10-09T15:51:48.4375004Z   Python3_ROOT_DIR: /opt/hostedtoolcache/Python/3.12.9/x64
2026-10-09T15:51:48.4375214Z   LD_LIBRARY_PATH: /opt/hostedtoolcache/Python/3.12.9/x64/lib
2026-10-09T15:51:48.4375415Z   CI_COVERAGE_SHA: 9851bdd2d692df983664bc8f4597fbc05c0e2ceb
2026-10-09T15:51:48.4375614Z   CI_COVERAGE_TREE: cd6989a19e5fd5e2400f2325fe696cae03d8eda7
2026-10-09T15:51:48.4375831Z   CI_SANDBOX: /home/runner/work/_temp/novel-ci-local-interop.3LB16K
2026-10-09T15:51:48.4376075Z   CI_PROJECT: /home/runner/work/_temp/novel-ci-local-interop.3LB16K/project
2026-10-09T15:51:48.4393991Z   CI_RECEIPTS: /home/runner/work/_temp/novel-ci-local-interop.3LB16K/receipts
2026-10-09T15:51:48.4394256Z   HOME: /home/runner/work/_temp/novel-ci-local-interop.3LB16K/home
2026-10-09T15:51:48.4394497Z   USERPROFILE: /home/runner/work/_temp/novel-ci-local-interop.3LB16K/home
2026-10-09T15:51:48.4394747Z   APPDATA: /home/runner/work/_temp/novel-ci-local-interop.3LB16K/appdata
2026-10-09T15:51:48.4395017Z   LOCALAPPDATA: /home/runner/work/_temp/novel-ci-local-interop.3LB16K/localappdata
2026-10-09T15:51:48.4395294Z   XDG_CONFIG_HOME: /home/runner/work/_temp/novel-ci-local-interop.3LB16K/config
2026-10-09T15:51:48.4395550Z   XDG_CACHE_HOME: /home/runner/work/_temp/novel-ci-local-interop.3LB16K/cache
2026-10-09T15:51:48.4395798Z   XDG_DATA_HOME: /home/runner/work/_temp/novel-ci-local-interop.3LB16K/data
2026-10-09T15:51:48.4396042Z   XDG_STATE_HOME: /home/runner/work/_temp/novel-ci-local-interop.3LB16K/state
2026-10-09T15:51:48.4396278Z   TMPDIR: /home/runner/work/_temp/novel-ci-local-interop.3LB16K/tmp
2026-10-09T15:51:48.4396502Z   TMP: /home/runner/work/_temp/novel-ci-local-interop.3LB16K/tmp
2026-10-09T15:51:48.4396715Z   TEMP: /home/runner/work/_temp/novel-ci-local-interop.3LB16K/tmp
2026-10-09T15:51:48.4396949Z   PROJECT_ROOT: /home/runner/work/_temp/novel-ci-local-interop.3LB16K/project
2026-10-09T15:51:48.4397212Z   NOVEL_DATA_PATH: /home/runner/work/_temp/novel-ci-local-interop.3LB16K/data/novels
2026-10-09T15:51:48.4397486Z   BACKUP_PATH: /home/runner/work/_temp/novel-ci-local-interop.3LB16K/data/backups
2026-10-09T15:51:48.4397785Z   DATABASE_BACKUP_PATH: /home/runner/work/_temp/novel-ci-local-interop.3LB16K/data/database-backups
2026-10-09T15:51:48.4398108Z   KNOWLEDGE_SOURCE_PATH: /home/runner/work/_temp/novel-ci-local-interop.3LB16K/data/novels
2026-10-09T15:51:48.4398328Z ##[endgroup]
2026-10-09T15:51:48.8371885Z Obtaining file:///home/runner/work/_temp/novel-ci-local-interop.3LB16K/project
2026-10-09T15:51:48.8382354Z   Installing build dependencies: started
2026-10-09T15:51:49.3650639Z   Installing build dependencies: finished with status 'done'
2026-10-09T15:51:49.3655205Z   Checking if build backend supports build_editable: started
2026-10-09T15:51:49.5523198Z   Checking if build backend supports build_editable: finished with status 'done'
2026-10-09T15:51:49.5528769Z   Getting requirements to build editable: started
2026-10-09T15:51:49.7717905Z   Getting requirements to build editable: finished with status 'done'
2026-10-09T15:51:49.7724810Z   Preparing editable metadata (pyproject.toml): started
2026-10-09T15:51:49.8974748Z   Preparing editable metadata (pyproject.toml): finished with status 'done'
2026-10-09T15:51:50.0039570Z Collecting fastapi<1,>=0.115 (from ai-novel-studio==0.7.0)
2026-10-09T15:51:50.0627652Z   Downloading fastapi-0.142.2-py3-none-any.whl.metadata (27 kB)
2026-10-09T15:51:50.0959018Z Collecting uvicorn<1,>=0.30 (from ai-novel-studio==0.7.0)
2026-10-09T15:51:50.1084942Z   Downloading uvicorn-0.54.0-py3-none-any.whl.metadata (6.6 kB)
2026-10-09T15:51:50.1308779Z Collecting psycopg<4,>=3.2 (from psycopg[binary]<4,>=3.2->ai-novel-studio==0.7.0)
2026-10-09T15:51:50.1433232Z   Downloading psycopg-3.3.6-py3-none-any.whl.metadata (4.4 kB)
2026-10-09T15:51:50.3489300Z Collecting sqlalchemy<3,>=2.0 (from ai-novel-studio==0.7.0)
2026-10-09T15:51:50.3619549Z   Downloading sqlalchemy-2.1.3-cp312-cp312-manylinux2014_x86_64.manylinux_2_17_x86_64.manylinux_2_28_x86_64.whl.metadata (9.7 kB)
2026-10-09T15:51:50.3864284Z Collecting httpx<1,>=0.27 (from ai-novel-studio==0.7.0)
2026-10-09T15:51:50.3989718Z   Downloading httpx-0.28.1-py3-none-any.whl.metadata (7.1 kB)
2026-10-09T15:51:50.4197856Z Collecting pydantic-settings<3,>=2.6 (from ai-novel-studio==0.7.0)
2026-10-09T15:51:50.4324220Z   Downloading pydantic_settings-2.15.0-py3-none-any.whl.metadata (3.9 kB)
2026-10-09T15:51:50.4909723Z Collecting reportlab<5,>=4.0 (from ai-novel-studio==0.7.0)
2026-10-09T15:51:50.5034619Z   Downloading reportlab-4.5.1-py3-none-any.whl.metadata (1.7 kB)
2026-10-09T15:51:50.5260606Z Collecting pypdf==6.19.0 (from ai-novel-studio==0.7.0)
2026-10-09T15:51:50.5386834Z   Downloading pypdf-6.19.0-py3-none-any.whl.metadata (7.5 kB)
2026-10-09T15:51:50.5627335Z Collecting jsonschema<5,>=4.18 (from ai-novel-studio==0.7.0)
2026-10-09T15:51:50.5753395Z   Downloading jsonschema-4.26.0-py3-none-any.whl.metadata (7.6 kB)
2026-10-09T15:51:50.6019480Z Collecting pytest<9,>=8 (from ai-novel-studio==0.7.0)
2026-10-09T15:51:50.6145085Z   Downloading pytest-8.4.2-py3-none-any.whl.metadata (7.7 kB)
2026-10-09T15:51:50.6407201Z Collecting starlette>=0.46.0 (from fastapi<1,>=0.115->ai-novel-studio==0.7.0)
2026-10-09T15:51:50.6532620Z   Downloading starlette-1.7.0-py3-none-any.whl.metadata (6.6 kB)
2026-10-09T15:51:50.7105230Z Collecting pydantic>=2.9.0 (from fastapi<1,>=0.115->ai-novel-studio==0.7.0)
2026-10-09T15:51:50.7232758Z   Downloading pydantic-2.13.5-py3-none-any.whl.metadata (110 kB)
2026-10-09T15:51:50.7619857Z Collecting typing-extensions>=4.8.0 (from fastapi<1,>=0.115->ai-novel-studio==0.7.0)
2026-10-09T15:51:50.7744865Z   Downloading typing_extensions-4.16.0-py3-none-any.whl.metadata (3.3 kB)
2026-10-09T15:51:50.7933718Z Collecting typing-inspection>=0.4.2 (from fastapi<1,>=0.115->ai-novel-studio==0.7.0)
2026-10-09T15:51:50.8057427Z   Downloading typing_inspection-0.4.4-py3-none-any.whl.metadata (2.6 kB)
2026-10-09T15:51:50.8247610Z Collecting annotated-doc>=0.0.2 (from fastapi<1,>=0.115->ai-novel-studio==0.7.0)
2026-10-09T15:51:50.8372390Z   Downloading annotated_doc-0.0.5-py3-none-any.whl.metadata (6.5 kB)
2026-10-09T15:51:50.8589200Z Collecting opentelemetry-api>=1.44.0 (from fastapi<1,>=0.115->ai-novel-studio==0.7.0)
2026-10-09T15:51:50.8714372Z   Downloading opentelemetry_api-1.45.0-py3-none-any.whl.metadata (1.4 kB)
2026-10-09T15:51:50.8929735Z Collecting anyio (from httpx<1,>=0.27->ai-novel-studio==0.7.0)
2026-10-09T15:51:50.9055213Z   Downloading anyio-4.15.1-py3-none-any.whl.metadata (4.7 kB)
2026-10-09T15:51:50.9265847Z Collecting certifi (from httpx<1,>=0.27->ai-novel-studio==0.7.0)
2026-10-09T15:51:50.9390667Z   Downloading certifi-2026.7.22-py3-none-any.whl.metadata (2.5 kB)
2026-10-09T15:51:50.9601317Z Collecting httpcore==1.* (from httpx<1,>=0.27->ai-novel-studio==0.7.0)
2026-10-09T15:51:50.9727922Z   Downloading httpcore-1.0.9-py3-none-any.whl.metadata (21 kB)
2026-10-09T15:51:50.9943528Z Collecting idna (from httpx<1,>=0.27->ai-novel-studio==0.7.0)
2026-10-09T15:51:51.0068690Z   Downloading idna-3.20-py3-none-any.whl.metadata (7.2 kB)
2026-10-09T15:51:51.0264310Z Collecting h11>=0.16 (from httpcore==1.*->httpx<1,>=0.27->ai-novel-studio==0.7.0)
2026-10-09T15:51:51.0392026Z   Downloading h11-0.16.0-py3-none-any.whl.metadata (8.3 kB)
2026-10-09T15:51:51.0601768Z Collecting attrs>=22.2.0 (from jsonschema<5,>=4.18->ai-novel-studio==0.7.0)
2026-10-09T15:51:51.0873071Z   Downloading attrs-26.1.0-py3-none-any.whl.metadata (8.8 kB)
2026-10-09T15:51:51.1082644Z Collecting jsonschema-specifications>=2023.03.6 (from jsonschema<5,>=4.18->ai-novel-studio==0.7.0)
2026-10-09T15:51:51.1209014Z   Downloading jsonschema_specifications-2025.9.1-py3-none-any.whl.metadata (2.9 kB)
2026-10-09T15:51:51.1435286Z Collecting referencing>=0.28.4 (from jsonschema<5,>=4.18->ai-novel-studio==0.7.0)
2026-10-09T15:51:51.1560592Z   Downloading referencing-0.37.0-py3-none-any.whl.metadata (2.8 kB)
2026-10-09T15:51:51.2927823Z Collecting rpds-py>=0.25.0 (from jsonschema<5,>=4.18->ai-novel-studio==0.7.0)
2026-10-09T15:51:51.3059619Z   Downloading rpds_py-2026.9.1-cp312-cp312-manylinux_2_17_x86_64.manylinux2014_x86_64.whl.metadata (4.1 kB)
2026-10-09T15:51:51.3888989Z Collecting psycopg-binary==3.3.6 (from psycopg[binary]<4,>=3.2->ai-novel-studio==0.7.0)
2026-10-09T15:51:51.4017009Z   Downloading psycopg_binary-3.3.6-cp312-cp312-manylinux2014_x86_64.manylinux_2_17_x86_64.whl.metadata (2.7 kB)
2026-10-09T15:51:51.4240347Z Collecting python-dotenv>=0.21.0 (from pydantic-settings<3,>=2.6->ai-novel-studio==0.7.0)
2026-10-09T15:51:51.4367801Z   Downloading python_dotenv-1.2.4-py3-none-any.whl.metadata (29 kB)
2026-10-09T15:51:51.4576826Z Collecting iniconfig>=1 (from pytest<9,>=8->ai-novel-studio==0.7.0)
2026-10-09T15:51:51.4702914Z   Downloading iniconfig-2.3.0-py3-none-any.whl.metadata (2.5 kB)
2026-10-09T15:51:51.4905576Z Collecting packaging>=20 (from pytest<9,>=8->ai-novel-studio==0.7.0)
2026-10-09T15:51:51.5030669Z   Downloading packaging-26.3-py3-none-any.whl.metadata (3.5 kB)
2026-10-09T15:51:51.5225410Z Collecting pluggy<2,>=1.5 (from pytest<9,>=8->ai-novel-studio==0.7.0)
2026-10-09T15:51:51.5349966Z   Downloading pluggy-1.6.0-py3-none-any.whl.metadata (4.8 kB)
2026-10-09T15:51:51.5566729Z Collecting pygments>=2.7.2 (from pytest<9,>=8->ai-novel-studio==0.7.0)
2026-10-09T15:51:51.5692563Z   Downloading pygments-2.21.0-py3-none-any.whl.metadata (2.5 kB)
2026-10-09T15:51:51.6556614Z Collecting pillow>=9.0.0 (from reportlab<5,>=4.0->ai-novel-studio==0.7.0)
2026-10-09T15:51:51.6687941Z   Downloading pillow-12.3.0-cp312-cp312-manylinux_2_27_x86_64.manylinux_2_28_x86_64.whl.metadata (9.1 kB)
2026-10-09T15:51:51.7559886Z Collecting charset-normalizer (from reportlab<5,>=4.0->ai-novel-studio==0.7.0)
2026-10-09T15:51:51.7688018Z   Downloading charset_normalizer-3.5.2-cp312-cp312-manylinux2014_x86_64.manylinux_2_17_x86_64.manylinux_2_28_x86_64.whl.metadata (46 kB)
2026-10-09T15:51:51.7928513Z Collecting click>=7.0 (from uvicorn<1,>=0.30->ai-novel-studio==0.7.0)
2026-10-09T15:51:51.8053842Z   Downloading click-8.5.0-py3-none-any.whl.metadata (2.6 kB)
2026-10-09T15:51:51.8271948Z Collecting annotated-types>=0.6.0 (from pydantic>=2.9.0->fastapi<1,>=0.115->ai-novel-studio==0.7.0)
2026-10-09T15:51:51.8396206Z   Downloading annotated_types-0.8.0-py3-none-any.whl.metadata (15 kB)
2026-10-09T15:51:52.2062287Z Collecting pydantic-core==2.46.5 (from pydantic>=2.9.0->fastapi<1,>=0.115->ai-novel-studio==0.7.0)
2026-10-09T15:51:52.2190941Z   Downloading pydantic_core-2.46.5-cp312-cp312-manylinux_2_17_x86_64.manylinux2014_x86_64.whl.metadata (6.6 kB)
2026-10-09T15:51:52.2414139Z Downloading pypdf-6.19.0-py3-none-any.whl (395 kB)
2026-10-09T15:51:52.2792460Z Downloading fastapi-0.142.2-py3-none-any.whl (144 kB)
2026-10-09T15:51:52.2939369Z Downloading httpx-0.28.1-py3-none-any.whl (73 kB)
2026-10-09T15:51:52.3081277Z Downloading httpcore-1.0.9-py3-none-any.whl (78 kB)
2026-10-09T15:51:52.3230082Z Downloading jsonschema-4.26.0-py3-none-any.whl (90 kB)
2026-10-09T15:51:52.3370794Z Downloading psycopg-3.3.6-py3-none-any.whl (215 kB)
2026-10-09T15:51:52.3532513Z Downloading psycopg_binary-3.3.6-cp312-cp312-manylinux2014_x86_64.manylinux_2_17_x86_64.whl (5.2 MB)
2026-10-09T15:51:52.4336808Z    ━━━━━━━━━━━━━━━━━━━━━━━━━━━━━━━━━━━━━━━━ 5.2/5.2 MB 64.9 MB/s  0:00:00
2026-10-09T15:51:52.4461783Z Downloading pydantic_settings-2.15.0-py3-none-any.whl (69 kB)
2026-10-09T15:51:52.4600227Z Downloading pytest-8.4.2-py3-none-any.whl (365 kB)
2026-10-09T15:51:52.4744068Z Downloading pluggy-1.6.0-py3-none-any.whl (20 kB)
2026-10-09T15:51:52.4880625Z Downloading reportlab-4.5.1-py3-none-any.whl (2.0 MB)
2026-10-09T15:51:52.4942343Z    ━━━━━━━━━━━━━━━━━━━━━━━━━━━━━━━━━━━━━━━━ 2.0/2.0 MB 355.7 MB/s  0:00:00
2026-10-09T15:51:52.5067124Z Downloading sqlalchemy-2.1.3-cp312-cp312-manylinux2014_x86_64.manylinux_2_17_x86_64.manylinux_2_28_x86_64.whl (4.7 MB)
2026-10-09T15:51:52.5434690Z    ━━━━━━━━━━━━━━━━━━━━━━━━━━━━━━━━━━━━━━━━ 4.7/4.7 MB 125.2 MB/s  0:00:00
2026-10-09T15:51:52.5559159Z Downloading uvicorn-0.54.0-py3-none-any.whl (87 kB)
2026-10-09T15:51:52.5697967Z Downloading annotated_doc-0.0.5-py3-none-any.whl (5.3 kB)
2026-10-09T15:51:52.5833815Z Downloading attrs-26.1.0-py3-none-any.whl (67 kB)
2026-10-09T15:51:52.5970873Z Downloading click-8.5.0-py3-none-any.whl (125 kB)
2026-10-09T15:51:52.6108701Z Downloading h11-0.16.0-py3-none-any.whl (37 kB)
2026-10-09T15:51:52.6247650Z Downloading iniconfig-2.3.0-py3-none-any.whl (7.5 kB)
2026-10-09T15:51:52.6384731Z Downloading jsonschema_specifications-2025.9.1-py3-none-any.whl (18 kB)
2026-10-09T15:51:52.6521875Z Downloading opentelemetry_api-1.45.0-py3-none-any.whl (60 kB)
2026-10-09T15:51:52.6659137Z Downloading packaging-26.3-py3-none-any.whl (129 kB)
2026-10-09T15:51:52.6797354Z Downloading pillow-12.3.0-cp312-cp312-manylinux_2_27_x86_64.manylinux_2_28_x86_64.whl (6.9 MB)
2026-10-09T15:51:52.7241468Z    ━━━━━━━━━━━━━━━━━━━━━━━━━━━━━━━━━━━━━━━━ 6.9/6.9 MB 156.3 MB/s  0:00:00
2026-10-09T15:51:52.7368030Z Downloading pydantic-2.13.5-py3-none-any.whl (472 kB)
2026-10-09T15:51:52.7513556Z Downloading pydantic_core-2.46.5-cp312-cp312-manylinux_2_17_x86_64.manylinux2014_x86_64.whl (2.1 MB)
2026-10-09T15:51:52.7633391Z    ━━━━━━━━━━━━━━━━━━━━━━━━━━━━━━━━━━━━━━━━ 2.1/2.1 MB 169.7 MB/s  0:00:00
2026-10-09T15:51:52.7757980Z Downloading annotated_types-0.8.0-py3-none-any.whl (13 kB)
2026-10-09T15:51:52.7896405Z Downloading pygments-2.21.0-py3-none-any.whl (1.3 MB)
2026-10-09T15:51:52.7937255Z    ━━━━━━━━━━━━━━━━━━━━━━━━━━━━━━━━━━━━━━━━ 1.3/1.3 MB 357.7 MB/s  0:00:00
2026-10-09T15:51:52.8061511Z Downloading python_dotenv-1.2.4-py3-none-any.whl (23 kB)
2026-10-09T15:51:52.8198766Z Downloading referencing-0.37.0-py3-none-any.whl (26 kB)
2026-10-09T15:51:52.8337505Z Downloading rpds_py-2026.9.1-cp312-cp312-manylinux_2_17_x86_64.manylinux2014_x86_64.whl (371 kB)
2026-10-09T15:51:52.8480662Z Downloading starlette-1.7.0-py3-none-any.whl (78 kB)
2026-10-09T15:51:52.8619962Z Downloading anyio-4.15.1-py3-none-any.whl (132 kB)
2026-10-09T15:51:52.8758174Z Downloading idna-3.20-py3-none-any.whl (69 kB)
2026-10-09T15:51:52.8895768Z Downloading typing_extensions-4.16.0-py3-none-any.whl (45 kB)
2026-10-09T15:51:52.9034550Z Downloading typing_inspection-0.4.4-py3-none-any.whl (14 kB)
2026-10-09T15:51:52.9171309Z Downloading certifi-2026.7.22-py3-none-any.whl (136 kB)
2026-10-09T15:51:52.9310253Z Downloading charset_normalizer-3.5.2-cp312-cp312-manylinux2014_x86_64.manylinux_2_17_x86_64.manylinux_2_28_x86_64.whl (257 kB)
2026-10-09T15:51:52.9919412Z Building wheels for collected packages: ai-novel-studio
2026-10-09T15:51:52.9925423Z   Building editable for ai-novel-studio (pyproject.toml): started
2026-10-09T15:51:53.1468183Z   Building editable for ai-novel-studio (pyproject.toml): finished with status 'done'
2026-10-09T15:51:53.1471791Z   Created wheel for ai-novel-studio: filename=ai_novel_studio-0.7.0-0.editable-py3-none-any.whl size=3183 sha256=83772bd25592a71a60769e616f1ecc10f52bca5df19cc19b800c4ed2904cf7e2
2026-10-09T15:51:53.1472927Z   Stored in directory: /home/runner/work/_temp/novel-ci-local-interop.3LB16K/tmp/pip-ephem-wheel-cache-_l8o3n1t/wheels/30/87/45/a53529be825daa9e55c382cd4366082960f5cf0f504a145664
2026-10-09T15:51:53.1482780Z Successfully built ai-novel-studio
2026-10-09T15:51:53.1856688Z Installing collected packages: typing-extensions, rpds-py, python-dotenv, pypdf, pygments, psycopg-binary, pluggy, pillow, packaging, iniconfig, idna, h11, click, charset-normalizer, certifi, attrs, annotated-types, annotated-doc, uvicorn, typing-inspection, sqlalchemy, reportlab, referencing, pytest, pydantic-core, psycopg, opentelemetry-api, httpcore, anyio, starlette, pydantic, jsonschema-specifications, httpx, pydantic-settings, jsonschema, fastapi, ai-novel-studio
2026-10-09T15:51:58.3049390Z 
2026-10-09T15:51:58.3067230Z Successfully installed ai-novel-studio-0.7.0 annotated-doc-0.0.5 annotated-types-0.8.0 anyio-4.15.1 attrs-26.1.0 certifi-2026.7.22 charset-normalizer-3.5.2 click-8.5.0 fastapi-0.142.2 h11-0.16.0 httpcore-1.0.9 httpx-0.28.1 idna-3.20 iniconfig-2.3.0 jsonschema-4.26.0 jsonschema-specifications-2025.9.1 opentelemetry-api-1.45.0 packaging-26.3 pillow-12.3.0 pluggy-1.6.0 psycopg-3.3.6 psycopg-binary-3.3.6 pydantic-2.13.5 pydantic-core-2.46.5 pydantic-settings-2.15.0 pygments-2.21.0 pypdf-6.19.0 pytest-8.4.2 python-dotenv-1.2.4 referencing-0.37.0 reportlab-4.5.1 rpds-py-2026.9.1 sqlalchemy-2.1.3 starlette-1.7.0 typing-extensions-4.16.0 typing-inspection-0.4.4 uvicorn-0.54.0
2026-10-09T15:51:58.4257593Z ##[group]Run python - <<'PYCODE'
2026-10-09T15:51:58.4257787Z [36;1mpython - <<'PYCODE'[0m
2026-10-09T15:51:58.4257921Z [36;1mfrom pathlib import Path[0m
2026-10-09T15:51:58.4258058Z [36;1mimport psycopg[0m
2026-10-09T15:51:58.4258514Z [36;1mwith psycopg.connect('***127.0.0.1:5432/interop_ci', autocommit=True) as connection:[0m
2026-10-09T15:51:58.4258808Z [36;1m    for migration in sorted(Path('database/migrations').glob('*.sql')):[0m
2026-10-09T15:51:58.4259059Z [36;1m        connection.execute(migration.read_text(encoding='utf-8'))[0m
2026-10-09T15:51:58.4259242Z [36;1mPYCODE[0m
2026-10-09T15:51:58.4308770Z shell: /usr/bin/bash -e {0}
2026-10-09T15:51:58.4308896Z env:
2026-10-09T15:51:58.4308996Z   MOCK_PROVIDER: true
2026-10-09T15:51:58.4309120Z   ENABLE_CLOUD: false
2026-10-09T15:51:58.4309235Z   CREDENTIAL_VAULT_BACKEND: memory
2026-10-09T15:51:58.4309385Z   CREDENTIAL_VAULT_ALLOW_MEMORY_FALLBACK: true
2026-10-09T15:51:58.4309534Z   HF_HUB_OFFLINE: 1
2026-10-09T15:51:58.4309669Z   TRANSFORMERS_OFFLINE: 1
2026-10-09T15:51:58.4309825Z   pythonLocation: /opt/hostedtoolcache/Python/3.12.9/x64
2026-10-09T15:51:58.4310043Z   PKG_CONFIG_PATH: /opt/hostedtoolcache/Python/3.12.9/x64/lib/pkgconfig
2026-10-09T15:51:58.4310257Z   Python_ROOT_DIR: /opt/hostedtoolcache/Python/3.12.9/x64
2026-10-09T15:51:58.4310448Z   Python2_ROOT_DIR: /opt/hostedtoolcache/Python/3.12.9/x64
2026-10-09T15:51:58.4310636Z   Python3_ROOT_DIR: /opt/hostedtoolcache/Python/3.12.9/x64
2026-10-09T15:51:58.4310829Z   LD_LIBRARY_PATH: /opt/hostedtoolcache/Python/3.12.9/x64/lib
2026-10-09T15:51:58.4311031Z   CI_COVERAGE_SHA: 9851bdd2d692df983664bc8f4597fbc05c0e2ceb
2026-10-09T15:51:58.4311228Z   CI_COVERAGE_TREE: cd6989a19e5fd5e2400f2325fe696cae03d8eda7
2026-10-09T15:51:58.4311450Z   CI_SANDBOX: /home/runner/work/_temp/novel-ci-local-interop.3LB16K
2026-10-09T15:51:58.4311693Z   CI_PROJECT: /home/runner/work/_temp/novel-ci-local-interop.3LB16K/project
2026-10-09T15:51:58.4311951Z   CI_RECEIPTS: /home/runner/work/_temp/novel-ci-local-interop.3LB16K/receipts
2026-10-09T15:51:58.4312343Z   HOME: /home/runner/work/_temp/novel-ci-local-interop.3LB16K/home
2026-10-09T15:51:58.4312578Z   USERPROFILE: /home/runner/work/_temp/novel-ci-local-interop.3LB16K/home
2026-10-09T15:51:58.4312825Z   APPDATA: /home/runner/work/_temp/novel-ci-local-interop.3LB16K/appdata
2026-10-09T15:51:58.4313109Z   LOCALAPPDATA: /home/runner/work/_temp/novel-ci-local-interop.3LB16K/localappdata
2026-10-09T15:51:58.4313386Z   XDG_CONFIG_HOME: /home/runner/work/_temp/novel-ci-local-interop.3LB16K/config
2026-10-09T15:51:58.4313640Z   XDG_CACHE_HOME: /home/runner/work/_temp/novel-ci-local-interop.3LB16K/cache
2026-10-09T15:51:58.4313888Z   XDG_DATA_HOME: /home/runner/work/_temp/novel-ci-local-interop.3LB16K/data
2026-10-09T15:51:58.4314275Z   XDG_STATE_HOME: /home/runner/work/_temp/novel-ci-local-interop.3LB16K/state
2026-10-09T15:51:58.4314511Z   TMPDIR: /home/runner/work/_temp/novel-ci-local-interop.3LB16K/tmp
2026-10-09T15:51:58.4314735Z   TMP: /home/runner/work/_temp/novel-ci-local-interop.3LB16K/tmp
2026-10-09T15:51:58.4314951Z   TEMP: /home/runner/work/_temp/novel-ci-local-interop.3LB16K/tmp
2026-10-09T15:51:58.4315187Z   PROJECT_ROOT: /home/runner/work/_temp/novel-ci-local-interop.3LB16K/project
2026-10-09T15:51:58.4315452Z   NOVEL_DATA_PATH: /home/runner/work/_temp/novel-ci-local-interop.3LB16K/data/novels
2026-10-09T15:51:58.4315728Z   BACKUP_PATH: /home/runner/work/_temp/novel-ci-local-interop.3LB16K/data/backups
2026-10-09T15:51:58.4316027Z   DATABASE_BACKUP_PATH: /home/runner/work/_temp/novel-ci-local-interop.3LB16K/data/database-backups
2026-10-09T15:51:58.4316344Z   KNOWLEDGE_SOURCE_PATH: /home/runner/work/_temp/novel-ci-local-interop.3LB16K/data/novels
2026-10-09T15:51:58.4316564Z ##[endgroup]
2026-10-09T15:51:59.4606409Z ##[group]Run set -o pipefail
2026-10-09T15:51:59.4606584Z [36;1mset -o pipefail[0m
2026-10-09T15:51:59.4606860Z [36;1mPYTHONPATH="$CI_PROJECT/.github/ci:$CI_PROJECT" python -m pytest -p postgres_gate -p suite_coverage -q -ra --tb=short \[0m
2026-10-09T15:51:59.4607209Z [36;1m  --ci-coverage-manifest=.github/ci/coverage_manifest_v2.json.gz \[0m
2026-10-09T15:51:59.4607512Z [36;1m  --ci-scope=interop --ci-shard-index=0 --ci-shard-count=1 --ci-coverage-dir="$CI_RECEIPTS" \[0m
2026-10-09T15:51:59.4607886Z [36;1m  tests/test_local_interop*.py --junitxml="$CI_RECEIPTS/local-interop.xml" 2>&1 | tee "$CI_RECEIPTS/local-interop.log"[0m
2026-10-09T15:51:59.4657979Z shell: /usr/bin/bash -e {0}
2026-10-09T15:51:59.4658108Z env:
2026-10-09T15:51:59.4658211Z   MOCK_PROVIDER: true
2026-10-09T15:51:59.4658325Z   ENABLE_CLOUD: false
2026-10-09T15:51:59.4658445Z   CREDENTIAL_VAULT_BACKEND: memory
2026-10-09T15:51:59.4658597Z   CREDENTIAL_VAULT_ALLOW_MEMORY_FALLBACK: true
2026-10-09T15:51:59.4658771Z   HF_HUB_OFFLINE: 1
2026-10-09T15:51:59.4658890Z   TRANSFORMERS_OFFLINE: 1
2026-10-09T15:51:59.4659046Z   pythonLocation: /opt/hostedtoolcache/Python/3.12.9/x64
2026-10-09T15:51:59.4659263Z   PKG_CONFIG_PATH: /opt/hostedtoolcache/Python/3.12.9/x64/lib/pkgconfig
2026-10-09T15:51:59.4659478Z   Python_ROOT_DIR: /opt/hostedtoolcache/Python/3.12.9/x64
2026-10-09T15:51:59.4659672Z   Python2_ROOT_DIR: /opt/hostedtoolcache/Python/3.12.9/x64
2026-10-09T15:51:59.4659861Z   Python3_ROOT_DIR: /opt/hostedtoolcache/Python/3.12.9/x64
2026-10-09T15:51:59.4660057Z   LD_LIBRARY_PATH: /opt/hostedtoolcache/Python/3.12.9/x64/lib
2026-10-09T15:51:59.4660258Z   CI_COVERAGE_SHA: 9851bdd2d692df983664bc8f4597fbc05c0e2ceb
2026-10-09T15:51:59.4660454Z   CI_COVERAGE_TREE: cd6989a19e5fd5e2400f2325fe696cae03d8eda7
2026-10-09T15:51:59.4660669Z   CI_SANDBOX: /home/runner/work/_temp/novel-ci-local-interop.3LB16K
2026-10-09T15:51:59.4660910Z   CI_PROJECT: /home/runner/work/_temp/novel-ci-local-interop.3LB16K/project
2026-10-09T15:51:59.4661166Z   CI_RECEIPTS: /home/runner/work/_temp/novel-ci-local-interop.3LB16K/receipts
2026-10-09T15:51:59.4661413Z   HOME: /home/runner/work/_temp/novel-ci-local-interop.3LB16K/home
2026-10-09T15:51:59.4661646Z   USERPROFILE: /home/runner/work/_temp/novel-ci-local-interop.3LB16K/home
2026-10-09T15:51:59.4661892Z   APPDATA: /home/runner/work/_temp/novel-ci-local-interop.3LB16K/appdata
2026-10-09T15:51:59.4662260Z   LOCALAPPDATA: /home/runner/work/_temp/novel-ci-local-interop.3LB16K/localappdata
2026-10-09T15:51:59.4662554Z   XDG_CONFIG_HOME: /home/runner/work/_temp/novel-ci-local-interop.3LB16K/config
2026-10-09T15:51:59.4662809Z   XDG_CACHE_HOME: /home/runner/work/_temp/novel-ci-local-interop.3LB16K/cache
2026-10-09T15:51:59.4663056Z   XDG_DATA_HOME: /home/runner/work/_temp/novel-ci-local-interop.3LB16K/data
2026-10-09T15:51:59.4663303Z   XDG_STATE_HOME: /home/runner/work/_temp/novel-ci-local-interop.3LB16K/state
2026-10-09T15:51:59.4663539Z   TMPDIR: /home/runner/work/_temp/novel-ci-local-interop.3LB16K/tmp
2026-10-09T15:51:59.4663881Z   TMP: /home/runner/work/_temp/novel-ci-local-interop.3LB16K/tmp
2026-10-09T15:51:59.4664097Z   TEMP: /home/runner/work/_temp/novel-ci-local-interop.3LB16K/tmp
2026-10-09T15:51:59.4664332Z   PROJECT_ROOT: /home/runner/work/_temp/novel-ci-local-interop.3LB16K/project
2026-10-09T15:51:59.4664596Z   NOVEL_DATA_PATH: /home/runner/work/_temp/novel-ci-local-interop.3LB16K/data/novels
2026-10-09T15:51:59.4664870Z   BACKUP_PATH: /home/runner/work/_temp/novel-ci-local-interop.3LB16K/data/backups
2026-10-09T15:51:59.4665167Z   DATABASE_BACKUP_PATH: /home/runner/work/_temp/novel-ci-local-interop.3LB16K/data/database-backups
2026-10-09T15:51:59.4665483Z   KNOWLEDGE_SOURCE_PATH: /home/runner/work/_temp/novel-ci-local-interop.3LB16K/data/novels
2026-10-09T15:51:59.4665708Z   STORAGE_BACKEND: postgres
2026-10-09T15:51:59.4666035Z   DATABASE_URL: ***127.0.0.1:5432/interop_ci
2026-10-09T15:51:59.4666296Z   TEST_POSTGRES_DATABASE_URL: ***127.0.0.1:5432/interop_ci
2026-10-09T15:51:59.4666572Z ##[endgroup]
2026-10-09T15:52:03.6529673Z ........................................................................ [ 17%]
2026-10-09T15:52:03.7232339Z ........................................................................ [ 34%]
2026-10-09T15:52:43.1065313Z ........................................s.......ss..s................... [ 52%]
2026-10-09T15:54:40.9741893Z ...........................................s.sssssssss.........s..s.s.s. [ 69%]
2026-10-09T15:58:33.1749278Z s.s.sss....s.s.s.s.sss...ssssss......s.s.s.s.........s.s..s.ssss....s.s. [ 87%]
2026-10-09T15:59:37.9717201Z s.s.s.ssss....s.s.s.ssssss......s.s.s................                    [100%]
2026-10-09T15:59:37.9717796Z - generated xml file: /home/runner/work/_temp/novel-ci-local-interop.3LB16K/receipts/local-interop.xml -
2026-10-09T15:59:37.9718264Z =========================== short test summary info ============================
2026-10-09T15:59:37.9718855Z SKIPPED [1] tests/test_local_interop_cross_process_host.py: File-backend implementation contract; covered by the default/File full suite
2026-10-09T15:59:37.9719653Z SKIPPED [2] tests/test_local_interop_desktop_api_projection_races.py:15: File-backend implementation contract; covered by the default/File full suite
2026-10-09T15:59:37.9720451Z SKIPPED [1] tests/test_local_interop_desktop_api_projection_races.py: File-backend implementation contract; covered by the default/File full suite
2026-10-09T15:59:37.9721154Z SKIPPED [10] tests/test_local_interop_desktop_runtime.py: File-backend implementation contract; covered by the default/File full suite
2026-10-09T15:59:37.9721604Z SKIPPED [9] tests/test_local_interop_desktop_runtime.py:60: File-backend implementation contract; covered by the default/File full suite
2026-10-09T15:59:37.9722046Z SKIPPED [3] tests/test_local_interop_desktop_runtime.py:261: File-backend implementation contract; covered by the default/File full suite
2026-10-09T15:59:37.9722987Z SKIPPED [19] tests/test_local_interop_host.py: File-backend implementation contract; covered by the default/File full suite
2026-10-09T15:59:37.9723400Z SKIPPED [3] tests/test_local_interop_host.py:173: File-backend implementation contract; covered by the default/File full suite
2026-10-09T15:59:37.9723799Z SKIPPED [6] tests/test_local_interop_host.py:203: File-backend implementation contract; covered by the default/File full suite
2026-10-09T15:59:37.9724209Z SKIPPED [4] tests/test_local_interop_host.py:395: File-backend implementation contract; covered by the default/File full suite
2026-10-09T15:59:37.9724603Z SKIPPED [4] tests/test_local_interop_host.py:528: File-backend implementation contract; covered by the default/File full suite
2026-10-09T15:59:37.9724995Z SKIPPED [6] tests/test_local_interop_host.py:611: File-backend implementation contract; covered by the default/File full suite
2026-10-09T15:59:37.9725279Z 345 passed, 68 skipped in 457.38s (0:07:37)
2026-10-09T15:59:38.6398807Z ##[group]Run python .github/ci/coverage_reconcile.py \
2026-10-09T15:59:38.6399175Z [36;1mpython .github/ci/coverage_reconcile.py \[0m
2026-10-09T15:59:38.6399670Z [36;1m  --manifest .github/ci/coverage_manifest_v2.json.gz --scope interop \[0m
2026-10-09T15:59:38.6400008Z [36;1m  --receipts-dir "$CI_RECEIPTS" --expected-shards postgres=1 \[0m
2026-10-09T15:59:38.6410852Z [36;1m  --expected-sha "$CI_COVERAGE_SHA" --expected-tree "$CI_COVERAGE_TREE" \[0m
2026-10-09T15:59:38.6411143Z [36;1m  --expected-event-sha "$GITHUB_SHA" --expected-run "$GITHUB_RUN_ID" \[0m
2026-10-09T15:59:38.6411450Z [36;1m  --expected-attempt "$GITHUB_RUN_ATTEMPT" --expected-repository "$GITHUB_REPOSITORY" \[0m
2026-10-09T15:59:38.6411770Z [36;1m  --constraints .github/ci/python-constraints.txt --source-root "$CI_PROJECT" \[0m
2026-10-09T15:59:38.6412019Z [36;1m  --output "$CI_RECEIPTS/interop-coverage.json"[0m
2026-10-09T15:59:38.6462595Z shell: /usr/bin/bash -e {0}
2026-10-09T15:59:38.6462756Z env:
2026-10-09T15:59:38.6462860Z   MOCK_PROVIDER: true
2026-10-09T15:59:38.6462975Z   ENABLE_CLOUD: false
2026-10-09T15:59:38.6463091Z   CREDENTIAL_VAULT_BACKEND: memory
2026-10-09T15:59:38.6463247Z   CREDENTIAL_VAULT_ALLOW_MEMORY_FALLBACK: true
2026-10-09T15:59:38.6463396Z   HF_HUB_OFFLINE: 1
2026-10-09T15:59:38.6463505Z   TRANSFORMERS_OFFLINE: 1
2026-10-09T15:59:38.6463658Z   pythonLocation: /opt/hostedtoolcache/Python/3.12.9/x64
2026-10-09T15:59:38.6463879Z   PKG_CONFIG_PATH: /opt/hostedtoolcache/Python/3.12.9/x64/lib/pkgconfig
2026-10-09T15:59:38.6464097Z   Python_ROOT_DIR: /opt/hostedtoolcache/Python/3.12.9/x64
2026-10-09T15:59:38.6464289Z   Python2_ROOT_DIR: /opt/hostedtoolcache/Python/3.12.9/x64
2026-10-09T15:59:38.6464479Z   Python3_ROOT_DIR: /opt/hostedtoolcache/Python/3.12.9/x64
2026-10-09T15:59:38.6464675Z   LD_LIBRARY_PATH: /opt/hostedtoolcache/Python/3.12.9/x64/lib
2026-10-09T15:59:38.6464876Z   CI_COVERAGE_SHA: 9851bdd2d692df983664bc8f4597fbc05c0e2ceb
2026-10-09T15:59:38.6465076Z   CI_COVERAGE_TREE: cd6989a19e5fd5e2400f2325fe696cae03d8eda7
2026-10-09T15:59:38.6465294Z   CI_SANDBOX: /home/runner/work/_temp/novel-ci-local-interop.3LB16K
2026-10-09T15:59:38.6465550Z   CI_PROJECT: /home/runner/work/_temp/novel-ci-local-interop.3LB16K/project
2026-10-09T15:59:38.6465813Z   CI_RECEIPTS: /home/runner/work/_temp/novel-ci-local-interop.3LB16K/receipts
2026-10-09T15:59:38.6466058Z   HOME: /home/runner/work/_temp/novel-ci-local-interop.3LB16K/home
2026-10-09T15:59:38.6466298Z   USERPROFILE: /home/runner/work/_temp/novel-ci-local-interop.3LB16K/home
2026-10-09T15:59:38.6466547Z   APPDATA: /home/runner/work/_temp/novel-ci-local-interop.3LB16K/appdata
2026-10-09T15:59:38.6466814Z   LOCALAPPDATA: /home/runner/work/_temp/novel-ci-local-interop.3LB16K/localappdata
2026-10-09T15:59:38.6467092Z   XDG_CONFIG_HOME: /home/runner/work/_temp/novel-ci-local-interop.3LB16K/config
2026-10-09T15:59:38.6467357Z   XDG_CACHE_HOME: /home/runner/work/_temp/novel-ci-local-interop.3LB16K/cache
2026-10-09T15:59:38.6467612Z   XDG_DATA_HOME: /home/runner/work/_temp/novel-ci-local-interop.3LB16K/data
2026-10-09T15:59:38.6467863Z   XDG_STATE_HOME: /home/runner/work/_temp/novel-ci-local-interop.3LB16K/state
2026-10-09T15:59:38.6468107Z   TMPDIR: /home/runner/work/_temp/novel-ci-local-interop.3LB16K/tmp
2026-10-09T15:59:38.6468331Z   TMP: /home/runner/work/_temp/novel-ci-local-interop.3LB16K/tmp
2026-10-09T15:59:38.6468548Z   TEMP: /home/runner/work/_temp/novel-ci-local-interop.3LB16K/tmp
2026-10-09T15:59:38.6468788Z   PROJECT_ROOT: /home/runner/work/_temp/novel-ci-local-interop.3LB16K/project
2026-10-09T15:59:38.6469060Z   NOVEL_DATA_PATH: /home/runner/work/_temp/novel-ci-local-interop.3LB16K/data/novels
2026-10-09T15:59:38.6469339Z   BACKUP_PATH: /home/runner/work/_temp/novel-ci-local-interop.3LB16K/data/backups
2026-10-09T15:59:38.6469645Z   DATABASE_BACKUP_PATH: /home/runner/work/_temp/novel-ci-local-interop.3LB16K/data/database-backups
2026-10-09T15:59:38.6470108Z   KNOWLEDGE_SOURCE_PATH: /home/runner/work/_temp/novel-ci-local-interop.3LB16K/data/novels
2026-10-09T15:59:38.6470334Z ##[endgroup]
2026-10-09T15:59:38.8824376Z {
2026-10-09T15:59:38.8824622Z   "schema_version": 1,
2026-10-09T15:59:38.8825025Z   "scope": "interop",
2026-10-09T15:59:38.8825151Z   "status": "complete",
2026-10-09T15:59:38.8825266Z   "identity": {
2026-10-09T15:59:38.8825441Z     "checked_out_sha": "9851bdd2d692df983664bc8f4597fbc05c0e2ceb",
2026-10-09T15:59:38.8825675Z     "source_tree": "cd6989a19e5fd5e2400f2325fe696cae03d8eda7",
2026-10-09T15:59:38.8825880Z     "event_sha": "9851bdd2d692df983664bc8f4597fbc05c0e2ceb",
2026-10-09T15:59:38.8826045Z     "run_id": "37954818409",
2026-10-09T15:59:38.8826171Z     "run_attempt": "1",
2026-10-09T15:59:38.8826315Z     "repository": "1785235376-blip/AI-Novel-Studio",
2026-10-09T15:59:38.8826479Z     "python_version": "3.12.9",
2026-10-09T15:59:38.8826607Z     "platform": "linux",
2026-10-09T15:59:38.8826832Z     "source_manifest_sha256": "bc15318b92cae0ee7a3c581321de95f3577c684b0ced26daf9f7228ccda57715",
2026-10-09T15:59:38.8827171Z     "dependency_digest": "fb6f9ade2d88f097b3d1c77f38c07276d773fb4b377ae412194f10805e92b97e"
2026-10-09T15:59:38.8827399Z   },
2026-10-09T15:59:38.8827510Z   "unique_collected_per_profile": 413,
2026-10-09T15:59:38.8827649Z   "profiles": {
2026-10-09T15:59:38.8827755Z     "postgres": {
2026-10-09T15:59:38.8827863Z       "collected": 413,
2026-10-09T15:59:38.8828090Z       "passed": 345,
2026-10-09T15:59:38.8828204Z       "skipped": 68,
2026-10-09T15:59:38.8828308Z       "shards": 1
2026-10-09T15:59:38.8828408Z     }
2026-10-09T15:59:38.8828497Z   },
2026-10-09T15:59:38.8828593Z   "external_gates": {},
2026-10-09T15:59:38.8828816Z   "evidence": "complete collected backend coverage; not monolithic PostgreSQL interaction equivalence"
2026-10-09T15:59:38.8829050Z }
2026-10-09T15:59:38.8913198Z ##[group]Run python scripts/check_desktop_integration.py
2026-10-09T15:59:38.8913572Z [36;1mpython scripts/check_desktop_integration.py[0m
2026-10-09T15:59:38.8914035Z [36;1mpython -m local_interop_desktop.acceptance --mock-only --output "$CI_RECEIPTS/desktop-acceptance.json"[0m
2026-10-09T15:59:38.8968361Z shell: /usr/bin/bash -e {0}
2026-10-09T15:59:38.8968514Z env:
2026-10-09T15:59:38.8968617Z   MOCK_PROVIDER: true
2026-10-09T15:59:38.8968733Z   ENABLE_CLOUD: false
2026-10-09T15:59:38.8968850Z   CREDENTIAL_VAULT_BACKEND: memory
2026-10-09T15:59:38.8969004Z   CREDENTIAL_VAULT_ALLOW_MEMORY_FALLBACK: true
2026-10-09T15:59:38.8969153Z   HF_HUB_OFFLINE: 1
2026-10-09T15:59:38.8969265Z   TRANSFORMERS_OFFLINE: 1
2026-10-09T15:59:38.8969422Z   pythonLocation: /opt/hostedtoolcache/Python/3.12.9/x64
2026-10-09T15:59:38.8969647Z   PKG_CONFIG_PATH: /opt/hostedtoolcache/Python/3.12.9/x64/lib/pkgconfig
2026-10-09T15:59:38.8969865Z   Python_ROOT_DIR: /opt/hostedtoolcache/Python/3.12.9/x64
2026-10-09T15:59:38.8970115Z   Python2_ROOT_DIR: /opt/hostedtoolcache/Python/3.12.9/x64
2026-10-09T15:59:38.8970308Z   Python3_ROOT_DIR: /opt/hostedtoolcache/Python/3.12.9/x64
2026-10-09T15:59:38.8970504Z   LD_LIBRARY_PATH: /opt/hostedtoolcache/Python/3.12.9/x64/lib
2026-10-09T15:59:38.8970705Z   CI_COVERAGE_SHA: 9851bdd2d692df983664bc8f4597fbc05c0e2ceb
2026-10-09T15:59:38.8970900Z   CI_COVERAGE_TREE: cd6989a19e5fd5e2400f2325fe696cae03d8eda7
2026-10-09T15:59:38.8971120Z   CI_SANDBOX: /home/runner/work/_temp/novel-ci-local-interop.3LB16K
2026-10-09T15:59:38.8971366Z   CI_PROJECT: /home/runner/work/_temp/novel-ci-local-interop.3LB16K/project
2026-10-09T15:59:38.8971626Z   CI_RECEIPTS: /home/runner/work/_temp/novel-ci-local-interop.3LB16K/receipts
2026-10-09T15:59:38.8971870Z   HOME: /home/runner/work/_temp/novel-ci-local-interop.3LB16K/home
2026-10-09T15:59:38.8972107Z   USERPROFILE: /home/runner/work/_temp/novel-ci-local-interop.3LB16K/home
2026-10-09T15:59:38.8972502Z   APPDATA: /home/runner/work/_temp/novel-ci-local-interop.3LB16K/appdata
2026-10-09T15:59:38.8972766Z   LOCALAPPDATA: /home/runner/work/_temp/novel-ci-local-interop.3LB16K/localappdata
2026-10-09T15:59:38.8973042Z   XDG_CONFIG_HOME: /home/runner/work/_temp/novel-ci-local-interop.3LB16K/config
2026-10-09T15:59:38.8973303Z   XDG_CACHE_HOME: /home/runner/work/_temp/novel-ci-local-interop.3LB16K/cache
2026-10-09T15:59:38.8973554Z   XDG_DATA_HOME: /home/runner/work/_temp/novel-ci-local-interop.3LB16K/data
2026-10-09T15:59:38.8973926Z   XDG_STATE_HOME: /home/runner/work/_temp/novel-ci-local-interop.3LB16K/state
2026-10-09T15:59:38.8974166Z   TMPDIR: /home/runner/work/_temp/novel-ci-local-interop.3LB16K/tmp
2026-10-09T15:59:38.8974387Z   TMP: /home/runner/work/_temp/novel-ci-local-interop.3LB16K/tmp
2026-10-09T15:59:38.8974602Z   TEMP: /home/runner/work/_temp/novel-ci-local-interop.3LB16K/tmp
2026-10-09T15:59:38.8974837Z   PROJECT_ROOT: /home/runner/work/_temp/novel-ci-local-interop.3LB16K/project
2026-10-09T15:59:38.8975109Z   NOVEL_DATA_PATH: /home/runner/work/_temp/novel-ci-local-interop.3LB16K/data/novels
2026-10-09T15:59:38.8975386Z   BACKUP_PATH: /home/runner/work/_temp/novel-ci-local-interop.3LB16K/data/backups
2026-10-09T15:59:38.8975692Z   DATABASE_BACKUP_PATH: /home/runner/work/_temp/novel-ci-local-interop.3LB16K/data/database-backups
2026-10-09T15:59:38.8976014Z   KNOWLEDGE_SOURCE_PATH: /home/runner/work/_temp/novel-ci-local-interop.3LB16K/data/novels
2026-10-09T15:59:38.8976237Z ##[endgroup]
2026-10-09T15:59:38.9219349Z {
2026-10-09T15:59:38.9219492Z   "acceptance_scenarios": 24,
2026-10-09T15:59:38.9219644Z   "frozen_protocol_files": 37,
2026-10-09T15:59:38.9219868Z   "manifest_sha256": "77c1f82f0aec0ef385d95cacf6fe04530b83fb62d2403bc7341cbe6bf19c858c",
2026-10-09T15:59:38.9220117Z   "protocol": "PoemSeed Local Interop 1.0",
2026-10-09T15:59:38.9220280Z   "real_desktop_acceptance": "LOCAL_REQUIRED",
2026-10-09T15:59:38.9220430Z   "requirements": 69,
2026-10-09T15:59:38.9220555Z   "shared_desktop_preparation_files": 26
2026-10-09T15:59:38.9220890Z }
2026-10-09T15:59:39.2352999Z {
2026-10-09T15:59:39.2353223Z   "native_acceptance": "LOCAL_REQUIRED",
2026-10-09T15:59:39.2353505Z   "protocol": "PoemSeed Local Interop 1.0",
2026-10-09T15:59:39.2353727Z   "results": [
2026-10-09T15:59:39.2353867Z     {
2026-10-09T15:59:39.2354006Z       "checks": [
2026-10-09T15:59:39.2354184Z         "absent_installation",
2026-10-09T15:59:39.2354378Z         "no_auto_launch"
2026-10-09T15:59:39.2354572Z       ],
2026-10-09T15:59:39.2354719Z       "elapsed_ms": 0.389,
2026-10-09T15:59:39.2354887Z       "error_code": null,
2026-10-09T15:59:39.2355002Z       "id": "A01",
2026-10-09T15:59:39.2355110Z       "name": "Install state",
2026-10-09T15:59:39.2355236Z       "native_status": "LOCAL_REQUIRED",
2026-10-09T15:59:39.2355387Z       "outcome": "PASS",
2026-10-09T15:59:39.2355507Z       "scope": "MOCK_ONLY"
2026-10-09T15:59:39.2355618Z     },
2026-10-09T15:59:39.2355708Z     {
2026-10-09T15:59:39.2355798Z       "checks": [
2026-10-09T15:59:39.2355963Z         "registered_discovery",
2026-10-09T15:59:39.2356094Z         "bounded_deduplication",
2026-10-09T15:59:39.2356219Z         "no_process_scan"
2026-10-09T15:59:39.2356329Z       ],
2026-10-09T15:59:39.2356423Z       "elapsed_ms": 0.258,
2026-10-09T15:59:39.2356539Z       "error_code": null,
2026-10-09T15:59:39.2356651Z       "id": "A02",
2026-10-09T15:59:39.2356759Z       "name": "Peer discovery",
2026-10-09T15:59:39.2356892Z       "native_status": "LOCAL_REQUIRED",
2026-10-09T15:59:39.2357028Z       "outcome": "PASS",
2026-10-09T15:59:39.2357142Z       "scope": "MOCK_ONLY"
2026-10-09T15:59:39.2357250Z     },
2026-10-09T15:59:39.2357336Z     {
2026-10-09T15:59:39.2357423Z       "checks": [
2026-10-09T15:59:39.2357532Z         "synthetic_os_facts_only",
2026-10-09T15:59:39.2357684Z         "explicit_approval",
2026-10-09T15:59:39.2357807Z         "trust_downgrade",
2026-10-09T15:59:39.2357920Z         "revocation"
2026-10-09T15:59:39.2358021Z       ],
2026-10-09T15:59:39.2358114Z       "elapsed_ms": 0.31,
2026-10-09T15:59:39.2358231Z       "error_code": null,
2026-10-09T15:59:39.2358338Z       "id": "A03",
2026-10-09T15:59:39.2358438Z       "name": "Trust",
2026-10-09T15:59:39.2358554Z       "native_status": "LOCAL_REQUIRED",
2026-10-09T15:59:39.2358689Z       "outcome": "PASS",
2026-10-09T15:59:39.2358801Z       "scope": "MOCK_ONLY"
2026-10-09T15:59:39.2358908Z     },
2026-10-09T15:59:39.2358994Z     {
2026-10-09T15:59:39.2359278Z       "checks": [
2026-10-09T15:59:39.2359384Z         "five_distinct_stages",
2026-10-09T15:59:39.2359517Z         "deterministic_observable_history"
2026-10-09T15:59:39.2359652Z       ],
2026-10-09T15:59:39.2359745Z       "elapsed_ms": 5.362,
2026-10-09T15:59:39.2359858Z       "error_code": null,
2026-10-09T15:59:39.2359965Z       "id": "A04",
2026-10-09T15:59:39.2360068Z       "name": "Handshake",
2026-10-09T15:59:39.2360186Z       "native_status": "LOCAL_REQUIRED",
2026-10-09T15:59:39.2360318Z       "outcome": "PASS",
2026-10-09T15:59:39.2360430Z       "scope": "MOCK_ONLY"
2026-10-09T15:59:39.2360541Z     },
2026-10-09T15:59:39.2360630Z     {
2026-10-09T15:59:39.2360717Z       "checks": [
2026-10-09T15:59:39.2360828Z         "negotiated_support",
2026-10-09T15:59:39.2360959Z         "content_permission_not_implied"
2026-10-09T15:59:39.2361086Z       ],
2026-10-09T15:59:39.2361177Z       "elapsed_ms": 5.576,
2026-10-09T15:59:39.2361290Z       "error_code": null,
2026-10-09T15:59:39.2361403Z       "id": "A05",
2026-10-09T15:59:39.2361513Z       "name": "Capability negotiation",
2026-10-09T15:59:39.2361652Z       "native_status": "LOCAL_REQUIRED",
2026-10-09T15:59:39.2361782Z       "outcome": "PASS",
2026-10-09T15:59:39.2361893Z       "scope": "MOCK_ONLY"
2026-10-09T15:59:39.2362001Z     },
2026-10-09T15:59:39.2362093Z     {
2026-10-09T15:59:39.2362310Z       "checks": [
2026-10-09T15:59:39.2362416Z         "metadata_only",
2026-10-09T15:59:39.2362541Z         "no_manuscript_selection_prompt"
2026-10-09T15:59:39.2362670Z       ],
2026-10-09T15:59:39.2362763Z       "elapsed_ms": 0.507,
2026-10-09T15:59:39.2362999Z       "error_code": null,
2026-10-09T15:59:39.2363109Z       "id": "A06",
2026-10-09T15:59:39.2363218Z       "name": "Metadata context",
2026-10-09T15:59:39.2363351Z       "native_status": "LOCAL_REQUIRED",
2026-10-09T15:59:39.2363482Z       "outcome": "PASS",
2026-10-09T15:59:39.2363598Z       "scope": "MOCK_ONLY"
2026-10-09T15:59:39.2363706Z     },
2026-10-09T15:59:39.2363792Z     {
2026-10-09T15:59:39.2363884Z       "checks": [
2026-10-09T15:59:39.2363988Z         "explicit_consent",
2026-10-09T15:59:39.2364110Z         "exact_content_scope",
2026-10-09T15:59:39.2364234Z         "chapter_version_fence"
2026-10-09T15:59:39.2364350Z       ],
2026-10-09T15:59:39.2364443Z       "elapsed_ms": 0.59,
2026-10-09T15:59:39.2364556Z       "error_code": null,
2026-10-09T15:59:39.2364664Z       "id": "A07",
2026-10-09T15:59:39.2364773Z       "name": "Selection context",
2026-10-09T15:59:39.2364906Z       "native_status": "LOCAL_REQUIRED",
2026-10-09T15:59:39.2365037Z       "outcome": "PASS",
2026-10-09T15:59:39.2365152Z       "scope": "MOCK_ONLY"
2026-10-09T15:59:39.2365260Z     },
2026-10-09T15:59:39.2365346Z     {
2026-10-09T15:59:39.2365433Z       "checks": [
2026-10-09T15:59:39.2365537Z         "explicit_consent",
2026-10-09T15:59:39.2365657Z         "exact_content_scope",
2026-10-09T15:59:39.2365779Z         "chapter_version_fence"
2026-10-09T15:59:39.2365894Z       ],
2026-10-09T15:59:39.2365990Z       "elapsed_ms": 0.496,
2026-10-09T15:59:39.2366106Z       "error_code": null,
2026-10-09T15:59:39.2366215Z       "id": "A08",
2026-10-09T15:59:39.2366323Z       "name": "Chapter context",
2026-10-09T15:59:39.2366451Z       "native_status": "LOCAL_REQUIRED",
2026-10-09T15:59:39.2366581Z       "outcome": "PASS",
2026-10-09T15:59:39.2366691Z       "scope": "MOCK_ONLY"
2026-10-09T15:59:39.2366798Z     },
2026-10-09T15:59:39.2366884Z     {
2026-10-09T15:59:39.2366972Z       "checks": [
2026-10-09T15:59:39.2367078Z         "non_content_diagnostic",
2026-10-09T15:59:39.2367209Z         "allowlisted_audit",
2026-10-09T15:59:39.2367335Z         "bounded_audit"
2026-10-09T15:59:39.2367440Z       ],
2026-10-09T15:59:39.2367533Z       "elapsed_ms": 0.847,
2026-10-09T15:59:39.2367647Z       "error_code": null,
2026-10-09T15:59:39.2367756Z       "id": "A09",
2026-10-09T15:59:39.2367860Z       "name": "Diagnostic",
2026-10-09T15:59:39.2367982Z       "native_status": "LOCAL_REQUIRED",
2026-10-09T15:59:39.2368111Z       "outcome": "PASS",
2026-10-09T15:59:39.2368325Z       "scope": "MOCK_ONLY"
2026-10-09T15:59:39.2368433Z     },
2026-10-09T15:59:39.2368519Z     {
2026-10-09T15:59:39.2368609Z       "checks": [
2026-10-09T15:59:39.2368723Z         "coalescing",
2026-10-09T15:59:39.2368845Z         "live_delivery_permission",
2026-10-09T15:59:39.2368976Z         "isolated_revocation",
2026-10-09T15:59:39.2369098Z         "pause_resume",
2026-10-09T15:59:39.2369216Z         "disconnect_no_grant"
2026-10-09T15:59:39.2369330Z       ],
2026-10-09T15:59:39.2369425Z       "elapsed_ms": 46.653,
2026-10-09T15:59:39.2369545Z       "error_code": null,
2026-10-09T15:59:39.2369653Z       "id": "A10",
2026-10-09T15:59:39.2369754Z       "name": "Event",
2026-10-09T15:59:39.2369869Z       "native_status": "LOCAL_REQUIRED",
2026-10-09T15:59:39.2370000Z       "outcome": "PASS",
2026-10-09T15:59:39.2370112Z       "scope": "MOCK_ONLY"
2026-10-09T15:59:39.2370221Z     },
2026-10-09T15:59:39.2370308Z     {
2026-10-09T15:59:39.2370399Z       "checks": [
2026-10-09T15:59:39.2370505Z         "session_revoked",
2026-10-09T15:59:39.2370621Z         "later_delivery_rejected"
2026-10-09T15:59:39.2370740Z       ],
2026-10-09T15:59:39.2370834Z       "elapsed_ms": 5.629,
2026-10-09T15:59:39.2370947Z       "error_code": null,
2026-10-09T15:59:39.2371054Z       "id": "A11",
2026-10-09T15:59:39.2371159Z       "name": "Session revoke",
2026-10-09T15:59:39.2371285Z       "native_status": "LOCAL_REQUIRED",
2026-10-09T15:59:39.2371416Z       "outcome": "PASS",
2026-10-09T15:59:39.2371527Z       "scope": "MOCK_ONLY"
2026-10-09T15:59:39.2371638Z     },
2026-10-09T15:59:39.2371790Z     {
2026-10-09T15:59:39.2371880Z       "checks": [
2026-10-09T15:59:39.2371982Z         "coalescing",
2026-10-09T15:59:39.2372097Z         "live_delivery_permission",
2026-10-09T15:59:39.2372303Z         "isolated_revocation",
2026-10-09T15:59:39.2372423Z         "pause_resume",
2026-10-09T15:59:39.2372537Z         "disconnect_no_grant"
2026-10-09T15:59:39.2372651Z       ],
2026-10-09T15:59:39.2372750Z       "elapsed_ms": 53.001,
2026-10-09T15:59:39.2372867Z       "error_code": null,
2026-10-09T15:59:39.2372975Z       "id": "A12",
2026-10-09T15:59:39.2373086Z       "name": "Permission revoke",
2026-10-09T15:59:39.2373219Z       "native_status": "LOCAL_REQUIRED",
2026-10-09T15:59:39.2373351Z       "outcome": "PASS",
2026-10-09T15:59:39.2373464Z       "scope": "MOCK_ONLY"
2026-10-09T15:59:39.2373573Z     },
2026-10-09T15:59:39.2373659Z     {
2026-10-09T15:59:39.2373746Z       "checks": [
2026-10-09T15:59:39.2373854Z         "v1_request_response_loop",
2026-10-09T15:59:39.2373989Z         "advice_no_mutation"
2026-10-09T15:59:39.2374101Z       ],
2026-10-09T15:59:39.2374196Z       "elapsed_ms": 8.094,
2026-10-09T15:59:39.2374388Z       "error_code": null,
2026-10-09T15:59:39.2374548Z       "id": "A13",
2026-10-09T15:59:39.2374680Z       "name": "Tutor guidance",
2026-10-09T15:59:39.2374807Z       "native_status": "LOCAL_REQUIRED",
2026-10-09T15:59:39.2374939Z       "outcome": "PASS",
2026-10-09T15:59:39.2375053Z       "scope": "MOCK_ONLY"
2026-10-09T15:59:39.2375162Z     },
2026-10-09T15:59:39.2375250Z     {
2026-10-09T15:59:39.2375337Z       "checks": [
2026-10-09T15:59:39.2375441Z         "fresh_owner_callback",
2026-10-09T15:59:39.2375570Z         "wire_evidence_never_promoted"
2026-10-09T15:59:39.2375700Z       ],
2026-10-09T15:59:39.2375794Z       "elapsed_ms": 10.122,
2026-10-09T15:59:39.2375911Z       "error_code": null,
2026-10-09T15:59:39.2376019Z       "id": "A14",
2026-10-09T15:59:39.2376121Z       "name": "Verifier",
2026-10-09T15:59:39.2376240Z       "native_status": "LOCAL_REQUIRED",
2026-10-09T15:59:39.2376376Z       "outcome": "PASS",
2026-10-09T15:59:39.2376489Z       "scope": "MOCK_ONLY"
2026-10-09T15:59:39.2376597Z     },
2026-10-09T15:59:39.2376683Z     {
2026-10-09T15:59:39.2376775Z       "checks": [
2026-10-09T15:59:39.2376884Z         "advice_does_not_navigate",
2026-10-09T15:59:39.2377011Z         "local_user_click",
2026-10-09T15:59:39.2377128Z         "single_use_presence"
2026-10-09T15:59:39.2377341Z       ],
2026-10-09T15:59:39.2377439Z       "elapsed_ms": 0.326,
2026-10-09T15:59:39.2377553Z       "error_code": null,
2026-10-09T15:59:39.2377660Z       "id": "A15",
2026-10-09T15:59:39.2377764Z       "name": "Deep Link",
2026-10-09T15:59:39.2377884Z       "native_status": "LOCAL_REQUIRED",
2026-10-09T15:59:39.2378018Z       "outcome": "PASS",
2026-10-09T15:59:39.2378132Z       "scope": "MOCK_ONLY"
2026-10-09T15:59:39.2378241Z     },
2026-10-09T15:59:39.2378327Z     {
2026-10-09T15:59:39.2378416Z       "checks": [
2026-10-09T15:59:39.2378520Z         "owner_projection",
2026-10-09T15:59:39.2378643Z         "read_only_metadata",
2026-10-09T15:59:39.2378762Z         "stale_cache"
2026-10-09T15:59:39.2378865Z       ],
2026-10-09T15:59:39.2378959Z       "elapsed_ms": 0.391,
2026-10-09T15:59:39.2379073Z       "error_code": null,
2026-10-09T15:59:39.2379182Z       "id": "A16",
2026-10-09T15:59:39.2379288Z       "name": "Model Registry",
2026-10-09T15:59:39.2379418Z       "native_status": "LOCAL_REQUIRED",
2026-10-09T15:59:39.2379555Z       "outcome": "PASS",
2026-10-09T15:59:39.2379668Z       "scope": "MOCK_ONLY"
2026-10-09T15:59:39.2379776Z     },
2026-10-09T15:59:39.2379861Z     {
2026-10-09T15:59:39.2379950Z       "checks": [
2026-10-09T15:59:39.2380054Z         "synthetic_peer_crash",
2026-10-09T15:59:39.2380183Z         "no_successful_late_delivery"
2026-10-09T15:59:39.2380308Z       ],
2026-10-09T15:59:39.2380404Z       "elapsed_ms": 5.56,
2026-10-09T15:59:39.2380518Z       "error_code": null,
2026-10-09T15:59:39.2380626Z       "id": "A17",
2026-10-09T15:59:39.2380822Z       "name": "Tutor crash",
2026-10-09T15:59:39.2380950Z       "native_status": "LOCAL_REQUIRED",
2026-10-09T15:59:39.2381082Z       "outcome": "PASS",
2026-10-09T15:59:39.2381195Z       "scope": "MOCK_ONLY"
2026-10-09T15:59:39.2381304Z     },
2026-10-09T15:59:39.2381390Z     {
2026-10-09T15:59:39.2381480Z       "checks": [
2026-10-09T15:59:39.2381587Z         "simulated_host_shutdown",
2026-10-09T15:59:39.2381717Z         "volatile_session_revoked"
2026-10-09T15:59:39.2381840Z       ],
2026-10-09T15:59:39.2381934Z       "elapsed_ms": 5.347,
2026-10-09T15:59:39.2382054Z       "error_code": null,
2026-10-09T15:59:39.2382274Z       "id": "A18",
2026-10-09T15:59:39.2382431Z       "name": "Studio crash",
2026-10-09T15:59:39.2382558Z       "native_status": "LOCAL_REQUIRED",
2026-10-09T15:59:39.2382689Z       "outcome": "PASS",
2026-10-09T15:59:39.2382803Z       "scope": "MOCK_ONLY"
2026-10-09T15:59:39.2382910Z     },
2026-10-09T15:59:39.2382999Z     {
2026-10-09T15:59:39.2383087Z       "checks": [
2026-10-09T15:59:39.2383195Z         "fresh_instance",
2026-10-09T15:59:39.2383326Z         "no_session_or_standing_grant_restoration"
2026-10-09T15:59:39.2383471Z       ],
2026-10-09T15:59:39.2383567Z       "elapsed_ms": 5.752,
2026-10-09T15:59:39.2383682Z       "error_code": null,
2026-10-09T15:59:39.2383790Z       "id": "A19",
2026-10-09T15:59:39.2383894Z       "name": "Restart",
2026-10-09T15:59:39.2384011Z       "native_status": "LOCAL_REQUIRED",
2026-10-09T15:59:39.2384145Z       "outcome": "PASS",
2026-10-09T15:59:39.2384258Z       "scope": "MOCK_ONLY"
2026-10-09T15:59:39.2384366Z     },
2026-10-09T15:59:39.2384452Z     {
2026-10-09T15:59:39.2384541Z       "checks": [
2026-10-09T15:59:39.2384653Z         "product_upgrade_compatible",
2026-10-09T15:59:39.2384801Z         "optional_1_1_advertisement_selects_1_0",
2026-10-09T15:59:39.2384953Z         "unknown_major_rejected"
2026-10-09T15:59:39.2385132Z       ],
2026-10-09T15:59:39.2385280Z       "elapsed_ms": 4.758,
2026-10-09T15:59:39.2385450Z       "error_code": null,
2026-10-09T15:59:39.2385566Z       "id": "A20",
2026-10-09T15:59:39.2385676Z       "name": "Upgrade compatibility",
2026-10-09T15:59:39.2385814Z       "native_status": "LOCAL_REQUIRED",
2026-10-09T15:59:39.2385946Z       "outcome": "PASS",
2026-10-09T15:59:39.2386059Z       "scope": "MOCK_ONLY"
2026-10-09T15:59:39.2386168Z     },
2026-10-09T15:59:39.2386255Z     {
2026-10-09T15:59:39.2386342Z       "checks": [
2026-10-09T15:59:39.2386555Z         "distinct_windows_user_probe_required"
2026-10-09T15:59:39.2386693Z       ],
2026-10-09T15:59:39.2386787Z       "elapsed_ms": 0.0,
2026-10-09T15:59:39.2386900Z       "error_code": null,
2026-10-09T15:59:39.2387008Z       "id": "A21",
2026-10-09T15:59:39.2387117Z       "name": "Different Windows user",
2026-10-09T15:59:39.2387254Z       "native_status": "NOT_RUN",
2026-10-09T15:59:39.2387380Z       "outcome": "NOT_RUN",
2026-10-09T15:59:39.2387503Z       "scope": "NATIVE_REQUIRED"
2026-10-09T15:59:39.2387619Z     },
2026-10-09T15:59:39.2387705Z     {
2026-10-09T15:59:39.2387794Z       "checks": [
2026-10-09T15:59:39.2387906Z         "claimed_known_product_rejected",
2026-10-09T15:59:39.2388048Z         "no_installation_no_trust"
2026-10-09T15:59:39.2388166Z       ],
2026-10-09T15:59:39.2388261Z       "elapsed_ms": 0.192,
2026-10-09T15:59:39.2388376Z       "error_code": null,
2026-10-09T15:59:39.2388483Z       "id": "A22",
2026-10-09T15:59:39.2388589Z       "name": "Fake product_id",
2026-10-09T15:59:39.2388723Z       "native_status": "LOCAL_REQUIRED",
2026-10-09T15:59:39.2388855Z       "outcome": "PASS",
2026-10-09T15:59:39.2388967Z       "scope": "MOCK_ONLY"
2026-10-09T15:59:39.2389075Z     },
2026-10-09T15:59:39.2389160Z     {
2026-10-09T15:59:39.2389248Z       "checks": [
2026-10-09T15:59:39.2389352Z         "fixed_expiry",
2026-10-09T15:59:39.2389468Z         "heartbeat_does_not_extend",
2026-10-09T15:59:39.2389602Z         "expired_request_rejected"
2026-10-09T15:59:39.2389722Z       ],
2026-10-09T15:59:39.2389860Z       "elapsed_ms": 5.907,
2026-10-09T15:59:39.2390147Z       "error_code": null,
2026-10-09T15:59:39.2390315Z       "id": "A23",
2026-10-09T15:59:39.2390521Z       "name": "Expired session",
2026-10-09T15:59:39.2390749Z       "native_status": "LOCAL_REQUIRED",
2026-10-09T15:59:39.2390959Z       "outcome": "PASS",
2026-10-09T15:59:39.2391122Z       "scope": "MOCK_ONLY"
2026-10-09T15:59:39.2391277Z     },
2026-10-09T15:59:39.2391403Z     {
2026-10-09T15:59:39.2391533Z       "checks": [
2026-10-09T15:59:39.2391691Z         "offline_peer_isolated",
2026-10-09T15:59:39.2391897Z         "no_application_failure"
2026-10-09T15:59:39.2392095Z       ],
2026-10-09T15:59:39.2392342Z       "elapsed_ms": 0.243,
2026-10-09T15:59:39.2392512Z       "error_code": null,
2026-10-09T15:59:39.2392671Z       "id": "A24",
2026-10-09T15:59:39.2392821Z       "name": "Offline",
2026-10-09T15:59:39.2392991Z       "native_status": "LOCAL_REQUIRED",
2026-10-09T15:59:39.2393185Z       "outcome": "PASS",
2026-10-09T15:59:39.2393346Z       "scope": "MOCK_ONLY"
2026-10-09T15:59:39.2393502Z     }
2026-10-09T15:59:39.2393636Z   ],
2026-10-09T15:59:39.2393906Z   "scope": "Desktop preparation contract harness; real Desktop acceptance LOCAL_REQUIRED",
2026-10-09T15:59:39.2394240Z   "summary": {
2026-10-09T15:59:39.2394385Z     "FAIL": 0,
2026-10-09T15:59:39.2394533Z     "NOT_RUN": 1,
2026-10-09T15:59:39.2394684Z     "PASS": 23
2026-10-09T15:59:39.2394828Z   }
2026-10-09T15:59:39.2394962Z }
2026-10-09T15:59:39.2609001Z ##[group]Run python .github/ci/receipt.py "$CI_RECEIPTS"
2026-10-09T15:59:39.2609242Z [36;1mpython .github/ci/receipt.py "$CI_RECEIPTS"[0m
2026-10-09T15:59:39.2658532Z shell: /usr/bin/bash -e {0}
2026-10-09T15:59:39.2658660Z env:
2026-10-09T15:59:39.2658761Z   MOCK_PROVIDER: true
2026-10-09T15:59:39.2658873Z   ENABLE_CLOUD: false
2026-10-09T15:59:39.2658990Z   CREDENTIAL_VAULT_BACKEND: memory
2026-10-09T15:59:39.2659140Z   CREDENTIAL_VAULT_ALLOW_MEMORY_FALLBACK: true
2026-10-09T15:59:39.2659292Z   HF_HUB_OFFLINE: 1
2026-10-09T15:59:39.2659402Z   TRANSFORMERS_OFFLINE: 1
2026-10-09T15:59:39.2659557Z   pythonLocation: /opt/hostedtoolcache/Python/3.12.9/x64
2026-10-09T15:59:39.2659780Z   PKG_CONFIG_PATH: /opt/hostedtoolcache/Python/3.12.9/x64/lib/pkgconfig
2026-10-09T15:59:39.2659999Z   Python_ROOT_DIR: /opt/hostedtoolcache/Python/3.12.9/x64
2026-10-09T15:59:39.2660190Z   Python2_ROOT_DIR: /opt/hostedtoolcache/Python/3.12.9/x64
2026-10-09T15:59:39.2660414Z   Python3_ROOT_DIR: /opt/hostedtoolcache/Python/3.12.9/x64
2026-10-09T15:59:39.2660712Z   LD_LIBRARY_PATH: /opt/hostedtoolcache/Python/3.12.9/x64/lib
2026-10-09T15:59:39.2660936Z   CI_COVERAGE_SHA: 9851bdd2d692df983664bc8f4597fbc05c0e2ceb
2026-10-09T15:59:39.2661137Z   CI_COVERAGE_TREE: cd6989a19e5fd5e2400f2325fe696cae03d8eda7
2026-10-09T15:59:39.2661353Z   CI_SANDBOX: /home/runner/work/_temp/novel-ci-local-interop.3LB16K
2026-10-09T15:59:39.2661598Z   CI_PROJECT: /home/runner/work/_temp/novel-ci-local-interop.3LB16K/project
2026-10-09T15:59:39.2661859Z   CI_RECEIPTS: /home/runner/work/_temp/novel-ci-local-interop.3LB16K/receipts
2026-10-09T15:59:39.2662104Z   HOME: /home/runner/work/_temp/novel-ci-local-interop.3LB16K/home
2026-10-09T15:59:39.2662476Z   USERPROFILE: /home/runner/work/_temp/novel-ci-local-interop.3LB16K/home
2026-10-09T15:59:39.2662725Z   APPDATA: /home/runner/work/_temp/novel-ci-local-interop.3LB16K/appdata
2026-10-09T15:59:39.2662998Z   LOCALAPPDATA: /home/runner/work/_temp/novel-ci-local-interop.3LB16K/localappdata
2026-10-09T15:59:39.2663281Z   XDG_CONFIG_HOME: /home/runner/work/_temp/novel-ci-local-interop.3LB16K/config
2026-10-09T15:59:39.2663541Z   XDG_CACHE_HOME: /home/runner/work/_temp/novel-ci-local-interop.3LB16K/cache
2026-10-09T15:59:39.2663798Z   XDG_DATA_HOME: /home/runner/work/_temp/novel-ci-local-interop.3LB16K/data
2026-10-09T15:59:39.2664049Z   XDG_STATE_HOME: /home/runner/work/_temp/novel-ci-local-interop.3LB16K/state
2026-10-09T15:59:39.2664287Z   TMPDIR: /home/runner/work/_temp/novel-ci-local-interop.3LB16K/tmp
2026-10-09T15:59:39.2664510Z   TMP: /home/runner/work/_temp/novel-ci-local-interop.3LB16K/tmp
2026-10-09T15:59:39.2664727Z   TEMP: /home/runner/work/_temp/novel-ci-local-interop.3LB16K/tmp
2026-10-09T15:59:39.2664964Z   PROJECT_ROOT: /home/runner/work/_temp/novel-ci-local-interop.3LB16K/project
2026-10-09T15:59:39.2665231Z   NOVEL_DATA_PATH: /home/runner/work/_temp/novel-ci-local-interop.3LB16K/data/novels
2026-10-09T15:59:39.2665513Z   BACKUP_PATH: /home/runner/work/_temp/novel-ci-local-interop.3LB16K/data/backups
2026-10-09T15:59:39.2665820Z   DATABASE_BACKUP_PATH: /home/runner/work/_temp/novel-ci-local-interop.3LB16K/data/database-backups
2026-10-09T15:59:39.2666141Z   KNOWLEDGE_SOURCE_PATH: /home/runner/work/_temp/novel-ci-local-interop.3LB16K/data/novels
2026-10-09T15:59:39.2666364Z ##[endgroup]
2026-10-09T15:59:39.2915586Z {
2026-10-09T15:59:39.2916663Z   "revision": "checked_out_sha=9851bdd2d692df983664bc8f4597fbc05c0e2ceb\nevent_sha=9851bdd2d692df983664bc8f4597fbc05c0e2ceb\nrun_url=https://github.com/1785235376-blip/AI-Novel-Studio/actions/runs/37954818409\njob=local-interop\nplatform=Linux; native Windows host/AppContainer/installer=NOT RUN\n",
2026-10-09T15:59:39.2917687Z   "test_reports": {
2026-10-09T15:59:39.2917878Z     "local-interop.xml": {
2026-10-09T15:59:39.2918075Z       "tests": 413,
2026-10-09T15:59:39.2918246Z       "failures": 0,
2026-10-09T15:59:39.2918415Z       "errors": 0,
2026-10-09T15:59:39.2918581Z       "skipped": 68
2026-10-09T15:59:39.2918773Z     }
2026-10-09T15:59:39.2919108Z   },
2026-10-09T15:59:39.2919280Z   "report_status": "RECORDED",
2026-10-09T15:59:39.2919542Z   "native_windows_host_appcontainer_installer": "NOT RUN",
2026-10-09T15:59:39.2919854Z   "real_model_and_paid_provider_execution": "NOT RUN"
2026-10-09T15:59:39.2920100Z }
2026-10-09T15:59:39.2920187Z 
2026-10-09T15:59:39.2980930Z ##[group]Run actions/upload-artifact@v4.6.2
2026-10-09T15:59:39.2981085Z with:
2026-10-09T15:59:39.2981261Z   name: local-interop-postgres-9851bdd2d692df983664bc8f4597fbc05c0e2ceb
2026-10-09T15:59:39.2981520Z   path: /home/runner/work/_temp/novel-ci-local-interop.3LB16K/receipts
2026-10-09T15:59:39.2981712Z   if-no-files-found: error
2026-10-09T15:59:39.2981833Z   retention-days: 14
2026-10-09T15:59:39.2981946Z   compression-level: 6
2026-10-09T15:59:39.2982057Z   overwrite: false
2026-10-09T15:59:39.2982328Z   include-hidden-files: false
2026-10-09T15:59:39.2982451Z env:
2026-10-09T15:59:39.2982549Z   MOCK_PROVIDER: true
2026-10-09T15:59:39.2982657Z   ENABLE_CLOUD: false
2026-10-09T15:59:39.2982873Z   CREDENTIAL_VAULT_BACKEND: memory
2026-10-09T15:59:39.2983018Z   CREDENTIAL_VAULT_ALLOW_MEMORY_FALLBACK: true
2026-10-09T15:59:39.2983163Z   HF_HUB_OFFLINE: 1
2026-10-09T15:59:39.2983271Z   TRANSFORMERS_OFFLINE: 1
2026-10-09T15:59:39.2983439Z   pythonLocation: /opt/hostedtoolcache/Python/3.12.9/x64
2026-10-09T15:59:39.2983656Z   PKG_CONFIG_PATH: /opt/hostedtoolcache/Python/3.12.9/x64/lib/pkgconfig
2026-10-09T15:59:39.2983863Z   Python_ROOT_DIR: /opt/hostedtoolcache/Python/3.12.9/x64
2026-10-09T15:59:39.2984049Z   Python2_ROOT_DIR: /opt/hostedtoolcache/Python/3.12.9/x64
2026-10-09T15:59:39.2984235Z   Python3_ROOT_DIR: /opt/hostedtoolcache/Python/3.12.9/x64
2026-10-09T15:59:39.2984427Z   LD_LIBRARY_PATH: /opt/hostedtoolcache/Python/3.12.9/x64/lib
2026-10-09T15:59:39.2984622Z   CI_COVERAGE_SHA: 9851bdd2d692df983664bc8f4597fbc05c0e2ceb
2026-10-09T15:59:39.2984816Z   CI_COVERAGE_TREE: cd6989a19e5fd5e2400f2325fe696cae03d8eda7
2026-10-09T15:59:39.2985025Z   CI_SANDBOX: /home/runner/work/_temp/novel-ci-local-interop.3LB16K
2026-10-09T15:59:39.2985266Z   CI_PROJECT: /home/runner/work/_temp/novel-ci-local-interop.3LB16K/project
2026-10-09T15:59:39.2985518Z   CI_RECEIPTS: /home/runner/work/_temp/novel-ci-local-interop.3LB16K/receipts
2026-10-09T15:59:39.2985758Z   HOME: /home/runner/work/_temp/novel-ci-local-interop.3LB16K/home
2026-10-09T15:59:39.2985989Z   USERPROFILE: /home/runner/work/_temp/novel-ci-local-interop.3LB16K/home
2026-10-09T15:59:39.2986229Z   APPDATA: /home/runner/work/_temp/novel-ci-local-interop.3LB16K/appdata
2026-10-09T15:59:39.2986492Z   LOCALAPPDATA: /home/runner/work/_temp/novel-ci-local-interop.3LB16K/localappdata
2026-10-09T15:59:39.2986762Z   XDG_CONFIG_HOME: /home/runner/work/_temp/novel-ci-local-interop.3LB16K/config
2026-10-09T15:59:39.2987015Z   XDG_CACHE_HOME: /home/runner/work/_temp/novel-ci-local-interop.3LB16K/cache
2026-10-09T15:59:39.2987260Z   XDG_DATA_HOME: /home/runner/work/_temp/novel-ci-local-interop.3LB16K/data
2026-10-09T15:59:39.2987501Z   XDG_STATE_HOME: /home/runner/work/_temp/novel-ci-local-interop.3LB16K/state
2026-10-09T15:59:39.2987738Z   TMPDIR: /home/runner/work/_temp/novel-ci-local-interop.3LB16K/tmp
2026-10-09T15:59:39.2987954Z   TMP: /home/runner/work/_temp/novel-ci-local-interop.3LB16K/tmp
2026-10-09T15:59:39.2988174Z   TEMP: /home/runner/work/_temp/novel-ci-local-interop.3LB16K/tmp
2026-10-09T15:59:39.2988405Z   PROJECT_ROOT: /home/runner/work/_temp/novel-ci-local-interop.3LB16K/project
2026-10-09T15:59:39.2988666Z   NOVEL_DATA_PATH: /home/runner/work/_temp/novel-ci-local-interop.3LB16K/data/novels
2026-10-09T15:59:39.2988935Z   BACKUP_PATH: /home/runner/work/_temp/novel-ci-local-interop.3LB16K/data/backups
2026-10-09T15:59:39.2989231Z   DATABASE_BACKUP_PATH: /home/runner/work/_temp/novel-ci-local-interop.3LB16K/data/database-backups
2026-10-09T15:59:39.2989865Z   KNOWLEDGE_SOURCE_PATH: /home/runner/work/_temp/novel-ci-local-interop.3LB16K/data/novels
2026-10-09T15:59:39.2990211Z ##[endgroup]
2026-10-09T15:59:39.3970985Z (node:88215) [DEP0040] DeprecationWarning: The `punycode` module is deprecated. Please use a userland alternative instead.
2026-10-09T15:59:39.3971510Z (Use `node --trace-deprecation ...` to show where the warning was created)
2026-10-09T15:59:39.4024344Z With the provided path, there will be 8 files uploaded
2026-10-09T15:59:39.4028151Z Artifact name is valid!
2026-10-09T15:59:39.4028667Z Root directory input is valid!
2026-10-09T15:59:39.6855246Z Beginning upload of artifact content to blob storage
2026-10-09T15:59:39.7056134Z (node:88215) [DEP0169] DeprecationWarning: `url.parse()` behavior is not standardized and prone to errors that have security implications. Use the WHATWG URL API instead. CVEs are not issued for `url.parse()` vulnerabilities.
2026-10-09T15:59:39.8749652Z Uploaded bytes 41494
2026-10-09T15:59:39.9196284Z Finished uploading artifact content to blob storage!
2026-10-09T15:59:39.9196786Z SHA256 digest of uploaded artifact zip is 44bdf781a529dbccd99dd29971b62f3c7bcb089d0a1631318fbfda44d6534f43
2026-10-09T15:59:39.9198739Z Finalizing artifact upload
2026-10-09T15:59:40.1522010Z Artifact local-interop-postgres-9851bdd2d692df983664bc8f4597fbc05c0e2ceb.zip successfully finalized. Artifact ID 11627857515
2026-10-09T15:59:40.1525887Z Artifact local-interop-postgres-9851bdd2d692df983664bc8f4597fbc05c0e2ceb has been successfully uploaded! Final size is 41494 bytes. Artifact ID is 11627857515
2026-10-09T15:59:40.1529305Z Artifact download URL: https://github.com/1785235376-blip/AI-Novel-Studio/actions/runs/37954818409/artifacts/11627857515
2026-10-09T15:59:40.1663157Z Post job cleanup.
2026-10-09T15:59:40.2392001Z (node:88227) [DEP0040] DeprecationWarning: The `punycode` module is deprecated. Please use a userland alternative instead.
2026-10-09T15:59:40.2392516Z (Use `node --trace-deprecation ...` to show where the warning was created)
2026-10-09T15:59:40.2521221Z Post job cleanup.
2026-10-09T15:59:40.3058831Z [command]/usr/bin/git version
2026-10-09T15:59:40.3089199Z git version 2.55.0
2026-10-09T15:59:40.3110918Z Temporarily overriding HOME='/home/runner/work/_temp/ee42994d-fff1-4964-b46b-d2bdb3e7f4c9' before making global git config changes
2026-10-09T15:59:40.3111587Z Adding repository directory to the temporary git global config as a safe directory
2026-10-09T15:59:40.3115027Z [command]/usr/bin/git config --global --add safe.directory /home/runner/work/AI-Novel-Studio/AI-Novel-Studio
2026-10-09T15:59:40.3143351Z [command]/usr/bin/git config --local --name-only --get-regexp core\.sshCommand
2026-10-09T15:59:40.3168561Z [command]/usr/bin/git submodule foreach --recursive sh -c "git config --local --name-only --get-regexp 'core\.sshCommand' && git config --local --unset-all 'core.sshCommand' || :"
2026-10-09T15:59:40.3353706Z [command]/usr/bin/git config --local --name-only --get-regexp http\.https\:\/\/github\.com\/\.extraheader
2026-10-09T15:59:40.3380740Z [command]/usr/bin/git submodule foreach --recursive sh -c "git config --local --name-only --get-regexp 'http\.https\:\/\/github\.com\/\.extraheader' && git config --local --unset-all 'http.https://github.com/.extraheader' || :"
2026-10-09T15:59:40.3665321Z Print service container logs: f8351b05b063451d9d71bfc043b26edd_postgres16alpine_32f170
2026-10-09T15:59:40.3668118Z ##[command]/usr/bin/docker logs --details d63bd948a3c213b6ae1f577785c25627f9c8b78bd2cb14457b504b591c02908e
2026-10-09T15:59:40.3753978Z  The files belonging to this database system will be owned by user "postgres".
2026-10-09T15:59:40.3754950Z  sh: locale: not found
2026-10-09T15:59:40.3755232Z  2026-10-09 15:51:33.804 UTC [35] WARNING:  no usable system locales were found
2026-10-09T15:59:40.3755623Z  initdb: warning: enabling "trust" authentication for local connections
2026-10-09T15:59:40.3756187Z  initdb: hint: You can change this by editing pg_hba.conf or using the option -A, or --auth-local and --auth-host, the next time you run initdb.
2026-10-09T15:59:40.3756674Z  This user must also own the server process.
2026-10-09T15:59:40.3756899Z  
2026-10-09T15:59:40.3757123Z  The database cluster will be initialized with locale "en_US.utf8".
2026-10-09T15:59:40.3757523Z  The default database encoding has accordingly been set to "UTF8".
2026-10-09T15:59:40.3757767Z  The default text search configuration will be set to "english".
2026-10-09T15:59:40.3757934Z  
2026-10-09T15:59:40.3758041Z  Data page checksums are disabled.
2026-10-09T15:59:40.3758169Z  
2026-10-09T15:59:40.3758319Z  fixing permissions on existing directory /var/lib/postgresql/data ... ok
2026-10-09T15:59:40.3758531Z  creating subdirectories ... ok
2026-10-09T15:59:40.3758698Z  selecting dynamic shared memory implementation ... posix
2026-10-09T15:59:40.3758878Z  selecting default max_connections ... 100
2026-10-09T15:59:40.3759033Z  selecting default shared_buffers ... 128MB
2026-10-09T15:59:40.3759185Z  selecting default time zone ... UTC
2026-10-09T15:59:40.3759327Z  creating configuration files ... ok
2026-10-09T15:59:40.3759466Z  running bootstrap script ... ok
2026-10-09T15:59:40.3759623Z  performing post-bootstrap initialization ... ok
2026-10-09T15:59:40.3759952Z  syncing data to disk ... ok
2026-10-09T15:59:40.3760076Z  
2026-10-09T15:59:40.3760166Z  
2026-10-09T15:59:40.3760286Z  Success. You can now start the database server using:
2026-10-09T15:59:40.3760461Z  
2026-10-09T15:59:40.3760590Z      pg_ctl -D /var/lib/postgresql/data -l logfile start
2026-10-09T15:59:40.3760742Z  
2026-10-09T15:59:40.3761035Z  waiting for server to start....2026-10-09 15:51:34.435 UTC [41] LOG:  starting PostgreSQL 16.15 on x86_64-pc-linux-musl, compiled by gcc (Alpine 15.2.0) 15.2.0, 64-bit
2026-10-09T15:59:40.3761448Z  2026-10-09 15:51:34.435 UTC [41] LOG:  listening on Unix socket "/var/run/postgresql/.s.PGSQL.5432"
2026-10-09T15:59:40.3761739Z  2026-10-09 15:51:34.437 UTC [44] LOG:  database system was shut down at 2026-10-09 15:51:34 UTC
2026-10-09T15:59:40.3762007Z  2026-10-09 15:51:34.440 UTC [41] LOG:  database system is ready to accept connections
2026-10-09T15:59:40.3762519Z  2026-10-09 15:51:34.691 UTC [1] LOG:  starting PostgreSQL 16.15 on x86_64-pc-linux-musl, compiled by gcc (Alpine 15.2.0) 15.2.0, 64-bit
2026-10-09T15:59:40.3762850Z  2026-10-09 15:51:34.691 UTC [1] LOG:  listening on IPv4 address "0.0.0.0", port 5432
2026-10-09T15:59:40.3763093Z  2026-10-09 15:51:34.691 UTC [1] LOG:  listening on IPv6 address "::", port 5432
2026-10-09T15:59:40.3763359Z  2026-10-09 15:51:34.691 UTC [1] LOG:  listening on Unix socket "/var/run/postgresql/.s.PGSQL.5432"
2026-10-09T15:59:40.3763641Z  2026-10-09 15:51:34.693 UTC [57] LOG:  database system was shut down at 2026-10-09 15:51:34 UTC
2026-10-09T15:59:40.3763904Z  2026-10-09 15:51:34.697 UTC [1] LOG:  database system is ready to accept connections
2026-10-09T15:59:40.3764132Z  2026-10-09 15:56:34.793 UTC [55] LOG:  checkpoint starting: time
2026-10-09T15:59:40.3764679Z  2026-10-09 15:57:16.642 UTC [55] LOG:  checkpoint complete: wrote 421 buffers (2.6%); 1 WAL file(s) added, 0 removed, 0 recycled; write=41.763 s, sync=0.003 s, total=41.850 s; sync files=351, longest=0.001 s, average=0.001 s; distance=2919 kB, estimate=2919 kB; lsn=0/1C32930, redo lsn=0/1BFFBD8
2026-10-09T15:59:40.3765820Z   done
2026-10-09T15:59:40.3774466Z  server started
2026-10-09T15:59:40.3774786Z  CREATE DATABASE
2026-10-09T15:59:40.3774977Z  
2026-10-09T15:59:40.3785864Z  
2026-10-09T15:59:40.3786077Z  /usr/local/bin/docker-entrypoint.sh: ignoring /docker-entrypoint-initdb.d/*
2026-10-09T15:59:40.3786296Z  
2026-10-09T15:59:40.3786497Z  waiting for server to shut down...2026-10-09 15:51:34.575 UTC [41] LOG:  received fast shutdown request
2026-10-09T15:59:40.3786783Z  .2026-10-09 15:51:34.576 UTC [41] LOG:  aborting any active transactions
2026-10-09T15:59:40.3787093Z  2026-10-09 15:51:34.577 UTC [41] LOG:  background worker "logical replication launcher" (PID 47) exited with exit code 1
2026-10-09T15:59:40.3787373Z  2026-10-09 15:51:34.579 UTC [42] LOG:  shutting down
2026-10-09T15:59:40.3787587Z  2026-10-09 15:51:34.579 UTC [42] LOG:  checkpoint starting: shutdown immediate
2026-10-09T15:59:40.3788145Z  2026-10-09 15:51:34.656 UTC [42] LOG:  checkpoint complete: wrote 926 buffers (5.7%); 0 WAL file(s) added, 0 removed, 0 recycled; write=0.067 s, sync=0.010 s, total=0.078 s; sync files=301, longest=0.009 s, average=0.001 s; distance=4283 kB, estimate=4283 kB; lsn=0/1925D60, redo lsn=0/1925D60
2026-10-09T15:59:40.3788687Z  2026-10-09 15:51:34.662 UTC [41] LOG:  database system is shut down
2026-10-09T15:59:40.3788860Z   done
2026-10-09T15:59:40.3788961Z  server stopped
2026-10-09T15:59:40.3789066Z  
2026-10-09T15:59:40.3789199Z  PostgreSQL init process complete; ready for start up.
2026-10-09T15:59:40.3789359Z  
2026-10-09T15:59:40.3793039Z Stop and remove container: f8351b05b063451d9d71bfc043b26edd_postgres16alpine_32f170
2026-10-09T15:59:40.3796056Z ##[command]/usr/bin/docker rm --force d63bd948a3c213b6ae1f577785c25627f9c8b78bd2cb14457b504b591c02908e
2026-10-09T15:59:40.7666144Z d63bd948a3c213b6ae1f577785c25627f9c8b78bd2cb14457b504b591c02908e
2026-10-09T15:59:40.7690227Z Remove container network: github_network_fdd520b5389b4bf28f4b24f9fee967d2
2026-10-09T15:59:40.7693519Z ##[command]/usr/bin/docker network rm github_network_fdd520b5389b4bf28f4b24f9fee967d2
2026-10-09T15:59:40.8628977Z github_network_fdd520b5389b4bf28f4b24f9fee967d2
2026-10-09T15:59:40.8679228Z Cleaning up orphan processes
2026-10-09T15:59:40.8882150Z ##[warning]Node.js 20 is deprecated. The following actions target Node.js 20 but are being forced to run on Node.js 24: actions/checkout@v4.2.2, actions/setup-python@v5.6.0, actions/upload-artifact@v4.6.2. For more information see: https://github.blog/changelog/2025-09-19-deprecation-of-node-20-on-github-actions-runners/
