2026-10-09T15:52:36.1335187Z Current runner version: '2.337.0'
2026-10-09T15:52:36.1372735Z ##[group]Runner Image Provisioner
2026-10-09T15:52:36.1374165Z Hosted Compute Agent
2026-10-09T15:52:36.1375186Z Version: 20261002.596
2026-10-09T15:52:36.1376326Z Commit: c3d12f3313a95f25162a1503be624f3b0617f8c0
2026-10-09T15:52:36.1377492Z Build Date: 2026-10-02T22:28:27Z
2026-10-09T15:52:36.1379050Z Worker ID: {57207f2a-f49e-42f5-8c20-147751ca56fa}
2026-10-09T15:52:36.1380313Z Region: eastus
2026-10-09T15:52:36.1381284Z Cloud: Azure
2026-10-09T15:52:36.1382175Z ##[endgroup]
2026-10-09T15:52:36.1384532Z ##[group]Operating System
2026-10-09T15:52:36.1385700Z Ubuntu
2026-10-09T15:52:36.1386579Z 24.04.5
2026-10-09T15:52:36.1387518Z LTS
2026-10-09T15:52:36.1388617Z ##[endgroup]
2026-10-09T15:52:36.1389658Z ##[group]Runner Image
2026-10-09T15:52:36.1390802Z Image: ubuntu-24.04
2026-10-09T15:52:36.1391693Z Version: 20261004.327.1
2026-10-09T15:52:36.1393908Z Included Software: https://github.com/actions/runner-images/blob/ubuntu24/20261004.327/images/ubuntu/Ubuntu2404-Readme.md
2026-10-09T15:52:36.1396666Z Image Release: https://github.com/actions/runner-images/releases/tag/ubuntu24%2F20261004.327
2026-10-09T15:52:36.1398593Z ##[endgroup]
2026-10-09T15:52:36.1400612Z ##[group]GITHUB_TOKEN Permissions
2026-10-09T15:52:36.1403325Z Contents: read
2026-10-09T15:52:36.1404295Z Metadata: read
2026-10-09T15:52:36.1405263Z ##[endgroup]
2026-10-09T15:52:36.1408250Z Secret source: Actions
2026-10-09T15:52:36.1410216Z Cache mode: write
2026-10-09T15:52:36.1411373Z Prepare workflow directory
2026-10-09T15:52:36.2282419Z Prepare all required actions
2026-10-09T15:52:36.2359091Z Getting action download info
2026-10-09T15:52:36.4276916Z Download action repository 'actions/checkout@v4.2.2' (SHA:11bd71901bbe5b1630ceea73d27597364c9af683)
2026-10-09T15:52:36.5351363Z Download action repository 'actions/setup-python@v5.6.0' (SHA:a26af69be951a213d495a4c3e4e4022e16d87065)
2026-10-09T15:52:36.6310946Z Download action repository 'actions/upload-artifact@v4.6.2' (SHA:ea165f8d65b6e75b540449e92b4886f43607fa02)
2026-10-09T15:52:36.8486417Z Complete job name: Protocol and local transport / postgres
2026-10-09T15:52:36.8989559Z ##[group]Checking docker version
2026-10-09T15:52:36.9003031Z ##[command]/usr/bin/docker version --format '{{.Server.APIVersion}}'
2026-10-09T15:52:36.9930239Z '1.48'
2026-10-09T15:52:36.9943073Z Docker daemon API version: '1.48'
2026-10-09T15:52:36.9943884Z ##[command]/usr/bin/docker version --format '{{.Client.APIVersion}}'
2026-10-09T15:52:37.0118771Z '1.48'
2026-10-09T15:52:37.0130926Z Docker client API version: '1.48'
2026-10-09T15:52:37.0136722Z ##[endgroup]
2026-10-09T15:52:37.0140640Z ##[group]Clean up resources from previous jobs
2026-10-09T15:52:37.0146313Z ##[command]/usr/bin/docker ps --all --quiet --no-trunc --filter "label=716c14"
2026-10-09T15:52:37.0293103Z ##[command]/usr/bin/docker network prune --force --filter "label=716c14"
2026-10-09T15:52:37.0433708Z ##[endgroup]
2026-10-09T15:52:37.0434272Z ##[group]Create local container network
2026-10-09T15:52:37.0445240Z ##[command]/usr/bin/docker network create --label 716c14 github_network_68887a8f1cd540d88e81e4ce4bece708
2026-10-09T15:52:37.0973565Z b532b3f78765a010f7fd9c013f49ae6b3a03d1ed4399d4dd66865347acd6c7a1
2026-10-09T15:52:37.0993575Z ##[endgroup]
2026-10-09T15:52:37.1018148Z ##[group]Starting postgres service container
2026-10-09T15:52:37.1040497Z ##[command]/usr/bin/docker pull postgres:16-alpine
2026-10-09T15:52:37.3575635Z 16-alpine: Pulling from library/postgres
2026-10-09T15:52:37.4295567Z e2de96513ba9: Already exists
2026-10-09T15:52:37.4309458Z 1b7f9cd581ee: Pulling fs layer
2026-10-09T15:52:37.4310532Z 210b280f9556: Pulling fs layer
2026-10-09T15:52:37.4311494Z 81717818649a: Pulling fs layer
2026-10-09T15:52:37.4312909Z 3ae6141cfd99: Pulling fs layer
2026-10-09T15:52:37.4314222Z 25b77f59fd95: Pulling fs layer
2026-10-09T15:52:37.4315511Z 6c25da34e03f: Pulling fs layer
2026-10-09T15:52:37.4316445Z a88782f92806: Pulling fs layer
2026-10-09T15:52:37.4317121Z d8d21be4bf02: Pulling fs layer
2026-10-09T15:52:37.4318235Z 6117bd39f23f: Pulling fs layer
2026-10-09T15:52:37.4319151Z 509688edf37b: Pulling fs layer
2026-10-09T15:52:37.4319756Z 6c25da34e03f: Waiting
2026-10-09T15:52:37.4320543Z 6117bd39f23f: Waiting
2026-10-09T15:52:37.4321124Z 509688edf37b: Waiting
2026-10-09T15:52:37.4321753Z a88782f92806: Waiting
2026-10-09T15:52:37.4322378Z d8d21be4bf02: Waiting
2026-10-09T15:52:37.4322954Z 3ae6141cfd99: Waiting
2026-10-09T15:52:37.4590436Z 25b77f59fd95: Waiting
2026-10-09T15:52:37.4591202Z 81717818649a: Verifying Checksum
2026-10-09T15:52:37.4592347Z 81717818649a: Download complete
2026-10-09T15:52:37.4599385Z 1b7f9cd581ee: Verifying Checksum
2026-10-09T15:52:37.4601468Z 1b7f9cd581ee: Download complete
2026-10-09T15:52:37.4697046Z 210b280f9556: Verifying Checksum
2026-10-09T15:52:37.4698137Z 210b280f9556: Download complete
2026-10-09T15:52:37.4873543Z 3ae6141cfd99: Download complete
2026-10-09T15:52:37.5841528Z a88782f92806: Verifying Checksum
2026-10-09T15:52:37.5842772Z 6c25da34e03f: Download complete
2026-10-09T15:52:37.5843787Z a88782f92806: Download complete
2026-10-09T15:52:37.6111396Z 6117bd39f23f: Verifying Checksum
2026-10-09T15:52:37.6113160Z 6117bd39f23f: Download complete
2026-10-09T15:52:37.6183325Z d8d21be4bf02: Download complete
2026-10-09T15:52:37.6376300Z 509688edf37b: Verifying Checksum
2026-10-09T15:52:37.6377422Z 509688edf37b: Download complete
2026-10-09T15:52:37.9800563Z 25b77f59fd95: Verifying Checksum
2026-10-09T15:52:37.9801601Z 25b77f59fd95: Download complete
2026-10-09T15:52:39.5389031Z 1b7f9cd581ee: Pull complete
2026-10-09T15:52:39.8300209Z 210b280f9556: Pull complete
2026-10-09T15:52:39.8417173Z 81717818649a: Pull complete
2026-10-09T15:52:39.8874734Z 3ae6141cfd99: Pull complete
2026-10-09T15:52:42.3369750Z 25b77f59fd95: Pull complete
2026-10-09T15:52:42.3533641Z 6c25da34e03f: Pull complete
2026-10-09T15:52:42.3647949Z a88782f92806: Pull complete
2026-10-09T15:52:42.3752482Z d8d21be4bf02: Pull complete
2026-10-09T15:52:42.3850211Z 6117bd39f23f: Pull complete
2026-10-09T15:52:42.3953782Z 509688edf37b: Pull complete
2026-10-09T15:52:42.3992034Z Digest: sha256:721873c34ceb9f8d8fc265984940dc982404c105f19ad51be9fdc5970a6080ea
2026-10-09T15:52:42.4003885Z Status: Downloaded newer image for postgres:16-alpine
2026-10-09T15:52:42.4011764Z docker.io/library/postgres:16-alpine
2026-10-09T15:52:42.4079955Z ##[command]/usr/bin/docker create --name 9cc8b6773a3d45dd9efaff2a5225b38c_postgres16alpine_435d75 --label 716c14 --network github_network_68887a8f1cd540d88e81e4ce4bece708 --network-alias postgres -p 5432:5432 --health-cmd "pg_isready -U ci -d interop_ci" --health-interval 5s --health-timeout 5s --health-retries 12 -e "POSTGRES_USER=ci" -e "POSTGRES_PASSWORD=ci-ephemeral-only" -e "POSTGRES_DB=interop_ci" -e GITHUB_ACTIONS=true -e CI=true postgres:16-alpine
2026-10-09T15:52:42.4342519Z f8f9011fb1dd4a35de10470745a0938a012bbca98801458e2b1683f8bbb268c2
2026-10-09T15:52:42.4366658Z ##[command]/usr/bin/docker start f8f9011fb1dd4a35de10470745a0938a012bbca98801458e2b1683f8bbb268c2
2026-10-09T15:52:42.6600208Z f8f9011fb1dd4a35de10470745a0938a012bbca98801458e2b1683f8bbb268c2
2026-10-09T15:52:42.6622159Z ##[command]/usr/bin/docker ps --all --filter id=f8f9011fb1dd4a35de10470745a0938a012bbca98801458e2b1683f8bbb268c2 --filter status=running --no-trunc --format "{{.ID}} {{.Status}}"
2026-10-09T15:52:42.6765471Z f8f9011fb1dd4a35de10470745a0938a012bbca98801458e2b1683f8bbb268c2 Up Less than a second (health: starting)
2026-10-09T15:52:42.6797232Z ##[command]/usr/bin/docker port f8f9011fb1dd4a35de10470745a0938a012bbca98801458e2b1683f8bbb268c2
2026-10-09T15:52:42.6940133Z 5432/tcp -> 0.0.0.0:5432
2026-10-09T15:52:42.6941012Z 5432/tcp -> [::]:5432
2026-10-09T15:52:42.6992901Z ##[endgroup]
2026-10-09T15:52:42.7001619Z ##[group]Waiting for all services to be ready
2026-10-09T15:52:42.7015389Z ##[command]/usr/bin/docker inspect --format="{{if .Config.Healthcheck}}{{print .State.Health.Status}}{{end}}" f8f9011fb1dd4a35de10470745a0938a012bbca98801458e2b1683f8bbb268c2
2026-10-09T15:52:42.7159551Z starting
2026-10-09T15:52:42.7179986Z postgres service is starting, waiting 2 seconds before checking again.
2026-10-09T15:52:44.7259003Z ##[command]/usr/bin/docker inspect --format="{{if .Config.Healthcheck}}{{print .State.Health.Status}}{{end}}" f8f9011fb1dd4a35de10470745a0938a012bbca98801458e2b1683f8bbb268c2
2026-10-09T15:52:44.7409309Z starting
2026-10-09T15:52:44.7424623Z postgres service is starting, waiting 4 seconds before checking again.
2026-10-09T15:52:48.8340453Z ##[command]/usr/bin/docker inspect --format="{{if .Config.Healthcheck}}{{print .State.Health.Status}}{{end}}" f8f9011fb1dd4a35de10470745a0938a012bbca98801458e2b1683f8bbb268c2
2026-10-09T15:52:48.8477097Z healthy
2026-10-09T15:52:48.8494173Z postgres service is healthy.
2026-10-09T15:52:48.8494833Z ##[endgroup]
2026-10-09T15:52:48.8780384Z ##[group]Run actions/checkout@v4.2.2
2026-10-09T15:52:48.8780982Z with:
2026-10-09T15:52:48.8781196Z   persist-credentials: false
2026-10-09T15:52:48.8781495Z   repository: 1785235376-blip/AI-Novel-Studio
2026-10-09T15:52:48.8783879Z   token: ***
2026-10-09T15:52:48.8784082Z   ssh-strict: true
2026-10-09T15:52:48.8784279Z   ssh-user: git
2026-10-09T15:52:48.8784465Z   clean: true
2026-10-09T15:52:48.8784666Z   sparse-checkout-cone-mode: true
2026-10-09T15:52:48.8784920Z   fetch-depth: 1
2026-10-09T15:52:48.8785118Z   fetch-tags: false
2026-10-09T15:52:48.8785321Z   show-progress: true
2026-10-09T15:52:48.8785527Z   lfs: false
2026-10-09T15:52:48.8785709Z   submodules: false
2026-10-09T15:52:48.8785915Z   set-safe-directory: true
2026-10-09T15:52:48.8786329Z env:
2026-10-09T15:52:48.8786514Z   MOCK_PROVIDER: true
2026-10-09T15:52:48.8786719Z   ENABLE_CLOUD: false
2026-10-09T15:52:48.8786927Z   CREDENTIAL_VAULT_BACKEND: memory
2026-10-09T15:52:48.8787250Z   CREDENTIAL_VAULT_ALLOW_MEMORY_FALLBACK: true
2026-10-09T15:52:48.8787535Z   HF_HUB_OFFLINE: 1
2026-10-09T15:52:48.8787736Z   TRANSFORMERS_OFFLINE: 1
2026-10-09T15:52:48.8787947Z ##[endgroup]
2026-10-09T15:52:48.9832632Z Syncing repository: 1785235376-blip/AI-Novel-Studio
2026-10-09T15:52:48.9834544Z ##[group]Getting Git version info
2026-10-09T15:52:48.9835215Z Working directory is '/home/runner/work/AI-Novel-Studio/AI-Novel-Studio'
2026-10-09T15:52:48.9836180Z [command]/usr/bin/git version
2026-10-09T15:52:48.9907754Z git version 2.55.0
2026-10-09T15:52:48.9933004Z ##[endgroup]
2026-10-09T15:52:48.9952173Z Temporarily overriding HOME='/home/runner/work/_temp/54cc5b72-5cb7-4b54-91a7-42a653558228' before making global git config changes
2026-10-09T15:52:48.9953479Z Adding repository directory to the temporary git global config as a safe directory
2026-10-09T15:52:48.9959750Z [command]/usr/bin/git config --global --add safe.directory /home/runner/work/AI-Novel-Studio/AI-Novel-Studio
2026-10-09T15:52:49.0013425Z Deleting the contents of '/home/runner/work/AI-Novel-Studio/AI-Novel-Studio'
2026-10-09T15:52:49.0016987Z ##[group]Initializing the repository
2026-10-09T15:52:49.0022591Z [command]/usr/bin/git init /home/runner/work/AI-Novel-Studio/AI-Novel-Studio
2026-10-09T15:52:49.0132659Z hint: Using 'master' as the name for the initial branch. This default branch name
2026-10-09T15:52:49.0133726Z hint: will change to "main" in Git 3.0. To configure the initial branch name
2026-10-09T15:52:49.0134653Z hint: to use in all of your new repositories, which will suppress this warning,
2026-10-09T15:52:49.0135324Z hint: call:
2026-10-09T15:52:49.0135635Z hint:
2026-10-09T15:52:49.0136095Z hint: 	git config --global init.defaultBranch <name>
2026-10-09T15:52:49.0136647Z hint:
2026-10-09T15:52:49.0137157Z hint: Names commonly chosen instead of 'master' are 'main', 'trunk' and
2026-10-09T15:52:49.0137767Z hint: 'development'. The just-created branch can be renamed via this command:
2026-10-09T15:52:49.0138158Z hint:
2026-10-09T15:52:49.0138692Z hint: 	git branch -m <name>
2026-10-09T15:52:49.0138955Z hint:
2026-10-09T15:52:49.0139294Z hint: Disable this message with "git config set advice.defaultBranchName false"
2026-10-09T15:52:49.0140502Z Initialized empty Git repository in /home/runner/work/AI-Novel-Studio/AI-Novel-Studio/.git/
2026-10-09T15:52:49.0149384Z [command]/usr/bin/git remote add origin https://github.com/1785235376-blip/AI-Novel-Studio
2026-10-09T15:52:49.0211265Z ##[endgroup]
2026-10-09T15:52:49.0212057Z ##[group]Disabling automatic garbage collection
2026-10-09T15:52:49.0218050Z [command]/usr/bin/git config --local gc.auto 0
2026-10-09T15:52:49.0264200Z ##[endgroup]
2026-10-09T15:52:49.0264838Z ##[group]Setting up auth
2026-10-09T15:52:49.0270791Z [command]/usr/bin/git config --local --name-only --get-regexp core\.sshCommand
2026-10-09T15:52:49.0311597Z [command]/usr/bin/git submodule foreach --recursive sh -c "git config --local --name-only --get-regexp 'core\.sshCommand' && git config --local --unset-all 'core.sshCommand' || :"
2026-10-09T15:52:49.0724471Z [command]/usr/bin/git config --local --name-only --get-regexp http\.https\:\/\/github\.com\/\.extraheader
2026-10-09T15:52:49.0767457Z [command]/usr/bin/git submodule foreach --recursive sh -c "git config --local --name-only --get-regexp 'http\.https\:\/\/github\.com\/\.extraheader' && git config --local --unset-all 'http.https://github.com/.extraheader' || :"
2026-10-09T15:52:49.1014370Z [command]/usr/bin/git config --local http.https://github.com/.extraheader AUTHORIZATION: basic ***
2026-10-09T15:52:49.1058263Z ##[endgroup]
2026-10-09T15:52:49.1059261Z ##[group]Fetching the repository
2026-10-09T15:52:49.1069525Z [command]/usr/bin/git -c protocol.version=2 fetch --no-tags --prune --no-recurse-submodules --depth=1 origin +02a3f6e9908f785a308a4605e362f8876aed4d8b:refs/remotes/pull/47/merge
2026-10-09T15:52:53.4767236Z From https://github.com/1785235376-blip/AI-Novel-Studio
2026-10-09T15:52:53.4767962Z  * [new ref]         02a3f6e9908f785a308a4605e362f8876aed4d8b -> pull/47/merge
2026-10-09T15:52:53.4772626Z ##[endgroup]
2026-10-09T15:52:53.4773042Z ##[group]Determining the checkout info
2026-10-09T15:52:53.4775653Z ##[endgroup]
2026-10-09T15:52:53.4783374Z [command]/usr/bin/git sparse-checkout disable
2026-10-09T15:52:53.4838798Z [command]/usr/bin/git config --local --unset-all extensions.worktreeConfig
2026-10-09T15:52:53.4871324Z ##[group]Checking out the ref
2026-10-09T15:52:53.4875797Z [command]/usr/bin/git checkout --progress --force refs/remotes/pull/47/merge
2026-10-09T15:52:54.1605971Z Note: switching to 'refs/remotes/pull/47/merge'.
2026-10-09T15:52:54.1606523Z 
2026-10-09T15:52:54.1606827Z You are in 'detached HEAD' state. You can look around, make experimental
2026-10-09T15:52:54.1607585Z changes and commit them, and you can discard any commits you make in this
2026-10-09T15:52:54.1608536Z state without impacting any branches by switching back to a branch.
2026-10-09T15:52:54.1608970Z 
2026-10-09T15:52:54.1609386Z If you want to create a new branch to retain commits you create, you may
2026-10-09T15:52:54.1609960Z do so (now or later) by using -c with the switch command. Example:
2026-10-09T15:52:54.1610253Z 
2026-10-09T15:52:54.1610368Z   git switch -c <new-branch-name>
2026-10-09T15:52:54.1610569Z 
2026-10-09T15:52:54.1610682Z Or undo this operation with:
2026-10-09T15:52:54.1610871Z 
2026-10-09T15:52:54.1610967Z   git switch -
2026-10-09T15:52:54.1611119Z 
2026-10-09T15:52:54.1611363Z Turn off this advice by setting config variable advice.detachedHead to false
2026-10-09T15:52:54.1611714Z 
2026-10-09T15:52:54.1612114Z HEAD is now at 02a3f6e Merge 9851bdd2d692df983664bc8f4597fbc05c0e2ceb into fed2404c8e30b44061b7139dced45b7f3301601c
2026-10-09T15:52:54.1654656Z ##[endgroup]
2026-10-09T15:52:54.1703484Z [command]/usr/bin/git log -1 --format=%H
2026-10-09T15:52:54.1732507Z 02a3f6e9908f785a308a4605e362f8876aed4d8b
2026-10-09T15:52:54.1744392Z ##[group]Removing auth
2026-10-09T15:52:54.1749819Z [command]/usr/bin/git config --local --name-only --get-regexp core\.sshCommand
2026-10-09T15:52:54.1785841Z [command]/usr/bin/git submodule foreach --recursive sh -c "git config --local --name-only --get-regexp 'core\.sshCommand' && git config --local --unset-all 'core.sshCommand' || :"
2026-10-09T15:52:54.2015184Z [command]/usr/bin/git config --local --name-only --get-regexp http\.https\:\/\/github\.com\/\.extraheader
2026-10-09T15:52:54.2045945Z http.https://github.com/.extraheader
2026-10-09T15:52:54.2055322Z [command]/usr/bin/git config --local --unset-all http.https://github.com/.extraheader
2026-10-09T15:52:54.2095332Z [command]/usr/bin/git submodule foreach --recursive sh -c "git config --local --name-only --get-regexp 'http\.https\:\/\/github\.com\/\.extraheader' && git config --local --unset-all 'http.https://github.com/.extraheader' || :"
2026-10-09T15:52:54.2322732Z ##[endgroup]
2026-10-09T15:52:54.2560144Z ##[group]Run actions/setup-python@v5.6.0
2026-10-09T15:52:54.2560462Z with:
2026-10-09T15:52:54.2560669Z   python-version: 3.12.9
2026-10-09T15:52:54.2560904Z   check-latest: false
2026-10-09T15:52:54.2563138Z   token: ***
2026-10-09T15:52:54.2563352Z   update-environment: true
2026-10-09T15:52:54.2563604Z   allow-prereleases: false
2026-10-09T15:52:54.2563839Z   freethreaded: false
2026-10-09T15:52:54.2564045Z env:
2026-10-09T15:52:54.2564239Z   MOCK_PROVIDER: true
2026-10-09T15:52:54.2564444Z   ENABLE_CLOUD: false
2026-10-09T15:52:54.2564656Z   CREDENTIAL_VAULT_BACKEND: memory
2026-10-09T15:52:54.2564938Z   CREDENTIAL_VAULT_ALLOW_MEMORY_FALLBACK: true
2026-10-09T15:52:54.2565219Z   HF_HUB_OFFLINE: 1
2026-10-09T15:52:54.2565427Z   TRANSFORMERS_OFFLINE: 1
2026-10-09T15:52:54.2565644Z ##[endgroup]
2026-10-09T15:52:54.3928675Z ##[group]Installed versions
2026-10-09T15:52:54.3949093Z Version 3.12.9 was not found in the local cache
2026-10-09T15:52:54.4065745Z (node:2739) [DEP0040] DeprecationWarning: The `punycode` module is deprecated. Please use a userland alternative instead.
2026-10-09T15:52:54.4066682Z (Use `node --trace-deprecation ...` to show where the warning was created)
2026-10-09T15:52:55.0334201Z Version 3.12.9 is available for downloading
2026-10-09T15:52:55.0336543Z Download from "https://github.com/actions/python-versions/releases/download/3.12.9-13149478207/python-3.12.9-linux-24.04-x64.tar.gz"
2026-10-09T15:52:55.6702468Z Extract downloaded archive
2026-10-09T15:52:55.6839924Z [command]/usr/bin/tar xz --warning=no-unknown-keyword --overwrite -C /home/runner/work/_temp/e4680f62-2156-4629-bbe4-dd22a0593715 -f /home/runner/work/_temp/f5dbc022-4494-44bd-9b70-674309eaf6d0
2026-10-09T15:52:57.6978168Z Execute installation script
2026-10-09T15:52:57.7081666Z Check if Python hostedtoolcache folder exist...
2026-10-09T15:52:57.7082621Z Create Python 3.12.9 folder
2026-10-09T15:52:57.7096644Z Copy Python binaries to hostedtoolcache folder
2026-10-09T15:52:58.2095522Z Create additional symlinks (Required for the UsePythonVersion Azure Pipelines task and the setup-python GitHub Action)
2026-10-09T15:52:58.2137680Z Upgrading pip...
2026-10-09T15:53:00.3940300Z Looking in links: /tmp/tmpw9ruroj5
2026-10-09T15:53:00.3945050Z Requirement already satisfied: pip in /opt/hostedtoolcache/Python/3.12.9/x64/lib/python3.12/site-packages (24.3.1)
2026-10-09T15:53:01.5145914Z Collecting pip
2026-10-09T15:53:01.5489201Z Downloading pip-26.2.1-py3-none-any.whl.metadata (4.6 kB)
2026-10-09T15:53:01.5566784Z Downloading pip-26.2.1-py3-none-any.whl (1.8 MB)
2026-10-09T15:53:01.5829881Z ━━━━━━━━━━━━━━━━━━━━━━━━━━━━━━━━━━━━━━━━ 1.8/1.8 MB 140.2 MB/s eta 0:00:00
2026-10-09T15:53:01.5830437Z 
2026-10-09T15:53:01.6037139Z Installing collected packages: pip
2026-10-09T15:53:01.6038929Z Attempting uninstall: pip
2026-10-09T15:53:01.6063155Z Found existing installation: pip 24.3.1
2026-10-09T15:53:01.6427685Z Uninstalling pip-24.3.1:
2026-10-09T15:53:01.6484549Z Successfully uninstalled pip-24.3.1
2026-10-09T15:53:02.5674079Z Successfully installed pip-26.2.1
2026-10-09T15:53:02.6226898Z Create complete file
2026-10-09T15:53:02.6267623Z Successfully set up CPython (3.12.9)
2026-10-09T15:53:02.6269393Z ##[endgroup]
2026-10-09T15:53:02.6489474Z ##[group]Run bash .github/ci/prepare.sh local-interop
2026-10-09T15:53:02.6489971Z [36;1mbash .github/ci/prepare.sh local-interop[0m
2026-10-09T15:53:02.6695782Z shell: /usr/bin/bash -e {0}
2026-10-09T15:53:02.6696118Z env:
2026-10-09T15:53:02.6696606Z   MOCK_PROVIDER: true
2026-10-09T15:53:02.6696871Z   ENABLE_CLOUD: false
2026-10-09T15:53:02.6697141Z   CREDENTIAL_VAULT_BACKEND: memory
2026-10-09T15:53:02.6697481Z   CREDENTIAL_VAULT_ALLOW_MEMORY_FALLBACK: true
2026-10-09T15:53:02.6697826Z   HF_HUB_OFFLINE: 1
2026-10-09T15:53:02.6698076Z   TRANSFORMERS_OFFLINE: 1
2026-10-09T15:53:02.6698634Z   pythonLocation: /opt/hostedtoolcache/Python/3.12.9/x64
2026-10-09T15:53:02.6699184Z   PKG_CONFIG_PATH: /opt/hostedtoolcache/Python/3.12.9/x64/lib/pkgconfig
2026-10-09T15:53:02.6699694Z   Python_ROOT_DIR: /opt/hostedtoolcache/Python/3.12.9/x64
2026-10-09T15:53:02.6700144Z   Python2_ROOT_DIR: /opt/hostedtoolcache/Python/3.12.9/x64
2026-10-09T15:53:02.6700679Z   Python3_ROOT_DIR: /opt/hostedtoolcache/Python/3.12.9/x64
2026-10-09T15:53:02.6701143Z   LD_LIBRARY_PATH: /opt/hostedtoolcache/Python/3.12.9/x64/lib
2026-10-09T15:53:02.6701482Z ##[endgroup]
2026-10-09T15:53:03.5017917Z ##[group]Run python -m pip install -c .github/ci/python-constraints.txt -e '.[dev]'
2026-10-09T15:53:03.5019052Z [36;1mpython -m pip install -c .github/ci/python-constraints.txt -e '.[dev]'[0m
2026-10-09T15:53:03.5091865Z shell: /usr/bin/bash -e {0}
2026-10-09T15:53:03.5092118Z env:
2026-10-09T15:53:03.5092306Z   MOCK_PROVIDER: true
2026-10-09T15:53:03.5092526Z   ENABLE_CLOUD: false
2026-10-09T15:53:03.5092753Z   CREDENTIAL_VAULT_BACKEND: memory
2026-10-09T15:53:03.5093043Z   CREDENTIAL_VAULT_ALLOW_MEMORY_FALLBACK: true
2026-10-09T15:53:03.5093333Z   HF_HUB_OFFLINE: 1
2026-10-09T15:53:03.5093535Z   TRANSFORMERS_OFFLINE: 1
2026-10-09T15:53:03.5093825Z   pythonLocation: /opt/hostedtoolcache/Python/3.12.9/x64
2026-10-09T15:53:03.5094259Z   PKG_CONFIG_PATH: /opt/hostedtoolcache/Python/3.12.9/x64/lib/pkgconfig
2026-10-09T15:53:03.5094682Z   Python_ROOT_DIR: /opt/hostedtoolcache/Python/3.12.9/x64
2026-10-09T15:53:03.5095061Z   Python2_ROOT_DIR: /opt/hostedtoolcache/Python/3.12.9/x64
2026-10-09T15:53:03.5095474Z   Python3_ROOT_DIR: /opt/hostedtoolcache/Python/3.12.9/x64
2026-10-09T15:53:03.5095860Z   LD_LIBRARY_PATH: /opt/hostedtoolcache/Python/3.12.9/x64/lib
2026-10-09T15:53:03.5096232Z   CI_COVERAGE_SHA: 02a3f6e9908f785a308a4605e362f8876aed4d8b
2026-10-09T15:53:03.5096605Z   CI_COVERAGE_TREE: cd6989a19e5fd5e2400f2325fe696cae03d8eda7
2026-10-09T15:53:03.5097013Z   CI_SANDBOX: /home/runner/work/_temp/novel-ci-local-interop.h4Zzk3
2026-10-09T15:53:03.5097476Z   CI_PROJECT: /home/runner/work/_temp/novel-ci-local-interop.h4Zzk3/project
2026-10-09T15:53:03.5097975Z   CI_RECEIPTS: /home/runner/work/_temp/novel-ci-local-interop.h4Zzk3/receipts
2026-10-09T15:53:03.5098765Z   HOME: /home/runner/work/_temp/novel-ci-local-interop.h4Zzk3/home
2026-10-09T15:53:03.5099239Z   USERPROFILE: /home/runner/work/_temp/novel-ci-local-interop.h4Zzk3/home
2026-10-09T15:53:03.5099724Z   APPDATA: /home/runner/work/_temp/novel-ci-local-interop.h4Zzk3/appdata
2026-10-09T15:53:03.5100237Z   LOCALAPPDATA: /home/runner/work/_temp/novel-ci-local-interop.h4Zzk3/localappdata
2026-10-09T15:53:03.5100769Z   XDG_CONFIG_HOME: /home/runner/work/_temp/novel-ci-local-interop.h4Zzk3/config
2026-10-09T15:53:03.5101269Z   XDG_CACHE_HOME: /home/runner/work/_temp/novel-ci-local-interop.h4Zzk3/cache
2026-10-09T15:53:03.5101758Z   XDG_DATA_HOME: /home/runner/work/_temp/novel-ci-local-interop.h4Zzk3/data
2026-10-09T15:53:03.5102236Z   XDG_STATE_HOME: /home/runner/work/_temp/novel-ci-local-interop.h4Zzk3/state
2026-10-09T15:53:03.5102693Z   TMPDIR: /home/runner/work/_temp/novel-ci-local-interop.h4Zzk3/tmp
2026-10-09T15:53:03.5103116Z   TMP: /home/runner/work/_temp/novel-ci-local-interop.h4Zzk3/tmp
2026-10-09T15:53:03.5103528Z   TEMP: /home/runner/work/_temp/novel-ci-local-interop.h4Zzk3/tmp
2026-10-09T15:53:03.5103977Z   PROJECT_ROOT: /home/runner/work/_temp/novel-ci-local-interop.h4Zzk3/project
2026-10-09T15:53:03.5104487Z   NOVEL_DATA_PATH: /home/runner/work/_temp/novel-ci-local-interop.h4Zzk3/data/novels
2026-10-09T15:53:03.5105026Z   BACKUP_PATH: /home/runner/work/_temp/novel-ci-local-interop.h4Zzk3/data/backups
2026-10-09T15:53:03.5105807Z   DATABASE_BACKUP_PATH: /home/runner/work/_temp/novel-ci-local-interop.h4Zzk3/data/database-backups
2026-10-09T15:53:03.5106448Z   KNOWLEDGE_SOURCE_PATH: /home/runner/work/_temp/novel-ci-local-interop.h4Zzk3/data/novels
2026-10-09T15:53:03.5106878Z ##[endgroup]
2026-10-09T15:53:03.9711439Z Obtaining file:///home/runner/work/_temp/novel-ci-local-interop.h4Zzk3/project
2026-10-09T15:53:03.9728090Z   Installing build dependencies: started
2026-10-09T15:53:04.6674156Z   Installing build dependencies: finished with status 'done'
2026-10-09T15:53:04.6680155Z   Checking if build backend supports build_editable: started
2026-10-09T15:53:04.9876281Z   Checking if build backend supports build_editable: finished with status 'done'
2026-10-09T15:53:04.9885805Z   Getting requirements to build editable: started
2026-10-09T15:53:05.3620176Z   Getting requirements to build editable: finished with status 'done'
2026-10-09T15:53:05.3631295Z   Preparing editable metadata (pyproject.toml): started
2026-10-09T15:53:05.5897189Z   Preparing editable metadata (pyproject.toml): finished with status 'done'
2026-10-09T15:53:05.7233417Z Collecting fastapi<1,>=0.115 (from ai-novel-studio==0.7.0)
2026-10-09T15:53:05.7697008Z   Downloading fastapi-0.142.2-py3-none-any.whl.metadata (27 kB)
2026-10-09T15:53:05.8111222Z Collecting uvicorn<1,>=0.30 (from ai-novel-studio==0.7.0)
2026-10-09T15:53:05.8154071Z   Downloading uvicorn-0.54.0-py3-none-any.whl.metadata (6.6 kB)
2026-10-09T15:53:05.8379208Z Collecting psycopg<4,>=3.2 (from psycopg[binary]<4,>=3.2->ai-novel-studio==0.7.0)
2026-10-09T15:53:05.8421975Z   Downloading psycopg-3.3.6-py3-none-any.whl.metadata (4.4 kB)
2026-10-09T15:53:06.1813683Z Collecting sqlalchemy<3,>=2.0 (from ai-novel-studio==0.7.0)
2026-10-09T15:53:06.1855755Z   Downloading sqlalchemy-2.1.3-cp312-cp312-manylinux2014_x86_64.manylinux_2_17_x86_64.manylinux_2_28_x86_64.whl.metadata (9.7 kB)
2026-10-09T15:53:06.2135024Z Collecting httpx<1,>=0.27 (from ai-novel-studio==0.7.0)
2026-10-09T15:53:06.2173347Z   Downloading httpx-0.28.1-py3-none-any.whl.metadata (7.1 kB)
2026-10-09T15:53:06.2388461Z Collecting pydantic-settings<3,>=2.6 (from ai-novel-studio==0.7.0)
2026-10-09T15:53:06.2423931Z   Downloading pydantic_settings-2.15.0-py3-none-any.whl.metadata (3.9 kB)
2026-10-09T15:53:06.3569372Z Collecting reportlab<5,>=4.0 (from ai-novel-studio==0.7.0)
2026-10-09T15:53:06.3610604Z   Downloading reportlab-4.5.1-py3-none-any.whl.metadata (1.7 kB)
2026-10-09T15:53:06.3877366Z Collecting pypdf==6.19.0 (from ai-novel-studio==0.7.0)
2026-10-09T15:53:06.3913851Z   Downloading pypdf-6.19.0-py3-none-any.whl.metadata (7.5 kB)
2026-10-09T15:53:06.4188814Z Collecting jsonschema<5,>=4.18 (from ai-novel-studio==0.7.0)
2026-10-09T15:53:06.4225960Z   Downloading jsonschema-4.26.0-py3-none-any.whl.metadata (7.6 kB)
2026-10-09T15:53:06.4566215Z Collecting pytest<9,>=8 (from ai-novel-studio==0.7.0)
2026-10-09T15:53:06.4605754Z   Downloading pytest-8.4.2-py3-none-any.whl.metadata (7.7 kB)
2026-10-09T15:53:06.4917433Z Collecting starlette>=0.46.0 (from fastapi<1,>=0.115->ai-novel-studio==0.7.0)
2026-10-09T15:53:06.4952817Z   Downloading starlette-1.7.0-py3-none-any.whl.metadata (6.6 kB)
2026-10-09T15:53:06.6161570Z Collecting pydantic>=2.9.0 (from fastapi<1,>=0.115->ai-novel-studio==0.7.0)
2026-10-09T15:53:06.6206234Z   Downloading pydantic-2.13.5-py3-none-any.whl.metadata (110 kB)
2026-10-09T15:53:06.6491301Z Collecting typing-extensions>=4.8.0 (from fastapi<1,>=0.115->ai-novel-studio==0.7.0)
2026-10-09T15:53:06.6536346Z   Downloading typing_extensions-4.16.0-py3-none-any.whl.metadata (3.3 kB)
2026-10-09T15:53:06.6739638Z Collecting typing-inspection>=0.4.2 (from fastapi<1,>=0.115->ai-novel-studio==0.7.0)
2026-10-09T15:53:06.6779627Z   Downloading typing_inspection-0.4.4-py3-none-any.whl.metadata (2.6 kB)
2026-10-09T15:53:06.7093414Z Collecting annotated-doc>=0.0.2 (from fastapi<1,>=0.115->ai-novel-studio==0.7.0)
2026-10-09T15:53:06.7131633Z   Downloading annotated_doc-0.0.5-py3-none-any.whl.metadata (6.5 kB)
2026-10-09T15:53:06.7372424Z Collecting opentelemetry-api>=1.44.0 (from fastapi<1,>=0.115->ai-novel-studio==0.7.0)
2026-10-09T15:53:06.7426245Z   Downloading opentelemetry_api-1.45.0-py3-none-any.whl.metadata (1.4 kB)
2026-10-09T15:53:06.7656091Z Collecting anyio (from httpx<1,>=0.27->ai-novel-studio==0.7.0)
2026-10-09T15:53:06.7693108Z   Downloading anyio-4.15.1-py3-none-any.whl.metadata (4.7 kB)
2026-10-09T15:53:06.7924053Z Collecting certifi (from httpx<1,>=0.27->ai-novel-studio==0.7.0)
2026-10-09T15:53:06.7962083Z   Downloading certifi-2026.7.22-py3-none-any.whl.metadata (2.5 kB)
2026-10-09T15:53:06.8181550Z Collecting httpcore==1.* (from httpx<1,>=0.27->ai-novel-studio==0.7.0)
2026-10-09T15:53:06.8224714Z   Downloading httpcore-1.0.9-py3-none-any.whl.metadata (21 kB)
2026-10-09T15:53:06.8424598Z Collecting idna (from httpx<1,>=0.27->ai-novel-studio==0.7.0)
2026-10-09T15:53:06.8487470Z   Downloading idna-3.20-py3-none-any.whl.metadata (7.2 kB)
2026-10-09T15:53:06.8674801Z Collecting h11>=0.16 (from httpcore==1.*->httpx<1,>=0.27->ai-novel-studio==0.7.0)
2026-10-09T15:53:06.8714845Z   Downloading h11-0.16.0-py3-none-any.whl.metadata (8.3 kB)
2026-10-09T15:53:06.8988910Z Collecting attrs>=22.2.0 (from jsonschema<5,>=4.18->ai-novel-studio==0.7.0)
2026-10-09T15:53:06.9200378Z   Downloading attrs-26.1.0-py3-none-any.whl.metadata (8.8 kB)
2026-10-09T15:53:06.9382802Z Collecting jsonschema-specifications>=2023.03.6 (from jsonschema<5,>=4.18->ai-novel-studio==0.7.0)
2026-10-09T15:53:06.9420574Z   Downloading jsonschema_specifications-2025.9.1-py3-none-any.whl.metadata (2.9 kB)
2026-10-09T15:53:06.9675651Z Collecting referencing>=0.28.4 (from jsonschema<5,>=4.18->ai-novel-studio==0.7.0)
2026-10-09T15:53:06.9716066Z   Downloading referencing-0.37.0-py3-none-any.whl.metadata (2.8 kB)
2026-10-09T15:53:07.2452165Z Collecting rpds-py>=0.25.0 (from jsonschema<5,>=4.18->ai-novel-studio==0.7.0)
2026-10-09T15:53:07.2500578Z   Downloading rpds_py-2026.9.1-cp312-cp312-manylinux_2_17_x86_64.manylinux2014_x86_64.whl.metadata (4.1 kB)
2026-10-09T15:53:07.4110705Z Collecting psycopg-binary==3.3.6 (from psycopg[binary]<4,>=3.2->ai-novel-studio==0.7.0)
2026-10-09T15:53:07.4152415Z   Downloading psycopg_binary-3.3.6-cp312-cp312-manylinux2014_x86_64.manylinux_2_17_x86_64.whl.metadata (2.7 kB)
2026-10-09T15:53:07.4379043Z Collecting python-dotenv>=0.21.0 (from pydantic-settings<3,>=2.6->ai-novel-studio==0.7.0)
2026-10-09T15:53:07.4420960Z   Downloading python_dotenv-1.2.4-py3-none-any.whl.metadata (29 kB)
2026-10-09T15:53:07.4608488Z Collecting iniconfig>=1 (from pytest<9,>=8->ai-novel-studio==0.7.0)
2026-10-09T15:53:07.4650246Z   Downloading iniconfig-2.3.0-py3-none-any.whl.metadata (2.5 kB)
2026-10-09T15:53:07.4863202Z Collecting packaging>=20 (from pytest<9,>=8->ai-novel-studio==0.7.0)
2026-10-09T15:53:07.4901128Z   Downloading packaging-26.3-py3-none-any.whl.metadata (3.5 kB)
2026-10-09T15:53:07.5078443Z Collecting pluggy<2,>=1.5 (from pytest<9,>=8->ai-novel-studio==0.7.0)
2026-10-09T15:53:07.5112818Z   Downloading pluggy-1.6.0-py3-none-any.whl.metadata (4.8 kB)
2026-10-09T15:53:07.5333769Z Collecting pygments>=2.7.2 (from pytest<9,>=8->ai-novel-studio==0.7.0)
2026-10-09T15:53:07.5371740Z   Downloading pygments-2.21.0-py3-none-any.whl.metadata (2.5 kB)
2026-10-09T15:53:07.7107268Z Collecting pillow>=9.0.0 (from reportlab<5,>=4.0->ai-novel-studio==0.7.0)
2026-10-09T15:53:07.7148898Z   Downloading pillow-12.3.0-cp312-cp312-manylinux_2_27_x86_64.manylinux_2_28_x86_64.whl.metadata (9.1 kB)
2026-10-09T15:53:07.8917859Z Collecting charset-normalizer (from reportlab<5,>=4.0->ai-novel-studio==0.7.0)
2026-10-09T15:53:07.8960762Z   Downloading charset_normalizer-3.5.2-cp312-cp312-manylinux2014_x86_64.manylinux_2_17_x86_64.manylinux_2_28_x86_64.whl.metadata (46 kB)
2026-10-09T15:53:07.9227771Z Collecting click>=7.0 (from uvicorn<1,>=0.30->ai-novel-studio==0.7.0)
2026-10-09T15:53:07.9269012Z   Downloading click-8.5.0-py3-none-any.whl.metadata (2.6 kB)
2026-10-09T15:53:07.9520424Z Collecting annotated-types>=0.6.0 (from pydantic>=2.9.0->fastapi<1,>=0.115->ai-novel-studio==0.7.0)
2026-10-09T15:53:07.9559357Z   Downloading annotated_types-0.8.0-py3-none-any.whl.metadata (15 kB)
2026-10-09T15:53:08.6579926Z Collecting pydantic-core==2.46.5 (from pydantic>=2.9.0->fastapi<1,>=0.115->ai-novel-studio==0.7.0)
2026-10-09T15:53:08.6653760Z   Downloading pydantic_core-2.46.5-cp312-cp312-manylinux_2_17_x86_64.manylinux2014_x86_64.whl.metadata (6.6 kB)
2026-10-09T15:53:08.6862204Z Downloading pypdf-6.19.0-py3-none-any.whl (395 kB)
2026-10-09T15:53:08.6968239Z Downloading fastapi-0.142.2-py3-none-any.whl (144 kB)
2026-10-09T15:53:08.7045078Z Downloading httpx-0.28.1-py3-none-any.whl (73 kB)
2026-10-09T15:53:08.7104964Z Downloading httpcore-1.0.9-py3-none-any.whl (78 kB)
2026-10-09T15:53:08.7165142Z Downloading jsonschema-4.26.0-py3-none-any.whl (90 kB)
2026-10-09T15:53:08.7230065Z Downloading psycopg-3.3.6-py3-none-any.whl (215 kB)
2026-10-09T15:53:08.7293258Z Downloading psycopg_binary-3.3.6-cp312-cp312-manylinux2014_x86_64.manylinux_2_17_x86_64.whl (5.2 MB)
2026-10-09T15:53:08.7527854Z    ━━━━━━━━━━━━━━━━━━━━━━━━━━━━━━━━━━━━━━━━ 5.2/5.2 MB 244.9 MB/s  0:00:00
2026-10-09T15:53:08.7566762Z Downloading pydantic_settings-2.15.0-py3-none-any.whl (69 kB)
2026-10-09T15:53:08.7634160Z Downloading pytest-8.4.2-py3-none-any.whl (365 kB)
2026-10-09T15:53:08.7700909Z Downloading pluggy-1.6.0-py3-none-any.whl (20 kB)
2026-10-09T15:53:08.7761819Z Downloading reportlab-4.5.1-py3-none-any.whl (2.0 MB)
2026-10-09T15:53:08.7900732Z    ━━━━━━━━━━━━━━━━━━━━━━━━━━━━━━━━━━━━━━━━ 2.0/2.0 MB 150.8 MB/s  0:00:00
2026-10-09T15:53:08.7947991Z Downloading sqlalchemy-2.1.3-cp312-cp312-manylinux2014_x86_64.manylinux_2_17_x86_64.manylinux_2_28_x86_64.whl (4.7 MB)
2026-10-09T15:53:08.8356139Z    ━━━━━━━━━━━━━━━━━━━━━━━━━━━━━━━━━━━━━━━━ 4.7/4.7 MB 127.4 MB/s  0:00:00
2026-10-09T15:53:08.8395823Z Downloading uvicorn-0.54.0-py3-none-any.whl (87 kB)
2026-10-09T15:53:08.8453620Z Downloading annotated_doc-0.0.5-py3-none-any.whl (5.3 kB)
2026-10-09T15:53:08.8506773Z Downloading attrs-26.1.0-py3-none-any.whl (67 kB)
2026-10-09T15:53:08.8562180Z Downloading click-8.5.0-py3-none-any.whl (125 kB)
2026-10-09T15:53:08.8624750Z Downloading h11-0.16.0-py3-none-any.whl (37 kB)
2026-10-09T15:53:08.8696947Z Downloading iniconfig-2.3.0-py3-none-any.whl (7.5 kB)
2026-10-09T15:53:08.8757676Z Downloading jsonschema_specifications-2025.9.1-py3-none-any.whl (18 kB)
2026-10-09T15:53:08.8817758Z Downloading opentelemetry_api-1.45.0-py3-none-any.whl (60 kB)
2026-10-09T15:53:08.8873142Z Downloading packaging-26.3-py3-none-any.whl (129 kB)
2026-10-09T15:53:08.8948600Z Downloading pillow-12.3.0-cp312-cp312-manylinux_2_27_x86_64.manylinux_2_28_x86_64.whl (6.9 MB)
2026-10-09T15:53:08.9207748Z    ━━━━━━━━━━━━━━━━━━━━━━━━━━━━━━━━━━━━━━━━ 6.9/6.9 MB 290.3 MB/s  0:00:00
2026-10-09T15:53:08.9243800Z Downloading pydantic-2.13.5-py3-none-any.whl (472 kB)
2026-10-09T15:53:08.9310887Z Downloading pydantic_core-2.46.5-cp312-cp312-manylinux_2_17_x86_64.manylinux2014_x86_64.whl (2.1 MB)
2026-10-09T15:53:08.9394907Z    ━━━━━━━━━━━━━━━━━━━━━━━━━━━━━━━━━━━━━━━━ 2.1/2.1 MB 293.0 MB/s  0:00:00
2026-10-09T15:53:08.9441472Z Downloading annotated_types-0.8.0-py3-none-any.whl (13 kB)
2026-10-09T15:53:08.9494909Z Downloading pygments-2.21.0-py3-none-any.whl (1.3 MB)
2026-10-09T15:53:08.9560631Z    ━━━━━━━━━━━━━━━━━━━━━━━━━━━━━━━━━━━━━━━━ 1.3/1.3 MB 232.9 MB/s  0:00:00
2026-10-09T15:53:08.9596840Z Downloading python_dotenv-1.2.4-py3-none-any.whl (23 kB)
2026-10-09T15:53:08.9668524Z Downloading referencing-0.37.0-py3-none-any.whl (26 kB)
2026-10-09T15:53:08.9726938Z Downloading rpds_py-2026.9.1-cp312-cp312-manylinux_2_17_x86_64.manylinux2014_x86_64.whl (371 kB)
2026-10-09T15:53:08.9858985Z Downloading starlette-1.7.0-py3-none-any.whl (78 kB)
2026-10-09T15:53:08.9919204Z Downloading anyio-4.15.1-py3-none-any.whl (132 kB)
2026-10-09T15:53:08.9977100Z Downloading idna-3.20-py3-none-any.whl (69 kB)
2026-10-09T15:53:09.0035345Z Downloading typing_extensions-4.16.0-py3-none-any.whl (45 kB)
2026-10-09T15:53:09.0092942Z Downloading typing_inspection-0.4.4-py3-none-any.whl (14 kB)
2026-10-09T15:53:09.0149092Z Downloading certifi-2026.7.22-py3-none-any.whl (136 kB)
2026-10-09T15:53:09.0244135Z Downloading charset_normalizer-3.5.2-cp312-cp312-manylinux2014_x86_64.manylinux_2_17_x86_64.manylinux_2_28_x86_64.whl (257 kB)
2026-10-09T15:53:09.1371080Z Building wheels for collected packages: ai-novel-studio
2026-10-09T15:53:09.1378944Z   Building editable for ai-novel-studio (pyproject.toml): started
2026-10-09T15:53:09.4180000Z   Building editable for ai-novel-studio (pyproject.toml): finished with status 'done'
2026-10-09T15:53:09.4186989Z   Created wheel for ai-novel-studio: filename=ai_novel_studio-0.7.0-0.editable-py3-none-any.whl size=3184 sha256=371b9b855b62cb1a7fffb9376b8d9fdb5dd1431ccdc2b84b73029d5a7b234fe5
2026-10-09T15:53:09.4189234Z   Stored in directory: /home/runner/work/_temp/novel-ci-local-interop.h4Zzk3/tmp/pip-ephem-wheel-cache-b47cnrt8/wheels/d1/da/9f/7dd0726dfe949338f718d51babd3f576b2e6a22b0861049a14
2026-10-09T15:53:09.4205270Z Successfully built ai-novel-studio
2026-10-09T15:53:09.4924286Z Installing collected packages: typing-extensions, rpds-py, python-dotenv, pypdf, pygments, psycopg-binary, pluggy, pillow, packaging, iniconfig, idna, h11, click, charset-normalizer, certifi, attrs, annotated-types, annotated-doc, uvicorn, typing-inspection, sqlalchemy, reportlab, referencing, pytest, pydantic-core, psycopg, opentelemetry-api, httpcore, anyio, starlette, pydantic, jsonschema-specifications, httpx, pydantic-settings, jsonschema, fastapi, ai-novel-studio
2026-10-09T15:53:14.8595011Z 
2026-10-09T15:53:14.8631921Z Successfully installed ai-novel-studio-0.7.0 annotated-doc-0.0.5 annotated-types-0.8.0 anyio-4.15.1 attrs-26.1.0 certifi-2026.7.22 charset-normalizer-3.5.2 click-8.5.0 fastapi-0.142.2 h11-0.16.0 httpcore-1.0.9 httpx-0.28.1 idna-3.20 iniconfig-2.3.0 jsonschema-4.26.0 jsonschema-specifications-2025.9.1 opentelemetry-api-1.45.0 packaging-26.3 pillow-12.3.0 pluggy-1.6.0 psycopg-3.3.6 psycopg-binary-3.3.6 pydantic-2.13.5 pydantic-core-2.46.5 pydantic-settings-2.15.0 pygments-2.21.0 pypdf-6.19.0 pytest-8.4.2 python-dotenv-1.2.4 referencing-0.37.0 reportlab-4.5.1 rpds-py-2026.9.1 sqlalchemy-2.1.3 starlette-1.7.0 typing-extensions-4.16.0 typing-inspection-0.4.4 uvicorn-0.54.0
2026-10-09T15:53:15.0367021Z ##[group]Run python - <<'PYCODE'
2026-10-09T15:53:15.0367363Z [36;1mpython - <<'PYCODE'[0m
2026-10-09T15:53:15.0367619Z [36;1mfrom pathlib import Path[0m
2026-10-09T15:53:15.0367880Z [36;1mimport psycopg[0m
2026-10-09T15:53:15.0368881Z [36;1mwith psycopg.connect('***127.0.0.1:5432/interop_ci', autocommit=True) as connection:[0m
2026-10-09T15:53:15.0369466Z [36;1m    for migration in sorted(Path('database/migrations').glob('*.sql')):[0m
2026-10-09T15:53:15.0369963Z [36;1m        connection.execute(migration.read_text(encoding='utf-8'))[0m
2026-10-09T15:53:15.0370319Z [36;1mPYCODE[0m
2026-10-09T15:53:15.0432984Z shell: /usr/bin/bash -e {0}
2026-10-09T15:53:15.0433232Z env:
2026-10-09T15:53:15.0433422Z   MOCK_PROVIDER: true
2026-10-09T15:53:15.0433636Z   ENABLE_CLOUD: false
2026-10-09T15:53:15.0433855Z   CREDENTIAL_VAULT_BACKEND: memory
2026-10-09T15:53:15.0434153Z   CREDENTIAL_VAULT_ALLOW_MEMORY_FALLBACK: true
2026-10-09T15:53:15.0434435Z   HF_HUB_OFFLINE: 1
2026-10-09T15:53:15.0434682Z   TRANSFORMERS_OFFLINE: 1
2026-10-09T15:53:15.0434980Z   pythonLocation: /opt/hostedtoolcache/Python/3.12.9/x64
2026-10-09T15:53:15.0435408Z   PKG_CONFIG_PATH: /opt/hostedtoolcache/Python/3.12.9/x64/lib/pkgconfig
2026-10-09T15:53:15.0435842Z   Python_ROOT_DIR: /opt/hostedtoolcache/Python/3.12.9/x64
2026-10-09T15:53:15.0436208Z   Python2_ROOT_DIR: /opt/hostedtoolcache/Python/3.12.9/x64
2026-10-09T15:53:15.0436579Z   Python3_ROOT_DIR: /opt/hostedtoolcache/Python/3.12.9/x64
2026-10-09T15:53:15.0436948Z   LD_LIBRARY_PATH: /opt/hostedtoolcache/Python/3.12.9/x64/lib
2026-10-09T15:53:15.0437314Z   CI_COVERAGE_SHA: 02a3f6e9908f785a308a4605e362f8876aed4d8b
2026-10-09T15:53:15.0437675Z   CI_COVERAGE_TREE: cd6989a19e5fd5e2400f2325fe696cae03d8eda7
2026-10-09T15:53:15.0438081Z   CI_SANDBOX: /home/runner/work/_temp/novel-ci-local-interop.h4Zzk3
2026-10-09T15:53:15.0438897Z   CI_PROJECT: /home/runner/work/_temp/novel-ci-local-interop.h4Zzk3/project
2026-10-09T15:53:15.0439401Z   CI_RECEIPTS: /home/runner/work/_temp/novel-ci-local-interop.h4Zzk3/receipts
2026-10-09T15:53:15.0439868Z   HOME: /home/runner/work/_temp/novel-ci-local-interop.h4Zzk3/home
2026-10-09T15:53:15.0440329Z   USERPROFILE: /home/runner/work/_temp/novel-ci-local-interop.h4Zzk3/home
2026-10-09T15:53:15.0440798Z   APPDATA: /home/runner/work/_temp/novel-ci-local-interop.h4Zzk3/appdata
2026-10-09T15:53:15.0441303Z   LOCALAPPDATA: /home/runner/work/_temp/novel-ci-local-interop.h4Zzk3/localappdata
2026-10-09T15:53:15.0441831Z   XDG_CONFIG_HOME: /home/runner/work/_temp/novel-ci-local-interop.h4Zzk3/config
2026-10-09T15:53:15.0442331Z   XDG_CACHE_HOME: /home/runner/work/_temp/novel-ci-local-interop.h4Zzk3/cache
2026-10-09T15:53:15.0442826Z   XDG_DATA_HOME: /home/runner/work/_temp/novel-ci-local-interop.h4Zzk3/data
2026-10-09T15:53:15.0443304Z   XDG_STATE_HOME: /home/runner/work/_temp/novel-ci-local-interop.h4Zzk3/state
2026-10-09T15:53:15.0443777Z   TMPDIR: /home/runner/work/_temp/novel-ci-local-interop.h4Zzk3/tmp
2026-10-09T15:53:15.0444202Z   TMP: /home/runner/work/_temp/novel-ci-local-interop.h4Zzk3/tmp
2026-10-09T15:53:15.0444613Z   TEMP: /home/runner/work/_temp/novel-ci-local-interop.h4Zzk3/tmp
2026-10-09T15:53:15.0445077Z   PROJECT_ROOT: /home/runner/work/_temp/novel-ci-local-interop.h4Zzk3/project
2026-10-09T15:53:15.0445593Z   NOVEL_DATA_PATH: /home/runner/work/_temp/novel-ci-local-interop.h4Zzk3/data/novels
2026-10-09T15:53:15.0446121Z   BACKUP_PATH: /home/runner/work/_temp/novel-ci-local-interop.h4Zzk3/data/backups
2026-10-09T15:53:15.0446704Z   DATABASE_BACKUP_PATH: /home/runner/work/_temp/novel-ci-local-interop.h4Zzk3/data/database-backups
2026-10-09T15:53:15.0447336Z   KNOWLEDGE_SOURCE_PATH: /home/runner/work/_temp/novel-ci-local-interop.h4Zzk3/data/novels
2026-10-09T15:53:15.0447756Z ##[endgroup]
2026-10-09T15:53:15.7468631Z ##[group]Run set -o pipefail
2026-10-09T15:53:15.7468991Z [36;1mset -o pipefail[0m
2026-10-09T15:53:15.7469568Z [36;1mPYTHONPATH="$CI_PROJECT/.github/ci:$CI_PROJECT" python -m pytest -p postgres_gate -p suite_coverage -q -ra --tb=short \[0m
2026-10-09T15:53:15.7470276Z [36;1m  --ci-coverage-manifest=.github/ci/coverage_manifest_v2.json.gz \[0m
2026-10-09T15:53:15.7470866Z [36;1m  --ci-scope=interop --ci-shard-index=0 --ci-shard-count=1 --ci-coverage-dir="$CI_RECEIPTS" \[0m
2026-10-09T15:53:15.7471616Z [36;1m  tests/test_local_interop*.py --junitxml="$CI_RECEIPTS/local-interop.xml" 2>&1 | tee "$CI_RECEIPTS/local-interop.log"[0m
2026-10-09T15:53:15.7536494Z shell: /usr/bin/bash -e {0}
2026-10-09T15:53:15.7536751Z env:
2026-10-09T15:53:15.7536940Z   MOCK_PROVIDER: true
2026-10-09T15:53:15.7537157Z   ENABLE_CLOUD: false
2026-10-09T15:53:15.7537386Z   CREDENTIAL_VAULT_BACKEND: memory
2026-10-09T15:53:15.7537669Z   CREDENTIAL_VAULT_ALLOW_MEMORY_FALLBACK: true
2026-10-09T15:53:15.7537987Z   HF_HUB_OFFLINE: 1
2026-10-09T15:53:15.7538190Z   TRANSFORMERS_OFFLINE: 1
2026-10-09T15:53:15.7538881Z   pythonLocation: /opt/hostedtoolcache/Python/3.12.9/x64
2026-10-09T15:53:15.7539315Z   PKG_CONFIG_PATH: /opt/hostedtoolcache/Python/3.12.9/x64/lib/pkgconfig
2026-10-09T15:53:15.7539725Z   Python_ROOT_DIR: /opt/hostedtoolcache/Python/3.12.9/x64
2026-10-09T15:53:15.7540098Z   Python2_ROOT_DIR: /opt/hostedtoolcache/Python/3.12.9/x64
2026-10-09T15:53:15.7540476Z   Python3_ROOT_DIR: /opt/hostedtoolcache/Python/3.12.9/x64
2026-10-09T15:53:15.7540866Z   LD_LIBRARY_PATH: /opt/hostedtoolcache/Python/3.12.9/x64/lib
2026-10-09T15:53:15.7541245Z   CI_COVERAGE_SHA: 02a3f6e9908f785a308a4605e362f8876aed4d8b
2026-10-09T15:53:15.7541611Z   CI_COVERAGE_TREE: cd6989a19e5fd5e2400f2325fe696cae03d8eda7
2026-10-09T15:53:15.7542017Z   CI_SANDBOX: /home/runner/work/_temp/novel-ci-local-interop.h4Zzk3
2026-10-09T15:53:15.7542475Z   CI_PROJECT: /home/runner/work/_temp/novel-ci-local-interop.h4Zzk3/project
2026-10-09T15:53:15.7542967Z   CI_RECEIPTS: /home/runner/work/_temp/novel-ci-local-interop.h4Zzk3/receipts
2026-10-09T15:53:15.7543619Z   HOME: /home/runner/work/_temp/novel-ci-local-interop.h4Zzk3/home
2026-10-09T15:53:15.7544099Z   USERPROFILE: /home/runner/work/_temp/novel-ci-local-interop.h4Zzk3/home
2026-10-09T15:53:15.7544575Z   APPDATA: /home/runner/work/_temp/novel-ci-local-interop.h4Zzk3/appdata
2026-10-09T15:53:15.7545086Z   LOCALAPPDATA: /home/runner/work/_temp/novel-ci-local-interop.h4Zzk3/localappdata
2026-10-09T15:53:15.7545608Z   XDG_CONFIG_HOME: /home/runner/work/_temp/novel-ci-local-interop.h4Zzk3/config
2026-10-09T15:53:15.7546106Z   XDG_CACHE_HOME: /home/runner/work/_temp/novel-ci-local-interop.h4Zzk3/cache
2026-10-09T15:53:15.7546584Z   XDG_DATA_HOME: /home/runner/work/_temp/novel-ci-local-interop.h4Zzk3/data
2026-10-09T15:53:15.7547056Z   XDG_STATE_HOME: /home/runner/work/_temp/novel-ci-local-interop.h4Zzk3/state
2026-10-09T15:53:15.7547514Z   TMPDIR: /home/runner/work/_temp/novel-ci-local-interop.h4Zzk3/tmp
2026-10-09T15:53:15.7547929Z   TMP: /home/runner/work/_temp/novel-ci-local-interop.h4Zzk3/tmp
2026-10-09T15:53:15.7548598Z   TEMP: /home/runner/work/_temp/novel-ci-local-interop.h4Zzk3/tmp
2026-10-09T15:53:15.7549066Z   PROJECT_ROOT: /home/runner/work/_temp/novel-ci-local-interop.h4Zzk3/project
2026-10-09T15:53:15.7549573Z   NOVEL_DATA_PATH: /home/runner/work/_temp/novel-ci-local-interop.h4Zzk3/data/novels
2026-10-09T15:53:15.7550099Z   BACKUP_PATH: /home/runner/work/_temp/novel-ci-local-interop.h4Zzk3/data/backups
2026-10-09T15:53:15.7550673Z   DATABASE_BACKUP_PATH: /home/runner/work/_temp/novel-ci-local-interop.h4Zzk3/data/database-backups
2026-10-09T15:53:15.7551293Z   KNOWLEDGE_SOURCE_PATH: /home/runner/work/_temp/novel-ci-local-interop.h4Zzk3/data/novels
2026-10-09T15:53:15.7551733Z   STORAGE_BACKEND: postgres
2026-10-09T15:53:15.7552223Z   DATABASE_URL: ***127.0.0.1:5432/interop_ci
2026-10-09T15:53:15.7552733Z   TEST_POSTGRES_DATABASE_URL: ***127.0.0.1:5432/interop_ci
2026-10-09T15:53:15.7553231Z ##[endgroup]
2026-10-09T15:53:23.8716515Z ........................................................................ [ 17%]
2026-10-09T15:53:24.0209563Z ........................................................................ [ 34%]
2026-10-09T15:54:28.3249688Z ........................................s.......ss..s................... [ 52%]
2026-10-09T15:57:40.2627076Z ...........................................s.sssssssss.........s..s.s.s. [ 69%]
2026-10-09T16:03:51.6809103Z s.s.sss....s.s.s.s.sss...ssssss......s.s.s.s.........s.s..s.ssss....s.s. [ 87%]
2026-10-09T16:05:34.4922907Z s.s.s.ssss....s.s.s.ssssss......s.s.s................                    [100%]
2026-10-09T16:05:34.4925651Z - generated xml file: /home/runner/work/_temp/novel-ci-local-interop.h4Zzk3/receipts/local-interop.xml -
2026-10-09T16:05:34.4927098Z =========================== short test summary info ============================
2026-10-09T16:05:34.4928857Z SKIPPED [1] tests/test_local_interop_cross_process_host.py: File-backend implementation contract; covered by the default/File full suite
2026-10-09T16:05:34.4930552Z SKIPPED [2] tests/test_local_interop_desktop_api_projection_races.py:15: File-backend implementation contract; covered by the default/File full suite
2026-10-09T16:05:34.4932484Z SKIPPED [1] tests/test_local_interop_desktop_api_projection_races.py: File-backend implementation contract; covered by the default/File full suite
2026-10-09T16:05:34.4933766Z SKIPPED [10] tests/test_local_interop_desktop_runtime.py: File-backend implementation contract; covered by the default/File full suite
2026-10-09T16:05:34.4934973Z SKIPPED [9] tests/test_local_interop_desktop_runtime.py:60: File-backend implementation contract; covered by the default/File full suite
2026-10-09T16:05:34.4936203Z SKIPPED [3] tests/test_local_interop_desktop_runtime.py:261: File-backend implementation contract; covered by the default/File full suite
2026-10-09T16:05:34.4937371Z SKIPPED [19] tests/test_local_interop_host.py: File-backend implementation contract; covered by the default/File full suite
2026-10-09T16:05:34.4938755Z SKIPPED [3] tests/test_local_interop_host.py:173: File-backend implementation contract; covered by the default/File full suite
2026-10-09T16:05:34.4940228Z SKIPPED [6] tests/test_local_interop_host.py:203: File-backend implementation contract; covered by the default/File full suite
2026-10-09T16:05:34.4941051Z SKIPPED [4] tests/test_local_interop_host.py:395: File-backend implementation contract; covered by the default/File full suite
2026-10-09T16:05:34.4941859Z SKIPPED [4] tests/test_local_interop_host.py:528: File-backend implementation contract; covered by the default/File full suite
2026-10-09T16:05:34.4942700Z SKIPPED [6] tests/test_local_interop_host.py:611: File-backend implementation contract; covered by the default/File full suite
2026-10-09T16:05:34.4943273Z 345 passed, 68 skipped in 737.28s (0:12:17)
2026-10-09T16:05:35.2702167Z ##[group]Run python .github/ci/coverage_reconcile.py \
2026-10-09T16:05:35.2702612Z [36;1mpython .github/ci/coverage_reconcile.py \[0m
2026-10-09T16:05:35.2703049Z [36;1m  --manifest .github/ci/coverage_manifest_v2.json.gz --scope interop \[0m
2026-10-09T16:05:35.2703575Z [36;1m  --receipts-dir "$CI_RECEIPTS" --expected-shards postgres=1 \[0m
2026-10-09T16:05:35.2704069Z [36;1m  --expected-sha "$CI_COVERAGE_SHA" --expected-tree "$CI_COVERAGE_TREE" \[0m
2026-10-09T16:05:35.2704575Z [36;1m  --expected-event-sha "$GITHUB_SHA" --expected-run "$GITHUB_RUN_ID" \[0m
2026-10-09T16:05:35.2705136Z [36;1m  --expected-attempt "$GITHUB_RUN_ATTEMPT" --expected-repository "$GITHUB_REPOSITORY" \[0m
2026-10-09T16:05:35.2705739Z [36;1m  --constraints .github/ci/python-constraints.txt --source-root "$CI_PROJECT" \[0m
2026-10-09T16:05:35.2706216Z [36;1m  --output "$CI_RECEIPTS/interop-coverage.json"[0m
2026-10-09T16:05:35.2769088Z shell: /usr/bin/bash -e {0}
2026-10-09T16:05:35.2769369Z env:
2026-10-09T16:05:35.2769556Z   MOCK_PROVIDER: true
2026-10-09T16:05:35.2769774Z   ENABLE_CLOUD: false
2026-10-09T16:05:35.2769993Z   CREDENTIAL_VAULT_BACKEND: memory
2026-10-09T16:05:35.2770285Z   CREDENTIAL_VAULT_ALLOW_MEMORY_FALLBACK: true
2026-10-09T16:05:35.2770569Z   HF_HUB_OFFLINE: 1
2026-10-09T16:05:35.2770775Z   TRANSFORMERS_OFFLINE: 1
2026-10-09T16:05:35.2771066Z   pythonLocation: /opt/hostedtoolcache/Python/3.12.9/x64
2026-10-09T16:05:35.2771516Z   PKG_CONFIG_PATH: /opt/hostedtoolcache/Python/3.12.9/x64/lib/pkgconfig
2026-10-09T16:05:35.2771933Z   Python_ROOT_DIR: /opt/hostedtoolcache/Python/3.12.9/x64
2026-10-09T16:05:35.2772303Z   Python2_ROOT_DIR: /opt/hostedtoolcache/Python/3.12.9/x64
2026-10-09T16:05:35.2772694Z   Python3_ROOT_DIR: /opt/hostedtoolcache/Python/3.12.9/x64
2026-10-09T16:05:35.2773078Z   LD_LIBRARY_PATH: /opt/hostedtoolcache/Python/3.12.9/x64/lib
2026-10-09T16:05:35.2773446Z   CI_COVERAGE_SHA: 02a3f6e9908f785a308a4605e362f8876aed4d8b
2026-10-09T16:05:35.2773816Z   CI_COVERAGE_TREE: cd6989a19e5fd5e2400f2325fe696cae03d8eda7
2026-10-09T16:05:35.2774225Z   CI_SANDBOX: /home/runner/work/_temp/novel-ci-local-interop.h4Zzk3
2026-10-09T16:05:35.2774689Z   CI_PROJECT: /home/runner/work/_temp/novel-ci-local-interop.h4Zzk3/project
2026-10-09T16:05:35.2775184Z   CI_RECEIPTS: /home/runner/work/_temp/novel-ci-local-interop.h4Zzk3/receipts
2026-10-09T16:05:35.2775643Z   HOME: /home/runner/work/_temp/novel-ci-local-interop.h4Zzk3/home
2026-10-09T16:05:35.2776087Z   USERPROFILE: /home/runner/work/_temp/novel-ci-local-interop.h4Zzk3/home
2026-10-09T16:05:35.2776551Z   APPDATA: /home/runner/work/_temp/novel-ci-local-interop.h4Zzk3/appdata
2026-10-09T16:05:35.2777050Z   LOCALAPPDATA: /home/runner/work/_temp/novel-ci-local-interop.h4Zzk3/localappdata
2026-10-09T16:05:35.2777583Z   XDG_CONFIG_HOME: /home/runner/work/_temp/novel-ci-local-interop.h4Zzk3/config
2026-10-09T16:05:35.2778075Z   XDG_CACHE_HOME: /home/runner/work/_temp/novel-ci-local-interop.h4Zzk3/cache
2026-10-09T16:05:35.2778748Z   XDG_DATA_HOME: /home/runner/work/_temp/novel-ci-local-interop.h4Zzk3/data
2026-10-09T16:05:35.2779224Z   XDG_STATE_HOME: /home/runner/work/_temp/novel-ci-local-interop.h4Zzk3/state
2026-10-09T16:05:35.2779678Z   TMPDIR: /home/runner/work/_temp/novel-ci-local-interop.h4Zzk3/tmp
2026-10-09T16:05:35.2780282Z   TMP: /home/runner/work/_temp/novel-ci-local-interop.h4Zzk3/tmp
2026-10-09T16:05:35.2780692Z   TEMP: /home/runner/work/_temp/novel-ci-local-interop.h4Zzk3/tmp
2026-10-09T16:05:35.2781141Z   PROJECT_ROOT: /home/runner/work/_temp/novel-ci-local-interop.h4Zzk3/project
2026-10-09T16:05:35.2781646Z   NOVEL_DATA_PATH: /home/runner/work/_temp/novel-ci-local-interop.h4Zzk3/data/novels
2026-10-09T16:05:35.2782174Z   BACKUP_PATH: /home/runner/work/_temp/novel-ci-local-interop.h4Zzk3/data/backups
2026-10-09T16:05:35.2782752Z   DATABASE_BACKUP_PATH: /home/runner/work/_temp/novel-ci-local-interop.h4Zzk3/data/database-backups
2026-10-09T16:05:35.2783542Z   KNOWLEDGE_SOURCE_PATH: /home/runner/work/_temp/novel-ci-local-interop.h4Zzk3/data/novels
2026-10-09T16:05:35.2783984Z ##[endgroup]
2026-10-09T16:05:35.7426924Z {
2026-10-09T16:05:35.7427388Z   "schema_version": 1,
2026-10-09T16:05:35.7427879Z   "scope": "interop",
2026-10-09T16:05:35.7428654Z   "status": "complete",
2026-10-09T16:05:35.7429186Z   "identity": {
2026-10-09T16:05:35.7429782Z     "checked_out_sha": "02a3f6e9908f785a308a4605e362f8876aed4d8b",
2026-10-09T16:05:35.7430669Z     "source_tree": "cd6989a19e5fd5e2400f2325fe696cae03d8eda7",
2026-10-09T16:05:35.7431582Z     "event_sha": "02a3f6e9908f785a308a4605e362f8876aed4d8b",
2026-10-09T16:05:35.7432370Z     "run_id": "37954826046",
2026-10-09T16:05:35.7432882Z     "run_attempt": "1",
2026-10-09T16:05:35.7433454Z     "repository": "1785235376-blip/AI-Novel-Studio",
2026-10-09T16:05:35.7434142Z     "python_version": "3.12.9",
2026-10-09T16:05:35.7434647Z     "platform": "linux",
2026-10-09T16:05:35.7435257Z     "source_manifest_sha256": "bc15318b92cae0ee7a3c581321de95f3577c684b0ced26daf9f7228ccda57715",
2026-10-09T16:05:35.7436210Z     "dependency_digest": "fb6f9ade2d88f097b3d1c77f38c07276d773fb4b377ae412194f10805e92b97e"
2026-10-09T16:05:35.7436840Z   },
2026-10-09T16:05:35.7437118Z   "unique_collected_per_profile": 413,
2026-10-09T16:05:35.7437493Z   "profiles": {
2026-10-09T16:05:35.7437772Z     "postgres": {
2026-10-09T16:05:35.7438052Z       "collected": 413,
2026-10-09T16:05:35.7438643Z       "passed": 345,
2026-10-09T16:05:35.7438941Z       "skipped": 68,
2026-10-09T16:05:35.7439214Z       "shards": 1
2026-10-09T16:05:35.7439479Z     }
2026-10-09T16:05:35.7439711Z   },
2026-10-09T16:05:35.7439958Z   "external_gates": {},
2026-10-09T16:05:35.7440582Z   "evidence": "complete collected backend coverage; not monolithic PostgreSQL interaction equivalence"
2026-10-09T16:05:35.7441266Z }
2026-10-09T16:05:35.7535267Z ##[group]Run python scripts/check_desktop_integration.py
2026-10-09T16:05:35.7535699Z [36;1mpython scripts/check_desktop_integration.py[0m
2026-10-09T16:05:35.7536261Z [36;1mpython -m local_interop_desktop.acceptance --mock-only --output "$CI_RECEIPTS/desktop-acceptance.json"[0m
2026-10-09T16:05:35.7598414Z shell: /usr/bin/bash -e {0}
2026-10-09T16:05:35.7598676Z env:
2026-10-09T16:05:35.7598872Z   MOCK_PROVIDER: true
2026-10-09T16:05:35.7599108Z   ENABLE_CLOUD: false
2026-10-09T16:05:35.7599339Z   CREDENTIAL_VAULT_BACKEND: memory
2026-10-09T16:05:35.7599633Z   CREDENTIAL_VAULT_ALLOW_MEMORY_FALLBACK: true
2026-10-09T16:05:35.7599937Z   HF_HUB_OFFLINE: 1
2026-10-09T16:05:35.7600148Z   TRANSFORMERS_OFFLINE: 1
2026-10-09T16:05:35.7600446Z   pythonLocation: /opt/hostedtoolcache/Python/3.12.9/x64
2026-10-09T16:05:35.7600888Z   PKG_CONFIG_PATH: /opt/hostedtoolcache/Python/3.12.9/x64/lib/pkgconfig
2026-10-09T16:05:35.7601345Z   Python_ROOT_DIR: /opt/hostedtoolcache/Python/3.12.9/x64
2026-10-09T16:05:35.7601779Z   Python2_ROOT_DIR: /opt/hostedtoolcache/Python/3.12.9/x64
2026-10-09T16:05:35.7602193Z   Python3_ROOT_DIR: /opt/hostedtoolcache/Python/3.12.9/x64
2026-10-09T16:05:35.7602600Z   LD_LIBRARY_PATH: /opt/hostedtoolcache/Python/3.12.9/x64/lib
2026-10-09T16:05:35.7602993Z   CI_COVERAGE_SHA: 02a3f6e9908f785a308a4605e362f8876aed4d8b
2026-10-09T16:05:35.7603381Z   CI_COVERAGE_TREE: cd6989a19e5fd5e2400f2325fe696cae03d8eda7
2026-10-09T16:05:35.7604003Z   CI_SANDBOX: /home/runner/work/_temp/novel-ci-local-interop.h4Zzk3
2026-10-09T16:05:35.7604497Z   CI_PROJECT: /home/runner/work/_temp/novel-ci-local-interop.h4Zzk3/project
2026-10-09T16:05:35.7605021Z   CI_RECEIPTS: /home/runner/work/_temp/novel-ci-local-interop.h4Zzk3/receipts
2026-10-09T16:05:35.7605513Z   HOME: /home/runner/work/_temp/novel-ci-local-interop.h4Zzk3/home
2026-10-09T16:05:35.7605987Z   USERPROFILE: /home/runner/work/_temp/novel-ci-local-interop.h4Zzk3/home
2026-10-09T16:05:35.7606497Z   APPDATA: /home/runner/work/_temp/novel-ci-local-interop.h4Zzk3/appdata
2026-10-09T16:05:35.7607033Z   LOCALAPPDATA: /home/runner/work/_temp/novel-ci-local-interop.h4Zzk3/localappdata
2026-10-09T16:05:35.7607595Z   XDG_CONFIG_HOME: /home/runner/work/_temp/novel-ci-local-interop.h4Zzk3/config
2026-10-09T16:05:35.7608140Z   XDG_CACHE_HOME: /home/runner/work/_temp/novel-ci-local-interop.h4Zzk3/cache
2026-10-09T16:05:35.7608838Z   XDG_DATA_HOME: /home/runner/work/_temp/novel-ci-local-interop.h4Zzk3/data
2026-10-09T16:05:35.7609367Z   XDG_STATE_HOME: /home/runner/work/_temp/novel-ci-local-interop.h4Zzk3/state
2026-10-09T16:05:35.7609856Z   TMPDIR: /home/runner/work/_temp/novel-ci-local-interop.h4Zzk3/tmp
2026-10-09T16:05:35.7610300Z   TMP: /home/runner/work/_temp/novel-ci-local-interop.h4Zzk3/tmp
2026-10-09T16:05:35.7610733Z   TEMP: /home/runner/work/_temp/novel-ci-local-interop.h4Zzk3/tmp
2026-10-09T16:05:35.7611210Z   PROJECT_ROOT: /home/runner/work/_temp/novel-ci-local-interop.h4Zzk3/project
2026-10-09T16:05:35.7611768Z   NOVEL_DATA_PATH: /home/runner/work/_temp/novel-ci-local-interop.h4Zzk3/data/novels
2026-10-09T16:05:35.7612348Z   BACKUP_PATH: /home/runner/work/_temp/novel-ci-local-interop.h4Zzk3/data/backups
2026-10-09T16:05:35.7612964Z   DATABASE_BACKUP_PATH: /home/runner/work/_temp/novel-ci-local-interop.h4Zzk3/data/database-backups
2026-10-09T16:05:35.7613654Z   KNOWLEDGE_SOURCE_PATH: /home/runner/work/_temp/novel-ci-local-interop.h4Zzk3/data/novels
2026-10-09T16:05:35.7614082Z ##[endgroup]
2026-10-09T16:05:35.7993807Z {
2026-10-09T16:05:35.7994212Z   "acceptance_scenarios": 24,
2026-10-09T16:05:35.7994738Z   "frozen_protocol_files": 37,
2026-10-09T16:05:35.7995498Z   "manifest_sha256": "77c1f82f0aec0ef385d95cacf6fe04530b83fb62d2403bc7341cbe6bf19c858c",
2026-10-09T16:05:35.7996354Z   "protocol": "PoemSeed Local Interop 1.0",
2026-10-09T16:05:35.7996945Z   "real_desktop_acceptance": "LOCAL_REQUIRED",
2026-10-09T16:05:35.7997502Z   "requirements": 69,
2026-10-09T16:05:35.7997940Z   "shared_desktop_preparation_files": 26
2026-10-09T16:05:35.7999052Z }
2026-10-09T16:05:36.4171989Z {
2026-10-09T16:05:36.4172583Z   "native_acceptance": "LOCAL_REQUIRED",
2026-10-09T16:05:36.4173282Z   "protocol": "PoemSeed Local Interop 1.0",
2026-10-09T16:05:36.4173873Z   "results": [
2026-10-09T16:05:36.4174176Z     {
2026-10-09T16:05:36.4174492Z       "checks": [
2026-10-09T16:05:36.4174799Z         "absent_installation",
2026-10-09T16:05:36.4175143Z         "no_auto_launch"
2026-10-09T16:05:36.4175436Z       ],
2026-10-09T16:05:36.4175714Z       "elapsed_ms": 0.671,
2026-10-09T16:05:36.4176039Z       "error_code": null,
2026-10-09T16:05:36.4176344Z       "id": "A01",
2026-10-09T16:05:36.4176628Z       "name": "Install state",
2026-10-09T16:05:36.4176975Z       "native_status": "LOCAL_REQUIRED",
2026-10-09T16:05:36.4177427Z       "outcome": "PASS",
2026-10-09T16:05:36.4177745Z       "scope": "MOCK_ONLY"
2026-10-09T16:05:36.4178043Z     },
2026-10-09T16:05:36.4178569Z     {
2026-10-09T16:05:36.4178837Z       "checks": [
2026-10-09T16:05:36.4179140Z         "registered_discovery",
2026-10-09T16:05:36.4179493Z         "bounded_deduplication",
2026-10-09T16:05:36.4179836Z         "no_process_scan"
2026-10-09T16:05:36.4180130Z       ],
2026-10-09T16:05:36.4180385Z       "elapsed_ms": 0.517,
2026-10-09T16:05:36.4180697Z       "error_code": null,
2026-10-09T16:05:36.4180990Z       "id": "A02",
2026-10-09T16:05:36.4181275Z       "name": "Peer discovery",
2026-10-09T16:05:36.4181624Z       "native_status": "LOCAL_REQUIRED",
2026-10-09T16:05:36.4182261Z       "outcome": "PASS",
2026-10-09T16:05:36.4182575Z       "scope": "MOCK_ONLY"
2026-10-09T16:05:36.4182867Z     },
2026-10-09T16:05:36.4183098Z     {
2026-10-09T16:05:36.4183334Z       "checks": [
2026-10-09T16:05:36.4183621Z         "synthetic_os_facts_only",
2026-10-09T16:05:36.4183977Z         "explicit_approval",
2026-10-09T16:05:36.4184302Z         "trust_downgrade",
2026-10-09T16:05:36.4184612Z         "revocation"
2026-10-09T16:05:36.4184883Z       ],
2026-10-09T16:05:36.4185132Z       "elapsed_ms": 0.599,
2026-10-09T16:05:36.4185377Z       "error_code": null,
2026-10-09T16:05:36.4185589Z       "id": "A03",
2026-10-09T16:05:36.4185788Z       "name": "Trust",
2026-10-09T16:05:36.4186012Z       "native_status": "LOCAL_REQUIRED",
2026-10-09T16:05:36.4186276Z       "outcome": "PASS",
2026-10-09T16:05:36.4186494Z       "scope": "MOCK_ONLY"
2026-10-09T16:05:36.4186696Z     },
2026-10-09T16:05:36.4186860Z     {
2026-10-09T16:05:36.4187026Z       "checks": [
2026-10-09T16:05:36.4187224Z         "five_distinct_stages",
2026-10-09T16:05:36.4187486Z         "deterministic_observable_history"
2026-10-09T16:05:36.4187744Z       ],
2026-10-09T16:05:36.4187923Z       "elapsed_ms": 10.401,
2026-10-09T16:05:36.4188154Z       "error_code": null,
2026-10-09T16:05:36.4188512Z       "id": "A04",
2026-10-09T16:05:36.4188720Z       "name": "Handshake",
2026-10-09T16:05:36.4188959Z       "native_status": "LOCAL_REQUIRED",
2026-10-09T16:05:36.4189226Z       "outcome": "PASS",
2026-10-09T16:05:36.4189450Z       "scope": "MOCK_ONLY"
2026-10-09T16:05:36.4189663Z     },
2026-10-09T16:05:36.4189829Z     {
2026-10-09T16:05:36.4189997Z       "checks": [
2026-10-09T16:05:36.4190203Z         "negotiated_support",
2026-10-09T16:05:36.4190453Z         "content_permission_not_implied"
2026-10-09T16:05:36.4190709Z       ],
2026-10-09T16:05:36.4190890Z       "elapsed_ms": 10.897,
2026-10-09T16:05:36.4191116Z       "error_code": null,
2026-10-09T16:05:36.4191325Z       "id": "A05",
2026-10-09T16:05:36.4191536Z       "name": "Capability negotiation",
2026-10-09T16:05:36.4191811Z       "native_status": "LOCAL_REQUIRED",
2026-10-09T16:05:36.4192065Z       "outcome": "PASS",
2026-10-09T16:05:36.4192285Z       "scope": "MOCK_ONLY"
2026-10-09T16:05:36.4192495Z     },
2026-10-09T16:05:36.4192662Z     {
2026-10-09T16:05:36.4192829Z       "checks": [
2026-10-09T16:05:36.4193030Z         "metadata_only",
2026-10-09T16:05:36.4193262Z         "no_manuscript_selection_prompt"
2026-10-09T16:05:36.4193513Z       ],
2026-10-09T16:05:36.4193694Z       "elapsed_ms": 1.001,
2026-10-09T16:05:36.4194105Z       "error_code": null,
2026-10-09T16:05:36.4194325Z       "id": "A06",
2026-10-09T16:05:36.4194529Z       "name": "Metadata context",
2026-10-09T16:05:36.4194784Z       "native_status": "LOCAL_REQUIRED",
2026-10-09T16:05:36.4195043Z       "outcome": "PASS",
2026-10-09T16:05:36.4195258Z       "scope": "MOCK_ONLY"
2026-10-09T16:05:36.4195460Z     },
2026-10-09T16:05:36.4195631Z     {
2026-10-09T16:05:36.4195795Z       "checks": [
2026-10-09T16:05:36.4195995Z         "explicit_consent",
2026-10-09T16:05:36.4196229Z         "exact_content_scope",
2026-10-09T16:05:36.4196468Z         "chapter_version_fence"
2026-10-09T16:05:36.4196685Z       ],
2026-10-09T16:05:36.4196861Z       "elapsed_ms": 1.205,
2026-10-09T16:05:36.4197074Z       "error_code": null,
2026-10-09T16:05:36.4197280Z       "id": "A07",
2026-10-09T16:05:36.4197480Z       "name": "Selection context",
2026-10-09T16:05:36.4197734Z       "native_status": "LOCAL_REQUIRED",
2026-10-09T16:05:36.4197994Z       "outcome": "PASS",
2026-10-09T16:05:36.4198212Z       "scope": "MOCK_ONLY"
2026-10-09T16:05:36.4198541Z     },
2026-10-09T16:05:36.4198700Z     {
2026-10-09T16:05:36.4198863Z       "checks": [
2026-10-09T16:05:36.4199057Z         "explicit_consent",
2026-10-09T16:05:36.4199284Z         "exact_content_scope",
2026-10-09T16:05:36.4199514Z         "chapter_version_fence"
2026-10-09T16:05:36.4199731Z       ],
2026-10-09T16:05:36.4199905Z       "elapsed_ms": 1.117,
2026-10-09T16:05:36.4200117Z       "error_code": null,
2026-10-09T16:05:36.4200466Z       "id": "A08",
2026-10-09T16:05:36.4200673Z       "name": "Chapter context",
2026-10-09T16:05:36.4200917Z       "native_status": "LOCAL_REQUIRED",
2026-10-09T16:05:36.4201174Z       "outcome": "PASS",
2026-10-09T16:05:36.4201389Z       "scope": "MOCK_ONLY"
2026-10-09T16:05:36.4201594Z     },
2026-10-09T16:05:36.4201755Z     {
2026-10-09T16:05:36.4201925Z       "checks": [
2026-10-09T16:05:36.4202125Z         "non_content_diagnostic",
2026-10-09T16:05:36.4202368Z         "allowlisted_audit",
2026-10-09T16:05:36.4202598Z         "bounded_audit"
2026-10-09T16:05:36.4202795Z       ],
2026-10-09T16:05:36.4202976Z       "elapsed_ms": 1.642,
2026-10-09T16:05:36.4203194Z       "error_code": null,
2026-10-09T16:05:36.4203402Z       "id": "A09",
2026-10-09T16:05:36.4203599Z       "name": "Diagnostic",
2026-10-09T16:05:36.4203832Z       "native_status": "LOCAL_REQUIRED",
2026-10-09T16:05:36.4204096Z       "outcome": "PASS",
2026-10-09T16:05:36.4220013Z       "scope": "MOCK_ONLY"
2026-10-09T16:05:36.4220342Z     },
2026-10-09T16:05:36.4220527Z     {
2026-10-09T16:05:36.4220710Z       "checks": [
2026-10-09T16:05:36.4220950Z         "coalescing",
2026-10-09T16:05:36.4221196Z         "live_delivery_permission",
2026-10-09T16:05:36.4221467Z         "isolated_revocation",
2026-10-09T16:05:36.4221701Z         "pause_resume",
2026-10-09T16:05:36.4221928Z         "disconnect_no_grant"
2026-10-09T16:05:36.4222151Z       ],
2026-10-09T16:05:36.4222336Z       "elapsed_ms": 101.429,
2026-10-09T16:05:36.4222575Z       "error_code": null,
2026-10-09T16:05:36.4222796Z       "id": "A10",
2026-10-09T16:05:36.4222987Z       "name": "Event",
2026-10-09T16:05:36.4223211Z       "native_status": "LOCAL_REQUIRED",
2026-10-09T16:05:36.4223477Z       "outcome": "PASS",
2026-10-09T16:05:36.4223694Z       "scope": "MOCK_ONLY"
2026-10-09T16:05:36.4223960Z     },
2026-10-09T16:05:36.4224242Z     {
2026-10-09T16:05:36.4224539Z       "checks": [
2026-10-09T16:05:36.4224764Z         "session_revoked",
2026-10-09T16:05:36.4225004Z         "later_delivery_rejected"
2026-10-09T16:05:36.4225234Z       ],
2026-10-09T16:05:36.4225413Z       "elapsed_ms": 13.567,
2026-10-09T16:05:36.4225641Z       "error_code": null,
2026-10-09T16:05:36.4225852Z       "id": "A11",
2026-10-09T16:05:36.4226055Z       "name": "Session revoke",
2026-10-09T16:05:36.4226304Z       "native_status": "LOCAL_REQUIRED",
2026-10-09T16:05:36.4226568Z       "outcome": "PASS",
2026-10-09T16:05:36.4226785Z       "scope": "MOCK_ONLY"
2026-10-09T16:05:36.4226992Z     },
2026-10-09T16:05:36.4227362Z     {
2026-10-09T16:05:36.4227541Z       "checks": [
2026-10-09T16:05:36.4227732Z         "coalescing",
2026-10-09T16:05:36.4227945Z         "live_delivery_permission",
2026-10-09T16:05:36.4228212Z         "isolated_revocation",
2026-10-09T16:05:36.4228595Z         "pause_resume",
2026-10-09T16:05:36.4228814Z         "disconnect_no_grant"
2026-10-09T16:05:36.4229063Z       ],
2026-10-09T16:05:36.4229247Z       "elapsed_ms": 105.411,
2026-10-09T16:05:36.4229479Z       "error_code": null,
2026-10-09T16:05:36.4229691Z       "id": "A12",
2026-10-09T16:05:36.4229900Z       "name": "Permission revoke",
2026-10-09T16:05:36.4230166Z       "native_status": "LOCAL_REQUIRED",
2026-10-09T16:05:36.4230427Z       "outcome": "PASS",
2026-10-09T16:05:36.4230645Z       "scope": "MOCK_ONLY"
2026-10-09T16:05:36.4230859Z     },
2026-10-09T16:05:36.4231023Z     {
2026-10-09T16:05:36.4231190Z       "checks": [
2026-10-09T16:05:36.4231392Z         "v1_request_response_loop",
2026-10-09T16:05:36.4231652Z         "advice_no_mutation"
2026-10-09T16:05:36.4231868Z       ],
2026-10-09T16:05:36.4232049Z       "elapsed_ms": 15.442,
2026-10-09T16:05:36.4232273Z       "error_code": null,
2026-10-09T16:05:36.4232482Z       "id": "A13",
2026-10-09T16:05:36.4232680Z       "name": "Tutor guidance",
2026-10-09T16:05:36.4232922Z       "native_status": "LOCAL_REQUIRED",
2026-10-09T16:05:36.4233188Z       "outcome": "PASS",
2026-10-09T16:05:36.4233403Z       "scope": "MOCK_ONLY"
2026-10-09T16:05:36.4233817Z     },
2026-10-09T16:05:36.4233979Z     {
2026-10-09T16:05:36.4234143Z       "checks": [
2026-10-09T16:05:36.4234341Z         "fresh_owner_callback",
2026-10-09T16:05:36.4234592Z         "wire_evidence_never_promoted"
2026-10-09T16:05:36.4234832Z       ],
2026-10-09T16:05:36.4235010Z       "elapsed_ms": 19.578,
2026-10-09T16:05:36.4235230Z       "error_code": null,
2026-10-09T16:05:36.4235435Z       "id": "A14",
2026-10-09T16:05:36.4235635Z       "name": "Verifier",
2026-10-09T16:05:36.4235856Z       "native_status": "LOCAL_REQUIRED",
2026-10-09T16:05:36.4236119Z       "outcome": "PASS",
2026-10-09T16:05:36.4236331Z       "scope": "MOCK_ONLY"
2026-10-09T16:05:36.4236533Z     },
2026-10-09T16:05:36.4236693Z     {
2026-10-09T16:05:36.4236859Z       "checks": [
2026-10-09T16:05:36.4237059Z         "advice_does_not_navigate",
2026-10-09T16:05:36.4237308Z         "local_user_click",
2026-10-09T16:05:36.4237533Z         "single_use_presence"
2026-10-09T16:05:36.4237750Z       ],
2026-10-09T16:05:36.4237933Z       "elapsed_ms": 0.668,
2026-10-09T16:05:36.4238151Z       "error_code": null,
2026-10-09T16:05:36.4238482Z       "id": "A15",
2026-10-09T16:05:36.4238676Z       "name": "Deep Link",
2026-10-09T16:05:36.4238905Z       "native_status": "LOCAL_REQUIRED",
2026-10-09T16:05:36.4239166Z       "outcome": "PASS",
2026-10-09T16:05:36.4239386Z       "scope": "MOCK_ONLY"
2026-10-09T16:05:36.4239589Z     },
2026-10-09T16:05:36.4239755Z     {
2026-10-09T16:05:36.4239921Z       "checks": [
2026-10-09T16:05:36.4240115Z         "owner_projection",
2026-10-09T16:05:36.4240345Z         "read_only_metadata",
2026-10-09T16:05:36.4240578Z         "stale_cache"
2026-10-09T16:05:36.4240771Z       ],
2026-10-09T16:05:36.4240950Z       "elapsed_ms": 0.658,
2026-10-09T16:05:36.4241168Z       "error_code": null,
2026-10-09T16:05:36.4241375Z       "id": "A16",
2026-10-09T16:05:36.4241575Z       "name": "Model Registry",
2026-10-09T16:05:36.4241816Z       "native_status": "LOCAL_REQUIRED",
2026-10-09T16:05:36.4242076Z       "outcome": "PASS",
2026-10-09T16:05:36.4242299Z       "scope": "MOCK_ONLY"
2026-10-09T16:05:36.4242503Z     },
2026-10-09T16:05:36.4242665Z     {
2026-10-09T16:05:36.4242834Z       "checks": [
2026-10-09T16:05:36.4243032Z         "synthetic_peer_crash",
2026-10-09T16:05:36.4243274Z         "no_successful_late_delivery"
2026-10-09T16:05:36.4243516Z       ],
2026-10-09T16:05:36.4243692Z       "elapsed_ms": 10.256,
2026-10-09T16:05:36.4243915Z       "error_code": null,
2026-10-09T16:05:36.4244118Z       "id": "A17",
2026-10-09T16:05:36.4244451Z       "name": "Tutor crash",
2026-10-09T16:05:36.4244699Z       "native_status": "LOCAL_REQUIRED",
2026-10-09T16:05:36.4244955Z       "outcome": "PASS",
2026-10-09T16:05:36.4245164Z       "scope": "MOCK_ONLY"
2026-10-09T16:05:36.4245373Z     },
2026-10-09T16:05:36.4245536Z     {
2026-10-09T16:05:36.4245700Z       "checks": [
2026-10-09T16:05:36.4245903Z         "simulated_host_shutdown",
2026-10-09T16:05:36.4246158Z         "volatile_session_revoked"
2026-10-09T16:05:36.4246384Z       ],
2026-10-09T16:05:36.4246561Z       "elapsed_ms": 10.29,
2026-10-09T16:05:36.4246774Z       "error_code": null,
2026-10-09T16:05:36.4246977Z       "id": "A18",
2026-10-09T16:05:36.4247172Z       "name": "Studio crash",
2026-10-09T16:05:36.4247410Z       "native_status": "LOCAL_REQUIRED",
2026-10-09T16:05:36.4247671Z       "outcome": "PASS",
2026-10-09T16:05:36.4247885Z       "scope": "MOCK_ONLY"
2026-10-09T16:05:36.4248087Z     },
2026-10-09T16:05:36.4248247Z     {
2026-10-09T16:05:36.4248606Z       "checks": [
2026-10-09T16:05:36.4248911Z         "fresh_instance",
2026-10-09T16:05:36.4249163Z         "no_session_or_standing_grant_restoration"
2026-10-09T16:05:36.4249443Z       ],
2026-10-09T16:05:36.4249627Z       "elapsed_ms": 10.877,
2026-10-09T16:05:36.4249848Z       "error_code": null,
2026-10-09T16:05:36.4250058Z       "id": "A19",
2026-10-09T16:05:36.4250265Z       "name": "Restart",
2026-10-09T16:05:36.4250492Z       "native_status": "LOCAL_REQUIRED",
2026-10-09T16:05:36.4250747Z       "outcome": "PASS",
2026-10-09T16:05:36.4251113Z       "scope": "MOCK_ONLY"
2026-10-09T16:05:36.4251318Z     },
2026-10-09T16:05:36.4251487Z     {
2026-10-09T16:05:36.4251655Z       "checks": [
2026-10-09T16:05:36.4251867Z         "product_upgrade_compatible",
2026-10-09T16:05:36.4252154Z         "optional_1_1_advertisement_selects_1_0",
2026-10-09T16:05:36.4252451Z         "unknown_major_rejected"
2026-10-09T16:05:36.4252677Z       ],
2026-10-09T16:05:36.4252862Z       "elapsed_ms": 9.017,
2026-10-09T16:05:36.4253081Z       "error_code": null,
2026-10-09T16:05:36.4253291Z       "id": "A20",
2026-10-09T16:05:36.4253503Z       "name": "Upgrade compatibility",
2026-10-09T16:05:36.4253774Z       "native_status": "LOCAL_REQUIRED",
2026-10-09T16:05:36.4254031Z       "outcome": "PASS",
2026-10-09T16:05:36.4254243Z       "scope": "MOCK_ONLY"
2026-10-09T16:05:36.4254444Z     },
2026-10-09T16:05:36.4254605Z     {
2026-10-09T16:05:36.4254769Z       "checks": [
2026-10-09T16:05:36.4254984Z         "distinct_windows_user_probe_required"
2026-10-09T16:05:36.4255258Z       ],
2026-10-09T16:05:36.4255435Z       "elapsed_ms": 0.0,
2026-10-09T16:05:36.4255642Z       "error_code": null,
2026-10-09T16:05:36.4255848Z       "id": "A21",
2026-10-09T16:05:36.4256059Z       "name": "Different Windows user",
2026-10-09T16:05:36.4256322Z       "native_status": "NOT_RUN",
2026-10-09T16:05:36.4256566Z       "outcome": "NOT_RUN",
2026-10-09T16:05:36.4256804Z       "scope": "NATIVE_REQUIRED"
2026-10-09T16:05:36.4257022Z     },
2026-10-09T16:05:36.4257183Z     {
2026-10-09T16:05:36.4257351Z       "checks": [
2026-10-09T16:05:36.4257558Z         "claimed_known_product_rejected",
2026-10-09T16:05:36.4257830Z         "no_installation_no_trust"
2026-10-09T16:05:36.4258058Z       ],
2026-10-09T16:05:36.4258235Z       "elapsed_ms": 0.361,
2026-10-09T16:05:36.4258755Z       "error_code": null,
2026-10-09T16:05:36.4258969Z       "id": "A22",
2026-10-09T16:05:36.4259170Z       "name": "Fake product_id",
2026-10-09T16:05:36.4259425Z       "native_status": "LOCAL_REQUIRED",
2026-10-09T16:05:36.4259690Z       "outcome": "PASS",
2026-10-09T16:05:36.4259905Z       "scope": "MOCK_ONLY"
2026-10-09T16:05:36.4260107Z     },
2026-10-09T16:05:36.4260270Z     {
2026-10-09T16:05:36.4260434Z       "checks": [
2026-10-09T16:05:36.4260626Z         "fixed_expiry",
2026-10-09T16:05:36.4260844Z         "heartbeat_does_not_extend",
2026-10-09T16:05:36.4261100Z         "expired_request_rejected"
2026-10-09T16:05:36.4261331Z       ],
2026-10-09T16:05:36.4261508Z       "elapsed_ms": 11.485,
2026-10-09T16:05:36.4261870Z       "error_code": null,
2026-10-09T16:05:36.4262082Z       "id": "A23",
2026-10-09T16:05:36.4262280Z       "name": "Expired session",
2026-10-09T16:05:36.4262525Z       "native_status": "LOCAL_REQUIRED",
2026-10-09T16:05:36.4262778Z       "outcome": "PASS",
2026-10-09T16:05:36.4262989Z       "scope": "MOCK_ONLY"
2026-10-09T16:05:36.4263198Z     },
2026-10-09T16:05:36.4263358Z     {
2026-10-09T16:05:36.4263521Z       "checks": [
2026-10-09T16:05:36.4263715Z         "offline_peer_isolated",
2026-10-09T16:05:36.4263957Z         "no_application_failure"
2026-10-09T16:05:36.4264195Z       ],
2026-10-09T16:05:36.4264379Z       "elapsed_ms": 0.501,
2026-10-09T16:05:36.4264598Z       "error_code": null,
2026-10-09T16:05:36.4264804Z       "id": "A24",
2026-10-09T16:05:36.4264997Z       "name": "Offline",
2026-10-09T16:05:36.4265220Z       "native_status": "LOCAL_REQUIRED",
2026-10-09T16:05:36.4265474Z       "outcome": "PASS",
2026-10-09T16:05:36.4265683Z       "scope": "MOCK_ONLY"
2026-10-09T16:05:36.4265883Z     }
2026-10-09T16:05:36.4266047Z   ],
2026-10-09T16:05:36.4266401Z   "scope": "Desktop preparation contract harness; real Desktop acceptance LOCAL_REQUIRED",
2026-10-09T16:05:36.4266832Z   "summary": {
2026-10-09T16:05:36.4267013Z     "FAIL": 0,
2026-10-09T16:05:36.4267190Z     "NOT_RUN": 1,
2026-10-09T16:05:36.4267373Z     "PASS": 23
2026-10-09T16:05:36.4267548Z   }
2026-10-09T16:05:36.4267712Z }
2026-10-09T16:05:36.4504361Z ##[group]Run python .github/ci/receipt.py "$CI_RECEIPTS"
2026-10-09T16:05:36.4504974Z [36;1mpython .github/ci/receipt.py "$CI_RECEIPTS"[0m
2026-10-09T16:05:36.4567270Z shell: /usr/bin/bash -e {0}
2026-10-09T16:05:36.4567523Z env:
2026-10-09T16:05:36.4567724Z   MOCK_PROVIDER: true
2026-10-09T16:05:36.4567951Z   ENABLE_CLOUD: false
2026-10-09T16:05:36.4568182Z   CREDENTIAL_VAULT_BACKEND: memory
2026-10-09T16:05:36.4568709Z   CREDENTIAL_VAULT_ALLOW_MEMORY_FALLBACK: true
2026-10-09T16:05:36.4569010Z   HF_HUB_OFFLINE: 1
2026-10-09T16:05:36.4569224Z   TRANSFORMERS_OFFLINE: 1
2026-10-09T16:05:36.4569531Z   pythonLocation: /opt/hostedtoolcache/Python/3.12.9/x64
2026-10-09T16:05:36.4569988Z   PKG_CONFIG_PATH: /opt/hostedtoolcache/Python/3.12.9/x64/lib/pkgconfig
2026-10-09T16:05:36.4570430Z   Python_ROOT_DIR: /opt/hostedtoolcache/Python/3.12.9/x64
2026-10-09T16:05:36.4570827Z   Python2_ROOT_DIR: /opt/hostedtoolcache/Python/3.12.9/x64
2026-10-09T16:05:36.4571257Z   Python3_ROOT_DIR: /opt/hostedtoolcache/Python/3.12.9/x64
2026-10-09T16:05:36.4571664Z   LD_LIBRARY_PATH: /opt/hostedtoolcache/Python/3.12.9/x64/lib
2026-10-09T16:05:36.4572063Z   CI_COVERAGE_SHA: 02a3f6e9908f785a308a4605e362f8876aed4d8b
2026-10-09T16:05:36.4572448Z   CI_COVERAGE_TREE: cd6989a19e5fd5e2400f2325fe696cae03d8eda7
2026-10-09T16:05:36.4572876Z   CI_SANDBOX: /home/runner/work/_temp/novel-ci-local-interop.h4Zzk3
2026-10-09T16:05:36.4573365Z   CI_PROJECT: /home/runner/work/_temp/novel-ci-local-interop.h4Zzk3/project
2026-10-09T16:05:36.4573888Z   CI_RECEIPTS: /home/runner/work/_temp/novel-ci-local-interop.h4Zzk3/receipts
2026-10-09T16:05:36.4574380Z   HOME: /home/runner/work/_temp/novel-ci-local-interop.h4Zzk3/home
2026-10-09T16:05:36.4574865Z   USERPROFILE: /home/runner/work/_temp/novel-ci-local-interop.h4Zzk3/home
2026-10-09T16:05:36.4575370Z   APPDATA: /home/runner/work/_temp/novel-ci-local-interop.h4Zzk3/appdata
2026-10-09T16:05:36.4575913Z   LOCALAPPDATA: /home/runner/work/_temp/novel-ci-local-interop.h4Zzk3/localappdata
2026-10-09T16:05:36.4576443Z   XDG_CONFIG_HOME: /home/runner/work/_temp/novel-ci-local-interop.h4Zzk3/config
2026-10-09T16:05:36.4576946Z   XDG_CACHE_HOME: /home/runner/work/_temp/novel-ci-local-interop.h4Zzk3/cache
2026-10-09T16:05:36.4577424Z   XDG_DATA_HOME: /home/runner/work/_temp/novel-ci-local-interop.h4Zzk3/data
2026-10-09T16:05:36.4577900Z   XDG_STATE_HOME: /home/runner/work/_temp/novel-ci-local-interop.h4Zzk3/state
2026-10-09T16:05:36.4578595Z   TMPDIR: /home/runner/work/_temp/novel-ci-local-interop.h4Zzk3/tmp
2026-10-09T16:05:36.4579044Z   TMP: /home/runner/work/_temp/novel-ci-local-interop.h4Zzk3/tmp
2026-10-09T16:05:36.4579462Z   TEMP: /home/runner/work/_temp/novel-ci-local-interop.h4Zzk3/tmp
2026-10-09T16:05:36.4579916Z   PROJECT_ROOT: /home/runner/work/_temp/novel-ci-local-interop.h4Zzk3/project
2026-10-09T16:05:36.4580431Z   NOVEL_DATA_PATH: /home/runner/work/_temp/novel-ci-local-interop.h4Zzk3/data/novels
2026-10-09T16:05:36.4580968Z   BACKUP_PATH: /home/runner/work/_temp/novel-ci-local-interop.h4Zzk3/data/backups
2026-10-09T16:05:36.4581550Z   DATABASE_BACKUP_PATH: /home/runner/work/_temp/novel-ci-local-interop.h4Zzk3/data/database-backups
2026-10-09T16:05:36.4582183Z   KNOWLEDGE_SOURCE_PATH: /home/runner/work/_temp/novel-ci-local-interop.h4Zzk3/data/novels
2026-10-09T16:05:36.4582604Z ##[endgroup]
2026-10-09T16:05:36.4969382Z {
2026-10-09T16:05:36.4971665Z   "revision": "checked_out_sha=02a3f6e9908f785a308a4605e362f8876aed4d8b\nevent_sha=02a3f6e9908f785a308a4605e362f8876aed4d8b\nrun_url=https://github.com/1785235376-blip/AI-Novel-Studio/actions/runs/37954826046\njob=local-interop\nplatform=Linux; native Windows host/AppContainer/installer=NOT RUN\n",
2026-10-09T16:05:36.4973525Z   "test_reports": {
2026-10-09T16:05:36.4973845Z     "local-interop.xml": {
2026-10-09T16:05:36.4974175Z       "tests": 413,
2026-10-09T16:05:36.4974477Z       "failures": 0,
2026-10-09T16:05:36.4974774Z       "errors": 0,
2026-10-09T16:05:36.4975057Z       "skipped": 68
2026-10-09T16:05:36.4975390Z     }
2026-10-09T16:05:36.4976008Z   },
2026-10-09T16:05:36.4976297Z   "report_status": "RECORDED",
2026-10-09T16:05:36.4976907Z   "native_windows_host_appcontainer_installer": "NOT RUN",
2026-10-09T16:05:36.4977436Z   "real_model_and_paid_provider_execution": "NOT RUN"
2026-10-09T16:05:36.4977848Z }
2026-10-09T16:05:36.4977986Z 
2026-10-09T16:05:36.5076549Z ##[group]Run actions/upload-artifact@v4.6.2
2026-10-09T16:05:36.5076848Z with:
2026-10-09T16:05:36.5077154Z   name: local-interop-postgres-02a3f6e9908f785a308a4605e362f8876aed4d8b
2026-10-09T16:05:36.5077645Z   path: /home/runner/work/_temp/novel-ci-local-interop.h4Zzk3/receipts
2026-10-09T16:05:36.5078009Z   if-no-files-found: error
2026-10-09T16:05:36.5078233Z   retention-days: 14
2026-10-09T16:05:36.5078706Z   compression-level: 6
2026-10-09T16:05:36.5078932Z   overwrite: false
2026-10-09T16:05:36.5079141Z   include-hidden-files: false
2026-10-09T16:05:36.5079368Z env:
2026-10-09T16:05:36.5079543Z   MOCK_PROVIDER: true
2026-10-09T16:05:36.5079751Z   ENABLE_CLOUD: false
2026-10-09T16:05:36.5079961Z   CREDENTIAL_VAULT_BACKEND: memory
2026-10-09T16:05:36.5080263Z   CREDENTIAL_VAULT_ALLOW_MEMORY_FALLBACK: true
2026-10-09T16:05:36.5080562Z   HF_HUB_OFFLINE: 1
2026-10-09T16:05:36.5080765Z   TRANSFORMERS_OFFLINE: 1
2026-10-09T16:05:36.5081085Z   pythonLocation: /opt/hostedtoolcache/Python/3.12.9/x64
2026-10-09T16:05:36.5081502Z   PKG_CONFIG_PATH: /opt/hostedtoolcache/Python/3.12.9/x64/lib/pkgconfig
2026-10-09T16:05:36.5081912Z   Python_ROOT_DIR: /opt/hostedtoolcache/Python/3.12.9/x64
2026-10-09T16:05:36.5082278Z   Python2_ROOT_DIR: /opt/hostedtoolcache/Python/3.12.9/x64
2026-10-09T16:05:36.5082650Z   Python3_ROOT_DIR: /opt/hostedtoolcache/Python/3.12.9/x64
2026-10-09T16:05:36.5083025Z   LD_LIBRARY_PATH: /opt/hostedtoolcache/Python/3.12.9/x64/lib
2026-10-09T16:05:36.5083395Z   CI_COVERAGE_SHA: 02a3f6e9908f785a308a4605e362f8876aed4d8b
2026-10-09T16:05:36.5083763Z   CI_COVERAGE_TREE: cd6989a19e5fd5e2400f2325fe696cae03d8eda7
2026-10-09T16:05:36.5084175Z   CI_SANDBOX: /home/runner/work/_temp/novel-ci-local-interop.h4Zzk3
2026-10-09T16:05:36.5084645Z   CI_PROJECT: /home/runner/work/_temp/novel-ci-local-interop.h4Zzk3/project
2026-10-09T16:05:36.5085154Z   CI_RECEIPTS: /home/runner/work/_temp/novel-ci-local-interop.h4Zzk3/receipts
2026-10-09T16:05:36.5085629Z   HOME: /home/runner/work/_temp/novel-ci-local-interop.h4Zzk3/home
2026-10-09T16:05:36.5086086Z   USERPROFILE: /home/runner/work/_temp/novel-ci-local-interop.h4Zzk3/home
2026-10-09T16:05:36.5086558Z   APPDATA: /home/runner/work/_temp/novel-ci-local-interop.h4Zzk3/appdata
2026-10-09T16:05:36.5087063Z   LOCALAPPDATA: /home/runner/work/_temp/novel-ci-local-interop.h4Zzk3/localappdata
2026-10-09T16:05:36.5087614Z   XDG_CONFIG_HOME: /home/runner/work/_temp/novel-ci-local-interop.h4Zzk3/config
2026-10-09T16:05:36.5088123Z   XDG_CACHE_HOME: /home/runner/work/_temp/novel-ci-local-interop.h4Zzk3/cache
2026-10-09T16:05:36.5088828Z   XDG_DATA_HOME: /home/runner/work/_temp/novel-ci-local-interop.h4Zzk3/data
2026-10-09T16:05:36.5089313Z   XDG_STATE_HOME: /home/runner/work/_temp/novel-ci-local-interop.h4Zzk3/state
2026-10-09T16:05:36.5089778Z   TMPDIR: /home/runner/work/_temp/novel-ci-local-interop.h4Zzk3/tmp
2026-10-09T16:05:36.5090201Z   TMP: /home/runner/work/_temp/novel-ci-local-interop.h4Zzk3/tmp
2026-10-09T16:05:36.5090615Z   TEMP: /home/runner/work/_temp/novel-ci-local-interop.h4Zzk3/tmp
2026-10-09T16:05:36.5091084Z   PROJECT_ROOT: /home/runner/work/_temp/novel-ci-local-interop.h4Zzk3/project
2026-10-09T16:05:36.5091608Z   NOVEL_DATA_PATH: /home/runner/work/_temp/novel-ci-local-interop.h4Zzk3/data/novels
2026-10-09T16:05:36.5092146Z   BACKUP_PATH: /home/runner/work/_temp/novel-ci-local-interop.h4Zzk3/data/backups
2026-10-09T16:05:36.5092731Z   DATABASE_BACKUP_PATH: /home/runner/work/_temp/novel-ci-local-interop.h4Zzk3/data/database-backups
2026-10-09T16:05:36.5093361Z   KNOWLEDGE_SOURCE_PATH: /home/runner/work/_temp/novel-ci-local-interop.h4Zzk3/data/novels
2026-10-09T16:05:36.5093786Z ##[endgroup]
2026-10-09T16:05:36.6838267Z (node:89714) [DEP0040] DeprecationWarning: The `punycode` module is deprecated. Please use a userland alternative instead.
2026-10-09T16:05:36.6840248Z (Use `node --trace-deprecation ...` to show where the warning was created)
2026-10-09T16:05:36.6961085Z With the provided path, there will be 8 files uploaded
2026-10-09T16:05:36.6962318Z Artifact name is valid!
2026-10-09T16:05:36.6962762Z Root directory input is valid!
2026-10-09T16:05:36.8918839Z Beginning upload of artifact content to blob storage
2026-10-09T16:05:36.9286611Z (node:89714) [DEP0169] DeprecationWarning: `url.parse()` behavior is not standardized and prone to errors that have security implications. Use the WHATWG URL API instead. CVEs are not issued for `url.parse()` vulnerabilities.
2026-10-09T16:05:36.9626609Z Uploaded bytes 41557
2026-10-09T16:05:36.9785421Z Finished uploading artifact content to blob storage!
2026-10-09T16:05:36.9786609Z SHA256 digest of uploaded artifact zip is 1e40acd081dd4b810a3c0ebbb4df6446897ec0429bbb0a0367c75ff63b3b2eb0
2026-10-09T16:05:36.9788889Z Finalizing artifact upload
2026-10-09T16:05:37.1718656Z Artifact local-interop-postgres-02a3f6e9908f785a308a4605e362f8876aed4d8b.zip successfully finalized. Artifact ID 11627758714
2026-10-09T16:05:37.1721002Z Artifact local-interop-postgres-02a3f6e9908f785a308a4605e362f8876aed4d8b has been successfully uploaded! Final size is 41557 bytes. Artifact ID is 11627758714
2026-10-09T16:05:37.1725635Z Artifact download URL: https://github.com/1785235376-blip/AI-Novel-Studio/actions/runs/37954826046/artifacts/11627758714
2026-10-09T16:05:37.1904016Z Post job cleanup.
2026-10-09T16:05:37.3194354Z (node:89726) [DEP0040] DeprecationWarning: The `punycode` module is deprecated. Please use a userland alternative instead.
2026-10-09T16:05:37.3195120Z (Use `node --trace-deprecation ...` to show where the warning was created)
2026-10-09T16:05:37.3383180Z Post job cleanup.
2026-10-09T16:05:37.4301440Z [command]/usr/bin/git version
2026-10-09T16:05:37.4344229Z git version 2.55.0
2026-10-09T16:05:37.4384120Z Temporarily overriding HOME='/home/runner/work/_temp/d2b8d0a0-a833-4dbe-b096-23dd7af86b17' before making global git config changes
2026-10-09T16:05:37.4385545Z Adding repository directory to the temporary git global config as a safe directory
2026-10-09T16:05:37.4391640Z [command]/usr/bin/git config --global --add safe.directory /home/runner/work/AI-Novel-Studio/AI-Novel-Studio
2026-10-09T16:05:37.4430124Z [command]/usr/bin/git config --local --name-only --get-regexp core\.sshCommand
2026-10-09T16:05:37.4465242Z [command]/usr/bin/git submodule foreach --recursive sh -c "git config --local --name-only --get-regexp 'core\.sshCommand' && git config --local --unset-all 'core.sshCommand' || :"
2026-10-09T16:05:37.4736016Z [command]/usr/bin/git config --local --name-only --get-regexp http\.https\:\/\/github\.com\/\.extraheader
2026-10-09T16:05:37.4778656Z [command]/usr/bin/git submodule foreach --recursive sh -c "git config --local --name-only --get-regexp 'http\.https\:\/\/github\.com\/\.extraheader' && git config --local --unset-all 'http.https://github.com/.extraheader' || :"
2026-10-09T16:05:37.5255117Z Print service container logs: 9cc8b6773a3d45dd9efaff2a5225b38c_postgres16alpine_435d75
2026-10-09T16:05:37.5260150Z ##[command]/usr/bin/docker logs --details f8f9011fb1dd4a35de10470745a0938a012bbca98801458e2b1683f8bbb268c2
2026-10-09T16:05:37.5403400Z  The files belonging to this database system will be owned by user "postgres".
2026-10-09T16:05:37.5406521Z  sh: locale: not found
2026-10-09T16:05:37.5406972Z  This user must also own the server process.
2026-10-09T16:05:37.5407681Z  2026-10-09 15:52:43.142 UTC [36] WARNING:  no usable system locales were found
2026-10-09T16:05:37.5408769Z  initdb: warning: enabling "trust" authentication for local connections
2026-10-09T16:05:37.5409999Z  initdb: hint: You can change this by editing pg_hba.conf or using the option -A, or --auth-local and --auth-host, the next time you run initdb.
2026-10-09T16:05:37.5411446Z  2026-10-09 15:52:43.960 UTC [1] LOG:  starting PostgreSQL 16.15 on x86_64-pc-linux-musl, compiled by gcc (Alpine 15.2.0) 15.2.0, 64-bit
2026-10-09T16:05:37.5412460Z  2026-10-09 15:52:43.960 UTC [1] LOG:  listening on IPv4 address "0.0.0.0", port 5432
2026-10-09T16:05:37.5412950Z  2026-10-09 15:52:43.960 UTC [1] LOG:  listening on IPv6 address "::", port 5432
2026-10-09T16:05:37.5413492Z  2026-10-09 15:52:43.961 UTC [1] LOG:  listening on Unix socket "/var/run/postgresql/.s.PGSQL.5432"
2026-10-09T16:05:37.5414075Z  2026-10-09 15:52:43.964 UTC [58] LOG:  database system was shut down at 2026-10-09 15:52:43 UTC
2026-10-09T16:05:37.5414628Z  2026-10-09 15:52:43.969 UTC [1] LOG:  database system is ready to accept connections
2026-10-09T16:05:37.5415087Z  2026-10-09 15:57:44.062 UTC [56] LOG:  checkpoint starting: time
2026-10-09T16:05:37.5416181Z  2026-10-09 15:58:23.433 UTC [56] LOG:  checkpoint complete: wrote 396 buffers (2.4%); 0 WAL file(s) added, 0 removed, 0 recycled; write=39.365 s, sync=0.004 s, total=39.371 s; sync files=349, longest=0.001 s, average=0.001 s; distance=2639 kB, estimate=2639 kB; lsn=0/1BE6FA8, redo lsn=0/1BB9D10
2026-10-09T16:05:37.5417568Z  2026-10-09 16:02:44.522 UTC [56] LOG:  checkpoint starting: time
2026-10-09T16:05:37.5419390Z  2026-10-09 16:02:53.650 UTC [56] LOG:  checkpoint complete: wrote 92 buffers (0.6%); 1 WAL file(s) added, 0 removed, 0 recycled; write=9.116 s, sync=0.001 s, total=9.129 s; sync files=58, longest=0.001 s, average=0.001 s; distance=493 kB, estimate=2425 kB; lsn=0/1C39968, redo lsn=0/1C35388
2026-10-09T16:05:37.5420403Z  
2026-10-09T16:05:37.5420686Z  The database cluster will be initialized with locale "en_US.utf8".
2026-10-09T16:05:37.5421137Z  The default database encoding has accordingly been set to "UTF8".
2026-10-09T16:05:37.5421565Z  The default text search configuration will be set to "english".
2026-10-09T16:05:37.5421899Z  
2026-10-09T16:05:37.5422094Z  Data page checksums are disabled.
2026-10-09T16:05:37.5422338Z  
2026-10-09T16:05:37.5422641Z  fixing permissions on existing directory /var/lib/postgresql/data ... ok
2026-10-09T16:05:37.5423045Z  creating subdirectories ... ok
2026-10-09T16:05:37.5423361Z  selecting dynamic shared memory implementation ... posix
2026-10-09T16:05:37.5423713Z  selecting default max_connections ... 100
2026-10-09T16:05:37.5424045Z  selecting default shared_buffers ... 128MB
2026-10-09T16:05:37.5424340Z  selecting default time zone ... UTC
2026-10-09T16:05:37.5424612Z  creating configuration files ... ok
2026-10-09T16:05:37.5424891Z  running bootstrap script ... ok
2026-10-09T16:05:37.5425191Z  performing post-bootstrap initialization ... ok
2026-10-09T16:05:37.5425503Z  syncing data to disk ... ok
2026-10-09T16:05:37.5425733Z  
2026-10-09T16:05:37.5425897Z  
2026-10-09T16:05:37.5426125Z  Success. You can now start the database server using:
2026-10-09T16:05:37.5426422Z  
2026-10-09T16:05:37.5426661Z      pg_ctl -D /var/lib/postgresql/data -l logfile start
2026-10-09T16:05:37.5426964Z  
2026-10-09T16:05:37.5427769Z  waiting for server to start....2026-10-09 15:52:43.689 UTC [42] LOG:  starting PostgreSQL 16.15 on x86_64-pc-linux-musl, compiled by gcc (Alpine 15.2.0) 15.2.0, 64-bit
2026-10-09T16:05:37.5429224Z  2026-10-09 15:52:43.690 UTC [42] LOG:  listening on Unix socket "/var/run/postgresql/.s.PGSQL.5432"
2026-10-09T16:05:37.5429850Z  2026-10-09 15:52:43.692 UTC [45] LOG:  database system was shut down at 2026-10-09 15:52:43 UTC
2026-10-09T16:05:37.5430404Z  2026-10-09 15:52:43.696 UTC [42] LOG:  database system is ready to accept connections
2026-10-09T16:05:37.5430792Z   done
2026-10-09T16:05:37.5430976Z  server started
2026-10-09T16:05:37.5431175Z  CREATE DATABASE
2026-10-09T16:05:37.5431370Z  
2026-10-09T16:05:37.5431535Z  
2026-10-09T16:05:37.5431852Z  /usr/local/bin/docker-entrypoint.sh: ignoring /docker-entrypoint-initdb.d/*
2026-10-09T16:05:37.5432247Z  
2026-10-09T16:05:37.5432610Z  waiting for server to shut down...2026-10-09 15:52:43.838 UTC [42] LOG:  received fast shutdown request
2026-10-09T16:05:37.5433145Z  .2026-10-09 15:52:43.838 UTC [42] LOG:  aborting any active transactions
2026-10-09T16:05:37.5433739Z  2026-10-09 15:52:43.841 UTC [42] LOG:  background worker "logical replication launcher" (PID 48) exited with exit code 1
2026-10-09T16:05:37.5434471Z  2026-10-09 15:52:43.842 UTC [43] LOG:  shutting down
2026-10-09T16:05:37.5434864Z  2026-10-09 15:52:43.842 UTC [43] LOG:  checkpoint starting: shutdown immediate
2026-10-09T16:05:37.5435958Z  2026-10-09 15:52:43.858 UTC [43] LOG:  checkpoint complete: wrote 926 buffers (5.7%); 0 WAL file(s) added, 0 removed, 0 recycled; write=0.012 s, sync=0.003 s, total=0.016 s; sync files=301, longest=0.002 s, average=0.001 s; distance=4283 kB, estimate=4283 kB; lsn=0/1925D60, redo lsn=0/1925D60
2026-10-09T16:05:37.5437019Z  2026-10-09 15:52:43.865 UTC [42] LOG:  database system is shut down
2026-10-09T16:05:37.5437345Z   done
2026-10-09T16:05:37.5437592Z  server stopped
2026-10-09T16:05:37.5437785Z  
2026-10-09T16:05:37.5438020Z  PostgreSQL init process complete; ready for start up.
2026-10-09T16:05:37.5438552Z  
2026-10-09T16:05:37.5444088Z Stop and remove container: 9cc8b6773a3d45dd9efaff2a5225b38c_postgres16alpine_435d75
2026-10-09T16:05:37.5450018Z ##[command]/usr/bin/docker rm --force f8f9011fb1dd4a35de10470745a0938a012bbca98801458e2b1683f8bbb268c2
2026-10-09T16:05:38.1652612Z f8f9011fb1dd4a35de10470745a0938a012bbca98801458e2b1683f8bbb268c2
2026-10-09T16:05:38.1684755Z Remove container network: github_network_68887a8f1cd540d88e81e4ce4bece708
2026-10-09T16:05:38.1690697Z ##[command]/usr/bin/docker network rm github_network_68887a8f1cd540d88e81e4ce4bece708
2026-10-09T16:05:38.2623413Z github_network_68887a8f1cd540d88e81e4ce4bece708
2026-10-09T16:05:38.2697046Z Cleaning up orphan processes
2026-10-09T16:05:38.3121989Z ##[warning]Node.js 20 is deprecated. The following actions target Node.js 20 but are being forced to run on Node.js 24: actions/checkout@v4.2.2, actions/setup-python@v5.6.0, actions/upload-artifact@v4.6.2. For more information see: https://github.blog/changelog/2025-09-19-deprecation-of-node-20-on-github-actions-runners/
