2026-10-09T15:52:24.2300135Z Current runner version: '2.337.0'
2026-10-09T15:52:24.2320575Z ##[group]Runner Image Provisioner
2026-10-09T15:52:24.2321310Z Hosted Compute Agent
2026-10-09T15:52:24.2321935Z Version: 20261002.596
2026-10-09T15:52:24.2322454Z Commit: c3d12f3313a95f25162a1503be624f3b0617f8c0
2026-10-09T15:52:24.2323030Z Build Date: 2026-10-02T22:28:27Z
2026-10-09T15:52:24.2323646Z Worker ID: {bc0059e9-314e-4afc-b008-d11a68ad8956}
2026-10-09T15:52:24.2324230Z Region: westcentralus
2026-10-09T15:52:24.2324718Z Cloud: Azure
2026-10-09T15:52:24.2325199Z ##[endgroup]
2026-10-09T15:52:24.2326204Z ##[group]Operating System
2026-10-09T15:52:24.2326806Z Ubuntu
2026-10-09T15:52:24.2327241Z 24.04.5
2026-10-09T15:52:24.2327698Z LTS
2026-10-09T15:52:24.2328191Z ##[endgroup]
2026-10-09T15:52:24.2328826Z ##[group]Runner Image
2026-10-09T15:52:24.2329359Z Image: ubuntu-24.04
2026-10-09T15:52:24.2329833Z Version: 20261004.327.1
2026-10-09T15:52:24.2330929Z Included Software: https://github.com/actions/runner-images/blob/ubuntu24/20261004.327/images/ubuntu/Ubuntu2404-Readme.md
2026-10-09T15:52:24.2332163Z Image Release: https://github.com/actions/runner-images/releases/tag/ubuntu24%2F20261004.327
2026-10-09T15:52:24.2332985Z ##[endgroup]
2026-10-09T15:52:24.2333919Z ##[group]GITHUB_TOKEN Permissions
2026-10-09T15:52:24.2335462Z Contents: read
2026-10-09T15:52:24.2335947Z Metadata: read
2026-10-09T15:52:24.2336389Z ##[endgroup]
2026-10-09T15:52:24.2338101Z Secret source: Actions
2026-10-09T15:52:24.2339099Z Cache mode: write
2026-10-09T15:52:24.2339754Z Prepare workflow directory
2026-10-09T15:52:24.2792861Z The service 'postgres' will not be started because the container definition has an empty image.
2026-10-09T15:52:24.2816956Z Prepare all required actions
2026-10-09T15:52:24.2854436Z Getting action download info
2026-10-09T15:52:24.5404004Z Download action repository 'actions/checkout@v4.2.2' (SHA:11bd71901bbe5b1630ceea73d27597364c9af683)
2026-10-09T15:52:24.6670211Z Download action repository 'actions/setup-python@v5.6.0' (SHA:a26af69be951a213d495a4c3e4e4022e16d87065)
2026-10-09T15:52:24.7662710Z Download action repository 'actions/upload-artifact@v4.6.2' (SHA:ea165f8d65b6e75b540449e92b4886f43607fa02)
2026-10-09T15:52:24.9734185Z Complete job name: Protocol and local transport / file
2026-10-09T15:52:25.0298583Z ##[group]Run actions/checkout@v4.2.2
2026-10-09T15:52:25.0299414Z with:
2026-10-09T15:52:25.0299764Z   persist-credentials: false
2026-10-09T15:52:25.0300196Z   repository: 1785235376-blip/AI-Novel-Studio
2026-10-09T15:52:25.0303266Z   token: ***
2026-10-09T15:52:25.0303602Z   ssh-strict: true
2026-10-09T15:52:25.0303945Z   ssh-user: git
2026-10-09T15:52:25.0304273Z   clean: true
2026-10-09T15:52:25.0304619Z   sparse-checkout-cone-mode: true
2026-10-09T15:52:25.0305019Z   fetch-depth: 1
2026-10-09T15:52:25.0305353Z   fetch-tags: false
2026-10-09T15:52:25.0305694Z   show-progress: true
2026-10-09T15:52:25.0306041Z   lfs: false
2026-10-09T15:52:25.0306356Z   submodules: false
2026-10-09T15:52:25.0306709Z   set-safe-directory: true
2026-10-09T15:52:25.0307248Z env:
2026-10-09T15:52:25.0307561Z   MOCK_PROVIDER: true
2026-10-09T15:52:25.0307908Z   ENABLE_CLOUD: false
2026-10-09T15:52:25.0308275Z   CREDENTIAL_VAULT_BACKEND: memory
2026-10-09T15:52:25.0308858Z   CREDENTIAL_VAULT_ALLOW_MEMORY_FALLBACK: true
2026-10-09T15:52:25.0309307Z   HF_HUB_OFFLINE: 1
2026-10-09T15:52:25.0309654Z   TRANSFORMERS_OFFLINE: 1
2026-10-09T15:52:25.0310011Z ##[endgroup]
2026-10-09T15:52:25.1106791Z Syncing repository: 1785235376-blip/AI-Novel-Studio
2026-10-09T15:52:25.1108921Z ##[group]Getting Git version info
2026-10-09T15:52:25.1109883Z Working directory is '/home/runner/work/AI-Novel-Studio/AI-Novel-Studio'
2026-10-09T15:52:25.1111199Z [command]/usr/bin/git version
2026-10-09T15:52:25.1202507Z git version 2.55.0
2026-10-09T15:52:25.1218520Z ##[endgroup]
2026-10-09T15:52:25.1230240Z Temporarily overriding HOME='/home/runner/work/_temp/854a2e82-2408-4d2f-bc9a-b496a0379a3f' before making global git config changes
2026-10-09T15:52:25.1232072Z Adding repository directory to the temporary git global config as a safe directory
2026-10-09T15:52:25.1234660Z [command]/usr/bin/git config --global --add safe.directory /home/runner/work/AI-Novel-Studio/AI-Novel-Studio
2026-10-09T15:52:25.1278270Z Deleting the contents of '/home/runner/work/AI-Novel-Studio/AI-Novel-Studio'
2026-10-09T15:52:25.1282385Z ##[group]Initializing the repository
2026-10-09T15:52:25.1284996Z [command]/usr/bin/git init /home/runner/work/AI-Novel-Studio/AI-Novel-Studio
2026-10-09T15:52:25.1374931Z hint: Using 'master' as the name for the initial branch. This default branch name
2026-10-09T15:52:25.1376246Z hint: will change to "main" in Git 3.0. To configure the initial branch name
2026-10-09T15:52:25.1379842Z hint: to use in all of your new repositories, which will suppress this warning,
2026-10-09T15:52:25.1380783Z hint: call:
2026-10-09T15:52:25.1381162Z hint:
2026-10-09T15:52:25.1381587Z hint: 	git config --global init.defaultBranch <name>
2026-10-09T15:52:25.1382377Z hint:
2026-10-09T15:52:25.1382944Z hint: Names commonly chosen instead of 'master' are 'main', 'trunk' and
2026-10-09T15:52:25.1383811Z hint: 'development'. The just-created branch can be renamed via this command:
2026-10-09T15:52:25.1384377Z hint:
2026-10-09T15:52:25.1384725Z hint: 	git branch -m <name>
2026-10-09T15:52:25.1385104Z hint:
2026-10-09T15:52:25.1385590Z hint: Disable this message with "git config set advice.defaultBranchName false"
2026-10-09T15:52:25.1386429Z Initialized empty Git repository in /home/runner/work/AI-Novel-Studio/AI-Novel-Studio/.git/
2026-10-09T15:52:25.1388111Z [command]/usr/bin/git remote add origin https://github.com/1785235376-blip/AI-Novel-Studio
2026-10-09T15:52:25.1435048Z ##[endgroup]
2026-10-09T15:52:25.1435971Z ##[group]Disabling automatic garbage collection
2026-10-09T15:52:25.1440883Z [command]/usr/bin/git config --local gc.auto 0
2026-10-09T15:52:25.1465024Z ##[endgroup]
2026-10-09T15:52:25.1465953Z ##[group]Setting up auth
2026-10-09T15:52:25.1473402Z [command]/usr/bin/git config --local --name-only --get-regexp core\.sshCommand
2026-10-09T15:52:25.1502863Z [command]/usr/bin/git submodule foreach --recursive sh -c "git config --local --name-only --get-regexp 'core\.sshCommand' && git config --local --unset-all 'core.sshCommand' || :"
2026-10-09T15:52:25.1835877Z [command]/usr/bin/git config --local --name-only --get-regexp http\.https\:\/\/github\.com\/\.extraheader
2026-10-09T15:52:25.1865584Z [command]/usr/bin/git submodule foreach --recursive sh -c "git config --local --name-only --get-regexp 'http\.https\:\/\/github\.com\/\.extraheader' && git config --local --unset-all 'http.https://github.com/.extraheader' || :"
2026-10-09T15:52:25.2061579Z [command]/usr/bin/git config --local http.https://github.com/.extraheader AUTHORIZATION: basic ***
2026-10-09T15:52:25.2097424Z ##[endgroup]
2026-10-09T15:52:25.2098350Z ##[group]Fetching the repository
2026-10-09T15:52:25.2105838Z [command]/usr/bin/git -c protocol.version=2 fetch --no-tags --prune --no-recurse-submodules --depth=1 origin +02a3f6e9908f785a308a4605e362f8876aed4d8b:refs/remotes/pull/47/merge
2026-10-09T15:52:29.8815326Z From https://github.com/1785235376-blip/AI-Novel-Studio
2026-10-09T15:52:29.8817437Z  * [new ref]         02a3f6e9908f785a308a4605e362f8876aed4d8b -> pull/47/merge
2026-10-09T15:52:29.8821772Z ##[endgroup]
2026-10-09T15:52:29.8823216Z ##[group]Determining the checkout info
2026-10-09T15:52:29.8824629Z ##[endgroup]
2026-10-09T15:52:29.8828321Z [command]/usr/bin/git sparse-checkout disable
2026-10-09T15:52:29.8876664Z [command]/usr/bin/git config --local --unset-all extensions.worktreeConfig
2026-10-09T15:52:29.8904362Z ##[group]Checking out the ref
2026-10-09T15:52:29.8907433Z [command]/usr/bin/git checkout --progress --force refs/remotes/pull/47/merge
2026-10-09T15:52:30.4462662Z Note: switching to 'refs/remotes/pull/47/merge'.
2026-10-09T15:52:30.4463049Z 
2026-10-09T15:52:30.4463249Z You are in 'detached HEAD' state. You can look around, make experimental
2026-10-09T15:52:30.4463715Z changes and commit them, and you can discard any commits you make in this
2026-10-09T15:52:30.4464456Z state without impacting any branches by switching back to a branch.
2026-10-09T15:52:30.4464731Z 
2026-10-09T15:52:30.4464958Z If you want to create a new branch to retain commits you create, you may
2026-10-09T15:52:30.4465376Z do so (now or later) by using -c with the switch command. Example:
2026-10-09T15:52:30.4465600Z 
2026-10-09T15:52:30.4465712Z   git switch -c <new-branch-name>
2026-10-09T15:52:30.4465876Z 
2026-10-09T15:52:30.4466015Z Or undo this operation with:
2026-10-09T15:52:30.4466204Z 
2026-10-09T15:52:30.4466299Z   git switch -
2026-10-09T15:52:30.4466470Z 
2026-10-09T15:52:30.4466733Z Turn off this advice by setting config variable advice.detachedHead to false
2026-10-09T15:52:30.4467003Z 
2026-10-09T15:52:30.4467308Z HEAD is now at 02a3f6e Merge 9851bdd2d692df983664bc8f4597fbc05c0e2ceb into fed2404c8e30b44061b7139dced45b7f3301601c
2026-10-09T15:52:30.4540200Z ##[endgroup]
2026-10-09T15:52:30.4542764Z [command]/usr/bin/git log -1 --format=%H
2026-10-09T15:52:30.4565142Z 02a3f6e9908f785a308a4605e362f8876aed4d8b
2026-10-09T15:52:30.4572564Z ##[group]Removing auth
2026-10-09T15:52:30.4575464Z [command]/usr/bin/git config --local --name-only --get-regexp core\.sshCommand
2026-10-09T15:52:30.4603014Z [command]/usr/bin/git submodule foreach --recursive sh -c "git config --local --name-only --get-regexp 'core\.sshCommand' && git config --local --unset-all 'core.sshCommand' || :"
2026-10-09T15:52:30.4793452Z [command]/usr/bin/git config --local --name-only --get-regexp http\.https\:\/\/github\.com\/\.extraheader
2026-10-09T15:52:30.4818411Z http.https://github.com/.extraheader
2026-10-09T15:52:30.4823805Z [command]/usr/bin/git config --local --unset-all http.https://github.com/.extraheader
2026-10-09T15:52:30.4852624Z [command]/usr/bin/git submodule foreach --recursive sh -c "git config --local --name-only --get-regexp 'http\.https\:\/\/github\.com\/\.extraheader' && git config --local --unset-all 'http.https://github.com/.extraheader' || :"
2026-10-09T15:52:30.5037721Z ##[endgroup]
2026-10-09T15:52:30.5234808Z ##[group]Run actions/setup-python@v5.6.0
2026-10-09T15:52:30.5235100Z with:
2026-10-09T15:52:30.5235311Z   python-version: 3.12.9
2026-10-09T15:52:30.5235546Z   check-latest: false
2026-10-09T15:52:30.5237577Z   token: ***
2026-10-09T15:52:30.5237790Z   update-environment: true
2026-10-09T15:52:30.5238026Z   allow-prereleases: false
2026-10-09T15:52:30.5238261Z   freethreaded: false
2026-10-09T15:52:30.5238479Z env:
2026-10-09T15:52:30.5238880Z   MOCK_PROVIDER: true
2026-10-09T15:52:30.5239103Z   ENABLE_CLOUD: false
2026-10-09T15:52:30.5239329Z   CREDENTIAL_VAULT_BACKEND: memory
2026-10-09T15:52:30.5239599Z   CREDENTIAL_VAULT_ALLOW_MEMORY_FALLBACK: true
2026-10-09T15:52:30.5239873Z   HF_HUB_OFFLINE: 1
2026-10-09T15:52:30.5240088Z   TRANSFORMERS_OFFLINE: 1
2026-10-09T15:52:30.5240309Z ##[endgroup]
2026-10-09T15:52:30.6243529Z ##[group]Installed versions
2026-10-09T15:52:30.6259839Z Version 3.12.9 was not found in the local cache
2026-10-09T15:52:30.6355026Z (node:2195) [DEP0040] DeprecationWarning: The `punycode` module is deprecated. Please use a userland alternative instead.
2026-10-09T15:52:30.6356020Z (Use `node --trace-deprecation ...` to show where the warning was created)
2026-10-09T15:52:33.0702594Z Version 3.12.9 is available for downloading
2026-10-09T15:52:33.0703936Z Download from "https://github.com/actions/python-versions/releases/download/3.12.9-13149478207/python-3.12.9-linux-24.04-x64.tar.gz"
2026-10-09T15:52:33.9101133Z Extract downloaded archive
2026-10-09T15:52:33.9216210Z [command]/usr/bin/tar xz --warning=no-unknown-keyword --overwrite -C /home/runner/work/_temp/b3817c0e-c16e-4b8b-9515-8708d1ce0bf5 -f /home/runner/work/_temp/14b98cf9-3135-48fb-8740-0146fa1ca187
2026-10-09T15:52:35.6430674Z Execute installation script
2026-10-09T15:52:35.6514584Z Check if Python hostedtoolcache folder exist...
2026-10-09T15:52:35.6515199Z Create Python 3.12.9 folder
2026-10-09T15:52:35.6527412Z Copy Python binaries to hostedtoolcache folder
2026-10-09T15:52:36.0276612Z Create additional symlinks (Required for the UsePythonVersion Azure Pipelines task and the setup-python GitHub Action)
2026-10-09T15:52:36.0312095Z Upgrading pip...
2026-10-09T15:52:37.8293893Z Looking in links: /tmp/tmp88zo05db
2026-10-09T15:52:37.8296222Z Requirement already satisfied: pip in /opt/hostedtoolcache/Python/3.12.9/x64/lib/python3.12/site-packages (24.3.1)
2026-10-09T15:52:38.7682947Z Collecting pip
2026-10-09T15:52:38.8440517Z Downloading pip-26.2.1-py3-none-any.whl.metadata (4.6 kB)
2026-10-09T15:52:38.8673770Z Downloading pip-26.2.1-py3-none-any.whl (1.8 MB)
2026-10-09T15:52:38.9942924Z ━━━━━━━━━━━━━━━━━━━━━━━━━━━━━━━━━━━━━━━━ 1.8/1.8 MB 21.2 MB/s eta 0:00:00
2026-10-09T15:52:38.9943350Z 
2026-10-09T15:52:39.0096489Z Installing collected packages: pip
2026-10-09T15:52:39.0097224Z Attempting uninstall: pip
2026-10-09T15:52:39.0114513Z Found existing installation: pip 24.3.1
2026-10-09T15:52:39.0370436Z Uninstalling pip-24.3.1:
2026-10-09T15:52:39.0414460Z Successfully uninstalled pip-24.3.1
2026-10-09T15:52:39.7596589Z Successfully installed pip-26.2.1
2026-10-09T15:52:39.8023602Z Create complete file
2026-10-09T15:52:39.8056760Z Successfully set up CPython (3.12.9)
2026-10-09T15:52:39.8057500Z ##[endgroup]
2026-10-09T15:52:39.8207487Z ##[group]Run bash .github/ci/prepare.sh local-interop
2026-10-09T15:52:39.8207877Z [36;1mbash .github/ci/prepare.sh local-interop[0m
2026-10-09T15:52:39.8445382Z shell: /usr/bin/bash -e {0}
2026-10-09T15:52:39.8445643Z env:
2026-10-09T15:52:39.8445824Z   MOCK_PROVIDER: true
2026-10-09T15:52:39.8446053Z   ENABLE_CLOUD: false
2026-10-09T15:52:39.8446255Z   CREDENTIAL_VAULT_BACKEND: memory
2026-10-09T15:52:39.8446490Z   CREDENTIAL_VAULT_ALLOW_MEMORY_FALLBACK: true
2026-10-09T15:52:39.8446722Z   HF_HUB_OFFLINE: 1
2026-10-09T15:52:39.8446896Z   TRANSFORMERS_OFFLINE: 1
2026-10-09T15:52:39.8447142Z   pythonLocation: /opt/hostedtoolcache/Python/3.12.9/x64
2026-10-09T15:52:39.8447487Z   PKG_CONFIG_PATH: /opt/hostedtoolcache/Python/3.12.9/x64/lib/pkgconfig
2026-10-09T15:52:39.8447837Z   Python_ROOT_DIR: /opt/hostedtoolcache/Python/3.12.9/x64
2026-10-09T15:52:39.8448126Z   Python2_ROOT_DIR: /opt/hostedtoolcache/Python/3.12.9/x64
2026-10-09T15:52:39.8448458Z   Python3_ROOT_DIR: /opt/hostedtoolcache/Python/3.12.9/x64
2026-10-09T15:52:39.8448933Z   LD_LIBRARY_PATH: /opt/hostedtoolcache/Python/3.12.9/x64/lib
2026-10-09T15:52:39.8449201Z ##[endgroup]
2026-10-09T15:52:40.4818081Z ##[group]Run python -m pip install -c .github/ci/python-constraints.txt -e '.[dev]'
2026-10-09T15:52:40.4818572Z [36;1mpython -m pip install -c .github/ci/python-constraints.txt -e '.[dev]'[0m
2026-10-09T15:52:40.4877477Z shell: /usr/bin/bash -e {0}
2026-10-09T15:52:40.4877688Z env:
2026-10-09T15:52:40.4877851Z   MOCK_PROVIDER: true
2026-10-09T15:52:40.4878029Z   ENABLE_CLOUD: false
2026-10-09T15:52:40.4878215Z   CREDENTIAL_VAULT_BACKEND: memory
2026-10-09T15:52:40.4878447Z   CREDENTIAL_VAULT_ALLOW_MEMORY_FALLBACK: true
2026-10-09T15:52:40.4878827Z   HF_HUB_OFFLINE: 1
2026-10-09T15:52:40.4879034Z   TRANSFORMERS_OFFLINE: 1
2026-10-09T15:52:40.4879282Z   pythonLocation: /opt/hostedtoolcache/Python/3.12.9/x64
2026-10-09T15:52:40.4879607Z   PKG_CONFIG_PATH: /opt/hostedtoolcache/Python/3.12.9/x64/lib/pkgconfig
2026-10-09T15:52:40.4879930Z   Python_ROOT_DIR: /opt/hostedtoolcache/Python/3.12.9/x64
2026-10-09T15:52:40.4880226Z   Python2_ROOT_DIR: /opt/hostedtoolcache/Python/3.12.9/x64
2026-10-09T15:52:40.4880557Z   Python3_ROOT_DIR: /opt/hostedtoolcache/Python/3.12.9/x64
2026-10-09T15:52:40.4880852Z   LD_LIBRARY_PATH: /opt/hostedtoolcache/Python/3.12.9/x64/lib
2026-10-09T15:52:40.4881148Z   CI_COVERAGE_SHA: 02a3f6e9908f785a308a4605e362f8876aed4d8b
2026-10-09T15:52:40.4881433Z   CI_COVERAGE_TREE: cd6989a19e5fd5e2400f2325fe696cae03d8eda7
2026-10-09T15:52:40.4881746Z   CI_SANDBOX: /home/runner/work/_temp/novel-ci-local-interop.IvEajw
2026-10-09T15:52:40.4882097Z   CI_PROJECT: /home/runner/work/_temp/novel-ci-local-interop.IvEajw/project
2026-10-09T15:52:40.4882482Z   CI_RECEIPTS: /home/runner/work/_temp/novel-ci-local-interop.IvEajw/receipts
2026-10-09T15:52:40.4882985Z   HOME: /home/runner/work/_temp/novel-ci-local-interop.IvEajw/home
2026-10-09T15:52:40.4883335Z   USERPROFILE: /home/runner/work/_temp/novel-ci-local-interop.IvEajw/home
2026-10-09T15:52:40.4883705Z   APPDATA: /home/runner/work/_temp/novel-ci-local-interop.IvEajw/appdata
2026-10-09T15:52:40.4884097Z   LOCALAPPDATA: /home/runner/work/_temp/novel-ci-local-interop.IvEajw/localappdata
2026-10-09T15:52:40.4884497Z   XDG_CONFIG_HOME: /home/runner/work/_temp/novel-ci-local-interop.IvEajw/config
2026-10-09T15:52:40.4884880Z   XDG_CACHE_HOME: /home/runner/work/_temp/novel-ci-local-interop.IvEajw/cache
2026-10-09T15:52:40.4885254Z   XDG_DATA_HOME: /home/runner/work/_temp/novel-ci-local-interop.IvEajw/data
2026-10-09T15:52:40.4885620Z   XDG_STATE_HOME: /home/runner/work/_temp/novel-ci-local-interop.IvEajw/state
2026-10-09T15:52:40.4885968Z   TMPDIR: /home/runner/work/_temp/novel-ci-local-interop.IvEajw/tmp
2026-10-09T15:52:40.4886310Z   TMP: /home/runner/work/_temp/novel-ci-local-interop.IvEajw/tmp
2026-10-09T15:52:40.4886633Z   TEMP: /home/runner/work/_temp/novel-ci-local-interop.IvEajw/tmp
2026-10-09T15:52:40.4886978Z   PROJECT_ROOT: /home/runner/work/_temp/novel-ci-local-interop.IvEajw/project
2026-10-09T15:52:40.4887374Z   NOVEL_DATA_PATH: /home/runner/work/_temp/novel-ci-local-interop.IvEajw/data/novels
2026-10-09T15:52:40.4887782Z   BACKUP_PATH: /home/runner/work/_temp/novel-ci-local-interop.IvEajw/data/backups
2026-10-09T15:52:40.4888222Z   DATABASE_BACKUP_PATH: /home/runner/work/_temp/novel-ci-local-interop.IvEajw/data/database-backups
2026-10-09T15:52:40.4888869Z   KNOWLEDGE_SOURCE_PATH: /home/runner/work/_temp/novel-ci-local-interop.IvEajw/data/novels
2026-10-09T15:52:40.4889224Z ##[endgroup]
2026-10-09T15:52:40.8833585Z Obtaining file:///home/runner/work/_temp/novel-ci-local-interop.IvEajw/project
2026-10-09T15:52:40.8846136Z   Installing build dependencies: started
2026-10-09T15:52:41.6142126Z   Installing build dependencies: finished with status 'done'
2026-10-09T15:52:41.6147720Z   Checking if build backend supports build_editable: started
2026-10-09T15:52:41.8633328Z   Checking if build backend supports build_editable: finished with status 'done'
2026-10-09T15:52:41.8639840Z   Getting requirements to build editable: started
2026-10-09T15:52:42.1625313Z   Getting requirements to build editable: finished with status 'done'
2026-10-09T15:52:42.1633427Z   Preparing editable metadata (pyproject.toml): started
2026-10-09T15:52:42.3333851Z   Preparing editable metadata (pyproject.toml): finished with status 'done'
2026-10-09T15:52:42.4697612Z Collecting fastapi<1,>=0.115 (from ai-novel-studio==0.7.0)
2026-10-09T15:52:42.5531125Z   Downloading fastapi-0.142.2-py3-none-any.whl.metadata (27 kB)
2026-10-09T15:52:42.5971502Z Collecting uvicorn<1,>=0.30 (from ai-novel-studio==0.7.0)
2026-10-09T15:52:42.6158145Z   Downloading uvicorn-0.54.0-py3-none-any.whl.metadata (6.6 kB)
2026-10-09T15:52:42.6450209Z Collecting psycopg<4,>=3.2 (from psycopg[binary]<4,>=3.2->ai-novel-studio==0.7.0)
2026-10-09T15:52:42.6639796Z   Downloading psycopg-3.3.6-py3-none-any.whl.metadata (4.4 kB)
2026-10-09T15:52:42.9495419Z Collecting sqlalchemy<3,>=2.0 (from ai-novel-studio==0.7.0)
2026-10-09T15:52:42.9715535Z   Downloading sqlalchemy-2.1.3-cp312-cp312-manylinux2014_x86_64.manylinux_2_17_x86_64.manylinux_2_28_x86_64.whl.metadata (9.7 kB)
2026-10-09T15:52:43.0053574Z Collecting httpx<1,>=0.27 (from ai-novel-studio==0.7.0)
2026-10-09T15:52:43.0242180Z   Downloading httpx-0.28.1-py3-none-any.whl.metadata (7.1 kB)
2026-10-09T15:52:43.1198965Z Collecting pydantic-settings<3,>=2.6 (from ai-novel-studio==0.7.0)
2026-10-09T15:52:43.1395271Z   Downloading pydantic_settings-2.15.0-py3-none-any.whl.metadata (3.9 kB)
2026-10-09T15:52:43.2247480Z Collecting reportlab<5,>=4.0 (from ai-novel-studio==0.7.0)
2026-10-09T15:52:43.2438008Z   Downloading reportlab-4.5.1-py3-none-any.whl.metadata (1.7 kB)
2026-10-09T15:52:43.2749413Z Collecting pypdf==6.19.0 (from ai-novel-studio==0.7.0)
2026-10-09T15:52:43.2938251Z   Downloading pypdf-6.19.0-py3-none-any.whl.metadata (7.5 kB)
2026-10-09T15:52:43.3266762Z Collecting jsonschema<5,>=4.18 (from ai-novel-studio==0.7.0)
2026-10-09T15:52:43.3456693Z   Downloading jsonschema-4.26.0-py3-none-any.whl.metadata (7.6 kB)
2026-10-09T15:52:43.3816187Z Collecting pytest<9,>=8 (from ai-novel-studio==0.7.0)
2026-10-09T15:52:43.4006380Z   Downloading pytest-8.4.2-py3-none-any.whl.metadata (7.7 kB)
2026-10-09T15:52:43.4349492Z Collecting starlette>=0.46.0 (from fastapi<1,>=0.115->ai-novel-studio==0.7.0)
2026-10-09T15:52:43.4534556Z   Downloading starlette-1.7.0-py3-none-any.whl.metadata (6.6 kB)
2026-10-09T15:52:43.5355054Z Collecting pydantic>=2.9.0 (from fastapi<1,>=0.115->ai-novel-studio==0.7.0)
2026-10-09T15:52:43.5543483Z   Downloading pydantic-2.13.5-py3-none-any.whl.metadata (110 kB)
2026-10-09T15:52:43.6069905Z Collecting typing-extensions>=4.8.0 (from fastapi<1,>=0.115->ai-novel-studio==0.7.0)
2026-10-09T15:52:43.6258025Z   Downloading typing_extensions-4.16.0-py3-none-any.whl.metadata (3.3 kB)
2026-10-09T15:52:43.6501747Z Collecting typing-inspection>=0.4.2 (from fastapi<1,>=0.115->ai-novel-studio==0.7.0)
2026-10-09T15:52:43.6691253Z   Downloading typing_inspection-0.4.4-py3-none-any.whl.metadata (2.6 kB)
2026-10-09T15:52:43.6932048Z Collecting annotated-doc>=0.0.2 (from fastapi<1,>=0.115->ai-novel-studio==0.7.0)
2026-10-09T15:52:43.7130337Z   Downloading annotated_doc-0.0.5-py3-none-any.whl.metadata (6.5 kB)
2026-10-09T15:52:43.7419649Z Collecting opentelemetry-api>=1.44.0 (from fastapi<1,>=0.115->ai-novel-studio==0.7.0)
2026-10-09T15:52:43.7607763Z   Downloading opentelemetry_api-1.45.0-py3-none-any.whl.metadata (1.4 kB)
2026-10-09T15:52:43.7890711Z Collecting anyio (from httpx<1,>=0.27->ai-novel-studio==0.7.0)
2026-10-09T15:52:43.8076288Z   Downloading anyio-4.15.1-py3-none-any.whl.metadata (4.7 kB)
2026-10-09T15:52:43.8357646Z Collecting certifi (from httpx<1,>=0.27->ai-novel-studio==0.7.0)
2026-10-09T15:52:43.8550632Z   Downloading certifi-2026.7.22-py3-none-any.whl.metadata (2.5 kB)
2026-10-09T15:52:43.8820294Z Collecting httpcore==1.* (from httpx<1,>=0.27->ai-novel-studio==0.7.0)
2026-10-09T15:52:43.9006407Z   Downloading httpcore-1.0.9-py3-none-any.whl.metadata (21 kB)
2026-10-09T15:52:43.9280055Z Collecting idna (from httpx<1,>=0.27->ai-novel-studio==0.7.0)
2026-10-09T15:52:43.9467265Z   Downloading idna-3.20-py3-none-any.whl.metadata (7.2 kB)
2026-10-09T15:52:43.9726154Z Collecting h11>=0.16 (from httpcore==1.*->httpx<1,>=0.27->ai-novel-studio==0.7.0)
2026-10-09T15:52:43.9913621Z   Downloading h11-0.16.0-py3-none-any.whl.metadata (8.3 kB)
2026-10-09T15:52:44.0191445Z Collecting attrs>=22.2.0 (from jsonschema<5,>=4.18->ai-novel-studio==0.7.0)
2026-10-09T15:52:44.0511401Z   Downloading attrs-26.1.0-py3-none-any.whl.metadata (8.8 kB)
2026-10-09T15:52:44.0889529Z Collecting jsonschema-specifications>=2023.03.6 (from jsonschema<5,>=4.18->ai-novel-studio==0.7.0)
2026-10-09T15:52:44.1079404Z   Downloading jsonschema_specifications-2025.9.1-py3-none-any.whl.metadata (2.9 kB)
2026-10-09T15:52:44.1375750Z Collecting referencing>=0.28.4 (from jsonschema<5,>=4.18->ai-novel-studio==0.7.0)
2026-10-09T15:52:44.1562708Z   Downloading referencing-0.37.0-py3-none-any.whl.metadata (2.8 kB)
2026-10-09T15:52:44.3562409Z Collecting rpds-py>=0.25.0 (from jsonschema<5,>=4.18->ai-novel-studio==0.7.0)
2026-10-09T15:52:44.3795061Z   Downloading rpds_py-2026.9.1-cp312-cp312-manylinux_2_17_x86_64.manylinux2014_x86_64.whl.metadata (4.1 kB)
2026-10-09T15:52:44.4991258Z Collecting psycopg-binary==3.3.6 (from psycopg[binary]<4,>=3.2->ai-novel-studio==0.7.0)
2026-10-09T15:52:44.5180818Z   Downloading psycopg_binary-3.3.6-cp312-cp312-manylinux2014_x86_64.manylinux_2_17_x86_64.whl.metadata (2.7 kB)
2026-10-09T15:52:44.5475775Z Collecting python-dotenv>=0.21.0 (from pydantic-settings<3,>=2.6->ai-novel-studio==0.7.0)
2026-10-09T15:52:44.5663557Z   Downloading python_dotenv-1.2.4-py3-none-any.whl.metadata (29 kB)
2026-10-09T15:52:44.5942203Z Collecting iniconfig>=1 (from pytest<9,>=8->ai-novel-studio==0.7.0)
2026-10-09T15:52:44.6126787Z   Downloading iniconfig-2.3.0-py3-none-any.whl.metadata (2.5 kB)
2026-10-09T15:52:44.6403348Z Collecting packaging>=20 (from pytest<9,>=8->ai-novel-studio==0.7.0)
2026-10-09T15:52:44.6605898Z   Downloading packaging-26.3-py3-none-any.whl.metadata (3.5 kB)
2026-10-09T15:52:44.6859745Z Collecting pluggy<2,>=1.5 (from pytest<9,>=8->ai-novel-studio==0.7.0)
2026-10-09T15:52:44.7046749Z   Downloading pluggy-1.6.0-py3-none-any.whl.metadata (4.8 kB)
2026-10-09T15:52:44.7331364Z Collecting pygments>=2.7.2 (from pytest<9,>=8->ai-novel-studio==0.7.0)
2026-10-09T15:52:44.7521902Z   Downloading pygments-2.21.0-py3-none-any.whl.metadata (2.5 kB)
2026-10-09T15:52:44.8784300Z Collecting pillow>=9.0.0 (from reportlab<5,>=4.0->ai-novel-studio==0.7.0)
2026-10-09T15:52:44.8977469Z   Downloading pillow-12.3.0-cp312-cp312-manylinux_2_27_x86_64.manylinux_2_28_x86_64.whl.metadata (9.1 kB)
2026-10-09T15:52:45.0186707Z Collecting charset-normalizer (from reportlab<5,>=4.0->ai-novel-studio==0.7.0)
2026-10-09T15:52:45.0409859Z   Downloading charset_normalizer-3.5.2-cp312-cp312-manylinux2014_x86_64.manylinux_2_17_x86_64.manylinux_2_28_x86_64.whl.metadata (46 kB)
2026-10-09T15:52:45.0731473Z Collecting click>=7.0 (from uvicorn<1,>=0.30->ai-novel-studio==0.7.0)
2026-10-09T15:52:45.0921827Z   Downloading click-8.5.0-py3-none-any.whl.metadata (2.6 kB)
2026-10-09T15:52:45.1220985Z Collecting annotated-types>=0.6.0 (from pydantic>=2.9.0->fastapi<1,>=0.115->ai-novel-studio==0.7.0)
2026-10-09T15:52:45.1427696Z   Downloading annotated_types-0.8.0-py3-none-any.whl.metadata (15 kB)
2026-10-09T15:52:45.6532711Z Collecting pydantic-core==2.46.5 (from pydantic>=2.9.0->fastapi<1,>=0.115->ai-novel-studio==0.7.0)
2026-10-09T15:52:45.6727269Z   Downloading pydantic_core-2.46.5-cp312-cp312-manylinux_2_17_x86_64.manylinux2014_x86_64.whl.metadata (6.6 kB)
2026-10-09T15:52:45.7038998Z Downloading pypdf-6.19.0-py3-none-any.whl (395 kB)
2026-10-09T15:52:45.7586380Z Downloading fastapi-0.142.2-py3-none-any.whl (144 kB)
2026-10-09T15:52:45.7800064Z Downloading httpx-0.28.1-py3-none-any.whl (73 kB)
2026-10-09T15:52:45.8034247Z Downloading httpcore-1.0.9-py3-none-any.whl (78 kB)
2026-10-09T15:52:45.8265135Z Downloading jsonschema-4.26.0-py3-none-any.whl (90 kB)
2026-10-09T15:52:45.8492676Z Downloading psycopg-3.3.6-py3-none-any.whl (215 kB)
2026-10-09T15:52:45.8743193Z Downloading psycopg_binary-3.3.6-cp312-cp312-manylinux2014_x86_64.manylinux_2_17_x86_64.whl (5.2 MB)
2026-10-09T15:52:45.9956177Z    ━━━━━━━━━━━━━━━━━━━━━━━━━━━━━━━━━━━━━━━━ 5.2/5.2 MB 42.9 MB/s  0:00:00
2026-10-09T15:52:46.0147884Z Downloading pydantic_settings-2.15.0-py3-none-any.whl (69 kB)
2026-10-09T15:52:46.0357098Z Downloading pytest-8.4.2-py3-none-any.whl (365 kB)
2026-10-09T15:52:46.0573725Z Downloading pluggy-1.6.0-py3-none-any.whl (20 kB)
2026-10-09T15:52:46.0824508Z Downloading reportlab-4.5.1-py3-none-any.whl (2.0 MB)
2026-10-09T15:52:46.0912437Z    ━━━━━━━━━━━━━━━━━━━━━━━━━━━━━━━━━━━━━━━━ 2.0/2.0 MB 240.8 MB/s  0:00:00
2026-10-09T15:52:46.1121027Z Downloading sqlalchemy-2.1.3-cp312-cp312-manylinux2014_x86_64.manylinux_2_17_x86_64.manylinux_2_28_x86_64.whl (4.7 MB)
2026-10-09T15:52:46.1548566Z    ━━━━━━━━━━━━━━━━━━━━━━━━━━━━━━━━━━━━━━━━ 4.7/4.7 MB 108.3 MB/s  0:00:00
2026-10-09T15:52:46.1736521Z Downloading uvicorn-0.54.0-py3-none-any.whl (87 kB)
2026-10-09T15:52:46.1943019Z Downloading annotated_doc-0.0.5-py3-none-any.whl (5.3 kB)
2026-10-09T15:52:46.2141695Z Downloading attrs-26.1.0-py3-none-any.whl (67 kB)
2026-10-09T15:52:46.2359466Z Downloading click-8.5.0-py3-none-any.whl (125 kB)
2026-10-09T15:52:46.2563319Z Downloading h11-0.16.0-py3-none-any.whl (37 kB)
2026-10-09T15:52:46.2770836Z Downloading iniconfig-2.3.0-py3-none-any.whl (7.5 kB)
2026-10-09T15:52:46.2973253Z Downloading jsonschema_specifications-2025.9.1-py3-none-any.whl (18 kB)
2026-10-09T15:52:46.3200999Z Downloading opentelemetry_api-1.45.0-py3-none-any.whl (60 kB)
2026-10-09T15:52:46.3386319Z Downloading packaging-26.3-py3-none-any.whl (129 kB)
2026-10-09T15:52:46.3589663Z Downloading pillow-12.3.0-cp312-cp312-manylinux_2_27_x86_64.manylinux_2_28_x86_64.whl (6.9 MB)
2026-10-09T15:52:46.4086082Z    ━━━━━━━━━━━━━━━━━━━━━━━━━━━━━━━━━━━━━━━━ 6.9/6.9 MB 140.5 MB/s  0:00:00
2026-10-09T15:52:46.4290972Z Downloading pydantic-2.13.5-py3-none-any.whl (472 kB)
2026-10-09T15:52:46.4508941Z Downloading pydantic_core-2.46.5-cp312-cp312-manylinux_2_17_x86_64.manylinux2014_x86_64.whl (2.1 MB)
2026-10-09T15:52:46.4668110Z    ━━━━━━━━━━━━━━━━━━━━━━━━━━━━━━━━━━━━━━━━ 2.1/2.1 MB 126.7 MB/s  0:00:00
2026-10-09T15:52:46.4886905Z Downloading annotated_types-0.8.0-py3-none-any.whl (13 kB)
2026-10-09T15:52:46.5094082Z Downloading pygments-2.21.0-py3-none-any.whl (1.3 MB)
2026-10-09T15:52:46.5144005Z    ━━━━━━━━━━━━━━━━━━━━━━━━━━━━━━━━━━━━━━━━ 1.3/1.3 MB 297.3 MB/s  0:00:00
2026-10-09T15:52:46.5332483Z Downloading python_dotenv-1.2.4-py3-none-any.whl (23 kB)
2026-10-09T15:52:46.5533436Z Downloading referencing-0.37.0-py3-none-any.whl (26 kB)
2026-10-09T15:52:46.5736413Z Downloading rpds_py-2026.9.1-cp312-cp312-manylinux_2_17_x86_64.manylinux2014_x86_64.whl (371 kB)
2026-10-09T15:52:46.5943862Z Downloading starlette-1.7.0-py3-none-any.whl (78 kB)
2026-10-09T15:52:46.6147295Z Downloading anyio-4.15.1-py3-none-any.whl (132 kB)
2026-10-09T15:52:46.6356299Z Downloading idna-3.20-py3-none-any.whl (69 kB)
2026-10-09T15:52:46.6557188Z Downloading typing_extensions-4.16.0-py3-none-any.whl (45 kB)
2026-10-09T15:52:46.6760256Z Downloading typing_inspection-0.4.4-py3-none-any.whl (14 kB)
2026-10-09T15:52:46.6969485Z Downloading certifi-2026.7.22-py3-none-any.whl (136 kB)
2026-10-09T15:52:46.7174030Z Downloading charset_normalizer-3.5.2-cp312-cp312-manylinux2014_x86_64.manylinux_2_17_x86_64.manylinux_2_28_x86_64.whl (257 kB)
2026-10-09T15:52:46.8024739Z Building wheels for collected packages: ai-novel-studio
2026-10-09T15:52:46.8030860Z   Building editable for ai-novel-studio (pyproject.toml): started
2026-10-09T15:52:47.0195716Z   Building editable for ai-novel-studio (pyproject.toml): finished with status 'done'
2026-10-09T15:52:47.0199746Z   Created wheel for ai-novel-studio: filename=ai_novel_studio-0.7.0-0.editable-py3-none-any.whl size=3181 sha256=9cd2dae9772920def10b4fd13b61c5e00f6ce88e3b4f94c2af51ab7f08285d3a
2026-10-09T15:52:47.0201208Z   Stored in directory: /home/runner/work/_temp/novel-ci-local-interop.IvEajw/tmp/pip-ephem-wheel-cache-ut0nna9o/wheels/1c/d7/d0/fa48c7e34668eca65226afc5809e56995952c6ed37df783c51
2026-10-09T15:52:47.0213479Z Successfully built ai-novel-studio
2026-10-09T15:52:47.0742559Z Installing collected packages: typing-extensions, rpds-py, python-dotenv, pypdf, pygments, psycopg-binary, pluggy, pillow, packaging, iniconfig, idna, h11, click, charset-normalizer, certifi, attrs, annotated-types, annotated-doc, uvicorn, typing-inspection, sqlalchemy, reportlab, referencing, pytest, pydantic-core, psycopg, opentelemetry-api, httpcore, anyio, starlette, pydantic, jsonschema-specifications, httpx, pydantic-settings, jsonschema, fastapi, ai-novel-studio
2026-10-09T15:52:51.3235280Z 
2026-10-09T15:52:51.3262364Z Successfully installed ai-novel-studio-0.7.0 annotated-doc-0.0.5 annotated-types-0.8.0 anyio-4.15.1 attrs-26.1.0 certifi-2026.7.22 charset-normalizer-3.5.2 click-8.5.0 fastapi-0.142.2 h11-0.16.0 httpcore-1.0.9 httpx-0.28.1 idna-3.20 iniconfig-2.3.0 jsonschema-4.26.0 jsonschema-specifications-2025.9.1 opentelemetry-api-1.45.0 packaging-26.3 pillow-12.3.0 pluggy-1.6.0 psycopg-3.3.6 psycopg-binary-3.3.6 pydantic-2.13.5 pydantic-core-2.46.5 pydantic-settings-2.15.0 pygments-2.21.0 pypdf-6.19.0 pytest-8.4.2 python-dotenv-1.2.4 referencing-0.37.0 reportlab-4.5.1 rpds-py-2026.9.1 sqlalchemy-2.1.3 starlette-1.7.0 typing-extensions-4.16.0 typing-inspection-0.4.4 uvicorn-0.54.0
2026-10-09T15:52:51.4489053Z ##[group]Run set -o pipefail
2026-10-09T15:52:51.4489350Z [36;1mset -o pipefail[0m
2026-10-09T15:52:51.4489788Z [36;1mPYTHONPATH="$CI_PROJECT/.github/ci:$CI_PROJECT" python -m pytest -p postgres_gate -p suite_coverage -q -ra --tb=short \[0m
2026-10-09T15:52:51.4490341Z [36;1m  --ci-coverage-manifest=.github/ci/coverage_manifest_v2.json.gz \[0m
2026-10-09T15:52:51.4490970Z [36;1m  --ci-scope=interop --ci-shard-index=0 --ci-shard-count=1 --ci-coverage-dir="$CI_RECEIPTS" \[0m
2026-10-09T15:52:51.4491548Z [36;1m  tests/test_local_interop*.py --junitxml="$CI_RECEIPTS/local-interop.xml" 2>&1 | tee "$CI_RECEIPTS/local-interop.log"[0m
2026-10-09T15:52:51.4547190Z shell: /usr/bin/bash -e {0}
2026-10-09T15:52:51.4547399Z env:
2026-10-09T15:52:51.4547566Z   MOCK_PROVIDER: true
2026-10-09T15:52:51.4547745Z   ENABLE_CLOUD: false
2026-10-09T15:52:51.4547926Z   CREDENTIAL_VAULT_BACKEND: memory
2026-10-09T15:52:51.4548154Z   CREDENTIAL_VAULT_ALLOW_MEMORY_FALLBACK: true
2026-10-09T15:52:51.4548432Z   HF_HUB_OFFLINE: 1
2026-10-09T15:52:51.4548611Z   TRANSFORMERS_OFFLINE: 1
2026-10-09T15:52:51.4549032Z   pythonLocation: /opt/hostedtoolcache/Python/3.12.9/x64
2026-10-09T15:52:51.4549370Z   PKG_CONFIG_PATH: /opt/hostedtoolcache/Python/3.12.9/x64/lib/pkgconfig
2026-10-09T15:52:51.4549687Z   Python_ROOT_DIR: /opt/hostedtoolcache/Python/3.12.9/x64
2026-10-09T15:52:51.4549989Z   Python2_ROOT_DIR: /opt/hostedtoolcache/Python/3.12.9/x64
2026-10-09T15:52:51.4550280Z   Python3_ROOT_DIR: /opt/hostedtoolcache/Python/3.12.9/x64
2026-10-09T15:52:51.4550565Z   LD_LIBRARY_PATH: /opt/hostedtoolcache/Python/3.12.9/x64/lib
2026-10-09T15:52:51.4550858Z   CI_COVERAGE_SHA: 02a3f6e9908f785a308a4605e362f8876aed4d8b
2026-10-09T15:52:51.4551148Z   CI_COVERAGE_TREE: cd6989a19e5fd5e2400f2325fe696cae03d8eda7
2026-10-09T15:52:51.4551464Z   CI_SANDBOX: /home/runner/work/_temp/novel-ci-local-interop.IvEajw
2026-10-09T15:52:51.4551824Z   CI_PROJECT: /home/runner/work/_temp/novel-ci-local-interop.IvEajw/project
2026-10-09T15:52:51.4552215Z   CI_RECEIPTS: /home/runner/work/_temp/novel-ci-local-interop.IvEajw/receipts
2026-10-09T15:52:51.4552583Z   HOME: /home/runner/work/_temp/novel-ci-local-interop.IvEajw/home
2026-10-09T15:52:51.4552933Z   USERPROFILE: /home/runner/work/_temp/novel-ci-local-interop.IvEajw/home
2026-10-09T15:52:51.4553299Z   APPDATA: /home/runner/work/_temp/novel-ci-local-interop.IvEajw/appdata
2026-10-09T15:52:51.4553691Z   LOCALAPPDATA: /home/runner/work/_temp/novel-ci-local-interop.IvEajw/localappdata
2026-10-09T15:52:51.4554093Z   XDG_CONFIG_HOME: /home/runner/work/_temp/novel-ci-local-interop.IvEajw/config
2026-10-09T15:52:51.4554472Z   XDG_CACHE_HOME: /home/runner/work/_temp/novel-ci-local-interop.IvEajw/cache
2026-10-09T15:52:51.4554838Z   XDG_DATA_HOME: /home/runner/work/_temp/novel-ci-local-interop.IvEajw/data
2026-10-09T15:52:51.4555209Z   XDG_STATE_HOME: /home/runner/work/_temp/novel-ci-local-interop.IvEajw/state
2026-10-09T15:52:51.4555560Z   TMPDIR: /home/runner/work/_temp/novel-ci-local-interop.IvEajw/tmp
2026-10-09T15:52:51.4555888Z   TMP: /home/runner/work/_temp/novel-ci-local-interop.IvEajw/tmp
2026-10-09T15:52:51.4556211Z   TEMP: /home/runner/work/_temp/novel-ci-local-interop.IvEajw/tmp
2026-10-09T15:52:51.4556559Z   PROJECT_ROOT: /home/runner/work/_temp/novel-ci-local-interop.IvEajw/project
2026-10-09T15:52:51.4556955Z   NOVEL_DATA_PATH: /home/runner/work/_temp/novel-ci-local-interop.IvEajw/data/novels
2026-10-09T15:52:51.4557372Z   BACKUP_PATH: /home/runner/work/_temp/novel-ci-local-interop.IvEajw/data/backups
2026-10-09T15:52:51.4557835Z   DATABASE_BACKUP_PATH: /home/runner/work/_temp/novel-ci-local-interop.IvEajw/data/database-backups
2026-10-09T15:52:51.4558303Z   KNOWLEDGE_SOURCE_PATH: /home/runner/work/_temp/novel-ci-local-interop.IvEajw/data/novels
2026-10-09T15:52:51.4559170Z   STORAGE_BACKEND: file
2026-10-09T15:52:51.4559371Z   DATABASE_URL: 
2026-10-09T15:52:51.4559547Z   TEST_POSTGRES_DATABASE_URL: 
2026-10-09T15:52:51.4559746Z ##[endgroup]
2026-10-09T15:52:57.9160800Z ........................................................................ [ 17%]
2026-10-09T15:52:58.0267525Z ........................................................................ [ 34%]
2026-10-09T15:53:01.0600552Z .........................................s........ss.s.................. [ 52%]
2026-10-09T15:53:03.7119552Z ............................................s.........sssssssss.s..s.s.s [ 69%]
2026-10-09T15:53:08.9191713Z .s.s...sss..s.s.s.s...sss......ssssss.s.s.s.s.........s.s..s....ssss.s.s [ 87%]
2026-10-09T15:53:16.4125644Z .s.s.s....ssss.s.s.s......ssssss.s.s.s...............                    [100%]
2026-10-09T15:53:16.4126433Z - generated xml file: /home/runner/work/_temp/novel-ci-local-interop.IvEajw/receipts/local-interop.xml -
2026-10-09T15:53:16.4127143Z =========================== short test summary info ============================
2026-10-09T15:53:16.4127943Z SKIPPED [1] tests/test_local_interop_cross_process_host.py: PostgreSQL implementation contract; covered by the real PostgreSQL full suite
2026-10-09T15:53:16.4129343Z SKIPPED [2] tests/test_local_interop_desktop_api_projection_races.py:15: PostgreSQL implementation contract; covered by the real PostgreSQL full suite
2026-10-09T15:53:16.4130427Z SKIPPED [1] tests/test_local_interop_desktop_api_projection_races.py: PostgreSQL implementation contract; covered by the real PostgreSQL full suite
2026-10-09T15:53:16.4131504Z SKIPPED [10] tests/test_local_interop_desktop_runtime.py: PostgreSQL implementation contract; covered by the real PostgreSQL full suite
2026-10-09T15:53:16.4132538Z SKIPPED [9] tests/test_local_interop_desktop_runtime.py:60: PostgreSQL implementation contract; covered by the real PostgreSQL full suite
2026-10-09T15:53:16.4133595Z SKIPPED [3] tests/test_local_interop_desktop_runtime.py:261: PostgreSQL implementation contract; covered by the real PostgreSQL full suite
2026-10-09T15:53:16.4134588Z SKIPPED [19] tests/test_local_interop_host.py: PostgreSQL implementation contract; covered by the real PostgreSQL full suite
2026-10-09T15:53:16.4135536Z SKIPPED [3] tests/test_local_interop_host.py:173: PostgreSQL implementation contract; covered by the real PostgreSQL full suite
2026-10-09T15:53:16.4136484Z SKIPPED [6] tests/test_local_interop_host.py:203: PostgreSQL implementation contract; covered by the real PostgreSQL full suite
2026-10-09T15:53:16.4137405Z SKIPPED [4] tests/test_local_interop_host.py:395: PostgreSQL implementation contract; covered by the real PostgreSQL full suite
2026-10-09T15:53:16.4138328Z SKIPPED [4] tests/test_local_interop_host.py:528: PostgreSQL implementation contract; covered by the real PostgreSQL full suite
2026-10-09T15:53:16.4139520Z SKIPPED [6] tests/test_local_interop_host.py:611: PostgreSQL implementation contract; covered by the real PostgreSQL full suite
2026-10-09T15:53:16.4140147Z 345 passed, 68 skipped in 23.75s
2026-10-09T15:53:17.0232542Z ##[group]Run python .github/ci/coverage_reconcile.py \
2026-10-09T15:53:17.0232896Z [36;1mpython .github/ci/coverage_reconcile.py \[0m
2026-10-09T15:53:17.0233238Z [36;1m  --manifest .github/ci/coverage_manifest_v2.json.gz --scope interop \[0m
2026-10-09T15:53:17.0233615Z [36;1m  --receipts-dir "$CI_RECEIPTS" --expected-shards file=1 \[0m
2026-10-09T15:53:17.0233991Z [36;1m  --expected-sha "$CI_COVERAGE_SHA" --expected-tree "$CI_COVERAGE_TREE" \[0m
2026-10-09T15:53:17.0234388Z [36;1m  --expected-event-sha "$GITHUB_SHA" --expected-run "$GITHUB_RUN_ID" \[0m
2026-10-09T15:53:17.0234826Z [36;1m  --expected-attempt "$GITHUB_RUN_ATTEMPT" --expected-repository "$GITHUB_REPOSITORY" \[0m
2026-10-09T15:53:17.0235281Z [36;1m  --constraints .github/ci/python-constraints.txt --source-root "$CI_PROJECT" \[0m
2026-10-09T15:53:17.0235653Z [36;1m  --output "$CI_RECEIPTS/interop-coverage.json"[0m
2026-10-09T15:53:17.0292181Z shell: /usr/bin/bash -e {0}
2026-10-09T15:53:17.0292434Z env:
2026-10-09T15:53:17.0292598Z   MOCK_PROVIDER: true
2026-10-09T15:53:17.0292777Z   ENABLE_CLOUD: false
2026-10-09T15:53:17.0292973Z   CREDENTIAL_VAULT_BACKEND: memory
2026-10-09T15:53:17.0293208Z   CREDENTIAL_VAULT_ALLOW_MEMORY_FALLBACK: true
2026-10-09T15:53:17.0293436Z   HF_HUB_OFFLINE: 1
2026-10-09T15:53:17.0293612Z   TRANSFORMERS_OFFLINE: 1
2026-10-09T15:53:17.0293852Z   pythonLocation: /opt/hostedtoolcache/Python/3.12.9/x64
2026-10-09T15:53:17.0294203Z   PKG_CONFIG_PATH: /opt/hostedtoolcache/Python/3.12.9/x64/lib/pkgconfig
2026-10-09T15:53:17.0294653Z   Python_ROOT_DIR: /opt/hostedtoolcache/Python/3.12.9/x64
2026-10-09T15:53:17.0294940Z   Python2_ROOT_DIR: /opt/hostedtoolcache/Python/3.12.9/x64
2026-10-09T15:53:17.0295229Z   Python3_ROOT_DIR: /opt/hostedtoolcache/Python/3.12.9/x64
2026-10-09T15:53:17.0295516Z   LD_LIBRARY_PATH: /opt/hostedtoolcache/Python/3.12.9/x64/lib
2026-10-09T15:53:17.0295809Z   CI_COVERAGE_SHA: 02a3f6e9908f785a308a4605e362f8876aed4d8b
2026-10-09T15:53:17.0296098Z   CI_COVERAGE_TREE: cd6989a19e5fd5e2400f2325fe696cae03d8eda7
2026-10-09T15:53:17.0296415Z   CI_SANDBOX: /home/runner/work/_temp/novel-ci-local-interop.IvEajw
2026-10-09T15:53:17.0296784Z   CI_PROJECT: /home/runner/work/_temp/novel-ci-local-interop.IvEajw/project
2026-10-09T15:53:17.0297168Z   CI_RECEIPTS: /home/runner/work/_temp/novel-ci-local-interop.IvEajw/receipts
2026-10-09T15:53:17.0297524Z   HOME: /home/runner/work/_temp/novel-ci-local-interop.IvEajw/home
2026-10-09T15:53:17.0297877Z   USERPROFILE: /home/runner/work/_temp/novel-ci-local-interop.IvEajw/home
2026-10-09T15:53:17.0298246Z   APPDATA: /home/runner/work/_temp/novel-ci-local-interop.IvEajw/appdata
2026-10-09T15:53:17.0298726Z   LOCALAPPDATA: /home/runner/work/_temp/novel-ci-local-interop.IvEajw/localappdata
2026-10-09T15:53:17.0299139Z   XDG_CONFIG_HOME: /home/runner/work/_temp/novel-ci-local-interop.IvEajw/config
2026-10-09T15:53:17.0299537Z   XDG_CACHE_HOME: /home/runner/work/_temp/novel-ci-local-interop.IvEajw/cache
2026-10-09T15:53:17.0299913Z   XDG_DATA_HOME: /home/runner/work/_temp/novel-ci-local-interop.IvEajw/data
2026-10-09T15:53:17.0300280Z   XDG_STATE_HOME: /home/runner/work/_temp/novel-ci-local-interop.IvEajw/state
2026-10-09T15:53:17.0300631Z   TMPDIR: /home/runner/work/_temp/novel-ci-local-interop.IvEajw/tmp
2026-10-09T15:53:17.0300960Z   TMP: /home/runner/work/_temp/novel-ci-local-interop.IvEajw/tmp
2026-10-09T15:53:17.0301281Z   TEMP: /home/runner/work/_temp/novel-ci-local-interop.IvEajw/tmp
2026-10-09T15:53:17.0301632Z   PROJECT_ROOT: /home/runner/work/_temp/novel-ci-local-interop.IvEajw/project
2026-10-09T15:53:17.0302032Z   NOVEL_DATA_PATH: /home/runner/work/_temp/novel-ci-local-interop.IvEajw/data/novels
2026-10-09T15:53:17.0302441Z   BACKUP_PATH: /home/runner/work/_temp/novel-ci-local-interop.IvEajw/data/backups
2026-10-09T15:53:17.0302881Z   DATABASE_BACKUP_PATH: /home/runner/work/_temp/novel-ci-local-interop.IvEajw/data/database-backups
2026-10-09T15:53:17.0303520Z   KNOWLEDGE_SOURCE_PATH: /home/runner/work/_temp/novel-ci-local-interop.IvEajw/data/novels
2026-10-09T15:53:17.0303875Z ##[endgroup]
2026-10-09T15:53:17.3526271Z {
2026-10-09T15:53:17.3526594Z   "schema_version": 1,
2026-10-09T15:53:17.3526878Z   "scope": "interop",
2026-10-09T15:53:17.3527131Z   "status": "complete",
2026-10-09T15:53:17.3527376Z   "identity": {
2026-10-09T15:53:17.3527698Z     "checked_out_sha": "02a3f6e9908f785a308a4605e362f8876aed4d8b",
2026-10-09T15:53:17.3528150Z     "source_tree": "cd6989a19e5fd5e2400f2325fe696cae03d8eda7",
2026-10-09T15:53:17.3528571Z     "event_sha": "02a3f6e9908f785a308a4605e362f8876aed4d8b",
2026-10-09T15:53:17.3529224Z     "run_id": "37954826046",
2026-10-09T15:53:17.3529480Z     "run_attempt": "1",
2026-10-09T15:53:17.3529781Z     "repository": "1785235376-blip/AI-Novel-Studio",
2026-10-09T15:53:17.3530107Z     "python_version": "3.12.9",
2026-10-09T15:53:17.3530382Z     "platform": "linux",
2026-10-09T15:53:17.3530837Z     "source_manifest_sha256": "bc15318b92cae0ee7a3c581321de95f3577c684b0ced26daf9f7228ccda57715",
2026-10-09T15:53:17.3531533Z     "dependency_digest": "fb6f9ade2d88f097b3d1c77f38c07276d773fb4b377ae412194f10805e92b97e"
2026-10-09T15:53:17.3531987Z   },
2026-10-09T15:53:17.3532221Z   "unique_collected_per_profile": 413,
2026-10-09T15:53:17.3532506Z   "profiles": {
2026-10-09T15:53:17.3532720Z     "file": {
2026-10-09T15:53:17.3532949Z       "collected": 413,
2026-10-09T15:53:17.3533194Z       "passed": 345,
2026-10-09T15:53:17.3533428Z       "skipped": 68,
2026-10-09T15:53:17.3533648Z       "shards": 1
2026-10-09T15:53:17.3533861Z     }
2026-10-09T15:53:17.3534054Z   },
2026-10-09T15:53:17.3534493Z   "external_gates": {},
2026-10-09T15:53:17.3534947Z   "evidence": "complete collected backend coverage; not monolithic PostgreSQL interaction equivalence"
2026-10-09T15:53:17.3535446Z }
2026-10-09T15:53:17.3618806Z ##[group]Run python scripts/check_desktop_integration.py
2026-10-09T15:53:17.3619189Z [36;1mpython scripts/check_desktop_integration.py[0m
2026-10-09T15:53:17.3619635Z [36;1mpython -m local_interop_desktop.acceptance --mock-only --output "$CI_RECEIPTS/desktop-acceptance.json"[0m
2026-10-09T15:53:17.3674836Z shell: /usr/bin/bash -e {0}
2026-10-09T15:53:17.3675043Z env:
2026-10-09T15:53:17.3675210Z   MOCK_PROVIDER: true
2026-10-09T15:53:17.3675395Z   ENABLE_CLOUD: false
2026-10-09T15:53:17.3675580Z   CREDENTIAL_VAULT_BACKEND: memory
2026-10-09T15:53:17.3675819Z   CREDENTIAL_VAULT_ALLOW_MEMORY_FALLBACK: true
2026-10-09T15:53:17.3676052Z   HF_HUB_OFFLINE: 1
2026-10-09T15:53:17.3676223Z   TRANSFORMERS_OFFLINE: 1
2026-10-09T15:53:17.3676461Z   pythonLocation: /opt/hostedtoolcache/Python/3.12.9/x64
2026-10-09T15:53:17.3676806Z   PKG_CONFIG_PATH: /opt/hostedtoolcache/Python/3.12.9/x64/lib/pkgconfig
2026-10-09T15:53:17.3677125Z   Python_ROOT_DIR: /opt/hostedtoolcache/Python/3.12.9/x64
2026-10-09T15:53:17.3677444Z   Python2_ROOT_DIR: /opt/hostedtoolcache/Python/3.12.9/x64
2026-10-09T15:53:17.3677734Z   Python3_ROOT_DIR: /opt/hostedtoolcache/Python/3.12.9/x64
2026-10-09T15:53:17.3678021Z   LD_LIBRARY_PATH: /opt/hostedtoolcache/Python/3.12.9/x64/lib
2026-10-09T15:53:17.3678317Z   CI_COVERAGE_SHA: 02a3f6e9908f785a308a4605e362f8876aed4d8b
2026-10-09T15:53:17.3678600Z   CI_COVERAGE_TREE: cd6989a19e5fd5e2400f2325fe696cae03d8eda7
2026-10-09T15:53:17.3679074Z   CI_SANDBOX: /home/runner/work/_temp/novel-ci-local-interop.IvEajw
2026-10-09T15:53:17.3679435Z   CI_PROJECT: /home/runner/work/_temp/novel-ci-local-interop.IvEajw/project
2026-10-09T15:53:17.3679815Z   CI_RECEIPTS: /home/runner/work/_temp/novel-ci-local-interop.IvEajw/receipts
2026-10-09T15:53:17.3680180Z   HOME: /home/runner/work/_temp/novel-ci-local-interop.IvEajw/home
2026-10-09T15:53:17.3680534Z   USERPROFILE: /home/runner/work/_temp/novel-ci-local-interop.IvEajw/home
2026-10-09T15:53:17.3680902Z   APPDATA: /home/runner/work/_temp/novel-ci-local-interop.IvEajw/appdata
2026-10-09T15:53:17.3681295Z   LOCALAPPDATA: /home/runner/work/_temp/novel-ci-local-interop.IvEajw/localappdata
2026-10-09T15:53:17.3681693Z   XDG_CONFIG_HOME: /home/runner/work/_temp/novel-ci-local-interop.IvEajw/config
2026-10-09T15:53:17.3682073Z   XDG_CACHE_HOME: /home/runner/work/_temp/novel-ci-local-interop.IvEajw/cache
2026-10-09T15:53:17.3682445Z   XDG_DATA_HOME: /home/runner/work/_temp/novel-ci-local-interop.IvEajw/data
2026-10-09T15:53:17.3682815Z   XDG_STATE_HOME: /home/runner/work/_temp/novel-ci-local-interop.IvEajw/state
2026-10-09T15:53:17.3683161Z   TMPDIR: /home/runner/work/_temp/novel-ci-local-interop.IvEajw/tmp
2026-10-09T15:53:17.3683485Z   TMP: /home/runner/work/_temp/novel-ci-local-interop.IvEajw/tmp
2026-10-09T15:53:17.3683797Z   TEMP: /home/runner/work/_temp/novel-ci-local-interop.IvEajw/tmp
2026-10-09T15:53:17.3684148Z   PROJECT_ROOT: /home/runner/work/_temp/novel-ci-local-interop.IvEajw/project
2026-10-09T15:53:17.3684543Z   NOVEL_DATA_PATH: /home/runner/work/_temp/novel-ci-local-interop.IvEajw/data/novels
2026-10-09T15:53:17.3684953Z   BACKUP_PATH: /home/runner/work/_temp/novel-ci-local-interop.IvEajw/data/backups
2026-10-09T15:53:17.3685403Z   DATABASE_BACKUP_PATH: /home/runner/work/_temp/novel-ci-local-interop.IvEajw/data/database-backups
2026-10-09T15:53:17.3685894Z   KNOWLEDGE_SOURCE_PATH: /home/runner/work/_temp/novel-ci-local-interop.IvEajw/data/novels
2026-10-09T15:53:17.3686259Z ##[endgroup]
2026-10-09T15:53:17.4007296Z {
2026-10-09T15:53:17.4007559Z   "acceptance_scenarios": 24,
2026-10-09T15:53:17.4007885Z   "frozen_protocol_files": 37,
2026-10-09T15:53:17.4008314Z   "manifest_sha256": "77c1f82f0aec0ef385d95cacf6fe04530b83fb62d2403bc7341cbe6bf19c858c",
2026-10-09T15:53:17.4008808Z   "protocol": "PoemSeed Local Interop 1.0",
2026-10-09T15:53:17.4009263Z   "real_desktop_acceptance": "LOCAL_REQUIRED",
2026-10-09T15:53:17.4009499Z   "requirements": 69,
2026-10-09T15:53:17.4009690Z   "shared_desktop_preparation_files": 26
2026-10-09T15:53:17.4010053Z }
2026-10-09T15:53:17.8617319Z {
2026-10-09T15:53:17.8617752Z   "native_acceptance": "LOCAL_REQUIRED",
2026-10-09T15:53:17.8618151Z   "protocol": "PoemSeed Local Interop 1.0",
2026-10-09T15:53:17.8618498Z   "results": [
2026-10-09T15:53:17.8618879Z     {
2026-10-09T15:53:17.8619099Z       "checks": [
2026-10-09T15:53:17.8619353Z         "absent_installation",
2026-10-09T15:53:17.8619642Z         "no_auto_launch"
2026-10-09T15:53:17.8619902Z       ],
2026-10-09T15:53:17.8620130Z       "elapsed_ms": 0.533,
2026-10-09T15:53:17.8620406Z       "error_code": null,
2026-10-09T15:53:17.8620669Z       "id": "A01",
2026-10-09T15:53:17.8620930Z       "name": "Install state",
2026-10-09T15:53:17.8621228Z       "native_status": "LOCAL_REQUIRED",
2026-10-09T15:53:17.8621563Z       "outcome": "PASS",
2026-10-09T15:53:17.8621867Z       "scope": "MOCK_ONLY"
2026-10-09T15:53:17.8622121Z     },
2026-10-09T15:53:17.8622330Z     {
2026-10-09T15:53:17.8622540Z       "checks": [
2026-10-09T15:53:17.8622817Z         "registered_discovery",
2026-10-09T15:53:17.8623064Z         "bounded_deduplication",
2026-10-09T15:53:17.8623270Z         "no_process_scan"
2026-10-09T15:53:17.8623445Z       ],
2026-10-09T15:53:17.8623607Z       "elapsed_ms": 0.383,
2026-10-09T15:53:17.8623792Z       "error_code": null,
2026-10-09T15:53:17.8623971Z       "id": "A02",
2026-10-09T15:53:17.8624143Z       "name": "Peer discovery",
2026-10-09T15:53:17.8624342Z       "native_status": "LOCAL_REQUIRED",
2026-10-09T15:53:17.8624555Z       "outcome": "PASS",
2026-10-09T15:53:17.8624737Z       "scope": "MOCK_ONLY"
2026-10-09T15:53:17.8624908Z     },
2026-10-09T15:53:17.8625051Z     {
2026-10-09T15:53:17.8625199Z       "checks": [
2026-10-09T15:53:17.8625371Z         "synthetic_os_facts_only",
2026-10-09T15:53:17.8625585Z         "explicit_approval",
2026-10-09T15:53:17.8625783Z         "trust_downgrade",
2026-10-09T15:53:17.8625957Z         "revocation"
2026-10-09T15:53:17.8626118Z       ],
2026-10-09T15:53:17.8626270Z       "elapsed_ms": 0.43,
2026-10-09T15:53:17.8626448Z       "error_code": null,
2026-10-09T15:53:17.8626613Z       "id": "A03",
2026-10-09T15:53:17.8626770Z       "name": "Trust",
2026-10-09T15:53:17.8626944Z       "native_status": "LOCAL_REQUIRED",
2026-10-09T15:53:17.8627155Z       "outcome": "PASS",
2026-10-09T15:53:17.8627332Z       "scope": "MOCK_ONLY"
2026-10-09T15:53:17.8627510Z     },
2026-10-09T15:53:17.8627651Z     {
2026-10-09T15:53:17.8627801Z       "checks": [
2026-10-09T15:53:17.8627977Z         "five_distinct_stages",
2026-10-09T15:53:17.8628193Z         "deterministic_observable_history"
2026-10-09T15:53:17.8628411Z       ],
2026-10-09T15:53:17.8628587Z       "elapsed_ms": 7.904,
2026-10-09T15:53:17.8628880Z       "error_code": null,
2026-10-09T15:53:17.8629057Z       "id": "A04",
2026-10-09T15:53:17.8629224Z       "name": "Handshake",
2026-10-09T15:53:17.8629431Z       "native_status": "LOCAL_REQUIRED",
2026-10-09T15:53:17.8629643Z       "outcome": "PASS",
2026-10-09T15:53:17.8629834Z       "scope": "MOCK_ONLY"
2026-10-09T15:53:17.8630011Z     },
2026-10-09T15:53:17.8630153Z     {
2026-10-09T15:53:17.8630298Z       "checks": [
2026-10-09T15:53:17.8630471Z         "negotiated_support",
2026-10-09T15:53:17.8630684Z         "content_permission_not_implied"
2026-10-09T15:53:17.8630893Z       ],
2026-10-09T15:53:17.8631042Z       "elapsed_ms": 8.643,
2026-10-09T15:53:17.8631228Z       "error_code": null,
2026-10-09T15:53:17.8631405Z       "id": "A05",
2026-10-09T15:53:17.8631579Z       "name": "Capability negotiation",
2026-10-09T15:53:17.8631803Z       "native_status": "LOCAL_REQUIRED",
2026-10-09T15:53:17.8632011Z       "outcome": "PASS",
2026-10-09T15:53:17.8632189Z       "scope": "MOCK_ONLY"
2026-10-09T15:53:17.8632358Z     },
2026-10-09T15:53:17.8632499Z     {
2026-10-09T15:53:17.8632643Z       "checks": [
2026-10-09T15:53:17.8633025Z         "metadata_only",
2026-10-09T15:53:17.8633211Z         "no_manuscript_selection_prompt"
2026-10-09T15:53:17.8633411Z       ],
2026-10-09T15:53:17.8633561Z       "elapsed_ms": 0.787,
2026-10-09T15:53:17.8633856Z       "error_code": null,
2026-10-09T15:53:17.8634037Z       "id": "A06",
2026-10-09T15:53:17.8634203Z       "name": "Metadata context",
2026-10-09T15:53:17.8634408Z       "native_status": "LOCAL_REQUIRED",
2026-10-09T15:53:17.8634608Z       "outcome": "PASS",
2026-10-09T15:53:17.8634782Z       "scope": "MOCK_ONLY"
2026-10-09T15:53:17.8634951Z     },
2026-10-09T15:53:17.8635088Z     {
2026-10-09T15:53:17.8635230Z       "checks": [
2026-10-09T15:53:17.8635392Z         "explicit_consent",
2026-10-09T15:53:17.8635584Z         "exact_content_scope",
2026-10-09T15:53:17.8635778Z         "chapter_version_fence"
2026-10-09T15:53:17.8635973Z       ],
2026-10-09T15:53:17.8636125Z       "elapsed_ms": 0.913,
2026-10-09T15:53:17.8636307Z       "error_code": null,
2026-10-09T15:53:17.8636480Z       "id": "A07",
2026-10-09T15:53:17.8636661Z       "name": "Selection context",
2026-10-09T15:53:17.8636871Z       "native_status": "LOCAL_REQUIRED",
2026-10-09T15:53:17.8637088Z       "outcome": "PASS",
2026-10-09T15:53:17.8637277Z       "scope": "MOCK_ONLY"
2026-10-09T15:53:17.8637451Z     },
2026-10-09T15:53:17.8637593Z     {
2026-10-09T15:53:17.8637748Z       "checks": [
2026-10-09T15:53:17.8637925Z         "explicit_consent",
2026-10-09T15:53:17.8638115Z         "exact_content_scope",
2026-10-09T15:53:17.8638308Z         "chapter_version_fence"
2026-10-09T15:53:17.8638492Z       ],
2026-10-09T15:53:17.8638747Z       "elapsed_ms": 0.795,
2026-10-09T15:53:17.8638936Z       "error_code": null,
2026-10-09T15:53:17.8639109Z       "id": "A08",
2026-10-09T15:53:17.8639278Z       "name": "Chapter context",
2026-10-09T15:53:17.8639482Z       "native_status": "LOCAL_REQUIRED",
2026-10-09T15:53:17.8639691Z       "outcome": "PASS",
2026-10-09T15:53:17.8639869Z       "scope": "MOCK_ONLY"
2026-10-09T15:53:17.8640043Z     },
2026-10-09T15:53:17.8640195Z     {
2026-10-09T15:53:17.8640337Z       "checks": [
2026-10-09T15:53:17.8640512Z         "non_content_diagnostic",
2026-10-09T15:53:17.8640719Z         "allowlisted_audit",
2026-10-09T15:53:17.8640911Z         "bounded_audit"
2026-10-09T15:53:17.8641081Z       ],
2026-10-09T15:53:17.8641229Z       "elapsed_ms": 1.247,
2026-10-09T15:53:17.8641401Z       "error_code": null,
2026-10-09T15:53:17.8641575Z       "id": "A09",
2026-10-09T15:53:17.8641742Z       "name": "Diagnostic",
2026-10-09T15:53:17.8641933Z       "native_status": "LOCAL_REQUIRED",
2026-10-09T15:53:17.8642146Z       "outcome": "PASS",
2026-10-09T15:53:17.8642322Z       "scope": "MOCK_ONLY"
2026-10-09T15:53:17.8642488Z     },
2026-10-09T15:53:17.8642627Z     {
2026-10-09T15:53:17.8642768Z       "checks": [
2026-10-09T15:53:17.8642948Z         "coalescing",
2026-10-09T15:53:17.8643139Z         "live_delivery_permission",
2026-10-09T15:53:17.8643344Z         "isolated_revocation",
2026-10-09T15:53:17.8643531Z         "pause_resume",
2026-10-09T15:53:17.8643716Z         "disconnect_no_grant"
2026-10-09T15:53:17.8643898Z       ],
2026-10-09T15:53:17.8644048Z       "elapsed_ms": 76.465,
2026-10-09T15:53:17.8644231Z       "error_code": null,
2026-10-09T15:53:17.8644400Z       "id": "A10",
2026-10-09T15:53:17.8644557Z       "name": "Event",
2026-10-09T15:53:17.8644739Z       "native_status": "LOCAL_REQUIRED",
2026-10-09T15:53:17.8644949Z       "outcome": "PASS",
2026-10-09T15:53:17.8645121Z       "scope": "MOCK_ONLY"
2026-10-09T15:53:17.8645308Z     },
2026-10-09T15:53:17.8645578Z     {
2026-10-09T15:53:17.8645825Z       "checks": [
2026-10-09T15:53:17.8646288Z         "session_revoked",
2026-10-09T15:53:17.8646592Z         "later_delivery_rejected"
2026-10-09T15:53:17.8646876Z       ],
2026-10-09T15:53:17.8647165Z       "elapsed_ms": 8.632,
2026-10-09T15:53:17.8647442Z       "error_code": null,
2026-10-09T15:53:17.8647692Z       "id": "A11",
2026-10-09T15:53:17.8648039Z       "name": "Session revoke",
2026-10-09T15:53:17.8648339Z       "native_status": "LOCAL_REQUIRED",
2026-10-09T15:53:17.8648855Z       "outcome": "PASS",
2026-10-09T15:53:17.8649151Z       "scope": "MOCK_ONLY"
2026-10-09T15:53:17.8649465Z     },
2026-10-09T15:53:17.8649818Z     {
2026-10-09T15:53:17.8697072Z       "checks": [
2026-10-09T15:53:17.8697295Z         "coalescing",
2026-10-09T15:53:17.8697506Z         "live_delivery_permission",
2026-10-09T15:53:17.8697742Z         "isolated_revocation",
2026-10-09T15:53:17.8697945Z         "pause_resume",
2026-10-09T15:53:17.8698128Z         "disconnect_no_grant"
2026-10-09T15:53:17.8698316Z       ],
2026-10-09T15:53:17.8698472Z       "elapsed_ms": 74.866,
2026-10-09T15:53:17.8698773Z       "error_code": null,
2026-10-09T15:53:17.8699072Z       "id": "A12",
2026-10-09T15:53:17.8699275Z       "name": "Permission revoke",
2026-10-09T15:53:17.8699491Z       "native_status": "LOCAL_REQUIRED",
2026-10-09T15:53:17.8699706Z       "outcome": "PASS",
2026-10-09T15:53:17.8699893Z       "scope": "MOCK_ONLY"
2026-10-09T15:53:17.8700088Z     },
2026-10-09T15:53:17.8700235Z     {
2026-10-09T15:53:17.8700378Z       "checks": [
2026-10-09T15:53:17.8700557Z         "v1_request_response_loop",
2026-10-09T15:53:17.8700762Z         "advice_no_mutation"
2026-10-09T15:53:17.8700940Z       ],
2026-10-09T15:53:17.8701091Z       "elapsed_ms": 12.566,
2026-10-09T15:53:17.8701271Z       "error_code": null,
2026-10-09T15:53:17.8701444Z       "id": "A13",
2026-10-09T15:53:17.8701611Z       "name": "Tutor guidance",
2026-10-09T15:53:17.8701816Z       "native_status": "LOCAL_REQUIRED",
2026-10-09T15:53:17.8702030Z       "outcome": "PASS",
2026-10-09T15:53:17.8702210Z       "scope": "MOCK_ONLY"
2026-10-09T15:53:17.8702377Z     },
2026-10-09T15:53:17.8702517Z     {
2026-10-09T15:53:17.8702660Z       "checks": [
2026-10-09T15:53:17.8702826Z         "fresh_owner_callback",
2026-10-09T15:53:17.8703022Z         "wire_evidence_never_promoted"
2026-10-09T15:53:17.8703228Z       ],
2026-10-09T15:53:17.8703376Z       "elapsed_ms": 15.377,
2026-10-09T15:53:17.8703555Z       "error_code": null,
2026-10-09T15:53:17.8703726Z       "id": "A14",
2026-10-09T15:53:17.8703893Z       "name": "Verifier",
2026-10-09T15:53:17.8704074Z       "native_status": "LOCAL_REQUIRED",
2026-10-09T15:53:17.8704291Z       "outcome": "PASS",
2026-10-09T15:53:17.8704466Z       "scope": "MOCK_ONLY"
2026-10-09T15:53:17.8704629Z     },
2026-10-09T15:53:17.8704761Z     {
2026-10-09T15:53:17.8704894Z       "checks": [
2026-10-09T15:53:17.8705058Z         "advice_does_not_navigate",
2026-10-09T15:53:17.8705255Z         "local_user_click",
2026-10-09T15:53:17.8705436Z         "single_use_presence"
2026-10-09T15:53:17.8705616Z       ],
2026-10-09T15:53:17.8705773Z       "elapsed_ms": 0.499,
2026-10-09T15:53:17.8705948Z       "error_code": null,
2026-10-09T15:53:17.8706115Z       "id": "A15",
2026-10-09T15:53:17.8706272Z       "name": "Deep Link",
2026-10-09T15:53:17.8706455Z       "native_status": "LOCAL_REQUIRED",
2026-10-09T15:53:17.8706657Z       "outcome": "PASS",
2026-10-09T15:53:17.8706827Z       "scope": "MOCK_ONLY"
2026-10-09T15:53:17.8707001Z     },
2026-10-09T15:53:17.8707139Z     {
2026-10-09T15:53:17.8707285Z       "checks": [
2026-10-09T15:53:17.8707449Z         "owner_projection",
2026-10-09T15:53:17.8707629Z         "read_only_metadata",
2026-10-09T15:53:17.8707817Z         "stale_cache"
2026-10-09T15:53:17.8707972Z       ],
2026-10-09T15:53:17.8708117Z       "elapsed_ms": 0.539,
2026-10-09T15:53:17.8708287Z       "error_code": null,
2026-10-09T15:53:17.8708452Z       "id": "A16",
2026-10-09T15:53:17.8708610Z       "name": "Model Registry",
2026-10-09T15:53:17.8708896Z       "native_status": "LOCAL_REQUIRED",
2026-10-09T15:53:17.8709094Z       "outcome": "PASS",
2026-10-09T15:53:17.8709260Z       "scope": "MOCK_ONLY"
2026-10-09T15:53:17.8709422Z     },
2026-10-09T15:53:17.8709558Z     {
2026-10-09T15:53:17.8709697Z       "checks": [
2026-10-09T15:53:17.8709856Z         "synthetic_peer_crash",
2026-10-09T15:53:17.8710046Z         "no_successful_late_delivery"
2026-10-09T15:53:17.8710239Z       ],
2026-10-09T15:53:17.8710611Z       "elapsed_ms": 8.503,
2026-10-09T15:53:17.8710785Z       "error_code": null,
2026-10-09T15:53:17.8710952Z       "id": "A17",
2026-10-09T15:53:17.8711213Z       "name": "Tutor crash",
2026-10-09T15:53:17.8711405Z       "native_status": "LOCAL_REQUIRED",
2026-10-09T15:53:17.8711616Z       "outcome": "PASS",
2026-10-09T15:53:17.8711794Z       "scope": "MOCK_ONLY"
2026-10-09T15:53:17.8711965Z     },
2026-10-09T15:53:17.8712105Z     {
2026-10-09T15:53:17.8712245Z       "checks": [
2026-10-09T15:53:17.8712408Z         "simulated_host_shutdown",
2026-10-09T15:53:17.8712610Z         "volatile_session_revoked"
2026-10-09T15:53:17.8712790Z       ],
2026-10-09T15:53:17.8712932Z       "elapsed_ms": 8.523,
2026-10-09T15:53:17.8713104Z       "error_code": null,
2026-10-09T15:53:17.8713269Z       "id": "A18",
2026-10-09T15:53:17.8713420Z       "name": "Studio crash",
2026-10-09T15:53:17.8713604Z       "native_status": "LOCAL_REQUIRED",
2026-10-09T15:53:17.8713811Z       "outcome": "PASS",
2026-10-09T15:53:17.8713989Z       "scope": "MOCK_ONLY"
2026-10-09T15:53:17.8714151Z     },
2026-10-09T15:53:17.8714286Z     {
2026-10-09T15:53:17.8714421Z       "checks": [
2026-10-09T15:53:17.8714577Z         "fresh_instance",
2026-10-09T15:53:17.8714764Z         "no_session_or_standing_grant_restoration"
2026-10-09T15:53:17.8714976Z       ],
2026-10-09T15:53:17.8715114Z       "elapsed_ms": 8.935,
2026-10-09T15:53:17.8715279Z       "error_code": null,
2026-10-09T15:53:17.8715446Z       "id": "A19",
2026-10-09T15:53:17.8715609Z       "name": "Restart",
2026-10-09T15:53:17.8715794Z       "native_status": "LOCAL_REQUIRED",
2026-10-09T15:53:17.8715993Z       "outcome": "PASS",
2026-10-09T15:53:17.8716170Z       "scope": "MOCK_ONLY"
2026-10-09T15:53:17.8716329Z     },
2026-10-09T15:53:17.8716461Z     {
2026-10-09T15:53:17.8716597Z       "checks": [
2026-10-09T15:53:17.8716763Z         "product_upgrade_compatible",
2026-10-09T15:53:17.8716981Z         "optional_1_1_advertisement_selects_1_0",
2026-10-09T15:53:17.8717216Z         "unknown_major_rejected"
2026-10-09T15:53:17.8717398Z       ],
2026-10-09T15:53:17.8717548Z       "elapsed_ms": 7.133,
2026-10-09T15:53:17.8717726Z       "error_code": null,
2026-10-09T15:53:17.8717902Z       "id": "A20",
2026-10-09T15:53:17.8718075Z       "name": "Upgrade compatibility",
2026-10-09T15:53:17.8718285Z       "native_status": "LOCAL_REQUIRED",
2026-10-09T15:53:17.8718490Z       "outcome": "PASS",
2026-10-09T15:53:17.8718834Z       "scope": "MOCK_ONLY"
2026-10-09T15:53:17.8719041Z     },
2026-10-09T15:53:17.8719188Z     {
2026-10-09T15:53:17.8719332Z       "checks": [
2026-10-09T15:53:17.8719518Z         "distinct_windows_user_probe_required"
2026-10-09T15:53:17.8719735Z       ],
2026-10-09T15:53:17.8719882Z       "elapsed_ms": 0.0,
2026-10-09T15:53:17.8720059Z       "error_code": null,
2026-10-09T15:53:17.8720229Z       "id": "A21",
2026-10-09T15:53:17.8720401Z       "name": "Different Windows user",
2026-10-09T15:53:17.8720617Z       "native_status": "NOT_RUN",
2026-10-09T15:53:17.8720819Z       "outcome": "NOT_RUN",
2026-10-09T15:53:17.8721009Z       "scope": "NATIVE_REQUIRED"
2026-10-09T15:53:17.8721218Z     },
2026-10-09T15:53:17.8721357Z     {
2026-10-09T15:53:17.8721496Z       "checks": [
2026-10-09T15:53:17.8721668Z         "claimed_known_product_rejected",
2026-10-09T15:53:17.8721880Z         "no_installation_no_trust"
2026-10-09T15:53:17.8722064Z       ],
2026-10-09T15:53:17.8722215Z       "elapsed_ms": 0.287,
2026-10-09T15:53:17.8722392Z       "error_code": null,
2026-10-09T15:53:17.8722562Z       "id": "A22",
2026-10-09T15:53:17.8722723Z       "name": "Fake product_id",
2026-10-09T15:53:17.8722916Z       "native_status": "LOCAL_REQUIRED",
2026-10-09T15:53:17.8723114Z       "outcome": "PASS",
2026-10-09T15:53:17.8723281Z       "scope": "MOCK_ONLY"
2026-10-09T15:53:17.8723441Z     },
2026-10-09T15:53:17.8723584Z     {
2026-10-09T15:53:17.8723729Z       "checks": [
2026-10-09T15:53:17.8723903Z         "fixed_expiry",
2026-10-09T15:53:17.8724092Z         "heartbeat_does_not_extend",
2026-10-09T15:53:17.8724433Z         "expired_request_rejected"
2026-10-09T15:53:17.8724621Z       ],
2026-10-09T15:53:17.8724771Z       "elapsed_ms": 9.251,
2026-10-09T15:53:17.8725039Z       "error_code": null,
2026-10-09T15:53:17.8725215Z       "id": "A23",
2026-10-09T15:53:17.8725390Z       "name": "Expired session",
2026-10-09T15:53:17.8725594Z       "native_status": "LOCAL_REQUIRED",
2026-10-09T15:53:17.8725800Z       "outcome": "PASS",
2026-10-09T15:53:17.8725979Z       "scope": "MOCK_ONLY"
2026-10-09T15:53:17.8726148Z     },
2026-10-09T15:53:17.8726288Z     {
2026-10-09T15:53:17.8726429Z       "checks": [
2026-10-09T15:53:17.8726594Z         "offline_peer_isolated",
2026-10-09T15:53:17.8726788Z         "no_application_failure"
2026-10-09T15:53:17.8726971Z       ],
2026-10-09T15:53:17.8727125Z       "elapsed_ms": 0.361,
2026-10-09T15:53:17.8727303Z       "error_code": null,
2026-10-09T15:53:17.8727476Z       "id": "A24",
2026-10-09T15:53:17.8727636Z       "name": "Offline",
2026-10-09T15:53:17.8727828Z       "native_status": "LOCAL_REQUIRED",
2026-10-09T15:53:17.8728166Z       "outcome": "PASS",
2026-10-09T15:53:17.8728414Z       "scope": "MOCK_ONLY"
2026-10-09T15:53:17.8728585Z     }
2026-10-09T15:53:17.8728806Z   ],
2026-10-09T15:53:17.8729089Z   "scope": "Desktop preparation contract harness; real Desktop acceptance LOCAL_REQUIRED",
2026-10-09T15:53:17.8729428Z   "summary": {
2026-10-09T15:53:17.8729585Z     "FAIL": 0,
2026-10-09T15:53:17.8729736Z     "NOT_RUN": 1,
2026-10-09T15:53:17.8729895Z     "PASS": 23
2026-10-09T15:53:17.8730044Z   }
2026-10-09T15:53:17.8730192Z }
2026-10-09T15:53:17.8911162Z ##[group]Run python .github/ci/receipt.py "$CI_RECEIPTS"
2026-10-09T15:53:17.8911488Z [36;1mpython .github/ci/receipt.py "$CI_RECEIPTS"[0m
2026-10-09T15:53:17.8966657Z shell: /usr/bin/bash -e {0}
2026-10-09T15:53:17.8966863Z env:
2026-10-09T15:53:17.8967032Z   MOCK_PROVIDER: true
2026-10-09T15:53:17.8967211Z   ENABLE_CLOUD: false
2026-10-09T15:53:17.8967398Z   CREDENTIAL_VAULT_BACKEND: memory
2026-10-09T15:53:17.8967640Z   CREDENTIAL_VAULT_ALLOW_MEMORY_FALLBACK: true
2026-10-09T15:53:17.8967868Z   HF_HUB_OFFLINE: 1
2026-10-09T15:53:17.8968041Z   TRANSFORMERS_OFFLINE: 1
2026-10-09T15:53:17.8968275Z   pythonLocation: /opt/hostedtoolcache/Python/3.12.9/x64
2026-10-09T15:53:17.8968594Z   PKG_CONFIG_PATH: /opt/hostedtoolcache/Python/3.12.9/x64/lib/pkgconfig
2026-10-09T15:53:17.8969089Z   Python_ROOT_DIR: /opt/hostedtoolcache/Python/3.12.9/x64
2026-10-09T15:53:17.8969385Z   Python2_ROOT_DIR: /opt/hostedtoolcache/Python/3.12.9/x64
2026-10-09T15:53:17.8969695Z   Python3_ROOT_DIR: /opt/hostedtoolcache/Python/3.12.9/x64
2026-10-09T15:53:17.8969986Z   LD_LIBRARY_PATH: /opt/hostedtoolcache/Python/3.12.9/x64/lib
2026-10-09T15:53:17.8970277Z   CI_COVERAGE_SHA: 02a3f6e9908f785a308a4605e362f8876aed4d8b
2026-10-09T15:53:17.8970561Z   CI_COVERAGE_TREE: cd6989a19e5fd5e2400f2325fe696cae03d8eda7
2026-10-09T15:53:17.8970873Z   CI_SANDBOX: /home/runner/work/_temp/novel-ci-local-interop.IvEajw
2026-10-09T15:53:17.8971228Z   CI_PROJECT: /home/runner/work/_temp/novel-ci-local-interop.IvEajw/project
2026-10-09T15:53:17.8971607Z   CI_RECEIPTS: /home/runner/work/_temp/novel-ci-local-interop.IvEajw/receipts
2026-10-09T15:53:17.8971959Z   HOME: /home/runner/work/_temp/novel-ci-local-interop.IvEajw/home
2026-10-09T15:53:17.8972304Z   USERPROFILE: /home/runner/work/_temp/novel-ci-local-interop.IvEajw/home
2026-10-09T15:53:17.8972674Z   APPDATA: /home/runner/work/_temp/novel-ci-local-interop.IvEajw/appdata
2026-10-09T15:53:17.8973067Z   LOCALAPPDATA: /home/runner/work/_temp/novel-ci-local-interop.IvEajw/localappdata
2026-10-09T15:53:17.8973479Z   XDG_CONFIG_HOME: /home/runner/work/_temp/novel-ci-local-interop.IvEajw/config
2026-10-09T15:53:17.8973870Z   XDG_CACHE_HOME: /home/runner/work/_temp/novel-ci-local-interop.IvEajw/cache
2026-10-09T15:53:17.8974238Z   XDG_DATA_HOME: /home/runner/work/_temp/novel-ci-local-interop.IvEajw/data
2026-10-09T15:53:17.8974605Z   XDG_STATE_HOME: /home/runner/work/_temp/novel-ci-local-interop.IvEajw/state
2026-10-09T15:53:17.8975136Z   TMPDIR: /home/runner/work/_temp/novel-ci-local-interop.IvEajw/tmp
2026-10-09T15:53:17.8975465Z   TMP: /home/runner/work/_temp/novel-ci-local-interop.IvEajw/tmp
2026-10-09T15:53:17.8975782Z   TEMP: /home/runner/work/_temp/novel-ci-local-interop.IvEajw/tmp
2026-10-09T15:53:17.8976129Z   PROJECT_ROOT: /home/runner/work/_temp/novel-ci-local-interop.IvEajw/project
2026-10-09T15:53:17.8976523Z   NOVEL_DATA_PATH: /home/runner/work/_temp/novel-ci-local-interop.IvEajw/data/novels
2026-10-09T15:53:17.8976934Z   BACKUP_PATH: /home/runner/work/_temp/novel-ci-local-interop.IvEajw/data/backups
2026-10-09T15:53:17.8977375Z   DATABASE_BACKUP_PATH: /home/runner/work/_temp/novel-ci-local-interop.IvEajw/data/database-backups
2026-10-09T15:53:17.8977855Z   KNOWLEDGE_SOURCE_PATH: /home/runner/work/_temp/novel-ci-local-interop.IvEajw/data/novels
2026-10-09T15:53:17.8978186Z ##[endgroup]
2026-10-09T15:53:17.9312795Z {
2026-10-09T15:53:17.9314213Z   "revision": "checked_out_sha=02a3f6e9908f785a308a4605e362f8876aed4d8b\nevent_sha=02a3f6e9908f785a308a4605e362f8876aed4d8b\nrun_url=https://github.com/1785235376-blip/AI-Novel-Studio/actions/runs/37954826046\njob=local-interop\nplatform=Linux; native Windows host/AppContainer/installer=NOT RUN\n",
2026-10-09T15:53:17.9315668Z   "test_reports": {
2026-10-09T15:53:17.9315891Z     "local-interop.xml": {
2026-10-09T15:53:17.9316087Z       "tests": 413,
2026-10-09T15:53:17.9316256Z       "failures": 0,
2026-10-09T15:53:17.9316438Z       "errors": 0,
2026-10-09T15:53:17.9316632Z       "skipped": 68
2026-10-09T15:53:17.9316811Z     }
2026-10-09T15:53:17.9317209Z   },
2026-10-09T15:53:17.9317379Z   "report_status": "RECORDED",
2026-10-09T15:53:17.9317648Z   "native_windows_host_appcontainer_installer": "NOT RUN",
2026-10-09T15:53:17.9317948Z   "real_model_and_paid_provider_execution": "NOT RUN"
2026-10-09T15:53:17.9318191Z }
2026-10-09T15:53:17.9318270Z 
2026-10-09T15:53:17.9412222Z ##[group]Run actions/upload-artifact@v4.6.2
2026-10-09T15:53:17.9412465Z with:
2026-10-09T15:53:17.9412718Z   name: local-interop-file-02a3f6e9908f785a308a4605e362f8876aed4d8b
2026-10-09T15:53:17.9413094Z   path: /home/runner/work/_temp/novel-ci-local-interop.IvEajw/receipts
2026-10-09T15:53:17.9413387Z   if-no-files-found: error
2026-10-09T15:53:17.9413571Z   retention-days: 14
2026-10-09T15:53:17.9413748Z   compression-level: 6
2026-10-09T15:53:17.9413921Z   overwrite: false
2026-10-09T15:53:17.9414099Z   include-hidden-files: false
2026-10-09T15:53:17.9414287Z env:
2026-10-09T15:53:17.9414438Z   MOCK_PROVIDER: true
2026-10-09T15:53:17.9414608Z   ENABLE_CLOUD: false
2026-10-09T15:53:17.9414787Z   CREDENTIAL_VAULT_BACKEND: memory
2026-10-09T15:53:17.9415014Z   CREDENTIAL_VAULT_ALLOW_MEMORY_FALLBACK: true
2026-10-09T15:53:17.9415256Z   HF_HUB_OFFLINE: 1
2026-10-09T15:53:17.9415427Z   TRANSFORMERS_OFFLINE: 1
2026-10-09T15:53:17.9415692Z   pythonLocation: /opt/hostedtoolcache/Python/3.12.9/x64
2026-10-09T15:53:17.9416014Z   PKG_CONFIG_PATH: /opt/hostedtoolcache/Python/3.12.9/x64/lib/pkgconfig
2026-10-09T15:53:17.9416332Z   Python_ROOT_DIR: /opt/hostedtoolcache/Python/3.12.9/x64
2026-10-09T15:53:17.9416627Z   Python2_ROOT_DIR: /opt/hostedtoolcache/Python/3.12.9/x64
2026-10-09T15:53:17.9416925Z   Python3_ROOT_DIR: /opt/hostedtoolcache/Python/3.12.9/x64
2026-10-09T15:53:17.9417216Z   LD_LIBRARY_PATH: /opt/hostedtoolcache/Python/3.12.9/x64/lib
2026-10-09T15:53:17.9417506Z   CI_COVERAGE_SHA: 02a3f6e9908f785a308a4605e362f8876aed4d8b
2026-10-09T15:53:17.9417799Z   CI_COVERAGE_TREE: cd6989a19e5fd5e2400f2325fe696cae03d8eda7
2026-10-09T15:53:17.9418121Z   CI_SANDBOX: /home/runner/work/_temp/novel-ci-local-interop.IvEajw
2026-10-09T15:53:17.9418475Z   CI_PROJECT: /home/runner/work/_temp/novel-ci-local-interop.IvEajw/project
2026-10-09T15:53:17.9418944Z   CI_RECEIPTS: /home/runner/work/_temp/novel-ci-local-interop.IvEajw/receipts
2026-10-09T15:53:17.9419302Z   HOME: /home/runner/work/_temp/novel-ci-local-interop.IvEajw/home
2026-10-09T15:53:17.9419648Z   USERPROFILE: /home/runner/work/_temp/novel-ci-local-interop.IvEajw/home
2026-10-09T15:53:17.9420149Z   APPDATA: /home/runner/work/_temp/novel-ci-local-interop.IvEajw/appdata
2026-10-09T15:53:17.9420540Z   LOCALAPPDATA: /home/runner/work/_temp/novel-ci-local-interop.IvEajw/localappdata
2026-10-09T15:53:17.9420946Z   XDG_CONFIG_HOME: /home/runner/work/_temp/novel-ci-local-interop.IvEajw/config
2026-10-09T15:53:17.9421328Z   XDG_CACHE_HOME: /home/runner/work/_temp/novel-ci-local-interop.IvEajw/cache
2026-10-09T15:53:17.9421697Z   XDG_DATA_HOME: /home/runner/work/_temp/novel-ci-local-interop.IvEajw/data
2026-10-09T15:53:17.9422066Z   XDG_STATE_HOME: /home/runner/work/_temp/novel-ci-local-interop.IvEajw/state
2026-10-09T15:53:17.9422416Z   TMPDIR: /home/runner/work/_temp/novel-ci-local-interop.IvEajw/tmp
2026-10-09T15:53:17.9422741Z   TMP: /home/runner/work/_temp/novel-ci-local-interop.IvEajw/tmp
2026-10-09T15:53:17.9423064Z   TEMP: /home/runner/work/_temp/novel-ci-local-interop.IvEajw/tmp
2026-10-09T15:53:17.9423413Z   PROJECT_ROOT: /home/runner/work/_temp/novel-ci-local-interop.IvEajw/project
2026-10-09T15:53:17.9423815Z   NOVEL_DATA_PATH: /home/runner/work/_temp/novel-ci-local-interop.IvEajw/data/novels
2026-10-09T15:53:17.9424233Z   BACKUP_PATH: /home/runner/work/_temp/novel-ci-local-interop.IvEajw/data/backups
2026-10-09T15:53:17.9424694Z   DATABASE_BACKUP_PATH: /home/runner/work/_temp/novel-ci-local-interop.IvEajw/data/database-backups
2026-10-09T15:53:17.9425170Z   KNOWLEDGE_SOURCE_PATH: /home/runner/work/_temp/novel-ci-local-interop.IvEajw/data/novels
2026-10-09T15:53:17.9425504Z ##[endgroup]
2026-10-09T15:53:18.0774936Z (node:2375) [DEP0040] DeprecationWarning: The `punycode` module is deprecated. Please use a userland alternative instead.
2026-10-09T15:53:18.0775582Z (Use `node --trace-deprecation ...` to show where the warning was created)
2026-10-09T15:53:18.0818513Z With the provided path, there will be 8 files uploaded
2026-10-09T15:53:18.0822852Z Artifact name is valid!
2026-10-09T15:53:18.0823389Z Root directory input is valid!
2026-10-09T15:53:18.4105168Z Beginning upload of artifact content to blob storage
2026-10-09T15:53:18.4417368Z (node:2375) [DEP0169] DeprecationWarning: `url.parse()` behavior is not standardized and prone to errors that have security implications. Use the WHATWG URL API instead. CVEs are not issued for `url.parse()` vulnerabilities.
2026-10-09T15:53:18.6807854Z Uploaded bytes 41520
2026-10-09T15:53:18.7361815Z Finished uploading artifact content to blob storage!
2026-10-09T15:53:18.7362607Z SHA256 digest of uploaded artifact zip is 80927a6b405257f9aec0b3906f38a74b5bde05d35e7d3784de5ef05a90b2925b
2026-10-09T15:53:18.7364178Z Finalizing artifact upload
2026-10-09T15:53:19.0038452Z Artifact local-interop-file-02a3f6e9908f785a308a4605e362f8876aed4d8b.zip successfully finalized. Artifact ID 11627846482
2026-10-09T15:53:19.0039844Z Artifact local-interop-file-02a3f6e9908f785a308a4605e362f8876aed4d8b has been successfully uploaded! Final size is 41520 bytes. Artifact ID is 11627846482
2026-10-09T15:53:19.0044497Z Artifact download URL: https://github.com/1785235376-blip/AI-Novel-Studio/actions/runs/37954826046/artifacts/11627846482
2026-10-09T15:53:19.0200536Z Post job cleanup.
2026-10-09T15:53:19.1124689Z (node:2387) [DEP0040] DeprecationWarning: The `punycode` module is deprecated. Please use a userland alternative instead.
2026-10-09T15:53:19.1125316Z (Use `node --trace-deprecation ...` to show where the warning was created)
2026-10-09T15:53:19.1289617Z Post job cleanup.
2026-10-09T15:53:19.1991781Z [command]/usr/bin/git version
2026-10-09T15:53:19.2027281Z git version 2.55.0
2026-10-09T15:53:19.2055484Z Temporarily overriding HOME='/home/runner/work/_temp/acbc4731-41f0-4681-ad34-b637e8b43c20' before making global git config changes
2026-10-09T15:53:19.2056515Z Adding repository directory to the temporary git global config as a safe directory
2026-10-09T15:53:19.2061420Z [command]/usr/bin/git config --global --add safe.directory /home/runner/work/AI-Novel-Studio/AI-Novel-Studio
2026-10-09T15:53:19.2093863Z [command]/usr/bin/git config --local --name-only --get-regexp core\.sshCommand
2026-10-09T15:53:19.2124534Z [command]/usr/bin/git submodule foreach --recursive sh -c "git config --local --name-only --get-regexp 'core\.sshCommand' && git config --local --unset-all 'core.sshCommand' || :"
2026-10-09T15:53:19.2434698Z [command]/usr/bin/git config --local --name-only --get-regexp http\.https\:\/\/github\.com\/\.extraheader
2026-10-09T15:53:19.2505352Z [command]/usr/bin/git submodule foreach --recursive sh -c "git config --local --name-only --get-regexp 'http\.https\:\/\/github\.com\/\.extraheader' && git config --local --unset-all 'http.https://github.com/.extraheader' || :"
2026-10-09T15:53:19.2940283Z Cleaning up orphan processes
2026-10-09T15:53:19.3174100Z ##[warning]Node.js 20 is deprecated. The following actions target Node.js 20 but are being forced to run on Node.js 24: actions/checkout@v4.2.2, actions/setup-python@v5.6.0, actions/upload-artifact@v4.6.2. For more information see: https://github.blog/changelog/2025-09-19-deprecation-of-node-20-on-github-actions-runners/
