2026-10-09T15:51:30.4967581Z Current runner version: '2.337.0'
2026-10-09T15:51:30.4996535Z ##[group]Runner Image Provisioner
2026-10-09T15:51:30.4997689Z Hosted Compute Agent
2026-10-09T15:51:30.4998500Z Version: 20261002.596
2026-10-09T15:51:30.4999249Z Commit: c3d12f3313a95f25162a1503be624f3b0617f8c0
2026-10-09T15:51:30.5000228Z Build Date: 2026-10-02T22:28:27Z
2026-10-09T15:51:30.5001224Z Worker ID: {55a72b9b-2ea9-4fe8-9a4c-6a6e913a3aae}
2026-10-09T15:51:30.5002186Z Region: northcentralus
2026-10-09T15:51:30.5002980Z Cloud: Azure
2026-10-09T15:51:30.5003614Z ##[endgroup]
2026-10-09T15:51:30.5005553Z ##[group]Operating System
2026-10-09T15:51:30.5006305Z Ubuntu
2026-10-09T15:51:30.5006941Z 24.04.5
2026-10-09T15:51:30.5007596Z LTS
2026-10-09T15:51:30.5008171Z ##[endgroup]
2026-10-09T15:51:30.5008852Z ##[group]Runner Image
2026-10-09T15:51:30.5009549Z Image: ubuntu-24.04
2026-10-09T15:51:30.5010322Z Version: 20261004.327.1
2026-10-09T15:51:30.5011935Z Included Software: https://github.com/actions/runner-images/blob/ubuntu24/20261004.327/images/ubuntu/Ubuntu2404-Readme.md
2026-10-09T15:51:30.5013857Z Image Release: https://github.com/actions/runner-images/releases/tag/ubuntu24%2F20261004.327
2026-10-09T15:51:30.5015071Z ##[endgroup]
2026-10-09T15:51:30.5016486Z ##[group]GITHUB_TOKEN Permissions
2026-10-09T15:51:30.5018947Z Contents: read
2026-10-09T15:51:30.5019699Z Metadata: read
2026-10-09T15:51:30.5020409Z ##[endgroup]
2026-10-09T15:51:30.5023207Z Secret source: Actions
2026-10-09T15:51:30.5024352Z Cache mode: write
2026-10-09T15:51:30.5025305Z Prepare workflow directory
2026-10-09T15:51:30.5374450Z Prepare all required actions
2026-10-09T15:51:30.5430470Z Getting action download info
2026-10-09T15:51:30.7675620Z Download action repository 'actions/checkout@v4.2.2' (SHA:11bd71901bbe5b1630ceea73d27597364c9af683)
2026-10-09T15:51:31.0368019Z Download action repository 'actions/setup-node@v4.4.0' (SHA:49933ea5288caeca8642d1e84afbd3f7d6820020)
2026-10-09T15:51:31.1497096Z Download action repository 'actions/setup-python@v5.6.0' (SHA:a26af69be951a213d495a4c3e4e4022e16d87065)
2026-10-09T15:51:31.2511280Z Download action repository 'actions/upload-artifact@v4.6.2' (SHA:ea165f8d65b6e75b540449e92b4886f43607fa02)
2026-10-09T15:51:31.4983759Z Complete job name: V2 / Creative live workflows and geometry
2026-10-09T15:51:31.5773959Z ##[group]Run actions/checkout@v4.2.2
2026-10-09T15:51:31.5775097Z with:
2026-10-09T15:51:31.5775769Z   persist-credentials: false
2026-10-09T15:51:31.5776626Z   repository: 1785235376-blip/AI-Novel-Studio
2026-10-09T15:51:31.5783647Z   token: ***
2026-10-09T15:51:31.5784317Z   ssh-strict: true
2026-10-09T15:51:31.5785009Z   ssh-user: git
2026-10-09T15:51:31.5785670Z   clean: true
2026-10-09T15:51:31.5786371Z   sparse-checkout-cone-mode: true
2026-10-09T15:51:31.5787199Z   fetch-depth: 1
2026-10-09T15:51:31.5787867Z   fetch-tags: false
2026-10-09T15:51:31.5788563Z   show-progress: true
2026-10-09T15:51:31.5789256Z   lfs: false
2026-10-09T15:51:31.5789920Z   submodules: false
2026-10-09T15:51:31.5790640Z   set-safe-directory: true
2026-10-09T15:51:31.5791697Z env:
2026-10-09T15:51:31.5792313Z   MOCK_PROVIDER: true
2026-10-09T15:51:31.5793047Z   MOCK_STREAM_DELAY_MS: 0
2026-10-09T15:51:31.5793787Z   ENABLE_CLOUD: false
2026-10-09T15:51:31.5794529Z   CREDENTIAL_VAULT_BACKEND: memory
2026-10-09T15:51:31.5795478Z   CREDENTIAL_VAULT_ALLOW_MEMORY_FALLBACK: true
2026-10-09T15:51:31.5796615Z   PYTHONDONTWRITEBYTECODE: 1
2026-10-09T15:51:31.5797408Z   HF_HUB_OFFLINE: 1
2026-10-09T15:51:31.5798111Z   TRANSFORMERS_OFFLINE: 1
2026-10-09T15:51:31.5798846Z ##[endgroup]
2026-10-09T15:51:31.6673736Z Syncing repository: 1785235376-blip/AI-Novel-Studio
2026-10-09T15:51:31.6677252Z ##[group]Getting Git version info
2026-10-09T15:51:31.6679053Z Working directory is '/home/runner/work/AI-Novel-Studio/AI-Novel-Studio'
2026-10-09T15:51:31.6681947Z [command]/usr/bin/git version
2026-10-09T15:51:31.6727873Z git version 2.55.0
2026-10-09T15:51:31.6826462Z ##[endgroup]
2026-10-09T15:51:31.6836992Z Temporarily overriding HOME='/home/runner/work/_temp/da6bef2b-74b9-48c0-913a-e50b6ca3ecdb' before making global git config changes
2026-10-09T15:51:31.6841460Z Adding repository directory to the temporary git global config as a safe directory
2026-10-09T15:51:31.6844651Z [command]/usr/bin/git config --global --add safe.directory /home/runner/work/AI-Novel-Studio/AI-Novel-Studio
2026-10-09T15:51:31.6849356Z Deleting the contents of '/home/runner/work/AI-Novel-Studio/AI-Novel-Studio'
2026-10-09T15:51:31.6851331Z ##[group]Initializing the repository
2026-10-09T15:51:31.6852881Z [command]/usr/bin/git init /home/runner/work/AI-Novel-Studio/AI-Novel-Studio
2026-10-09T15:51:31.6904827Z hint: Using 'master' as the name for the initial branch. This default branch name
2026-10-09T15:51:31.6907869Z hint: will change to "main" in Git 3.0. To configure the initial branch name
2026-10-09T15:51:31.6910567Z hint: to use in all of your new repositories, which will suppress this warning,
2026-10-09T15:51:31.6912811Z hint: call:
2026-10-09T15:51:31.6913872Z hint:
2026-10-09T15:51:31.6915173Z hint: 	git config --global init.defaultBranch <name>
2026-10-09T15:51:31.6917095Z hint:
2026-10-09T15:51:31.6918746Z hint: Names commonly chosen instead of 'master' are 'main', 'trunk' and
2026-10-09T15:51:31.6921412Z hint: 'development'. The just-created branch can be renamed via this command:
2026-10-09T15:51:31.6923262Z hint:
2026-10-09T15:51:31.6924279Z hint: 	git branch -m <name>
2026-10-09T15:51:31.6925489Z hint:
2026-10-09T15:51:31.6927115Z hint: Disable this message with "git config set advice.defaultBranchName false"
2026-10-09T15:51:31.6929186Z Initialized empty Git repository in /home/runner/work/AI-Novel-Studio/AI-Novel-Studio/.git/
2026-10-09T15:51:31.6933186Z [command]/usr/bin/git remote add origin https://github.com/1785235376-blip/AI-Novel-Studio
2026-10-09T15:51:31.6971061Z ##[endgroup]
2026-10-09T15:51:31.6972926Z ##[group]Disabling automatic garbage collection
2026-10-09T15:51:31.6975498Z [command]/usr/bin/git config --local gc.auto 0
2026-10-09T15:51:31.7008572Z ##[endgroup]
2026-10-09T15:51:31.7010277Z ##[group]Setting up auth
2026-10-09T15:51:31.7016254Z [command]/usr/bin/git config --local --name-only --get-regexp core\.sshCommand
2026-10-09T15:51:31.7061148Z [command]/usr/bin/git submodule foreach --recursive sh -c "git config --local --name-only --get-regexp 'core\.sshCommand' && git config --local --unset-all 'core.sshCommand' || :"
2026-10-09T15:51:31.7383240Z [command]/usr/bin/git config --local --name-only --get-regexp http\.https\:\/\/github\.com\/\.extraheader
2026-10-09T15:51:31.7400662Z [command]/usr/bin/git submodule foreach --recursive sh -c "git config --local --name-only --get-regexp 'http\.https\:\/\/github\.com\/\.extraheader' && git config --local --unset-all 'http.https://github.com/.extraheader' || :"
2026-10-09T15:51:31.7617803Z [command]/usr/bin/git config --local http.https://github.com/.extraheader AUTHORIZATION: basic ***
2026-10-09T15:51:31.7656889Z ##[endgroup]
2026-10-09T15:51:31.7658077Z ##[group]Fetching the repository
2026-10-09T15:51:31.7666217Z [command]/usr/bin/git -c protocol.version=2 fetch --no-tags --prune --no-recurse-submodules --depth=1 origin +02a3f6e9908f785a308a4605e362f8876aed4d8b:refs/remotes/pull/47/merge
2026-10-09T15:51:36.2060650Z From https://github.com/1785235376-blip/AI-Novel-Studio
2026-10-09T15:51:36.2061718Z  * [new ref]         02a3f6e9908f785a308a4605e362f8876aed4d8b -> pull/47/merge
2026-10-09T15:51:36.2072548Z ##[endgroup]
2026-10-09T15:51:36.2073001Z ##[group]Determining the checkout info
2026-10-09T15:51:36.2073453Z ##[endgroup]
2026-10-09T15:51:36.2074781Z [command]/usr/bin/git sparse-checkout disable
2026-10-09T15:51:36.2124170Z [command]/usr/bin/git config --local --unset-all extensions.worktreeConfig
2026-10-09T15:51:36.2156824Z ##[group]Checking out the ref
2026-10-09T15:51:36.2160312Z [command]/usr/bin/git checkout --progress --force refs/remotes/pull/47/merge
2026-10-09T15:51:36.7797174Z Note: switching to 'refs/remotes/pull/47/merge'.
2026-10-09T15:51:36.7797512Z 
2026-10-09T15:51:36.7797706Z You are in 'detached HEAD' state. You can look around, make experimental
2026-10-09T15:51:36.7798578Z changes and commit them, and you can discard any commits you make in this
2026-10-09T15:51:36.7798959Z state without impacting any branches by switching back to a branch.
2026-10-09T15:51:36.7799257Z 
2026-10-09T15:51:36.7799438Z If you want to create a new branch to retain commits you create, you may
2026-10-09T15:51:36.7799818Z do so (now or later) by using -c with the switch command. Example:
2026-10-09T15:51:36.7800027Z 
2026-10-09T15:51:36.7800120Z   git switch -c <new-branch-name>
2026-10-09T15:51:36.7800286Z 
2026-10-09T15:51:36.7800392Z Or undo this operation with:
2026-10-09T15:51:36.7800537Z 
2026-10-09T15:51:36.7800622Z   git switch -
2026-10-09T15:51:36.7800753Z 
2026-10-09T15:51:36.7801068Z Turn off this advice by setting config variable advice.detachedHead to false
2026-10-09T15:51:36.7801310Z 
2026-10-09T15:51:36.7801591Z HEAD is now at 02a3f6e Merge 9851bdd2d692df983664bc8f4597fbc05c0e2ceb into fed2404c8e30b44061b7139dced45b7f3301601c
2026-10-09T15:51:36.7837880Z ##[endgroup]
2026-10-09T15:51:36.7881529Z [command]/usr/bin/git log -1 --format=%H
2026-10-09T15:51:36.7907140Z 02a3f6e9908f785a308a4605e362f8876aed4d8b
2026-10-09T15:51:36.7916118Z ##[group]Removing auth
2026-10-09T15:51:36.7919710Z [command]/usr/bin/git config --local --name-only --get-regexp core\.sshCommand
2026-10-09T15:51:36.7950739Z [command]/usr/bin/git submodule foreach --recursive sh -c "git config --local --name-only --get-regexp 'core\.sshCommand' && git config --local --unset-all 'core.sshCommand' || :"
2026-10-09T15:51:36.8156837Z [command]/usr/bin/git config --local --name-only --get-regexp http\.https\:\/\/github\.com\/\.extraheader
2026-10-09T15:51:36.8184895Z http.https://github.com/.extraheader
2026-10-09T15:51:36.8191187Z [command]/usr/bin/git config --local --unset-all http.https://github.com/.extraheader
2026-10-09T15:51:36.8225502Z [command]/usr/bin/git submodule foreach --recursive sh -c "git config --local --name-only --get-regexp 'http\.https\:\/\/github\.com\/\.extraheader' && git config --local --unset-all 'http.https://github.com/.extraheader' || :"
2026-10-09T15:51:36.8422892Z ##[endgroup]
2026-10-09T15:51:36.8690030Z ##[group]Run actions/setup-node@v4.4.0
2026-10-09T15:51:36.8690302Z with:
2026-10-09T15:51:36.8690472Z   node-version: 22.14.0
2026-10-09T15:51:36.8690660Z   always-auth: false
2026-10-09T15:51:36.8691082Z   check-latest: false
2026-10-09T15:51:36.8693100Z   token: ***
2026-10-09T15:51:36.8693269Z env:
2026-10-09T15:51:36.8693433Z   MOCK_PROVIDER: true
2026-10-09T15:51:36.8693629Z   MOCK_STREAM_DELAY_MS: 0
2026-10-09T15:51:36.8693817Z   ENABLE_CLOUD: false
2026-10-09T15:51:36.8694003Z   CREDENTIAL_VAULT_BACKEND: memory
2026-10-09T15:51:36.8694238Z   CREDENTIAL_VAULT_ALLOW_MEMORY_FALLBACK: true
2026-10-09T15:51:36.8694485Z   PYTHONDONTWRITEBYTECODE: 1
2026-10-09T15:51:36.8694685Z   HF_HUB_OFFLINE: 1
2026-10-09T15:51:36.8694856Z   TRANSFORMERS_OFFLINE: 1
2026-10-09T15:51:36.8695044Z ##[endgroup]
2026-10-09T15:51:36.9834103Z Attempting to download 22.14.0...
2026-10-09T15:51:36.9918447Z (node:2140) [DEP0040] DeprecationWarning: The `punycode` module is deprecated. Please use a userland alternative instead.
2026-10-09T15:51:36.9919356Z (Use `node --trace-deprecation ...` to show where the warning was created)
2026-10-09T15:51:37.7055149Z Acquiring 22.14.0 - x64 from https://github.com/actions/node-versions/releases/download/22.14.0-13265982013/node-22.14.0-linux-x64.tar.gz
2026-10-09T15:51:38.0339836Z Extracting ...
2026-10-09T15:51:38.0441079Z [command]/usr/bin/tar xz --strip 1 --warning=no-unknown-keyword --overwrite -C /home/runner/work/_temp/8be9958d-df83-4cfe-9b47-8032079bc52f -f /home/runner/work/_temp/be576d3b-290e-4516-955e-041e331ea836
2026-10-09T15:51:39.0370419Z Adding to the cache ...
2026-10-09T15:51:45.5793480Z ##[group]Environment details
2026-10-09T15:51:45.7554086Z node: v22.14.0
2026-10-09T15:51:45.7554361Z npm: 10.9.2
2026-10-09T15:51:45.7554534Z yarn: 1.22.22
2026-10-09T15:51:45.7555018Z ##[endgroup]
2026-10-09T15:51:45.7733769Z ##[group]Run actions/setup-python@v5.6.0
2026-10-09T15:51:45.7734009Z with:
2026-10-09T15:51:45.7734184Z   python-version: 3.12.9
2026-10-09T15:51:45.7734374Z   check-latest: false
2026-10-09T15:51:45.7736224Z   token: ***
2026-10-09T15:51:45.7736403Z   update-environment: true
2026-10-09T15:51:45.7736605Z   allow-prereleases: false
2026-10-09T15:51:45.7736790Z   freethreaded: false
2026-10-09T15:51:45.7736957Z env:
2026-10-09T15:51:45.7737116Z   MOCK_PROVIDER: true
2026-10-09T15:51:45.7737288Z   MOCK_STREAM_DELAY_MS: 0
2026-10-09T15:51:45.7737467Z   ENABLE_CLOUD: false
2026-10-09T15:51:45.7737644Z   CREDENTIAL_VAULT_BACKEND: memory
2026-10-09T15:51:45.7737872Z   CREDENTIAL_VAULT_ALLOW_MEMORY_FALLBACK: true
2026-10-09T15:51:45.7738111Z   PYTHONDONTWRITEBYTECODE: 1
2026-10-09T15:51:45.7738301Z   HF_HUB_OFFLINE: 1
2026-10-09T15:51:45.7738469Z   TRANSFORMERS_OFFLINE: 1
2026-10-09T15:51:45.7738651Z ##[endgroup]
2026-10-09T15:51:45.8822893Z ##[group]Installed versions
2026-10-09T15:51:45.8843461Z Version 3.12.9 was not found in the local cache
2026-10-09T15:51:45.8941189Z (node:2177) [DEP0040] DeprecationWarning: The `punycode` module is deprecated. Please use a userland alternative instead.
2026-10-09T15:51:45.8942226Z (Use `node --trace-deprecation ...` to show where the warning was created)
2026-10-09T15:51:46.6365155Z Version 3.12.9 is available for downloading
2026-10-09T15:51:46.6366395Z Download from "https://github.com/actions/python-versions/releases/download/3.12.9-13149478207/python-3.12.9-linux-24.04-x64.tar.gz"
2026-10-09T15:51:47.2400623Z Extract downloaded archive
2026-10-09T15:51:47.2500538Z [command]/usr/bin/tar xz --warning=no-unknown-keyword --overwrite -C /home/runner/work/_temp/dbda68b9-54da-4fea-af40-0b93c61ce12b -f /home/runner/work/_temp/ef215033-d9bd-4319-bb91-67b20e3c41cf
2026-10-09T15:51:48.9877580Z Execute installation script
2026-10-09T15:51:48.9966935Z Check if Python hostedtoolcache folder exist...
2026-10-09T15:51:48.9967806Z Create Python 3.12.9 folder
2026-10-09T15:51:48.9984824Z Copy Python binaries to hostedtoolcache folder
2026-10-09T15:51:49.3828176Z Create additional symlinks (Required for the UsePythonVersion Azure Pipelines task and the setup-python GitHub Action)
2026-10-09T15:51:49.3861445Z Upgrading pip...
2026-10-09T15:51:51.5329851Z Looking in links: /tmp/tmpvpcnuiul
2026-10-09T15:51:51.5333873Z Requirement already satisfied: pip in /opt/hostedtoolcache/Python/3.12.9/x64/lib/python3.12/site-packages (24.3.1)
2026-10-09T15:51:52.9412603Z Collecting pip
2026-10-09T15:51:52.9672547Z Downloading pip-26.2.1-py3-none-any.whl.metadata (4.6 kB)
2026-10-09T15:51:52.9735184Z Downloading pip-26.2.1-py3-none-any.whl (1.8 MB)
2026-10-09T15:51:53.0225918Z ━━━━━━━━━━━━━━━━━━━━━━━━━━━━━━━━━━━━━━━━ 1.8/1.8 MB 48.9 MB/s eta 0:00:00
2026-10-09T15:51:53.0226336Z 
2026-10-09T15:51:53.0397985Z Installing collected packages: pip
2026-10-09T15:51:53.0398523Z Attempting uninstall: pip
2026-10-09T15:51:53.0422223Z Found existing installation: pip 24.3.1
2026-10-09T15:51:53.0681624Z Uninstalling pip-24.3.1:
2026-10-09T15:51:53.0725877Z Successfully uninstalled pip-24.3.1
2026-10-09T15:51:53.8054479Z Successfully installed pip-26.2.1
2026-10-09T15:51:53.8638860Z Create complete file
2026-10-09T15:51:53.8670684Z Successfully set up CPython (3.12.9)
2026-10-09T15:51:53.8671274Z ##[endgroup]
2026-10-09T15:51:53.8807132Z ##[group]Run bash .github/ci/prepare.sh v2-creative-browser
2026-10-09T15:51:53.8807556Z [36;1mbash .github/ci/prepare.sh v2-creative-browser[0m
2026-10-09T15:51:54.0353053Z shell: /usr/bin/bash -e {0}
2026-10-09T15:51:54.0353319Z env:
2026-10-09T15:51:54.0353507Z   MOCK_PROVIDER: true
2026-10-09T15:51:54.0373028Z   MOCK_STREAM_DELAY_MS: 0
2026-10-09T15:51:54.0373274Z   ENABLE_CLOUD: false
2026-10-09T15:51:54.0373470Z   CREDENTIAL_VAULT_BACKEND: memory
2026-10-09T15:51:54.0373706Z   CREDENTIAL_VAULT_ALLOW_MEMORY_FALLBACK: true
2026-10-09T15:51:54.0373962Z   PYTHONDONTWRITEBYTECODE: 1
2026-10-09T15:51:54.0374162Z   HF_HUB_OFFLINE: 1
2026-10-09T15:51:54.0374341Z   TRANSFORMERS_OFFLINE: 1
2026-10-09T15:51:54.0374794Z   pythonLocation: /opt/hostedtoolcache/Python/3.12.9/x64
2026-10-09T15:51:54.0375137Z   PKG_CONFIG_PATH: /opt/hostedtoolcache/Python/3.12.9/x64/lib/pkgconfig
2026-10-09T15:51:54.0375463Z   Python_ROOT_DIR: /opt/hostedtoolcache/Python/3.12.9/x64
2026-10-09T15:51:54.0375804Z   Python2_ROOT_DIR: /opt/hostedtoolcache/Python/3.12.9/x64
2026-10-09T15:51:54.0376087Z   Python3_ROOT_DIR: /opt/hostedtoolcache/Python/3.12.9/x64
2026-10-09T15:51:54.0376370Z   LD_LIBRARY_PATH: /opt/hostedtoolcache/Python/3.12.9/x64/lib
2026-10-09T15:51:54.0376626Z ##[endgroup]
2026-10-09T15:51:54.6580577Z ##[group]Run npm install --global pnpm@10.6.5
2026-10-09T15:51:54.6581101Z [36;1mnpm install --global pnpm@10.6.5[0m
2026-10-09T15:51:54.6581369Z [36;1mpnpm install --frozen-lockfile[0m
2026-10-09T15:51:54.6581765Z [36;1m{ node --version; pnpm --version; sha256sum pnpm-lock.yaml; } > "$CI_RECEIPTS/frontend-tools.txt"[0m
2026-10-09T15:51:54.6582205Z [36;1mpnpm exec playwright install --with-deps chromium[0m
2026-10-09T15:51:54.6640786Z shell: /usr/bin/bash -e {0}
2026-10-09T15:51:54.6641148Z env:
2026-10-09T15:51:54.6641316Z   MOCK_PROVIDER: true
2026-10-09T15:51:54.6641501Z   MOCK_STREAM_DELAY_MS: 0
2026-10-09T15:51:54.6641693Z   ENABLE_CLOUD: false
2026-10-09T15:51:54.6641887Z   CREDENTIAL_VAULT_BACKEND: memory
2026-10-09T15:51:54.6642116Z   CREDENTIAL_VAULT_ALLOW_MEMORY_FALLBACK: true
2026-10-09T15:51:54.6642363Z   PYTHONDONTWRITEBYTECODE: 1
2026-10-09T15:51:54.6642554Z   HF_HUB_OFFLINE: 1
2026-10-09T15:51:54.6642726Z   TRANSFORMERS_OFFLINE: 1
2026-10-09T15:51:54.6643001Z   pythonLocation: /opt/hostedtoolcache/Python/3.12.9/x64
2026-10-09T15:51:54.6643336Z   PKG_CONFIG_PATH: /opt/hostedtoolcache/Python/3.12.9/x64/lib/pkgconfig
2026-10-09T15:51:54.6643654Z   Python_ROOT_DIR: /opt/hostedtoolcache/Python/3.12.9/x64
2026-10-09T15:51:54.6643942Z   Python2_ROOT_DIR: /opt/hostedtoolcache/Python/3.12.9/x64
2026-10-09T15:51:54.6644221Z   Python3_ROOT_DIR: /opt/hostedtoolcache/Python/3.12.9/x64
2026-10-09T15:51:54.6644516Z   LD_LIBRARY_PATH: /opt/hostedtoolcache/Python/3.12.9/x64/lib
2026-10-09T15:51:54.6644811Z   CI_COVERAGE_SHA: 02a3f6e9908f785a308a4605e362f8876aed4d8b
2026-10-09T15:51:54.6645103Z   CI_COVERAGE_TREE: cd6989a19e5fd5e2400f2325fe696cae03d8eda7
2026-10-09T15:51:54.6645433Z   CI_SANDBOX: /home/runner/work/_temp/novel-ci-v2-creative-browser.1YrAjm
2026-10-09T15:51:54.6645823Z   CI_PROJECT: /home/runner/work/_temp/novel-ci-v2-creative-browser.1YrAjm/project
2026-10-09T15:51:54.6646227Z   CI_RECEIPTS: /home/runner/work/_temp/novel-ci-v2-creative-browser.1YrAjm/receipts
2026-10-09T15:51:54.6646607Z   HOME: /home/runner/work/_temp/novel-ci-v2-creative-browser.1YrAjm/home
2026-10-09T15:51:54.6646982Z   USERPROFILE: /home/runner/work/_temp/novel-ci-v2-creative-browser.1YrAjm/home
2026-10-09T15:51:54.6647370Z   APPDATA: /home/runner/work/_temp/novel-ci-v2-creative-browser.1YrAjm/appdata
2026-10-09T15:51:54.6647786Z   LOCALAPPDATA: /home/runner/work/_temp/novel-ci-v2-creative-browser.1YrAjm/localappdata
2026-10-09T15:51:54.6648218Z   XDG_CONFIG_HOME: /home/runner/work/_temp/novel-ci-v2-creative-browser.1YrAjm/config
2026-10-09T15:51:54.6648619Z   XDG_CACHE_HOME: /home/runner/work/_temp/novel-ci-v2-creative-browser.1YrAjm/cache
2026-10-09T15:51:54.6649007Z   XDG_DATA_HOME: /home/runner/work/_temp/novel-ci-v2-creative-browser.1YrAjm/data
2026-10-09T15:51:54.6649388Z   XDG_STATE_HOME: /home/runner/work/_temp/novel-ci-v2-creative-browser.1YrAjm/state
2026-10-09T15:51:54.6649758Z   TMPDIR: /home/runner/work/_temp/novel-ci-v2-creative-browser.1YrAjm/tmp
2026-10-09T15:51:54.6650115Z   TMP: /home/runner/work/_temp/novel-ci-v2-creative-browser.1YrAjm/tmp
2026-10-09T15:51:54.6650476Z   TEMP: /home/runner/work/_temp/novel-ci-v2-creative-browser.1YrAjm/tmp
2026-10-09T15:51:54.6651019Z   PROJECT_ROOT: /home/runner/work/_temp/novel-ci-v2-creative-browser.1YrAjm/project
2026-10-09T15:51:54.6651475Z   NOVEL_DATA_PATH: /home/runner/work/_temp/novel-ci-v2-creative-browser.1YrAjm/data/novels
2026-10-09T15:51:54.6651924Z   BACKUP_PATH: /home/runner/work/_temp/novel-ci-v2-creative-browser.1YrAjm/data/backups
2026-10-09T15:51:54.6652632Z   DATABASE_BACKUP_PATH: /home/runner/work/_temp/novel-ci-v2-creative-browser.1YrAjm/data/database-backups
2026-10-09T15:51:54.6653159Z   KNOWLEDGE_SOURCE_PATH: /home/runner/work/_temp/novel-ci-v2-creative-browser.1YrAjm/data/novels
2026-10-09T15:51:54.6653503Z ##[endgroup]
2026-10-09T15:51:55.5817416Z 
2026-10-09T15:51:55.5818424Z added 1 package in 861ms
2026-10-09T15:51:55.5818705Z 
2026-10-09T15:51:55.5818923Z 1 package is looking for funding
2026-10-09T15:51:55.5819627Z   run `npm fund` for details
2026-10-09T15:51:55.9851129Z Lockfile is up to date, resolution step is skipped
2026-10-09T15:51:56.0093984Z Progress: resolved 1, reused 0, downloaded 0, added 0
2026-10-09T15:51:56.0442360Z Packages: +249
2026-10-09T15:51:56.0452096Z ++++++++++++++++++++++++++++++++++++++++++++++++++++++++++++++++++++++++++++++++
2026-10-09T15:51:57.0108099Z Progress: resolved 249, reused 0, downloaded 153, added 119
2026-10-09T15:51:57.3862232Z Progress: resolved 249, reused 0, downloaded 249, added 249, done
2026-10-09T15:51:57.4665076Z .../esbuild@0.25.12/node_modules/esbuild postinstall$ node install.js
2026-10-09T15:51:57.4670178Z .../esbuild@0.21.5/node_modules/esbuild postinstall$ node install.js
2026-10-09T15:51:57.5081860Z .../esbuild@0.25.12/node_modules/esbuild postinstall: Done
2026-10-09T15:51:57.5953817Z .../esbuild@0.21.5/node_modules/esbuild postinstall: Done
2026-10-09T15:51:57.7728776Z 
2026-10-09T15:51:57.7729277Z dependencies:
2026-10-09T15:51:57.7729625Z + @tanstack/react-query 5.101.4
2026-10-09T15:51:57.7729917Z + @tiptap/extension-placeholder 2.27.2
2026-10-09T15:51:57.7730162Z + @tiptap/react 2.27.2
2026-10-09T15:51:57.7730380Z + @tiptap/starter-kit 2.27.2
2026-10-09T15:51:57.7730601Z + lucide-react 0.468.0
2026-10-09T15:51:57.7730785Z + react 18.3.1
2026-10-09T15:51:57.7731183Z + react-dom 18.3.1
2026-10-09T15:51:57.7731357Z + zustand 5.0.14
2026-10-09T15:51:57.7731455Z 
2026-10-09T15:51:57.7731548Z devDependencies:
2026-10-09T15:51:57.7731736Z + @playwright/test 1.62.1
2026-10-09T15:51:57.7731970Z + @testing-library/react 16.3.2
2026-10-09T15:51:57.7732178Z + @types/node 22.13.10
2026-10-09T15:51:57.7732436Z + @types/react 18.3.31
2026-10-09T15:51:57.7732626Z + @types/react-dom 18.3.7
2026-10-09T15:51:57.7732832Z + @vitejs/plugin-react 4.7.0
2026-10-09T15:51:57.7733044Z + fountain-js 1.2.4
2026-10-09T15:51:57.7733215Z + jsdom 25.0.1
2026-10-09T15:51:57.7733396Z + typescript 5.9.3
2026-10-09T15:51:57.7733569Z + vite 6.4.3
2026-10-09T15:51:57.7733729Z + vitest 2.1.9
2026-10-09T15:51:57.7733824Z 
2026-10-09T15:51:57.7873856Z Done in 2.1s using pnpm v10.6.5
2026-10-09T15:51:58.6313547Z Installing dependencies...
2026-10-09T15:51:58.6368167Z Switching to root user to install dependencies...
2026-10-09T15:51:58.7222762Z Get:1 file:/etc/apt/apt-mirrors.txt Mirrorlist [144 B]
2026-10-09T15:51:58.7498781Z Get:6 https://packages.microsoft.com/ubuntu/24.04/prod noble InRelease [3600 B]
2026-10-09T15:51:58.7886774Z Hit:2 http://azure.archive.ubuntu.com/ubuntu noble InRelease
2026-10-09T15:51:58.7897649Z Get:3 http://azure.archive.ubuntu.com/ubuntu noble-updates InRelease [126 kB]
2026-10-09T15:51:58.8085244Z Get:4 http://azure.archive.ubuntu.com/ubuntu noble-backports InRelease [126 kB]
2026-10-09T15:51:58.8696973Z Get:5 http://azure.archive.ubuntu.com/ubuntu noble-security InRelease [126 kB]
2026-10-09T15:51:58.9063142Z Get:7 http://azure.archive.ubuntu.com/ubuntu noble-updates/main amd64 Packages [1375 kB]
2026-10-09T15:51:58.9189150Z Get:8 http://azure.archive.ubuntu.com/ubuntu noble-updates/main Translation-en [306 kB]
2026-10-09T15:51:58.9223601Z Get:9 http://azure.archive.ubuntu.com/ubuntu noble-updates/universe amd64 Packages [1702 kB]
2026-10-09T15:51:58.9298277Z Get:10 http://azure.archive.ubuntu.com/ubuntu noble-updates/universe Translation-en [342 kB]
2026-10-09T15:51:58.9323303Z Get:11 http://azure.archive.ubuntu.com/ubuntu noble-updates/restricted amd64 Packages [1761 kB]
2026-10-09T15:51:58.9410509Z Get:12 http://azure.archive.ubuntu.com/ubuntu noble-updates/restricted Translation-en [401 kB]
2026-10-09T15:51:58.9525231Z Get:15 https://packages.microsoft.com/ubuntu/24.04/prod noble/main all Packages [640 B]
2026-10-09T15:51:58.9565429Z Get:13 http://azure.archive.ubuntu.com/ubuntu noble-updates/multiverse amd64 Packages [55.0 kB]
2026-10-09T15:51:58.9579136Z Get:14 http://azure.archive.ubuntu.com/ubuntu noble-updates/multiverse Translation-en [14.3 kB]
2026-10-09T15:51:58.9586643Z Get:16 https://packages.microsoft.com/ubuntu/24.04/prod noble/main arm64 Packages [475 kB]
2026-10-09T15:51:58.9671378Z Get:17 https://packages.microsoft.com/ubuntu/24.04/prod noble/main armhf Packages [12.3 kB]
2026-10-09T15:51:58.9695567Z Get:18 https://packages.microsoft.com/ubuntu/24.04/prod noble/main amd64 Packages [531 kB]
2026-10-09T15:51:59.0522029Z Get:19 http://azure.archive.ubuntu.com/ubuntu noble-security/main amd64 Packages [1121 kB]
2026-10-09T15:51:59.0583072Z Get:20 http://azure.archive.ubuntu.com/ubuntu noble-security/main Translation-en [228 kB]
2026-10-09T15:51:59.1074073Z Get:21 http://azure.archive.ubuntu.com/ubuntu noble-security/universe amd64 Packages [1220 kB]
2026-10-09T15:51:59.1117370Z Get:22 http://azure.archive.ubuntu.com/ubuntu noble-security/universe Translation-en [245 kB]
2026-10-09T15:51:59.1140028Z Get:23 http://azure.archive.ubuntu.com/ubuntu noble-security/restricted amd64 Packages [1669 kB]
2026-10-09T15:51:59.1221347Z Get:24 http://azure.archive.ubuntu.com/ubuntu noble-security/restricted Translation-en [383 kB]
2026-10-09T15:51:59.1245780Z Get:25 http://azure.archive.ubuntu.com/ubuntu noble-security/multiverse amd64 Packages [49.8 kB]
2026-10-09T15:51:59.1257430Z Get:26 http://azure.archive.ubuntu.com/ubuntu noble-security/multiverse Translation-en [12.4 kB]
2026-10-09T15:52:06.4953984Z Fetched 12.3 MB in 1s (11.2 MB/s)
2026-10-09T15:52:07.2415450Z Reading package lists...
2026-10-09T15:52:07.2621537Z Reading package lists...
2026-10-09T15:52:07.4919204Z Building dependency tree...
2026-10-09T15:52:07.4925888Z Reading state information...
2026-10-09T15:52:07.6388531Z libasound2t64 is already the newest version (1.2.11-1ubuntu0.3).
2026-10-09T15:52:07.6389228Z libasound2t64 set to manually installed.
2026-10-09T15:52:07.6389862Z libatk-bridge2.0-0t64 is already the newest version (2.52.0-1build1).
2026-10-09T15:52:07.6390478Z libatk-bridge2.0-0t64 set to manually installed.
2026-10-09T15:52:07.6391256Z libatk1.0-0t64 is already the newest version (2.52.0-1build1).
2026-10-09T15:52:07.6391683Z libatk1.0-0t64 set to manually installed.
2026-10-09T15:52:07.6392169Z libatspi2.0-0t64 is already the newest version (2.52.0-1build1).
2026-10-09T15:52:07.6392578Z libatspi2.0-0t64 set to manually installed.
2026-10-09T15:52:07.6392901Z libcairo2 is already the newest version (1.18.0-3build1).
2026-10-09T15:52:07.6393212Z libcairo2 set to manually installed.
2026-10-09T15:52:07.6393540Z libcups2t64 is already the newest version (2.4.7-1.2ubuntu7.14).
2026-10-09T15:52:07.6393944Z libcups2t64 set to manually installed.
2026-10-09T15:52:07.6394364Z libdbus-1-3 is already the newest version (1.14.10-4ubuntu4.1).
2026-10-09T15:52:07.6394676Z libdbus-1-3 set to manually installed.
2026-10-09T15:52:07.6395004Z libdrm2 is already the newest version (2.4.125-1ubuntu0.1~24.04.2).
2026-10-09T15:52:07.6395317Z libdrm2 set to manually installed.
2026-10-09T15:52:07.6395695Z libgbm1 is already the newest version (25.2.8-0ubuntu0.24.04.4).
2026-10-09T15:52:07.6396027Z libgbm1 set to manually installed.
2026-10-09T15:52:07.6396337Z libglib2.0-0t64 is already the newest version (2.80.0-6ubuntu3.9).
2026-10-09T15:52:07.6396662Z libglib2.0-0t64 set to manually installed.
2026-10-09T15:52:07.6396996Z libnspr4 is already the newest version (2:4.35-1.1build1).
2026-10-09T15:52:07.6397388Z libnspr4 set to manually installed.
2026-10-09T15:52:07.6397806Z libnss3 is already the newest version (2:3.98-1ubuntu0.2).
2026-10-09T15:52:07.6398216Z libnss3 set to manually installed.
2026-10-09T15:52:07.6398676Z libpango-1.0-0 is already the newest version (1.52.1+ds-1build1).
2026-10-09T15:52:07.6399471Z libpango-1.0-0 set to manually installed.
2026-10-09T15:52:07.6399950Z libx11-6 is already the newest version (2:1.8.7-1build1).
2026-10-09T15:52:07.6400246Z libx11-6 set to manually installed.
2026-10-09T15:52:07.6400529Z libxcb1 is already the newest version (1.15-1ubuntu2).
2026-10-09T15:52:07.6400994Z libxcb1 set to manually installed.
2026-10-09T15:52:07.6401492Z libxcomposite1 is already the newest version (1:0.4.5-1build3).
2026-10-09T15:52:07.6402010Z libxcomposite1 set to manually installed.
2026-10-09T15:52:07.6402676Z libxdamage1 is already the newest version (1:1.1.6-1build1).
2026-10-09T15:52:07.6403007Z libxdamage1 set to manually installed.
2026-10-09T15:52:07.6403316Z libxext6 is already the newest version (2:1.3.4-1build2).
2026-10-09T15:52:07.6403602Z libxext6 set to manually installed.
2026-10-09T15:52:07.6403964Z libxfixes3 is already the newest version (1:6.0.0-2build1).
2026-10-09T15:52:07.6404422Z libxfixes3 set to manually installed.
2026-10-09T15:52:07.6404941Z libxkbcommon0 is already the newest version (1.6.0-1build1).
2026-10-09T15:52:07.6405453Z libxkbcommon0 set to manually installed.
2026-10-09T15:52:07.6405948Z libxrandr2 is already the newest version (2:1.5.2-2build1).
2026-10-09T15:52:07.6406434Z libxrandr2 set to manually installed.
2026-10-09T15:52:07.6406920Z xvfb is already the newest version (2:21.1.12-1ubuntu1.8).
2026-10-09T15:52:07.6407605Z fonts-noto-color-emoji is already the newest version (2.047-0ubuntu0.24.04.1).
2026-10-09T15:52:07.6408311Z libfontconfig1 is already the newest version (2.15.0-1.1ubuntu2).
2026-10-09T15:52:07.6408819Z libfontconfig1 set to manually installed.
2026-10-09T15:52:07.6409323Z fonts-liberation is already the newest version (1:2.1.5-3).
2026-10-09T15:52:07.6409814Z fonts-liberation set to manually installed.
2026-10-09T15:52:07.6410286Z The following additional packages will be installed:
2026-10-09T15:52:07.6411320Z   xfonts-encodings xfonts-utils
2026-10-09T15:52:07.6411802Z Recommended packages:
2026-10-09T15:52:07.6412147Z   fonts-ipafont-mincho fonts-tlwg-loma
2026-10-09T15:52:07.6727412Z The following NEW packages will be installed:
2026-10-09T15:52:07.6728180Z   fonts-freefont-ttf fonts-ipafont-gothic fonts-tlwg-loma-otf fonts-unifont
2026-10-09T15:52:07.6741195Z   fonts-wqy-zenhei xfonts-cyrillic xfonts-encodings xfonts-scalable
2026-10-09T15:52:07.6741644Z   xfonts-utils
2026-10-09T15:52:07.6748200Z The following packages will be upgraded:
2026-10-09T15:52:07.6753811Z   libfreetype6
2026-10-09T15:52:07.6907464Z 1 upgraded, 9 newly installed, 0 to remove and 22 not upgraded.
2026-10-09T15:52:07.6907859Z Need to get 21.5 MB of archives.
2026-10-09T15:52:07.6908210Z After this operation, 79.5 MB of additional disk space will be used.
2026-10-09T15:52:07.6908615Z Get:1 file:/etc/apt/apt-mirrors.txt Mirrorlist [144 B]
2026-10-09T15:52:07.8324987Z Get:2 http://azure.archive.ubuntu.com/ubuntu noble/universe amd64 fonts-ipafont-gothic all 00303-21ubuntu1 [3513 kB]
2026-10-09T15:52:07.9016240Z Get:3 http://azure.archive.ubuntu.com/ubuntu noble/main amd64 fonts-freefont-ttf all 20211204+svn4273-2 [5641 kB]
2026-10-09T15:52:08.0176326Z Get:4 http://azure.archive.ubuntu.com/ubuntu noble/universe amd64 fonts-tlwg-loma-otf all 1:0.7.3-1 [107 kB]
2026-10-09T15:52:08.1246062Z Get:5 http://azure.archive.ubuntu.com/ubuntu noble/universe amd64 fonts-unifont all 1:15.1.01-1build1 [2993 kB]
2026-10-09T15:52:08.2395800Z Get:6 http://azure.archive.ubuntu.com/ubuntu noble/universe amd64 fonts-wqy-zenhei all 0.9.45-8 [7472 kB]
2026-10-09T15:52:08.5087496Z Get:7 http://azure.archive.ubuntu.com/ubuntu noble-updates/main amd64 libfreetype6 amd64 2.13.2+dfsg-1ubuntu0.2 [403 kB]
2026-10-09T15:52:08.6581459Z Get:8 http://azure.archive.ubuntu.com/ubuntu noble/main amd64 xfonts-encodings all 1:1.0.5-0ubuntu2 [578 kB]
2026-10-09T15:52:08.7960743Z Get:9 http://azure.archive.ubuntu.com/ubuntu noble/main amd64 xfonts-utils amd64 1:7.7+6build3 [94.4 kB]
2026-10-09T15:52:08.9142719Z Get:10 http://azure.archive.ubuntu.com/ubuntu noble/universe amd64 xfonts-cyrillic all 1:1.0.5+nmu1 [384 kB]
2026-10-09T15:52:09.0350669Z Get:11 http://azure.archive.ubuntu.com/ubuntu noble/main amd64 xfonts-scalable all 1:1.0.3-1.3 [304 kB]
2026-10-09T15:52:09.4339575Z Fetched 21.5 MB in 1s (14.9 MB/s)
2026-10-09T15:52:09.9465267Z Selecting previously unselected package fonts-ipafont-gothic.
2026-10-09T15:52:09.9943150Z (Reading database ... 
2026-10-09T15:52:09.9943459Z (Reading database ... 5%
2026-10-09T15:52:09.9943685Z (Reading database ... 10%
2026-10-09T15:52:09.9943899Z (Reading database ... 15%
2026-10-09T15:52:09.9944375Z (Reading database ... 20%
2026-10-09T15:52:09.9944618Z (Reading database ... 25%
2026-10-09T15:52:09.9944899Z (Reading database ... 30%
2026-10-09T15:52:09.9945136Z (Reading database ... 35%
2026-10-09T15:52:09.9945324Z (Reading database ... 40%
2026-10-09T15:52:09.9945510Z (Reading database ... 45%
2026-10-09T15:52:09.9945701Z (Reading database ... 50%
2026-10-09T15:52:09.9978649Z (Reading database ... 55%
2026-10-09T15:52:10.1277305Z (Reading database ... 60%
2026-10-09T15:52:10.3341880Z (Reading database ... 65%
2026-10-09T15:52:10.5366695Z (Reading database ... 70%
2026-10-09T15:52:10.6937143Z (Reading database ... 75%
2026-10-09T15:52:10.8806454Z (Reading database ... 80%
2026-10-09T15:52:11.0722432Z (Reading database ... 85%
2026-10-09T15:52:11.2780731Z (Reading database ... 90%
2026-10-09T15:52:11.4468984Z (Reading database ... 95%
2026-10-09T15:52:11.4469295Z (Reading database ... 100%
2026-10-09T15:52:11.4469691Z (Reading database ... 203191 files and directories currently installed.)
2026-10-09T15:52:11.4511403Z Preparing to unpack .../0-fonts-ipafont-gothic_00303-21ubuntu1_all.deb ...
2026-10-09T15:52:11.5548469Z Unpacking fonts-ipafont-gothic (00303-21ubuntu1) ...
2026-10-09T15:52:12.2103091Z Selecting previously unselected package fonts-freefont-ttf.
2026-10-09T15:52:12.2218451Z Preparing to unpack .../1-fonts-freefont-ttf_20211204+svn4273-2_all.deb ...
2026-10-09T15:52:12.2224257Z Unpacking fonts-freefont-ttf (20211204+svn4273-2) ...
2026-10-09T15:52:12.3342062Z Selecting previously unselected package fonts-tlwg-loma-otf.
2026-10-09T15:52:12.3461316Z Preparing to unpack .../2-fonts-tlwg-loma-otf_1%3a0.7.3-1_all.deb ...
2026-10-09T15:52:12.3466042Z Unpacking fonts-tlwg-loma-otf (1:0.7.3-1) ...
2026-10-09T15:52:12.3650579Z Selecting previously unselected package fonts-unifont.
2026-10-09T15:52:12.3763577Z Preparing to unpack .../3-fonts-unifont_1%3a15.1.01-1build1_all.deb ...
2026-10-09T15:52:12.3916811Z Unpacking fonts-unifont (1:15.1.01-1build1) ...
2026-10-09T15:52:12.6086025Z Selecting previously unselected package fonts-wqy-zenhei.
2026-10-09T15:52:12.6198665Z Preparing to unpack .../4-fonts-wqy-zenhei_0.9.45-8_all.deb ...
2026-10-09T15:52:12.6289833Z Unpacking fonts-wqy-zenhei (0.9.45-8) ...
2026-10-09T15:52:13.1181373Z Preparing to unpack .../5-libfreetype6_2.13.2+dfsg-1ubuntu0.2_amd64.deb ...
2026-10-09T15:52:13.1202682Z Unpacking libfreetype6:amd64 (2.13.2+dfsg-1ubuntu0.2) over (2.13.2+dfsg-1ubuntu0.1) ...
2026-10-09T15:52:13.1456630Z Selecting previously unselected package xfonts-encodings.
2026-10-09T15:52:13.1572136Z Preparing to unpack .../6-xfonts-encodings_1%3a1.0.5-0ubuntu2_all.deb ...
2026-10-09T15:52:13.1577116Z Unpacking xfonts-encodings (1:1.0.5-0ubuntu2) ...
2026-10-09T15:52:13.1874687Z Selecting previously unselected package xfonts-utils.
2026-10-09T15:52:13.1989801Z Preparing to unpack .../7-xfonts-utils_1%3a7.7+6build3_amd64.deb ...
2026-10-09T15:52:13.1995533Z Unpacking xfonts-utils (1:7.7+6build3) ...
2026-10-09T15:52:13.2607533Z Selecting previously unselected package xfonts-cyrillic.
2026-10-09T15:52:13.2719532Z Preparing to unpack .../8-xfonts-cyrillic_1%3a1.0.5+nmu1_all.deb ...
2026-10-09T15:52:13.2725816Z Unpacking xfonts-cyrillic (1:1.0.5+nmu1) ...
2026-10-09T15:52:13.3016637Z Selecting previously unselected package xfonts-scalable.
2026-10-09T15:52:13.3129432Z Preparing to unpack .../9-xfonts-scalable_1%3a1.0.3-1.3_all.deb ...
2026-10-09T15:52:13.3247017Z Unpacking xfonts-scalable (1:1.0.3-1.3) ...
2026-10-09T15:52:13.3729010Z Setting up fonts-wqy-zenhei (0.9.45-8) ...
2026-10-09T15:52:13.3827493Z Setting up fonts-freefont-ttf (20211204+svn4273-2) ...
2026-10-09T15:52:13.3840767Z Setting up fonts-tlwg-loma-otf (1:0.7.3-1) ...
2026-10-09T15:52:13.3855869Z Setting up libfreetype6:amd64 (2.13.2+dfsg-1ubuntu0.2) ...
2026-10-09T15:52:13.3870039Z Setting up xfonts-encodings (1:1.0.5-0ubuntu2) ...
2026-10-09T15:52:13.3883717Z Setting up fonts-ipafont-gothic (00303-21ubuntu1) ...
2026-10-09T15:52:13.3940494Z update-alternatives: using /usr/share/fonts/opentype/ipafont-gothic/ipag.ttf to provide /usr/share/fonts/truetype/fonts-japanese-gothic.ttf (fonts-japanese-gothic.ttf) in auto mode
2026-10-09T15:52:13.3956635Z Setting up fonts-unifont (1:15.1.01-1build1) ...
2026-10-09T15:52:13.3972223Z Setting up xfonts-utils (1:7.7+6build3) ...
2026-10-09T15:52:13.4006867Z Setting up xfonts-cyrillic (1:1.0.5+nmu1) ...
2026-10-09T15:52:13.4248009Z Setting up xfonts-scalable (1:1.0.3-1.3) ...
2026-10-09T15:52:13.4482366Z Processing triggers for libc-bin (2.39-0ubuntu8.9) ...
2026-10-09T15:52:13.8262356Z Processing triggers for man-db (2.12.0-4build2) ...
2026-10-09T15:52:13.8279731Z Not building database; man-db/auto-update is not 'true'.
2026-10-09T15:52:13.8289581Z Processing triggers for fontconfig (2.15.0-1.1ubuntu2) ...
2026-10-09T15:52:14.7321997Z 
2026-10-09T15:52:14.7322536Z Running kernel seems to be up-to-date.
2026-10-09T15:52:14.7322772Z 
2026-10-09T15:52:14.7322875Z Restarting services...
2026-10-09T15:52:14.7391459Z  systemctl restart php8.3-fpm.service
2026-10-09T15:52:14.8501596Z 
2026-10-09T15:52:14.8502245Z No containers need to be restarted.
2026-10-09T15:52:14.8502561Z 
2026-10-09T15:52:14.8502793Z No user sessions are running outdated binaries.
2026-10-09T15:52:14.8503066Z 
2026-10-09T15:52:14.8503403Z No VM guests are running outdated hypervisor (qemu) binaries on this host.
2026-10-09T15:52:15.9357400Z Downloading Chrome for Testing 151.0.7922.34 (playwright chromium v1234) from https://cdn.playwright.dev/builds/cft/151.0.7922.34/linux64/chrome-linux64.zip
2026-10-09T15:52:16.9027638Z |                                                                                |   0% of 184.3 MiB
2026-10-09T15:52:17.0547784Z |■■■■■■■■                                                                        |  10% of 184.3 MiB
2026-10-09T15:52:17.1715115Z |■■■■■■■■■■■■■■■■                                                                |  20% of 184.3 MiB
2026-10-09T15:52:17.2522614Z |■■■■■■■■■■■■■■■■■■■■■■■■                                                        |  30% of 184.3 MiB
2026-10-09T15:52:17.3652297Z |■■■■■■■■■■■■■■■■■■■■■■■■■■■■■■■■                                                |  40% of 184.3 MiB
2026-10-09T15:52:17.5273232Z |■■■■■■■■■■■■■■■■■■■■■■■■■■■■■■■■■■■■■■■■                                        |  50% of 184.3 MiB
2026-10-09T15:52:17.6453981Z |■■■■■■■■■■■■■■■■■■■■■■■■■■■■■■■■■■■■■■■■■■■■■■■■                                |  60% of 184.3 MiB
2026-10-09T15:52:17.7859680Z |■■■■■■■■■■■■■■■■■■■■■■■■■■■■■■■■■■■■■■■■■■■■■■■■■■■■■■■■                        |  70% of 184.3 MiB
2026-10-09T15:52:17.8920010Z |■■■■■■■■■■■■■■■■■■■■■■■■■■■■■■■■■■■■■■■■■■■■■■■■■■■■■■■■■■■■■■■■                |  80% of 184.3 MiB
2026-10-09T15:52:18.1069378Z |■■■■■■■■■■■■■■■■■■■■■■■■■■■■■■■■■■■■■■■■■■■■■■■■■■■■■■■■■■■■■■■■■■■■■■■■        |  90% of 184.3 MiB
2026-10-09T15:52:18.2471687Z |■■■■■■■■■■■■■■■■■■■■■■■■■■■■■■■■■■■■■■■■■■■■■■■■■■■■■■■■■■■■■■■■■■■■■■■■■■■■■■■■| 100% of 184.3 MiB
2026-10-09T15:52:20.2659719Z Chrome for Testing 151.0.7922.34 (playwright chromium v1234) downloaded to /home/runner/work/_temp/novel-ci-v2-creative-browser.1YrAjm/cache/ms-playwright/chromium-1234
2026-10-09T15:52:20.2662265Z Downloading FFmpeg (playwright ffmpeg v1011) from https://cdn.playwright.dev/dbazure/download/playwright/builds/ffmpeg/1011/ffmpeg-linux.zip
2026-10-09T15:52:21.1811375Z |                                                                                |   0% of 2.3 MiB
2026-10-09T15:52:21.1862846Z |■■■■■■■■                                                                        |  10% of 2.3 MiB
2026-10-09T15:52:21.1911025Z |■■■■■■■■■■■■■■■■                                                                |  20% of 2.3 MiB
2026-10-09T15:52:21.1935263Z |■■■■■■■■■■■■■■■■■■■■■■■■                                                        |  30% of 2.3 MiB
2026-10-09T15:52:21.1959882Z |■■■■■■■■■■■■■■■■■■■■■■■■■■■■■■■■                                                |  40% of 2.3 MiB
2026-10-09T15:52:21.1978713Z |■■■■■■■■■■■■■■■■■■■■■■■■■■■■■■■■■■■■■■■■                                        |  50% of 2.3 MiB
2026-10-09T15:52:21.1992106Z |■■■■■■■■■■■■■■■■■■■■■■■■■■■■■■■■■■■■■■■■■■■■■■■■                                |  60% of 2.3 MiB
2026-10-09T15:52:21.2001624Z |■■■■■■■■■■■■■■■■■■■■■■■■■■■■■■■■■■■■■■■■■■■■■■■■■■■■■■■■                        |  70% of 2.3 MiB
2026-10-09T15:52:21.2019716Z |■■■■■■■■■■■■■■■■■■■■■■■■■■■■■■■■■■■■■■■■■■■■■■■■■■■■■■■■■■■■■■■■                |  80% of 2.3 MiB
2026-10-09T15:52:21.2028030Z |■■■■■■■■■■■■■■■■■■■■■■■■■■■■■■■■■■■■■■■■■■■■■■■■■■■■■■■■■■■■■■■■■■■■■■■■        |  90% of 2.3 MiB
2026-10-09T15:52:21.2035545Z |■■■■■■■■■■■■■■■■■■■■■■■■■■■■■■■■■■■■■■■■■■■■■■■■■■■■■■■■■■■■■■■■■■■■■■■■■■■■■■■■| 100% of 2.3 MiB
2026-10-09T15:52:21.2477199Z FFmpeg (playwright ffmpeg v1011) downloaded to /home/runner/work/_temp/novel-ci-v2-creative-browser.1YrAjm/cache/ms-playwright/ffmpeg-1011
2026-10-09T15:52:21.2479162Z Downloading Chrome Headless Shell 151.0.7922.34 (playwright chromium-headless-shell v1234) from https://cdn.playwright.dev/builds/cft/151.0.7922.34/linux64/chrome-headless-shell-linux64.zip
2026-10-09T15:52:22.1992168Z |                                                                                |   0% of 114.7 MiB
2026-10-09T15:52:22.3123090Z |■■■■■■■■                                                                        |  10% of 114.7 MiB
2026-10-09T15:52:22.3783284Z |■■■■■■■■■■■■■■■■                                                                |  20% of 114.7 MiB
2026-10-09T15:52:22.4348631Z |■■■■■■■■■■■■■■■■■■■■■■■■                                                        |  30% of 114.7 MiB
2026-10-09T15:52:22.4989555Z |■■■■■■■■■■■■■■■■■■■■■■■■■■■■■■■■                                                |  40% of 114.7 MiB
2026-10-09T15:52:22.5643719Z |■■■■■■■■■■■■■■■■■■■■■■■■■■■■■■■■■■■■■■■■                                        |  50% of 114.7 MiB
2026-10-09T15:52:22.6325289Z |■■■■■■■■■■■■■■■■■■■■■■■■■■■■■■■■■■■■■■■■■■■■■■■■                                |  60% of 114.7 MiB
2026-10-09T15:52:22.7032129Z |■■■■■■■■■■■■■■■■■■■■■■■■■■■■■■■■■■■■■■■■■■■■■■■■■■■■■■■■                        |  70% of 114.7 MiB
2026-10-09T15:52:22.7736750Z |■■■■■■■■■■■■■■■■■■■■■■■■■■■■■■■■■■■■■■■■■■■■■■■■■■■■■■■■■■■■■■■■                |  80% of 114.7 MiB
2026-10-09T15:52:22.8429970Z |■■■■■■■■■■■■■■■■■■■■■■■■■■■■■■■■■■■■■■■■■■■■■■■■■■■■■■■■■■■■■■■■■■■■■■■■        |  90% of 114.7 MiB
2026-10-09T15:52:22.9525612Z |■■■■■■■■■■■■■■■■■■■■■■■■■■■■■■■■■■■■■■■■■■■■■■■■■■■■■■■■■■■■■■■■■■■■■■■■■■■■■■■■| 100% of 114.7 MiB
2026-10-09T15:52:24.4128837Z Chrome Headless Shell 151.0.7922.34 (playwright chromium-headless-shell v1234) downloaded to /home/runner/work/_temp/novel-ci-v2-creative-browser.1YrAjm/cache/ms-playwright/chromium_headless_shell-1234
2026-10-09T15:52:24.4336525Z ##[group]Run python -m pip install -c .github/ci/python-constraints.txt -e '.[dev,fontbuild,otio,comic]'
2026-10-09T15:52:24.4337473Z [36;1mpython -m pip install -c .github/ci/python-constraints.txt -e '.[dev,fontbuild,otio,comic]'[0m
2026-10-09T15:52:24.4338091Z [36;1mpython -m pip check[0m
2026-10-09T15:52:24.4338582Z [36;1mpython -m pip freeze --exclude-editable > "$CI_RECEIPTS/python-packages.txt"[0m
2026-10-09T15:52:24.4404066Z shell: /usr/bin/bash -e {0}
2026-10-09T15:52:24.4404287Z env:
2026-10-09T15:52:24.4404447Z   MOCK_PROVIDER: true
2026-10-09T15:52:24.4404629Z   MOCK_STREAM_DELAY_MS: 0
2026-10-09T15:52:24.4404814Z   ENABLE_CLOUD: false
2026-10-09T15:52:24.4404996Z   CREDENTIAL_VAULT_BACKEND: memory
2026-10-09T15:52:24.4405236Z   CREDENTIAL_VAULT_ALLOW_MEMORY_FALLBACK: true
2026-10-09T15:52:24.4405497Z   PYTHONDONTWRITEBYTECODE: 1
2026-10-09T15:52:24.4405685Z   HF_HUB_OFFLINE: 1
2026-10-09T15:52:24.4405852Z   TRANSFORMERS_OFFLINE: 1
2026-10-09T15:52:24.4406122Z   pythonLocation: /opt/hostedtoolcache/Python/3.12.9/x64
2026-10-09T15:52:24.4406448Z   PKG_CONFIG_PATH: /opt/hostedtoolcache/Python/3.12.9/x64/lib/pkgconfig
2026-10-09T15:52:24.4406765Z   Python_ROOT_DIR: /opt/hostedtoolcache/Python/3.12.9/x64
2026-10-09T15:52:24.4407058Z   Python2_ROOT_DIR: /opt/hostedtoolcache/Python/3.12.9/x64
2026-10-09T15:52:24.4407350Z   Python3_ROOT_DIR: /opt/hostedtoolcache/Python/3.12.9/x64
2026-10-09T15:52:24.4407635Z   LD_LIBRARY_PATH: /opt/hostedtoolcache/Python/3.12.9/x64/lib
2026-10-09T15:52:24.4407922Z   CI_COVERAGE_SHA: 02a3f6e9908f785a308a4605e362f8876aed4d8b
2026-10-09T15:52:24.4408209Z   CI_COVERAGE_TREE: cd6989a19e5fd5e2400f2325fe696cae03d8eda7
2026-10-09T15:52:24.4408538Z   CI_SANDBOX: /home/runner/work/_temp/novel-ci-v2-creative-browser.1YrAjm
2026-10-09T15:52:24.4408927Z   CI_PROJECT: /home/runner/work/_temp/novel-ci-v2-creative-browser.1YrAjm/project
2026-10-09T15:52:24.4409325Z   CI_RECEIPTS: /home/runner/work/_temp/novel-ci-v2-creative-browser.1YrAjm/receipts
2026-10-09T15:52:24.4409702Z   HOME: /home/runner/work/_temp/novel-ci-v2-creative-browser.1YrAjm/home
2026-10-09T15:52:24.4410072Z   USERPROFILE: /home/runner/work/_temp/novel-ci-v2-creative-browser.1YrAjm/home
2026-10-09T15:52:24.4410461Z   APPDATA: /home/runner/work/_temp/novel-ci-v2-creative-browser.1YrAjm/appdata
2026-10-09T15:52:24.4411068Z   LOCALAPPDATA: /home/runner/work/_temp/novel-ci-v2-creative-browser.1YrAjm/localappdata
2026-10-09T15:52:24.4411509Z   XDG_CONFIG_HOME: /home/runner/work/_temp/novel-ci-v2-creative-browser.1YrAjm/config
2026-10-09T15:52:24.4411914Z   XDG_CACHE_HOME: /home/runner/work/_temp/novel-ci-v2-creative-browser.1YrAjm/cache
2026-10-09T15:52:24.4412316Z   XDG_DATA_HOME: /home/runner/work/_temp/novel-ci-v2-creative-browser.1YrAjm/data
2026-10-09T15:52:24.4412698Z   XDG_STATE_HOME: /home/runner/work/_temp/novel-ci-v2-creative-browser.1YrAjm/state
2026-10-09T15:52:24.4413254Z   TMPDIR: /home/runner/work/_temp/novel-ci-v2-creative-browser.1YrAjm/tmp
2026-10-09T15:52:24.4413613Z   TMP: /home/runner/work/_temp/novel-ci-v2-creative-browser.1YrAjm/tmp
2026-10-09T15:52:24.4413967Z   TEMP: /home/runner/work/_temp/novel-ci-v2-creative-browser.1YrAjm/tmp
2026-10-09T15:52:24.4414337Z   PROJECT_ROOT: /home/runner/work/_temp/novel-ci-v2-creative-browser.1YrAjm/project
2026-10-09T15:52:24.4414755Z   NOVEL_DATA_PATH: /home/runner/work/_temp/novel-ci-v2-creative-browser.1YrAjm/data/novels
2026-10-09T15:52:24.4415177Z   BACKUP_PATH: /home/runner/work/_temp/novel-ci-v2-creative-browser.1YrAjm/data/backups
2026-10-09T15:52:24.4415650Z   DATABASE_BACKUP_PATH: /home/runner/work/_temp/novel-ci-v2-creative-browser.1YrAjm/data/database-backups
2026-10-09T15:52:24.4416170Z   KNOWLEDGE_SOURCE_PATH: /home/runner/work/_temp/novel-ci-v2-creative-browser.1YrAjm/data/novels
2026-10-09T15:52:24.4416513Z ##[endgroup]
2026-10-09T15:52:25.2544982Z Obtaining file:///home/runner/work/_temp/novel-ci-v2-creative-browser.1YrAjm/project
2026-10-09T15:52:25.2560694Z   Installing build dependencies: started
2026-10-09T15:52:26.2801895Z   Installing build dependencies: finished with status 'done'
2026-10-09T15:52:26.2807487Z   Checking if build backend supports build_editable: started
2026-10-09T15:52:26.8695583Z   Checking if build backend supports build_editable: finished with status 'done'
2026-10-09T15:52:26.8702594Z   Getting requirements to build editable: started
2026-10-09T15:52:27.6360703Z   Getting requirements to build editable: finished with status 'done'
2026-10-09T15:52:27.6368667Z   Preparing editable metadata (pyproject.toml): started
2026-10-09T15:52:28.3969260Z   Preparing editable metadata (pyproject.toml): finished with status 'done'
2026-10-09T15:52:28.4873239Z Collecting fastapi<1,>=0.115 (from ai-novel-studio==0.7.0)
2026-10-09T15:52:28.5231902Z   Downloading fastapi-0.142.2-py3-none-any.whl.metadata (27 kB)
2026-10-09T15:52:28.6987165Z Collecting uvicorn<1,>=0.30 (from ai-novel-studio==0.7.0)
2026-10-09T15:52:28.7020693Z   Downloading uvicorn-0.54.0-py3-none-any.whl.metadata (6.6 kB)
2026-10-09T15:52:28.7152227Z Collecting psycopg<4,>=3.2 (from psycopg[binary]<4,>=3.2->ai-novel-studio==0.7.0)
2026-10-09T15:52:28.7181769Z   Downloading psycopg-3.3.6-py3-none-any.whl.metadata (4.4 kB)
2026-10-09T15:52:29.1993134Z Collecting sqlalchemy<3,>=2.0 (from ai-novel-studio==0.7.0)
2026-10-09T15:52:29.2047225Z   Downloading sqlalchemy-2.1.3-cp312-cp312-manylinux2014_x86_64.manylinux_2_17_x86_64.manylinux_2_28_x86_64.whl.metadata (9.7 kB)
2026-10-09T15:52:29.2433082Z Collecting httpx<1,>=0.27 (from ai-novel-studio==0.7.0)
2026-10-09T15:52:29.2465435Z   Downloading httpx-0.28.1-py3-none-any.whl.metadata (7.1 kB)
2026-10-09T15:52:29.2581485Z Collecting pydantic-settings<3,>=2.6 (from ai-novel-studio==0.7.0)
2026-10-09T15:52:29.2610142Z   Downloading pydantic_settings-2.15.0-py3-none-any.whl.metadata (3.9 kB)
2026-10-09T15:52:29.3356111Z Collecting reportlab<5,>=4.0 (from ai-novel-studio==0.7.0)
2026-10-09T15:52:29.3388647Z   Downloading reportlab-4.5.1-py3-none-any.whl.metadata (1.7 kB)
2026-10-09T15:52:29.3548648Z Collecting pypdf==6.19.0 (from ai-novel-studio==0.7.0)
2026-10-09T15:52:29.3578859Z   Downloading pypdf-6.19.0-py3-none-any.whl.metadata (7.5 kB)
2026-10-09T15:52:29.3742473Z Collecting jsonschema<5,>=4.18 (from ai-novel-studio==0.7.0)
2026-10-09T15:52:29.3773927Z   Downloading jsonschema-4.26.0-py3-none-any.whl.metadata (7.6 kB)
2026-10-09T15:52:29.3993820Z Collecting pytest<9,>=8 (from ai-novel-studio==0.7.0)
2026-10-09T15:52:29.4012438Z   Downloading pytest-8.4.2-py3-none-any.whl.metadata (7.7 kB)
2026-10-09T15:52:29.5029144Z Collecting fonttools==4.59.1 (from ai-novel-studio==0.7.0)
2026-10-09T15:52:29.5087433Z   Downloading fonttools-4.59.1-cp312-cp312-manylinux1_x86_64.manylinux2014_x86_64.manylinux_2_17_x86_64.manylinux_2_5_x86_64.whl.metadata (108 kB)
2026-10-09T15:52:29.5350274Z Collecting opentimelineio==0.18.1 (from ai-novel-studio==0.7.0)
2026-10-09T15:52:29.5386640Z   Downloading opentimelineio-0.18.1-cp312-cp312-manylinux2014_x86_64.manylinux_2_17_x86_64.whl.metadata (2.6 kB)
2026-10-09T15:52:29.6794123Z Collecting Pillow==12.3.0 (from ai-novel-studio==0.7.0)
2026-10-09T15:52:29.6826016Z   Downloading pillow-12.3.0-cp312-cp312-manylinux_2_27_x86_64.manylinux_2_28_x86_64.whl.metadata (9.1 kB)
2026-10-09T15:52:29.7203870Z Collecting starlette>=0.46.0 (from fastapi<1,>=0.115->ai-novel-studio==0.7.0)
2026-10-09T15:52:29.7235449Z   Downloading starlette-1.7.0-py3-none-any.whl.metadata (6.6 kB)
2026-10-09T15:52:29.7954850Z Collecting pydantic>=2.9.0 (from fastapi<1,>=0.115->ai-novel-studio==0.7.0)
2026-10-09T15:52:29.7990129Z   Downloading pydantic-2.13.5-py3-none-any.whl.metadata (110 kB)
2026-10-09T15:52:29.8138875Z Collecting typing-extensions>=4.8.0 (from fastapi<1,>=0.115->ai-novel-studio==0.7.0)
2026-10-09T15:52:29.8168435Z   Downloading typing_extensions-4.16.0-py3-none-any.whl.metadata (3.3 kB)
2026-10-09T15:52:29.8256884Z Collecting typing-inspection>=0.4.2 (from fastapi<1,>=0.115->ai-novel-studio==0.7.0)
2026-10-09T15:52:29.8286641Z   Downloading typing_inspection-0.4.4-py3-none-any.whl.metadata (2.6 kB)
2026-10-09T15:52:29.8369579Z Collecting annotated-doc>=0.0.2 (from fastapi<1,>=0.115->ai-novel-studio==0.7.0)
2026-10-09T15:52:29.8399228Z   Downloading annotated_doc-0.0.5-py3-none-any.whl.metadata (6.5 kB)
2026-10-09T15:52:29.8534481Z Collecting opentelemetry-api>=1.44.0 (from fastapi<1,>=0.115->ai-novel-studio==0.7.0)
2026-10-09T15:52:29.8562720Z   Downloading opentelemetry_api-1.45.0-py3-none-any.whl.metadata (1.4 kB)
2026-10-09T15:52:29.8699327Z Collecting anyio (from httpx<1,>=0.27->ai-novel-studio==0.7.0)
2026-10-09T15:52:29.8734831Z   Downloading anyio-4.15.1-py3-none-any.whl.metadata (4.7 kB)
2026-10-09T15:52:29.8863574Z Collecting certifi (from httpx<1,>=0.27->ai-novel-studio==0.7.0)
2026-10-09T15:52:29.8893987Z   Downloading certifi-2026.7.22-py3-none-any.whl.metadata (2.5 kB)
2026-10-09T15:52:29.9011069Z Collecting httpcore==1.* (from httpx<1,>=0.27->ai-novel-studio==0.7.0)
2026-10-09T15:52:29.9044189Z   Downloading httpcore-1.0.9-py3-none-any.whl.metadata (21 kB)
2026-10-09T15:52:29.9365896Z Collecting idna (from httpx<1,>=0.27->ai-novel-studio==0.7.0)
2026-10-09T15:52:29.9395229Z   Downloading idna-3.20-py3-none-any.whl.metadata (7.2 kB)
2026-10-09T15:52:29.9493957Z Collecting h11>=0.16 (from httpcore==1.*->httpx<1,>=0.27->ai-novel-studio==0.7.0)
2026-10-09T15:52:29.9523911Z   Downloading h11-0.16.0-py3-none-any.whl.metadata (8.3 kB)
2026-10-09T15:52:29.9629665Z Collecting attrs>=22.2.0 (from jsonschema<5,>=4.18->ai-novel-studio==0.7.0)
2026-10-09T15:52:29.9658232Z   Downloading attrs-26.1.0-py3-none-any.whl.metadata (8.8 kB)
2026-10-09T15:52:29.9754242Z Collecting jsonschema-specifications>=2023.03.6 (from jsonschema<5,>=4.18->ai-novel-studio==0.7.0)
2026-10-09T15:52:29.9782449Z   Downloading jsonschema_specifications-2025.9.1-py3-none-any.whl.metadata (2.9 kB)
2026-10-09T15:52:29.9935276Z Collecting referencing>=0.28.4 (from jsonschema<5,>=4.18->ai-novel-studio==0.7.0)
2026-10-09T15:52:29.9965161Z   Downloading referencing-0.37.0-py3-none-any.whl.metadata (2.8 kB)
2026-10-09T15:52:30.1842213Z Collecting rpds-py>=0.25.0 (from jsonschema<5,>=4.18->ai-novel-studio==0.7.0)
2026-10-09T15:52:30.1873452Z   Downloading rpds_py-2026.9.1-cp312-cp312-manylinux_2_17_x86_64.manylinux2014_x86_64.whl.metadata (4.1 kB)
2026-10-09T15:52:30.3646708Z Collecting psycopg-binary==3.3.6 (from psycopg[binary]<4,>=3.2->ai-novel-studio==0.7.0)
2026-10-09T15:52:30.3678368Z   Downloading psycopg_binary-3.3.6-cp312-cp312-manylinux2014_x86_64.manylinux_2_17_x86_64.whl.metadata (2.7 kB)
2026-10-09T15:52:30.4709450Z Collecting python-dotenv>=0.21.0 (from pydantic-settings<3,>=2.6->ai-novel-studio==0.7.0)
2026-10-09T15:52:30.4748595Z   Downloading python_dotenv-1.2.4-py3-none-any.whl.metadata (29 kB)
2026-10-09T15:52:30.4869125Z Collecting iniconfig>=1 (from pytest<9,>=8->ai-novel-studio==0.7.0)
2026-10-09T15:52:30.4899230Z   Downloading iniconfig-2.3.0-py3-none-any.whl.metadata (2.5 kB)
2026-10-09T15:52:30.5019596Z Collecting packaging>=20 (from pytest<9,>=8->ai-novel-studio==0.7.0)
2026-10-09T15:52:30.5058912Z   Downloading packaging-26.3-py3-none-any.whl.metadata (3.5 kB)
2026-10-09T15:52:30.5154973Z Collecting pluggy<2,>=1.5 (from pytest<9,>=8->ai-novel-studio==0.7.0)
2026-10-09T15:52:30.5184918Z   Downloading pluggy-1.6.0-py3-none-any.whl.metadata (4.8 kB)
2026-10-09T15:52:30.5316708Z Collecting pygments>=2.7.2 (from pytest<9,>=8->ai-novel-studio==0.7.0)
2026-10-09T15:52:30.5346786Z   Downloading pygments-2.21.0-py3-none-any.whl.metadata (2.5 kB)
2026-10-09T15:52:30.6282885Z Collecting charset-normalizer (from reportlab<5,>=4.0->ai-novel-studio==0.7.0)
2026-10-09T15:52:30.6317268Z   Downloading charset_normalizer-3.5.2-cp312-cp312-manylinux2014_x86_64.manylinux_2_17_x86_64.manylinux_2_28_x86_64.whl.metadata (46 kB)
2026-10-09T15:52:30.6891338Z Collecting click>=7.0 (from uvicorn<1,>=0.30->ai-novel-studio==0.7.0)
2026-10-09T15:52:30.6920779Z   Downloading click-8.5.0-py3-none-any.whl.metadata (2.6 kB)
2026-10-09T15:52:30.7056267Z Collecting annotated-types>=0.6.0 (from pydantic>=2.9.0->fastapi<1,>=0.115->ai-novel-studio==0.7.0)
2026-10-09T15:52:30.7088748Z   Downloading annotated_types-0.8.0-py3-none-any.whl.metadata (15 kB)
2026-10-09T15:52:31.2313876Z Collecting pydantic-core==2.46.5 (from pydantic>=2.9.0->fastapi<1,>=0.115->ai-novel-studio==0.7.0)
2026-10-09T15:52:31.2345510Z   Downloading pydantic_core-2.46.5-cp312-cp312-manylinux_2_17_x86_64.manylinux2014_x86_64.whl.metadata (6.6 kB)
2026-10-09T15:52:31.3685930Z Downloading fonttools-4.59.1-cp312-cp312-manylinux1_x86_64.manylinux2014_x86_64.manylinux_2_17_x86_64.manylinux_2_5_x86_64.whl (4.9 MB)
2026-10-09T15:52:31.4147911Z    ━━━━━━━━━━━━━━━━━━━━━━━━━━━━━━━━━━━━━━━━ 4.9/4.9 MB 109.6 MB/s  0:00:00
2026-10-09T15:52:31.4198696Z Downloading opentimelineio-0.18.1-cp312-cp312-manylinux2014_x86_64.manylinux_2_17_x86_64.whl (842 kB)
2026-10-09T15:52:31.4279679Z    ━━━━━━━━━━━━━━━━━━━━━━━━━━━━━━━━━━━━━━━━ 842.8/842.8 kB 93.4 MB/s  0:00:00
2026-10-09T15:52:31.4312610Z Downloading pillow-12.3.0-cp312-cp312-manylinux_2_27_x86_64.manylinux_2_28_x86_64.whl (6.9 MB)
2026-10-09T15:52:31.4828005Z    ━━━━━━━━━━━━━━━━━━━━━━━━━━━━━━━━━━━━━━━━ 6.9/6.9 MB 135.0 MB/s  0:00:00
2026-10-09T15:52:31.4862713Z Downloading pypdf-6.19.0-py3-none-any.whl (395 kB)
2026-10-09T15:52:31.4926290Z Downloading fastapi-0.142.2-py3-none-any.whl (144 kB)
2026-10-09T15:52:31.4976698Z Downloading httpx-0.28.1-py3-none-any.whl (73 kB)
2026-10-09T15:52:31.5021968Z Downloading httpcore-1.0.9-py3-none-any.whl (78 kB)
2026-10-09T15:52:31.5066044Z Downloading jsonschema-4.26.0-py3-none-any.whl (90 kB)
2026-10-09T15:52:31.5110689Z Downloading psycopg-3.3.6-py3-none-any.whl (215 kB)
2026-10-09T15:52:31.5164246Z Downloading psycopg_binary-3.3.6-cp312-cp312-manylinux2014_x86_64.manylinux_2_17_x86_64.whl (5.2 MB)
2026-10-09T15:52:31.5548963Z    ━━━━━━━━━━━━━━━━━━━━━━━━━━━━━━━━━━━━━━━━ 5.2/5.2 MB 138.1 MB/s  0:00:00
2026-10-09T15:52:31.5582587Z Downloading pydantic_settings-2.15.0-py3-none-any.whl (69 kB)
2026-10-09T15:52:31.5631092Z Downloading pytest-8.4.2-py3-none-any.whl (365 kB)
2026-10-09T15:52:31.5695004Z Downloading pluggy-1.6.0-py3-none-any.whl (20 kB)
2026-10-09T15:52:31.5742175Z Downloading reportlab-4.5.1-py3-none-any.whl (2.0 MB)
2026-10-09T15:52:31.6112469Z    ━━━━━━━━━━━━━━━━━━━━━━━━━━━━━━━━━━━━━━━━ 2.0/2.0 MB 48.5 MB/s  0:00:00
2026-10-09T15:52:31.6147744Z Downloading sqlalchemy-2.1.3-cp312-cp312-manylinux2014_x86_64.manylinux_2_17_x86_64.manylinux_2_28_x86_64.whl (4.7 MB)
2026-10-09T15:52:31.6503630Z    ━━━━━━━━━━━━━━━━━━━━━━━━━━━━━━━━━━━━━━━━ 4.7/4.7 MB 133.6 MB/s  0:00:00
2026-10-09T15:52:31.6535383Z Downloading uvicorn-0.54.0-py3-none-any.whl (87 kB)
2026-10-09T15:52:31.6582405Z Downloading annotated_doc-0.0.5-py3-none-any.whl (5.3 kB)
2026-10-09T15:52:31.6624604Z Downloading attrs-26.1.0-py3-none-any.whl (67 kB)
2026-10-09T15:52:31.6668558Z Downloading click-8.5.0-py3-none-any.whl (125 kB)
2026-10-09T15:52:31.6713231Z Downloading h11-0.16.0-py3-none-any.whl (37 kB)
2026-10-09T15:52:31.6777889Z Downloading iniconfig-2.3.0-py3-none-any.whl (7.5 kB)
2026-10-09T15:52:31.6819977Z Downloading jsonschema_specifications-2025.9.1-py3-none-any.whl (18 kB)
2026-10-09T15:52:31.6862702Z Downloading opentelemetry_api-1.45.0-py3-none-any.whl (60 kB)
2026-10-09T15:52:31.6910725Z Downloading packaging-26.3-py3-none-any.whl (129 kB)
2026-10-09T15:52:31.6956923Z Downloading pydantic-2.13.5-py3-none-any.whl (472 kB)
2026-10-09T15:52:31.7026204Z Downloading pydantic_core-2.46.5-cp312-cp312-manylinux_2_17_x86_64.manylinux2014_x86_64.whl (2.1 MB)
2026-10-09T15:52:31.7189433Z    ━━━━━━━━━━━━━━━━━━━━━━━━━━━━━━━━━━━━━━━━ 2.1/2.1 MB 127.7 MB/s  0:00:00
2026-10-09T15:52:31.7219180Z Downloading annotated_types-0.8.0-py3-none-any.whl (13 kB)
2026-10-09T15:52:31.7266586Z Downloading pygments-2.21.0-py3-none-any.whl (1.3 MB)
2026-10-09T15:52:31.7378504Z    ━━━━━━━━━━━━━━━━━━━━━━━━━━━━━━━━━━━━━━━━ 1.3/1.3 MB 109.7 MB/s  0:00:00
2026-10-09T15:52:31.7409061Z Downloading python_dotenv-1.2.4-py3-none-any.whl (23 kB)
2026-10-09T15:52:31.7451842Z Downloading referencing-0.37.0-py3-none-any.whl (26 kB)
2026-10-09T15:52:31.7496023Z Downloading rpds_py-2026.9.1-cp312-cp312-manylinux_2_17_x86_64.manylinux2014_x86_64.whl (371 kB)
2026-10-09T15:52:31.7555224Z Downloading starlette-1.7.0-py3-none-any.whl (78 kB)
2026-10-09T15:52:31.7598592Z Downloading anyio-4.15.1-py3-none-any.whl (132 kB)
2026-10-09T15:52:31.7643653Z Downloading idna-3.20-py3-none-any.whl (69 kB)
2026-10-09T15:52:31.7696805Z Downloading typing_extensions-4.16.0-py3-none-any.whl (45 kB)
2026-10-09T15:52:31.7742567Z Downloading typing_inspection-0.4.4-py3-none-any.whl (14 kB)
2026-10-09T15:52:31.7797526Z Downloading certifi-2026.7.22-py3-none-any.whl (136 kB)
2026-10-09T15:52:31.7846039Z Downloading charset_normalizer-3.5.2-cp312-cp312-manylinux2014_x86_64.manylinux_2_17_x86_64.manylinux_2_28_x86_64.whl (257 kB)
2026-10-09T15:52:31.8877276Z Building wheels for collected packages: ai-novel-studio
2026-10-09T15:52:31.8884639Z   Building editable for ai-novel-studio (pyproject.toml): started
2026-10-09T15:52:32.6880779Z   Building editable for ai-novel-studio (pyproject.toml): finished with status 'done'
2026-10-09T15:52:32.6886029Z   Created wheel for ai-novel-studio: filename=ai_novel_studio-0.7.0-0.editable-py3-none-any.whl size=3192 sha256=410f86c82526ceb620a0c53a183deeeb8f2036fe58694e2a0ce9f577ad63bc61
2026-10-09T15:52:32.6887821Z   Stored in directory: /home/runner/work/_temp/novel-ci-v2-creative-browser.1YrAjm/tmp/pip-ephem-wheel-cache-mfikc0kt/wheels/01/53/cc/16c15815a880635828b877dd61509f6804c7abef1cc458fe5c
2026-10-09T15:52:32.6901251Z Successfully built ai-novel-studio
2026-10-09T15:52:32.7682989Z Installing collected packages: typing-extensions, rpds-py, python-dotenv, pypdf, pygments, psycopg-binary, pluggy, Pillow, packaging, opentimelineio, iniconfig, idna, h11, fonttools, click, charset-normalizer, certifi, attrs, annotated-types, annotated-doc, uvicorn, typing-inspection, sqlalchemy, reportlab, referencing, pytest, pydantic-core, psycopg, opentelemetry-api, httpcore, anyio, starlette, pydantic, jsonschema-specifications, httpx, pydantic-settings, jsonschema, fastapi, ai-novel-studio
2026-10-09T15:52:39.5068540Z 
2026-10-09T15:52:39.5096641Z Successfully installed Pillow-12.3.0 ai-novel-studio-0.7.0 annotated-doc-0.0.5 annotated-types-0.8.0 anyio-4.15.1 attrs-26.1.0 certifi-2026.7.22 charset-normalizer-3.5.2 click-8.5.0 fastapi-0.142.2 fonttools-4.59.1 h11-0.16.0 httpcore-1.0.9 httpx-0.28.1 idna-3.20 iniconfig-2.3.0 jsonschema-4.26.0 jsonschema-specifications-2025.9.1 opentelemetry-api-1.45.0 opentimelineio-0.18.1 packaging-26.3 pluggy-1.6.0 psycopg-3.3.6 psycopg-binary-3.3.6 pydantic-2.13.5 pydantic-core-2.46.5 pydantic-settings-2.15.0 pygments-2.21.0 pypdf-6.19.0 pytest-8.4.2 python-dotenv-1.2.4 referencing-0.37.0 reportlab-4.5.1 rpds-py-2026.9.1 sqlalchemy-2.1.3 starlette-1.7.0 typing-extensions-4.16.0 typing-inspection-0.4.4 uvicorn-0.54.0
2026-10-09T15:52:40.2505726Z No broken requirements found.
2026-10-09T15:52:41.8142246Z ##[group]Run set -o pipefail
2026-10-09T15:52:41.8142521Z [36;1mset -o pipefail[0m
2026-10-09T15:52:41.8143091Z [36;1mV2_PYTHON=python CI_RECEIPTS="$CI_RECEIPTS/v2-creative-live" pnpm exec playwright test --config playwright.v2-live.config.ts 2>&1 | tee "$CI_RECEIPTS/v2-creative-live.log"[0m
2026-10-09T15:52:41.8200811Z shell: /usr/bin/bash -e {0}
2026-10-09T15:52:41.8201174Z env:
2026-10-09T15:52:41.8201341Z   MOCK_PROVIDER: true
2026-10-09T15:52:41.8201529Z   MOCK_STREAM_DELAY_MS: 0
2026-10-09T15:52:41.8201722Z   ENABLE_CLOUD: false
2026-10-09T15:52:41.8201918Z   CREDENTIAL_VAULT_BACKEND: memory
2026-10-09T15:52:41.8202150Z   CREDENTIAL_VAULT_ALLOW_MEMORY_FALLBACK: true
2026-10-09T15:52:41.8202394Z   PYTHONDONTWRITEBYTECODE: 1
2026-10-09T15:52:41.8202588Z   HF_HUB_OFFLINE: 1
2026-10-09T15:52:41.8202755Z   TRANSFORMERS_OFFLINE: 1
2026-10-09T15:52:41.8202983Z   pythonLocation: /opt/hostedtoolcache/Python/3.12.9/x64
2026-10-09T15:52:41.8203347Z   PKG_CONFIG_PATH: /opt/hostedtoolcache/Python/3.12.9/x64/lib/pkgconfig
2026-10-09T15:52:41.8203669Z   Python_ROOT_DIR: /opt/hostedtoolcache/Python/3.12.9/x64
2026-10-09T15:52:41.8203954Z   Python2_ROOT_DIR: /opt/hostedtoolcache/Python/3.12.9/x64
2026-10-09T15:52:41.8204229Z   Python3_ROOT_DIR: /opt/hostedtoolcache/Python/3.12.9/x64
2026-10-09T15:52:41.8204510Z   LD_LIBRARY_PATH: /opt/hostedtoolcache/Python/3.12.9/x64/lib
2026-10-09T15:52:41.8204797Z   CI_COVERAGE_SHA: 02a3f6e9908f785a308a4605e362f8876aed4d8b
2026-10-09T15:52:41.8205079Z   CI_COVERAGE_TREE: cd6989a19e5fd5e2400f2325fe696cae03d8eda7
2026-10-09T15:52:41.8205411Z   CI_SANDBOX: /home/runner/work/_temp/novel-ci-v2-creative-browser.1YrAjm
2026-10-09T15:52:41.8205799Z   CI_PROJECT: /home/runner/work/_temp/novel-ci-v2-creative-browser.1YrAjm/project
2026-10-09T15:52:41.8206203Z   CI_RECEIPTS: /home/runner/work/_temp/novel-ci-v2-creative-browser.1YrAjm/receipts
2026-10-09T15:52:41.8206618Z   HOME: /home/runner/work/_temp/novel-ci-v2-creative-browser.1YrAjm/home
2026-10-09T15:52:41.8206994Z   USERPROFILE: /home/runner/work/_temp/novel-ci-v2-creative-browser.1YrAjm/home
2026-10-09T15:52:41.8207388Z   APPDATA: /home/runner/work/_temp/novel-ci-v2-creative-browser.1YrAjm/appdata
2026-10-09T15:52:41.8207807Z   LOCALAPPDATA: /home/runner/work/_temp/novel-ci-v2-creative-browser.1YrAjm/localappdata
2026-10-09T15:52:41.8208235Z   XDG_CONFIG_HOME: /home/runner/work/_temp/novel-ci-v2-creative-browser.1YrAjm/config
2026-10-09T15:52:41.8208642Z   XDG_CACHE_HOME: /home/runner/work/_temp/novel-ci-v2-creative-browser.1YrAjm/cache
2026-10-09T15:52:41.8209035Z   XDG_DATA_HOME: /home/runner/work/_temp/novel-ci-v2-creative-browser.1YrAjm/data
2026-10-09T15:52:41.8209421Z   XDG_STATE_HOME: /home/runner/work/_temp/novel-ci-v2-creative-browser.1YrAjm/state
2026-10-09T15:52:41.8209790Z   TMPDIR: /home/runner/work/_temp/novel-ci-v2-creative-browser.1YrAjm/tmp
2026-10-09T15:52:41.8210140Z   TMP: /home/runner/work/_temp/novel-ci-v2-creative-browser.1YrAjm/tmp
2026-10-09T15:52:41.8210488Z   TEMP: /home/runner/work/_temp/novel-ci-v2-creative-browser.1YrAjm/tmp
2026-10-09T15:52:41.8211246Z   PROJECT_ROOT: /home/runner/work/_temp/novel-ci-v2-creative-browser.1YrAjm/project
2026-10-09T15:52:41.8211737Z   NOVEL_DATA_PATH: /home/runner/work/_temp/novel-ci-v2-creative-browser.1YrAjm/data/novels
2026-10-09T15:52:41.8212169Z   BACKUP_PATH: /home/runner/work/_temp/novel-ci-v2-creative-browser.1YrAjm/data/backups
2026-10-09T15:52:41.8212643Z   DATABASE_BACKUP_PATH: /home/runner/work/_temp/novel-ci-v2-creative-browser.1YrAjm/data/database-backups
2026-10-09T15:52:41.8213139Z   KNOWLEDGE_SOURCE_PATH: /home/runner/work/_temp/novel-ci-v2-creative-browser.1YrAjm/data/novels
2026-10-09T15:52:41.8213479Z ##[endgroup]
2026-10-09T15:52:56.3752018Z 
2026-10-09T15:52:56.3752793Z Running 7 tests using 1 worker
2026-10-09T15:52:56.3753061Z 
2026-10-09T15:53:06.8102310Z   ✓  1 [v2-live-chromium] › tests/e2e/v2-creative-live.spec.ts:111:1 › real File V2 authoring: reviewed direction, ordered storyboard, production history and restore preserve the manuscript (9.7s)
2026-10-09T15:53:10.0024731Z   ✓  2 [v2-live-chromium] › tests/e2e/v2-creative-live.spec.ts:206:1 › real File V2 cancel and navigation retain dirty drafts without duplicating accepted or cancelled proposals (3.2s)
2026-10-09T15:53:12.8362783Z   ✓  3 [v2-live-chromium] › tests/e2e/v2-creative-live.spec.ts:236:1 › real File V2 scope and stale-write fencing keeps the browser draft and rejects foreign sources (2.8s)
2026-10-09T15:53:13.7479110Z   ✓  4 [v2-live-chromium] › tests/e2e/v2-creative-live.spec.ts:282:1 › real HTTP File V2 lifecycle persists reviewed direction, order, history and restored content with unchanged manuscript (904ms)
2026-10-09T15:53:14.4430595Z   ✓  5 [v2-live-chromium] › tests/e2e/v2-creative-live.spec.ts:346:1 › real HTTP File V2 scope, cancel and stale source fences remain authoritative (688ms)
2026-10-09T15:53:18.9696078Z   ✓  6 [v1-chromium] › tests/e2e/v2-creative-live.spec.ts:267:1 › V1 default-off backend and browser never expose the V2 workbench or accept creative writes (4.0s)
2026-10-09T15:53:19.0639110Z   ✓  7 [v1-chromium] › tests/e2e/v2-creative-live.spec.ts:379:1 › real HTTP default-off gate advertises disabled capabilities and rejects creative reads and writes (83ms)
2026-10-09T15:53:19.1115729Z 
2026-10-09T15:53:19.1116592Z   7 passed (36.4s)
2026-10-09T15:53:19.1555602Z ##[group]Run set -o pipefail
2026-10-09T15:53:19.1555867Z [36;1mset -o pipefail[0m
2026-10-09T15:53:19.1556427Z [36;1mpnpm exec playwright test --config playwright.creative.config.ts --update-snapshots=none --reporter=list,junit 2>&1 | tee "$CI_RECEIPTS/v2-creative-workbench.log"[0m
2026-10-09T15:53:19.1613609Z shell: /usr/bin/bash -e {0}
2026-10-09T15:53:19.1613824Z env:
2026-10-09T15:53:19.1613987Z   MOCK_PROVIDER: true
2026-10-09T15:53:19.1614176Z   MOCK_STREAM_DELAY_MS: 0
2026-10-09T15:53:19.1614363Z   ENABLE_CLOUD: false
2026-10-09T15:53:19.1614545Z   CREDENTIAL_VAULT_BACKEND: memory
2026-10-09T15:53:19.1614780Z   CREDENTIAL_VAULT_ALLOW_MEMORY_FALLBACK: true
2026-10-09T15:53:19.1615027Z   PYTHONDONTWRITEBYTECODE: 1
2026-10-09T15:53:19.1615245Z   HF_HUB_OFFLINE: 1
2026-10-09T15:53:19.1615422Z   TRANSFORMERS_OFFLINE: 1
2026-10-09T15:53:19.1615658Z   pythonLocation: /opt/hostedtoolcache/Python/3.12.9/x64
2026-10-09T15:53:19.1616030Z   PKG_CONFIG_PATH: /opt/hostedtoolcache/Python/3.12.9/x64/lib/pkgconfig
2026-10-09T15:53:19.1616350Z   Python_ROOT_DIR: /opt/hostedtoolcache/Python/3.12.9/x64
2026-10-09T15:53:19.1616637Z   Python2_ROOT_DIR: /opt/hostedtoolcache/Python/3.12.9/x64
2026-10-09T15:53:19.1616922Z   Python3_ROOT_DIR: /opt/hostedtoolcache/Python/3.12.9/x64
2026-10-09T15:53:19.1617208Z   LD_LIBRARY_PATH: /opt/hostedtoolcache/Python/3.12.9/x64/lib
2026-10-09T15:53:19.1617495Z   CI_COVERAGE_SHA: 02a3f6e9908f785a308a4605e362f8876aed4d8b
2026-10-09T15:53:19.1617780Z   CI_COVERAGE_TREE: cd6989a19e5fd5e2400f2325fe696cae03d8eda7
2026-10-09T15:53:19.1618106Z   CI_SANDBOX: /home/runner/work/_temp/novel-ci-v2-creative-browser.1YrAjm
2026-10-09T15:53:19.1618505Z   CI_PROJECT: /home/runner/work/_temp/novel-ci-v2-creative-browser.1YrAjm/project
2026-10-09T15:53:19.1619099Z   CI_RECEIPTS: /home/runner/work/_temp/novel-ci-v2-creative-browser.1YrAjm/receipts
2026-10-09T15:53:19.1619488Z   HOME: /home/runner/work/_temp/novel-ci-v2-creative-browser.1YrAjm/home
2026-10-09T15:53:19.1619869Z   USERPROFILE: /home/runner/work/_temp/novel-ci-v2-creative-browser.1YrAjm/home
2026-10-09T15:53:19.1620256Z   APPDATA: /home/runner/work/_temp/novel-ci-v2-creative-browser.1YrAjm/appdata
2026-10-09T15:53:19.1620670Z   LOCALAPPDATA: /home/runner/work/_temp/novel-ci-v2-creative-browser.1YrAjm/localappdata
2026-10-09T15:53:19.1621292Z   XDG_CONFIG_HOME: /home/runner/work/_temp/novel-ci-v2-creative-browser.1YrAjm/config
2026-10-09T15:53:19.1621705Z   XDG_CACHE_HOME: /home/runner/work/_temp/novel-ci-v2-creative-browser.1YrAjm/cache
2026-10-09T15:53:19.1622103Z   XDG_DATA_HOME: /home/runner/work/_temp/novel-ci-v2-creative-browser.1YrAjm/data
2026-10-09T15:53:19.1622493Z   XDG_STATE_HOME: /home/runner/work/_temp/novel-ci-v2-creative-browser.1YrAjm/state
2026-10-09T15:53:19.1622876Z   TMPDIR: /home/runner/work/_temp/novel-ci-v2-creative-browser.1YrAjm/tmp
2026-10-09T15:53:19.1623228Z   TMP: /home/runner/work/_temp/novel-ci-v2-creative-browser.1YrAjm/tmp
2026-10-09T15:53:19.1623577Z   TEMP: /home/runner/work/_temp/novel-ci-v2-creative-browser.1YrAjm/tmp
2026-10-09T15:53:19.1623957Z   PROJECT_ROOT: /home/runner/work/_temp/novel-ci-v2-creative-browser.1YrAjm/project
2026-10-09T15:53:19.1624373Z   NOVEL_DATA_PATH: /home/runner/work/_temp/novel-ci-v2-creative-browser.1YrAjm/data/novels
2026-10-09T15:53:19.1624799Z   BACKUP_PATH: /home/runner/work/_temp/novel-ci-v2-creative-browser.1YrAjm/data/backups
2026-10-09T15:53:19.1625277Z   DATABASE_BACKUP_PATH: /home/runner/work/_temp/novel-ci-v2-creative-browser.1YrAjm/data/database-backups
2026-10-09T15:53:19.1625772Z   KNOWLEDGE_SOURCE_PATH: /home/runner/work/_temp/novel-ci-v2-creative-browser.1YrAjm/data/novels
2026-10-09T15:53:19.1626326Z   PLAYWRIGHT_JUNIT_OUTPUT_FILE: /home/runner/work/_temp/novel-ci-v2-creative-browser.1YrAjm/receipts/v2-creative-workbench.xml
2026-10-09T15:53:19.1626750Z ##[endgroup]
2026-10-09T15:53:20.5401573Z 
2026-10-09T15:53:20.5402168Z Running 8 tests using 1 worker
2026-10-09T15:53:20.5402465Z 
2026-10-09T15:53:23.8792697Z   ✓  1 [chromium] › tests/visual/creative-workbench.spec.ts:49:1 › V2 remains off with no creative API requests (2.7s)
2026-10-09T15:53:25.8967191Z   ✓  2 [chromium] › tests/visual/creative-workbench.spec.ts:51:1 › keyboard stages and cancelled exit preserve unsaved creative content (2.0s)
2026-10-09T15:53:27.8603372Z   ✓  3 [chromium] › tests/visual/creative-workbench.spec.ts:53:117 › V2 shared-shell geometry 1366x768 (2.0s)
2026-10-09T15:53:30.0197840Z   ✓  4 [chromium] › tests/visual/creative-workbench.spec.ts:53:117 › V2 shared-shell geometry 1440x900 (2.1s)
2026-10-09T15:53:32.2840634Z   ✓  5 [chromium] › tests/visual/creative-workbench.spec.ts:53:117 › V2 shared-shell geometry 1920x1080 (2.3s)
2026-10-09T15:53:33.9325995Z   ✓  6 [chromium] › tests/visual/creative-workbench.spec.ts:55:117 › V2 timeline header shields scrolled reorder controls 1366x768 (1.6s)
2026-10-09T15:53:35.5007915Z   ✓  7 [chromium] › tests/visual/creative-workbench.spec.ts:55:117 › V2 timeline header shields scrolled reorder controls 1440x900 (1.6s)
2026-10-09T15:53:37.5874389Z   ✓  8 [chromium] › tests/visual/creative-workbench.spec.ts:55:117 › V2 timeline header shields scrolled reorder controls 1920x1080 (2.1s)
2026-10-09T15:53:37.6676401Z 
2026-10-09T15:53:37.6680415Z   8 passed (17.6s)
2026-10-09T15:53:37.6930611Z ##[group]Run if [ -f "$CI_RECEIPTS/v2-creative-live/junit.xml" ]; then
2026-10-09T15:53:37.6931191Z [36;1mif [ -f "$CI_RECEIPTS/v2-creative-live/junit.xml" ]; then[0m
2026-10-09T15:53:37.6931579Z [36;1m  cp "$CI_RECEIPTS/v2-creative-live/junit.xml" "$CI_RECEIPTS/v2-creative-live.xml"[0m
2026-10-09T15:53:37.6931906Z [36;1mfi[0m
2026-10-09T15:53:37.6932115Z [36;1mpython3 .github/ci/receipt.py "$CI_RECEIPTS"[0m
2026-10-09T15:53:37.6989323Z shell: /usr/bin/bash -e {0}
2026-10-09T15:53:37.6989715Z env:
2026-10-09T15:53:37.6989879Z   MOCK_PROVIDER: true
2026-10-09T15:53:37.6990063Z   MOCK_STREAM_DELAY_MS: 0
2026-10-09T15:53:37.6990246Z   ENABLE_CLOUD: false
2026-10-09T15:53:37.6990422Z   CREDENTIAL_VAULT_BACKEND: memory
2026-10-09T15:53:37.6990652Z   CREDENTIAL_VAULT_ALLOW_MEMORY_FALLBACK: true
2026-10-09T15:53:37.6991115Z   PYTHONDONTWRITEBYTECODE: 1
2026-10-09T15:53:37.6991312Z   HF_HUB_OFFLINE: 1
2026-10-09T15:53:37.6991481Z   TRANSFORMERS_OFFLINE: 1
2026-10-09T15:53:37.6991764Z   pythonLocation: /opt/hostedtoolcache/Python/3.12.9/x64
2026-10-09T15:53:37.6992097Z   PKG_CONFIG_PATH: /opt/hostedtoolcache/Python/3.12.9/x64/lib/pkgconfig
2026-10-09T15:53:37.6992411Z   Python_ROOT_DIR: /opt/hostedtoolcache/Python/3.12.9/x64
2026-10-09T15:53:37.6992697Z   Python2_ROOT_DIR: /opt/hostedtoolcache/Python/3.12.9/x64
2026-10-09T15:53:37.6992979Z   Python3_ROOT_DIR: /opt/hostedtoolcache/Python/3.12.9/x64
2026-10-09T15:53:37.6993262Z   LD_LIBRARY_PATH: /opt/hostedtoolcache/Python/3.12.9/x64/lib
2026-10-09T15:53:37.6993556Z   CI_COVERAGE_SHA: 02a3f6e9908f785a308a4605e362f8876aed4d8b
2026-10-09T15:53:37.6993839Z   CI_COVERAGE_TREE: cd6989a19e5fd5e2400f2325fe696cae03d8eda7
2026-10-09T15:53:37.6994173Z   CI_SANDBOX: /home/runner/work/_temp/novel-ci-v2-creative-browser.1YrAjm
2026-10-09T15:53:37.6994562Z   CI_PROJECT: /home/runner/work/_temp/novel-ci-v2-creative-browser.1YrAjm/project
2026-10-09T15:53:37.6994965Z   CI_RECEIPTS: /home/runner/work/_temp/novel-ci-v2-creative-browser.1YrAjm/receipts
2026-10-09T15:53:37.6995346Z   HOME: /home/runner/work/_temp/novel-ci-v2-creative-browser.1YrAjm/home
2026-10-09T15:53:37.6995719Z   USERPROFILE: /home/runner/work/_temp/novel-ci-v2-creative-browser.1YrAjm/home
2026-10-09T15:53:37.6996103Z   APPDATA: /home/runner/work/_temp/novel-ci-v2-creative-browser.1YrAjm/appdata
2026-10-09T15:53:37.6996512Z   LOCALAPPDATA: /home/runner/work/_temp/novel-ci-v2-creative-browser.1YrAjm/localappdata
2026-10-09T15:53:37.6996938Z   XDG_CONFIG_HOME: /home/runner/work/_temp/novel-ci-v2-creative-browser.1YrAjm/config
2026-10-09T15:53:37.6997337Z   XDG_CACHE_HOME: /home/runner/work/_temp/novel-ci-v2-creative-browser.1YrAjm/cache
2026-10-09T15:53:37.6997729Z   XDG_DATA_HOME: /home/runner/work/_temp/novel-ci-v2-creative-browser.1YrAjm/data
2026-10-09T15:53:37.6998120Z   XDG_STATE_HOME: /home/runner/work/_temp/novel-ci-v2-creative-browser.1YrAjm/state
2026-10-09T15:53:37.6998493Z   TMPDIR: /home/runner/work/_temp/novel-ci-v2-creative-browser.1YrAjm/tmp
2026-10-09T15:53:37.6998845Z   TMP: /home/runner/work/_temp/novel-ci-v2-creative-browser.1YrAjm/tmp
2026-10-09T15:53:37.6999194Z   TEMP: /home/runner/work/_temp/novel-ci-v2-creative-browser.1YrAjm/tmp
2026-10-09T15:53:37.6999572Z   PROJECT_ROOT: /home/runner/work/_temp/novel-ci-v2-creative-browser.1YrAjm/project
2026-10-09T15:53:37.6999990Z   NOVEL_DATA_PATH: /home/runner/work/_temp/novel-ci-v2-creative-browser.1YrAjm/data/novels
2026-10-09T15:53:37.7000413Z   BACKUP_PATH: /home/runner/work/_temp/novel-ci-v2-creative-browser.1YrAjm/data/backups
2026-10-09T15:53:37.7001044Z   DATABASE_BACKUP_PATH: /home/runner/work/_temp/novel-ci-v2-creative-browser.1YrAjm/data/database-backups
2026-10-09T15:53:37.7001562Z   KNOWLEDGE_SOURCE_PATH: /home/runner/work/_temp/novel-ci-v2-creative-browser.1YrAjm/data/novels
2026-10-09T15:53:37.7001898Z ##[endgroup]
2026-10-09T15:53:37.8353954Z {
2026-10-09T15:53:37.8355320Z   "revision": "checked_out_sha=02a3f6e9908f785a308a4605e362f8876aed4d8b\nevent_sha=02a3f6e9908f785a308a4605e362f8876aed4d8b\nrun_url=https://github.com/1785235376-blip/AI-Novel-Studio/actions/runs/37954826041\njob=v2-creative-browser\nplatform=Linux; native Windows host/AppContainer/installer=NOT RUN\n",
2026-10-09T15:53:37.8356329Z   "test_reports": {
2026-10-09T15:53:37.8356526Z     "v2-creative-live.xml": {
2026-10-09T15:53:37.8356728Z       "tests": 7,
2026-10-09T15:53:37.8356910Z       "failures": 0,
2026-10-09T15:53:37.8357085Z       "errors": 0,
2026-10-09T15:53:37.8357284Z       "skipped": 0
2026-10-09T15:53:37.8357458Z     },
2026-10-09T15:53:37.8357817Z     "v2-creative-workbench.xml": {
2026-10-09T15:53:37.8358042Z       "tests": 8,
2026-10-09T15:53:37.8358210Z       "failures": 0,
2026-10-09T15:53:37.8358387Z       "errors": 0,
2026-10-09T15:53:37.8358559Z       "skipped": 0
2026-10-09T15:53:37.8358724Z     }
2026-10-09T15:53:37.8358876Z   },
2026-10-09T15:53:37.8359060Z   "report_status": "RECORDED",
2026-10-09T15:53:37.8359337Z   "native_windows_host_appcontainer_installer": "NOT RUN",
2026-10-09T15:53:37.8359660Z   "real_model_and_paid_provider_execution": "NOT RUN"
2026-10-09T15:53:37.8359905Z }
2026-10-09T15:53:37.8360091Z 
2026-10-09T15:53:37.8466948Z ##[group]Run actions/upload-artifact@v4.6.2
2026-10-09T15:53:37.8467227Z with:
2026-10-09T15:53:37.8467501Z   name: v2-creative-browser-02a3f6e9908f785a308a4605e362f8876aed4d8b-attempt-1
2026-10-09T15:53:37.8468208Z   path: /home/runner/work/_temp/novel-ci-v2-creative-browser.1YrAjm/receipts
/home/runner/work/_temp/novel-ci-v2-creative-browser.1YrAjm/project/frontend/test-results/creative-workbench

2026-10-09T15:53:37.8468849Z   if-no-files-found: error
2026-10-09T15:53:37.8469041Z   retention-days: 14
2026-10-09T15:53:37.8469218Z   compression-level: 6
2026-10-09T15:53:37.8469396Z   overwrite: false
2026-10-09T15:53:37.8469570Z   include-hidden-files: false
2026-10-09T15:53:37.8469760Z env:
2026-10-09T15:53:37.8469913Z   MOCK_PROVIDER: true
2026-10-09T15:53:37.8470088Z   MOCK_STREAM_DELAY_MS: 0
2026-10-09T15:53:37.8470266Z   ENABLE_CLOUD: false
2026-10-09T15:53:37.8470452Z   CREDENTIAL_VAULT_BACKEND: memory
2026-10-09T15:53:37.8470719Z   CREDENTIAL_VAULT_ALLOW_MEMORY_FALLBACK: true
2026-10-09T15:53:37.8471153Z   PYTHONDONTWRITEBYTECODE: 1
2026-10-09T15:53:37.8471353Z   HF_HUB_OFFLINE: 1
2026-10-09T15:53:37.8471525Z   TRANSFORMERS_OFFLINE: 1
2026-10-09T15:53:37.8471753Z   pythonLocation: /opt/hostedtoolcache/Python/3.12.9/x64
2026-10-09T15:53:37.8472075Z   PKG_CONFIG_PATH: /opt/hostedtoolcache/Python/3.12.9/x64/lib/pkgconfig
2026-10-09T15:53:37.8472395Z   Python_ROOT_DIR: /opt/hostedtoolcache/Python/3.12.9/x64
2026-10-09T15:53:37.8472699Z   Python2_ROOT_DIR: /opt/hostedtoolcache/Python/3.12.9/x64
2026-10-09T15:53:37.8472977Z   Python3_ROOT_DIR: /opt/hostedtoolcache/Python/3.12.9/x64
2026-10-09T15:53:37.8473269Z   LD_LIBRARY_PATH: /opt/hostedtoolcache/Python/3.12.9/x64/lib
2026-10-09T15:53:37.8473564Z   CI_COVERAGE_SHA: 02a3f6e9908f785a308a4605e362f8876aed4d8b
2026-10-09T15:53:37.8473850Z   CI_COVERAGE_TREE: cd6989a19e5fd5e2400f2325fe696cae03d8eda7
2026-10-09T15:53:37.8474181Z   CI_SANDBOX: /home/runner/work/_temp/novel-ci-v2-creative-browser.1YrAjm
2026-10-09T15:53:37.8474572Z   CI_PROJECT: /home/runner/work/_temp/novel-ci-v2-creative-browser.1YrAjm/project
2026-10-09T15:53:37.8474980Z   CI_RECEIPTS: /home/runner/work/_temp/novel-ci-v2-creative-browser.1YrAjm/receipts
2026-10-09T15:53:37.8475370Z   HOME: /home/runner/work/_temp/novel-ci-v2-creative-browser.1YrAjm/home
2026-10-09T15:53:37.8475752Z   USERPROFILE: /home/runner/work/_temp/novel-ci-v2-creative-browser.1YrAjm/home
2026-10-09T15:53:37.8476147Z   APPDATA: /home/runner/work/_temp/novel-ci-v2-creative-browser.1YrAjm/appdata
2026-10-09T15:53:37.8476563Z   LOCALAPPDATA: /home/runner/work/_temp/novel-ci-v2-creative-browser.1YrAjm/localappdata
2026-10-09T15:53:37.8476987Z   XDG_CONFIG_HOME: /home/runner/work/_temp/novel-ci-v2-creative-browser.1YrAjm/config
2026-10-09T15:53:37.8477390Z   XDG_CACHE_HOME: /home/runner/work/_temp/novel-ci-v2-creative-browser.1YrAjm/cache
2026-10-09T15:53:37.8477801Z   XDG_DATA_HOME: /home/runner/work/_temp/novel-ci-v2-creative-browser.1YrAjm/data
2026-10-09T15:53:37.8478197Z   XDG_STATE_HOME: /home/runner/work/_temp/novel-ci-v2-creative-browser.1YrAjm/state
2026-10-09T15:53:37.8478573Z   TMPDIR: /home/runner/work/_temp/novel-ci-v2-creative-browser.1YrAjm/tmp
2026-10-09T15:53:37.8478924Z   TMP: /home/runner/work/_temp/novel-ci-v2-creative-browser.1YrAjm/tmp
2026-10-09T15:53:37.8479262Z   TEMP: /home/runner/work/_temp/novel-ci-v2-creative-browser.1YrAjm/tmp
2026-10-09T15:53:37.8479631Z   PROJECT_ROOT: /home/runner/work/_temp/novel-ci-v2-creative-browser.1YrAjm/project
2026-10-09T15:53:37.8480247Z   NOVEL_DATA_PATH: /home/runner/work/_temp/novel-ci-v2-creative-browser.1YrAjm/data/novels
2026-10-09T15:53:37.8480709Z   BACKUP_PATH: /home/runner/work/_temp/novel-ci-v2-creative-browser.1YrAjm/data/backups
2026-10-09T15:53:37.8481349Z   DATABASE_BACKUP_PATH: /home/runner/work/_temp/novel-ci-v2-creative-browser.1YrAjm/data/database-backups
2026-10-09T15:53:37.8481859Z   KNOWLEDGE_SOURCE_PATH: /home/runner/work/_temp/novel-ci-v2-creative-browser.1YrAjm/data/novels
2026-10-09T15:53:37.8482208Z ##[endgroup]
2026-10-09T15:53:37.9922539Z (node:3593) [DEP0040] DeprecationWarning: The `punycode` module is deprecated. Please use a userland alternative instead.
2026-10-09T15:53:37.9923392Z (Use `node --trace-deprecation ...` to show where the warning was created)
2026-10-09T15:53:38.0192981Z Multiple search paths detected. Calculating the least common ancestor of all paths
2026-10-09T15:53:38.0195839Z The least common ancestor is /home/runner/work/_temp/novel-ci-v2-creative-browser.1YrAjm. This will be the root directory of the artifact
2026-10-09T15:53:38.0197027Z With the provided path, there will be 38 files uploaded
2026-10-09T15:53:38.0198012Z Artifact name is valid!
2026-10-09T15:53:38.0198560Z Root directory input is valid!
2026-10-09T15:53:38.2431135Z Beginning upload of artifact content to blob storage
2026-10-09T15:53:38.3964902Z (node:3593) [DEP0169] DeprecationWarning: `url.parse()` behavior is not standardized and prone to errors that have security implications. Use the WHATWG URL API instead. CVEs are not issued for `url.parse()` vulnerabilities.
2026-10-09T15:53:38.7511901Z Uploaded bytes 4200341
2026-10-09T15:53:38.7868946Z Finished uploading artifact content to blob storage!
2026-10-09T15:53:38.7872082Z SHA256 digest of uploaded artifact zip is 96223db21b362abfdbd744d453b72d610a4f42486c43258d3ededf34dcd08e99
2026-10-09T15:53:38.7872742Z Finalizing artifact upload
2026-10-09T15:53:39.0659066Z Artifact v2-creative-browser-02a3f6e9908f785a308a4605e362f8876aed4d8b-attempt-1.zip successfully finalized. Artifact ID 11627776741
2026-10-09T15:53:39.0660245Z Artifact v2-creative-browser-02a3f6e9908f785a308a4605e362f8876aed4d8b-attempt-1 has been successfully uploaded! Final size is 4200341 bytes. Artifact ID is 11627776741
2026-10-09T15:53:39.0664283Z Artifact download URL: https://github.com/1785235376-blip/AI-Novel-Studio/actions/runs/37954826041/artifacts/11627776741
2026-10-09T15:53:39.0838653Z Post job cleanup.
2026-10-09T15:53:39.1825949Z (node:3605) [DEP0040] DeprecationWarning: The `punycode` module is deprecated. Please use a userland alternative instead.
2026-10-09T15:53:39.1826612Z (Use `node --trace-deprecation ...` to show where the warning was created)
2026-10-09T15:53:39.1962676Z Post job cleanup.
2026-10-09T15:53:39.3065624Z (node:3613) [DEP0040] DeprecationWarning: The `punycode` module is deprecated. Please use a userland alternative instead.
2026-10-09T15:53:39.3066271Z (Use `node --trace-deprecation ...` to show where the warning was created)
2026-10-09T15:53:39.3250189Z Post job cleanup.
2026-10-09T15:53:39.4016577Z [command]/usr/bin/git version
2026-10-09T15:53:39.4053910Z git version 2.55.0
2026-10-09T15:53:39.4084930Z Temporarily overriding HOME='/home/runner/work/_temp/bd09f103-c838-4561-955d-ca259c70e6e1' before making global git config changes
2026-10-09T15:53:39.4086057Z Adding repository directory to the temporary git global config as a safe directory
2026-10-09T15:53:39.4088862Z [command]/usr/bin/git config --global --add safe.directory /home/runner/work/AI-Novel-Studio/AI-Novel-Studio
2026-10-09T15:53:39.4121430Z [command]/usr/bin/git config --local --name-only --get-regexp core\.sshCommand
2026-10-09T15:53:39.4151877Z [command]/usr/bin/git submodule foreach --recursive sh -c "git config --local --name-only --get-regexp 'core\.sshCommand' && git config --local --unset-all 'core.sshCommand' || :"
2026-10-09T15:53:39.4376597Z [command]/usr/bin/git config --local --name-only --get-regexp http\.https\:\/\/github\.com\/\.extraheader
2026-10-09T15:53:39.4407535Z [command]/usr/bin/git submodule foreach --recursive sh -c "git config --local --name-only --get-regexp 'http\.https\:\/\/github\.com\/\.extraheader' && git config --local --unset-all 'http.https://github.com/.extraheader' || :"
2026-10-09T15:53:39.4823528Z Cleaning up orphan processes
2026-10-09T15:53:39.5124739Z ##[warning]Node.js 20 is deprecated. The following actions target Node.js 20 but are being forced to run on Node.js 24: actions/checkout@v4.2.2, actions/setup-node@v4.4.0, actions/setup-python@v5.6.0, actions/upload-artifact@v4.6.2. For more information see: https://github.blog/changelog/2025-09-19-deprecation-of-node-20-on-github-actions-runners/
