2026-10-09T15:51:27.1994596Z Current runner version: '2.337.0'
2026-10-09T15:51:27.2018039Z ##[group]Runner Image Provisioner
2026-10-09T15:51:27.2019025Z Hosted Compute Agent
2026-10-09T15:51:27.2019634Z Version: 20261002.596
2026-10-09T15:51:27.2020303Z Commit: c3d12f3313a95f25162a1503be624f3b0617f8c0
2026-10-09T15:51:27.2021061Z Build Date: 2026-10-02T22:28:27Z
2026-10-09T15:51:27.2021790Z Worker ID: {a98d483f-143f-4e7c-81a4-d5effa2325a3}
2026-10-09T15:51:27.2022562Z Region: westus
2026-10-09T15:51:27.2023108Z Cloud: Azure
2026-10-09T15:51:27.2024264Z ##[endgroup]
2026-10-09T15:51:27.2026071Z ##[group]Operating System
2026-10-09T15:51:27.2026807Z Ubuntu
2026-10-09T15:51:27.2027409Z 24.04.5
2026-10-09T15:51:27.2027929Z LTS
2026-10-09T15:51:27.2028465Z ##[endgroup]
2026-10-09T15:51:27.2029137Z ##[group]Runner Image
2026-10-09T15:51:27.2029781Z Image: ubuntu-24.04
2026-10-09T15:51:27.2030419Z Version: 20261004.327.1
2026-10-09T15:51:27.2031715Z Included Software: https://github.com/actions/runner-images/blob/ubuntu24/20261004.327/images/ubuntu/Ubuntu2404-Readme.md
2026-10-09T15:51:27.2033447Z Image Release: https://github.com/actions/runner-images/releases/tag/ubuntu24%2F20261004.327
2026-10-09T15:51:27.2034841Z ##[endgroup]
2026-10-09T15:51:27.2036035Z ##[group]GITHUB_TOKEN Permissions
2026-10-09T15:51:27.2038144Z Contents: read
2026-10-09T15:51:27.2038874Z Metadata: read
2026-10-09T15:51:27.2039557Z ##[endgroup]
2026-10-09T15:51:27.2041632Z Secret source: Actions
2026-10-09T15:51:27.2042688Z Cache mode: write
2026-10-09T15:51:27.2043376Z Prepare workflow directory
2026-10-09T15:51:27.2447682Z Prepare all required actions
2026-10-09T15:51:27.2497541Z Getting action download info
2026-10-09T15:51:27.6223099Z Download action repository 'actions/checkout@v4.2.2' (SHA:11bd71901bbe5b1630ceea73d27597364c9af683)
2026-10-09T15:51:27.7486229Z Download action repository 'actions/setup-python@v5.6.0' (SHA:a26af69be951a213d495a4c3e4e4022e16d87065)
2026-10-09T15:51:27.8289772Z Download action repository 'actions/upload-artifact@v4.6.2' (SHA:ea165f8d65b6e75b540449e92b4886f43607fa02)
2026-10-09T15:51:28.0395445Z Complete job name: Backend execution / original File TCP
2026-10-09T15:51:28.1161623Z ##[group]Run actions/checkout@v4.2.2
2026-10-09T15:51:28.1162525Z with:
2026-10-09T15:51:28.1162975Z   persist-credentials: false
2026-10-09T15:51:28.1163534Z   repository: 1785235376-blip/AI-Novel-Studio
2026-10-09T15:51:28.1167445Z   token: ***
2026-10-09T15:51:28.1167883Z   ssh-strict: true
2026-10-09T15:51:28.1168318Z   ssh-user: git
2026-10-09T15:51:28.1168733Z   clean: true
2026-10-09T15:51:28.1169172Z   sparse-checkout-cone-mode: true
2026-10-09T15:51:28.1169701Z   fetch-depth: 1
2026-10-09T15:51:28.1170124Z   fetch-tags: false
2026-10-09T15:51:28.1170572Z   show-progress: true
2026-10-09T15:51:28.1171089Z   lfs: false
2026-10-09T15:51:28.1171562Z   submodules: false
2026-10-09T15:51:28.1172043Z   set-safe-directory: true
2026-10-09T15:51:28.1172772Z env:
2026-10-09T15:51:28.1173186Z   MOCK_PROVIDER: true
2026-10-09T15:51:28.1173645Z   MOCK_STREAM_DELAY_MS: 0
2026-10-09T15:51:28.1174303Z   ENABLE_CLOUD: false
2026-10-09T15:51:28.1174770Z   CREDENTIAL_VAULT_BACKEND: memory
2026-10-09T15:51:28.1175380Z   CREDENTIAL_VAULT_ALLOW_MEMORY_FALLBACK: true
2026-10-09T15:51:28.1175993Z   PYTHONDONTWRITEBYTECODE: 1
2026-10-09T15:51:28.1176485Z   HF_HUB_OFFLINE: 1
2026-10-09T15:51:28.1176924Z   TRANSFORMERS_OFFLINE: 1
2026-10-09T15:51:28.1177388Z ##[endgroup]
2026-10-09T15:51:28.2159771Z Syncing repository: 1785235376-blip/AI-Novel-Studio
2026-10-09T15:51:28.2162296Z ##[group]Getting Git version info
2026-10-09T15:51:28.2163553Z Working directory is '/home/runner/work/AI-Novel-Studio/AI-Novel-Studio'
2026-10-09T15:51:28.2165578Z [command]/usr/bin/git version
2026-10-09T15:51:28.2238691Z git version 2.55.0
2026-10-09T15:51:28.2262699Z ##[endgroup]
2026-10-09T15:51:28.2278283Z Temporarily overriding HOME='/home/runner/work/_temp/c33c87ca-8d86-429a-9dc6-eda64155052d' before making global git config changes
2026-10-09T15:51:28.2280684Z Adding repository directory to the temporary git global config as a safe directory
2026-10-09T15:51:28.2284440Z [command]/usr/bin/git config --global --add safe.directory /home/runner/work/AI-Novel-Studio/AI-Novel-Studio
2026-10-09T15:51:28.2344524Z Deleting the contents of '/home/runner/work/AI-Novel-Studio/AI-Novel-Studio'
2026-10-09T15:51:28.2348371Z ##[group]Initializing the repository
2026-10-09T15:51:28.2353501Z [command]/usr/bin/git init /home/runner/work/AI-Novel-Studio/AI-Novel-Studio
2026-10-09T15:51:28.2494180Z hint: Using 'master' as the name for the initial branch. This default branch name
2026-10-09T15:51:28.2495654Z hint: will change to "main" in Git 3.0. To configure the initial branch name
2026-10-09T15:51:28.2497071Z hint: to use in all of your new repositories, which will suppress this warning,
2026-10-09T15:51:28.2498088Z hint: call:
2026-10-09T15:51:28.2498841Z hint:
2026-10-09T15:51:28.2499526Z hint: 	git config --global init.defaultBranch <name>
2026-10-09T15:51:28.2500392Z hint:
2026-10-09T15:51:28.2501181Z hint: Names commonly chosen instead of 'master' are 'main', 'trunk' and
2026-10-09T15:51:28.2503133Z hint: 'development'. The just-created branch can be renamed via this command:
2026-10-09T15:51:28.2504905Z hint:
2026-10-09T15:51:28.2505918Z hint: 	git branch -m <name>
2026-10-09T15:51:28.2506848Z hint:
2026-10-09T15:51:28.2508027Z hint: Disable this message with "git config set advice.defaultBranchName false"
2026-10-09T15:51:28.2509436Z Initialized empty Git repository in /home/runner/work/AI-Novel-Studio/AI-Novel-Studio/.git/
2026-10-09T15:51:28.2514915Z [command]/usr/bin/git remote add origin https://github.com/1785235376-blip/AI-Novel-Studio
2026-10-09T15:51:28.2566136Z ##[endgroup]
2026-10-09T15:51:28.2567153Z ##[group]Disabling automatic garbage collection
2026-10-09T15:51:28.2569835Z [command]/usr/bin/git config --local gc.auto 0
2026-10-09T15:51:28.2602505Z ##[endgroup]
2026-10-09T15:51:28.2603392Z ##[group]Setting up auth
2026-10-09T15:51:28.2610513Z [command]/usr/bin/git config --local --name-only --get-regexp core\.sshCommand
2026-10-09T15:51:28.2645830Z [command]/usr/bin/git submodule foreach --recursive sh -c "git config --local --name-only --get-regexp 'core\.sshCommand' && git config --local --unset-all 'core.sshCommand' || :"
2026-10-09T15:51:28.3129036Z [command]/usr/bin/git config --local --name-only --get-regexp http\.https\:\/\/github\.com\/\.extraheader
2026-10-09T15:51:28.3178923Z [command]/usr/bin/git submodule foreach --recursive sh -c "git config --local --name-only --get-regexp 'http\.https\:\/\/github\.com\/\.extraheader' && git config --local --unset-all 'http.https://github.com/.extraheader' || :"
2026-10-09T15:51:28.3440908Z [command]/usr/bin/git config --local http.https://github.com/.extraheader AUTHORIZATION: basic ***
2026-10-09T15:51:28.3487371Z ##[endgroup]
2026-10-09T15:51:28.3488361Z ##[group]Fetching the repository
2026-10-09T15:51:28.3497604Z [command]/usr/bin/git -c protocol.version=2 fetch --no-tags --prune --no-recurse-submodules --depth=1 origin +9851bdd2d692df983664bc8f4597fbc05c0e2ceb:refs/remotes/origin/feature/v2-narrative-platform
2026-10-09T15:51:35.0861022Z From https://github.com/1785235376-blip/AI-Novel-Studio
2026-10-09T15:51:35.0864111Z  * [new ref]         9851bdd2d692df983664bc8f4597fbc05c0e2ceb -> origin/feature/v2-narrative-platform
2026-10-09T15:51:35.0868324Z ##[endgroup]
2026-10-09T15:51:35.0869759Z ##[group]Determining the checkout info
2026-10-09T15:51:35.0871396Z ##[endgroup]
2026-10-09T15:51:35.0879125Z [command]/usr/bin/git sparse-checkout disable
2026-10-09T15:51:35.0936682Z [command]/usr/bin/git config --local --unset-all extensions.worktreeConfig
2026-10-09T15:51:35.0968266Z ##[group]Checking out the ref
2026-10-09T15:51:35.0973174Z [command]/usr/bin/git checkout --progress --force -B feature/v2-narrative-platform refs/remotes/origin/feature/v2-narrative-platform
2026-10-09T15:51:35.7609627Z Switched to a new branch 'feature/v2-narrative-platform'
2026-10-09T15:51:35.7614959Z branch 'feature/v2-narrative-platform' set up to track 'origin/feature/v2-narrative-platform'.
2026-10-09T15:51:35.7657227Z ##[endgroup]
2026-10-09T15:51:35.7709925Z [command]/usr/bin/git log -1 --format=%H
2026-10-09T15:51:35.7743607Z 9851bdd2d692df983664bc8f4597fbc05c0e2ceb
2026-10-09T15:51:35.7753583Z ##[group]Removing auth
2026-10-09T15:51:35.7758184Z [command]/usr/bin/git config --local --name-only --get-regexp core\.sshCommand
2026-10-09T15:51:35.7792042Z [command]/usr/bin/git submodule foreach --recursive sh -c "git config --local --name-only --get-regexp 'core\.sshCommand' && git config --local --unset-all 'core.sshCommand' || :"
2026-10-09T15:51:35.8021936Z [command]/usr/bin/git config --local --name-only --get-regexp http\.https\:\/\/github\.com\/\.extraheader
2026-10-09T15:51:35.8051556Z http.https://github.com/.extraheader
2026-10-09T15:51:35.8060008Z [command]/usr/bin/git config --local --unset-all http.https://github.com/.extraheader
2026-10-09T15:51:35.8102475Z [command]/usr/bin/git submodule foreach --recursive sh -c "git config --local --name-only --get-regexp 'http\.https\:\/\/github\.com\/\.extraheader' && git config --local --unset-all 'http.https://github.com/.extraheader' || :"
2026-10-09T15:51:35.8325440Z ##[endgroup]
2026-10-09T15:51:35.8647704Z ##[group]Run actions/setup-python@v5.6.0
2026-10-09T15:51:35.8648159Z with:
2026-10-09T15:51:35.8648421Z   python-version: 3.12.9
2026-10-09T15:51:35.8648740Z   check-latest: false
2026-10-09T15:51:35.8651252Z   token: ***
2026-10-09T15:51:35.8651535Z   update-environment: true
2026-10-09T15:51:35.8651846Z   allow-prereleases: false
2026-10-09T15:51:35.8652164Z   freethreaded: false
2026-10-09T15:51:35.8652450Z env:
2026-10-09T15:51:35.8652694Z   MOCK_PROVIDER: true
2026-10-09T15:51:35.8652976Z   MOCK_STREAM_DELAY_MS: 0
2026-10-09T15:51:35.8653263Z   ENABLE_CLOUD: false
2026-10-09T15:51:35.8653550Z   CREDENTIAL_VAULT_BACKEND: memory
2026-10-09T15:51:35.8654120Z   CREDENTIAL_VAULT_ALLOW_MEMORY_FALLBACK: true
2026-10-09T15:51:35.8654505Z   PYTHONDONTWRITEBYTECODE: 1
2026-10-09T15:51:35.8654805Z   HF_HUB_OFFLINE: 1
2026-10-09T15:51:35.8655088Z   TRANSFORMERS_OFFLINE: 1
2026-10-09T15:51:35.8655366Z ##[endgroup]
2026-10-09T15:51:36.0042501Z ##[group]Installed versions
2026-10-09T15:51:36.0090505Z Version 3.12.9 was not found in the local cache
2026-10-09T15:51:36.0245727Z (node:2329) [DEP0040] DeprecationWarning: The `punycode` module is deprecated. Please use a userland alternative instead.
2026-10-09T15:51:36.0246851Z (Use `node --trace-deprecation ...` to show where the warning was created)
2026-10-09T15:51:36.7763162Z Version 3.12.9 is available for downloading
2026-10-09T15:51:36.7765686Z Download from "https://github.com/actions/python-versions/releases/download/3.12.9-13149478207/python-3.12.9-linux-24.04-x64.tar.gz"
2026-10-09T15:51:37.5604676Z Extract downloaded archive
2026-10-09T15:51:37.5731731Z [command]/usr/bin/tar xz --warning=no-unknown-keyword --overwrite -C /home/runner/work/_temp/c6c1852d-f10b-4a9b-a299-cd8a2ad4f860 -f /home/runner/work/_temp/55596021-7e70-45da-ae20-782d5361eb8e
2026-10-09T15:51:39.6192120Z Execute installation script
2026-10-09T15:51:39.6301377Z Check if Python hostedtoolcache folder exist...
2026-10-09T15:51:39.6301947Z Create Python 3.12.9 folder
2026-10-09T15:51:39.6317736Z Copy Python binaries to hostedtoolcache folder
2026-10-09T15:51:40.2059249Z Create additional symlinks (Required for the UsePythonVersion Azure Pipelines task and the setup-python GitHub Action)
2026-10-09T15:51:40.2104291Z Upgrading pip...
2026-10-09T15:51:43.0011951Z Looking in links: /tmp/tmp5e5a6wsd
2026-10-09T15:51:43.0017551Z Requirement already satisfied: pip in /opt/hostedtoolcache/Python/3.12.9/x64/lib/python3.12/site-packages (24.3.1)
2026-10-09T15:51:44.6599314Z Collecting pip
2026-10-09T15:51:44.6886506Z Downloading pip-26.2.1-py3-none-any.whl.metadata (4.6 kB)
2026-10-09T15:51:44.6963608Z Downloading pip-26.2.1-py3-none-any.whl (1.8 MB)
2026-10-09T15:51:44.7372638Z ━━━━━━━━━━━━━━━━━━━━━━━━━━━━━━━━━━━━━━━━ 1.8/1.8 MB 102.3 MB/s eta 0:00:00
2026-10-09T15:51:44.7373155Z 
2026-10-09T15:51:44.7589277Z Installing collected packages: pip
2026-10-09T15:51:44.7591843Z Attempting uninstall: pip
2026-10-09T15:51:44.7613368Z Found existing installation: pip 24.3.1
2026-10-09T15:51:44.7967299Z Uninstalling pip-24.3.1:
2026-10-09T15:51:44.8023094Z Successfully uninstalled pip-24.3.1
2026-10-09T15:51:45.6948478Z Successfully installed pip-26.2.1
2026-10-09T15:51:45.7443554Z Create complete file
2026-10-09T15:51:45.7484739Z Successfully set up CPython (3.12.9)
2026-10-09T15:51:45.7485901Z ##[endgroup]
2026-10-09T15:51:45.7677168Z ##[group]Run bash .github/ci/prepare.sh backend-tcp
2026-10-09T15:51:45.7677905Z [36;1mbash .github/ci/prepare.sh backend-tcp[0m
2026-10-09T15:51:45.8244775Z shell: /usr/bin/bash -e {0}
2026-10-09T15:51:45.8245159Z env:
2026-10-09T15:51:45.8245440Z   MOCK_PROVIDER: true
2026-10-09T15:51:45.8245792Z   MOCK_STREAM_DELAY_MS: 0
2026-10-09T15:51:45.8246127Z   ENABLE_CLOUD: false
2026-10-09T15:51:45.8246454Z   CREDENTIAL_VAULT_BACKEND: memory
2026-10-09T15:51:45.8246876Z   CREDENTIAL_VAULT_ALLOW_MEMORY_FALLBACK: true
2026-10-09T15:51:45.8247350Z   PYTHONDONTWRITEBYTECODE: 1
2026-10-09T15:51:45.8247695Z   HF_HUB_OFFLINE: 1
2026-10-09T15:51:45.8247996Z   TRANSFORMERS_OFFLINE: 1
2026-10-09T15:51:45.8248416Z   pythonLocation: /opt/hostedtoolcache/Python/3.12.9/x64
2026-10-09T15:51:45.8249047Z   PKG_CONFIG_PATH: /opt/hostedtoolcache/Python/3.12.9/x64/lib/pkgconfig
2026-10-09T15:51:45.8249657Z   Python_ROOT_DIR: /opt/hostedtoolcache/Python/3.12.9/x64
2026-10-09T15:51:45.8250252Z   Python2_ROOT_DIR: /opt/hostedtoolcache/Python/3.12.9/x64
2026-10-09T15:51:45.8250797Z   Python3_ROOT_DIR: /opt/hostedtoolcache/Python/3.12.9/x64
2026-10-09T15:51:45.8251353Z   LD_LIBRARY_PATH: /opt/hostedtoolcache/Python/3.12.9/x64/lib
2026-10-09T15:51:45.8251825Z ##[endgroup]
2026-10-09T15:51:46.6102702Z ##[group]Run python -m pip install -c .github/ci/python-constraints.txt -e '.[dev,fontbuild,otio,comic]'
2026-10-09T15:51:46.6103604Z [36;1mpython -m pip install -c .github/ci/python-constraints.txt -e '.[dev,fontbuild,otio,comic]'[0m
2026-10-09T15:51:46.6104557Z [36;1mpython -m pip check[0m
2026-10-09T15:51:46.6105018Z [36;1mpython -m pip freeze --exclude-editable > "$CI_RECEIPTS/python-packages.txt"[0m
2026-10-09T15:51:46.6170612Z shell: /usr/bin/bash -e {0}
2026-10-09T15:51:46.6170913Z env:
2026-10-09T15:51:46.6171146Z   MOCK_PROVIDER: true
2026-10-09T15:51:46.6171421Z   MOCK_STREAM_DELAY_MS: 0
2026-10-09T15:51:46.6171691Z   ENABLE_CLOUD: false
2026-10-09T15:51:46.6171959Z   CREDENTIAL_VAULT_BACKEND: memory
2026-10-09T15:51:46.6172308Z   CREDENTIAL_VAULT_ALLOW_MEMORY_FALLBACK: true
2026-10-09T15:51:46.6172688Z   PYTHONDONTWRITEBYTECODE: 1
2026-10-09T15:51:46.6172981Z   HF_HUB_OFFLINE: 1
2026-10-09T15:51:46.6173229Z   TRANSFORMERS_OFFLINE: 1
2026-10-09T15:51:46.6173615Z   pythonLocation: /opt/hostedtoolcache/Python/3.12.9/x64
2026-10-09T15:51:46.6174268Z   PKG_CONFIG_PATH: /opt/hostedtoolcache/Python/3.12.9/x64/lib/pkgconfig
2026-10-09T15:51:46.6174796Z   Python_ROOT_DIR: /opt/hostedtoolcache/Python/3.12.9/x64
2026-10-09T15:51:46.6175260Z   Python2_ROOT_DIR: /opt/hostedtoolcache/Python/3.12.9/x64
2026-10-09T15:51:46.6175730Z   Python3_ROOT_DIR: /opt/hostedtoolcache/Python/3.12.9/x64
2026-10-09T15:51:46.6176196Z   LD_LIBRARY_PATH: /opt/hostedtoolcache/Python/3.12.9/x64/lib
2026-10-09T15:51:46.6176658Z   CI_COVERAGE_SHA: 9851bdd2d692df983664bc8f4597fbc05c0e2ceb
2026-10-09T15:51:46.6177132Z   CI_COVERAGE_TREE: cd6989a19e5fd5e2400f2325fe696cae03d8eda7
2026-10-09T15:51:46.6177628Z   CI_SANDBOX: /home/runner/work/_temp/novel-ci-backend-tcp.KhzSqa
2026-10-09T15:51:46.6178158Z   CI_PROJECT: /home/runner/work/_temp/novel-ci-backend-tcp.KhzSqa/project
2026-10-09T15:51:46.6178722Z   CI_RECEIPTS: /home/runner/work/_temp/novel-ci-backend-tcp.KhzSqa/receipts
2026-10-09T15:51:46.6179245Z   HOME: /home/runner/work/_temp/novel-ci-backend-tcp.KhzSqa/home
2026-10-09T15:51:46.6179742Z   USERPROFILE: /home/runner/work/_temp/novel-ci-backend-tcp.KhzSqa/home
2026-10-09T15:51:46.6180266Z   APPDATA: /home/runner/work/_temp/novel-ci-backend-tcp.KhzSqa/appdata
2026-10-09T15:51:46.6181001Z   LOCALAPPDATA: /home/runner/work/_temp/novel-ci-backend-tcp.KhzSqa/localappdata
2026-10-09T15:51:46.6181590Z   XDG_CONFIG_HOME: /home/runner/work/_temp/novel-ci-backend-tcp.KhzSqa/config
2026-10-09T15:51:46.6182143Z   XDG_CACHE_HOME: /home/runner/work/_temp/novel-ci-backend-tcp.KhzSqa/cache
2026-10-09T15:51:46.6182710Z   XDG_DATA_HOME: /home/runner/work/_temp/novel-ci-backend-tcp.KhzSqa/data
2026-10-09T15:51:46.6183229Z   XDG_STATE_HOME: /home/runner/work/_temp/novel-ci-backend-tcp.KhzSqa/state
2026-10-09T15:51:46.6183733Z   TMPDIR: /home/runner/work/_temp/novel-ci-backend-tcp.KhzSqa/tmp
2026-10-09T15:51:46.6184350Z   TMP: /home/runner/work/_temp/novel-ci-backend-tcp.KhzSqa/tmp
2026-10-09T15:51:46.6184822Z   TEMP: /home/runner/work/_temp/novel-ci-backend-tcp.KhzSqa/tmp
2026-10-09T15:51:46.6185332Z   PROJECT_ROOT: /home/runner/work/_temp/novel-ci-backend-tcp.KhzSqa/project
2026-10-09T15:51:46.6185911Z   NOVEL_DATA_PATH: /home/runner/work/_temp/novel-ci-backend-tcp.KhzSqa/data/novels
2026-10-09T15:51:46.6186506Z   BACKUP_PATH: /home/runner/work/_temp/novel-ci-backend-tcp.KhzSqa/data/backups
2026-10-09T15:51:46.6187155Z   DATABASE_BACKUP_PATH: /home/runner/work/_temp/novel-ci-backend-tcp.KhzSqa/data/database-backups
2026-10-09T15:51:46.6187841Z   KNOWLEDGE_SOURCE_PATH: /home/runner/work/_temp/novel-ci-backend-tcp.KhzSqa/data/novels
2026-10-09T15:51:46.6188302Z ##[endgroup]
2026-10-09T15:51:47.5228819Z Obtaining file:///home/runner/work/_temp/novel-ci-backend-tcp.KhzSqa/project
2026-10-09T15:51:47.5246117Z   Installing build dependencies: started
2026-10-09T15:51:48.7055688Z   Installing build dependencies: finished with status 'done'
2026-10-09T15:51:48.7061635Z   Checking if build backend supports build_editable: started
2026-10-09T15:51:49.3920722Z   Checking if build backend supports build_editable: finished with status 'done'
2026-10-09T15:51:49.3929174Z   Getting requirements to build editable: started
2026-10-09T15:51:50.2923211Z   Getting requirements to build editable: finished with status 'done'
2026-10-09T15:51:50.2932608Z   Preparing editable metadata (pyproject.toml): started
2026-10-09T15:51:51.2328868Z   Preparing editable metadata (pyproject.toml): finished with status 'done'
2026-10-09T15:51:51.3764741Z Collecting fastapi<1,>=0.115 (from ai-novel-studio==0.7.0)
2026-10-09T15:51:51.4212882Z   Downloading fastapi-0.142.2-py3-none-any.whl.metadata (27 kB)
2026-10-09T15:51:51.4517971Z Collecting uvicorn<1,>=0.30 (from ai-novel-studio==0.7.0)
2026-10-09T15:51:51.4597596Z   Downloading uvicorn-0.54.0-py3-none-any.whl.metadata (6.6 kB)
2026-10-09T15:51:51.4754151Z Collecting psycopg<4,>=3.2 (from psycopg[binary]<4,>=3.2->ai-novel-studio==0.7.0)
2026-10-09T15:51:51.4791180Z   Downloading psycopg-3.3.6-py3-none-any.whl.metadata (4.4 kB)
2026-10-09T15:51:51.7680071Z Collecting sqlalchemy<3,>=2.0 (from ai-novel-studio==0.7.0)
2026-10-09T15:51:51.7723159Z   Downloading sqlalchemy-2.1.3-cp312-cp312-manylinux2014_x86_64.manylinux_2_17_x86_64.manylinux_2_28_x86_64.whl.metadata (9.7 kB)
2026-10-09T15:51:51.7922548Z Collecting httpx<1,>=0.27 (from ai-novel-studio==0.7.0)
2026-10-09T15:51:51.7959800Z   Downloading httpx-0.28.1-py3-none-any.whl.metadata (7.1 kB)
2026-10-09T15:51:51.8093074Z Collecting pydantic-settings<3,>=2.6 (from ai-novel-studio==0.7.0)
2026-10-09T15:51:51.8124096Z   Downloading pydantic_settings-2.15.0-py3-none-any.whl.metadata (3.9 kB)
2026-10-09T15:51:51.9042751Z Collecting reportlab<5,>=4.0 (from ai-novel-studio==0.7.0)
2026-10-09T15:51:51.9077745Z   Downloading reportlab-4.5.1-py3-none-any.whl.metadata (1.7 kB)
2026-10-09T15:51:51.9254769Z Collecting pypdf==6.19.0 (from ai-novel-studio==0.7.0)
2026-10-09T15:51:51.9298107Z   Downloading pypdf-6.19.0-py3-none-any.whl.metadata (7.5 kB)
2026-10-09T15:51:51.9494084Z Collecting jsonschema<5,>=4.18 (from ai-novel-studio==0.7.0)
2026-10-09T15:51:51.9526197Z   Downloading jsonschema-4.26.0-py3-none-any.whl.metadata (7.6 kB)
2026-10-09T15:51:51.9779334Z Collecting pytest<9,>=8 (from ai-novel-studio==0.7.0)
2026-10-09T15:51:51.9811299Z   Downloading pytest-8.4.2-py3-none-any.whl.metadata (7.7 kB)
2026-10-09T15:51:52.1108275Z Collecting fonttools==4.59.1 (from ai-novel-studio==0.7.0)
2026-10-09T15:51:52.1154357Z   Downloading fonttools-4.59.1-cp312-cp312-manylinux1_x86_64.manylinux2014_x86_64.manylinux_2_17_x86_64.manylinux_2_5_x86_64.whl.metadata (108 kB)
2026-10-09T15:51:52.1459371Z Collecting opentimelineio==0.18.1 (from ai-novel-studio==0.7.0)
2026-10-09T15:51:52.1510475Z   Downloading opentimelineio-0.18.1-cp312-cp312-manylinux2014_x86_64.manylinux_2_17_x86_64.whl.metadata (2.6 kB)
2026-10-09T15:51:52.3296011Z Collecting Pillow==12.3.0 (from ai-novel-studio==0.7.0)
2026-10-09T15:51:52.3331382Z   Downloading pillow-12.3.0-cp312-cp312-manylinux_2_27_x86_64.manylinux_2_28_x86_64.whl.metadata (9.1 kB)
2026-10-09T15:51:52.3603051Z Collecting starlette>=0.46.0 (from fastapi<1,>=0.115->ai-novel-studio==0.7.0)
2026-10-09T15:51:52.3635606Z   Downloading starlette-1.7.0-py3-none-any.whl.metadata (6.6 kB)
2026-10-09T15:51:52.4531776Z Collecting pydantic>=2.9.0 (from fastapi<1,>=0.115->ai-novel-studio==0.7.0)
2026-10-09T15:51:52.4586126Z   Downloading pydantic-2.13.5-py3-none-any.whl.metadata (110 kB)
2026-10-09T15:51:52.4766690Z Collecting typing-extensions>=4.8.0 (from fastapi<1,>=0.115->ai-novel-studio==0.7.0)
2026-10-09T15:51:52.4798534Z   Downloading typing_extensions-4.16.0-py3-none-any.whl.metadata (3.3 kB)
2026-10-09T15:51:52.4889420Z Collecting typing-inspection>=0.4.2 (from fastapi<1,>=0.115->ai-novel-studio==0.7.0)
2026-10-09T15:51:52.4922173Z   Downloading typing_inspection-0.4.4-py3-none-any.whl.metadata (2.6 kB)
2026-10-09T15:51:52.5005688Z Collecting annotated-doc>=0.0.2 (from fastapi<1,>=0.115->ai-novel-studio==0.7.0)
2026-10-09T15:51:52.5036373Z   Downloading annotated_doc-0.0.5-py3-none-any.whl.metadata (6.5 kB)
2026-10-09T15:51:52.5195583Z Collecting opentelemetry-api>=1.44.0 (from fastapi<1,>=0.115->ai-novel-studio==0.7.0)
2026-10-09T15:51:52.5226934Z   Downloading opentelemetry_api-1.45.0-py3-none-any.whl.metadata (1.4 kB)
2026-10-09T15:51:52.5379971Z Collecting anyio (from httpx<1,>=0.27->ai-novel-studio==0.7.0)
2026-10-09T15:51:52.5410990Z   Downloading anyio-4.15.1-py3-none-any.whl.metadata (4.7 kB)
2026-10-09T15:51:52.5552523Z Collecting certifi (from httpx<1,>=0.27->ai-novel-studio==0.7.0)
2026-10-09T15:51:52.5586415Z   Downloading certifi-2026.7.22-py3-none-any.whl.metadata (2.5 kB)
2026-10-09T15:51:52.5726621Z Collecting httpcore==1.* (from httpx<1,>=0.27->ai-novel-studio==0.7.0)
2026-10-09T15:51:52.5760219Z   Downloading httpcore-1.0.9-py3-none-any.whl.metadata (21 kB)
2026-10-09T15:51:52.5888794Z Collecting idna (from httpx<1,>=0.27->ai-novel-studio==0.7.0)
2026-10-09T15:51:52.5922773Z   Downloading idna-3.20-py3-none-any.whl.metadata (7.2 kB)
2026-10-09T15:51:52.6031283Z Collecting h11>=0.16 (from httpcore==1.*->httpx<1,>=0.27->ai-novel-studio==0.7.0)
2026-10-09T15:51:52.6061941Z   Downloading h11-0.16.0-py3-none-any.whl.metadata (8.3 kB)
2026-10-09T15:51:52.6182820Z Collecting attrs>=22.2.0 (from jsonschema<5,>=4.18->ai-novel-studio==0.7.0)
2026-10-09T15:51:52.6214525Z   Downloading attrs-26.1.0-py3-none-any.whl.metadata (8.8 kB)
2026-10-09T15:51:52.6333915Z Collecting jsonschema-specifications>=2023.03.6 (from jsonschema<5,>=4.18->ai-novel-studio==0.7.0)
2026-10-09T15:51:52.6365636Z   Downloading jsonschema_specifications-2025.9.1-py3-none-any.whl.metadata (2.9 kB)
2026-10-09T15:51:52.6542595Z Collecting referencing>=0.28.4 (from jsonschema<5,>=4.18->ai-novel-studio==0.7.0)
2026-10-09T15:51:52.6574028Z   Downloading referencing-0.37.0-py3-none-any.whl.metadata (2.8 kB)
2026-10-09T15:51:52.8989380Z Collecting rpds-py>=0.25.0 (from jsonschema<5,>=4.18->ai-novel-studio==0.7.0)
2026-10-09T15:51:52.9027424Z   Downloading rpds_py-2026.9.1-cp312-cp312-manylinux_2_17_x86_64.manylinux2014_x86_64.whl.metadata (4.1 kB)
2026-10-09T15:51:53.0727355Z Collecting psycopg-binary==3.3.6 (from psycopg[binary]<4,>=3.2->ai-novel-studio==0.7.0)
2026-10-09T15:51:53.0768094Z   Downloading psycopg_binary-3.3.6-cp312-cp312-manylinux2014_x86_64.manylinux_2_17_x86_64.whl.metadata (2.7 kB)
2026-10-09T15:51:53.0924141Z Collecting python-dotenv>=0.21.0 (from pydantic-settings<3,>=2.6->ai-novel-studio==0.7.0)
2026-10-09T15:51:53.0955770Z   Downloading python_dotenv-1.2.4-py3-none-any.whl.metadata (29 kB)
2026-10-09T15:51:53.1082375Z Collecting iniconfig>=1 (from pytest<9,>=8->ai-novel-studio==0.7.0)
2026-10-09T15:51:53.1112539Z   Downloading iniconfig-2.3.0-py3-none-any.whl.metadata (2.5 kB)
2026-10-09T15:51:53.1251433Z Collecting packaging>=20 (from pytest<9,>=8->ai-novel-studio==0.7.0)
2026-10-09T15:51:53.1281802Z   Downloading packaging-26.3-py3-none-any.whl.metadata (3.5 kB)
2026-10-09T15:51:53.1387955Z Collecting pluggy<2,>=1.5 (from pytest<9,>=8->ai-novel-studio==0.7.0)
2026-10-09T15:51:53.1418484Z   Downloading pluggy-1.6.0-py3-none-any.whl.metadata (4.8 kB)
2026-10-09T15:51:53.1573291Z Collecting pygments>=2.7.2 (from pytest<9,>=8->ai-novel-studio==0.7.0)
2026-10-09T15:51:53.1603455Z   Downloading pygments-2.21.0-py3-none-any.whl.metadata (2.5 kB)
2026-10-09T15:51:53.2737630Z Collecting charset-normalizer (from reportlab<5,>=4.0->ai-novel-studio==0.7.0)
2026-10-09T15:51:53.2774240Z   Downloading charset_normalizer-3.5.2-cp312-cp312-manylinux2014_x86_64.manylinux_2_17_x86_64.manylinux_2_28_x86_64.whl.metadata (46 kB)
2026-10-09T15:51:53.2953951Z Collecting click>=7.0 (from uvicorn<1,>=0.30->ai-novel-studio==0.7.0)
2026-10-09T15:51:53.2986432Z   Downloading click-8.5.0-py3-none-any.whl.metadata (2.6 kB)
2026-10-09T15:51:53.3142081Z Collecting annotated-types>=0.6.0 (from pydantic>=2.9.0->fastapi<1,>=0.115->ai-novel-studio==0.7.0)
2026-10-09T15:51:53.3186568Z   Downloading annotated_types-0.8.0-py3-none-any.whl.metadata (15 kB)
2026-10-09T15:51:53.9896846Z Collecting pydantic-core==2.46.5 (from pydantic>=2.9.0->fastapi<1,>=0.115->ai-novel-studio==0.7.0)
2026-10-09T15:51:53.9932455Z   Downloading pydantic_core-2.46.5-cp312-cp312-manylinux_2_17_x86_64.manylinux2014_x86_64.whl.metadata (6.6 kB)
2026-10-09T15:51:54.0160366Z Downloading fonttools-4.59.1-cp312-cp312-manylinux1_x86_64.manylinux2014_x86_64.manylinux_2_17_x86_64.manylinux_2_5_x86_64.whl (4.9 MB)
2026-10-09T15:51:54.0490028Z    ━━━━━━━━━━━━━━━━━━━━━━━━━━━━━━━━━━━━━━━━ 4.9/4.9 MB 162.6 MB/s  0:00:00
2026-10-09T15:51:54.0532248Z Downloading opentimelineio-0.18.1-cp312-cp312-manylinux2014_x86_64.manylinux_2_17_x86_64.whl (842 kB)
2026-10-09T15:51:54.0597562Z    ━━━━━━━━━━━━━━━━━━━━━━━━━━━━━━━━━━━━━━━━ 842.8/842.8 kB 178.4 MB/s  0:00:00
2026-10-09T15:51:54.0629325Z Downloading pillow-12.3.0-cp312-cp312-manylinux_2_27_x86_64.manylinux_2_28_x86_64.whl (6.9 MB)
2026-10-09T15:51:54.0844117Z    ━━━━━━━━━━━━━━━━━━━━━━━━━━━━━━━━━━━━━━━━ 6.9/6.9 MB 349.7 MB/s  0:00:00
2026-10-09T15:51:54.0876849Z Downloading pypdf-6.19.0-py3-none-any.whl (395 kB)
2026-10-09T15:51:54.0933711Z Downloading fastapi-0.142.2-py3-none-any.whl (144 kB)
2026-10-09T15:51:54.0983740Z Downloading httpx-0.28.1-py3-none-any.whl (73 kB)
2026-10-09T15:51:54.1038728Z Downloading httpcore-1.0.9-py3-none-any.whl (78 kB)
2026-10-09T15:51:54.1089672Z Downloading jsonschema-4.26.0-py3-none-any.whl (90 kB)
2026-10-09T15:51:54.1142431Z Downloading psycopg-3.3.6-py3-none-any.whl (215 kB)
2026-10-09T15:51:54.1199262Z Downloading psycopg_binary-3.3.6-cp312-cp312-manylinux2014_x86_64.manylinux_2_17_x86_64.whl (5.2 MB)
2026-10-09T15:51:54.1364128Z    ━━━━━━━━━━━━━━━━━━━━━━━━━━━━━━━━━━━━━━━━ 5.2/5.2 MB 359.5 MB/s  0:00:00
2026-10-09T15:51:54.1402432Z Downloading pydantic_settings-2.15.0-py3-none-any.whl (69 kB)
2026-10-09T15:51:54.1456906Z Downloading pytest-8.4.2-py3-none-any.whl (365 kB)
2026-10-09T15:51:54.1515075Z Downloading pluggy-1.6.0-py3-none-any.whl (20 kB)
2026-10-09T15:51:54.1603789Z Downloading reportlab-4.5.1-py3-none-any.whl (2.0 MB)
2026-10-09T15:51:54.1694138Z    ━━━━━━━━━━━━━━━━━━━━━━━━━━━━━━━━━━━━━━━━ 2.0/2.0 MB 249.8 MB/s  0:00:00
2026-10-09T15:51:54.1751331Z Downloading sqlalchemy-2.1.3-cp312-cp312-manylinux2014_x86_64.manylinux_2_17_x86_64.manylinux_2_28_x86_64.whl (4.7 MB)
2026-10-09T15:51:54.1950018Z    ━━━━━━━━━━━━━━━━━━━━━━━━━━━━━━━━━━━━━━━━ 4.7/4.7 MB 251.3 MB/s  0:00:00
2026-10-09T15:51:54.1982307Z Downloading uvicorn-0.54.0-py3-none-any.whl (87 kB)
2026-10-09T15:51:54.2038460Z Downloading annotated_doc-0.0.5-py3-none-any.whl (5.3 kB)
2026-10-09T15:51:54.2085212Z Downloading attrs-26.1.0-py3-none-any.whl (67 kB)
2026-10-09T15:51:54.2132736Z Downloading click-8.5.0-py3-none-any.whl (125 kB)
2026-10-09T15:51:54.2184679Z Downloading h11-0.16.0-py3-none-any.whl (37 kB)
2026-10-09T15:51:54.2238081Z Downloading iniconfig-2.3.0-py3-none-any.whl (7.5 kB)
2026-10-09T15:51:54.2288021Z Downloading jsonschema_specifications-2025.9.1-py3-none-any.whl (18 kB)
2026-10-09T15:51:54.2335480Z Downloading opentelemetry_api-1.45.0-py3-none-any.whl (60 kB)
2026-10-09T15:51:54.2389070Z Downloading packaging-26.3-py3-none-any.whl (129 kB)
2026-10-09T15:51:54.2443344Z Downloading pydantic-2.13.5-py3-none-any.whl (472 kB)
2026-10-09T15:51:54.2504534Z Downloading pydantic_core-2.46.5-cp312-cp312-manylinux_2_17_x86_64.manylinux2014_x86_64.whl (2.1 MB)
2026-10-09T15:51:54.2596483Z    ━━━━━━━━━━━━━━━━━━━━━━━━━━━━━━━━━━━━━━━━ 2.1/2.1 MB 272.3 MB/s  0:00:00
2026-10-09T15:51:54.2630580Z Downloading annotated_types-0.8.0-py3-none-any.whl (13 kB)
2026-10-09T15:51:54.2682302Z Downloading pygments-2.21.0-py3-none-any.whl (1.3 MB)
2026-10-09T15:51:54.2747100Z    ━━━━━━━━━━━━━━━━━━━━━━━━━━━━━━━━━━━━━━━━ 1.3/1.3 MB 239.0 MB/s  0:00:00
2026-10-09T15:51:54.2778858Z Downloading python_dotenv-1.2.4-py3-none-any.whl (23 kB)
2026-10-09T15:51:54.2831424Z Downloading referencing-0.37.0-py3-none-any.whl (26 kB)
2026-10-09T15:51:54.2882789Z Downloading rpds_py-2026.9.1-cp312-cp312-manylinux_2_17_x86_64.manylinux2014_x86_64.whl (371 kB)
2026-10-09T15:51:54.2937159Z Downloading starlette-1.7.0-py3-none-any.whl (78 kB)
2026-10-09T15:51:54.2989550Z Downloading anyio-4.15.1-py3-none-any.whl (132 kB)
2026-10-09T15:51:54.3037859Z Downloading idna-3.20-py3-none-any.whl (69 kB)
2026-10-09T15:51:54.3088554Z Downloading typing_extensions-4.16.0-py3-none-any.whl (45 kB)
2026-10-09T15:51:54.3138496Z Downloading typing_inspection-0.4.4-py3-none-any.whl (14 kB)
2026-10-09T15:51:54.3195255Z Downloading certifi-2026.7.22-py3-none-any.whl (136 kB)
2026-10-09T15:51:54.3253967Z Downloading charset_normalizer-3.5.2-cp312-cp312-manylinux2014_x86_64.manylinux_2_17_x86_64.manylinux_2_28_x86_64.whl (257 kB)
2026-10-09T15:51:54.4587313Z Building wheels for collected packages: ai-novel-studio
2026-10-09T15:51:54.4595634Z   Building editable for ai-novel-studio (pyproject.toml): started
2026-10-09T15:51:55.4276830Z   Building editable for ai-novel-studio (pyproject.toml): finished with status 'done'
2026-10-09T15:51:55.4283049Z   Created wheel for ai-novel-studio: filename=ai_novel_studio-0.7.0-0.editable-py3-none-any.whl size=3186 sha256=8d1b6ed93b7bf7389a0b98817094d02ceee982977374c481af91e090f9f56aa1
2026-10-09T15:51:55.4285185Z   Stored in directory: /home/runner/work/_temp/novel-ci-backend-tcp.KhzSqa/tmp/pip-ephem-wheel-cache-noq5g7ww/wheels/78/31/69/2b28640453aed83b920a11d3ef5a116dfc1f6b9826f1575bb6
2026-10-09T15:51:55.4300194Z Successfully built ai-novel-studio
2026-10-09T15:51:55.5317346Z Installing collected packages: typing-extensions, rpds-py, python-dotenv, pypdf, pygments, psycopg-binary, pluggy, Pillow, packaging, opentimelineio, iniconfig, idna, h11, fonttools, click, charset-normalizer, certifi, attrs, annotated-types, annotated-doc, uvicorn, typing-inspection, sqlalchemy, reportlab, referencing, pytest, pydantic-core, psycopg, opentelemetry-api, httpcore, anyio, starlette, pydantic, jsonschema-specifications, httpx, pydantic-settings, jsonschema, fastapi, ai-novel-studio
2026-10-09T15:52:01.6943813Z 
2026-10-09T15:52:01.6982120Z Successfully installed Pillow-12.3.0 ai-novel-studio-0.7.0 annotated-doc-0.0.5 annotated-types-0.8.0 anyio-4.15.1 attrs-26.1.0 certifi-2026.7.22 charset-normalizer-3.5.2 click-8.5.0 fastapi-0.142.2 fonttools-4.59.1 h11-0.16.0 httpcore-1.0.9 httpx-0.28.1 idna-3.20 iniconfig-2.3.0 jsonschema-4.26.0 jsonschema-specifications-2025.9.1 opentelemetry-api-1.45.0 opentimelineio-0.18.1 packaging-26.3 pluggy-1.6.0 psycopg-3.3.6 psycopg-binary-3.3.6 pydantic-2.13.5 pydantic-core-2.46.5 pydantic-settings-2.15.0 pygments-2.21.0 pypdf-6.19.0 pytest-8.4.2 python-dotenv-1.2.4 referencing-0.37.0 reportlab-4.5.1 rpds-py-2026.9.1 sqlalchemy-2.1.3 starlette-1.7.0 typing-extensions-4.16.0 typing-inspection-0.4.4 uvicorn-0.54.0
2026-10-09T15:52:02.4984491Z No broken requirements found.
2026-10-09T15:52:03.4395642Z ##[group]Run python -m pytest -p no:cacheprovider --basetemp="$CI_SANDBOX/tcp-selftest" -q .github/ci/test_tcp_evidence.py --junitxml="$CI_RECEIPTS/tcp-harness.xml"
2026-10-09T15:52:03.4396884Z [36;1mpython -m pytest -p no:cacheprovider --basetemp="$CI_SANDBOX/tcp-selftest" -q .github/ci/test_tcp_evidence.py --junitxml="$CI_RECEIPTS/tcp-harness.xml"[0m
2026-10-09T15:52:03.4460194Z shell: /usr/bin/bash -e {0}
2026-10-09T15:52:03.4460461Z env:
2026-10-09T15:52:03.4460665Z   MOCK_PROVIDER: true
2026-10-09T15:52:03.4460903Z   MOCK_STREAM_DELAY_MS: 0
2026-10-09T15:52:03.4461139Z   ENABLE_CLOUD: false
2026-10-09T15:52:03.4461374Z   CREDENTIAL_VAULT_BACKEND: memory
2026-10-09T15:52:03.4461686Z   CREDENTIAL_VAULT_ALLOW_MEMORY_FALLBACK: true
2026-10-09T15:52:03.4462010Z   PYTHONDONTWRITEBYTECODE: 1
2026-10-09T15:52:03.4462268Z   HF_HUB_OFFLINE: 1
2026-10-09T15:52:03.4462485Z   TRANSFORMERS_OFFLINE: 1
2026-10-09T15:52:03.4462798Z   pythonLocation: /opt/hostedtoolcache/Python/3.12.9/x64
2026-10-09T15:52:03.4463327Z   PKG_CONFIG_PATH: /opt/hostedtoolcache/Python/3.12.9/x64/lib/pkgconfig
2026-10-09T15:52:03.4463983Z   Python_ROOT_DIR: /opt/hostedtoolcache/Python/3.12.9/x64
2026-10-09T15:52:03.4464405Z   Python2_ROOT_DIR: /opt/hostedtoolcache/Python/3.12.9/x64
2026-10-09T15:52:03.4464824Z   Python3_ROOT_DIR: /opt/hostedtoolcache/Python/3.12.9/x64
2026-10-09T15:52:03.4465271Z   LD_LIBRARY_PATH: /opt/hostedtoolcache/Python/3.12.9/x64/lib
2026-10-09T15:52:03.4465712Z   CI_COVERAGE_SHA: 9851bdd2d692df983664bc8f4597fbc05c0e2ceb
2026-10-09T15:52:03.4466144Z   CI_COVERAGE_TREE: cd6989a19e5fd5e2400f2325fe696cae03d8eda7
2026-10-09T15:52:03.4466607Z   CI_SANDBOX: /home/runner/work/_temp/novel-ci-backend-tcp.KhzSqa
2026-10-09T15:52:03.4467134Z   CI_PROJECT: /home/runner/work/_temp/novel-ci-backend-tcp.KhzSqa/project
2026-10-09T15:52:03.4467678Z   CI_RECEIPTS: /home/runner/work/_temp/novel-ci-backend-tcp.KhzSqa/receipts
2026-10-09T15:52:03.4468187Z   HOME: /home/runner/work/_temp/novel-ci-backend-tcp.KhzSqa/home
2026-10-09T15:52:03.4468683Z   USERPROFILE: /home/runner/work/_temp/novel-ci-backend-tcp.KhzSqa/home
2026-10-09T15:52:03.4469200Z   APPDATA: /home/runner/work/_temp/novel-ci-backend-tcp.KhzSqa/appdata
2026-10-09T15:52:03.4469758Z   LOCALAPPDATA: /home/runner/work/_temp/novel-ci-backend-tcp.KhzSqa/localappdata
2026-10-09T15:52:03.4470343Z   XDG_CONFIG_HOME: /home/runner/work/_temp/novel-ci-backend-tcp.KhzSqa/config
2026-10-09T15:52:03.4470899Z   XDG_CACHE_HOME: /home/runner/work/_temp/novel-ci-backend-tcp.KhzSqa/cache
2026-10-09T15:52:03.4471427Z   XDG_DATA_HOME: /home/runner/work/_temp/novel-ci-backend-tcp.KhzSqa/data
2026-10-09T15:52:03.4471945Z   XDG_STATE_HOME: /home/runner/work/_temp/novel-ci-backend-tcp.KhzSqa/state
2026-10-09T15:52:03.4472455Z   TMPDIR: /home/runner/work/_temp/novel-ci-backend-tcp.KhzSqa/tmp
2026-10-09T15:52:03.4472946Z   TMP: /home/runner/work/_temp/novel-ci-backend-tcp.KhzSqa/tmp
2026-10-09T15:52:03.4473401Z   TEMP: /home/runner/work/_temp/novel-ci-backend-tcp.KhzSqa/tmp
2026-10-09T15:52:03.4474076Z   PROJECT_ROOT: /home/runner/work/_temp/novel-ci-backend-tcp.KhzSqa/project
2026-10-09T15:52:03.4474615Z   NOVEL_DATA_PATH: /home/runner/work/_temp/novel-ci-backend-tcp.KhzSqa/data/novels
2026-10-09T15:52:03.4475142Z   BACKUP_PATH: /home/runner/work/_temp/novel-ci-backend-tcp.KhzSqa/data/backups
2026-10-09T15:52:03.4475709Z   DATABASE_BACKUP_PATH: /home/runner/work/_temp/novel-ci-backend-tcp.KhzSqa/data/database-backups
2026-10-09T15:52:03.4476313Z   KNOWLEDGE_SOURCE_PATH: /home/runner/work/_temp/novel-ci-backend-tcp.KhzSqa/data/novels
2026-10-09T15:52:03.4476730Z ##[endgroup]
2026-10-09T15:52:04.9801501Z ........................................................................ [ 70%]
2026-10-09T15:52:07.7521425Z ..............................                                           [100%]
2026-10-09T15:52:07.7523113Z - generated xml file: /home/runner/work/_temp/novel-ci-backend-tcp.KhzSqa/receipts/tcp-harness.xml -
2026-10-09T15:52:07.7524830Z 102 passed in 3.40s
2026-10-09T15:52:07.7858818Z ##[group]Run python .github/ci/tcp_evidence.py run \
2026-10-09T15:52:07.7859277Z [36;1mpython .github/ci/tcp_evidence.py run \[0m
2026-10-09T15:52:07.7859677Z [36;1m  --manifest .github/ci/coverage_manifest_v2.json.gz \[0m
2026-10-09T15:52:07.7860217Z [36;1m  --constraints .github/ci/python-constraints.txt --source-root "$CI_PROJECT" \[0m
2026-10-09T15:52:07.7860791Z [36;1m  --receipts "$CI_RECEIPTS" --basetemp "$CI_SANDBOX/sync-tcp-pytest"[0m
2026-10-09T15:52:07.7925357Z shell: /usr/bin/bash -e {0}
2026-10-09T15:52:07.7925628Z env:
2026-10-09T15:52:07.7925827Z   MOCK_PROVIDER: true
2026-10-09T15:52:07.7926065Z   MOCK_STREAM_DELAY_MS: 0
2026-10-09T15:52:07.7926316Z   ENABLE_CLOUD: false
2026-10-09T15:52:07.7926550Z   CREDENTIAL_VAULT_BACKEND: memory
2026-10-09T15:52:07.7926844Z   CREDENTIAL_VAULT_ALLOW_MEMORY_FALLBACK: true
2026-10-09T15:52:07.7927183Z   PYTHONDONTWRITEBYTECODE: 1
2026-10-09T15:52:07.7927438Z   HF_HUB_OFFLINE: 1
2026-10-09T15:52:07.7927680Z   TRANSFORMERS_OFFLINE: 1
2026-10-09T15:52:07.7927988Z   pythonLocation: /opt/hostedtoolcache/Python/3.12.9/x64
2026-10-09T15:52:07.7928442Z   PKG_CONFIG_PATH: /opt/hostedtoolcache/Python/3.12.9/x64/lib/pkgconfig
2026-10-09T15:52:07.7928875Z   Python_ROOT_DIR: /opt/hostedtoolcache/Python/3.12.9/x64
2026-10-09T15:52:07.7929268Z   Python2_ROOT_DIR: /opt/hostedtoolcache/Python/3.12.9/x64
2026-10-09T15:52:07.7929662Z   Python3_ROOT_DIR: /opt/hostedtoolcache/Python/3.12.9/x64
2026-10-09T15:52:07.7930051Z   LD_LIBRARY_PATH: /opt/hostedtoolcache/Python/3.12.9/x64/lib
2026-10-09T15:52:07.7930443Z   CI_COVERAGE_SHA: 9851bdd2d692df983664bc8f4597fbc05c0e2ceb
2026-10-09T15:52:07.7930838Z   CI_COVERAGE_TREE: cd6989a19e5fd5e2400f2325fe696cae03d8eda7
2026-10-09T15:52:07.7931259Z   CI_SANDBOX: /home/runner/work/_temp/novel-ci-backend-tcp.KhzSqa
2026-10-09T15:52:07.7931727Z   CI_PROJECT: /home/runner/work/_temp/novel-ci-backend-tcp.KhzSqa/project
2026-10-09T15:52:07.7932234Z   CI_RECEIPTS: /home/runner/work/_temp/novel-ci-backend-tcp.KhzSqa/receipts
2026-10-09T15:52:07.7932702Z   HOME: /home/runner/work/_temp/novel-ci-backend-tcp.KhzSqa/home
2026-10-09T15:52:07.7933152Z   USERPROFILE: /home/runner/work/_temp/novel-ci-backend-tcp.KhzSqa/home
2026-10-09T15:52:07.7933629Z   APPDATA: /home/runner/work/_temp/novel-ci-backend-tcp.KhzSqa/appdata
2026-10-09T15:52:07.7934422Z   LOCALAPPDATA: /home/runner/work/_temp/novel-ci-backend-tcp.KhzSqa/localappdata
2026-10-09T15:52:07.7934972Z   XDG_CONFIG_HOME: /home/runner/work/_temp/novel-ci-backend-tcp.KhzSqa/config
2026-10-09T15:52:07.7935484Z   XDG_CACHE_HOME: /home/runner/work/_temp/novel-ci-backend-tcp.KhzSqa/cache
2026-10-09T15:52:07.7935975Z   XDG_DATA_HOME: /home/runner/work/_temp/novel-ci-backend-tcp.KhzSqa/data
2026-10-09T15:52:07.7936456Z   XDG_STATE_HOME: /home/runner/work/_temp/novel-ci-backend-tcp.KhzSqa/state
2026-10-09T15:52:07.7936912Z   TMPDIR: /home/runner/work/_temp/novel-ci-backend-tcp.KhzSqa/tmp
2026-10-09T15:52:07.7937331Z   TMP: /home/runner/work/_temp/novel-ci-backend-tcp.KhzSqa/tmp
2026-10-09T15:52:07.7937741Z   TEMP: /home/runner/work/_temp/novel-ci-backend-tcp.KhzSqa/tmp
2026-10-09T15:52:07.7938197Z   PROJECT_ROOT: /home/runner/work/_temp/novel-ci-backend-tcp.KhzSqa/project
2026-10-09T15:52:07.7938737Z   NOVEL_DATA_PATH: /home/runner/work/_temp/novel-ci-backend-tcp.KhzSqa/data/novels
2026-10-09T15:52:07.7939278Z   BACKUP_PATH: /home/runner/work/_temp/novel-ci-backend-tcp.KhzSqa/data/backups
2026-10-09T15:52:07.7939862Z   DATABASE_BACKUP_PATH: /home/runner/work/_temp/novel-ci-backend-tcp.KhzSqa/data/database-backups
2026-10-09T15:52:07.7940484Z   KNOWLEDGE_SOURCE_PATH: /home/runner/work/_temp/novel-ci-backend-tcp.KhzSqa/data/novels
2026-10-09T15:52:07.7940917Z   RUN_B10_TCP_SYNC_TEST: 1
2026-10-09T15:52:07.7941322Z   STORAGE_BACKEND: file
2026-10-09T15:52:07.7941543Z ##[endgroup]
2026-10-09T15:52:55.8539797Z ..                                                                       [100%]
2026-10-09T15:52:55.8541812Z - generated xml file: /home/runner/work/_temp/novel-ci-backend-tcp.KhzSqa/receipts/sync-tcp.xml -
2026-10-09T15:52:55.8542608Z 2 passed in 43.63s
2026-10-09T15:52:55.8686904Z ##[group]Run python .github/ci/receipt.py "$CI_RECEIPTS"
2026-10-09T15:52:55.8687373Z [36;1mpython .github/ci/receipt.py "$CI_RECEIPTS"[0m
2026-10-09T15:52:55.8750728Z shell: /usr/bin/bash -e {0}
2026-10-09T15:52:55.8751030Z env:
2026-10-09T15:52:55.8751257Z   MOCK_PROVIDER: true
2026-10-09T15:52:55.8751526Z   MOCK_STREAM_DELAY_MS: 0
2026-10-09T15:52:55.8751805Z   ENABLE_CLOUD: false
2026-10-09T15:52:55.8752071Z   CREDENTIAL_VAULT_BACKEND: memory
2026-10-09T15:52:55.8752409Z   CREDENTIAL_VAULT_ALLOW_MEMORY_FALLBACK: true
2026-10-09T15:52:55.8752773Z   PYTHONDONTWRITEBYTECODE: 1
2026-10-09T15:52:55.8753084Z   HF_HUB_OFFLINE: 1
2026-10-09T15:52:55.8753336Z   TRANSFORMERS_OFFLINE: 1
2026-10-09T15:52:55.8753685Z   pythonLocation: /opt/hostedtoolcache/Python/3.12.9/x64
2026-10-09T15:52:55.8754572Z   PKG_CONFIG_PATH: /opt/hostedtoolcache/Python/3.12.9/x64/lib/pkgconfig
2026-10-09T15:52:55.8755091Z   Python_ROOT_DIR: /opt/hostedtoolcache/Python/3.12.9/x64
2026-10-09T15:52:55.8755585Z   Python2_ROOT_DIR: /opt/hostedtoolcache/Python/3.12.9/x64
2026-10-09T15:52:55.8756041Z   Python3_ROOT_DIR: /opt/hostedtoolcache/Python/3.12.9/x64
2026-10-09T15:52:55.8756497Z   LD_LIBRARY_PATH: /opt/hostedtoolcache/Python/3.12.9/x64/lib
2026-10-09T15:52:55.8756960Z   CI_COVERAGE_SHA: 9851bdd2d692df983664bc8f4597fbc05c0e2ceb
2026-10-09T15:52:55.8757407Z   CI_COVERAGE_TREE: cd6989a19e5fd5e2400f2325fe696cae03d8eda7
2026-10-09T15:52:55.8757896Z   CI_SANDBOX: /home/runner/work/_temp/novel-ci-backend-tcp.KhzSqa
2026-10-09T15:52:55.8758442Z   CI_PROJECT: /home/runner/work/_temp/novel-ci-backend-tcp.KhzSqa/project
2026-10-09T15:52:55.8759043Z   CI_RECEIPTS: /home/runner/work/_temp/novel-ci-backend-tcp.KhzSqa/receipts
2026-10-09T15:52:55.8759581Z   HOME: /home/runner/work/_temp/novel-ci-backend-tcp.KhzSqa/home
2026-10-09T15:52:55.8760076Z   USERPROFILE: /home/runner/work/_temp/novel-ci-backend-tcp.KhzSqa/home
2026-10-09T15:52:55.8760604Z   APPDATA: /home/runner/work/_temp/novel-ci-backend-tcp.KhzSqa/appdata
2026-10-09T15:52:55.8761168Z   LOCALAPPDATA: /home/runner/work/_temp/novel-ci-backend-tcp.KhzSqa/localappdata
2026-10-09T15:52:55.8761755Z   XDG_CONFIG_HOME: /home/runner/work/_temp/novel-ci-backend-tcp.KhzSqa/config
2026-10-09T15:52:55.8762310Z   XDG_CACHE_HOME: /home/runner/work/_temp/novel-ci-backend-tcp.KhzSqa/cache
2026-10-09T15:52:55.8762838Z   XDG_DATA_HOME: /home/runner/work/_temp/novel-ci-backend-tcp.KhzSqa/data
2026-10-09T15:52:55.8763365Z   XDG_STATE_HOME: /home/runner/work/_temp/novel-ci-backend-tcp.KhzSqa/state
2026-10-09T15:52:55.8764152Z   TMPDIR: /home/runner/work/_temp/novel-ci-backend-tcp.KhzSqa/tmp
2026-10-09T15:52:55.8764647Z   TMP: /home/runner/work/_temp/novel-ci-backend-tcp.KhzSqa/tmp
2026-10-09T15:52:55.8765103Z   TEMP: /home/runner/work/_temp/novel-ci-backend-tcp.KhzSqa/tmp
2026-10-09T15:52:55.8765611Z   PROJECT_ROOT: /home/runner/work/_temp/novel-ci-backend-tcp.KhzSqa/project
2026-10-09T15:52:55.8766200Z   NOVEL_DATA_PATH: /home/runner/work/_temp/novel-ci-backend-tcp.KhzSqa/data/novels
2026-10-09T15:52:55.8766801Z   BACKUP_PATH: /home/runner/work/_temp/novel-ci-backend-tcp.KhzSqa/data/backups
2026-10-09T15:52:55.8767455Z   DATABASE_BACKUP_PATH: /home/runner/work/_temp/novel-ci-backend-tcp.KhzSqa/data/database-backups
2026-10-09T15:52:55.8768150Z   KNOWLEDGE_SOURCE_PATH: /home/runner/work/_temp/novel-ci-backend-tcp.KhzSqa/data/novels
2026-10-09T15:52:55.8768628Z ##[endgroup]
2026-10-09T15:52:56.0314428Z {
2026-10-09T15:52:56.0317235Z   "revision": "checked_out_sha=9851bdd2d692df983664bc8f4597fbc05c0e2ceb\nevent_sha=9851bdd2d692df983664bc8f4597fbc05c0e2ceb\nrun_url=https://github.com/1785235376-blip/AI-Novel-Studio/actions/runs/37954818267\njob=backend-tcp\nplatform=Linux; native Windows host/AppContainer/installer=NOT RUN\n",
2026-10-09T15:52:56.0319754Z   "test_reports": {
2026-10-09T15:52:56.0320142Z     "sync-tcp.xml": {
2026-10-09T15:52:56.0320513Z       "tests": 2,
2026-10-09T15:52:56.0320864Z       "failures": 0,
2026-10-09T15:52:56.0321222Z       "errors": 0,
2026-10-09T15:52:56.0321712Z       "skipped": 0
2026-10-09T15:52:56.0321989Z     },
2026-10-09T15:52:56.0322262Z     "tcp-harness.xml": {
2026-10-09T15:52:56.0322575Z       "tests": 102,
2026-10-09T15:52:56.0322858Z       "failures": 0,
2026-10-09T15:52:56.0323141Z       "errors": 0,
2026-10-09T15:52:56.0323424Z       "skipped": 0
2026-10-09T15:52:56.0323695Z     }
2026-10-09T15:52:56.0324232Z   },
2026-10-09T15:52:56.0324504Z   "report_status": "RECORDED",
2026-10-09T15:52:56.0324958Z   "native_windows_host_appcontainer_installer": "NOT RUN",
2026-10-09T15:52:56.0325497Z   "real_model_and_paid_provider_execution": "NOT RUN"
2026-10-09T15:52:56.0325924Z }
2026-10-09T15:52:56.0326066Z 
2026-10-09T15:52:56.0455976Z ##[group]Run actions/upload-artifact@v4.6.2
2026-10-09T15:52:56.0456302Z with:
2026-10-09T15:52:56.0456641Z   name: backend-tcp-9851bdd2d692df983664bc8f4597fbc05c0e2ceb-attempt-1
2026-10-09T15:52:56.0457176Z   path: /home/runner/work/_temp/novel-ci-backend-tcp.KhzSqa/receipts
2026-10-09T15:52:56.0457546Z   if-no-files-found: error
2026-10-09T15:52:56.0457780Z   retention-days: 14
2026-10-09T15:52:56.0458006Z   compression-level: 6
2026-10-09T15:52:56.0458224Z   overwrite: false
2026-10-09T15:52:56.0458439Z   include-hidden-files: false
2026-10-09T15:52:56.0458666Z env:
2026-10-09T15:52:56.0458848Z   MOCK_PROVIDER: true
2026-10-09T15:52:56.0459059Z   MOCK_STREAM_DELAY_MS: 0
2026-10-09T15:52:56.0459278Z   ENABLE_CLOUD: false
2026-10-09T15:52:56.0459497Z   CREDENTIAL_VAULT_BACKEND: memory
2026-10-09T15:52:56.0459779Z   CREDENTIAL_VAULT_ALLOW_MEMORY_FALLBACK: true
2026-10-09T15:52:56.0460085Z   PYTHONDONTWRITEBYTECODE: 1
2026-10-09T15:52:56.0460337Z   HF_HUB_OFFLINE: 1
2026-10-09T15:52:56.0460584Z   TRANSFORMERS_OFFLINE: 1
2026-10-09T15:52:56.0460872Z   pythonLocation: /opt/hostedtoolcache/Python/3.12.9/x64
2026-10-09T15:52:56.0461317Z   PKG_CONFIG_PATH: /opt/hostedtoolcache/Python/3.12.9/x64/lib/pkgconfig
2026-10-09T15:52:56.0461738Z   Python_ROOT_DIR: /opt/hostedtoolcache/Python/3.12.9/x64
2026-10-09T15:52:56.0462114Z   Python2_ROOT_DIR: /opt/hostedtoolcache/Python/3.12.9/x64
2026-10-09T15:52:56.0462500Z   Python3_ROOT_DIR: /opt/hostedtoolcache/Python/3.12.9/x64
2026-10-09T15:52:56.0462877Z   LD_LIBRARY_PATH: /opt/hostedtoolcache/Python/3.12.9/x64/lib
2026-10-09T15:52:56.0463258Z   CI_COVERAGE_SHA: 9851bdd2d692df983664bc8f4597fbc05c0e2ceb
2026-10-09T15:52:56.0463627Z   CI_COVERAGE_TREE: cd6989a19e5fd5e2400f2325fe696cae03d8eda7
2026-10-09T15:52:56.0464252Z   CI_SANDBOX: /home/runner/work/_temp/novel-ci-backend-tcp.KhzSqa
2026-10-09T15:52:56.0464713Z   CI_PROJECT: /home/runner/work/_temp/novel-ci-backend-tcp.KhzSqa/project
2026-10-09T15:52:56.0465212Z   CI_RECEIPTS: /home/runner/work/_temp/novel-ci-backend-tcp.KhzSqa/receipts
2026-10-09T15:52:56.0465670Z   HOME: /home/runner/work/_temp/novel-ci-backend-tcp.KhzSqa/home
2026-10-09T15:52:56.0466116Z   USERPROFILE: /home/runner/work/_temp/novel-ci-backend-tcp.KhzSqa/home
2026-10-09T15:52:56.0466575Z   APPDATA: /home/runner/work/_temp/novel-ci-backend-tcp.KhzSqa/appdata
2026-10-09T15:52:56.0467068Z   LOCALAPPDATA: /home/runner/work/_temp/novel-ci-backend-tcp.KhzSqa/localappdata
2026-10-09T15:52:56.0467583Z   XDG_CONFIG_HOME: /home/runner/work/_temp/novel-ci-backend-tcp.KhzSqa/config
2026-10-09T15:52:56.0468067Z   XDG_CACHE_HOME: /home/runner/work/_temp/novel-ci-backend-tcp.KhzSqa/cache
2026-10-09T15:52:56.0468541Z   XDG_DATA_HOME: /home/runner/work/_temp/novel-ci-backend-tcp.KhzSqa/data
2026-10-09T15:52:56.0468997Z   XDG_STATE_HOME: /home/runner/work/_temp/novel-ci-backend-tcp.KhzSqa/state
2026-10-09T15:52:56.0469451Z   TMPDIR: /home/runner/work/_temp/novel-ci-backend-tcp.KhzSqa/tmp
2026-10-09T15:52:56.0470032Z   TMP: /home/runner/work/_temp/novel-ci-backend-tcp.KhzSqa/tmp
2026-10-09T15:52:56.0470434Z   TEMP: /home/runner/work/_temp/novel-ci-backend-tcp.KhzSqa/tmp
2026-10-09T15:52:56.0470876Z   PROJECT_ROOT: /home/runner/work/_temp/novel-ci-backend-tcp.KhzSqa/project
2026-10-09T15:52:56.0471382Z   NOVEL_DATA_PATH: /home/runner/work/_temp/novel-ci-backend-tcp.KhzSqa/data/novels
2026-10-09T15:52:56.0471907Z   BACKUP_PATH: /home/runner/work/_temp/novel-ci-backend-tcp.KhzSqa/data/backups
2026-10-09T15:52:56.0472485Z   DATABASE_BACKUP_PATH: /home/runner/work/_temp/novel-ci-backend-tcp.KhzSqa/data/database-backups
2026-10-09T15:52:56.0473098Z   KNOWLEDGE_SOURCE_PATH: /home/runner/work/_temp/novel-ci-backend-tcp.KhzSqa/data/novels
2026-10-09T15:52:56.0473515Z ##[endgroup]
2026-10-09T15:52:56.2142581Z (node:2537) [DEP0040] DeprecationWarning: The `punycode` module is deprecated. Please use a userland alternative instead.
2026-10-09T15:52:56.2143345Z (Use `node --trace-deprecation ...` to show where the warning was created)
2026-10-09T15:52:56.2213280Z With the provided path, there will be 7 files uploaded
2026-10-09T15:52:56.2219924Z Artifact name is valid!
2026-10-09T15:52:56.2220601Z Root directory input is valid!
2026-10-09T15:52:56.6182262Z Beginning upload of artifact content to blob storage
2026-10-09T15:52:56.6609133Z (node:2537) [DEP0169] DeprecationWarning: `url.parse()` behavior is not standardized and prone to errors that have security implications. Use the WHATWG URL API instead. CVEs are not issued for `url.parse()` vulnerabilities.
2026-10-09T15:52:57.1316420Z Uploaded bytes 167809
2026-10-09T15:52:57.2087681Z Finished uploading artifact content to blob storage!
2026-10-09T15:52:57.2089258Z SHA256 digest of uploaded artifact zip is dd77aba5aa611fc8ccd8b5e9d23f665289f553d92a2e1d24973b825984df9893
2026-10-09T15:52:57.2091359Z Finalizing artifact upload
2026-10-09T15:52:57.4660818Z Artifact backend-tcp-9851bdd2d692df983664bc8f4597fbc05c0e2ceb-attempt-1.zip successfully finalized. Artifact ID 11626884366
2026-10-09T15:52:57.4662657Z Artifact backend-tcp-9851bdd2d692df983664bc8f4597fbc05c0e2ceb-attempt-1 has been successfully uploaded! Final size is 167809 bytes. Artifact ID is 11626884366
2026-10-09T15:52:57.4667487Z Artifact download URL: https://github.com/1785235376-blip/AI-Novel-Studio/actions/runs/37954818267/artifacts/11626884366
2026-10-09T15:52:57.4838211Z Post job cleanup.
2026-10-09T15:52:57.6055024Z (node:2549) [DEP0040] DeprecationWarning: The `punycode` module is deprecated. Please use a userland alternative instead.
2026-10-09T15:52:57.6056308Z (Use `node --trace-deprecation ...` to show where the warning was created)
2026-10-09T15:52:57.6240885Z Post job cleanup.
2026-10-09T15:52:57.7149808Z [command]/usr/bin/git version
2026-10-09T15:52:57.7192873Z git version 2.55.0
2026-10-09T15:52:57.7232203Z Temporarily overriding HOME='/home/runner/work/_temp/ca9bb91d-dac9-4fe8-9a4c-d2197063dcf7' before making global git config changes
2026-10-09T15:52:57.7233639Z Adding repository directory to the temporary git global config as a safe directory
2026-10-09T15:52:57.7239303Z [command]/usr/bin/git config --global --add safe.directory /home/runner/work/AI-Novel-Studio/AI-Novel-Studio
2026-10-09T15:52:57.7279138Z [command]/usr/bin/git config --local --name-only --get-regexp core\.sshCommand
2026-10-09T15:52:57.7315698Z [command]/usr/bin/git submodule foreach --recursive sh -c "git config --local --name-only --get-regexp 'core\.sshCommand' && git config --local --unset-all 'core.sshCommand' || :"
2026-10-09T15:52:57.7578874Z [command]/usr/bin/git config --local --name-only --get-regexp http\.https\:\/\/github\.com\/\.extraheader
2026-10-09T15:52:57.7624179Z [command]/usr/bin/git submodule foreach --recursive sh -c "git config --local --name-only --get-regexp 'http\.https\:\/\/github\.com\/\.extraheader' && git config --local --unset-all 'http.https://github.com/.extraheader' || :"
2026-10-09T15:52:57.8124174Z Cleaning up orphan processes
2026-10-09T15:52:57.8541440Z ##[warning]Node.js 20 is deprecated. The following actions target Node.js 20 but are being forced to run on Node.js 24: actions/checkout@v4.2.2, actions/setup-python@v5.6.0, actions/upload-artifact@v4.6.2. For more information see: https://github.blog/changelog/2025-09-19-deprecation-of-node-20-on-github-actions-runners/
