2026-10-09T15:51:30.6690856Z Current runner version: '2.337.0'
2026-10-09T15:51:30.6726348Z ##[group]Runner Image Provisioner
2026-10-09T15:51:30.6728085Z Hosted Compute Agent
2026-10-09T15:51:30.6729145Z Version: 20261002.596
2026-10-09T15:51:30.6730538Z Commit: c3d12f3313a95f25162a1503be624f3b0617f8c0
2026-10-09T15:51:30.6731922Z Build Date: 2026-10-02T22:28:27Z
2026-10-09T15:51:30.6733188Z Worker ID: {948a4257-b30f-4a0b-92b2-6e2bcc912f6b}
2026-10-09T15:51:30.6734483Z Region: centralus
2026-10-09T15:51:30.6735430Z Cloud: Azure
2026-10-09T15:51:30.6736559Z ##[endgroup]
2026-10-09T15:51:30.6739247Z ##[group]Operating System
2026-10-09T15:51:30.6740318Z Ubuntu
2026-10-09T15:51:30.6741383Z 24.04.5
2026-10-09T15:51:30.6742303Z LTS
2026-10-09T15:51:30.6743385Z ##[endgroup]
2026-10-09T15:51:30.6744491Z ##[group]Runner Image
2026-10-09T15:51:30.6745554Z Image: ubuntu-24.04
2026-10-09T15:51:30.6746745Z Version: 20261004.327.1
2026-10-09T15:51:30.6749343Z Included Software: https://github.com/actions/runner-images/blob/ubuntu24/20261004.327/images/ubuntu/Ubuntu2404-Readme.md
2026-10-09T15:51:30.6752434Z Image Release: https://github.com/actions/runner-images/releases/tag/ubuntu24%2F20261004.327
2026-10-09T15:51:30.6754169Z ##[endgroup]
2026-10-09T15:51:30.6756340Z ##[group]GITHUB_TOKEN Permissions
2026-10-09T15:51:30.6759612Z Contents: read
2026-10-09T15:51:30.6760779Z Metadata: read
2026-10-09T15:51:30.6761495Z ##[endgroup]
2026-10-09T15:51:30.6763662Z Secret source: Actions
2026-10-09T15:51:30.6764639Z Cache mode: write
2026-10-09T15:51:30.6765422Z Prepare workflow directory
2026-10-09T15:51:30.7234134Z Prepare all required actions
2026-10-09T15:51:30.7304544Z Getting action download info
2026-10-09T15:51:30.9905173Z Download action repository 'actions/checkout@v4.2.2' (SHA:11bd71901bbe5b1630ceea73d27597364c9af683)
2026-10-09T15:51:31.0838504Z Download action repository 'actions/setup-python@v5.6.0' (SHA:a26af69be951a213d495a4c3e4e4022e16d87065)
2026-10-09T15:51:31.1751336Z Download action repository 'actions/upload-artifact@v4.6.2' (SHA:ea165f8d65b6e75b540449e92b4886f43607fa02)
2026-10-09T15:51:31.3793264Z Complete job name: Backend execution / original File TCP
2026-10-09T15:51:31.4600401Z ##[group]Run actions/checkout@v4.2.2
2026-10-09T15:51:31.4601336Z with:
2026-10-09T15:51:31.4601794Z   persist-credentials: false
2026-10-09T15:51:31.4602361Z   repository: 1785235376-blip/AI-Novel-Studio
2026-10-09T15:51:31.4606022Z   token: ***
2026-10-09T15:51:31.4606459Z   ssh-strict: true
2026-10-09T15:51:31.4606901Z   ssh-user: git
2026-10-09T15:51:31.4607547Z   clean: true
2026-10-09T15:51:31.4608003Z   sparse-checkout-cone-mode: true
2026-10-09T15:51:31.4608540Z   fetch-depth: 1
2026-10-09T15:51:31.4608964Z   fetch-tags: false
2026-10-09T15:51:31.4609414Z   show-progress: true
2026-10-09T15:51:31.4609862Z   lfs: false
2026-10-09T15:51:31.4610283Z   submodules: false
2026-10-09T15:51:31.4610735Z   set-safe-directory: true
2026-10-09T15:51:31.4611465Z env:
2026-10-09T15:51:31.4611906Z   MOCK_PROVIDER: true
2026-10-09T15:51:31.4612387Z   MOCK_STREAM_DELAY_MS: 0
2026-10-09T15:51:31.4612889Z   ENABLE_CLOUD: false
2026-10-09T15:51:31.4613376Z   CREDENTIAL_VAULT_BACKEND: memory
2026-10-09T15:51:31.4613991Z   CREDENTIAL_VAULT_ALLOW_MEMORY_FALLBACK: true
2026-10-09T15:51:31.4614602Z   PYTHONDONTWRITEBYTECODE: 1
2026-10-09T15:51:31.4615104Z   HF_HUB_OFFLINE: 1
2026-10-09T15:51:31.4615543Z   TRANSFORMERS_OFFLINE: 1
2026-10-09T15:51:31.4616011Z ##[endgroup]
2026-10-09T15:51:31.5627581Z Syncing repository: 1785235376-blip/AI-Novel-Studio
2026-10-09T15:51:31.5630693Z ##[group]Getting Git version info
2026-10-09T15:51:31.5632117Z Working directory is '/home/runner/work/AI-Novel-Studio/AI-Novel-Studio'
2026-10-09T15:51:31.5634000Z [command]/usr/bin/git version
2026-10-09T15:51:31.5699132Z git version 2.55.0
2026-10-09T15:51:31.5721209Z ##[endgroup]
2026-10-09T15:51:31.5744080Z Temporarily overriding HOME='/home/runner/work/_temp/97b002d6-0c60-4909-bc89-3e5b02126491' before making global git config changes
2026-10-09T15:51:31.5751316Z Adding repository directory to the temporary git global config as a safe directory
2026-10-09T15:51:31.5753971Z [command]/usr/bin/git config --global --add safe.directory /home/runner/work/AI-Novel-Studio/AI-Novel-Studio
2026-10-09T15:51:31.5838806Z Deleting the contents of '/home/runner/work/AI-Novel-Studio/AI-Novel-Studio'
2026-10-09T15:51:31.5851874Z ##[group]Initializing the repository
2026-10-09T15:51:31.5855433Z [command]/usr/bin/git init /home/runner/work/AI-Novel-Studio/AI-Novel-Studio
2026-10-09T15:51:31.5971042Z hint: Using 'master' as the name for the initial branch. This default branch name
2026-10-09T15:51:31.5972882Z hint: will change to "main" in Git 3.0. To configure the initial branch name
2026-10-09T15:51:31.5974415Z hint: to use in all of your new repositories, which will suppress this warning,
2026-10-09T15:51:31.5975599Z hint: call:
2026-10-09T15:51:31.5976228Z hint:
2026-10-09T15:51:31.5977041Z hint: 	git config --global init.defaultBranch <name>
2026-10-09T15:51:31.5978259Z hint:
2026-10-09T15:51:31.5979173Z hint: Names commonly chosen instead of 'master' are 'main', 'trunk' and
2026-10-09T15:51:31.5980719Z hint: 'development'. The just-created branch can be renamed via this command:
2026-10-09T15:51:31.5981958Z hint:
2026-10-09T15:51:31.5982608Z hint: 	git branch -m <name>
2026-10-09T15:51:31.5983355Z hint:
2026-10-09T15:51:31.5984344Z hint: Disable this message with "git config set advice.defaultBranchName false"
2026-10-09T15:51:31.5986092Z Initialized empty Git repository in /home/runner/work/AI-Novel-Studio/AI-Novel-Studio/.git/
2026-10-09T15:51:31.5994645Z [command]/usr/bin/git remote add origin https://github.com/1785235376-blip/AI-Novel-Studio
2026-10-09T15:51:31.6044794Z ##[endgroup]
2026-10-09T15:51:31.6046224Z ##[group]Disabling automatic garbage collection
2026-10-09T15:51:31.6050908Z [command]/usr/bin/git config --local gc.auto 0
2026-10-09T15:51:31.6085687Z ##[endgroup]
2026-10-09T15:51:31.6086824Z ##[group]Setting up auth
2026-10-09T15:51:31.6093682Z [command]/usr/bin/git config --local --name-only --get-regexp core\.sshCommand
2026-10-09T15:51:31.6136822Z [command]/usr/bin/git submodule foreach --recursive sh -c "git config --local --name-only --get-regexp 'core\.sshCommand' && git config --local --unset-all 'core.sshCommand' || :"
2026-10-09T15:51:31.6562671Z [command]/usr/bin/git config --local --name-only --get-regexp http\.https\:\/\/github\.com\/\.extraheader
2026-10-09T15:51:31.6601287Z [command]/usr/bin/git submodule foreach --recursive sh -c "git config --local --name-only --get-regexp 'http\.https\:\/\/github\.com\/\.extraheader' && git config --local --unset-all 'http.https://github.com/.extraheader' || :"
2026-10-09T15:51:31.6836652Z [command]/usr/bin/git config --local http.https://github.com/.extraheader AUTHORIZATION: basic ***
2026-10-09T15:51:31.6883128Z ##[endgroup]
2026-10-09T15:51:31.6884596Z ##[group]Fetching the repository
2026-10-09T15:51:31.6895460Z [command]/usr/bin/git -c protocol.version=2 fetch --no-tags --prune --no-recurse-submodules --depth=1 origin +02a3f6e9908f785a308a4605e362f8876aed4d8b:refs/remotes/pull/47/merge
2026-10-09T15:51:35.8846701Z From https://github.com/1785235376-blip/AI-Novel-Studio
2026-10-09T15:51:35.8850880Z  * [new ref]         02a3f6e9908f785a308a4605e362f8876aed4d8b -> pull/47/merge
2026-10-09T15:51:35.8869013Z ##[endgroup]
2026-10-09T15:51:35.8870357Z ##[group]Determining the checkout info
2026-10-09T15:51:35.8871947Z ##[endgroup]
2026-10-09T15:51:35.8872593Z [command]/usr/bin/git sparse-checkout disable
2026-10-09T15:51:35.8921313Z [command]/usr/bin/git config --local --unset-all extensions.worktreeConfig
2026-10-09T15:51:35.8958841Z ##[group]Checking out the ref
2026-10-09T15:51:35.8961604Z [command]/usr/bin/git checkout --progress --force refs/remotes/pull/47/merge
2026-10-09T15:51:36.5639527Z Note: switching to 'refs/remotes/pull/47/merge'.
2026-10-09T15:51:36.5668313Z 
2026-10-09T15:51:36.5678805Z You are in 'detached HEAD' state. You can look around, make experimental
2026-10-09T15:51:36.5679969Z changes and commit them, and you can discard any commits you make in this
2026-10-09T15:51:36.5681582Z state without impacting any branches by switching back to a branch.
2026-10-09T15:51:36.5682303Z 
2026-10-09T15:51:36.5682821Z If you want to create a new branch to retain commits you create, you may
2026-10-09T15:51:36.5753647Z do so (now or later) by using -c with the switch command. Example:
2026-10-09T15:51:36.5754438Z 
2026-10-09T15:51:36.5754724Z   git switch -c <new-branch-name>
2026-10-09T15:51:36.5755231Z 
2026-10-09T15:51:36.5755524Z Or undo this operation with:
2026-10-09T15:51:36.5755957Z 
2026-10-09T15:51:36.5756197Z   git switch -
2026-10-09T15:51:36.5756631Z 
2026-10-09T15:51:36.5759056Z Turn off this advice by setting config variable advice.detachedHead to false
2026-10-09T15:51:36.5760231Z 
2026-10-09T15:51:36.5760988Z HEAD is now at 02a3f6e Merge 9851bdd2d692df983664bc8f4597fbc05c0e2ceb into fed2404c8e30b44061b7139dced45b7f3301601c
2026-10-09T15:51:36.5763087Z ##[endgroup]
2026-10-09T15:51:36.5763867Z [command]/usr/bin/git log -1 --format=%H
2026-10-09T15:51:36.5767400Z 02a3f6e9908f785a308a4605e362f8876aed4d8b
2026-10-09T15:51:36.5778327Z ##[group]Removing auth
2026-10-09T15:51:36.5782656Z [command]/usr/bin/git config --local --name-only --get-regexp core\.sshCommand
2026-10-09T15:51:36.5818588Z [command]/usr/bin/git submodule foreach --recursive sh -c "git config --local --name-only --get-regexp 'core\.sshCommand' && git config --local --unset-all 'core.sshCommand' || :"
2026-10-09T15:51:36.6052396Z [command]/usr/bin/git config --local --name-only --get-regexp http\.https\:\/\/github\.com\/\.extraheader
2026-10-09T15:51:36.6083496Z http.https://github.com/.extraheader
2026-10-09T15:51:36.6091123Z [command]/usr/bin/git config --local --unset-all http.https://github.com/.extraheader
2026-10-09T15:51:36.6127701Z [command]/usr/bin/git submodule foreach --recursive sh -c "git config --local --name-only --get-regexp 'http\.https\:\/\/github\.com\/\.extraheader' && git config --local --unset-all 'http.https://github.com/.extraheader' || :"
2026-10-09T15:51:36.6354909Z ##[endgroup]
2026-10-09T15:51:36.6620913Z ##[group]Run actions/setup-python@v5.6.0
2026-10-09T15:51:36.6621346Z with:
2026-10-09T15:51:36.6621628Z   python-version: 3.12.9
2026-10-09T15:51:36.6621943Z   check-latest: false
2026-10-09T15:51:36.6624445Z   token: ***
2026-10-09T15:51:36.6624740Z   update-environment: true
2026-10-09T15:51:36.6625072Z   allow-prereleases: false
2026-10-09T15:51:36.6625401Z   freethreaded: false
2026-10-09T15:51:36.6625684Z env:
2026-10-09T15:51:36.6625943Z   MOCK_PROVIDER: true
2026-10-09T15:51:36.6626232Z   MOCK_STREAM_DELAY_MS: 0
2026-10-09T15:51:36.6626536Z   ENABLE_CLOUD: false
2026-10-09T15:51:36.6626840Z   CREDENTIAL_VAULT_BACKEND: memory
2026-10-09T15:51:36.6627394Z   CREDENTIAL_VAULT_ALLOW_MEMORY_FALLBACK: true
2026-10-09T15:51:36.6627797Z   PYTHONDONTWRITEBYTECODE: 1
2026-10-09T15:51:36.6628118Z   HF_HUB_OFFLINE: 1
2026-10-09T15:51:36.6628401Z   TRANSFORMERS_OFFLINE: 1
2026-10-09T15:51:36.6628698Z ##[endgroup]
2026-10-09T15:51:36.7984119Z ##[group]Installed versions
2026-10-09T15:51:36.8003673Z Version 3.12.9 was not found in the local cache
2026-10-09T15:51:36.8116136Z (node:2394) [DEP0040] DeprecationWarning: The `punycode` module is deprecated. Please use a userland alternative instead.
2026-10-09T15:51:36.8117333Z (Use `node --trace-deprecation ...` to show where the warning was created)
2026-10-09T15:51:37.6230493Z Version 3.12.9 is available for downloading
2026-10-09T15:51:37.6232720Z Download from "https://github.com/actions/python-versions/releases/download/3.12.9-13149478207/python-3.12.9-linux-24.04-x64.tar.gz"
2026-10-09T15:51:38.4377713Z Extract downloaded archive
2026-10-09T15:51:38.4507702Z [command]/usr/bin/tar xz --warning=no-unknown-keyword --overwrite -C /home/runner/work/_temp/adfb711b-bde9-46a5-adff-ec873d30ef77 -f /home/runner/work/_temp/c730fab8-d150-4017-bb10-e43b459e37cd
2026-10-09T15:51:40.4958319Z Execute installation script
2026-10-09T15:51:40.5057414Z Check if Python hostedtoolcache folder exist...
2026-10-09T15:51:40.5058464Z Create Python 3.12.9 folder
2026-10-09T15:51:40.5073672Z Copy Python binaries to hostedtoolcache folder
2026-10-09T15:51:40.9892016Z Create additional symlinks (Required for the UsePythonVersion Azure Pipelines task and the setup-python GitHub Action)
2026-10-09T15:51:40.9938424Z Upgrading pip...
2026-10-09T15:51:43.3921743Z Looking in links: /tmp/tmpmv50npvh
2026-10-09T15:51:43.3926271Z Requirement already satisfied: pip in /opt/hostedtoolcache/Python/3.12.9/x64/lib/python3.12/site-packages (24.3.1)
2026-10-09T15:51:44.9728651Z Collecting pip
2026-10-09T15:51:45.0246369Z Downloading pip-26.2.1-py3-none-any.whl.metadata (4.6 kB)
2026-10-09T15:51:45.0396052Z Downloading pip-26.2.1-py3-none-any.whl (1.8 MB)
2026-10-09T15:51:45.1184852Z ━━━━━━━━━━━━━━━━━━━━━━━━━━━━━━━━━━━━━━━━ 1.8/1.8 MB 32.7 MB/s eta 0:00:00
2026-10-09T15:51:45.1185521Z 
2026-10-09T15:51:45.1402804Z Installing collected packages: pip
2026-10-09T15:51:45.1405093Z Attempting uninstall: pip
2026-10-09T15:51:45.1426641Z Found existing installation: pip 24.3.1
2026-10-09T15:51:45.1790695Z Uninstalling pip-24.3.1:
2026-10-09T15:51:45.1848501Z Successfully uninstalled pip-24.3.1
2026-10-09T15:51:46.0955435Z Successfully installed pip-26.2.1
2026-10-09T15:51:46.1468973Z Create complete file
2026-10-09T15:51:46.1509753Z Successfully set up CPython (3.12.9)
2026-10-09T15:51:46.1510642Z ##[endgroup]
2026-10-09T15:51:46.1742221Z ##[group]Run bash .github/ci/prepare.sh backend-tcp
2026-10-09T15:51:46.1742697Z [36;1mbash .github/ci/prepare.sh backend-tcp[0m
2026-10-09T15:51:46.1996996Z shell: /usr/bin/bash -e {0}
2026-10-09T15:51:46.1997571Z env:
2026-10-09T15:51:46.1997795Z   MOCK_PROVIDER: true
2026-10-09T15:51:46.1998051Z   MOCK_STREAM_DELAY_MS: 0
2026-10-09T15:51:46.1998283Z   ENABLE_CLOUD: false
2026-10-09T15:51:46.1998512Z   CREDENTIAL_VAULT_BACKEND: memory
2026-10-09T15:51:46.1998802Z   CREDENTIAL_VAULT_ALLOW_MEMORY_FALLBACK: true
2026-10-09T15:51:46.1999111Z   PYTHONDONTWRITEBYTECODE: 1
2026-10-09T15:51:46.1999350Z   HF_HUB_OFFLINE: 1
2026-10-09T15:51:46.1999563Z   TRANSFORMERS_OFFLINE: 1
2026-10-09T15:51:46.1999870Z   pythonLocation: /opt/hostedtoolcache/Python/3.12.9/x64
2026-10-09T15:51:46.2000325Z   PKG_CONFIG_PATH: /opt/hostedtoolcache/Python/3.12.9/x64/lib/pkgconfig
2026-10-09T15:51:46.2000769Z   Python_ROOT_DIR: /opt/hostedtoolcache/Python/3.12.9/x64
2026-10-09T15:51:46.2001194Z   Python2_ROOT_DIR: /opt/hostedtoolcache/Python/3.12.9/x64
2026-10-09T15:51:46.2001582Z   Python3_ROOT_DIR: /opt/hostedtoolcache/Python/3.12.9/x64
2026-10-09T15:51:46.2001969Z   LD_LIBRARY_PATH: /opt/hostedtoolcache/Python/3.12.9/x64/lib
2026-10-09T15:51:46.2002304Z ##[endgroup]
2026-10-09T15:51:46.9832881Z ##[group]Run python -m pip install -c .github/ci/python-constraints.txt -e '.[dev,fontbuild,otio,comic]'
2026-10-09T15:51:46.9833726Z [36;1mpython -m pip install -c .github/ci/python-constraints.txt -e '.[dev,fontbuild,otio,comic]'[0m
2026-10-09T15:51:46.9834245Z [36;1mpython -m pip check[0m
2026-10-09T15:51:46.9834650Z [36;1mpython -m pip freeze --exclude-editable > "$CI_RECEIPTS/python-packages.txt"[0m
2026-10-09T15:51:46.9900621Z shell: /usr/bin/bash -e {0}
2026-10-09T15:51:46.9900874Z env:
2026-10-09T15:51:46.9901069Z   MOCK_PROVIDER: true
2026-10-09T15:51:46.9901303Z   MOCK_STREAM_DELAY_MS: 0
2026-10-09T15:51:46.9901522Z   ENABLE_CLOUD: false
2026-10-09T15:51:46.9901739Z   CREDENTIAL_VAULT_BACKEND: memory
2026-10-09T15:51:46.9902017Z   CREDENTIAL_VAULT_ALLOW_MEMORY_FALLBACK: true
2026-10-09T15:51:46.9902320Z   PYTHONDONTWRITEBYTECODE: 1
2026-10-09T15:51:46.9902566Z   HF_HUB_OFFLINE: 1
2026-10-09T15:51:46.9902772Z   TRANSFORMERS_OFFLINE: 1
2026-10-09T15:51:46.9903097Z   pythonLocation: /opt/hostedtoolcache/Python/3.12.9/x64
2026-10-09T15:51:46.9903520Z   PKG_CONFIG_PATH: /opt/hostedtoolcache/Python/3.12.9/x64/lib/pkgconfig
2026-10-09T15:51:46.9903937Z   Python_ROOT_DIR: /opt/hostedtoolcache/Python/3.12.9/x64
2026-10-09T15:51:46.9904307Z   Python2_ROOT_DIR: /opt/hostedtoolcache/Python/3.12.9/x64
2026-10-09T15:51:46.9904680Z   Python3_ROOT_DIR: /opt/hostedtoolcache/Python/3.12.9/x64
2026-10-09T15:51:46.9905242Z   LD_LIBRARY_PATH: /opt/hostedtoolcache/Python/3.12.9/x64/lib
2026-10-09T15:51:46.9905615Z   CI_COVERAGE_SHA: 02a3f6e9908f785a308a4605e362f8876aed4d8b
2026-10-09T15:51:46.9905975Z   CI_COVERAGE_TREE: cd6989a19e5fd5e2400f2325fe696cae03d8eda7
2026-10-09T15:51:46.9906375Z   CI_SANDBOX: /home/runner/work/_temp/novel-ci-backend-tcp.fKM8ec
2026-10-09T15:51:46.9906820Z   CI_PROJECT: /home/runner/work/_temp/novel-ci-backend-tcp.fKM8ec/project
2026-10-09T15:51:46.9907444Z   CI_RECEIPTS: /home/runner/work/_temp/novel-ci-backend-tcp.fKM8ec/receipts
2026-10-09T15:51:46.9907895Z   HOME: /home/runner/work/_temp/novel-ci-backend-tcp.fKM8ec/home
2026-10-09T15:51:46.9908325Z   USERPROFILE: /home/runner/work/_temp/novel-ci-backend-tcp.fKM8ec/home
2026-10-09T15:51:46.9908781Z   APPDATA: /home/runner/work/_temp/novel-ci-backend-tcp.fKM8ec/appdata
2026-10-09T15:51:46.9909270Z   LOCALAPPDATA: /home/runner/work/_temp/novel-ci-backend-tcp.fKM8ec/localappdata
2026-10-09T15:51:46.9909786Z   XDG_CONFIG_HOME: /home/runner/work/_temp/novel-ci-backend-tcp.fKM8ec/config
2026-10-09T15:51:46.9910272Z   XDG_CACHE_HOME: /home/runner/work/_temp/novel-ci-backend-tcp.fKM8ec/cache
2026-10-09T15:51:46.9910733Z   XDG_DATA_HOME: /home/runner/work/_temp/novel-ci-backend-tcp.fKM8ec/data
2026-10-09T15:51:46.9911189Z   XDG_STATE_HOME: /home/runner/work/_temp/novel-ci-backend-tcp.fKM8ec/state
2026-10-09T15:51:46.9911635Z   TMPDIR: /home/runner/work/_temp/novel-ci-backend-tcp.fKM8ec/tmp
2026-10-09T15:51:46.9912043Z   TMP: /home/runner/work/_temp/novel-ci-backend-tcp.fKM8ec/tmp
2026-10-09T15:51:46.9912441Z   TEMP: /home/runner/work/_temp/novel-ci-backend-tcp.fKM8ec/tmp
2026-10-09T15:51:46.9912903Z   PROJECT_ROOT: /home/runner/work/_temp/novel-ci-backend-tcp.fKM8ec/project
2026-10-09T15:51:46.9913403Z   NOVEL_DATA_PATH: /home/runner/work/_temp/novel-ci-backend-tcp.fKM8ec/data/novels
2026-10-09T15:51:46.9913916Z   BACKUP_PATH: /home/runner/work/_temp/novel-ci-backend-tcp.fKM8ec/data/backups
2026-10-09T15:51:46.9914481Z   DATABASE_BACKUP_PATH: /home/runner/work/_temp/novel-ci-backend-tcp.fKM8ec/data/database-backups
2026-10-09T15:51:46.9915088Z   KNOWLEDGE_SOURCE_PATH: /home/runner/work/_temp/novel-ci-backend-tcp.fKM8ec/data/novels
2026-10-09T15:51:46.9915516Z ##[endgroup]
2026-10-09T15:51:47.9602330Z Obtaining file:///home/runner/work/_temp/novel-ci-backend-tcp.fKM8ec/project
2026-10-09T15:51:47.9619626Z   Installing build dependencies: started
2026-10-09T15:51:49.3327634Z   Installing build dependencies: finished with status 'done'
2026-10-09T15:51:49.3334217Z   Checking if build backend supports build_editable: started
2026-10-09T15:51:50.0222433Z   Checking if build backend supports build_editable: finished with status 'done'
2026-10-09T15:51:50.0230053Z   Getting requirements to build editable: started
2026-10-09T15:51:50.9324728Z   Getting requirements to build editable: finished with status 'done'
2026-10-09T15:51:50.9334365Z   Preparing editable metadata (pyproject.toml): started
2026-10-09T15:51:51.8499207Z   Preparing editable metadata (pyproject.toml): finished with status 'done'
2026-10-09T15:51:51.9953582Z Collecting fastapi<1,>=0.115 (from ai-novel-studio==0.7.0)
2026-10-09T15:51:52.0780671Z   Downloading fastapi-0.142.2-py3-none-any.whl.metadata (27 kB)
2026-10-09T15:51:52.1264408Z Collecting uvicorn<1,>=0.30 (from ai-novel-studio==0.7.0)
2026-10-09T15:51:52.1416050Z   Downloading uvicorn-0.54.0-py3-none-any.whl.metadata (6.6 kB)
2026-10-09T15:51:52.1696271Z Collecting psycopg<4,>=3.2 (from psycopg[binary]<4,>=3.2->ai-novel-studio==0.7.0)
2026-10-09T15:51:52.1852133Z   Downloading psycopg-3.3.6-py3-none-any.whl.metadata (4.4 kB)
2026-10-09T15:51:52.5326922Z Collecting sqlalchemy<3,>=2.0 (from ai-novel-studio==0.7.0)
2026-10-09T15:51:52.5496770Z   Downloading sqlalchemy-2.1.3-cp312-cp312-manylinux2014_x86_64.manylinux_2_17_x86_64.manylinux_2_28_x86_64.whl.metadata (9.7 kB)
2026-10-09T15:51:52.5834451Z Collecting httpx<1,>=0.27 (from ai-novel-studio==0.7.0)
2026-10-09T15:51:52.5988760Z   Downloading httpx-0.28.1-py3-none-any.whl.metadata (7.1 kB)
2026-10-09T15:51:52.6267277Z Collecting pydantic-settings<3,>=2.6 (from ai-novel-studio==0.7.0)
2026-10-09T15:51:52.6417729Z   Downloading pydantic_settings-2.15.0-py3-none-any.whl.metadata (3.9 kB)
2026-10-09T15:51:52.7490141Z Collecting reportlab<5,>=4.0 (from ai-novel-studio==0.7.0)
2026-10-09T15:51:52.7646146Z   Downloading reportlab-4.5.1-py3-none-any.whl.metadata (1.7 kB)
2026-10-09T15:51:52.7963965Z Collecting pypdf==6.19.0 (from ai-novel-studio==0.7.0)
2026-10-09T15:51:52.8128068Z   Downloading pypdf-6.19.0-py3-none-any.whl.metadata (7.5 kB)
2026-10-09T15:51:52.8469625Z Collecting jsonschema<5,>=4.18 (from ai-novel-studio==0.7.0)
2026-10-09T15:51:52.8625318Z   Downloading jsonschema-4.26.0-py3-none-any.whl.metadata (7.6 kB)
2026-10-09T15:51:52.9015539Z Collecting pytest<9,>=8 (from ai-novel-studio==0.7.0)
2026-10-09T15:51:52.9169367Z   Downloading pytest-8.4.2-py3-none-any.whl.metadata (7.7 kB)
2026-10-09T15:51:53.0593419Z Collecting fonttools==4.59.1 (from ai-novel-studio==0.7.0)
2026-10-09T15:51:53.0764471Z   Downloading fonttools-4.59.1-cp312-cp312-manylinux1_x86_64.manylinux2014_x86_64.manylinux_2_17_x86_64.manylinux_2_5_x86_64.whl.metadata (108 kB)
2026-10-09T15:51:53.1374189Z Collecting opentimelineio==0.18.1 (from ai-novel-studio==0.7.0)
2026-10-09T15:51:53.1538257Z   Downloading opentimelineio-0.18.1-cp312-cp312-manylinux2014_x86_64.manylinux_2_17_x86_64.whl.metadata (2.6 kB)
2026-10-09T15:51:53.3354459Z Collecting Pillow==12.3.0 (from ai-novel-studio==0.7.0)
2026-10-09T15:51:53.3510225Z   Downloading pillow-12.3.0-cp312-cp312-manylinux_2_27_x86_64.manylinux_2_28_x86_64.whl.metadata (9.1 kB)
2026-10-09T15:51:53.3890549Z Collecting starlette>=0.46.0 (from fastapi<1,>=0.115->ai-novel-studio==0.7.0)
2026-10-09T15:51:53.4044413Z   Downloading starlette-1.7.0-py3-none-any.whl.metadata (6.6 kB)
2026-10-09T15:51:53.5120330Z Collecting pydantic>=2.9.0 (from fastapi<1,>=0.115->ai-novel-studio==0.7.0)
2026-10-09T15:51:53.5280201Z   Downloading pydantic-2.13.5-py3-none-any.whl.metadata (110 kB)
2026-10-09T15:51:53.5613080Z Collecting typing-extensions>=4.8.0 (from fastapi<1,>=0.115->ai-novel-studio==0.7.0)
2026-10-09T15:51:53.5819504Z   Downloading typing_extensions-4.16.0-py3-none-any.whl.metadata (3.3 kB)
2026-10-09T15:51:53.6042658Z Collecting typing-inspection>=0.4.2 (from fastapi<1,>=0.115->ai-novel-studio==0.7.0)
2026-10-09T15:51:53.6194206Z   Downloading typing_inspection-0.4.4-py3-none-any.whl.metadata (2.6 kB)
2026-10-09T15:51:53.6414311Z Collecting annotated-doc>=0.0.2 (from fastapi<1,>=0.115->ai-novel-studio==0.7.0)
2026-10-09T15:51:53.6565715Z   Downloading annotated_doc-0.0.5-py3-none-any.whl.metadata (6.5 kB)
2026-10-09T15:51:53.6856266Z Collecting opentelemetry-api>=1.44.0 (from fastapi<1,>=0.115->ai-novel-studio==0.7.0)
2026-10-09T15:51:53.7007344Z   Downloading opentelemetry_api-1.45.0-py3-none-any.whl.metadata (1.4 kB)
2026-10-09T15:51:53.7293503Z Collecting anyio (from httpx<1,>=0.27->ai-novel-studio==0.7.0)
2026-10-09T15:51:53.7445755Z   Downloading anyio-4.15.1-py3-none-any.whl.metadata (4.7 kB)
2026-10-09T15:51:53.7723399Z Collecting certifi (from httpx<1,>=0.27->ai-novel-studio==0.7.0)
2026-10-09T15:51:53.7876392Z   Downloading certifi-2026.7.22-py3-none-any.whl.metadata (2.5 kB)
2026-10-09T15:51:53.8140213Z Collecting httpcore==1.* (from httpx<1,>=0.27->ai-novel-studio==0.7.0)
2026-10-09T15:51:53.8291510Z   Downloading httpcore-1.0.9-py3-none-any.whl.metadata (21 kB)
2026-10-09T15:51:53.8555243Z Collecting idna (from httpx<1,>=0.27->ai-novel-studio==0.7.0)
2026-10-09T15:51:53.8706305Z   Downloading idna-3.20-py3-none-any.whl.metadata (7.2 kB)
2026-10-09T15:51:53.8947279Z Collecting h11>=0.16 (from httpcore==1.*->httpx<1,>=0.27->ai-novel-studio==0.7.0)
2026-10-09T15:51:53.9105957Z   Downloading h11-0.16.0-py3-none-any.whl.metadata (8.3 kB)
2026-10-09T15:51:53.9366417Z Collecting attrs>=22.2.0 (from jsonschema<5,>=4.18->ai-novel-studio==0.7.0)
2026-10-09T15:51:53.9526542Z   Downloading attrs-26.1.0-py3-none-any.whl.metadata (8.8 kB)
2026-10-09T15:51:53.9769888Z Collecting jsonschema-specifications>=2023.03.6 (from jsonschema<5,>=4.18->ai-novel-studio==0.7.0)
2026-10-09T15:51:53.9923012Z   Downloading jsonschema_specifications-2025.9.1-py3-none-any.whl.metadata (2.9 kB)
2026-10-09T15:51:54.0268901Z Collecting referencing>=0.28.4 (from jsonschema<5,>=4.18->ai-novel-studio==0.7.0)
2026-10-09T15:51:54.0421179Z   Downloading referencing-0.37.0-py3-none-any.whl.metadata (2.8 kB)
2026-10-09T15:51:54.3090690Z Collecting rpds-py>=0.25.0 (from jsonschema<5,>=4.18->ai-novel-studio==0.7.0)
2026-10-09T15:51:54.3246343Z   Downloading rpds_py-2026.9.1-cp312-cp312-manylinux_2_17_x86_64.manylinux2014_x86_64.whl.metadata (4.1 kB)
2026-10-09T15:51:54.5586782Z Collecting psycopg-binary==3.3.6 (from psycopg[binary]<4,>=3.2->ai-novel-studio==0.7.0)
2026-10-09T15:51:54.5882891Z   Downloading psycopg_binary-3.3.6-cp312-cp312-manylinux2014_x86_64.manylinux_2_17_x86_64.whl.metadata (2.7 kB)
2026-10-09T15:51:54.6188099Z Collecting python-dotenv>=0.21.0 (from pydantic-settings<3,>=2.6->ai-novel-studio==0.7.0)
2026-10-09T15:51:54.6347163Z   Downloading python_dotenv-1.2.4-py3-none-any.whl.metadata (29 kB)
2026-10-09T15:51:54.6601174Z Collecting iniconfig>=1 (from pytest<9,>=8->ai-novel-studio==0.7.0)
2026-10-09T15:51:54.6753051Z   Downloading iniconfig-2.3.0-py3-none-any.whl.metadata (2.5 kB)
2026-10-09T15:51:54.7010780Z Collecting packaging>=20 (from pytest<9,>=8->ai-novel-studio==0.7.0)
2026-10-09T15:51:54.7166203Z   Downloading packaging-26.3-py3-none-any.whl.metadata (3.5 kB)
2026-10-09T15:51:54.7424842Z Collecting pluggy<2,>=1.5 (from pytest<9,>=8->ai-novel-studio==0.7.0)
2026-10-09T15:51:54.7579191Z   Downloading pluggy-1.6.0-py3-none-any.whl.metadata (4.8 kB)
2026-10-09T15:51:54.7868753Z Collecting pygments>=2.7.2 (from pytest<9,>=8->ai-novel-studio==0.7.0)
2026-10-09T15:51:54.8019580Z   Downloading pygments-2.21.0-py3-none-any.whl.metadata (2.5 kB)
2026-10-09T15:51:54.9308670Z Collecting charset-normalizer (from reportlab<5,>=4.0->ai-novel-studio==0.7.0)
2026-10-09T15:51:54.9462615Z   Downloading charset_normalizer-3.5.2-cp312-cp312-manylinux2014_x86_64.manylinux_2_17_x86_64.manylinux_2_28_x86_64.whl.metadata (46 kB)
2026-10-09T15:51:54.9800124Z Collecting click>=7.0 (from uvicorn<1,>=0.30->ai-novel-studio==0.7.0)
2026-10-09T15:51:54.9952187Z   Downloading click-8.5.0-py3-none-any.whl.metadata (2.6 kB)
2026-10-09T15:51:55.0237746Z Collecting annotated-types>=0.6.0 (from pydantic>=2.9.0->fastapi<1,>=0.115->ai-novel-studio==0.7.0)
2026-10-09T15:51:55.0389339Z   Downloading annotated_types-0.8.0-py3-none-any.whl.metadata (15 kB)
2026-10-09T15:51:55.7129055Z Collecting pydantic-core==2.46.5 (from pydantic>=2.9.0->fastapi<1,>=0.115->ai-novel-studio==0.7.0)
2026-10-09T15:51:55.7283038Z   Downloading pydantic_core-2.46.5-cp312-cp312-manylinux_2_17_x86_64.manylinux2014_x86_64.whl.metadata (6.6 kB)
2026-10-09T15:51:55.7660803Z Downloading fonttools-4.59.1-cp312-cp312-manylinux1_x86_64.manylinux2014_x86_64.manylinux_2_17_x86_64.manylinux_2_5_x86_64.whl (4.9 MB)
2026-10-09T15:51:55.8682010Z    ━━━━━━━━━━━━━━━━━━━━━━━━━━━━━━━━━━━━━━━━ 4.9/4.9 MB 54.4 MB/s  0:00:00
2026-10-09T15:51:55.8843547Z Downloading opentimelineio-0.18.1-cp312-cp312-manylinux2014_x86_64.manylinux_2_17_x86_64.whl (842 kB)
2026-10-09T15:51:55.8904002Z    ━━━━━━━━━━━━━━━━━━━━━━━━━━━━━━━━━━━━━━━━ 842.8/842.8 kB 161.7 MB/s  0:00:00
2026-10-09T15:51:55.9056167Z Downloading pillow-12.3.0-cp312-cp312-manylinux_2_27_x86_64.manylinux_2_28_x86_64.whl (6.9 MB)
2026-10-09T15:51:55.9418123Z    ━━━━━━━━━━━━━━━━━━━━━━━━━━━━━━━━━━━━━━━━ 6.9/6.9 MB 197.4 MB/s  0:00:00
2026-10-09T15:51:55.9571168Z Downloading pypdf-6.19.0-py3-none-any.whl (395 kB)
2026-10-09T15:51:55.9748672Z Downloading fastapi-0.142.2-py3-none-any.whl (144 kB)
2026-10-09T15:51:55.9925067Z Downloading httpx-0.28.1-py3-none-any.whl (73 kB)
2026-10-09T15:51:56.0097911Z Downloading httpcore-1.0.9-py3-none-any.whl (78 kB)
2026-10-09T15:51:56.0280358Z Downloading jsonschema-4.26.0-py3-none-any.whl (90 kB)
2026-10-09T15:51:56.0456447Z Downloading psycopg-3.3.6-py3-none-any.whl (215 kB)
2026-10-09T15:51:56.0651240Z Downloading psycopg_binary-3.3.6-cp312-cp312-manylinux2014_x86_64.manylinux_2_17_x86_64.whl (5.2 MB)
2026-10-09T15:51:56.0871614Z    ━━━━━━━━━━━━━━━━━━━━━━━━━━━━━━━━━━━━━━━━ 5.2/5.2 MB 258.5 MB/s  0:00:00
2026-10-09T15:51:56.1027950Z Downloading pydantic_settings-2.15.0-py3-none-any.whl (69 kB)
2026-10-09T15:51:56.1213743Z Downloading pytest-8.4.2-py3-none-any.whl (365 kB)
2026-10-09T15:51:56.1390455Z Downloading pluggy-1.6.0-py3-none-any.whl (20 kB)
2026-10-09T15:51:56.1574388Z Downloading reportlab-4.5.1-py3-none-any.whl (2.0 MB)
2026-10-09T15:51:56.1673585Z    ━━━━━━━━━━━━━━━━━━━━━━━━━━━━━━━━━━━━━━━━ 2.0/2.0 MB 226.8 MB/s  0:00:00
2026-10-09T15:51:56.1850639Z Downloading sqlalchemy-2.1.3-cp312-cp312-manylinux2014_x86_64.manylinux_2_17_x86_64.manylinux_2_28_x86_64.whl (4.7 MB)
2026-10-09T15:51:56.2183966Z    ━━━━━━━━━━━━━━━━━━━━━━━━━━━━━━━━━━━━━━━━ 4.7/4.7 MB 142.9 MB/s  0:00:00
2026-10-09T15:51:56.2336220Z Downloading uvicorn-0.54.0-py3-none-any.whl (87 kB)
2026-10-09T15:51:56.2546427Z Downloading annotated_doc-0.0.5-py3-none-any.whl (5.3 kB)
2026-10-09T15:51:56.2715469Z Downloading attrs-26.1.0-py3-none-any.whl (67 kB)
2026-10-09T15:51:56.2886115Z Downloading click-8.5.0-py3-none-any.whl (125 kB)
2026-10-09T15:51:56.3057258Z Downloading h11-0.16.0-py3-none-any.whl (37 kB)
2026-10-09T15:51:56.3232679Z Downloading iniconfig-2.3.0-py3-none-any.whl (7.5 kB)
2026-10-09T15:51:56.3399053Z Downloading jsonschema_specifications-2025.9.1-py3-none-any.whl (18 kB)
2026-10-09T15:51:56.3568200Z Downloading opentelemetry_api-1.45.0-py3-none-any.whl (60 kB)
2026-10-09T15:51:56.3742930Z Downloading packaging-26.3-py3-none-any.whl (129 kB)
2026-10-09T15:51:56.3920099Z Downloading pydantic-2.13.5-py3-none-any.whl (472 kB)
2026-10-09T15:51:56.4100441Z Downloading pydantic_core-2.46.5-cp312-cp312-manylinux_2_17_x86_64.manylinux2014_x86_64.whl (2.1 MB)
2026-10-09T15:51:56.4182327Z    ━━━━━━━━━━━━━━━━━━━━━━━━━━━━━━━━━━━━━━━━ 2.1/2.1 MB 302.5 MB/s  0:00:00
2026-10-09T15:51:56.4336505Z Downloading annotated_types-0.8.0-py3-none-any.whl (13 kB)
2026-10-09T15:51:56.4518066Z Downloading pygments-2.21.0-py3-none-any.whl (1.3 MB)
2026-10-09T15:51:56.4632755Z    ━━━━━━━━━━━━━━━━━━━━━━━━━━━━━━━━━━━━━━━━ 1.3/1.3 MB 107.5 MB/s  0:00:00
2026-10-09T15:51:56.4790737Z Downloading python_dotenv-1.2.4-py3-none-any.whl (23 kB)
2026-10-09T15:51:56.4963392Z Downloading referencing-0.37.0-py3-none-any.whl (26 kB)
2026-10-09T15:51:56.5139880Z Downloading rpds_py-2026.9.1-cp312-cp312-manylinux_2_17_x86_64.manylinux2014_x86_64.whl (371 kB)
2026-10-09T15:51:56.5320069Z Downloading starlette-1.7.0-py3-none-any.whl (78 kB)
2026-10-09T15:51:56.5499192Z Downloading anyio-4.15.1-py3-none-any.whl (132 kB)
2026-10-09T15:51:56.5675536Z Downloading idna-3.20-py3-none-any.whl (69 kB)
2026-10-09T15:51:56.5852022Z Downloading typing_extensions-4.16.0-py3-none-any.whl (45 kB)
2026-10-09T15:51:56.6024642Z Downloading typing_inspection-0.4.4-py3-none-any.whl (14 kB)
2026-10-09T15:51:56.6194281Z Downloading certifi-2026.7.22-py3-none-any.whl (136 kB)
2026-10-09T15:51:56.6378004Z Downloading charset_normalizer-3.5.2-cp312-cp312-manylinux2014_x86_64.manylinux_2_17_x86_64.manylinux_2_28_x86_64.whl (257 kB)
2026-10-09T15:51:56.7678559Z Building wheels for collected packages: ai-novel-studio
2026-10-09T15:51:56.7686682Z   Building editable for ai-novel-studio (pyproject.toml): started
2026-10-09T15:51:57.7379202Z   Building editable for ai-novel-studio (pyproject.toml): finished with status 'done'
2026-10-09T15:51:57.7385696Z   Created wheel for ai-novel-studio: filename=ai_novel_studio-0.7.0-0.editable-py3-none-any.whl size=3185 sha256=225ca5a8b675e87e0e677dee3bc706d25807d18fb8cab9634d3d2b8f9da67ea2
2026-10-09T15:51:57.7388346Z   Stored in directory: /home/runner/work/_temp/novel-ci-backend-tcp.fKM8ec/tmp/pip-ephem-wheel-cache-glv2nvv0/wheels/bc/57/16/90757edfa2f4be86c4f15b46cd6ddb93895816949f08805e9c
2026-10-09T15:51:57.7403543Z Successfully built ai-novel-studio
2026-10-09T15:51:57.8425019Z Installing collected packages: typing-extensions, rpds-py, python-dotenv, pypdf, pygments, psycopg-binary, pluggy, Pillow, packaging, opentimelineio, iniconfig, idna, h11, fonttools, click, charset-normalizer, certifi, attrs, annotated-types, annotated-doc, uvicorn, typing-inspection, sqlalchemy, reportlab, referencing, pytest, pydantic-core, psycopg, opentelemetry-api, httpcore, anyio, starlette, pydantic, jsonschema-specifications, httpx, pydantic-settings, jsonschema, fastapi, ai-novel-studio
2026-10-09T15:52:04.5558880Z 
2026-10-09T15:52:04.5595844Z Successfully installed Pillow-12.3.0 ai-novel-studio-0.7.0 annotated-doc-0.0.5 annotated-types-0.8.0 anyio-4.15.1 attrs-26.1.0 certifi-2026.7.22 charset-normalizer-3.5.2 click-8.5.0 fastapi-0.142.2 fonttools-4.59.1 h11-0.16.0 httpcore-1.0.9 httpx-0.28.1 idna-3.20 iniconfig-2.3.0 jsonschema-4.26.0 jsonschema-specifications-2025.9.1 opentelemetry-api-1.45.0 opentimelineio-0.18.1 packaging-26.3 pluggy-1.6.0 psycopg-3.3.6 psycopg-binary-3.3.6 pydantic-2.13.5 pydantic-core-2.46.5 pydantic-settings-2.15.0 pygments-2.21.0 pypdf-6.19.0 pytest-8.4.2 python-dotenv-1.2.4 referencing-0.37.0 reportlab-4.5.1 rpds-py-2026.9.1 sqlalchemy-2.1.3 starlette-1.7.0 typing-extensions-4.16.0 typing-inspection-0.4.4 uvicorn-0.54.0
2026-10-09T15:52:05.4097901Z No broken requirements found.
2026-10-09T15:52:07.8211065Z ##[group]Run python -m pytest -p no:cacheprovider --basetemp="$CI_SANDBOX/tcp-selftest" -q .github/ci/test_tcp_evidence.py --junitxml="$CI_RECEIPTS/tcp-harness.xml"
2026-10-09T15:52:07.8212252Z [36;1mpython -m pytest -p no:cacheprovider --basetemp="$CI_SANDBOX/tcp-selftest" -q .github/ci/test_tcp_evidence.py --junitxml="$CI_RECEIPTS/tcp-harness.xml"[0m
2026-10-09T15:52:07.8276155Z shell: /usr/bin/bash -e {0}
2026-10-09T15:52:07.8276400Z env:
2026-10-09T15:52:07.8276592Z   MOCK_PROVIDER: true
2026-10-09T15:52:07.8276814Z   MOCK_STREAM_DELAY_MS: 0
2026-10-09T15:52:07.8277036Z   ENABLE_CLOUD: false
2026-10-09T15:52:07.8277592Z   CREDENTIAL_VAULT_BACKEND: memory
2026-10-09T15:52:07.8277891Z   CREDENTIAL_VAULT_ALLOW_MEMORY_FALLBACK: true
2026-10-09T15:52:07.8278218Z   PYTHONDONTWRITEBYTECODE: 1
2026-10-09T15:52:07.8278470Z   HF_HUB_OFFLINE: 1
2026-10-09T15:52:07.8278676Z   TRANSFORMERS_OFFLINE: 1
2026-10-09T15:52:07.8278963Z   pythonLocation: /opt/hostedtoolcache/Python/3.12.9/x64
2026-10-09T15:52:07.8279432Z   PKG_CONFIG_PATH: /opt/hostedtoolcache/Python/3.12.9/x64/lib/pkgconfig
2026-10-09T15:52:07.8279847Z   Python_ROOT_DIR: /opt/hostedtoolcache/Python/3.12.9/x64
2026-10-09T15:52:07.8280215Z   Python2_ROOT_DIR: /opt/hostedtoolcache/Python/3.12.9/x64
2026-10-09T15:52:07.8280589Z   Python3_ROOT_DIR: /opt/hostedtoolcache/Python/3.12.9/x64
2026-10-09T15:52:07.8280971Z   LD_LIBRARY_PATH: /opt/hostedtoolcache/Python/3.12.9/x64/lib
2026-10-09T15:52:07.8281349Z   CI_COVERAGE_SHA: 02a3f6e9908f785a308a4605e362f8876aed4d8b
2026-10-09T15:52:07.8281718Z   CI_COVERAGE_TREE: cd6989a19e5fd5e2400f2325fe696cae03d8eda7
2026-10-09T15:52:07.8282118Z   CI_SANDBOX: /home/runner/work/_temp/novel-ci-backend-tcp.fKM8ec
2026-10-09T15:52:07.8282563Z   CI_PROJECT: /home/runner/work/_temp/novel-ci-backend-tcp.fKM8ec/project
2026-10-09T15:52:07.8283047Z   CI_RECEIPTS: /home/runner/work/_temp/novel-ci-backend-tcp.fKM8ec/receipts
2026-10-09T15:52:07.8283492Z   HOME: /home/runner/work/_temp/novel-ci-backend-tcp.fKM8ec/home
2026-10-09T15:52:07.8283923Z   USERPROFILE: /home/runner/work/_temp/novel-ci-backend-tcp.fKM8ec/home
2026-10-09T15:52:07.8284381Z   APPDATA: /home/runner/work/_temp/novel-ci-backend-tcp.fKM8ec/appdata
2026-10-09T15:52:07.8284879Z   LOCALAPPDATA: /home/runner/work/_temp/novel-ci-backend-tcp.fKM8ec/localappdata
2026-10-09T15:52:07.8285383Z   XDG_CONFIG_HOME: /home/runner/work/_temp/novel-ci-backend-tcp.fKM8ec/config
2026-10-09T15:52:07.8285859Z   XDG_CACHE_HOME: /home/runner/work/_temp/novel-ci-backend-tcp.fKM8ec/cache
2026-10-09T15:52:07.8286317Z   XDG_DATA_HOME: /home/runner/work/_temp/novel-ci-backend-tcp.fKM8ec/data
2026-10-09T15:52:07.8286768Z   XDG_STATE_HOME: /home/runner/work/_temp/novel-ci-backend-tcp.fKM8ec/state
2026-10-09T15:52:07.8287445Z   TMPDIR: /home/runner/work/_temp/novel-ci-backend-tcp.fKM8ec/tmp
2026-10-09T15:52:07.8288052Z   TMP: /home/runner/work/_temp/novel-ci-backend-tcp.fKM8ec/tmp
2026-10-09T15:52:07.8288457Z   TEMP: /home/runner/work/_temp/novel-ci-backend-tcp.fKM8ec/tmp
2026-10-09T15:52:07.8288897Z   PROJECT_ROOT: /home/runner/work/_temp/novel-ci-backend-tcp.fKM8ec/project
2026-10-09T15:52:07.8289394Z   NOVEL_DATA_PATH: /home/runner/work/_temp/novel-ci-backend-tcp.fKM8ec/data/novels
2026-10-09T15:52:07.8289907Z   BACKUP_PATH: /home/runner/work/_temp/novel-ci-backend-tcp.fKM8ec/data/backups
2026-10-09T15:52:07.8290475Z   DATABASE_BACKUP_PATH: /home/runner/work/_temp/novel-ci-backend-tcp.fKM8ec/data/database-backups
2026-10-09T15:52:07.8291074Z   KNOWLEDGE_SOURCE_PATH: /home/runner/work/_temp/novel-ci-backend-tcp.fKM8ec/data/novels
2026-10-09T15:52:07.8291490Z ##[endgroup]
2026-10-09T15:52:09.3729088Z ........................................................................ [ 70%]
2026-10-09T15:52:12.1692067Z ..............................                                           [100%]
2026-10-09T15:52:12.1693166Z - generated xml file: /home/runner/work/_temp/novel-ci-backend-tcp.fKM8ec/receipts/tcp-harness.xml -
2026-10-09T15:52:12.1693862Z 102 passed in 3.43s
2026-10-09T15:52:12.2061896Z ##[group]Run python .github/ci/tcp_evidence.py run \
2026-10-09T15:52:12.2062333Z [36;1mpython .github/ci/tcp_evidence.py run \[0m
2026-10-09T15:52:12.2062723Z [36;1m  --manifest .github/ci/coverage_manifest_v2.json.gz \[0m
2026-10-09T15:52:12.2063227Z [36;1m  --constraints .github/ci/python-constraints.txt --source-root "$CI_PROJECT" \[0m
2026-10-09T15:52:12.2063794Z [36;1m  --receipts "$CI_RECEIPTS" --basetemp "$CI_SANDBOX/sync-tcp-pytest"[0m
2026-10-09T15:52:12.2127959Z shell: /usr/bin/bash -e {0}
2026-10-09T15:52:12.2128210Z env:
2026-10-09T15:52:12.2128401Z   MOCK_PROVIDER: true
2026-10-09T15:52:12.2128619Z   MOCK_STREAM_DELAY_MS: 0
2026-10-09T15:52:12.2128839Z   ENABLE_CLOUD: false
2026-10-09T15:52:12.2129063Z   CREDENTIAL_VAULT_BACKEND: memory
2026-10-09T15:52:12.2129359Z   CREDENTIAL_VAULT_ALLOW_MEMORY_FALLBACK: true
2026-10-09T15:52:12.2129660Z   PYTHONDONTWRITEBYTECODE: 1
2026-10-09T15:52:12.2129902Z   HF_HUB_OFFLINE: 1
2026-10-09T15:52:12.2130138Z   TRANSFORMERS_OFFLINE: 1
2026-10-09T15:52:12.2130428Z   pythonLocation: /opt/hostedtoolcache/Python/3.12.9/x64
2026-10-09T15:52:12.2130843Z   PKG_CONFIG_PATH: /opt/hostedtoolcache/Python/3.12.9/x64/lib/pkgconfig
2026-10-09T15:52:12.2131251Z   Python_ROOT_DIR: /opt/hostedtoolcache/Python/3.12.9/x64
2026-10-09T15:52:12.2131614Z   Python2_ROOT_DIR: /opt/hostedtoolcache/Python/3.12.9/x64
2026-10-09T15:52:12.2131981Z   Python3_ROOT_DIR: /opt/hostedtoolcache/Python/3.12.9/x64
2026-10-09T15:52:12.2132348Z   LD_LIBRARY_PATH: /opt/hostedtoolcache/Python/3.12.9/x64/lib
2026-10-09T15:52:12.2132713Z   CI_COVERAGE_SHA: 02a3f6e9908f785a308a4605e362f8876aed4d8b
2026-10-09T15:52:12.2133078Z   CI_COVERAGE_TREE: cd6989a19e5fd5e2400f2325fe696cae03d8eda7
2026-10-09T15:52:12.2133487Z   CI_SANDBOX: /home/runner/work/_temp/novel-ci-backend-tcp.fKM8ec
2026-10-09T15:52:12.2133943Z   CI_PROJECT: /home/runner/work/_temp/novel-ci-backend-tcp.fKM8ec/project
2026-10-09T15:52:12.2134436Z   CI_RECEIPTS: /home/runner/work/_temp/novel-ci-backend-tcp.fKM8ec/receipts
2026-10-09T15:52:12.2134885Z   HOME: /home/runner/work/_temp/novel-ci-backend-tcp.fKM8ec/home
2026-10-09T15:52:12.2135318Z   USERPROFILE: /home/runner/work/_temp/novel-ci-backend-tcp.fKM8ec/home
2026-10-09T15:52:12.2135773Z   APPDATA: /home/runner/work/_temp/novel-ci-backend-tcp.fKM8ec/appdata
2026-10-09T15:52:12.2136261Z   LOCALAPPDATA: /home/runner/work/_temp/novel-ci-backend-tcp.fKM8ec/localappdata
2026-10-09T15:52:12.2136775Z   XDG_CONFIG_HOME: /home/runner/work/_temp/novel-ci-backend-tcp.fKM8ec/config
2026-10-09T15:52:12.2137562Z   XDG_CACHE_HOME: /home/runner/work/_temp/novel-ci-backend-tcp.fKM8ec/cache
2026-10-09T15:52:12.2138046Z   XDG_DATA_HOME: /home/runner/work/_temp/novel-ci-backend-tcp.fKM8ec/data
2026-10-09T15:52:12.2138510Z   XDG_STATE_HOME: /home/runner/work/_temp/novel-ci-backend-tcp.fKM8ec/state
2026-10-09T15:52:12.2139156Z   TMPDIR: /home/runner/work/_temp/novel-ci-backend-tcp.fKM8ec/tmp
2026-10-09T15:52:12.2139576Z   TMP: /home/runner/work/_temp/novel-ci-backend-tcp.fKM8ec/tmp
2026-10-09T15:52:12.2139980Z   TEMP: /home/runner/work/_temp/novel-ci-backend-tcp.fKM8ec/tmp
2026-10-09T15:52:12.2140431Z   PROJECT_ROOT: /home/runner/work/_temp/novel-ci-backend-tcp.fKM8ec/project
2026-10-09T15:52:12.2140939Z   NOVEL_DATA_PATH: /home/runner/work/_temp/novel-ci-backend-tcp.fKM8ec/data/novels
2026-10-09T15:52:12.2141453Z   BACKUP_PATH: /home/runner/work/_temp/novel-ci-backend-tcp.fKM8ec/data/backups
2026-10-09T15:52:12.2142019Z   DATABASE_BACKUP_PATH: /home/runner/work/_temp/novel-ci-backend-tcp.fKM8ec/data/database-backups
2026-10-09T15:52:12.2142624Z   KNOWLEDGE_SOURCE_PATH: /home/runner/work/_temp/novel-ci-backend-tcp.fKM8ec/data/novels
2026-10-09T15:52:12.2143043Z   RUN_B10_TCP_SYNC_TEST: 1
2026-10-09T15:52:12.2143273Z   STORAGE_BACKEND: file
2026-10-09T15:52:12.2143487Z ##[endgroup]
2026-10-09T15:53:00.6012018Z ..                                                                       [100%]
2026-10-09T15:53:00.6013306Z - generated xml file: /home/runner/work/_temp/novel-ci-backend-tcp.fKM8ec/receipts/sync-tcp.xml -
2026-10-09T15:53:00.6014063Z 2 passed in 43.65s
2026-10-09T15:53:00.6151917Z ##[group]Run python .github/ci/receipt.py "$CI_RECEIPTS"
2026-10-09T15:53:00.6152352Z [36;1mpython .github/ci/receipt.py "$CI_RECEIPTS"[0m
2026-10-09T15:53:00.6214519Z shell: /usr/bin/bash -e {0}
2026-10-09T15:53:00.6214764Z env:
2026-10-09T15:53:00.6214955Z   MOCK_PROVIDER: true
2026-10-09T15:53:00.6215182Z   MOCK_STREAM_DELAY_MS: 0
2026-10-09T15:53:00.6215422Z   ENABLE_CLOUD: false
2026-10-09T15:53:00.6215641Z   CREDENTIAL_VAULT_BACKEND: memory
2026-10-09T15:53:00.6215923Z   CREDENTIAL_VAULT_ALLOW_MEMORY_FALLBACK: true
2026-10-09T15:53:00.6216230Z   PYTHONDONTWRITEBYTECODE: 1
2026-10-09T15:53:00.6216466Z   HF_HUB_OFFLINE: 1
2026-10-09T15:53:00.6216666Z   TRANSFORMERS_OFFLINE: 1
2026-10-09T15:53:00.6216949Z   pythonLocation: /opt/hostedtoolcache/Python/3.12.9/x64
2026-10-09T15:53:00.6217675Z   PKG_CONFIG_PATH: /opt/hostedtoolcache/Python/3.12.9/x64/lib/pkgconfig
2026-10-09T15:53:00.6218101Z   Python_ROOT_DIR: /opt/hostedtoolcache/Python/3.12.9/x64
2026-10-09T15:53:00.6218528Z   Python2_ROOT_DIR: /opt/hostedtoolcache/Python/3.12.9/x64
2026-10-09T15:53:00.6218907Z   Python3_ROOT_DIR: /opt/hostedtoolcache/Python/3.12.9/x64
2026-10-09T15:53:00.6219287Z   LD_LIBRARY_PATH: /opt/hostedtoolcache/Python/3.12.9/x64/lib
2026-10-09T15:53:00.6219654Z   CI_COVERAGE_SHA: 02a3f6e9908f785a308a4605e362f8876aed4d8b
2026-10-09T15:53:00.6220018Z   CI_COVERAGE_TREE: cd6989a19e5fd5e2400f2325fe696cae03d8eda7
2026-10-09T15:53:00.6220423Z   CI_SANDBOX: /home/runner/work/_temp/novel-ci-backend-tcp.fKM8ec
2026-10-09T15:53:00.6220868Z   CI_PROJECT: /home/runner/work/_temp/novel-ci-backend-tcp.fKM8ec/project
2026-10-09T15:53:00.6221344Z   CI_RECEIPTS: /home/runner/work/_temp/novel-ci-backend-tcp.fKM8ec/receipts
2026-10-09T15:53:00.6221791Z   HOME: /home/runner/work/_temp/novel-ci-backend-tcp.fKM8ec/home
2026-10-09T15:53:00.6222231Z   USERPROFILE: /home/runner/work/_temp/novel-ci-backend-tcp.fKM8ec/home
2026-10-09T15:53:00.6222689Z   APPDATA: /home/runner/work/_temp/novel-ci-backend-tcp.fKM8ec/appdata
2026-10-09T15:53:00.6223186Z   LOCALAPPDATA: /home/runner/work/_temp/novel-ci-backend-tcp.fKM8ec/localappdata
2026-10-09T15:53:00.6223704Z   XDG_CONFIG_HOME: /home/runner/work/_temp/novel-ci-backend-tcp.fKM8ec/config
2026-10-09T15:53:00.6224205Z   XDG_CACHE_HOME: /home/runner/work/_temp/novel-ci-backend-tcp.fKM8ec/cache
2026-10-09T15:53:00.6224678Z   XDG_DATA_HOME: /home/runner/work/_temp/novel-ci-backend-tcp.fKM8ec/data
2026-10-09T15:53:00.6225138Z   XDG_STATE_HOME: /home/runner/work/_temp/novel-ci-backend-tcp.fKM8ec/state
2026-10-09T15:53:00.6225579Z   TMPDIR: /home/runner/work/_temp/novel-ci-backend-tcp.fKM8ec/tmp
2026-10-09T15:53:00.6225987Z   TMP: /home/runner/work/_temp/novel-ci-backend-tcp.fKM8ec/tmp
2026-10-09T15:53:00.6226380Z   TEMP: /home/runner/work/_temp/novel-ci-backend-tcp.fKM8ec/tmp
2026-10-09T15:53:00.6227011Z   PROJECT_ROOT: /home/runner/work/_temp/novel-ci-backend-tcp.fKM8ec/project
2026-10-09T15:53:00.6227750Z   NOVEL_DATA_PATH: /home/runner/work/_temp/novel-ci-backend-tcp.fKM8ec/data/novels
2026-10-09T15:53:00.6228277Z   BACKUP_PATH: /home/runner/work/_temp/novel-ci-backend-tcp.fKM8ec/data/backups
2026-10-09T15:53:00.6228842Z   DATABASE_BACKUP_PATH: /home/runner/work/_temp/novel-ci-backend-tcp.fKM8ec/data/database-backups
2026-10-09T15:53:00.6229441Z   KNOWLEDGE_SOURCE_PATH: /home/runner/work/_temp/novel-ci-backend-tcp.fKM8ec/data/novels
2026-10-09T15:53:00.6229857Z ##[endgroup]
2026-10-09T15:53:00.7810527Z {
2026-10-09T15:53:00.7812596Z   "revision": "checked_out_sha=02a3f6e9908f785a308a4605e362f8876aed4d8b\nevent_sha=02a3f6e9908f785a308a4605e362f8876aed4d8b\nrun_url=https://github.com/1785235376-blip/AI-Novel-Studio/actions/runs/37954826041\njob=backend-tcp\nplatform=Linux; native Windows host/AppContainer/installer=NOT RUN\n",
2026-10-09T15:53:00.7814420Z   "test_reports": {
2026-10-09T15:53:00.7814637Z     "sync-tcp.xml": {
2026-10-09T15:53:00.7814842Z       "tests": 2,
2026-10-09T15:53:00.7815044Z       "failures": 0,
2026-10-09T15:53:00.7815241Z       "errors": 0,
2026-10-09T15:53:00.7815709Z       "skipped": 0
2026-10-09T15:53:00.7815924Z     },
2026-10-09T15:53:00.7816124Z     "tcp-harness.xml": {
2026-10-09T15:53:00.7816353Z       "tests": 102,
2026-10-09T15:53:00.7816552Z       "failures": 0,
2026-10-09T15:53:00.7816750Z       "errors": 0,
2026-10-09T15:53:00.7816938Z       "skipped": 0
2026-10-09T15:53:00.7817398Z     }
2026-10-09T15:53:00.7817689Z   },
2026-10-09T15:53:00.7817920Z   "report_status": "RECORDED",
2026-10-09T15:53:00.7818241Z   "native_windows_host_appcontainer_installer": "NOT RUN",
2026-10-09T15:53:00.7818634Z   "real_model_and_paid_provider_execution": "NOT RUN"
2026-10-09T15:53:00.7818917Z }
2026-10-09T15:53:00.7819012Z 
2026-10-09T15:53:00.7963682Z ##[group]Run actions/upload-artifact@v4.6.2
2026-10-09T15:53:00.7964013Z with:
2026-10-09T15:53:00.7964324Z   name: backend-tcp-02a3f6e9908f785a308a4605e362f8876aed4d8b-attempt-1
2026-10-09T15:53:00.7964809Z   path: /home/runner/work/_temp/novel-ci-backend-tcp.fKM8ec/receipts
2026-10-09T15:53:00.7965175Z   if-no-files-found: error
2026-10-09T15:53:00.7965403Z   retention-days: 14
2026-10-09T15:53:00.7965614Z   compression-level: 6
2026-10-09T15:53:00.7965824Z   overwrite: false
2026-10-09T15:53:00.7966031Z   include-hidden-files: false
2026-10-09T15:53:00.7966256Z env:
2026-10-09T15:53:00.7966432Z   MOCK_PROVIDER: true
2026-10-09T15:53:00.7966642Z   MOCK_STREAM_DELAY_MS: 0
2026-10-09T15:53:00.7966857Z   ENABLE_CLOUD: false
2026-10-09T15:53:00.7967071Z   CREDENTIAL_VAULT_BACKEND: memory
2026-10-09T15:53:00.7967577Z   CREDENTIAL_VAULT_ALLOW_MEMORY_FALLBACK: true
2026-10-09T15:53:00.7967875Z   PYTHONDONTWRITEBYTECODE: 1
2026-10-09T15:53:00.7968108Z   HF_HUB_OFFLINE: 1
2026-10-09T15:53:00.7968349Z   TRANSFORMERS_OFFLINE: 1
2026-10-09T15:53:00.7968636Z   pythonLocation: /opt/hostedtoolcache/Python/3.12.9/x64
2026-10-09T15:53:00.7969064Z   PKG_CONFIG_PATH: /opt/hostedtoolcache/Python/3.12.9/x64/lib/pkgconfig
2026-10-09T15:53:00.7969474Z   Python_ROOT_DIR: /opt/hostedtoolcache/Python/3.12.9/x64
2026-10-09T15:53:00.7969841Z   Python2_ROOT_DIR: /opt/hostedtoolcache/Python/3.12.9/x64
2026-10-09T15:53:00.7970207Z   Python3_ROOT_DIR: /opt/hostedtoolcache/Python/3.12.9/x64
2026-10-09T15:53:00.7970572Z   LD_LIBRARY_PATH: /opt/hostedtoolcache/Python/3.12.9/x64/lib
2026-10-09T15:53:00.7970951Z   CI_COVERAGE_SHA: 02a3f6e9908f785a308a4605e362f8876aed4d8b
2026-10-09T15:53:00.7971317Z   CI_COVERAGE_TREE: cd6989a19e5fd5e2400f2325fe696cae03d8eda7
2026-10-09T15:53:00.7971715Z   CI_SANDBOX: /home/runner/work/_temp/novel-ci-backend-tcp.fKM8ec
2026-10-09T15:53:00.7972170Z   CI_PROJECT: /home/runner/work/_temp/novel-ci-backend-tcp.fKM8ec/project
2026-10-09T15:53:00.7972648Z   CI_RECEIPTS: /home/runner/work/_temp/novel-ci-backend-tcp.fKM8ec/receipts
2026-10-09T15:53:00.7973098Z   HOME: /home/runner/work/_temp/novel-ci-backend-tcp.fKM8ec/home
2026-10-09T15:53:00.7973715Z   USERPROFILE: /home/runner/work/_temp/novel-ci-backend-tcp.fKM8ec/home
2026-10-09T15:53:00.7974167Z   APPDATA: /home/runner/work/_temp/novel-ci-backend-tcp.fKM8ec/appdata
2026-10-09T15:53:00.7974666Z   LOCALAPPDATA: /home/runner/work/_temp/novel-ci-backend-tcp.fKM8ec/localappdata
2026-10-09T15:53:00.7975180Z   XDG_CONFIG_HOME: /home/runner/work/_temp/novel-ci-backend-tcp.fKM8ec/config
2026-10-09T15:53:00.7975658Z   XDG_CACHE_HOME: /home/runner/work/_temp/novel-ci-backend-tcp.fKM8ec/cache
2026-10-09T15:53:00.7976122Z   XDG_DATA_HOME: /home/runner/work/_temp/novel-ci-backend-tcp.fKM8ec/data
2026-10-09T15:53:00.7976571Z   XDG_STATE_HOME: /home/runner/work/_temp/novel-ci-backend-tcp.fKM8ec/state
2026-10-09T15:53:00.7977011Z   TMPDIR: /home/runner/work/_temp/novel-ci-backend-tcp.fKM8ec/tmp
2026-10-09T15:53:00.7977550Z   TMP: /home/runner/work/_temp/novel-ci-backend-tcp.fKM8ec/tmp
2026-10-09T15:53:00.7977945Z   TEMP: /home/runner/work/_temp/novel-ci-backend-tcp.fKM8ec/tmp
2026-10-09T15:53:00.7978380Z   PROJECT_ROOT: /home/runner/work/_temp/novel-ci-backend-tcp.fKM8ec/project
2026-10-09T15:53:00.7978876Z   NOVEL_DATA_PATH: /home/runner/work/_temp/novel-ci-backend-tcp.fKM8ec/data/novels
2026-10-09T15:53:00.7979384Z   BACKUP_PATH: /home/runner/work/_temp/novel-ci-backend-tcp.fKM8ec/data/backups
2026-10-09T15:53:00.7979946Z   DATABASE_BACKUP_PATH: /home/runner/work/_temp/novel-ci-backend-tcp.fKM8ec/data/database-backups
2026-10-09T15:53:00.7980546Z   KNOWLEDGE_SOURCE_PATH: /home/runner/work/_temp/novel-ci-backend-tcp.fKM8ec/data/novels
2026-10-09T15:53:00.7980990Z ##[endgroup]
2026-10-09T15:53:00.9752160Z (node:2615) [DEP0040] DeprecationWarning: The `punycode` module is deprecated. Please use a userland alternative instead.
2026-10-09T15:53:00.9753429Z (Use `node --trace-deprecation ...` to show where the warning was created)
2026-10-09T15:53:00.9830180Z With the provided path, there will be 7 files uploaded
2026-10-09T15:53:00.9831579Z Artifact name is valid!
2026-10-09T15:53:00.9832503Z Root directory input is valid!
2026-10-09T15:53:01.2670296Z Beginning upload of artifact content to blob storage
2026-10-09T15:53:01.3106793Z (node:2615) [DEP0169] DeprecationWarning: `url.parse()` behavior is not standardized and prone to errors that have security implications. Use the WHATWG URL API instead. CVEs are not issued for `url.parse()` vulnerabilities.
2026-10-09T15:53:01.5474562Z Uploaded bytes 167816
2026-10-09T15:53:01.5914042Z Finished uploading artifact content to blob storage!
2026-10-09T15:53:01.5915419Z SHA256 digest of uploaded artifact zip is 0bd336198ad7e234cc4b9a14a5ecef0d29f2f46f2dfe05b36eb2c94b0c13f73a
2026-10-09T15:53:01.5917514Z Finalizing artifact upload
2026-10-09T15:53:01.8465139Z Artifact backend-tcp-02a3f6e9908f785a308a4605e362f8876aed4d8b-attempt-1.zip successfully finalized. Artifact ID 11627263509
2026-10-09T15:53:01.8466694Z Artifact backend-tcp-02a3f6e9908f785a308a4605e362f8876aed4d8b-attempt-1 has been successfully uploaded! Final size is 167816 bytes. Artifact ID is 11627263509
2026-10-09T15:53:01.8471816Z Artifact download URL: https://github.com/1785235376-blip/AI-Novel-Studio/actions/runs/37954826041/artifacts/11627263509
2026-10-09T15:53:01.8646168Z Post job cleanup.
2026-10-09T15:53:01.9846751Z (node:2627) [DEP0040] DeprecationWarning: The `punycode` module is deprecated. Please use a userland alternative instead.
2026-10-09T15:53:01.9847816Z (Use `node --trace-deprecation ...` to show where the warning was created)
2026-10-09T15:53:02.0016045Z Post job cleanup.
2026-10-09T15:53:02.1057780Z [command]/usr/bin/git version
2026-10-09T15:53:02.1114171Z git version 2.55.0
2026-10-09T15:53:02.1171546Z Temporarily overriding HOME='/home/runner/work/_temp/0149bd6d-0a1e-4d1c-bd3d-6b5215ccf3bd' before making global git config changes
2026-10-09T15:53:02.1173005Z Adding repository directory to the temporary git global config as a safe directory
2026-10-09T15:53:02.1181864Z [command]/usr/bin/git config --global --add safe.directory /home/runner/work/AI-Novel-Studio/AI-Novel-Studio
2026-10-09T15:53:02.1238764Z [command]/usr/bin/git config --local --name-only --get-regexp core\.sshCommand
2026-10-09T15:53:02.1288165Z [command]/usr/bin/git submodule foreach --recursive sh -c "git config --local --name-only --get-regexp 'core\.sshCommand' && git config --local --unset-all 'core.sshCommand' || :"
2026-10-09T15:53:02.1615816Z [command]/usr/bin/git config --local --name-only --get-regexp http\.https\:\/\/github\.com\/\.extraheader
2026-10-09T15:53:02.1659092Z [command]/usr/bin/git submodule foreach --recursive sh -c "git config --local --name-only --get-regexp 'http\.https\:\/\/github\.com\/\.extraheader' && git config --local --unset-all 'http.https://github.com/.extraheader' || :"
2026-10-09T15:53:02.2104580Z Cleaning up orphan processes
2026-10-09T15:53:02.2390968Z ##[warning]Node.js 20 is deprecated. The following actions target Node.js 20 but are being forced to run on Node.js 24: actions/checkout@v4.2.2, actions/setup-python@v5.6.0, actions/upload-artifact@v4.6.2. For more information see: https://github.blog/changelog/2025-09-19-deprecation-of-node-20-on-github-actions-runners/
