2026-10-09T15:53:07.1274539Z Current runner version: '2.337.0'
2026-10-09T15:53:07.1298165Z ##[group]Runner Image Provisioner
2026-10-09T15:53:07.1298773Z Hosted Compute Agent
2026-10-09T15:53:07.1299176Z Version: 20261002.596
2026-10-09T15:53:07.1299649Z Commit: c3d12f3313a95f25162a1503be624f3b0617f8c0
2026-10-09T15:53:07.1300232Z Build Date: 2026-10-02T22:28:27Z
2026-10-09T15:53:07.1300712Z Worker ID: {0074bc26-66b9-4da1-9867-0fa726ff4836}
2026-10-09T15:53:07.1301227Z Region: westus3
2026-10-09T15:53:07.1301630Z Cloud: Azure
2026-10-09T15:53:07.1302005Z ##[endgroup]
2026-10-09T15:53:07.1302970Z ##[group]Operating System
2026-10-09T15:53:07.1303476Z Microsoft Windows Server 2022
2026-10-09T15:53:07.1303920Z 10.0.20348
2026-10-09T15:53:07.1304291Z Datacenter
2026-10-09T15:53:07.1304659Z ##[endgroup]
2026-10-09T15:53:07.1305038Z ##[group]Runner Image
2026-10-09T15:53:07.1305437Z Image: windows-2022
2026-10-09T15:53:07.1305851Z Version: 20261004.326.1
2026-10-09T15:53:07.1306983Z Included Software: https://github.com/actions/runner-images/blob/win22/20261004.326/images/windows/Windows2022-Readme.md
2026-10-09T15:53:07.1308143Z Image Release: https://github.com/actions/runner-images/releases/tag/win22%2F20261004.326
2026-10-09T15:53:07.1308842Z ##[endgroup]
2026-10-09T15:53:07.1309679Z ##[group]GITHUB_TOKEN Permissions
2026-10-09T15:53:07.1311098Z Contents: read
2026-10-09T15:53:07.1311569Z Metadata: read
2026-10-09T15:53:07.1311955Z ##[endgroup]
2026-10-09T15:53:07.1313642Z Secret source: Actions
2026-10-09T15:53:07.1314298Z Cache mode: write
2026-10-09T15:53:07.1314862Z Prepare workflow directory
2026-10-09T15:53:07.1620242Z Prepare all required actions
2026-10-09T15:53:07.1658022Z Getting action download info
2026-10-09T15:53:07.4934830Z Download action repository 'actions/checkout@v4.2.2' (SHA:11bd71901bbe5b1630ceea73d27597364c9af683)
2026-10-09T15:53:07.5746298Z Download action repository 'actions/setup-dotnet@v4' (SHA:67a3573c9a986a3f9c594539f4ab511d57bb3ce9)
2026-10-09T15:53:08.2335606Z Download action repository 'actions/upload-artifact@v4.6.2' (SHA:ea165f8d65b6e75b540449e92b4886f43607fa02)
2026-10-09T15:53:08.6685361Z Complete job name: Windows current-user pipe reference (MOCK_ONLY)
2026-10-09T15:53:08.8955545Z ##[group]Run actions/checkout@v4.2.2
2026-10-09T15:53:08.8956548Z with:
2026-10-09T15:53:08.8956971Z   persist-credentials: false
2026-10-09T15:53:08.8957465Z   repository: 1785235376-blip/AI-Novel-Studio
2026-10-09T15:53:08.8960784Z   token: ***
2026-10-09T15:53:08.8961155Z   ssh-strict: true
2026-10-09T15:53:08.8961541Z   ssh-user: git
2026-10-09T15:53:08.8961968Z   clean: true
2026-10-09T15:53:08.8962341Z   sparse-checkout-cone-mode: true
2026-10-09T15:53:08.8962811Z   fetch-depth: 1
2026-10-09T15:53:08.8963179Z   fetch-tags: false
2026-10-09T15:53:08.8963575Z   show-progress: true
2026-10-09T15:53:08.8963968Z   lfs: false
2026-10-09T15:53:08.8964766Z   submodules: false
2026-10-09T15:53:08.8965208Z   set-safe-directory: true
2026-10-09T15:53:08.8965878Z env:
2026-10-09T15:53:08.8966253Z   MOCK_PROVIDER: true
2026-10-09T15:53:08.8966697Z   ENABLE_CLOUD: false
2026-10-09T15:53:08.8967089Z   CREDENTIAL_VAULT_BACKEND: memory
2026-10-09T15:53:08.8967673Z   CREDENTIAL_VAULT_ALLOW_MEMORY_FALLBACK: true
2026-10-09T15:53:08.8968160Z   HF_HUB_OFFLINE: 1
2026-10-09T15:53:08.8968555Z   TRANSFORMERS_OFFLINE: 1
2026-10-09T15:53:08.8968966Z ##[endgroup]
2026-10-09T15:53:09.0106780Z Syncing repository: 1785235376-blip/AI-Novel-Studio
2026-10-09T15:53:09.0108423Z ##[group]Getting Git version info
2026-10-09T15:53:09.0109014Z Working directory is 'D:\a\AI-Novel-Studio\AI-Novel-Studio'
2026-10-09T15:53:09.1062899Z [command]"C:\Program Files\Git\bin\git.exe" version
2026-10-09T15:53:09.7191209Z git version 2.56.0.windows.1
2026-10-09T15:53:09.7228036Z ##[endgroup]
2026-10-09T15:53:09.7241630Z Temporarily overriding HOME='D:\a\_temp\29c1823c-e9e6-41a9-9872-1a300e814f9c' before making global git config changes
2026-10-09T15:53:09.7242711Z Adding repository directory to the temporary git global config as a safe directory
2026-10-09T15:53:09.7251029Z [command]"C:\Program Files\Git\bin\git.exe" config --global --add safe.directory D:\a\AI-Novel-Studio\AI-Novel-Studio
2026-10-09T15:53:09.8781375Z Deleting the contents of 'D:\a\AI-Novel-Studio\AI-Novel-Studio'
2026-10-09T15:53:09.8786426Z ##[group]Initializing the repository
2026-10-09T15:53:09.8794162Z [command]"C:\Program Files\Git\bin\git.exe" init D:\a\AI-Novel-Studio\AI-Novel-Studio
2026-10-09T15:53:09.9823445Z Initialized empty Git repository in D:/a/AI-Novel-Studio/AI-Novel-Studio/.git/
2026-10-09T15:53:09.9857438Z [command]"C:\Program Files\Git\bin\git.exe" remote add origin https://github.com/1785235376-blip/AI-Novel-Studio
2026-10-09T15:53:10.0378019Z ##[endgroup]
2026-10-09T15:53:10.0379063Z ##[group]Disabling automatic garbage collection
2026-10-09T15:53:10.0385227Z [command]"C:\Program Files\Git\bin\git.exe" config --local gc.auto 0
2026-10-09T15:53:10.0613825Z ##[endgroup]
2026-10-09T15:53:10.0614856Z ##[group]Setting up auth
2026-10-09T15:53:10.0623438Z [command]"C:\Program Files\Git\bin\git.exe" config --local --name-only --get-regexp core\.sshCommand
2026-10-09T15:53:10.0851427Z [command]"C:\Program Files\Git\bin\git.exe" submodule foreach --recursive "sh -c \"git config --local --name-only --get-regexp 'core\.sshCommand' && git config --local --unset-all 'core.sshCommand' || :\""
2026-10-09T15:53:12.1258458Z [command]"C:\Program Files\Git\bin\git.exe" config --local --name-only --get-regexp http\.https\:\/\/github\.com\/\.extraheader
2026-10-09T15:53:12.1503937Z [command]"C:\Program Files\Git\bin\git.exe" submodule foreach --recursive "sh -c \"git config --local --name-only --get-regexp 'http\.https\:\/\/github\.com\/\.extraheader' && git config --local --unset-all 'http.https://github.com/.extraheader' || :\""
2026-10-09T15:53:12.5524963Z [command]"C:\Program Files\Git\bin\git.exe" config --local http.https://github.com/.extraheader "AUTHORIZATION: basic ***"
2026-10-09T15:53:12.5757707Z ##[endgroup]
2026-10-09T15:53:12.5758655Z ##[group]Fetching the repository
2026-10-09T15:53:12.5769748Z [command]"C:\Program Files\Git\bin\git.exe" -c protocol.version=2 fetch --no-tags --prune --no-recurse-submodules --depth=1 origin +02a3f6e9908f785a308a4605e362f8876aed4d8b:refs/remotes/pull/47/merge
2026-10-09T15:53:19.5335461Z From https://github.com/1785235376-blip/AI-Novel-Studio
2026-10-09T15:53:19.5336207Z  * [new ref]         02a3f6e9908f785a308a4605e362f8876aed4d8b -> pull/47/merge
2026-10-09T15:53:19.5364506Z ##[endgroup]
2026-10-09T15:53:19.5365211Z ##[group]Determining the checkout info
2026-10-09T15:53:19.5367098Z ##[endgroup]
2026-10-09T15:53:19.5376149Z [command]"C:\Program Files\Git\bin\git.exe" sparse-checkout disable
2026-10-09T15:53:19.5743650Z [command]"C:\Program Files\Git\bin\git.exe" config --local --unset-all extensions.worktreeConfig
2026-10-09T15:53:19.5992441Z ##[group]Checking out the ref
2026-10-09T15:53:19.6000457Z [command]"C:\Program Files\Git\bin\git.exe" checkout --progress --force refs/remotes/pull/47/merge
2026-10-09T15:53:20.6280543Z Updating files:  59% (2205/3681)
2026-10-09T15:53:20.6355673Z Updating files:  60% (2209/3681)
2026-10-09T15:53:20.6410296Z Updating files:  61% (2246/3681)
2026-10-09T15:53:20.6461342Z Updating files:  62% (2283/3681)
2026-10-09T15:53:20.6519098Z Updating files:  63% (2320/3681)
2026-10-09T15:53:20.6576799Z Updating files:  64% (2356/3681)
2026-10-09T15:53:20.6634907Z Updating files:  65% (2393/3681)
2026-10-09T15:53:20.6695011Z Updating files:  66% (2430/3681)
2026-10-09T15:53:20.6765107Z Updating files:  67% (2467/3681)
2026-10-09T15:53:20.6829703Z Updating files:  68% (2504/3681)
2026-10-09T15:53:20.6882998Z Updating files:  69% (2540/3681)
2026-10-09T15:53:20.6936126Z Updating files:  70% (2577/3681)
2026-10-09T15:53:20.6988412Z Updating files:  71% (2614/3681)
2026-10-09T15:53:20.7040054Z Updating files:  72% (2651/3681)
2026-10-09T15:53:20.7093214Z Updating files:  73% (2688/3681)
2026-10-09T15:53:20.7149764Z Updating files:  74% (2724/3681)
2026-10-09T15:53:20.7201580Z Updating files:  75% (2761/3681)
2026-10-09T15:53:20.7248065Z Updating files:  76% (2798/3681)
2026-10-09T15:53:20.7299938Z Updating files:  77% (2835/3681)
2026-10-09T15:53:20.7346242Z Updating files:  78% (2872/3681)
2026-10-09T15:53:20.7405980Z Updating files:  79% (2908/3681)
2026-10-09T15:53:20.7464326Z Updating files:  80% (2945/3681)
2026-10-09T15:53:20.7539669Z Updating files:  81% (2982/3681)
2026-10-09T15:53:20.7589996Z Updating files:  82% (3019/3681)
2026-10-09T15:53:20.7636398Z Updating files:  83% (3056/3681)
2026-10-09T15:53:20.7683423Z Updating files:  84% (3093/3681)
2026-10-09T15:53:20.7732035Z Updating files:  85% (3129/3681)
2026-10-09T15:53:20.7785979Z Updating files:  86% (3166/3681)
2026-10-09T15:53:20.7839667Z Updating files:  87% (3203/3681)
2026-10-09T15:53:20.7888735Z Updating files:  88% (3240/3681)
2026-10-09T15:53:20.7938984Z Updating files:  89% (3277/3681)
2026-10-09T15:53:20.7994725Z Updating files:  90% (3313/3681)
2026-10-09T15:53:20.8045124Z Updating files:  91% (3350/3681)
2026-10-09T15:53:20.8096040Z Updating files:  92% (3387/3681)
2026-10-09T15:53:20.8156600Z Updating files:  93% (3424/3681)
2026-10-09T15:53:20.8211697Z Updating files:  94% (3461/3681)
2026-10-09T15:53:20.8271836Z Updating files:  95% (3497/3681)
2026-10-09T15:53:20.8335175Z Updating files:  96% (3534/3681)
2026-10-09T15:53:20.8392464Z Updating files:  97% (3571/3681)
2026-10-09T15:53:20.8452740Z Updating files:  98% (3608/3681)
2026-10-09T15:53:20.8508528Z Updating files:  99% (3645/3681)
2026-10-09T15:53:20.8508899Z Updating files: 100% (3681/3681)
2026-10-09T15:53:20.8509203Z Updating files: 100% (3681/3681), done.
2026-10-09T15:53:20.8603755Z Note: switching to 'refs/remotes/pull/47/merge'.
2026-10-09T15:53:20.8604189Z 
2026-10-09T15:53:20.8604433Z You are in 'detached HEAD' state. You can look around, make experimental
2026-10-09T15:53:20.8605012Z changes and commit them, and you can discard any commits you make in this
2026-10-09T15:53:20.8605620Z state without impacting any branches by switching back to a branch.
2026-10-09T15:53:20.8605956Z 
2026-10-09T15:53:20.8607126Z If you want to create a new branch to retain commits you create, you may
2026-10-09T15:53:20.8607752Z do so (now or later) by using -c with the switch command. Example:
2026-10-09T15:53:20.8608083Z 
2026-10-09T15:53:20.8608232Z   git switch -c <new-branch-name>
2026-10-09T15:53:20.8608455Z 
2026-10-09T15:53:20.8608568Z Or undo this operation with:
2026-10-09T15:53:20.8608771Z 
2026-10-09T15:53:20.8608867Z   git switch -
2026-10-09T15:53:20.8609022Z 
2026-10-09T15:53:20.8609287Z Turn off this advice by setting config variable advice.detachedHead to false
2026-10-09T15:53:20.8609766Z 
2026-10-09T15:53:20.8610197Z HEAD is now at 02a3f6e Merge 9851bdd2d692df983664bc8f4597fbc05c0e2ceb into fed2404c8e30b44061b7139dced45b7f3301601c
2026-10-09T15:53:20.9209040Z ##[endgroup]
2026-10-09T15:53:20.9531318Z [command]"C:\Program Files\Git\bin\git.exe" log -1 --format=%H
2026-10-09T15:53:20.9753636Z 02a3f6e9908f785a308a4605e362f8876aed4d8b
2026-10-09T15:53:20.9830703Z ##[group]Removing auth
2026-10-09T15:53:20.9838383Z [command]"C:\Program Files\Git\bin\git.exe" config --local --name-only --get-regexp core\.sshCommand
2026-10-09T15:53:21.0086027Z [command]"C:\Program Files\Git\bin\git.exe" submodule foreach --recursive "sh -c \"git config --local --name-only --get-regexp 'core\.sshCommand' && git config --local --unset-all 'core.sshCommand' || :\""
2026-10-09T15:53:21.4004749Z [command]"C:\Program Files\Git\bin\git.exe" config --local --name-only --get-regexp http\.https\:\/\/github\.com\/\.extraheader
2026-10-09T15:53:21.4203871Z http.https://github.com/.extraheader
2026-10-09T15:53:21.4229369Z [command]"C:\Program Files\Git\bin\git.exe" config --local --unset-all http.https://github.com/.extraheader
2026-10-09T15:53:21.4454563Z [command]"C:\Program Files\Git\bin\git.exe" submodule foreach --recursive "sh -c \"git config --local --name-only --get-regexp 'http\.https\:\/\/github\.com\/\.extraheader' && git config --local --unset-all 'http.https://github.com/.extraheader' || :\""
2026-10-09T15:53:21.8379135Z ##[endgroup]
2026-10-09T15:53:21.8662550Z ##[group]Run actions/setup-dotnet@v4
2026-10-09T15:53:21.8662802Z with:
2026-10-09T15:53:21.8662949Z   dotnet-version: 8.0.424
2026-10-09T15:53:21.8663117Z   cache: false
2026-10-09T15:53:21.8663251Z env:
2026-10-09T15:53:21.8663380Z   MOCK_PROVIDER: true
2026-10-09T15:53:21.8663534Z   ENABLE_CLOUD: false
2026-10-09T15:53:21.8663689Z   CREDENTIAL_VAULT_BACKEND: memory
2026-10-09T15:53:21.8663910Z   CREDENTIAL_VAULT_ALLOW_MEMORY_FALLBACK: true
2026-10-09T15:53:21.8664115Z   HF_HUB_OFFLINE: 1
2026-10-09T15:53:21.8664264Z   TRANSFORMERS_OFFLINE: 1
2026-10-09T15:53:21.8664424Z ##[endgroup]
2026-10-09T15:53:21.9909882Z (node:5320) [DEP0040] DeprecationWarning: The `punycode` module is deprecated. Please use a userland alternative instead.
2026-10-09T15:53:21.9910424Z (Use `node --trace-deprecation ...` to show where the warning was created)
2026-10-09T15:53:22.0478789Z [command]"C:\Program Files\PowerShell\7\pwsh.exe" -NoLogo -Sta -NoProfile -NonInteractive -ExecutionPolicy Unrestricted -Command & 'D:\a\_actions\actions\setup-dotnet\v4\externals\install-dotnet.ps1' -SkipNonVersionedFiles -Runtime dotnet -Channel LTS
2026-10-09T15:53:23.7307970Z dotnet-install: .NET Core Runtime with version '10.0.12' is already installed.
2026-10-09T15:53:23.8283241Z [command]"C:\Program Files\PowerShell\7\pwsh.exe" -NoLogo -Sta -NoProfile -NonInteractive -ExecutionPolicy Unrestricted -Command & 'D:\a\_actions\actions\setup-dotnet\v4\externals\install-dotnet.ps1' -SkipNonVersionedFiles -Version 8.0.424
2026-10-09T15:53:29.5830465Z dotnet-install: Downloaded file https://builds.dotnet.microsoft.com/dotnet/Sdk/8.0.424/dotnet-sdk-8.0.424-win-x64.zip size is 285090820 bytes.
2026-10-09T15:53:29.5834843Z dotnet-install: Either downloaded or local package size can not be measured. One of them may be corrupted.
2026-10-09T15:53:29.5855889Z dotnet-install: Extracting the archive.
2026-10-09T15:53:47.7978260Z dotnet-install: Note that the script does not ensure your Windows version is supported during the installation.
2026-10-09T15:53:47.7980429Z dotnet-install: To check the list of supported versions, go to https://learn.microsoft.com/dotnet/core/install/windows#supported-versions
2026-10-09T15:53:47.7984681Z dotnet-install: Installed version is 8.0.424
2026-10-09T15:53:47.7988118Z dotnet-install: Installation finished
2026-10-09T15:53:47.8531807Z ##[group]Run New-Item -ItemType Directory -Force -Path receipts | Out-Null
2026-10-09T15:53:47.8532387Z [36;1mNew-Item -ItemType Directory -Force -Path receipts | Out-Null[0m
2026-10-09T15:53:47.8532797Z [36;1m"source=$(git rev-parse HEAD)" | Out-File receipts/revision.txt -Encoding utf8[0m
2026-10-09T15:53:47.8533437Z [36;1m"scope=Windows transport reference only; actual Tutor Desktop LOCAL_REQUIRED; cross-user hostile attempt NOT_RUN" | Out-File receipts/revision.txt -Append -Encoding utf8[0m
2026-10-09T15:53:47.8534225Z [36;1mdotnet run --project interop-reference/PoemSeed.LocalInterop.Pipes -c Release 2>&1 | Tee-Object receipts/named-pipe.log[0m
2026-10-09T15:53:47.8534688Z [36;1mif ($LASTEXITCODE -ne 0) { exit $LASTEXITCODE }[0m
2026-10-09T15:53:47.8535187Z [36;1mdotnet build native/local_interop_desktop/PoemSeed.LocalInterop.Pipes -c Release 2>&1 | Tee-Object receipts/named-pipe-library-build.log[0m
2026-10-09T15:53:47.8535736Z [36;1mif ($LASTEXITCODE -ne 0) { exit $LASTEXITCODE }[0m
2026-10-09T15:53:47.8536300Z [36;1mdotnet run --project native/local_interop_desktop/PoemSeed.LocalInterop.Pipes.Acceptance -c Release 2>&1 | Tee-Object receipts/named-pipe-desktop-boundary.log[0m
2026-10-09T15:53:47.8536844Z [36;1mif ($LASTEXITCODE -ne 0) { exit $LASTEXITCODE }[0m
2026-10-09T15:53:47.8662432Z shell: C:\Program Files\PowerShell\7\pwsh.EXE -command ". '{0}'"
2026-10-09T15:53:47.8662707Z env:
2026-10-09T15:53:47.8662862Z   MOCK_PROVIDER: true
2026-10-09T15:53:47.8663035Z   ENABLE_CLOUD: false
2026-10-09T15:53:47.8663373Z   CREDENTIAL_VAULT_BACKEND: memory
2026-10-09T15:53:47.8663588Z   CREDENTIAL_VAULT_ALLOW_MEMORY_FALLBACK: true
2026-10-09T15:53:47.8663800Z   HF_HUB_OFFLINE: 1
2026-10-09T15:53:47.8663958Z   TRANSFORMERS_OFFLINE: 1
2026-10-09T15:53:47.8664141Z   DOTNET_ROOT: C:\Program Files\dotnet
2026-10-09T15:53:47.8664346Z ##[endgroup]
2026-10-09T15:54:05.1291712Z {"status":"CONTRACT_VERIFIED","scope":"WINDOWS_TRANSPORT_REFERENCE_ONLY","checks":8,"counterparty":"MOCK_ONLY","desktop_integration":"LOCAL_REQUIRED","cross_user_attempt":"NOT_RUN"}
2026-10-09T15:54:05.6118821Z   Determining projects to restore...
2026-10-09T15:54:05.7685750Z   All projects are up-to-date for restore.
2026-10-09T15:54:05.9850057Z   PoemSeed.LocalInterop.Pipes -> D:\a\AI-Novel-Studio\AI-Novel-Studio\native\local_interop_desktop\PoemSeed.LocalInterop.Pipes\bin\Release\net8.0-windows\PoemSeed.LocalInterop.Pipes.dll
2026-10-09T15:54:05.9915200Z 
2026-10-09T15:54:05.9919616Z Build succeeded.
2026-10-09T15:54:05.9920943Z     0 Warning(s)
2026-10-09T15:54:05.9922594Z     0 Error(s)
2026-10-09T15:54:05.9925239Z 
2026-10-09T15:54:05.9927823Z Time Elapsed 00:00:00.68
2026-10-09T15:54:09.0211731Z {"status":"CONTRACT_VERIFIED","scope":"CALLABLE_NATIVE_BOUNDARY","checks":33,"passed":["frame_roundtrip","fragmented_frame","coalesced_frames","frame_length_reject_0","frame_length_reject_1048577","frame_length_reject_4294967295","truncated_prefix","truncated_body","invalid_utf8","non_object","duplicate_members","invalid_json","excessive_depth","multibyte_size_limit","frame_timeout","frame_cancellation","queue_config_bound","identity_claims_and_required_loaded_image_proof","attestation_timeout_retains_bounded_outstanding_slot","same_user_separate_process_identity_and_echo","server_handle_not_inheritable","remote_and_arbitrary_name_rejected","first_instance_collision_rejected","accept_cancel_and_shutdown","missing_endpoint_connect_timeout","receive_cancel_invalidates_stream","malformed_peer_frame_closes_connection","single_active_connection_limit","queue_backpressure_and_bounded_shutdown","fake_product_id_rejected_without_installation","mock_attestation_requires_registration_publisher_and_approval","timed_out_attestation_backpressure_survives_reconnect","reconnect_has_new_identity_and_no_trust"],"windows_transport":"CONTRACT_VERIFIED","counterparty":"MOCK_ONLY","real_signed_binary_trust":"LOCAL_REQUIRED","actual_install_registration":"LOCAL_REQUIRED","cross_user_attempt":"NOT_RUN","desktop_integration":"LOCAL_REQUIRED"}
2026-10-09T15:54:09.0843584Z ##[group]Run actions/upload-artifact@v4.6.2
2026-10-09T15:54:09.0843876Z with:
2026-10-09T15:54:09.0844120Z   name: named-pipe-reference-02a3f6e9908f785a308a4605e362f8876aed4d8b
2026-10-09T15:54:09.0844402Z   path: receipts/
2026-10-09T15:54:09.0844565Z   if-no-files-found: error
2026-10-09T15:54:09.0844741Z   retention-days: 14
2026-10-09T15:54:09.0844902Z   compression-level: 6
2026-10-09T15:54:09.0845065Z   overwrite: false
2026-10-09T15:54:09.0845228Z   include-hidden-files: false
2026-10-09T15:54:09.0845424Z env:
2026-10-09T15:54:09.0845568Z   MOCK_PROVIDER: true
2026-10-09T15:54:09.0845723Z   ENABLE_CLOUD: false
2026-10-09T15:54:09.0845881Z   CREDENTIAL_VAULT_BACKEND: memory
2026-10-09T15:54:09.0846093Z   CREDENTIAL_VAULT_ALLOW_MEMORY_FALLBACK: true
2026-10-09T15:54:09.0846302Z   HF_HUB_OFFLINE: 1
2026-10-09T15:54:09.0846457Z   TRANSFORMERS_OFFLINE: 1
2026-10-09T15:54:09.0846640Z   DOTNET_ROOT: C:\Program Files\dotnet
2026-10-09T15:54:09.0846880Z ##[endgroup]
2026-10-09T15:54:09.2613977Z (node:5200) [DEP0040] DeprecationWarning: The `punycode` module is deprecated. Please use a userland alternative instead.
2026-10-09T15:54:09.2614927Z (Use `node --trace-deprecation ...` to show where the warning was created)
2026-10-09T15:54:09.2661670Z With the provided path, there will be 4 files uploaded
2026-10-09T15:54:09.2666968Z Artifact name is valid!
2026-10-09T15:54:09.2668543Z Root directory input is valid!
2026-10-09T15:54:09.6093457Z Beginning upload of artifact content to blob storage
2026-10-09T15:54:09.6289363Z (node:5200) [DEP0169] DeprecationWarning: `url.parse()` behavior is not standardized and prone to errors that have security implications. Use the WHATWG URL API instead. CVEs are not issued for `url.parse()` vulnerabilities.
2026-10-09T15:54:09.8418038Z Uploaded bytes 1763
2026-10-09T15:54:09.9031465Z Finished uploading artifact content to blob storage!
2026-10-09T15:54:09.9032275Z SHA256 digest of uploaded artifact zip is 15bd45a4f99539ce85e4a5db65688660b3773f01ddcc7dbc1888183ebefc28d9
2026-10-09T15:54:09.9034488Z Finalizing artifact upload
2026-10-09T15:54:10.2008371Z Artifact named-pipe-reference-02a3f6e9908f785a308a4605e362f8876aed4d8b.zip successfully finalized. Artifact ID 11627428275
2026-10-09T15:54:10.2009840Z Artifact named-pipe-reference-02a3f6e9908f785a308a4605e362f8876aed4d8b has been successfully uploaded! Final size is 1763 bytes. Artifact ID is 11627428275
2026-10-09T15:54:10.2016979Z Artifact download URL: https://github.com/1785235376-blip/AI-Novel-Studio/actions/runs/37954826046/artifacts/11627428275
2026-10-09T15:54:10.2306714Z Post job cleanup.
2026-10-09T15:54:10.3483283Z (node:7488) [DEP0040] DeprecationWarning: The `punycode` module is deprecated. Please use a userland alternative instead.
2026-10-09T15:54:10.3484241Z (Use `node --trace-deprecation ...` to show where the warning was created)
2026-10-09T15:54:10.3740703Z Post job cleanup.
2026-10-09T15:54:10.5325301Z [command]"C:\Program Files\Git\bin\git.exe" version
2026-10-09T15:54:10.5572255Z git version 2.56.0.windows.1
2026-10-09T15:54:10.5627298Z Temporarily overriding HOME='D:\a\_temp\d61f1c1d-7828-4fa5-93f1-69fd348df204' before making global git config changes
2026-10-09T15:54:10.5629536Z Adding repository directory to the temporary git global config as a safe directory
2026-10-09T15:54:10.5639560Z [command]"C:\Program Files\Git\bin\git.exe" config --global --add safe.directory D:\a\AI-Novel-Studio\AI-Novel-Studio
2026-10-09T15:54:10.5909452Z [command]"C:\Program Files\Git\bin\git.exe" config --local --name-only --get-regexp core\.sshCommand
2026-10-09T15:54:10.6229393Z [command]"C:\Program Files\Git\bin\git.exe" submodule foreach --recursive "sh -c \"git config --local --name-only --get-regexp 'core\.sshCommand' && git config --local --unset-all 'core.sshCommand' || :\""
2026-10-09T15:54:11.0416232Z [command]"C:\Program Files\Git\bin\git.exe" config --local --name-only --get-regexp http\.https\:\/\/github\.com\/\.extraheader
2026-10-09T15:54:11.0656136Z [command]"C:\Program Files\Git\bin\git.exe" submodule foreach --recursive "sh -c \"git config --local --name-only --get-regexp 'http\.https\:\/\/github\.com\/\.extraheader' && git config --local --unset-all 'http.https://github.com/.extraheader' || :\""
2026-10-09T15:54:11.4625295Z Cleaning up orphan processes
2026-10-09T15:54:11.4902425Z Terminate orphan process: pid (7460) (dotnet)
2026-10-09T15:54:11.5015234Z Terminate orphan process: pid (3096) (conhost)
2026-10-09T15:54:11.5030142Z ##[warning]Node.js 20 is deprecated. The following actions target Node.js 20 but are being forced to run on Node.js 24: actions/checkout@v4.2.2, actions/setup-dotnet@v4, actions/upload-artifact@v4.6.2. For more information see: https://github.blog/changelog/2025-09-19-deprecation-of-node-20-on-github-actions-runners/
