2026-10-09T16:37:30.8395761Z Current runner version: '2.337.0'
2026-10-09T16:37:30.8414544Z ##[group]Runner Image Provisioner
2026-10-09T16:37:30.8415231Z Hosted Compute Agent
2026-10-09T16:37:30.8415749Z Version: 20261002.596
2026-10-09T16:37:30.8416256Z Commit: c3d12f3313a95f25162a1503be624f3b0617f8c0
2026-10-09T16:37:30.8417040Z Build Date: 2026-10-02T22:28:27Z
2026-10-09T16:37:30.8417541Z Worker ID: {9cbb6b24-4fa5-462b-ab8e-1ffc1c0e6970}
2026-10-09T16:37:30.8418087Z Region: westus3
2026-10-09T16:37:30.8418531Z Cloud: Azure
2026-10-09T16:37:30.8418938Z ##[endgroup]
2026-10-09T16:37:30.8420027Z ##[group]Operating System
2026-10-09T16:37:30.8420471Z Ubuntu
2026-10-09T16:37:30.8420846Z 24.04.5
2026-10-09T16:37:30.8421146Z LTS
2026-10-09T16:37:30.8421496Z ##[endgroup]
2026-10-09T16:37:30.8421820Z ##[group]Runner Image
2026-10-09T16:37:30.8422207Z Image: ubuntu-24.04
2026-10-09T16:37:30.8422586Z Version: 20261004.327.1
2026-10-09T16:37:30.8423370Z Included Software: https://github.com/actions/runner-images/blob/ubuntu24/20261004.327/images/ubuntu/Ubuntu2404-Readme.md
2026-10-09T16:37:30.8424219Z Image Release: https://github.com/actions/runner-images/releases/tag/ubuntu24%2F20261004.327
2026-10-09T16:37:30.8424788Z ##[endgroup]
2026-10-09T16:37:30.8425551Z ##[group]GITHUB_TOKEN Permissions
2026-10-09T16:37:30.8426890Z Contents: read
2026-10-09T16:37:30.8427267Z Metadata: read
2026-10-09T16:37:30.8427582Z ##[endgroup]
2026-10-09T16:37:30.8429046Z Secret source: Actions
2026-10-09T16:37:30.8429595Z Cache mode: write
2026-10-09T16:37:30.8430085Z Prepare workflow directory
2026-10-09T16:37:30.8695440Z Prepare all required actions
2026-10-09T16:37:30.8729252Z Getting action download info
2026-10-09T16:37:31.1936802Z Download action repository 'actions/checkout@v4.2.2' (SHA:11bd71901bbe5b1630ceea73d27597364c9af683)
2026-10-09T16:37:31.3557447Z Download action repository 'actions/setup-python@v5.6.0' (SHA:a26af69be951a213d495a4c3e4e4022e16d87065)
2026-10-09T16:37:31.6229754Z Download action repository 'actions/download-artifact@v4.3.0' (SHA:d3f86a106a0bac45b974a628896c90dbdf5c8093)
2026-10-09T16:37:32.5092169Z Download action repository 'actions/upload-artifact@v4.6.2' (SHA:ea165f8d65b6e75b540449e92b4886f43607fa02)
2026-10-09T16:37:33.0202681Z Complete job name: Backend / postgres
2026-10-09T16:37:33.0775193Z ##[group]Run actions/checkout@v4.2.2
2026-10-09T16:37:33.0775510Z with:
2026-10-09T16:37:33.0775671Z   persist-credentials: false
2026-10-09T16:37:33.0775862Z   repository: 1785235376-blip/AI-Novel-Studio
2026-10-09T16:37:33.0777747Z   token: ***
2026-10-09T16:37:33.0777892Z   ssh-strict: true
2026-10-09T16:37:33.0778043Z   ssh-user: git
2026-10-09T16:37:33.0778189Z   clean: true
2026-10-09T16:37:33.0778344Z   sparse-checkout-cone-mode: true
2026-10-09T16:37:33.0778522Z   fetch-depth: 1
2026-10-09T16:37:33.0778676Z   fetch-tags: false
2026-10-09T16:37:33.0778842Z   show-progress: true
2026-10-09T16:37:33.0779002Z   lfs: false
2026-10-09T16:37:33.0779142Z   submodules: false
2026-10-09T16:37:33.0779308Z   set-safe-directory: true
2026-10-09T16:37:33.0779579Z env:
2026-10-09T16:37:33.0779720Z   MOCK_PROVIDER: true
2026-10-09T16:37:33.0779876Z   MOCK_STREAM_DELAY_MS: 0
2026-10-09T16:37:33.0780037Z   ENABLE_CLOUD: false
2026-10-09T16:37:33.0780195Z   CREDENTIAL_VAULT_BACKEND: memory
2026-10-09T16:37:33.0780415Z   CREDENTIAL_VAULT_ALLOW_MEMORY_FALLBACK: true
2026-10-09T16:37:33.0780614Z   PYTHONDONTWRITEBYTECODE: 1
2026-10-09T16:37:33.0780780Z   HF_HUB_OFFLINE: 1
2026-10-09T16:37:33.0780927Z   TRANSFORMERS_OFFLINE: 1
2026-10-09T16:37:33.0781081Z ##[endgroup]
2026-10-09T16:37:33.1561208Z Syncing repository: 1785235376-blip/AI-Novel-Studio
2026-10-09T16:37:33.1562635Z ##[group]Getting Git version info
2026-10-09T16:37:33.1563068Z Working directory is '/home/runner/work/AI-Novel-Studio/AI-Novel-Studio'
2026-10-09T16:37:33.1563540Z [command]/usr/bin/git version
2026-10-09T16:37:33.1580065Z git version 2.55.0
2026-10-09T16:37:33.1595527Z ##[endgroup]
2026-10-09T16:37:33.1608869Z Temporarily overriding HOME='/home/runner/work/_temp/8e7eb992-37fd-4ea2-a77e-4afb4ba5ed01' before making global git config changes
2026-10-09T16:37:33.1610179Z Adding repository directory to the temporary git global config as a safe directory
2026-10-09T16:37:33.1615913Z [command]/usr/bin/git config --global --add safe.directory /home/runner/work/AI-Novel-Studio/AI-Novel-Studio
2026-10-09T16:37:33.2136943Z Deleting the contents of '/home/runner/work/AI-Novel-Studio/AI-Novel-Studio'
2026-10-09T16:37:33.2140389Z ##[group]Initializing the repository
2026-10-09T16:37:33.2144190Z [command]/usr/bin/git init /home/runner/work/AI-Novel-Studio/AI-Novel-Studio
2026-10-09T16:37:33.2934436Z hint: Using 'master' as the name for the initial branch. This default branch name
2026-10-09T16:37:33.2935351Z hint: will change to "main" in Git 3.0. To configure the initial branch name
2026-10-09T16:37:33.2936003Z hint: to use in all of your new repositories, which will suppress this warning,
2026-10-09T16:37:33.2936540Z hint: call:
2026-10-09T16:37:33.2937027Z hint:
2026-10-09T16:37:33.2937432Z hint: 	git config --global init.defaultBranch <name>
2026-10-09T16:37:33.2937872Z hint:
2026-10-09T16:37:33.2938201Z hint: Names commonly chosen instead of 'master' are 'main', 'trunk' and
2026-10-09T16:37:33.2938742Z hint: 'development'. The just-created branch can be renamed via this command:
2026-10-09T16:37:33.2939151Z hint:
2026-10-09T16:37:33.2939391Z hint: 	git branch -m <name>
2026-10-09T16:37:33.2939651Z hint:
2026-10-09T16:37:33.2939994Z hint: Disable this message with "git config set advice.defaultBranchName false"
2026-10-09T16:37:33.2940603Z Initialized empty Git repository in /home/runner/work/AI-Novel-Studio/AI-Novel-Studio/.git/
2026-10-09T16:37:33.2948211Z [command]/usr/bin/git remote add origin https://github.com/1785235376-blip/AI-Novel-Studio
2026-10-09T16:37:33.3116928Z ##[endgroup]
2026-10-09T16:37:33.3117798Z ##[group]Disabling automatic garbage collection
2026-10-09T16:37:33.3121862Z [command]/usr/bin/git config --local gc.auto 0
2026-10-09T16:37:33.3517653Z ##[endgroup]
2026-10-09T16:37:33.3517975Z ##[group]Setting up auth
2026-10-09T16:37:33.3524661Z [command]/usr/bin/git config --local --name-only --get-regexp core\.sshCommand
2026-10-09T16:37:33.3558012Z [command]/usr/bin/git submodule foreach --recursive sh -c "git config --local --name-only --get-regexp 'core\.sshCommand' && git config --local --unset-all 'core.sshCommand' || :"
2026-10-09T16:37:33.3956030Z [command]/usr/bin/git config --local --name-only --get-regexp http\.https\:\/\/github\.com\/\.extraheader
2026-10-09T16:37:33.3985185Z [command]/usr/bin/git submodule foreach --recursive sh -c "git config --local --name-only --get-regexp 'http\.https\:\/\/github\.com\/\.extraheader' && git config --local --unset-all 'http.https://github.com/.extraheader' || :"
2026-10-09T16:37:33.4164363Z [command]/usr/bin/git config --local http.https://github.com/.extraheader AUTHORIZATION: basic ***
2026-10-09T16:37:33.4433153Z ##[endgroup]
2026-10-09T16:37:33.4433912Z ##[group]Fetching the repository
2026-10-09T16:37:33.4441813Z [command]/usr/bin/git -c protocol.version=2 fetch --no-tags --prune --no-recurse-submodules --depth=1 origin +02a3f6e9908f785a308a4605e362f8876aed4d8b:refs/remotes/pull/47/merge
2026-10-09T16:37:38.7021277Z From https://github.com/1785235376-blip/AI-Novel-Studio
2026-10-09T16:37:38.7021899Z  * [new ref]         02a3f6e9908f785a308a4605e362f8876aed4d8b -> pull/47/merge
2026-10-09T16:37:38.7025992Z ##[endgroup]
2026-10-09T16:37:38.7026473Z ##[group]Determining the checkout info
2026-10-09T16:37:38.7033021Z ##[endgroup]
2026-10-09T16:37:38.7033260Z [command]/usr/bin/git sparse-checkout disable
2026-10-09T16:37:38.7081168Z [command]/usr/bin/git config --local --unset-all extensions.worktreeConfig
2026-10-09T16:37:38.7109116Z ##[group]Checking out the ref
2026-10-09T16:37:38.7117762Z [command]/usr/bin/git checkout --progress --force refs/remotes/pull/47/merge
2026-10-09T16:37:39.2102697Z Note: switching to 'refs/remotes/pull/47/merge'.
2026-10-09T16:37:39.2103007Z 
2026-10-09T16:37:39.2103235Z You are in 'detached HEAD' state. You can look around, make experimental
2026-10-09T16:37:39.2103960Z changes and commit them, and you can discard any commits you make in this
2026-10-09T16:37:39.2104372Z state without impacting any branches by switching back to a branch.
2026-10-09T16:37:39.2104702Z 
2026-10-09T16:37:39.2104928Z If you want to create a new branch to retain commits you create, you may
2026-10-09T16:37:39.2105353Z do so (now or later) by using -c with the switch command. Example:
2026-10-09T16:37:39.2105596Z 
2026-10-09T16:37:39.2105706Z   git switch -c <new-branch-name>
2026-10-09T16:37:39.2105867Z 
2026-10-09T16:37:39.2105971Z Or undo this operation with:
2026-10-09T16:37:39.2106141Z 
2026-10-09T16:37:39.2106237Z   git switch -
2026-10-09T16:37:39.2106392Z 
2026-10-09T16:37:39.2106778Z Turn off this advice by setting config variable advice.detachedHead to false
2026-10-09T16:37:39.2107059Z 
2026-10-09T16:37:39.2107370Z HEAD is now at 02a3f6e Merge 9851bdd2d692df983664bc8f4597fbc05c0e2ceb into fed2404c8e30b44061b7139dced45b7f3301601c
2026-10-09T16:37:39.2152107Z ##[endgroup]
2026-10-09T16:37:39.2194886Z [command]/usr/bin/git log -1 --format=%H
2026-10-09T16:37:39.2220303Z 02a3f6e9908f785a308a4605e362f8876aed4d8b
2026-10-09T16:37:39.2228216Z ##[group]Removing auth
2026-10-09T16:37:39.2230981Z [command]/usr/bin/git config --local --name-only --get-regexp core\.sshCommand
2026-10-09T16:37:39.2258805Z [command]/usr/bin/git submodule foreach --recursive sh -c "git config --local --name-only --get-regexp 'core\.sshCommand' && git config --local --unset-all 'core.sshCommand' || :"
2026-10-09T16:37:39.2443296Z [command]/usr/bin/git config --local --name-only --get-regexp http\.https\:\/\/github\.com\/\.extraheader
2026-10-09T16:37:39.2470627Z http.https://github.com/.extraheader
2026-10-09T16:37:39.2476877Z [command]/usr/bin/git config --local --unset-all http.https://github.com/.extraheader
2026-10-09T16:37:39.2506816Z [command]/usr/bin/git submodule foreach --recursive sh -c "git config --local --name-only --get-regexp 'http\.https\:\/\/github\.com\/\.extraheader' && git config --local --unset-all 'http.https://github.com/.extraheader' || :"
2026-10-09T16:37:39.2685796Z ##[endgroup]
2026-10-09T16:37:39.2918801Z ##[group]Run actions/setup-python@v5.6.0
2026-10-09T16:37:39.2918989Z with:
2026-10-09T16:37:39.2919114Z   python-version: 3.12.9
2026-10-09T16:37:39.2919250Z   check-latest: false
2026-10-09T16:37:39.2920804Z   token: ***
2026-10-09T16:37:39.2920933Z   update-environment: true
2026-10-09T16:37:39.2921075Z   allow-prereleases: false
2026-10-09T16:37:39.2921210Z   freethreaded: false
2026-10-09T16:37:39.2921331Z env:
2026-10-09T16:37:39.2921439Z   MOCK_PROVIDER: true
2026-10-09T16:37:39.2921563Z   MOCK_STREAM_DELAY_MS: 0
2026-10-09T16:37:39.2921692Z   ENABLE_CLOUD: false
2026-10-09T16:37:39.2921822Z   CREDENTIAL_VAULT_BACKEND: memory
2026-10-09T16:37:39.2921985Z   CREDENTIAL_VAULT_ALLOW_MEMORY_FALLBACK: true
2026-10-09T16:37:39.2922159Z   PYTHONDONTWRITEBYTECODE: 1
2026-10-09T16:37:39.2922294Z   HF_HUB_OFFLINE: 1
2026-10-09T16:37:39.2922413Z   TRANSFORMERS_OFFLINE: 1
2026-10-09T16:37:39.2922555Z ##[endgroup]
2026-10-09T16:37:39.3793014Z ##[group]Installed versions
2026-10-09T16:37:39.3805471Z Version 3.12.9 was not found in the local cache
2026-10-09T16:37:39.3890536Z (node:2111) [DEP0040] DeprecationWarning: The `punycode` module is deprecated. Please use a userland alternative instead.
2026-10-09T16:37:39.3891172Z (Use `node --trace-deprecation ...` to show where the warning was created)
2026-10-09T16:37:40.4956566Z Version 3.12.9 is available for downloading
2026-10-09T16:37:40.4957935Z Download from "https://github.com/actions/python-versions/releases/download/3.12.9-13149478207/python-3.12.9-linux-24.04-x64.tar.gz"
2026-10-09T16:37:41.0643793Z Extract downloaded archive
2026-10-09T16:37:41.0728740Z [command]/usr/bin/tar xz --warning=no-unknown-keyword --overwrite -C /home/runner/work/_temp/12672d22-913e-4b31-a846-98756144135c -f /home/runner/work/_temp/45385ede-fedc-4a12-a88c-4588bc71842d
2026-10-09T16:37:42.6505101Z Execute installation script
2026-10-09T16:37:42.6590613Z Check if Python hostedtoolcache folder exist...
2026-10-09T16:37:42.6591045Z Create Python 3.12.9 folder
2026-10-09T16:37:42.6602573Z Copy Python binaries to hostedtoolcache folder
2026-10-09T16:37:43.0335127Z Create additional symlinks (Required for the UsePythonVersion Azure Pipelines task and the setup-python GitHub Action)
2026-10-09T16:37:43.0369789Z Upgrading pip...
2026-10-09T16:37:44.7230271Z Looking in links: /tmp/tmpx02oyy7l
2026-10-09T16:37:44.7231637Z Requirement already satisfied: pip in /opt/hostedtoolcache/Python/3.12.9/x64/lib/python3.12/site-packages (24.3.1)
2026-10-09T16:37:45.7580804Z Collecting pip
2026-10-09T16:37:45.8117093Z Downloading pip-26.2.1-py3-none-any.whl.metadata (4.6 kB)
2026-10-09T16:37:46.1447953Z Downloading pip-26.2.1-py3-none-any.whl (1.8 MB)
2026-10-09T16:37:46.3055807Z ━━━━━━━━━━━━━━━━━━━━━━━━━━━━━━━━━━━━━━━━ 1.8/1.8 MB 11.8 MB/s eta 0:00:00
2026-10-09T16:37:46.3056102Z 
2026-10-09T16:37:46.3241480Z Installing collected packages: pip
2026-10-09T16:37:46.3241804Z Attempting uninstall: pip
2026-10-09T16:37:46.3257485Z Found existing installation: pip 24.3.1
2026-10-09T16:37:46.3471835Z Uninstalling pip-24.3.1:
2026-10-09T16:37:46.3509765Z Successfully uninstalled pip-24.3.1
2026-10-09T16:37:46.9251890Z Successfully installed pip-26.2.1
2026-10-09T16:37:46.9721946Z Create complete file
2026-10-09T16:37:46.9752272Z Successfully set up CPython (3.12.9)
2026-10-09T16:37:46.9753351Z ##[endgroup]
2026-10-09T16:37:46.9895428Z ##[group]Run test "$EXECUTION_RESULT" = success
2026-10-09T16:37:46.9895713Z [36;1mtest "$EXECUTION_RESULT" = success[0m
2026-10-09T16:37:46.9895893Z [36;1mtest "$TCP_RESULT" = success[0m
2026-10-09T16:37:47.0100700Z shell: /usr/bin/bash -e {0}
2026-10-09T16:37:47.0100861Z env:
2026-10-09T16:37:47.0100980Z   MOCK_PROVIDER: true
2026-10-09T16:37:47.0101111Z   MOCK_STREAM_DELAY_MS: 0
2026-10-09T16:37:47.0101245Z   ENABLE_CLOUD: false
2026-10-09T16:37:47.0101381Z   CREDENTIAL_VAULT_BACKEND: memory
2026-10-09T16:37:47.0101550Z   CREDENTIAL_VAULT_ALLOW_MEMORY_FALLBACK: true
2026-10-09T16:37:47.0101741Z   PYTHONDONTWRITEBYTECODE: 1
2026-10-09T16:37:47.0101881Z   HF_HUB_OFFLINE: 1
2026-10-09T16:37:47.0102004Z   TRANSFORMERS_OFFLINE: 1
2026-10-09T16:37:47.0102174Z   pythonLocation: /opt/hostedtoolcache/Python/3.12.9/x64
2026-10-09T16:37:47.0102415Z   PKG_CONFIG_PATH: /opt/hostedtoolcache/Python/3.12.9/x64/lib/pkgconfig
2026-10-09T16:37:47.0102675Z   Python_ROOT_DIR: /opt/hostedtoolcache/Python/3.12.9/x64
2026-10-09T16:37:47.0102886Z   Python2_ROOT_DIR: /opt/hostedtoolcache/Python/3.12.9/x64
2026-10-09T16:37:47.0103097Z   Python3_ROOT_DIR: /opt/hostedtoolcache/Python/3.12.9/x64
2026-10-09T16:37:47.0103310Z   LD_LIBRARY_PATH: /opt/hostedtoolcache/Python/3.12.9/x64/lib
2026-10-09T16:37:47.0103496Z   EXECUTION_RESULT: cancelled
2026-10-09T16:37:47.0103632Z   TCP_RESULT: success
2026-10-09T16:37:47.0103758Z ##[endgroup]
2026-10-09T16:37:47.0194158Z ##[error]Process completed with exit code 1.
2026-10-09T16:37:47.0288041Z Post job cleanup.
2026-10-09T16:37:47.0835229Z [command]/usr/bin/git version
2026-10-09T16:37:47.0868276Z git version 2.55.0
2026-10-09T16:37:47.0895546Z Temporarily overriding HOME='/home/runner/work/_temp/66ec6ac0-5e9f-46e4-8cfb-7f38375f7762' before making global git config changes
2026-10-09T16:37:47.0896080Z Adding repository directory to the temporary git global config as a safe directory
2026-10-09T16:37:47.0899737Z [command]/usr/bin/git config --global --add safe.directory /home/runner/work/AI-Novel-Studio/AI-Novel-Studio
2026-10-09T16:37:47.0933013Z [command]/usr/bin/git config --local --name-only --get-regexp core\.sshCommand
2026-10-09T16:37:47.0963920Z [command]/usr/bin/git submodule foreach --recursive sh -c "git config --local --name-only --get-regexp 'core\.sshCommand' && git config --local --unset-all 'core.sshCommand' || :"
2026-10-09T16:37:47.1174905Z [command]/usr/bin/git config --local --name-only --get-regexp http\.https\:\/\/github\.com\/\.extraheader
2026-10-09T16:37:47.1211391Z [command]/usr/bin/git submodule foreach --recursive sh -c "git config --local --name-only --get-regexp 'http\.https\:\/\/github\.com\/\.extraheader' && git config --local --unset-all 'http.https://github.com/.extraheader' || :"
2026-10-09T16:37:47.1540709Z Cleaning up orphan processes
2026-10-09T16:37:47.1742232Z ##[warning]Node.js 20 is deprecated. The following actions target Node.js 20 but are being forced to run on Node.js 24: actions/checkout@v4.2.2, actions/setup-python@v5.6.0. For more information see: https://github.blog/changelog/2025-09-19-deprecation-of-node-20-on-github-actions-runners/
