2026-10-09T16:41:44.9220364Z Current runner version: '2.337.0'
2026-10-09T16:41:44.9242841Z ##[group]Runner Image Provisioner
2026-10-09T16:41:44.9243547Z Hosted Compute Agent
2026-10-09T16:41:44.9244314Z Version: 20261002.596
2026-10-09T16:41:44.9244927Z Commit: c3d12f3313a95f25162a1503be624f3b0617f8c0
2026-10-09T16:41:44.9245554Z Build Date: 2026-10-02T22:28:27Z
2026-10-09T16:41:44.9246152Z Worker ID: {e3c662e3-6705-40ce-a996-a341c0b04113}
2026-10-09T16:41:44.9246740Z Region: westus3
2026-10-09T16:41:44.9247183Z Cloud: Azure
2026-10-09T16:41:44.9247711Z ##[endgroup]
2026-10-09T16:41:44.9248966Z ##[group]Operating System
2026-10-09T16:41:44.9249655Z Ubuntu
2026-10-09T16:41:44.9250103Z 24.04.5
2026-10-09T16:41:44.9250525Z LTS
2026-10-09T16:41:44.9251023Z ##[endgroup]
2026-10-09T16:41:44.9251526Z ##[group]Runner Image
2026-10-09T16:41:44.9252079Z Image: ubuntu-24.04
2026-10-09T16:41:44.9252556Z Version: 20261004.327.1
2026-10-09T16:41:44.9253632Z Included Software: https://github.com/actions/runner-images/blob/ubuntu24/20261004.327/images/ubuntu/Ubuntu2404-Readme.md
2026-10-09T16:41:44.9254873Z Image Release: https://github.com/actions/runner-images/releases/tag/ubuntu24%2F20261004.327
2026-10-09T16:41:44.9255677Z ##[endgroup]
2026-10-09T16:41:44.9256579Z ##[group]GITHUB_TOKEN Permissions
2026-10-09T16:41:44.9258565Z Contents: read
2026-10-09T16:41:44.9259128Z Metadata: read
2026-10-09T16:41:44.9259778Z ##[endgroup]
2026-10-09T16:41:44.9261761Z Secret source: Actions
2026-10-09T16:41:44.9262557Z Cache mode: write
2026-10-09T16:41:44.9263202Z Prepare workflow directory
2026-10-09T16:41:44.9592858Z Prepare all required actions
2026-10-09T16:41:44.9632146Z Getting action download info
2026-10-09T16:41:45.2765983Z Download action repository 'actions/checkout@v4.2.2' (SHA:11bd71901bbe5b1630ceea73d27597364c9af683)
2026-10-09T16:41:45.3803007Z Download action repository 'actions/setup-python@v5.6.0' (SHA:a26af69be951a213d495a4c3e4e4022e16d87065)
2026-10-09T16:41:45.4758222Z Download action repository 'actions/download-artifact@v4.3.0' (SHA:d3f86a106a0bac45b974a628896c90dbdf5c8093)
2026-10-09T16:41:46.2481222Z Download action repository 'actions/upload-artifact@v4.6.2' (SHA:ea165f8d65b6e75b540449e92b4886f43607fa02)
2026-10-09T16:41:46.5081291Z Complete job name: Backend / postgres
2026-10-09T16:41:46.5811909Z ##[group]Run actions/checkout@v4.2.2
2026-10-09T16:41:46.5812956Z with:
2026-10-09T16:41:46.5813558Z   persist-credentials: false
2026-10-09T16:41:46.5814333Z   repository: 1785235376-blip/AI-Novel-Studio
2026-10-09T16:41:46.5821456Z   token: ***
2026-10-09T16:41:46.5822051Z   ssh-strict: true
2026-10-09T16:41:46.5822644Z   ssh-user: git
2026-10-09T16:41:46.5823215Z   clean: true
2026-10-09T16:41:46.5823821Z   sparse-checkout-cone-mode: true
2026-10-09T16:41:46.5824544Z   fetch-depth: 1
2026-10-09T16:41:46.5825126Z   fetch-tags: false
2026-10-09T16:41:46.5825728Z   show-progress: true
2026-10-09T16:41:46.5826346Z   lfs: false
2026-10-09T16:41:46.5826909Z   submodules: false
2026-10-09T16:41:46.5827525Z   set-safe-directory: true
2026-10-09T16:41:46.5828389Z env:
2026-10-09T16:41:46.5828924Z   MOCK_PROVIDER: true
2026-10-09T16:41:46.5829671Z   MOCK_STREAM_DELAY_MS: 0
2026-10-09T16:41:46.5830332Z   ENABLE_CLOUD: false
2026-10-09T16:41:46.5830971Z   CREDENTIAL_VAULT_BACKEND: memory
2026-10-09T16:41:46.5831806Z   CREDENTIAL_VAULT_ALLOW_MEMORY_FALLBACK: true
2026-10-09T16:41:46.5832638Z   PYTHONDONTWRITEBYTECODE: 1
2026-10-09T16:41:46.5833310Z   HF_HUB_OFFLINE: 1
2026-10-09T16:41:46.5833904Z   TRANSFORMERS_OFFLINE: 1
2026-10-09T16:41:46.5834540Z ##[endgroup]
2026-10-09T16:41:46.6688848Z Syncing repository: 1785235376-blip/AI-Novel-Studio
2026-10-09T16:41:46.6691878Z ##[group]Getting Git version info
2026-10-09T16:41:46.6693481Z Working directory is '/home/runner/work/AI-Novel-Studio/AI-Novel-Studio'
2026-10-09T16:41:46.6695490Z [command]/usr/bin/git version
2026-10-09T16:41:46.6747468Z git version 2.55.0
2026-10-09T16:41:46.6766566Z ##[endgroup]
2026-10-09T16:41:46.6791982Z Temporarily overriding HOME='/home/runner/work/_temp/dd61922a-7542-40fd-b330-e37e5278ac99' before making global git config changes
2026-10-09T16:41:46.6805529Z Adding repository directory to the temporary git global config as a safe directory
2026-10-09T16:41:46.6808868Z [command]/usr/bin/git config --global --add safe.directory /home/runner/work/AI-Novel-Studio/AI-Novel-Studio
2026-10-09T16:41:46.6842195Z Deleting the contents of '/home/runner/work/AI-Novel-Studio/AI-Novel-Studio'
2026-10-09T16:41:46.6860698Z ##[group]Initializing the repository
2026-10-09T16:41:46.6862419Z [command]/usr/bin/git init /home/runner/work/AI-Novel-Studio/AI-Novel-Studio
2026-10-09T16:41:46.6930872Z hint: Using 'master' as the name for the initial branch. This default branch name
2026-10-09T16:41:46.6932844Z hint: will change to "main" in Git 3.0. To configure the initial branch name
2026-10-09T16:41:46.6935260Z hint: to use in all of your new repositories, which will suppress this warning,
2026-10-09T16:41:46.6936545Z hint: call:
2026-10-09T16:41:46.6937446Z hint:
2026-10-09T16:41:46.6938458Z hint: 	git config --global init.defaultBranch <name>
2026-10-09T16:41:46.6939820Z hint:
2026-10-09T16:41:46.6941723Z hint: Names commonly chosen instead of 'master' are 'main', 'trunk' and
2026-10-09T16:41:46.6943458Z hint: 'development'. The just-created branch can be renamed via this command:
2026-10-09T16:41:46.6953188Z hint:
2026-10-09T16:41:46.6954307Z hint: 	git branch -m <name>
2026-10-09T16:41:46.6955471Z hint:
2026-10-09T16:41:46.6957119Z hint: Disable this message with "git config set advice.defaultBranchName false"
2026-10-09T16:41:46.6960180Z Initialized empty Git repository in /home/runner/work/AI-Novel-Studio/AI-Novel-Studio/.git/
2026-10-09T16:41:46.6964067Z [command]/usr/bin/git remote add origin https://github.com/1785235376-blip/AI-Novel-Studio
2026-10-09T16:41:46.6992860Z ##[endgroup]
2026-10-09T16:41:46.6994235Z ##[group]Disabling automatic garbage collection
2026-10-09T16:41:46.6996653Z [command]/usr/bin/git config --local gc.auto 0
2026-10-09T16:41:46.7032270Z ##[endgroup]
2026-10-09T16:41:46.7033454Z ##[group]Setting up auth
2026-10-09T16:41:46.7038587Z [command]/usr/bin/git config --local --name-only --get-regexp core\.sshCommand
2026-10-09T16:41:46.7074097Z [command]/usr/bin/git submodule foreach --recursive sh -c "git config --local --name-only --get-regexp 'core\.sshCommand' && git config --local --unset-all 'core.sshCommand' || :"
2026-10-09T16:41:46.7429677Z [command]/usr/bin/git config --local --name-only --get-regexp http\.https\:\/\/github\.com\/\.extraheader
2026-10-09T16:41:46.7466093Z [command]/usr/bin/git submodule foreach --recursive sh -c "git config --local --name-only --get-regexp 'http\.https\:\/\/github\.com\/\.extraheader' && git config --local --unset-all 'http.https://github.com/.extraheader' || :"
2026-10-09T16:41:46.7662826Z [command]/usr/bin/git config --local http.https://github.com/.extraheader AUTHORIZATION: basic ***
2026-10-09T16:41:46.7702193Z ##[endgroup]
2026-10-09T16:41:46.7703791Z ##[group]Fetching the repository
2026-10-09T16:41:46.7712782Z [command]/usr/bin/git -c protocol.version=2 fetch --no-tags --prune --no-recurse-submodules --depth=1 origin +9851bdd2d692df983664bc8f4597fbc05c0e2ceb:refs/remotes/origin/feature/v2-narrative-platform
2026-10-09T16:41:51.8515791Z From https://github.com/1785235376-blip/AI-Novel-Studio
2026-10-09T16:41:51.8516913Z  * [new ref]         9851bdd2d692df983664bc8f4597fbc05c0e2ceb -> origin/feature/v2-narrative-platform
2026-10-09T16:41:51.8519356Z ##[endgroup]
2026-10-09T16:41:51.8520254Z ##[group]Determining the checkout info
2026-10-09T16:41:51.8527182Z ##[endgroup]
2026-10-09T16:41:51.8527657Z [command]/usr/bin/git sparse-checkout disable
2026-10-09T16:41:52.0344401Z [command]/usr/bin/git config --local --unset-all extensions.worktreeConfig
2026-10-09T16:41:52.0996396Z ##[group]Checking out the ref
2026-10-09T16:41:52.1002922Z [command]/usr/bin/git checkout --progress --force -B feature/v2-narrative-platform refs/remotes/origin/feature/v2-narrative-platform
2026-10-09T16:41:52.6976897Z Switched to a new branch 'feature/v2-narrative-platform'
2026-10-09T16:41:52.6979223Z branch 'feature/v2-narrative-platform' set up to track 'origin/feature/v2-narrative-platform'.
2026-10-09T16:41:52.7019589Z ##[endgroup]
2026-10-09T16:41:52.7130585Z [command]/usr/bin/git log -1 --format=%H
2026-10-09T16:41:52.7158651Z 9851bdd2d692df983664bc8f4597fbc05c0e2ceb
2026-10-09T16:41:52.7167390Z ##[group]Removing auth
2026-10-09T16:41:52.7170869Z [command]/usr/bin/git config --local --name-only --get-regexp core\.sshCommand
2026-10-09T16:41:52.7203149Z [command]/usr/bin/git submodule foreach --recursive sh -c "git config --local --name-only --get-regexp 'core\.sshCommand' && git config --local --unset-all 'core.sshCommand' || :"
2026-10-09T16:41:52.7411595Z [command]/usr/bin/git config --local --name-only --get-regexp http\.https\:\/\/github\.com\/\.extraheader
2026-10-09T16:41:52.7440217Z http.https://github.com/.extraheader
2026-10-09T16:41:52.7447429Z [command]/usr/bin/git config --local --unset-all http.https://github.com/.extraheader
2026-10-09T16:41:52.7482692Z [command]/usr/bin/git submodule foreach --recursive sh -c "git config --local --name-only --get-regexp 'http\.https\:\/\/github\.com\/\.extraheader' && git config --local --unset-all 'http.https://github.com/.extraheader' || :"
2026-10-09T16:41:52.7683498Z ##[endgroup]
2026-10-09T16:41:52.7907131Z ##[group]Run actions/setup-python@v5.6.0
2026-10-09T16:41:52.7907394Z with:
2026-10-09T16:41:52.7907571Z   python-version: 3.12.9
2026-10-09T16:41:52.7907780Z   check-latest: false
2026-10-09T16:41:52.7910074Z   token: ***
2026-10-09T16:41:52.7910265Z   update-environment: true
2026-10-09T16:41:52.7910474Z   allow-prereleases: false
2026-10-09T16:41:52.7910708Z   freethreaded: false
2026-10-09T16:41:52.7910921Z env:
2026-10-09T16:41:52.7911086Z   MOCK_PROVIDER: true
2026-10-09T16:41:52.7911265Z   MOCK_STREAM_DELAY_MS: 0
2026-10-09T16:41:52.7911457Z   ENABLE_CLOUD: false
2026-10-09T16:41:52.7911642Z   CREDENTIAL_VAULT_BACKEND: memory
2026-10-09T16:41:52.7911886Z   CREDENTIAL_VAULT_ALLOW_MEMORY_FALLBACK: true
2026-10-09T16:41:52.7912160Z   PYTHONDONTWRITEBYTECODE: 1
2026-10-09T16:41:52.7912364Z   HF_HUB_OFFLINE: 1
2026-10-09T16:41:52.7912540Z   TRANSFORMERS_OFFLINE: 1
2026-10-09T16:41:52.7912730Z ##[endgroup]
2026-10-09T16:41:52.9090679Z ##[group]Installed versions
2026-10-09T16:41:52.9091970Z Version 3.12.9 was not found in the local cache
2026-10-09T16:41:52.9196297Z (node:2134) [DEP0040] DeprecationWarning: The `punycode` module is deprecated. Please use a userland alternative instead.
2026-10-09T16:41:52.9197227Z (Use `node --trace-deprecation ...` to show where the warning was created)
2026-10-09T16:41:54.0473106Z Version 3.12.9 is available for downloading
2026-10-09T16:41:54.0474423Z Download from "https://github.com/actions/python-versions/releases/download/3.12.9-13149478207/python-3.12.9-linux-24.04-x64.tar.gz"
2026-10-09T16:41:54.7565484Z Extract downloaded archive
2026-10-09T16:41:54.7664097Z [command]/usr/bin/tar xz --warning=no-unknown-keyword --overwrite -C /home/runner/work/_temp/9fdff7a0-b12e-4cc9-a35a-2585e61acd42 -f /home/runner/work/_temp/5b258ece-eb2b-419e-b585-49d35bb87036
2026-10-09T16:41:56.5381520Z Execute installation script
2026-10-09T16:41:56.5464463Z Check if Python hostedtoolcache folder exist...
2026-10-09T16:41:56.5464964Z Create Python 3.12.9 folder
2026-10-09T16:41:56.5477397Z Copy Python binaries to hostedtoolcache folder
2026-10-09T16:41:57.0511382Z Create additional symlinks (Required for the UsePythonVersion Azure Pipelines task and the setup-python GitHub Action)
2026-10-09T16:41:57.0546660Z Upgrading pip...
2026-10-09T16:41:59.0470766Z Looking in links: /tmp/tmpgeunmqk7
2026-10-09T16:41:59.0473673Z Requirement already satisfied: pip in /opt/hostedtoolcache/Python/3.12.9/x64/lib/python3.12/site-packages (24.3.1)
2026-10-09T16:42:00.6136599Z Collecting pip
2026-10-09T16:42:00.6429157Z Downloading pip-26.2.1-py3-none-any.whl.metadata (4.6 kB)
2026-10-09T16:42:00.9431761Z Downloading pip-26.2.1-py3-none-any.whl (1.8 MB)
2026-10-09T16:42:01.4235306Z ━━━━━━━━━━━━━━━━━━━━━━━━━━━━━━━━━━━━━━━━ 1.8/1.8 MB 3.3 MB/s eta 0:00:00
2026-10-09T16:42:01.4235962Z 
2026-10-09T16:42:01.4949228Z Installing collected packages: pip
2026-10-09T16:42:01.4949792Z Attempting uninstall: pip
2026-10-09T16:42:01.4965470Z Found existing installation: pip 24.3.1
2026-10-09T16:42:01.5228401Z Uninstalling pip-24.3.1:
2026-10-09T16:42:01.5274009Z Successfully uninstalled pip-24.3.1
2026-10-09T16:42:02.6478588Z Successfully installed pip-26.2.1
2026-10-09T16:42:02.7109173Z Create complete file
2026-10-09T16:42:02.7141492Z Successfully set up CPython (3.12.9)
2026-10-09T16:42:02.7142664Z ##[endgroup]
2026-10-09T16:42:02.8349969Z ##[group]Run test "$EXECUTION_RESULT" = success
2026-10-09T16:42:02.8350356Z [36;1mtest "$EXECUTION_RESULT" = success[0m
2026-10-09T16:42:02.8350605Z [36;1mtest "$TCP_RESULT" = success[0m
2026-10-09T16:42:03.0062186Z shell: /usr/bin/bash -e {0}
2026-10-09T16:42:03.0062448Z env:
2026-10-09T16:42:03.0062628Z   MOCK_PROVIDER: true
2026-10-09T16:42:03.0062865Z   MOCK_STREAM_DELAY_MS: 0
2026-10-09T16:42:03.0063080Z   ENABLE_CLOUD: false
2026-10-09T16:42:03.0063264Z   CREDENTIAL_VAULT_BACKEND: memory
2026-10-09T16:42:03.0063507Z   CREDENTIAL_VAULT_ALLOW_MEMORY_FALLBACK: true
2026-10-09T16:42:03.0063746Z   PYTHONDONTWRITEBYTECODE: 1
2026-10-09T16:42:03.0063941Z   HF_HUB_OFFLINE: 1
2026-10-09T16:42:03.0064115Z   TRANSFORMERS_OFFLINE: 1
2026-10-09T16:42:03.0064347Z   pythonLocation: /opt/hostedtoolcache/Python/3.12.9/x64
2026-10-09T16:42:03.0064694Z   PKG_CONFIG_PATH: /opt/hostedtoolcache/Python/3.12.9/x64/lib/pkgconfig
2026-10-09T16:42:03.0065081Z   Python_ROOT_DIR: /opt/hostedtoolcache/Python/3.12.9/x64
2026-10-09T16:42:03.0065373Z   Python2_ROOT_DIR: /opt/hostedtoolcache/Python/3.12.9/x64
2026-10-09T16:42:03.0065659Z   Python3_ROOT_DIR: /opt/hostedtoolcache/Python/3.12.9/x64
2026-10-09T16:42:03.0065947Z   LD_LIBRARY_PATH: /opt/hostedtoolcache/Python/3.12.9/x64/lib
2026-10-09T16:42:03.0066206Z   EXECUTION_RESULT: cancelled
2026-10-09T16:42:03.0066394Z   TCP_RESULT: success
2026-10-09T16:42:03.0066590Z ##[endgroup]
2026-10-09T16:42:03.0241739Z ##[error]Process completed with exit code 1.
2026-10-09T16:42:03.0830465Z Post job cleanup.
2026-10-09T16:42:03.1567976Z [command]/usr/bin/git version
2026-10-09T16:42:03.1606202Z git version 2.55.0
2026-10-09T16:42:03.1637067Z Temporarily overriding HOME='/home/runner/work/_temp/bb346c30-810f-49d9-bb1a-5fb1b627da5e' before making global git config changes
2026-10-09T16:42:03.1638076Z Adding repository directory to the temporary git global config as a safe directory
2026-10-09T16:42:03.1641881Z [command]/usr/bin/git config --global --add safe.directory /home/runner/work/AI-Novel-Studio/AI-Novel-Studio
2026-10-09T16:42:03.1869696Z [command]/usr/bin/git config --local --name-only --get-regexp core\.sshCommand
2026-10-09T16:42:03.1916850Z [command]/usr/bin/git submodule foreach --recursive sh -c "git config --local --name-only --get-regexp 'core\.sshCommand' && git config --local --unset-all 'core.sshCommand' || :"
2026-10-09T16:42:03.2156570Z [command]/usr/bin/git config --local --name-only --get-regexp http\.https\:\/\/github\.com\/\.extraheader
2026-10-09T16:42:03.2195318Z [command]/usr/bin/git submodule foreach --recursive sh -c "git config --local --name-only --get-regexp 'http\.https\:\/\/github\.com\/\.extraheader' && git config --local --unset-all 'http.https://github.com/.extraheader' || :"
2026-10-09T16:42:03.2574838Z Cleaning up orphan processes
2026-10-09T16:42:03.2858423Z ##[warning]Node.js 20 is deprecated. The following actions target Node.js 20 but are being forced to run on Node.js 24: actions/checkout@v4.2.2, actions/setup-python@v5.6.0. For more information see: https://github.blog/changelog/2025-09-19-deprecation-of-node-20-on-github-actions-runners/
