........................F                                                [100%]
================================== FAILURES ===================================
_ test_composition_mounts_both_existing_api_aliases_and_keeps_published_flags _

    def test_composition_mounts_both_existing_api_aliases_and_keeps_published_flags():
        from app.main import app
        from app.experimental.flags import FLAGS, flag_status
        paths = set(app.openapi()["paths"])
        for prefix in ("/api", "/api/v1"):
            assert prefix + "/novels/{nid}/experimental/creative/documents" in paths
>       assert len(FLAGS) == 40 and len(flag_status()["features"]) == 40
E       AssertionError: assert (44 == 40)
E        +  where 44 = len(('advanced_planning_v2', 'semantic_import_v2', 'world_character_engines_v2', 'unified_review_inbox', 'agent_team_recipes', 'media_adapter_registry', ...))

tests\test_v2_creative_foundation.py:279: AssertionError
============================== warnings summary ===============================
tests/test_v2_creative_foundation.py::test_api_flag_off_wildcard_and_v1_acceptance_fail_closed[-False]
  D:\小说\AI-Novel-Studio-Latest-Product\.venv\Lib\site-packages\fastapi\testclient.py:1: StarletteDeprecationWarning: Using `httpx` with `starlette.testclient` is deprecated; install `httpx2` instead.
    from starlette.testclient import TestClient as TestClient  # noqa

-- Docs: https://docs.pytest.org/en/stable/how-to/capture-warnings.html
- generated xml file: D:\小说\AI-Novel-Studio-V2\docs\delivery\v2-development\phase1-foundation-red2.xml -
=========================== short test summary info ===========================
FAILED tests/test_v2_creative_foundation.py::test_composition_mounts_both_existing_api_aliases_and_keeps_published_flags
1 failed, 24 passed, 1 warning in 10.52s
