vite v6.4.3 building for production...
transforming...
✓ 2012 modules transformed.
rendering chunks...
computing gzip size...
dist/index.html                                   0.33 kB │ gzip:   0.19 kB
dist/assets/LocalTutorIntegration-Bg9pZcT3.css    2.93 kB │ gzip:   0.82 kB
dist/assets/style-6MlQLGa4.css                    3.79 kB │ gzip:   1.39 kB
dist/assets/ExperimentalWorkbench-kya-NcdA.css    4.16 kB │ gzip:   1.07 kB
dist/assets/index-Cj-tLRQ5.css                   32.29 kB │ gzip:   5.90 kB
dist/assets/App-CclC5YsX.css                    137.87 kB │ gzip:  18.38 kB
dist/assets/Health-C_FmAvN3.js                    0.99 kB │ gzip:   0.57 kB
dist/assets/index-DPBx4Ldy.js                    30.15 kB │ gzip:  10.01 kB
dist/assets/LocalTutorIntegration-BoHLMcBd.js    42.44 kB │ gzip:  13.78 kB
dist/assets/style-D3Dxn9wo.js                    45.00 kB │ gzip:   8.38 kB
dist/assets/query-vendor-CUnTvSIi.js             45.60 kB │ gzip:  13.56 kB
dist/assets/react-vendor-D3pO_op5.js            142.98 kB │ gzip:  45.80 kB
dist/assets/editor-vendor-WoPbGn4i.js           307.09 kB │ gzip:  93.11 kB
dist/assets/ExperimentalWorkbench-8scuYg6A.js   628.01 kB │ gzip: 183.51 kB
dist/assets/App-BrlicI3e.js                     834.38 kB │ gzip: 243.08 kB
✓ built in 9.20s
UI token guard PASS (43 files)

(!) Some chunks are larger than 500 kB after minification. Consider:
- Using dynamic import() to code-split the application
- Use build.rollupOptions.output.manualChunks to improve chunking: https://rollupjs.org/configuration-options/#output-manualchunks
- Adjust chunk size limit for this warning via build.chunkSizeWarningLimit.
