..............................s.s.s.s.s.s.s.s.s.s.s.s.s.s.s.s.s.s.s.s.s. [  3%]
s..........................ss..ss..ss..ss..ss..ss..ss..ss..ss........... [  7%]
.............................................................sssssssssss [ 10%]
sssssssssssssssssssssssssssssssssssssssssssssssssssssssssssss........... [ 14%]
.............................................................sssssssssss [ 17%]
sssssssssssssssssssssssssssssssssssssssssssssssssssssssssssss........... [ 21%]
.........................ssssssssssssssssssssssssssssssssssss........... [ 25%]
.ssssssssssss............ssssssssssss............ssssssssssss........... [ 28%]
.ssssssssssss..ss....................................................... [ 32%]
..................ssssssssssssssssssssssssssssssssssssssssssssssssssssss [ 35%]
ssssssssssssssssss............ssssssssssss.............................. [ 39%]
......ssssssssssssssssssssssssssssssssssss............ssssssssssss...... [ 43%]
..........................................ssssssssssssssssssssssssssssss [ 46%]
ssssssssssssssssss............ssssssssssss.............................. [ 50%]
ssssssssssssssssssssssssssssss......ssssss..ss..ss..ss....ssss..ss..ss.. [ 53%]
ss..ss..ss..ss............ssssssssssss.................................. [ 57%]
................................ssssssssssssssssssssssssssssssssssssssss [ 61%]
ssssssssssssssssssssssssss..................ssssssssssssssssss..ss...... [ 64%]
..ssssssss....ssss............ssssssssssss......ssssss..ss..ss..ss..ss.. [ 68%]
ss..........ssssssssss........ssssssss..ss.............................. [ 71%]
sss.s.s.s.s.s.s.s.......sssssss.s.s.s.s.s.s...sss.s...ss.s.s.s.s.s.s.s.s [ 75%]
.........sss.....sssss.s.s.s.s.s.s.s.s.s..ss..............ssssssssssssss [ 79%]
..ss..ss..ss..ss..ss..ss..ss..ss..ss.s.s.s......ssssss.s...sss.s.s.s.s.s [ 82%]
.......sssssss.........sssssssss.s.s.s.s.............sssssssssssss.....s [ 86%]
ssss.s.s.s..ss.s.s.s.s.....sssss.s.s.s..ss.s.s.s.s.s.s.s.s.s..ss....ssss [ 89%]
..ss..ss..ss..ss....ssss..ss..ss..ss..ss........ssssssss.......sssssss.. [ 93%]
.sss..ss.s.s..........ssssssssss..ss.s..ss...sss.s.s.s.........sssssssss [ 97%]
.s.s.s.s..ss..ss..ss..ss.s...sss.s.s...sss.s..ss..ss.....                [100%]
=============================== warnings summary ===============================
.venv/lib/python3.12/site-packages/fastapi/testclient.py:1
  /workspace/scratch/b8734129d01d/AI-Novel-Studio/.venv/lib/python3.12/site-packages/fastapi/testclient.py:1: StarletteDeprecationWarning: Using `httpx` with `starlette.testclient` is deprecated; install `httpx2` instead.
    from starlette.testclient import TestClient as TestClient  # noqa

-- Docs: https://docs.pytest.org/en/stable/how-to/capture-warnings.html
1047 passed, 954 skipped, 1 warning in 232.85s (0:03:52)
