
 RUN  v2.1.9 /workspace/scratch/b8734129d01d/AI-Novel-Studio/frontend

 ✓ src/ui/LocalAiDiscovery.test.tsx (24 tests) 557ms
 ✓ src/novel/StoryCoreRecordVersionEditor.test.tsx (59 tests) 2582ms
 ✓ src/experimental/StyleReviewPanels.test.tsx (16 tests) 2186ms
   ✓ reads without running analysis, requires explicit preview/review/use, and validates the receipt again 426ms
 ✓ src/experimental/WorkspaceToolsPanel.test.tsx (30 tests) 4414ms
   ✓ real workspace tools UI > shows stale recovery choice and never jumps until explicit current-version approval 394ms
   ✓ real workspace tools UI > supports keyboard search results and only exposes enabled safe scenario navigation 320ms
   ✓ deduplicates repeated resolves and only honors the reopened search request 459ms
   ✓ captures actual split visibility and keeps search/task filters across section changes and remount 434ms
 ✓ src/AuditGenerationScope.test.tsx (28 tests) 1757ms
   ✓ AUDIT fences a late generation creation response after chapter navigation 339ms
 ✓ src/experimental/StorySimulatorPanel.test.tsx (14 tests) 6201ms
   ✓ reads only on opening; builds explicit bounded manual inputs with captured authority and normalized fact lines 972ms
   ✓ compares violations and hypotheses, saves only REVIEW once and navigates to the existing planning authority 662ms
   ✓ advances explicitly, cancels explicitly, and stops offering expansion after cancellation 315ms
   ✓ preserves editable drafts on failure and requires recovery before retry 606ms
   ✓ invalidates source-bound context immediately when the active chapter revision advances 496ms
   ✓ previews exact local character request, dispatches once with consent, then manually selects checked candidate 692ms
   ✓ model cancellation and unknown admission never offer automatic replay or candidate adoption 418ms
   ✓ ignores late model preview from a replaced scope and never preserves its consent 395ms
   ✓ changing selected model route clears consent and fences a previously reviewed request 419ms
   ✓ invalidates scene context receipts and sends selected original scene with separate mind claims 444ms
 ✓ src/experimental/OfflineSyncPanel.test.tsx (11 tests) 2207ms
   ✓ defaults to no selection, no mutation or external transport, and explicit selected chapter queue 407ms
   ✓ outbox preview requires copy acknowledgement, reuses same envelope and cleans up local file on revocation 396ms
   ✓ withdraws one chapter only after versioned preview, clears cached file and blocks its pending review 363ms
 ✓ src/creative/CreativeWorkspace.test.tsx (29 tests) 7190ms
   ✓ creative workspace protected manuscript and request boundaries > recovers saved SCREENPLAY when its stage is selected before the initial reads finish 434ms
   ✓ creative workspace protected manuscript and request boundaries > recovers saved PRODUCTION when its stage is selected before the initial reads finish 332ms
   ✓ creative workspace protected manuscript and request boundaries > reloads saved content after confirmed discard and immediate workbench reopen 388ms
   ✓ creative workspace protected manuscript and request boundaries > exposes all five keyboard-accessible modes while the manuscript stays mounted 387ms
   ✓ creative workspace protected manuscript and request boundaries > cancels navigation without losing edits and requires explicit discard before exiting 419ms
   ✓ creative workspace protected manuscript and request boundaries > ignores a late mutation receipt from the previous scope and captures the new branch 341ms
   ✓ creative workspace protected manuscript and request boundaries > requires explicit server-version adoption and preserves the draft when adoption is cancelled 617ms
 ✓ src/ui/ModelCenter.test.tsx (10 tests) 449ms
 ✓ src/AppRevisionHistory.test.tsx (23 tests) 2176ms
   ✓ refreshes mounted history when the server chapter advances from v2 to v3 320ms
 ✓ src/experimental/DeclarativeTemplatePanels.test.tsx (8 tests) 3118ms
   ✓ opens both panels read-only in StrictMode with original authority headers and no auto execution 442ms
   ✓ uses real form contracts, explicit graph check and version-bound creation before separate execute and review 1095ms
   ✓ previews installs favorites copies edits compares and reverts without running a workflow or overwriting instantiated work 326ms
   ✓ requires a separate exact model preview confirmation and never auto dispatches or approves a deferred model node 528ms
 ✓ src/experimental/WritingFocusPanel.test.tsx (13 tests) 1895ms
   ✓ U04 actual writing focus controls > loads under StrictMode, applies prose preferences and persists versioned personal settings 449ms
   ✓ U04 actual writing focus controls > invalidates copy preview when field changes and on stale response 348ms
 ✓ src/novel/PluginManagerPanel.test.tsx (15 tests) 746ms
 ✓ src/interop/LocalTutorIntegration.test.tsx (70 tests) 10381ms
   ✓ does not discover, load context or connect at Studio startup 350ms
   ✓ previews exact chosen ongoing fields and displays the acknowledged allowlist 388ms
   ✓ explicit stop clears grant and queued events without silently resuming 471ms
   ✓ diagnostic preview pauses ongoing sharing before omissions and never resumes it after sending 446ms
 ✓ src/AppWorkspaceResume.test.tsx (33 tests) 6596ms
   ✓ reopens the saved chapter through current authority and applies original reading/split state only after explicit restore 577ms
   ✓ opens another authorized project only after original inventory and exact chapter version revalidation 466ms
   ✓ refuses cross-project search navigation while manuscript is dirty 523ms
   ✓ drops a delayed cross-project source when the author types during revalidation 521ms
   ✓ does not navigate to a search project removed from the refreshed original inventory 367ms
   ✓ opens the exact revision model owner with its original chapter after authoritative verification 334ms
   ✓ refuses a revision-owner chapter switch when the manuscript has unsaved work 348ms
   ✓ rejects a mismatched original revision job and never falls back to another draft 341ms
   ✓ does not open a delayed revision source after its feature is revoked 316ms
 ✓ src/ui/AppShell.test.tsx (19 tests) 416ms
 ✓ src/AppDraftRecovery.test.tsx (21 tests) 3742ms
   ✓ suppresses autosave and manual submit throughout composition and submits after it ends 1141ms
   ✓ labels browser-offline drafts honestly and permits an explicit reachable local-backend save 1081ms
 ✓ src/experimental/RevisionIntelligencePanel.test.tsx (10 tests) 1513ms
   ✓ captures original PM selection, previews two accepted blocks, and requires explicit confirmation 402ms
   ✓ reuses exact author preview and blocks extra generated paragraphs from automatic candidate import 350ms
   ✓ compares real-version pins and explicitly labels imported model interpretations 309ms
 ✓ src/novel/ImageGenerationPanel.test.tsx (10 tests) 806ms
 ✓ src/experimental/InteractiveStoryPanel.test.tsx (11 tests) 2070ms
   ✓ authors Unicode choices and typed variables then saves exact original IDs and scope 517ms
   ✓ requires exact review preview and drops receipt when edited 364ms
 ✓ src/novel/StoryRecordVersionEditor.test.tsx (14 tests) 908ms
 ✓ src/experimental/ModelBrokerPanel.test.tsx (9 tests) 2836ms
   ✓ captures actual scoped route preview and requires exact author receipt plus review before existing job dispatch 743ms
   ✓ manages actual bounded test sets and never starts inference during page load 348ms
   ✓ invalidates prior authorization and sends the exact reviewed material scope 769ms
 ✓ src/experimental/ExperimentalWorkbench.test.tsx (14 tests) 1808ms
   ✓ enabled tool discovery > preserves every enabled navigation button and its order for an empty query 316ms
 ✓ src/experimental/ProductionLineagePanel.test.tsx (11 tests) 1053ms
 ✓ src/AppAuthorTaskNavigation.test.tsx (10 tests) 1319ms
   ✓ opens the exact original text job without broker or recovery flags, generation or acceptance 368ms
 ✓ src/novel/AuthorRequestPreviewPanel.test.tsx (11 tests) 784ms
 ✓ src/experimental/WriterRoomPanel.test.tsx (9 tests) 1293ms
   ✓ renders actual task progress and responsible change-request round trip without domain approval 614ms
 ✓ src/novel/ResearchPanel.test.tsx (14 tests) 1407ms
 ✓ src/experimental/ReaderSessionPanels.test.tsx (9 tests) 1409ms
   ✓ U11 real client request contracts > offers contiguous reader, TOC keyboard focus and codepoint-exact server-validated jump 375ms
   ✓ U11 real client request contracts > submits bounded literal rule configuration and status-only preflight with no editor content 309ms
   ✓ U11 real client request contracts > keeps annotation on permission failure and rejects stale source navigation 309ms
 ✓ src/experimental/SafeBatchesPanel.test.tsx (10 tests) 1095ms
 ✓ src/experimental/MultilingualEditionsPanel.test.tsx (10 tests) 2141ms
   ✓ manual bilingual save→review→exact acceptance with RTL and no model calls 710ms
 ✓ src/novel/ScreenplayPanel.test.tsx (17 tests) 1460ms
 ✓ src/manualPromptConsent.test.tsx (17 tests) 1239ms
 ✓ src/experimental/ResearchLibraryPanel.test.tsx (10 tests) 2189ms
   ✓ keeps original input on stale-source conflict and requires fresh citation selection 373ms
 ✓ src/experimental/Wave5TemplatesSdkComics.test.tsx (4 tests) 1240ms
   ✓ combines legacy and extended catalogs, filters exact types and copies Agent to original definition without execution 390ms
   ✓ Agent runtime and capability requirements persist alongside finite input/output schemas, never granting a runtime 348ms
   ✓ Comic briefs and appearance refs use approved versioned original assets and removing a character removes its reference 373ms
 ✓ src/experimental/ComicLayoutsPanel.test.tsx (8 tests) 1521ms
   ✓ mount is read-only; hand-edited numeric geometry reuses original source IDs and supports undo 476ms
   ✓ approves only displayed current pixels with exact digest and downloads only the approved version 334ms
 ✓ src/experimental/StoryGraphPanel.test.tsx (8 tests) 1427ms
   ✓ creates a typed relation with selected real IDs, no raw JSON form 524ms
 ✓ src/creative/AssetRelationshipsPanel.test.tsx (11 tests) 997ms
 ✓ src/creative/AIDirectorPanel.test.tsx (10 tests) 1234ms
   ✓ AI director local proposal and explicit review > honestly prepares local rules without model calls and requires reviewed edited output before adoption 526ms
 ✓ src/experimental/StyleAnalysisModelPanel.test.tsx (7 tests) 693ms
 ✓ src/experimental/ModelTaskReopen.test.tsx (16 tests) 1947ms
   ✓ 'simulator' reopens the exact receipt, handles missing/back and never replays 467ms
   ✓ translation locates its exact receipt without overwriting a dirty bilingual draft 305ms
 ✓ src/novel/ExportPanel.test.tsx (12 tests) 1676ms
 ✓ src/experimental/ProjectForksPanel.test.tsx (6 tests) 806ms
   ✓ StrictMode reads only; selected preflight never creates without a separate exact confirmation 358ms
 ✓ src/experimental/VoiceSubtitlePanels.test.tsx (7 tests) 953ms
   ✓ captures actor/branch and reviewed text with literal pronunciation without unsolicited generation 320ms
 ✓ src/creative/IndependentStudioWorkspace.test.tsx (8 tests) 1338ms
   ✓ independent studio original owner integration > imports once and saves source provenance without chapters, models, or the legacy asset API 337ms
   ✓ independent studio original owner integration > retains uploaded v1 after a declaration failure and retries only the declaration 389ms
 ✓ src/experimental/LanguageTranslationPanel.test.tsx (5 tests) 1560ms
   ✓ exact preview, explicit single dispatch, original recovery and separate adopt consent 564ms
   ✓ adoption updates visible saved draft while requiring separate submit and review 790ms
 ↓ src/experimental/ExperimentalWorkbench.http.test.tsx (6 tests | 6 skipped)
 ✓ src/experimental/StructuredForksPanel.test.tsx (7 tests) 452ms
 ✓ src/experimental/ChangeImpactPanel.test.tsx (8 tests) 920ms
   ✓ ChangeImpactPanel explicit scoped actions > shows exact/unknown evidence and preflights only explicitly selected nodes, never auto executes 334ms
 ✓ src/creative/IndependentStudioReadFences.test.tsx (7 tests) 1803ms
   ✓ independent asset read fences and truthful capability labels > locks mutation inputs during explicit refresh and preserves the next draft after the read finishes 739ms
 ✓ src/experimental/NarrativeJudgeContinuationPanels.test.tsx (6 tests) 842ms
   ✓ creates a deliberately assigned original-room task once with exact finding CAS 361ms
 ✓ src/novel/AIPlanningPanel.project.test.tsx (11 tests) 692ms
 ✓ src/AppBrokerRecovery.test.tsx (4 tests) 758ms
   ✓ opens an existing broker job only after fresh authorization and retains original review actions 382ms
 ✓ src/experimental/StructuredSearchNavigation.test.tsx (12 tests) 2343ms
   ✓ resolves organization with its exact original owner and original ID 409ms
   ✓ resolves rule with its exact original owner and original ID 357ms
   ✓ resolves story_graph with its exact original owner and original ID 373ms
   ✓ resolves asset with its exact original owner and original ID 362ms
   ✓ resolves workflow with its exact original owner and original ID 399ms
 ✓ src/novel/PluginInspector.test.tsx (8 tests) 533ms
 ✓ src/novel/LocalHostSessionPanel.test.tsx (9 tests) 699ms
 ✓ src/novel/EntryExperience.test.tsx (10 tests) 943ms
 ✓ src/experimental/BranchManuscriptPanel.test.tsx (6 tests) 643ms
 ✓ src/novel/FirstUsePanel.test.tsx (8 tests) 410ms
 ✓ src/novel/MultimodalDirectorWorkspace.test.tsx (11 tests) 896ms
 ✓ src/novel/AiWritingPanel.test.tsx (12 tests) 597ms
 ✓ src/creative/IndependentStudioRelationships.test.tsx (5 tests) 2332ms
   ✓ studio relationship ownership and draft integration > keeps a relationship draft across navigation attempts and prevents other asset mutations 803ms
   ✓ studio relationship ownership and draft integration > saves through the original asset owner and refreshes the source version without copying a target 592ms
   ✓ studio relationship ownership and draft integration > preserves CAS-conflicted input and source version until an explicit reload 338ms
   ✓ studio relationship ownership and draft integration > prevents relation writes while a provenance draft is being edited 306ms
 ✓ src/experimental/WorkspaceInteractionPanel.test.tsx (13 tests) 612ms
 ✓ src/experimental/MediaPanel.continuation.test.tsx (6 tests) 986ms
   ✓ uses original project character and screenplay/shot choices, including source CAS 311ms
 ✓ src/novel/WorkflowScopeGuards.test.tsx (20 tests) 800ms
 ✓ src/interop/client.test.ts (10 tests) 20ms
 ✓ src/experimental/AdapterReceiptProjection.test.tsx (8 tests) 617ms
 ✓ src/experimental/MediaPanel.recovery.test.tsx (7 tests) 710ms
 ✓ src/novel/AuthorSourcePicker.test.tsx (5 tests) 765ms
   ✓ never resurrects source pins after switching project authority and returning 346ms
 ✓ src/experimental/NarrativeJudgeModelPanel.test.tsx (6 tests) 330ms
 ✓ src/experimental/PortableProjectsPanel.maintenance.test.tsx (5 tests) 461ms
 ✓ src/AppStorySourceNavigation.test.tsx (9 tests) 1330ms
   ✓ reads the exact chapter through original authority before normal App hydration 371ms
 ✓ src/novel/PendingCanonReviewPanel.test.tsx (7 tests) 758ms
   ✓ original Canon review surface > requires human review, closes without write, and deduplicates clicks with exact CAS evidence 356ms
 ✓ src/experimental/WorkspaceSearch.test.tsx (6 tests) 3086ms
   ✓ sends scoped filters, pages and a safe rebuild through the captured client 994ms
   ✓ cancels server work, drops late bodies/counts/suggestions, and permits retry 439ms
   ✓ withholds source text and autocomplete after a revoked refresh or resolve 401ms
   ✓ does not search unfinished IME composition and submits the completed Chinese text 653ms
   ✓ invalidates a pending cross-project source jump on filter change 306ms
 ✓ src/experimental/WorkflowInspectionPanel.test.tsx (6 tests) 648ms
 ✓ src/WorkspaceAdminPanel.test.tsx (6 tests) 486ms
 ✓ src/novel/ScreenplayPanel.revision.test.tsx (5 tests) 681ms
   ✓ edits the real structured scene fields and preserves source provenance 364ms
 ✓ src/novel/AiContextPreviewPanel.test.tsx (6 tests) 425ms
 ✓ src/novel/StoryRecordLifecycle.test.tsx (20 tests) 1847ms
   ✓ characters commit and restart lifecycle > disables real fields throughout SAVE and cache settlement, then persists an immediate edit before restart 357ms
 ✓ src/AIEnvironmentSummary.test.tsx (7 tests) 294ms
 ✓ src/experimental/PortableProjectsPanel.test.tsx (5 tests) 524ms
 ✓ src/experimental/EmbeddingPanel.continuation.test.tsx (5 tests) 788ms
   ✓ picks a scoped real research source without raw IDs and does not simulate embeddings 345ms
 ✓ src/novel/EntryExperience.studio.test.tsx (6 tests) 627ms
 ✓ src/novel/FindingReviewPanel.test.tsx (5 tests) 774ms
   ✓ source-bound finding review > requires reason and human confirmation, cancellation writes nothing, and submits exact CAS tokens 427ms
 ✓ src/creative/AIDirectorFastReceipt.test.tsx (3 tests) 512ms
   ✓ director proposal activation after a fast receipt > keeps one native double-click bound to its first proposal through edited human review 305ms
 ✓ src/AppAdaptationNavigation.test.tsx (12 tests) 1154ms
   ✓ opens exact original proposal/task/revision without switching manuscript or executing work 336ms
 ✓ src/ConflictDialog.test.tsx (6 tests) 114ms
 ✓ src/novel/ExportPanel.scope.test.tsx (13 tests) 2037ms
 ✓ src/novel/AdaptationPanel.test.tsx (6 tests) 683ms
 ✓ src/experimental/RegisteredMediaPanel.test.tsx (4 tests) 829ms
 ✓ src/novel/AIPlanningPanel.test.tsx (6 tests) 401ms
 ✓ src/novel/AudiobookManifestPanel.test.tsx (4 tests) 399ms
 ✓ src/experimental/RevisionComparisonModelPanel.test.tsx (4 tests) 280ms
 ✓ src/novel/CharacterAuthorPanel.test.tsx (3 tests) 486ms
   ✓ excludes source/style/plan before requesting character preview and disables unsupported operations 342ms
 ✓ src/novel/VideoTimeline.test.tsx (12 tests) 124ms
 ✓ src/novel/AdaptationLifecycleControls.test.tsx (4 tests) 491ms
 ✓ src/experimental/DirectorPanel.test.tsx (3 tests) 584ms
   ✓ mount is read-only and manual candidate save keeps original source versions 323ms
 ✓ src/novel/AuthorSourceItems.test.tsx (4 tests) 378ms
 ✓ src/workspaceSelection.v2.test.ts (10 tests) 9ms
 ✓ src/creative/DirectorModelControls.test.tsx (3 tests) 306ms
 ✓ src/novel/AiWritingVariants.test.tsx (6 tests) 663ms
 ✓ src/experimental/TimelineExchangePanel.test.tsx (4 tests) 491ms
 ✓ src/novel/ExportPanel.recovery.test.tsx (4 tests) 811ms
   ✓ rediscovers the same durable job and snapshot after full remount and downloads it 389ms
 ✓ src/drafts.test.ts (6 tests) 30ms
 ✓ src/experimental/PlanningPanel.recovery.test.tsx (2 tests) 931ms
   ✓ planning same-node version recovery > retains local edits after external change and only rebases through an explicit action 616ms
   ✓ planning same-node version recovery > retains local edits after proposal approval and only rebases through an explicit action 314ms
 ✓ src/WorkspaceManagement.test.tsx (5 tests) 146ms
 ✓ src/ui/AppShell.projectNoun.test.tsx (12 tests) 224ms
 ✓ src/interop/DesktopIntegrationDetails.test.tsx (19 tests) 363ms
 ✓ src/novel/AgentTeamPanel.additional.test.tsx (5 tests) 292ms
 ✓ src/experimental/TranslationMemoryPanel.test.tsx (4 tests) 205ms
 ✓ src/Editor.anchor.test.tsx (3 tests) 180ms
 ✓ src/novel/MotionTaskWorkspace.test.tsx (5 tests) 230ms
 ✓ src/novel/NovelImportPanel.test.tsx (3 tests) 93ms
 ✓ src/AppProjectStory.test.tsx (4 tests) 777ms
   ✓ the actual App navigation opens the project Story database without requiring a chapter 325ms
 ✓ src/ui/MediaProviderSettings.test.tsx (3 tests) 147ms
 ✓ src/novel/VisualReferencePanel.test.tsx (3 tests) 294ms
 ✓ src/RevisionPanel.test.tsx (4 tests) 127ms
 ✓ src/ui/FeatureLauncher.test.tsx (5 tests) 589ms
 ✓ src/experimental/SharedUniversePanel.test.tsx (3 tests) 349ms
 ✓ src/novel/ChapterTree.accessibility.test.tsx (5 tests) 201ms
 ✓ src/novel/ImageInfiniteCanvas.test.tsx (6 tests) 271ms
 ✓ src/experimental/ResearchLibraryPanel.continuation.test.tsx (3 tests) 719ms
   ✓ replaces original file bytes against the selected source version 362ms
 ✓ src/creative/ProductionTimeline.test.tsx (4 tests) 274ms
 ✓ src/novel/VisualTextWorkflow.test.tsx (3 tests) 152ms
 ✓ src/novel/ChapterTree.test.tsx (5 tests) 318ms
 ✓ src/experimental/TaskOwnerNavigation.continuation.test.tsx (4 tests) 223ms
 ✓ src/Editor.recovery.test.tsx (4 tests) 220ms
 ✓ src/localHostSession.test.ts (6 tests) 15ms
 ✓ src/novel/useMultimodalWorkspacePersistence.test.ts (7 tests) 29ms
 ✓ src/novel/DirectorShotList.test.tsx (6 tests) 197ms
 ✓ src/novel/CreationWorkbenchPanel.test.tsx (4 tests) 241ms
 ✓ src/PermissionManagement.test.tsx (3 tests) 66ms
 ✓ src/novel/WorldTimelineView.test.tsx (3 tests) 230ms
 ✓ src/experimental/ExperimentalWorkbench.continuation.test.tsx (5 tests) 137ms
 ✓ src/AppWritingGoalRecovery.test.tsx (4 tests) 368ms
 ✓ src/novel/A43ChapterIdentity.test.tsx (2 tests) 251ms
 ✓ src/Editor.a43-rich.test.tsx (3 tests) 211ms
 ✓ src/ui/primitives.test.tsx (4 tests) 113ms
 ✓ src/ui/SaveControls.test.tsx (5 tests) 54ms
 ✓ src/novel/AssetLibraryPanel.test.tsx (4 tests) 352ms
 ✓ src/novel/AgentTeamPanel.test.tsx (2 tests) 208ms
 ✓ src/novel/SourcePrivacyControl.test.tsx (2 tests) 185ms
 ✓ src/novel/WorkflowPanel.test.tsx (2 tests) 252ms
 ✓ src/novel/ChapterTree.lifecycle.test.tsx (5 tests) 412ms
 ✓ src/novel/WorldRelationshipGraph.test.tsx (4 tests) 196ms
 ✓ src/novel/WorldBuildingDashboard.test.tsx (4 tests) 225ms
 ✓ src/novel/SpeechSynthesisPanel.test.tsx (3 tests) 251ms
 ✓ src/AuditColdStorage.test.ts (4 tests) 77ms
 ✓ src/RevisionHistory.independent-audit.test.tsx (3 tests) 191ms
 ✓ src/experimental/VoiceDirectionPanel.continuation.test.tsx (3 tests) 249ms
 ✓ src/experimental/EmbeddingPanel.hybrid.test.tsx (2 tests) 295ms
 ✓ src/novel/GenerationWorkflowTimeline.test.tsx (7 tests) 102ms
 ✓ src/AppWorldSummary.test.tsx (3 tests) 405ms
 ✓ src/ui/ModuleWorkspaceRoutes.test.tsx (7 tests) 280ms
 ✓ src/novel/ImageQueuePanel.test.tsx (2 tests) 229ms
 ✓ src/experimental/DeferredExperimentalWorkbench.test.tsx (2 tests) 168ms
 ✓ src/creative/AssetRelationshipsRedaction.test.tsx (1 test) 201ms
 ✓ src/novel/ContinuityCheckPanel.test.tsx (2 tests) 201ms
 ✓ src/StorySearchNavigation.test.tsx (1 test) 142ms
 ✓ src/experimental/InboxPanel.findings.test.tsx (2 tests) 368ms
   ✓ filters original finding/Canon domains and honestly presents formal navigation metadata without generic approval 311ms
 ✓ src/localAiDiscoveryApi.test.ts (3 tests) 9ms
 ✓ src/novel/DirectorShotCard.test.tsx (4 tests) 184ms
 ✓ src/experimental/ProductionLineagePanel.continuation.test.tsx (2 tests) 339ms
 ✓ src/experimental/ModelBenchmarkPanel.continuation.test.tsx (1 test) 256ms
 ✓ src/novel/AgentQueuePanel.test.tsx (2 tests) 240ms
 ✓ src/novel/ScreenplayPipelinePanel.test.tsx (3 tests) 156ms
 ✓ src/novel/RuntimeDiagnostics.test.tsx (3 tests) 125ms
 ✓ src/novel/AuthorRequestControls.test.tsx (2 tests) 118ms
 ✓ src/novel/AudioGenerationPanel.test.tsx (2 tests) 215ms
 ✓ src/ui/taskSummary.test.ts (4 tests) 5ms
 ✓ src/novel/VideoTaskInspector.test.tsx (3 tests) 134ms
 ✓ src/ui/AiControlCenter.test.tsx (1 test) 118ms
 ✓ src/novel/GenerationRecoveryPicker.test.tsx (2 tests) 142ms
 ✓ src/experimental/shared.test.tsx (2 tests) 77ms
 ✓ src/novel/NovelOverviewPanel.test.tsx (1 test) 51ms
 ✓ src/generationRecovery.test.ts (3 tests) 4ms
 ✓ src/interop/entryScopeReview.test.tsx (1 test) 193ms
 ✓ src/novel/StoryPlanningWorkspace.test.tsx (2 tests) 148ms
 ✓ src/experimental/InteractiveStoryHistory.test.tsx (1 test) 117ms
 ✓ src/workspaceSelection.test.ts (3 tests) 7ms
 ✓ src/interop/entry.test.tsx (1 test) 151ms
 ✓ src/novel/AssetInspector.test.tsx (2 tests) 98ms
 ✓ src/novel/AgentActivityCenter.test.tsx (2 tests) 152ms
 ✓ src/creative/BlankProjectEntry.test.tsx (2 tests) 111ms
 ✓ src/novel/MotionPrivacyPanel.test.tsx (1 test) 119ms
 ✓ src/novel/ConstraintImportPreview.test.tsx (2 tests) 65ms
 ✓ src/localAiEnvironmentApi.test.ts (2 tests) 12ms
 ✓ src/ui/AuthorTerminology.test.tsx (2 tests) 21ms
 ✓ src/novel/VideoAssemblyPanel.test.tsx (1 test) 166ms
 ✓ src/novel/AgentResultReview.test.tsx (2 tests) 111ms
 ✓ src/novel/SceneEditor.test.tsx (1 test) 164ms
 ✓ src/experimental/revisionLocks.test.ts (2 tests) 76ms
 ✓ src/novel/ForeshadowingEditor.test.tsx (1 test) 141ms
 ✓ src/experimental/WorldPanel.test.tsx (1 test) 215ms
 ✓ src/novel/ScreenplayPanel.motion-binding.test.ts (2 tests) 7ms
 ✓ src/novel/StoryDatabase.test.tsx (2 tests) 106ms
 ✓ src/novel/useMultimodalBindingManifest.test.ts (2 tests) 34ms
 ✓ src/novel/StoryRecordNavigation.test.tsx (2 tests) 246ms
 ✓ src/novel/ImageTaskInspector.test.tsx (2 tests) 83ms
 ✓ src/novel/VisualContextPanel.test.tsx (2 tests) 95ms
 ✓ src/novel/RelationshipEditor.test.tsx (1 test) 165ms
 ✓ src/novel/TimelineEditor.test.tsx (1 test) 124ms
 ✓ src/novel/OutlineEditor.test.tsx (1 test) 123ms
 ✓ src/novel/WorkflowPanel.independent-audit.test.tsx (1 test) 74ms
 ✓ src/novel/AudioTaskInspector.test.tsx (2 tests) 105ms
 ✓ src/novel/StoryRouteEditor.test.tsx (1 test) 109ms
 ✓ src/novel/CharacterEditor.test.tsx (1 test) 145ms
 ✓ src/novel/VolumeEditor.test.tsx (1 test) 150ms
 ✓ src/ui/CapabilityRoadmapPanel.test.tsx (1 test) 80ms
 ✓ src/ui/CapabilityStatusCenter.test.tsx (1 test) 60ms
 ✓ src/novel/WorkflowInspector.test.tsx (2 tests) 95ms
 ✓ src/novel/DirectorVoiceToolbar.test.tsx (1 test) 30ms
 ✓ src/creative/studioRelationshipsClient.test.ts (58 tests) 34ms
 ✓ src/creative/studioClient.test.ts (38 tests) 42ms
 ✓ tests/r3FixtureLifecycle.test.ts (17 tests) 21ms
 ✓ src/novel/LocationEditor.test.tsx (1 test) 143ms
 ↓ tests/localInteropRealHost.test.ts (2 tests | 2 skipped)
 ✓ src/novel/WorldSummaryEditor.test.tsx (1 test) 117ms
 ✓ src/novel/BindingManifestPanel.test.tsx (1 test) 34ms
 ✓ src/creative/studioStorageAdmissionClient.test.ts (44 tests) 28ms
 ✓ src/creative/client.test.ts (11 tests) 14ms
 ✓ src/interop/ChapterWireIdentity.test.ts (3 tests) 25ms
 ✓ src/experimental/api.test.ts (5 tests) 25ms
 ✓ tests/workspaceResumeLayout.test.ts (5 tests) 6ms
 ✓ src/collaborationGuards.test.ts (7 tests) 5ms
 ✓ src/contracts.test.ts (7 tests) 15ms
 ✓ src/e2eDatabaseContract.test.ts (20 tests) 447ms
   ✓ E2E database environment contract > keeps the DSN out of Playwright commands and scopes each child environment 414ms
 ✓ src/productLanguage.test.ts (4 tests) 4ms
 ✓ src/packagedHost.test.ts (7 tests) 7ms
 ✓ src/novel/AdaptationRouteMatching.test.ts (1 test) 6ms
 ✓ src/experimental/api.surface-flags.test.ts (4 tests) 16ms
 ✓ tests/localInteropLayout.test.ts (3 tests) 8ms
 ✓ src/ui/FeatureLauncher.css.test.ts (3 tests) 5ms
 ✓ src/novel/ChapterTree.css.test.ts (4 tests) 5ms
 ✓ src/creative/CreativeWorkbenchEntry.test.ts (2 tests) 4ms
 ✓ src/novel/firstUseClient.test.ts (2 tests) 6ms
 ✓ tests/writingGoalLayout.test.ts (4 tests) 3ms
 ✓ tests/uiContracts.test.ts (5 tests) 4ms
 ✓ src/novel/findingReviewClient.test.ts (2 tests) 7ms
 ✓ src/ui/scopeLabels.test.ts (4 tests) 3ms
 ✓ src/novel/importRecovery.test.ts (2 tests) 8ms
 ✓ src/Editor.typography.test.ts (3 tests) 3ms
 ✓ src/planningProjectApi.test.ts (1 test) 6ms
 ✓ src/creative/ProductionTimeline.css.test.ts (1 test) 3ms
 ✓ src/sourcePrivacyApi.test.ts (1 test) 4ms
 ✓ src/creative/adminStudioContext.test.ts (1 test) 5ms
 ✓ src/experimental/writingFocus.layout.test.ts (1 test) 4ms
 ✓ src/novel/FountainParser.test.ts (21 tests) 1301ms
 ✓ src/novel/MotionTaskBatchControls.test.ts (1 test) 3ms
 ✓ src/generationVariants.test.ts (7 tests) 4ms
 ✓ src/App.test.tsx (12 tests) 12ms

 Test Files  249 passed | 2 skipped (251)
      Tests  1773 passed | 8 skipped (1781)
   Start at  05:58:38
   Duration  56.58s (transform 14.82s, setup 0ms, collect 84.38s, tests 163.23s, environment 114.70s, prepare 22.09s)

