.............................s.s.s.s.s.s.s.s.s.s.s.s.s.s.s.s.s.s.s.s.s.s [  2%]
.........................ss..ss..ss..ss..ss..ss..ss..ss..ss..sssssssssss [  5%]
sssssssssssssssssssssssssssssssssssssssssssssssssssssssssssss........... [  8%]
.............................................................sssssssssss [ 11%]
sssssssssssssssssssssssssssssssssssssssssssssssssssssssssssss........... [ 13%]
.............................................................sssssssssss [ 16%]
sssssssssssssssssssssssss....................................sssssssssss [ 19%]
s............ssssssssssss............ssssssssssss............sssssssssss [ 22%]
s............ss...ssssssssssssssssssssssssssssssssssssssssssssssssssssss [ 25%]
ssssssssssssssssss...................................................... [ 27%]
..................ssssssssssss............ssssssssssssssssssssssssssssss [ 30%]
ssssss....................................ssssssssssss............ssssss [ 33%]
ssssssssssssssssssssssssssssssssssssssssss.............................. [ 36%]
..................ssssssssssss............ssssssssssssssssssssssssssssss [ 38%]
..............................ssssss......ss..ss..ss..ssss....ss..ss..ss [ 41%]
..ss..ss..ss..ssssssssssss............ssssssssssssssssssssssssssssssssss [ 44%]
ssssssssssssssssssssssssssssssss........................................ [ 47%]
..........................ssssssssssssssssss..................ss..ssssss [ 50%]
ss........ssss....ssssssssssss............ssssss......ss..ss..ss..ss..ss [ 52%]
..ssssssssss..........ssssssss........ss..ssssssssssssssssssssssssssssss [ 55%]
...s.s.s.s.s.s.s.sssssss.......s.s.s.s.s.s.sss...s..ss..s.s.s.s.s.s.s.s. [ 58%]
sssssssss...sssss.....s.s.s.s.s.s.s.s.s.ss..ssssssssssssss.............. [ 61%]
ss..ss..ss..ss..ss..ss..ss..ss..ss..s.s.s.ssssss......s.sss...s.s.s.s.s. [ 63%]
sssssss.......sssssssss.........s.s.s.s.sssssssssssss.............sssss. [ 66%]
....s.s.s.ss..s.s.s.s.sssss.....s.s.s.ss..s.s.s.s.s.s.s.s.s.sssssss..... [ 69%]
..ss..ssss....ss..ss..ss..ss..ssss....ss..ss..ss..ss..ssssssss........ss [ 72%]
sssss.......sss...ss..s.s.ssssssssss..........ss..s.ss..sss...s.s.s.ssss [ 75%]
sssss.........s.s.s.s.ss..ss..ss..ss..s.sss...s.s.sss...s.ss..ss........ [ 77%]
........s.s.ssssssss........s.s.s.s.ssssssssss..........s.s.s.s.s.s...s. [ 80%]
s.s.ss..ss..ss..ss..ss..ss..ss..ss..ss..ss..ss..ss..ss..ss..ss..ss..ss.. [ 83%]
ss..........ss..ss...................................................... [ 86%]
........................................................................ [ 89%]
........................................................................ [ 91%]
......................................................................s. [ 94%]
s.s.s.s.s.s.s.s.s.s.s.s.s.s.s.s.s.s.s.s.s.s.s.s.s.s.s.s.s.s.ssssssssssss [ 97%]
s.............ss..ssss....ss..ss..ssss....ss..ss..ss................     [100%]
=============================== warnings summary ===============================
.venv/lib/python3.12/site-packages/fastapi/testclient.py:1
  /workspace/scratch/b8734129d01d/AI-Novel-Studio/.venv/lib/python3.12/site-packages/fastapi/testclient.py:1: StarletteDeprecationWarning: Using `httpx` with `starlette.testclient` is deprecated; install `httpx2` instead.
    from starlette.testclient import TestClient as TestClient  # noqa

-- Docs: https://docs.pytest.org/en/stable/how-to/capture-warnings.html
1457 passed, 1131 skipped, 1 warning in 830.19s (0:13:50)
