..............................s.s.s.s.s.s.s.s.s.s.s.s.s.s.s.s.s.s.s.s.s. [  2%]
s..........................ss..ss..ss..ss..ss..ss..ss..ss..ss........... [  4%]
.............................................................sssssssssss [  6%]
sssssssssssssssssssssssssssssssssssssssssssssssssssssssssssss........... [  8%]
.............................................................sssssssssss [ 10%]
sssssssssssssssssssssssssssssssssssssssssssssssssssssssssssss........... [ 13%]
.........................ssssssssssssssssssssssssssssssssssss........... [ 15%]
.ssssssssssss............ssssssssssss............ssssssssssss........... [ 17%]
.ssssssssssss..ss....................................................... [ 19%]
..................ssssssssssssssssssssssssssssssssssssssssssssssssssssss [ 21%]
ssssssssssssssssss............ssssssssssss.............................. [ 23%]
......ssssssssssssssssssssssssssssssssssss............ssssssssssss...... [ 26%]
..........................................ssssssssssssssssssssssssssssss [ 28%]
ssssssssssssssssss............ssssssssssss.............................. [ 30%]
ssssssssssssssssssssssssssssss......ssssss..ss..ss..ss....ssss..ss..ss.. [ 32%]
ss..ss..ss..ss............ssssssssssss.................................. [ 34%]
................................ssssssssssssssssssssssssssssssssssssssss [ 36%]
ssssssssssssssssssssssssss..................ssssssssssssssssss..ss...... [ 39%]
..ssssssss....ssss............ssssssssssss......ssssss..ss..ss..ss..ss.. [ 41%]
ss..........ssssssssss........ssssssss..ss.............................. [ 43%]
sss.s.s.s.s.s.s.s.......sssssss.s.s.s.s.s.s...sss.s...ss.s.s.s.s.s.s.s.s [ 45%]
.........sss.....sssss.s.s.s.s.s.s.s.s.s..ss..............ssssssssssssss [ 47%]
..ss..ss..ss..ss..ss..ss..ss..ss..ss.s.s.s......ssssss.s...sss.s.s.s.s.s [ 49%]
.......sssssss.........sssssssss.s.s.s.s.............sssssssssssss.....s [ 52%]
ssss.s.s.s..ss.s.s.s.s.....sssss.s.s.s..ss.s.s.s.s.s.s.s.s.s.......sssss [ 54%]
ss..ss....ssss..ss..ss..ss..ss....ssss..ss..ss..ss..ss........ssssssss.. [ 56%]
.....sssssss...sss..ss.s.s..........ssssssssss..ss.s..ss...sss.s.s.s.... [ 58%]
.....sssssssss.s.s.s.s..ss..ss..ss..ss.s...sss.s.s...sss.s..ss..ss...... [ 60%]
.........s.s........ssssssss.s.s.s.s..........ssssssssss.s.s.s.s.s.s...s [ 62%]
.s.s..ss..ss..ss..ss..ss..ss..ss..ss..ss..ss..ss..ss..ss..ss..ss..ss..ss [ 65%]
..ss..........ss..ss.................................................... [ 67%]
........................................................................ [ 69%]
........................................................................ [ 71%]
.......................................................................s [ 73%]
.s.s.s.s.s.s.s.s.s.s.s.s.s.s.s.s.s.s.s.s.s.s.s.s.s.s.s.s.s.s............ [ 76%]
.sssssssssssss..ss....ssss..ss..ss....ssss..ss..ss..ss.................. [ 78%]
........................................................................ [ 80%]
........................................................................ [ 82%]
........................................................................ [ 84%]
........................................................................ [ 86%]
........................................................................ [ 89%]
....s................................................................... [ 91%]
........................................................................ [ 93%]
........................................................................ [ 95%]
........................................................................ [ 97%]
........................................................................ [ 99%]
...                                                                      [100%]
=============================== warnings summary ===============================
.venv/lib/python3.12/site-packages/fastapi/testclient.py:1
  /workspace/scratch/b8734129d01d/AI-Novel-Studio-cloud/.venv/lib/python3.12/site-packages/fastapi/testclient.py:1: StarletteDeprecationWarning: Using `httpx` with `starlette.testclient` is deprecated; install `httpx2` instead.
    from starlette.testclient import TestClient as TestClient  # noqa

-- Docs: https://docs.pytest.org/en/stable/how-to/capture-warnings.html
2216 passed, 1099 skipped, 1 warning in 621.68s (0:10:21)
