.......................ssss.s.s.s.s...sss..s.s.s.s.....sssss.....sssss.s [  7%]
.s.s..s....ssss.s.s.s..ss.s.s.s..ss..........ssssssssss..ss..ss..ss....s [ 15%]
sss..ss..ss..ss..ss..ss..ss..ss..ss..ss..ss............................. [ 23%]
..............s...sss.s.s.s.s.s.......sssssss.........sssssssss.s.s.s.s. [ 31%]
............sssssssssssss.....sssss.s.s.s..ss.s.s.s.s.....sssss.s.s.s..s [ 39%]
s.s.s.s.s.s.s.s.s.s.......sssssss.s.s.s.s.s.s.s.s.s.s.s.s.s.s.s.s.s.s.s. [ 47%]
s.............sssssssssssss..ss....ssss..ss..ss....ssss..ss..ss..ss..... [ 55%]
........................................................................ [ 63%]
.ss..ss....ssss....ssss......................ssssssssssssssssssssss..... [ 71%]
.....ssssssssss..ss....ssss..ss..s.s....ssss..ss..ss......ssssss.s...... [ 79%]
.......sssssssssssss.s.s..ss.s.s.s.s.s..ss.s..ss.s.s.s.s.s.s.s.s.s.s.s.. [ 87%]
ss.s..ss..........ssssssssss..ss..............................s.s.s.s.s. [ 95%]
s.s.s...................................                                 [100%]
=============================== warnings summary ===============================
.venv/lib/python3.12/site-packages/fastapi/testclient.py:1
  /workspace/scratch/b8734129d01d/AI-Novel-Studio-cloud/.venv/lib/python3.12/site-packages/fastapi/testclient.py:1: StarletteDeprecationWarning: Using `httpx` with `starlette.testclient` is deprecated; install `httpx2` instead.
    from starlette.testclient import TestClient as TestClient  # noqa

-- Docs: https://docs.pytest.org/en/stable/how-to/capture-warnings.html
- generated xml file: /workspace/scratch/b8734129d01d/AI-Novel-Studio-cloud/docs/delivery/v2-development/stage-m4b-selected-file-final2.xml -
554 passed, 350 skipped, 1 warning in 159.32s (0:02:39)
