
 RUN  v2.1.9 /workspace/scratch/b8734129d01d/AI-Novel-Studio/frontend

 ✓ src/ui/LocalAiDiscovery.test.tsx (24 tests) 400ms
 ✓ src/novel/StoryCoreRecordVersionEditor.test.tsx (59 tests) 3452ms
 ✓ src/experimental/StyleReviewPanels.test.tsx (16 tests) 2576ms
   ✓ reads without running analysis, requires explicit preview/review/use, and validates the receipt again 562ms
 ✓ src/experimental/WorkspaceToolsPanel.test.tsx (30 tests) 5452ms
   ✓ real workspace tools UI > saves explicit chapter metadata and note with CAS, never manuscript or token 352ms
   ✓ real workspace tools UI > shows stale recovery choice and never jumps until explicit current-version approval 405ms
   ✓ real workspace tools UI > supports keyboard search results and only exposes enabled safe scenario navigation 381ms
   ✓ keeps the newest safe command instead of a delayed search jump 324ms
   ✓ deduplicates repeated resolves and only honors the reopened search request 555ms
   ✓ captures actual split visibility and keeps search/task filters across section changes and remount 401ms
   ✓ cancels only after explicit original-task confirmation with the rendered source receipt 401ms
 ✓ src/AuditGenerationScope.test.tsx (28 tests) 3429ms
   ✓ AUDIT fences a late generation creation response after chapter navigation 358ms
   ✓ fences a late accept action and preserves the new chapter view 317ms
   ✓ fences a late reject action and preserves the new chapter view 349ms
 ✓ src/experimental/OfflineSyncPanel.test.tsx (11 tests) 2915ms
   ✓ defaults to no selection, no mutation or external transport, and explicit selected chapter queue 763ms
   ✓ outbox preview requires copy acknowledgement, reuses same envelope and cleans up local file on revocation 411ms
   ✓ withdraws one chapter only after versioned preview, clears cached file and blocks its pending review 475ms
 ✓ src/experimental/StorySimulatorPanel.test.tsx (14 tests) 7748ms
   ✓ reads only on opening; builds explicit bounded manual inputs with captured authority and normalized fact lines 969ms
   ✓ compares violations and hypotheses, saves only REVIEW once and navigates to the existing planning authority 522ms
   ✓ advances explicitly, cancels explicitly, and stops offering expansion after cancellation 326ms
   ✓ preserves editable drafts on failure and requires recovery before retry 678ms
   ✓ invalidates source-bound context immediately when the active chapter revision advances 460ms
   ✓ recovers persisted manual inputs only by explicit action and requires renewed context review 504ms
   ✓ previews exact local character request, dispatches once with consent, then manually selects checked candidate 1140ms
   ✓ model cancellation and unknown admission never offer automatic replay or candidate adoption 673ms
   ✓ ignores late model preview from a replaced scope and never preserves its consent 302ms
   ✓ changing selected model route clears consent and fences a previously reviewed request 757ms
   ✓ invalidates scene context receipts and sends selected original scene with separate mind claims 712ms
 ✓ src/creative/CreativeWorkspace.test.tsx (29 tests) 8803ms
   ✓ creative workspace protected manuscript and request boundaries > recovers saved SCREENPLAY when its stage is selected before the initial reads finish 728ms
   ✓ creative workspace protected manuscript and request boundaries > recovers saved PRODUCTION when its stage is selected before the initial reads finish 360ms
   ✓ creative workspace protected manuscript and request boundaries > recovers saved VIDEO_PLANNING when its stage is selected before the initial reads finish 314ms
   ✓ creative workspace protected manuscript and request boundaries > initializes only the latest selected stage after a delayed successful empty list 309ms
   ✓ creative workspace protected manuscript and request boundaries > keeps an explicit new document, including an untouched draft, across stage and source changes 383ms
   ✓ creative workspace protected manuscript and request boundaries > reloads saved content after confirmed discard and immediate workbench reopen 398ms
   ✓ creative workspace protected manuscript and request boundaries > does not replace a blocked dirty draft when a recovery reread discovers its uncertain creation 380ms
   ✓ creative workspace protected manuscript and request boundaries > exposes all five keyboard-accessible modes while the manuscript stays mounted 374ms
   ✓ creative workspace protected manuscript and request boundaries > locks the workspace and removes creative contents after authorization is denied 436ms
   ✓ creative workspace protected manuscript and request boundaries > cancels navigation without losing edits and requires explicit discard before exiting 459ms
   ✓ creative workspace protected manuscript and request boundaries > ignores a late mutation receipt from the previous scope and captures the new branch 472ms
   ✓ creative workspace protected manuscript and request boundaries > requires explicit server-version adoption and preserves the draft when adoption is cancelled 594ms
   ✓ creative workspace protected manuscript and request boundaries > derives a storyboard from the saved version and never overwrites the screenplay 332ms
   ✓ creative workspace protected manuscript and request boundaries > restores history only after explicit review and creates a new current version 383ms
   ✓ creative workspace protected manuscript and request boundaries > reorders storyboard shots without replacing their identities and saves their new sequence 371ms
 ✓ src/ui/ModelCenter.test.tsx (10 tests) 446ms
 ✓ src/experimental/DeclarativeTemplatePanels.test.tsx (8 tests) 3813ms
   ✓ opens both panels read-only in StrictMode with original authority headers and no auto execution 811ms
   ✓ uses real form contracts, explicit graph check and version-bound creation before separate execute and review 1247ms
   ✓ invalidates graph preflight on edits, never lists browser invented tools, and preserves input on rejected save 395ms
   ✓ previews installs favorites copies edits compares and reverts without running a workflow or overwriting instantiated work 324ms
   ✓ requires a separate exact model preview confirmation and never auto dispatches or approves a deferred model node 507ms
 ✓ src/AppRevisionHistory.test.tsx (23 tests) 1938ms
   ✓ refreshes mounted history when the server chapter advances from v2 to v3 320ms
 ✓ src/experimental/WritingFocusPanel.test.tsx (13 tests) 1898ms
   ✓ U04 actual writing focus controls > requires selected target, reviewed preview and explicit copy; never approves the proposal 369ms
   ✓ U04 actual writing focus controls > invalidates copy preview when field changes and on stale response 375ms
 ✓ src/interop/LocalTutorIntegration.test.tsx (70 tests) 11130ms
   ✓ explicit stop clears grant and queued events without silently resuming 307ms
   ✓ reconnect leaves ongoing sharing unchecked even after a previously active grant 365ms
   ✓ master OFF failure remains UNKNOWN and checked until an acknowledged retry resolves it 398ms
   ✓ independently revokes model_metadata using a correlated host receipt, without revoking other permissions 342ms
   ✓ independently revokes diagnostics using a correlated host receipt, without revoking other permissions 397ms
 ✓ src/novel/PluginManagerPanel.test.tsx (15 tests) 871ms
 ✓ src/ui/AppShell.test.tsx (19 tests) 537ms
 ✓ src/AppWorkspaceResume.test.tsx (33 tests) 8939ms
   ✓ reopens the saved chapter through current authority and applies original reading/split state only after explicit restore 536ms
   ✓ retains newer typing when fresh chapter verification is delayed 333ms
   ✓ discards a delayed verification after the restore panel is dismissed 851ms
   ✓ preserves an existing target chapter draft instead of replacing it with the saved workspace 457ms
   ✓ opens another authorized project only after original inventory and exact chapter version revalidation 581ms
   ✓ refuses cross-project search navigation while manuscript is dirty 508ms
   ✓ drops a delayed cross-project source when the author types during revalidation 485ms
   ✓ does not navigate to a search project removed from the refreshed original inventory 522ms
   ✓ opens the exact revision model owner with its original chapter after authoritative verification 383ms
   ✓ refuses a revision-owner chapter switch when the manuscript has unsaved work 330ms
   ✓ rejects a mismatched original revision job and never falls back to another draft 352ms
   ✓ drops delayed revision-owner navigation after new typing or scope change 494ms
   ✓ does not open a delayed revision source after its feature is revoked 346ms
 ✓ src/experimental/RevisionIntelligencePanel.test.tsx (10 tests) 1416ms
   ✓ captures original PM selection, previews two accepted blocks, and requires explicit confirmation 444ms
 ✓ src/experimental/ModelBrokerPanel.test.tsx (9 tests) 2004ms
   ✓ captures actual scoped route preview and requires exact author receipt plus review before existing job dispatch 653ms
   ✓ invalidates prior authorization and sends the exact reviewed material scope 368ms
 ✓ src/novel/ImageGenerationPanel.test.tsx (10 tests) 666ms
 ✓ src/AppDraftRecovery.test.tsx (21 tests) 3977ms
   ✓ keeps flag-off controls unchanged and starts no recovery unload listener 333ms
   ✓ suppresses autosave and manual submit throughout composition and submits after it ends 1147ms
   ✓ labels browser-offline drafts honestly and permits an explicit reachable local-backend save 1142ms
 ✓ src/experimental/InteractiveStoryPanel.test.tsx (11 tests) 1850ms
   ✓ authors Unicode choices and typed variables then saves exact original IDs and scope 511ms
   ✓ requires exact review preview and drops receipt when edited 334ms
 ✓ src/experimental/ExperimentalWorkbench.test.tsx (14 tests) 1011ms
 ✓ src/novel/StoryRecordVersionEditor.test.tsx (14 tests) 906ms
 ✓ src/experimental/ProductionLineagePanel.test.tsx (11 tests) 1025ms
 ✓ src/AppAuthorTaskNavigation.test.tsx (10 tests) 1327ms
   ✓ opens the exact original text job without broker or recovery flags, generation or acceptance 355ms
 ✓ src/experimental/WriterRoomPanel.test.tsx (9 tests) 1620ms
   ✓ renders actual task progress and responsible change-request round trip without domain approval 576ms
 ✓ src/novel/AuthorRequestPreviewPanel.test.tsx (11 tests) 1463ms
   ✓ Author actual request preflight > does not fetch automatically and reads exact request with scope headers 356ms
   ✓ request removals and exact variant mapping > sends real scope controls, clears stale receipts and disables dependent reference pins 398ms
 ✓ src/experimental/ReaderSessionPanels.test.tsx (9 tests) 1123ms
   ✓ U11 real client request contracts > offers contiguous reader, TOC keyboard focus and codepoint-exact server-validated jump 375ms
 ✓ src/experimental/MultilingualEditionsPanel.test.tsx (10 tests) 1890ms
   ✓ manual bilingual save→review→exact acceptance with RTL and no model calls 611ms
 ✓ src/novel/ResearchPanel.test.tsx (14 tests) 1142ms
 ✓ src/experimental/SafeBatchesPanel.test.tsx (10 tests) 1041ms
 ✓ src/novel/ScreenplayPanel.test.tsx (17 tests) 1262ms
 ✓ src/experimental/Wave5TemplatesSdkComics.test.tsx (4 tests) 842ms
 ✓ src/experimental/StoryGraphPanel.test.tsx (8 tests) 1284ms
   ✓ creates a typed relation with selected real IDs, no raw JSON form 388ms
 ✓ src/experimental/ComicLayoutsPanel.test.tsx (8 tests) 1071ms
 ✓ src/creative/AIDirectorPanel.test.tsx (10 tests) 1256ms
   ✓ AI director local proposal and explicit review > honestly prepares local rules without model calls and requires reviewed edited output before adoption 580ms
 ✓ src/manualPromptConsent.test.tsx (17 tests) 1417ms
   ✓ vision sends default denial and resets explicit consent on either text or reference edits 308ms
 ✓ src/experimental/ResearchLibraryPanel.test.tsx (10 tests) 2308ms
   ✓ keeps original input on stale-source conflict and requires fresh citation selection 353ms
   ✓ allows deliberate current-version recovery while keeping edited metadata text 336ms
 ✓ src/creative/AssetRelationshipsPanel.test.tsx (11 tests) 911ms
 ✓ src/experimental/ModelTaskReopen.test.tsx (16 tests) 2422ms
   ✓ 'simulator' reopens the exact receipt, handles missing/back and never replays 772ms
   ✓ translation locates its exact receipt without overwriting a dirty bilingual draft 400ms
 ✓ src/experimental/StyleAnalysisModelPanel.test.tsx (7 tests) 447ms
 ✓ src/experimental/ProjectForksPanel.test.tsx (6 tests) 743ms
 ✓ src/experimental/VoiceSubtitlePanels.test.tsx (7 tests) 1023ms
   ✓ captures actor/branch and reviewed text with literal pronunciation without unsolicited generation 373ms
 ✓ src/creative/IndependentStudioWorkspace.test.tsx (8 tests) 1431ms
   ✓ independent studio original owner integration > imports once and saves source provenance without chapters, models, or the legacy asset API 456ms
   ✓ independent studio original owner integration > retains uploaded v1 after a declaration failure and retries only the declaration 313ms
 ✓ src/novel/ExportPanel.test.tsx (12 tests) 2117ms
   ✓ ExportPanel industry formats > submits Fountain 剧本 through the authenticated durable queue 324ms
   ✓ ExportPanel industry formats > preserves cancel, retry and pending button states 413ms
 ✓ src/experimental/LanguageTranslationPanel.test.tsx (5 tests) 1459ms
   ✓ exact preview, explicit single dispatch, original recovery and separate adopt consent 530ms
   ✓ adoption updates visible saved draft while requiring separate submit and review 605ms
 ✓ src/experimental/ChangeImpactPanel.test.tsx (8 tests) 754ms
   ✓ ChangeImpactPanel explicit scoped actions > shows exact/unknown evidence and preflights only explicitly selected nodes, never auto executes 335ms
 ↓ src/experimental/ExperimentalWorkbench.http.test.tsx (6 tests | 6 skipped)
 ✓ src/experimental/StructuredForksPanel.test.tsx (7 tests) 506ms
 ✓ src/experimental/NarrativeJudgeContinuationPanels.test.tsx (6 tests) 447ms
 ✓ src/novel/AIPlanningPanel.project.test.tsx (11 tests) 691ms
 ✓ src/novel/PluginInspector.test.tsx (8 tests) 298ms
 ✓ src/novel/LocalHostSessionPanel.test.tsx (9 tests) 567ms
 ✓ src/novel/EntryExperience.test.tsx (10 tests) 788ms
 ✓ src/AppBrokerRecovery.test.tsx (4 tests) 903ms
   ✓ opens an existing broker job only after fresh authorization and retains original review actions 474ms
 ✓ src/experimental/StructuredSearchNavigation.test.tsx (12 tests) 2323ms
   ✓ resolves organization with its exact original owner and original ID 579ms
   ✓ resolves rule with its exact original owner and original ID 338ms
   ✓ resolves story_graph with its exact original owner and original ID 343ms
   ✓ resolves asset with its exact original owner and original ID 307ms
   ✓ resolves workflow with its exact original owner and original ID 336ms
 ✓ src/experimental/BranchManuscriptPanel.test.tsx (6 tests) 545ms
 ✓ src/novel/FirstUsePanel.test.tsx (8 tests) 492ms
 ✓ src/novel/WorkflowScopeGuards.test.tsx (20 tests) 763ms
 ✓ src/creative/IndependentStudioRelationships.test.tsx (5 tests) 2405ms
   ✓ studio relationship ownership and draft integration > keeps a relationship draft across navigation attempts and prevents other asset mutations 734ms
   ✓ studio relationship ownership and draft integration > saves through the original asset owner and refreshes the source version without copying a target 432ms
   ✓ studio relationship ownership and draft integration > preserves CAS-conflicted input and source version until an explicit reload 426ms
   ✓ studio relationship ownership and draft integration > clears selected private content when saving the relationship is revoked 454ms
   ✓ studio relationship ownership and draft integration > prevents relation writes while a provenance draft is being edited 358ms
 ✓ src/novel/MultimodalDirectorWorkspace.test.tsx (11 tests) 1300ms
 ✓ src/novel/AiWritingPanel.test.tsx (12 tests) 834ms
 ✓ src/experimental/WorkspaceInteractionPanel.test.tsx (13 tests) 689ms
 ✓ src/interop/client.test.ts (10 tests) 15ms
 ✓ src/experimental/MediaPanel.continuation.test.tsx (6 tests) 1193ms
   ✓ uses original project character and screenplay/shot choices, including source CAS 321ms
 ✓ src/experimental/AdapterReceiptProjection.test.tsx (8 tests) 623ms
 ✓ src/novel/AuthorSourcePicker.test.tsx (5 tests) 776ms
   ✓ never resurrects source pins after switching project authority and returning 409ms
 ✓ src/experimental/MediaPanel.recovery.test.tsx (7 tests) 612ms
 ✓ src/experimental/NarrativeJudgeModelPanel.test.tsx (6 tests) 345ms
 ✓ src/experimental/PortableProjectsPanel.maintenance.test.tsx (5 tests) 438ms
 ✓ src/AppStorySourceNavigation.test.tsx (9 tests) 1326ms
 ✓ src/WorkspaceAdminPanel.test.tsx (6 tests) 328ms
 ✓ src/experimental/WorkspaceSearch.test.tsx (6 tests) 2935ms
   ✓ sends scoped filters, pages and a safe rebuild through the captured client 1071ms
   ✓ cancels server work, drops late bodies/counts/suggestions, and permits retry 358ms
   ✓ withholds source text and autocomplete after a revoked refresh or resolve 328ms
   ✓ does not search unfinished IME composition and submits the completed Chinese text 674ms
 ✓ src/novel/PendingCanonReviewPanel.test.tsx (7 tests) 618ms
 ✓ src/novel/ScreenplayPanel.revision.test.tsx (5 tests) 671ms
 ✓ src/novel/AiContextPreviewPanel.test.tsx (6 tests) 291ms
 ✓ src/experimental/WorkflowInspectionPanel.test.tsx (6 tests) 718ms
 ✓ src/novel/StoryRecordLifecycle.test.tsx (20 tests) 1692ms
 ✓ src/experimental/PortableProjectsPanel.test.tsx (5 tests) 527ms
 ✓ src/experimental/EmbeddingPanel.continuation.test.tsx (5 tests) 613ms
 ✓ src/AIEnvironmentSummary.test.tsx (7 tests) 290ms
 ✓ src/novel/EntryExperience.studio.test.tsx (6 tests) 505ms
 ✓ src/novel/FindingReviewPanel.test.tsx (5 tests) 553ms
   ✓ source-bound finding review > requires reason and human confirmation, cancellation writes nothing, and submits exact CAS tokens 302ms
 ✓ src/experimental/RegisteredMediaPanel.test.tsx (4 tests) 813ms
   ✓ selects a registered original image route and queues exactly one seeded task without inference 316ms
 ✓ src/AppAdaptationNavigation.test.tsx (12 tests) 1063ms
 ✓ src/ConflictDialog.test.tsx (6 tests) 80ms
 ✓ src/novel/AdaptationPanel.test.tsx (6 tests) 728ms
 ✓ src/novel/AIPlanningPanel.test.tsx (6 tests) 407ms
 ✓ src/experimental/RevisionComparisonModelPanel.test.tsx (4 tests) 287ms
 ✓ src/novel/ExportPanel.scope.test.tsx (13 tests) 2580ms
   ✓ ExportPanel scope isolation > discards a late creation after a project change 497ms
 ✓ src/novel/AudiobookManifestPanel.test.tsx (4 tests) 843ms
   ✓ publishes audiobook jobs separately and inspects one chapter 398ms
 ✓ src/novel/VideoTimeline.test.tsx (12 tests) 280ms
 ✓ src/novel/AdaptationLifecycleControls.test.tsx (4 tests) 761ms
 ✓ src/novel/CharacterAuthorPanel.test.tsx (3 tests) 563ms
   ✓ excludes source/style/plan before requesting character preview and disables unsupported operations 356ms
 ✓ src/experimental/DirectorPanel.test.tsx (3 tests) 646ms
   ✓ mount is read-only and manual candidate save keeps original source versions 351ms
 ✓ src/novel/AiWritingVariants.test.tsx (6 tests) 674ms
   ✓ AI writing variants > requests three variants when the author selects three 326ms
 ✓ src/novel/ExportPanel.recovery.test.tsx (4 tests) 1203ms
   ✓ rediscovers the same durable job and snapshot after full remount and downloads it 710ms
 ✓ src/novel/AuthorSourceItems.test.tsx (4 tests) 580ms
 ✓ src/creative/DirectorModelControls.test.tsx (3 tests) 297ms
 ✓ src/workspaceSelection.v2.test.ts (10 tests) 39ms
 ✓ src/experimental/TimelineExchangePanel.test.tsx (4 tests) 541ms
 ✓ src/drafts.test.ts (6 tests) 34ms
 ✓ src/interop/DesktopIntegrationDetails.test.tsx (19 tests) 476ms
 ✓ src/WorkspaceManagement.test.tsx (5 tests) 161ms
 ✓ src/experimental/PlanningPanel.recovery.test.tsx (2 tests) 1165ms
   ✓ planning same-node version recovery > retains local edits after external change and only rebases through an explicit action 724ms
   ✓ planning same-node version recovery > retains local edits after proposal approval and only rebases through an explicit action 440ms
 ✓ src/experimental/TranslationMemoryPanel.test.tsx (4 tests) 275ms
 ✓ src/ui/AppShell.projectNoun.test.tsx (12 tests) 222ms
 ✓ src/novel/AgentTeamPanel.additional.test.tsx (5 tests) 467ms
 ✓ src/Editor.anchor.test.tsx (3 tests) 261ms
 ✓ src/novel/NovelImportPanel.test.tsx (3 tests) 139ms
 ✓ src/novel/MotionTaskWorkspace.test.tsx (5 tests) 536ms
   ✓ MotionTaskWorkspace > shows VIDEO_PROVIDER_NOT_CONFIGURED and never renders placeholder video 305ms
 ✓ src/ui/MediaProviderSettings.test.tsx (3 tests) 147ms
 ✓ src/novel/VisualReferencePanel.test.tsx (3 tests) 353ms
 ✓ src/RevisionPanel.test.tsx (4 tests) 163ms
 ✓ src/AppProjectStory.test.tsx (4 tests) 1255ms
   ✓ opens and saves world settings through the project owner before a first chapter exists 609ms
 ✓ src/experimental/SharedUniversePanel.test.tsx (3 tests) 345ms
 ✓ src/ui/FeatureLauncher.test.tsx (5 tests) 614ms
 ✓ src/novel/ImageInfiniteCanvas.test.tsx (6 tests) 269ms
 ✓ src/novel/VisualTextWorkflow.test.tsx (3 tests) 175ms
 ✓ src/novel/ChapterTree.accessibility.test.tsx (5 tests) 251ms
 ✓ src/experimental/ResearchLibraryPanel.continuation.test.tsx (3 tests) 698ms
   ✓ replaces original file bytes against the selected source version 339ms
 ✓ src/novel/ChapterTree.test.tsx (5 tests) 263ms
 ✓ src/creative/ProductionTimeline.test.tsx (4 tests) 383ms
 ✓ src/experimental/TaskOwnerNavigation.continuation.test.tsx (4 tests) 293ms
 ✓ src/Editor.recovery.test.tsx (4 tests) 273ms
 ✓ src/localHostSession.test.ts (6 tests) 24ms
 ✓ src/novel/useMultimodalWorkspacePersistence.test.ts (7 tests) 33ms
 ✓ src/novel/DirectorShotList.test.tsx (6 tests) 191ms
 ✓ src/PermissionManagement.test.tsx (3 tests) 84ms
 ✓ src/novel/CreationWorkbenchPanel.test.tsx (4 tests) 248ms
 ✓ src/AppWritingGoalRecovery.test.tsx (4 tests) 391ms
 ✓ src/novel/WorldTimelineView.test.tsx (3 tests) 211ms
 ✓ src/ui/SaveControls.test.tsx (5 tests) 53ms
 ✓ src/novel/A43ChapterIdentity.test.tsx (2 tests) 198ms
 ✓ src/ui/primitives.test.tsx (4 tests) 123ms
 ✓ src/Editor.a43-rich.test.tsx (3 tests) 213ms
 ✓ src/experimental/ExperimentalWorkbench.continuation.test.tsx (5 tests) 128ms
 ✓ src/novel/AssetLibraryPanel.test.tsx (4 tests) 375ms
 ✓ src/novel/WorldRelationshipGraph.test.tsx (4 tests) 190ms
 ✓ src/novel/SourcePrivacyControl.test.tsx (2 tests) 207ms
 ✓ src/novel/ChapterTree.lifecycle.test.tsx (5 tests) 416ms
 ✓ src/novel/AgentTeamPanel.test.tsx (2 tests) 273ms
 ✓ src/novel/WorkflowPanel.test.tsx (2 tests) 441ms
   ✓ publishes loaded workflow runs and focuses their real workspace 327ms
 ✓ src/novel/WorldBuildingDashboard.test.tsx (4 tests) 289ms
 ✓ src/novel/SpeechSynthesisPanel.test.tsx (3 tests) 290ms
 ✓ src/RevisionHistory.independent-audit.test.tsx (3 tests) 189ms
 ✓ src/AuditColdStorage.test.ts (4 tests) 65ms
 ✓ src/experimental/EmbeddingPanel.hybrid.test.tsx (2 tests) 297ms
 ✓ src/experimental/VoiceDirectionPanel.continuation.test.tsx (3 tests) 190ms
 ✓ src/novel/GenerationWorkflowTimeline.test.tsx (7 tests) 115ms
 ✓ src/ui/ModuleWorkspaceRoutes.test.tsx (7 tests) 323ms
 ✓ src/AppWorldSummary.test.tsx (3 tests) 448ms
   ✓ shows and edits the same world_summary owner used by an adopted model proposal 321ms
 ✓ src/experimental/DeferredExperimentalWorkbench.test.tsx (2 tests) 159ms
 ✓ src/novel/ImageQueuePanel.test.tsx (2 tests) 239ms
 ✓ src/StorySearchNavigation.test.tsx (1 test) 124ms
 ✓ src/novel/ContinuityCheckPanel.test.tsx (2 tests) 228ms
 ✓ src/experimental/InboxPanel.findings.test.tsx (2 tests) 352ms
 ✓ src/novel/DirectorShotCard.test.tsx (4 tests) 202ms
 ✓ src/localAiDiscoveryApi.test.ts (3 tests) 9ms
 ✓ src/experimental/ProductionLineagePanel.continuation.test.tsx (2 tests) 288ms
 ✓ src/experimental/ModelBenchmarkPanel.continuation.test.tsx (1 test) 284ms
 ✓ src/novel/ScreenplayPipelinePanel.test.tsx (3 tests) 172ms
 ✓ src/novel/AgentQueuePanel.test.tsx (2 tests) 273ms
 ✓ src/novel/RuntimeDiagnostics.test.tsx (3 tests) 134ms
 ✓ src/novel/AuthorRequestControls.test.tsx (2 tests) 120ms
 ✓ src/novel/AudioGenerationPanel.test.tsx (2 tests) 206ms
 ✓ src/novel/VideoTaskInspector.test.tsx (3 tests) 174ms
 ✓ src/ui/taskSummary.test.ts (4 tests) 8ms
 ✓ src/ui/AiControlCenter.test.tsx (1 test) 160ms
 ✓ src/novel/GenerationRecoveryPicker.test.tsx (2 tests) 173ms
 ✓ src/experimental/shared.test.tsx (2 tests) 133ms
 ✓ src/generationRecovery.test.ts (3 tests) 4ms
 ✓ src/interop/entryScopeReview.test.tsx (1 test) 187ms
 ✓ src/novel/NovelOverviewPanel.test.tsx (1 test) 81ms
 ✓ src/novel/StoryPlanningWorkspace.test.tsx (2 tests) 107ms
 ✓ src/interop/entry.test.tsx (1 test) 127ms
 ✓ src/experimental/InteractiveStoryHistory.test.tsx (1 test) 185ms
 ✓ src/workspaceSelection.test.ts (3 tests) 4ms
 ✓ src/novel/MotionPrivacyPanel.test.tsx (1 test) 123ms
 ✓ src/novel/AgentActivityCenter.test.tsx (2 tests) 177ms
 ✓ src/creative/BlankProjectEntry.test.tsx (2 tests) 131ms
 ✓ src/novel/AssetInspector.test.tsx (2 tests) 135ms
 ✓ src/novel/ConstraintImportPreview.test.tsx (2 tests) 118ms
 ✓ src/localAiEnvironmentApi.test.ts (2 tests) 7ms
 ✓ src/novel/VideoAssemblyPanel.test.tsx (1 test) 126ms
 ✓ src/ui/AuthorTerminology.test.tsx (2 tests) 16ms
 ✓ src/novel/ScreenplayPanel.motion-binding.test.ts (2 tests) 5ms
 ✓ src/novel/AgentResultReview.test.tsx (2 tests) 126ms
 ✓ src/novel/ForeshadowingEditor.test.tsx (1 test) 122ms
 ✓ src/novel/SceneEditor.test.tsx (1 test) 208ms
 ✓ src/experimental/revisionLocks.test.ts (2 tests) 56ms
 ✓ src/experimental/WorldPanel.test.tsx (1 test) 215ms
 ✓ src/novel/useMultimodalBindingManifest.test.ts (2 tests) 23ms
 ✓ src/novel/StoryDatabase.test.tsx (2 tests) 99ms
 ✓ src/novel/ImageTaskInspector.test.tsx (2 tests) 83ms
 ✓ src/novel/TimelineEditor.test.tsx (1 test) 161ms
 ✓ src/novel/RelationshipEditor.test.tsx (1 test) 149ms
 ✓ src/novel/StoryRecordNavigation.test.tsx (2 tests) 322ms
 ✓ src/novel/OutlineEditor.test.tsx (1 test) 150ms
 ✓ src/novel/VisualContextPanel.test.tsx (2 tests) 121ms
 ✓ src/novel/WorkflowPanel.independent-audit.test.tsx (1 test) 50ms
 ✓ src/novel/AudioTaskInspector.test.tsx (2 tests) 104ms
 ✓ src/novel/CharacterEditor.test.tsx (1 test) 100ms
 ✓ src/novel/StoryRouteEditor.test.tsx (1 test) 191ms
 ✓ src/novel/WorkflowInspector.test.tsx (2 tests) 99ms
 ✓ src/ui/CapabilityStatusCenter.test.tsx (1 test) 50ms
 ✓ src/ui/CapabilityRoadmapPanel.test.tsx (1 test) 89ms
 ✓ src/novel/VolumeEditor.test.tsx (1 test) 131ms
 ✓ src/creative/studioClient.test.ts (38 tests) 33ms
 ✓ src/novel/DirectorVoiceToolbar.test.tsx (1 test) 33ms
 ✓ src/novel/LocationEditor.test.tsx (1 test) 115ms
 ✓ src/creative/studioRelationshipsClient.test.ts (58 tests) 34ms
 ✓ tests/r3FixtureLifecycle.test.ts (17 tests) 26ms
 ↓ tests/localInteropRealHost.test.ts (2 tests | 2 skipped)
 ✓ src/novel/BindingManifestPanel.test.tsx (1 test) 37ms
 ✓ src/interop/ChapterWireIdentity.test.ts (3 tests) 17ms
 ✓ src/creative/client.test.ts (11 tests) 17ms
 ✓ src/experimental/api.test.ts (5 tests) 9ms
 ✓ src/novel/WorldSummaryEditor.test.tsx (1 test) 133ms
 ✓ tests/workspaceResumeLayout.test.ts (5 tests) 8ms
 ✓ src/collaborationGuards.test.ts (7 tests) 6ms
 ✓ src/contracts.test.ts (7 tests) 12ms
 ✓ src/e2eDatabaseContract.test.ts (20 tests) 443ms
   ✓ E2E database environment contract > keeps the DSN out of Playwright commands and scopes each child environment 391ms
 ✓ src/packagedHost.test.ts (7 tests) 7ms
 ✓ src/productLanguage.test.ts (4 tests) 4ms
 ✓ src/novel/AdaptationRouteMatching.test.ts (1 test) 5ms
 ✓ src/experimental/api.surface-flags.test.ts (4 tests) 7ms
 ✓ tests/localInteropLayout.test.ts (3 tests) 6ms
 ✓ src/ui/FeatureLauncher.css.test.ts (3 tests) 3ms
 ✓ src/novel/ChapterTree.css.test.ts (4 tests) 4ms
 ✓ src/novel/firstUseClient.test.ts (2 tests) 5ms
 ✓ tests/writingGoalLayout.test.ts (4 tests) 3ms
 ✓ src/creative/CreativeWorkbenchEntry.test.ts (2 tests) 4ms
 ✓ tests/uiContracts.test.ts (5 tests) 3ms
 ✓ src/novel/findingReviewClient.test.ts (2 tests) 6ms
 ✓ src/novel/importRecovery.test.ts (2 tests) 9ms
 ✓ src/Editor.typography.test.ts (3 tests) 4ms
 ✓ src/ui/scopeLabels.test.ts (4 tests) 6ms
 ✓ src/planningProjectApi.test.ts (1 test) 5ms
 ✓ src/creative/adminStudioContext.test.ts (1 test) 6ms
 ✓ src/sourcePrivacyApi.test.ts (1 test) 3ms
 ✓ src/experimental/writingFocus.layout.test.ts (1 test) 3ms
 ✓ src/creative/ProductionTimeline.css.test.ts (1 test) 2ms
 ✓ src/novel/FountainParser.test.ts (21 tests) 1376ms
 ✓ src/novel/MotionTaskBatchControls.test.ts (1 test) 2ms
 ✓ src/generationVariants.test.ts (7 tests) 6ms
 ✓ src/App.test.tsx (12 tests) 12ms

 Test Files  245 passed | 2 skipped (247)
      Tests  1718 passed | 8 skipped (1726)
   Start at  05:32:34
   Duration  58.36s (transform 14.93s, setup 0ms, collect 85.29s, tests 173.82s, environment 115.48s, prepare 22.54s)

