
 RUN  v2.1.9 /workspace/scratch/b8734129d01d/AI-Novel-Studio/frontend

 ✓ src/ui/LocalAiDiscovery.test.tsx (24 tests) 547ms
 ✓ src/novel/StoryCoreRecordVersionEditor.test.tsx (59 tests) 3382ms
 ✓ src/experimental/WorkspaceToolsPanel.test.tsx (30 tests) 4581ms
   ✓ real workspace tools UI > shows stale recovery choice and never jumps until explicit current-version approval 385ms
   ✓ real workspace tools UI > discards pending search and action responses after A → B → A scope changes 354ms
   ✓ real workspace tools UI > supports keyboard search results and only exposes enabled safe scenario navigation 306ms
   ✓ deduplicates repeated resolves and only honors the reopened search request 580ms
   ✓ captures actual split visibility and keeps search/task filters across section changes and remount 349ms
 ✓ src/experimental/StyleReviewPanels.test.tsx (16 tests) 2190ms
   ✓ reads without running analysis, requires explicit preview/review/use, and validates the receipt again 530ms
 ✓ src/AuditGenerationScope.test.tsx (28 tests) 2105ms
 ✓ src/experimental/OfflineSyncPanel.test.tsx (11 tests) 2324ms
   ✓ defaults to no selection, no mutation or external transport, and explicit selected chapter queue 423ms
   ✓ withdraws one chapter only after versioned preview, clears cached file and blocks its pending review 366ms
   ✓ adds only a freshly reviewed baseline and invalidates preview when selection changes 328ms
 ✓ src/creative/CreativeWorkspace.test.tsx (29 tests) 8081ms
   ✓ creative workspace protected manuscript and request boundaries > recovers saved SCREENPLAY when its stage is selected before the initial reads finish 650ms
   ✓ creative workspace protected manuscript and request boundaries > recovers saved PRODUCTION when its stage is selected before the initial reads finish 455ms
   ✓ creative workspace protected manuscript and request boundaries > initializes only the latest selected stage after a delayed successful empty list 310ms
   ✓ creative workspace protected manuscript and request boundaries > keeps an explicit new document, including an untouched draft, across stage and source changes 340ms
   ✓ creative workspace protected manuscript and request boundaries > reloads saved content after confirmed discard and immediate workbench reopen 494ms
   ✓ creative workspace protected manuscript and request boundaries > does not replace a blocked dirty draft when a recovery reread discovers its uncertain creation 321ms
   ✓ creative workspace protected manuscript and request boundaries > exposes all five keyboard-accessible modes while the manuscript stays mounted 357ms
   ✓ creative workspace protected manuscript and request boundaries > creates once, saves again with the returned version, and preserves captured identity 310ms
   ✓ creative workspace protected manuscript and request boundaries > cancels navigation without losing edits and requires explicit discard before exiting 333ms
   ✓ creative workspace protected manuscript and request boundaries > requires explicit server-version adoption and preserves the draft when adoption is cancelled 613ms
   ✓ creative workspace protected manuscript and request boundaries > restores history only after explicit review and creates a new current version 393ms
   ✓ creative workspace protected manuscript and request boundaries > reorders storyboard shots without replacing their identities and saves their new sequence 365ms
 ✓ src/experimental/StorySimulatorPanel.test.tsx (14 tests) 8741ms
   ✓ reads only on opening; builds explicit bounded manual inputs with captured authority and normalized fact lines 1126ms
   ✓ compares violations and hypotheses, saves only REVIEW once and navigates to the existing planning authority 610ms
   ✓ advances explicitly, cancels explicitly, and stops offering expansion after cancellation 302ms
   ✓ preserves editable drafts on failure and requires recovery before retry 1258ms
   ✓ ignores late context from an old session/branch and drops its saved inputs on scope switch 458ms
   ✓ invalidates source-bound context immediately when the active chapter revision advances 374ms
   ✓ previews exact local character request, dispatches once with consent, then manually selects checked candidate 1391ms
   ✓ model cancellation and unknown admission never offer automatic replay or candidate adoption 546ms
   ✓ ignores late model preview from a replaced scope and never preserves its consent 779ms
   ✓ changing selected model route clears consent and fences a previously reviewed request 562ms
   ✓ invalidates scene context receipts and sends selected original scene with separate mind claims 800ms
 ✓ src/ui/ModelCenter.test.tsx (10 tests) 456ms
 ✓ src/AppRevisionHistory.test.tsx (23 tests) 2170ms
   ✓ refreshes mounted history when the server chapter advances from v2 to v3 307ms
   ✓ routes restore through actual App hydration without overwriting a newer dirty buffer 300ms
 ✓ src/experimental/DeclarativeTemplatePanels.test.tsx (8 tests) 3456ms
   ✓ opens both panels read-only in StrictMode with original authority headers and no auto execution 507ms
   ✓ uses real form contracts, explicit graph check and version-bound creation before separate execute and review 968ms
   ✓ invalidates graph preflight on edits, never lists browser invented tools, and preserves input on rejected save 353ms
   ✓ previews installs favorites copies edits compares and reverts without running a workflow or overwriting instantiated work 452ms
   ✓ requires a separate exact model preview confirmation and never auto dispatches or approves a deferred model node 745ms
 ✓ src/interop/LocalTutorIntegration.test.tsx (70 tests) 9945ms
   ✓ reconnect leaves ongoing sharing unchecked even after a previously active grant 302ms
   ✓ refresh confirms an out-of-band standing revoke without ever silently restoring a grant 442ms
 ✓ src/creative/GraphRunPanel.test.tsx (19 tests) 1185ms
 ✓ src/experimental/WritingFocusPanel.test.tsx (13 tests) 1788ms
   ✓ U04 actual writing focus controls > loads under StrictMode, applies prose preferences and persists versioned personal settings 351ms
   ✓ U04 actual writing focus controls > invalidates copy preview when field changes and on stale response 362ms
 ✓ src/novel/PluginManagerPanel.test.tsx (15 tests) 1007ms
 ✓ src/AppWorkspaceResume.test.tsx (33 tests) 7899ms
   ✓ reopens the saved chapter through current authority and applies original reading/split state only after explicit restore 930ms
   ✓ does not navigate away from dirty manuscript 498ms
   ✓ retains newer typing when fresh chapter verification is delayed 414ms
   ✓ discards a delayed verification after the restore panel is dismissed 306ms
   ✓ opens another authorized project only after original inventory and exact chapter version revalidation 548ms
   ✓ refuses cross-project search navigation while manuscript is dirty 462ms
   ✓ drops a delayed cross-project source when the author types during revalidation 653ms
   ✓ does not navigate to a search project removed from the refreshed original inventory 496ms
   ✓ opens the exact revision model owner with its original chapter after authoritative verification 398ms
   ✓ refuses a revision-owner chapter switch when the manuscript has unsaved work 395ms
   ✓ rejects a mismatched original revision job and never falls back to another draft 403ms
   ✓ drops delayed revision-owner navigation after new typing or scope change 389ms
   ✓ does not open a delayed revision source after its feature is revoked 395ms
 ✓ src/AppDraftRecovery.test.tsx (21 tests) 3904ms
   ✓ keeps flag-off controls unchanged and starts no recovery unload listener 305ms
   ✓ suppresses autosave and manual submit throughout composition and submits after it ends 1141ms
   ✓ labels browser-offline drafts honestly and permits an explicit reachable local-backend save 1104ms
 ✓ src/experimental/ModelBrokerPanel.test.tsx (9 tests) 1992ms
   ✓ captures actual scoped route preview and requires exact author receipt plus review before existing job dispatch 774ms
   ✓ invalidates prior authorization and sends the exact reviewed material scope 396ms
 ✓ src/ui/AppShell.test.tsx (19 tests) 712ms
 ✓ src/experimental/RevisionIntelligencePanel.test.tsx (10 tests) 1440ms
   ✓ captures original PM selection, previews two accepted blocks, and requires explicit confirmation 446ms
 ✓ src/ui/LocalAiDiscoveryConsent.test.tsx (23 tests) 2458ms
   ✓ V2 Local AI scan consent > never scans on mount; previews actual backend scope then confirms once without registration or inference 539ms
   ✓ discloses all registered-model safety inspections without truncating the backend scope 762ms
 ✓ src/experimental/ExperimentalWorkbench.test.tsx (14 tests) 1291ms
 ✓ src/novel/ImageGenerationPanel.test.tsx (10 tests) 819ms
 ✓ src/experimental/InteractiveStoryPanel.test.tsx (11 tests) 2408ms
   ✓ authors Unicode choices and typed variables then saves exact original IDs and scope 827ms
   ✓ requires exact review preview and drops receipt when edited 351ms
 ✓ src/novel/StoryRecordVersionEditor.test.tsx (14 tests) 808ms
 ✓ src/novel/AuthorRequestPreviewPanel.test.tsx (11 tests) 1247ms
   ✓ Author actual request preflight > does not fetch automatically and reads exact request with scope headers 334ms
 ✓ src/creative/GraphCanvas.test.tsx (25 tests) 1343ms
 ✓ src/experimental/ProductionLineagePanel.test.tsx (11 tests) 1689ms
   ✓ ProductionLineagePanel real API actions > shows relationship graph, known impact and saves explicit versioned declaration 490ms
 ✓ src/AppAuthorTaskNavigation.test.tsx (10 tests) 1789ms
   ✓ opens the exact original text job without broker or recovery flags, generation or acceptance 542ms
   ✓ opens a different chapter and preserves the previous unsaved manuscript 439ms
 ✓ src/experimental/MultilingualEditionsPanel.test.tsx (10 tests) 1892ms
   ✓ manual bilingual save→review→exact acceptance with RTL and no model calls 797ms
 ✓ src/experimental/ReaderSessionPanels.test.tsx (9 tests) 1353ms
   ✓ U11 real client request contracts > offers contiguous reader, TOC keyboard focus and codepoint-exact server-validated jump 604ms
 ✓ src/experimental/WriterRoomPanel.test.tsx (9 tests) 2166ms
   ✓ renders actual task progress and responsible change-request round trip without domain approval 1205ms
 ✓ src/novel/ResearchPanel.test.tsx (14 tests) 1396ms
 ✓ src/experimental/SafeBatchesPanel.test.tsx (10 tests) 1568ms
 ✓ src/novel/ScreenplayPanel.test.tsx (17 tests) 1610ms
 ✓ src/experimental/ComicLayoutsPanel.test.tsx (8 tests) 1358ms
   ✓ mount is read-only; hand-edited numeric geometry reuses original source IDs and supports undo 329ms
   ✓ approves only displayed current pixels with exact digest and downloads only the approved version 355ms
 ✓ src/manualPromptConsent.test.tsx (17 tests) 1538ms
 ✓ src/experimental/StoryGraphPanel.test.tsx (8 tests) 1941ms
   ✓ creates a typed relation with selected real IDs, no raw JSON form 775ms
   ✓ keeps the draft on conflict and sends the reviewed expected version 402ms
 ✓ src/experimental/Wave5TemplatesSdkComics.test.tsx (4 tests) 1754ms
   ✓ combines legacy and extended catalogs, filters exact types and copies Agent to original definition without execution 603ms
   ✓ Agent runtime and capability requirements persist alongside finite input/output schemas, never granting a runtime 594ms
   ✓ Comic briefs and appearance refs use approved versioned original assets and removing a character removes its reference 396ms
 ✓ src/experimental/ResearchLibraryPanel.test.tsx (10 tests) 3130ms
   ✓ only reads saved local sources on mount; no fetch, parse, search or model execution 355ms
   ✓ traces original paragraph and writes notes from exact reviewed citation versions 425ms
   ✓ keeps original input on stale-source conflict and requires fresh citation selection 495ms
   ✓ allows deliberate current-version recovery while keeping edited metadata text 392ms
 ✓ src/creative/IndependentStudioGraphWorkspace.test.tsx (8 tests) 3871ms
   ✓ independent studio graph content integration > keeps graphs lazy until an explicit content choice, with unchanged eight shell modules 529ms
   ✓ independent studio graph content integration > saves an empty disconnected definition through the scoped owner and reopens it without creating a run 639ms
   ✓ independent studio graph content integration > allows optional Director removal and bounded undo without adding a chapter or starting a job 1015ms
   ✓ independent studio graph content integration > retains the CAS-conflicted draft until an explicit checked adoption of the separately fetched server version 775ms
   ✓ independent studio graph content integration > protects unsaved graph input when leaving the graph content or fixed module switcher 427ms
 ✓ src/creative/AIDirectorPanel.test.tsx (10 tests) 947ms
   ✓ AI director local proposal and explicit review > honestly prepares local rules without model calls and requires reviewed edited output before adoption 363ms
 ✓ src/creative/StudioSelectLabels.test.tsx (4 tests) 1450ms
   ✓ stable exact names for Studio selects with populated options > keeps relationship, reference-kind and target names stable through selection and saving 523ms
   ✓ stable exact names for Studio selects with populated options > keeps saved-graph, node, asset and port names stable while editing the real graph hook 780ms
 ✓ src/creative/AssetRelationshipsPanel.test.tsx (11 tests) 1365ms
 ✓ src/experimental/ProjectForksPanel.test.tsx (6 tests) 895ms
 ✓ src/novel/ExportPanel.test.tsx (12 tests) 1909ms
   ✓ ExportPanel industry formats > submits Fountain 剧本 through the authenticated durable queue 488ms
 ✓ src/experimental/StyleAnalysisModelPanel.test.tsx (7 tests) 559ms
 ✓ src/experimental/ModelTaskReopen.test.tsx (16 tests) 2588ms
   ✓ 'simulator' reopens the exact receipt, handles missing/back and never replays 621ms
   ✓ Workbench forwards 'simulator' only for its original owner 313ms
   ✓ translation locates its exact receipt without overwriting a dirty bilingual draft 386ms
 ✓ src/experimental/VoiceSubtitlePanels.test.tsx (7 tests) 1367ms
   ✓ captures actor/branch and reviewed text with literal pronunciation without unsolicited generation 470ms
 ✓ src/creative/IndependentStudioWorkspace.test.tsx (8 tests) 2461ms
   ✓ independent studio original owner integration > imports once and saves source provenance without chapters, models, or the legacy asset API 904ms
   ✓ independent studio original owner integration > retains uploaded v1 after a declaration failure and retries only the declaration 497ms
 ↓ src/experimental/ExperimentalWorkbench.http.test.tsx (6 tests | 6 skipped)
 ✓ src/experimental/LanguageTranslationPanel.test.tsx (5 tests) 2376ms
   ✓ exact preview, explicit single dispatch, original recovery and separate adopt consent 546ms
   ✓ adoption updates visible saved draft while requiring separate submit and review 1490ms
 ✓ src/experimental/StructuredForksPanel.test.tsx (7 tests) 814ms
 ✓ src/experimental/ChangeImpactPanel.test.tsx (8 tests) 1242ms
   ✓ ChangeImpactPanel explicit scoped actions > shows exact/unknown evidence and preflights only explicitly selected nodes, never auto executes 485ms
 ✓ src/experimental/NarrativeJudgeContinuationPanels.test.tsx (6 tests) 648ms
 ✓ src/creative/IndependentStudioReadFences.test.tsx (7 tests) 2790ms
   ✓ independent asset read fences and truthful capability labels > locks mutation inputs during explicit refresh and preserves the next draft after the read finishes 1140ms
   ✓ independent asset read fences and truthful capability labels > ignores delayed recovery after the author explicitly selects a different asset and starts a draft 464ms
   ✓ independent asset read fences and truthful capability labels > shows safe READY storage state without filesystem paths or cleanup controls 364ms
 ✓ src/novel/AIPlanningPanel.project.test.tsx (11 tests) 1219ms
   ✓ creates a WORLD proposal from a premise without requiring a chapter or applying it 397ms
 ✓ src/novel/PluginInspector.test.tsx (8 tests) 603ms
 ✓ src/novel/LocalHostSessionPanel.test.tsx (9 tests) 866ms
   ✓ requires an explicit password input and click, validates once, then preserves the selected local manuscript 331ms
 ✓ src/novel/EntryExperience.test.tsx (10 tests) 1644ms
 ✓ src/AppBrokerRecovery.test.tsx (4 tests) 1189ms
   ✓ opens an existing broker job only after fresh authorization and retains original review actions 501ms
 ✓ src/experimental/BranchManuscriptPanel.test.tsx (6 tests) 607ms
 ✓ src/experimental/StructuredSearchNavigation.test.tsx (12 tests) 3017ms
   ✓ resolves organization with its exact original owner and original ID 763ms
   ✓ resolves rule with its exact original owner and original ID 371ms
   ✓ resolves story_graph with its exact original owner and original ID 430ms
   ✓ resolves asset with its exact original owner and original ID 351ms
   ✓ resolves workflow with its exact original owner and original ID 369ms
 ✓ src/novel/MultimodalDirectorWorkspace.test.tsx (11 tests) 958ms
 ✓ src/creative/IndependentStudioRelationships.test.tsx (5 tests) 3472ms
   ✓ studio relationship ownership and draft integration > keeps a relationship draft across navigation attempts and prevents other asset mutations 1521ms
   ✓ studio relationship ownership and draft integration > saves through the original asset owner and refreshes the source version without copying a target 1029ms
   ✓ studio relationship ownership and draft integration > preserves CAS-conflicted input and source version until an explicit reload 354ms
   ✓ studio relationship ownership and draft integration > clears selected private content when saving the relationship is revoked 321ms
 ✓ src/novel/AiWritingPanel.test.tsx (12 tests) 1077ms
 ✓ src/experimental/WorkspaceInteractionPanel.test.tsx (13 tests) 453ms
 ✓ src/novel/FirstUsePanel.test.tsx (8 tests) 779ms
 ✓ src/novel/WorkflowScopeGuards.test.tsx (20 tests) 589ms
 ✓ src/experimental/MediaPanel.continuation.test.tsx (6 tests) 1287ms
   ✓ uses original project character and screenplay/shot choices, including source CAS 457ms
 ✓ src/interop/client.test.ts (10 tests) 39ms
 ✓ src/experimental/NarrativeJudgeModelPanel.test.tsx (6 tests) 403ms
 ✓ src/experimental/AdapterReceiptProjection.test.tsx (8 tests) 878ms
   ✓ formal-only adapter receipt surfaces > does not manufacture an exact source-open action for research_analysis or its aggregate review task 324ms
 ✓ src/experimental/WorkspaceSearch.test.tsx (6 tests) 3199ms
   ✓ sends scoped filters, pages and a safe rebuild through the captured client 1218ms
   ✓ cancels server work, drops late bodies/counts/suggestions, and permits retry 397ms
   ✓ withholds source text and autocomplete after a revoked refresh or resolve 304ms
   ✓ does not search unfinished IME composition and submits the completed Chinese text 707ms
 ✓ src/experimental/MediaPanel.recovery.test.tsx (7 tests) 976ms
   ✓ media promotion checkpoint recovery > makes interrupted cover approval recoverable with Inbox disabled, only after explicit action 321ms
 ✓ src/novel/AuthorSourcePicker.test.tsx (5 tests) 1088ms
   ✓ reads explicitly, pins original IDs/citations without client text, edits/excludes/removes existing scope 358ms
   ✓ never resurrects source pins after switching project authority and returning 474ms
 ✓ src/experimental/PortableProjectsPanel.maintenance.test.tsx (5 tests) 767ms
   ✓ shows original and candidate hashes plus exact affected versions before explicit replacement consent 388ms
 ✓ src/AIEnvironmentSummaryOwner.test.tsx (8 tests) 248ms
 ✓ src/novel/PendingCanonReviewPanel.test.tsx (7 tests) 751ms
   ✓ original Canon review surface > requires human review, closes without write, and deduplicates clicks with exact CAS evidence 352ms
 ✓ src/WorkspaceAdminPanel.test.tsx (6 tests) 593ms
   ✓ WorkspaceAdminPanel production workspace switch > creates a workspace through the trusted admin API and refreshes the workspace cache 310ms
 ✓ src/AppStorySourceNavigation.test.tsx (9 tests) 1900ms
   ✓ reads the exact chapter through original authority before normal App hydration 509ms
 ✓ src/novel/ScreenplayPanel.revision.test.tsx (5 tests) 662ms
   ✓ edits the real structured scene fields and preserves source provenance 316ms
 ✓ src/experimental/WorkflowInspectionPanel.test.tsx (6 tests) 932ms
   ✓ WorkflowInspectionPanel passive API flow > sends actual imported JSON to scoped API and shows unavailable execution honestly 468ms
 ✓ src/creative/IndependentStudioSequentialImport.test.tsx (2 tests) 1263ms
   ✓ independent studio sequential import readiness > does not advertise readiness at lineage completion while the asset list refresh is still pending, then imports the next file once 1139ms
 ✓ src/novel/StoryRecordLifecycle.test.tsx (20 tests) 2730ms
   ✓ characters commit and restart lifecycle > disables real fields throughout SAVE and cache settlement, then persists an immediate edit before restart 592ms
 ✓ src/novel/AiContextPreviewPanel.test.tsx (6 tests) 469ms
 ✓ src/localAiDiscoveryConsentApi.test.ts (20 tests) 50ms
 ✓ src/experimental/PortableProjectsPanel.test.tsx (5 tests) 811ms
   ✓ StrictMode does not upload or restore, missing assets are declared and explicit restore binds exact snapshot 354ms
 ✓ src/AIEnvironmentSummary.test.tsx (7 tests) 326ms
 ✓ src/experimental/EmbeddingPanel.continuation.test.tsx (5 tests) 664ms
 ✓ src/novel/EntryExperience.studio.test.tsx (6 tests) 744ms
 ✓ src/creative/AIDirectorFastReceipt.test.tsx (3 tests) 442ms
   ✓ director proposal activation after a fast receipt > keeps one native double-click bound to its first proposal through edited human review 316ms
 ✓ src/novel/ExportPanel.scope.test.tsx (13 tests) 2166ms
   ✓ ExportPanel scope isolation > discards a late creation after a project change 375ms
 ✓ src/AppAdaptationNavigation.test.tsx (12 tests) 1099ms
 ✓ src/novel/FindingReviewPanel.test.tsx (5 tests) 634ms
   ✓ source-bound finding review > requires reason and human confirmation, cancellation writes nothing, and submits exact CAS tokens 406ms
 ✓ src/creative/graphCanvasGeometry.test.ts (9 tests) 27ms
 ✓ src/ConflictDialog.test.tsx (6 tests) 110ms
 ✓ src/novel/AdaptationPanel.test.tsx (6 tests) 663ms
 ✓ src/experimental/RegisteredMediaPanel.test.tsx (4 tests) 1043ms
   ✓ selects a registered original image route and queues exactly one seeded task without inference 591ms
 ✓ src/novel/AIPlanningPanel.test.tsx (6 tests) 399ms
 ✓ src/experimental/RevisionComparisonModelPanel.test.tsx (4 tests) 279ms
 ✓ src/novel/AdaptationLifecycleControls.test.tsx (4 tests) 546ms
 ✓ src/novel/AudiobookManifestPanel.test.tsx (4 tests) 778ms
   ✓ publishes audiobook jobs separately and inspects one chapter 384ms
 ✓ src/novel/VideoTimeline.test.tsx (12 tests) 286ms
 ✓ src/novel/CharacterAuthorPanel.test.tsx (3 tests) 552ms
   ✓ excludes source/style/plan before requesting character preview and disables unsupported operations 326ms
 ✓ src/novel/AiWritingVariants.test.tsx (6 tests) 704ms
   ✓ AI writing variants > requests three variants when the author selects three 301ms
 ✓ src/workspaceSelection.v2.test.ts (10 tests) 18ms
 ✓ src/experimental/DirectorPanel.test.tsx (3 tests) 640ms
   ✓ mount is read-only and manual candidate save keeps original source versions 323ms
 ✓ src/novel/AuthorSourceItems.test.tsx (4 tests) 227ms
 ✓ src/creative/DirectorModelControls.test.tsx (3 tests) 228ms
 ✓ src/novel/ExportPanel.recovery.test.tsx (4 tests) 1006ms
   ✓ rediscovers the same durable job and snapshot after full remount and downloads it 537ms
 ✓ src/experimental/TimelineExchangePanel.test.tsx (4 tests) 470ms
 ✓ src/drafts.test.ts (6 tests) 69ms
 ✓ src/WorkspaceManagement.test.tsx (5 tests) 114ms
 ✓ src/experimental/PlanningPanel.recovery.test.tsx (2 tests) 1104ms
   ✓ planning same-node version recovery > retains local edits after external change and only rebases through an explicit action 675ms
   ✓ planning same-node version recovery > retains local edits after proposal approval and only rebases through an explicit action 428ms
 ✓ src/interop/DesktopIntegrationDetails.test.tsx (19 tests) 349ms
 ✓ src/ui/AppShell.projectNoun.test.tsx (12 tests) 260ms
 ✓ src/experimental/TranslationMemoryPanel.test.tsx (4 tests) 275ms
 ✓ src/Editor.anchor.test.tsx (3 tests) 182ms
 ✓ src/novel/AgentTeamPanel.additional.test.tsx (5 tests) 356ms
 ✓ src/novel/MotionTaskWorkspace.test.tsx (5 tests) 281ms
 ✓ src/novel/NovelImportPanel.test.tsx (3 tests) 128ms
 ✓ src/novel/VisualReferencePanel.test.tsx (3 tests) 306ms
 ✓ src/AppProjectStory.test.tsx (4 tests) 921ms
   ✓ opens and saves world settings through the project owner before a first chapter exists 325ms
   ✓ the actual App navigation opens the project Story database without requiring a chapter 396ms
 ✓ src/ui/MediaProviderSettings.test.tsx (3 tests) 152ms
 ✓ src/RevisionPanel.test.tsx (4 tests) 160ms
 ✓ src/experimental/SharedUniversePanel.test.tsx (3 tests) 473ms
   ✓ source preview has no writes; separate explicit pin approval keeps exact snapshot and CAS 345ms
 ✓ src/ui/FeatureLauncher.test.tsx (5 tests) 615ms
 ✓ src/novel/ChapterTree.accessibility.test.tsx (5 tests) 263ms
 ✓ src/novel/ImageInfiniteCanvas.test.tsx (6 tests) 402ms
 ✓ src/novel/VisualTextWorkflow.test.tsx (3 tests) 171ms
 ✓ src/experimental/ResearchLibraryPanel.continuation.test.tsx (3 tests) 799ms
   ✓ replaces original file bytes against the selected source version 417ms
 ✓ src/creative/ProductionTimeline.test.tsx (4 tests) 429ms
 ✓ src/novel/ChapterTree.test.tsx (5 tests) 324ms
 ✓ src/experimental/TaskOwnerNavigation.continuation.test.tsx (4 tests) 263ms
 ✓ src/Editor.recovery.test.tsx (4 tests) 307ms
 ✓ src/localHostSession.test.ts (6 tests) 19ms
 ✓ src/novel/useMultimodalWorkspacePersistence.test.ts (7 tests) 48ms
 ✓ src/novel/DirectorShotList.test.tsx (6 tests) 140ms
 ✓ src/novel/CreationWorkbenchPanel.test.tsx (4 tests) 295ms
 ✓ src/PermissionManagement.test.tsx (3 tests) 114ms
 ✓ src/AppWritingGoalRecovery.test.tsx (4 tests) 331ms
 ✓ src/novel/A43ChapterIdentity.test.tsx (2 tests) 248ms
 ✓ src/novel/WorldTimelineView.test.tsx (3 tests) 280ms
 ✓ src/Editor.a43-rich.test.tsx (3 tests) 225ms
 ✓ src/ui/ModelCenterOnboarding.test.tsx (3 tests) 293ms
 ✓ src/experimental/ExperimentalWorkbench.continuation.test.tsx (5 tests) 153ms
 ✓ src/ui/primitives.test.tsx (4 tests) 141ms
 ✓ src/novel/AssetLibraryPanel.test.tsx (4 tests) 411ms
 ✓ src/ui/SaveControls.test.tsx (5 tests) 60ms
 ✓ src/novel/SourcePrivacyControl.test.tsx (2 tests) 155ms
 ✓ src/novel/AgentTeamPanel.test.tsx (2 tests) 207ms
 ✓ src/novel/WorldRelationshipGraph.test.tsx (4 tests) 281ms
 ✓ src/novel/WorkflowPanel.test.tsx (2 tests) 367ms
 ✓ src/novel/ChapterTree.lifecycle.test.tsx (5 tests) 455ms
 ✓ src/novel/WorldBuildingDashboard.test.tsx (4 tests) 241ms
 ✓ src/novel/SpeechSynthesisPanel.test.tsx (3 tests) 288ms
 ✓ src/AuditColdStorage.test.ts (4 tests) 52ms
 ✓ src/experimental/VoiceDirectionPanel.continuation.test.tsx (3 tests) 301ms
 ✓ src/RevisionHistory.independent-audit.test.tsx (3 tests) 210ms
 ✓ src/experimental/EmbeddingPanel.hybrid.test.tsx (2 tests) 332ms
 ✓ src/novel/GenerationWorkflowTimeline.test.tsx (7 tests) 235ms
 ✓ src/ui/ModuleWorkspaceRoutes.test.tsx (7 tests) 301ms
 ✓ src/novel/ImageQueuePanel.test.tsx (2 tests) 331ms
 ✓ src/AppWorldSummary.test.tsx (3 tests) 605ms
   ✓ shows and edits the same world_summary owner used by an adopted model proposal 384ms
 ✓ src/experimental/DeferredExperimentalWorkbench.test.tsx (2 tests) 203ms
 ✓ src/creative/AssetRelationshipsRedaction.test.tsx (1 test) 226ms
 ✓ src/novel/ContinuityCheckPanel.test.tsx (2 tests) 236ms
 ✓ src/StorySearchNavigation.test.tsx (1 test) 149ms
 ✓ src/experimental/InboxPanel.findings.test.tsx (2 tests) 470ms
   ✓ filters original finding/Canon domains and honestly presents formal navigation metadata without generic approval 417ms
 ✓ src/localAiDiscoveryApi.test.ts (3 tests) 11ms
 ✓ src/novel/DirectorShotCard.test.tsx (4 tests) 246ms
 ✓ src/experimental/ProductionLineagePanel.continuation.test.tsx (2 tests) 302ms
 ✓ src/novel/AgentQueuePanel.test.tsx (2 tests) 203ms
 ✓ src/experimental/ModelBenchmarkPanel.continuation.test.tsx (1 test) 312ms
   ✓ keeps catalog claims distinct and requires explicit bounded user-verification review 308ms
 ✓ src/novel/ScreenplayPipelinePanel.test.tsx (3 tests) 197ms
 ✓ src/novel/RuntimeDiagnostics.test.tsx (3 tests) 166ms
 ✓ src/novel/AudioGenerationPanel.test.tsx (2 tests) 269ms
 ✓ src/novel/AuthorRequestControls.test.tsx (2 tests) 167ms
 ✓ src/ui/taskSummary.test.ts (4 tests) 7ms
 ✓ src/ui/AiControlCenter.test.tsx (1 test) 168ms
 ✓ src/novel/VideoTaskInspector.test.tsx (3 tests) 176ms
 ✓ src/novel/GenerationRecoveryPicker.test.tsx (2 tests) 203ms
 ✓ src/interop/entryScopeReview.test.tsx (1 test) 248ms
 ✓ src/experimental/shared.test.tsx (2 tests) 130ms
 ✓ src/generationRecovery.test.ts (3 tests) 5ms
 ✓ src/novel/NovelOverviewPanel.test.tsx (1 test) 97ms
 ✓ src/novel/StoryPlanningWorkspace.test.tsx (2 tests) 142ms
 ✓ src/experimental/InteractiveStoryHistory.test.tsx (1 test) 155ms
 ✓ src/interop/entry.test.tsx (1 test) 220ms
 ✓ src/workspaceSelection.test.ts (3 tests) 5ms
 ✓ src/novel/AgentActivityCenter.test.tsx (2 tests) 178ms
 ✓ src/creative/BlankProjectEntry.test.tsx (2 tests) 190ms
 ✓ src/novel/MotionPrivacyPanel.test.tsx (1 test) 124ms
 ✓ src/novel/AssetInspector.test.tsx (2 tests) 115ms
 ✓ src/localAiEnvironmentApi.test.ts (2 tests) 15ms
 ✓ src/novel/ConstraintImportPreview.test.tsx (2 tests) 130ms
 ✓ src/ui/AuthorTerminology.test.tsx (2 tests) 38ms
 ✓ src/novel/VideoAssemblyPanel.test.tsx (1 test) 144ms
 ✓ src/novel/AgentResultReview.test.tsx (2 tests) 132ms
 ✓ src/experimental/WorldPanel.test.tsx (1 test) 183ms
 ✓ src/novel/SceneEditor.test.tsx (1 test) 231ms
 ✓ src/novel/ForeshadowingEditor.test.tsx (1 test) 206ms
 ✓ src/novel/ScreenplayPanel.motion-binding.test.ts (2 tests) 8ms
 ✓ src/experimental/revisionLocks.test.ts (2 tests) 68ms
 ✓ src/novel/StoryDatabase.test.tsx (2 tests) 106ms
 ✓ src/novel/useMultimodalBindingManifest.test.ts (2 tests) 40ms
 ✓ src/novel/VisualContextPanel.test.tsx (2 tests) 106ms
 ✓ src/novel/StoryRecordNavigation.test.tsx (2 tests) 357ms
 ✓ src/novel/ImageTaskInspector.test.tsx (2 tests) 134ms
 ✓ src/novel/TimelineEditor.test.tsx (1 test) 183ms
 ✓ src/novel/OutlineEditor.test.tsx (1 test) 168ms
 ✓ src/novel/RelationshipEditor.test.tsx (1 test) 178ms
 ✓ src/novel/AudioTaskInspector.test.tsx (2 tests) 174ms
 ✓ src/novel/WorkflowPanel.independent-audit.test.tsx (1 test) 78ms
 ✓ src/novel/CharacterEditor.test.tsx (1 test) 151ms
 ✓ src/ui/CapabilityRoadmapPanel.test.tsx (1 test) 111ms
 ✓ src/novel/VolumeEditor.test.tsx (1 test) 173ms
 ✓ src/novel/StoryRouteEditor.test.tsx (1 test) 341ms
   ✓ story route editor > creates a child ending from an original route 340ms
 ✓ src/novel/WorkflowInspector.test.tsx (2 tests) 99ms
 ✓ src/ui/CapabilityStatusCenter.test.tsx (1 test) 77ms
 ✓ src/creative/studioGraphClient.test.ts (48 tests) 57ms
 ✓ src/novel/LocationEditor.test.tsx (1 test) 153ms
 ✓ src/creative/studioClient.test.ts (38 tests) 71ms
 ✓ src/novel/DirectorVoiceToolbar.test.tsx (1 test) 38ms
 ✓ src/creative/studioRelationshipsClient.test.ts (58 tests) 44ms
 ✓ tests/r3FixtureLifecycle.test.ts (17 tests) 47ms
 ✓ src/novel/BindingManifestPanel.test.tsx (1 test) 31ms
 ✓ src/creative/graphDraft.test.ts (39 tests) 7ms
 ↓ tests/localInteropRealHost.test.ts (2 tests | 2 skipped)
 ✓ src/creative/studioStorageAdmissionClient.test.ts (44 tests) 27ms
 ✓ src/novel/WorldSummaryEditor.test.tsx (1 test) 107ms
 ✓ src/creative/client.test.ts (11 tests) 21ms
 ✓ src/interop/ChapterWireIdentity.test.ts (3 tests) 30ms
 ✓ src/experimental/api.test.ts (5 tests) 22ms
 ✓ tests/workspaceResumeLayout.test.ts (5 tests) 7ms
 ✓ src/collaborationGuards.test.ts (7 tests) 12ms
 ✓ src/contracts.test.ts (7 tests) 27ms
 ✓ src/e2eDatabaseContract.test.ts (20 tests) 556ms
   ✓ E2E database environment contract > keeps the DSN out of Playwright commands and scopes each child environment 514ms
 ✓ src/packagedHost.test.ts (7 tests) 11ms
 ✓ src/productLanguage.test.ts (4 tests) 5ms
 ✓ src/novel/AdaptationRouteMatching.test.ts (1 test) 9ms
 ✓ tests/localInteropLayout.test.ts (3 tests) 4ms
 ✓ src/experimental/api.surface-flags.test.ts (4 tests) 8ms
 ✓ src/novel/ChapterTree.css.test.ts (4 tests) 2ms
 ✓ src/ui/FeatureLauncher.css.test.ts (3 tests) 5ms
 ✓ src/creative/CreativeWorkbenchEntry.test.ts (2 tests) 3ms
 ✓ src/novel/firstUseClient.test.ts (2 tests) 8ms
 ✓ tests/writingGoalLayout.test.ts (4 tests) 13ms
 ✓ tests/uiContracts.test.ts (5 tests) 4ms
 ✓ src/novel/findingReviewClient.test.ts (2 tests) 7ms
 ✓ src/ui/scopeLabels.test.ts (4 tests) 4ms
 ✓ src/novel/importRecovery.test.ts (2 tests) 9ms
 ✓ src/Editor.typography.test.ts (3 tests) 4ms
 ✓ src/planningProjectApi.test.ts (1 test) 3ms
 ✓ src/creative/adminStudioContext.test.ts (1 test) 4ms
 ✓ src/creative/ProductionTimeline.css.test.ts (1 test) 3ms
 ✓ src/sourcePrivacyApi.test.ts (1 test) 3ms
 ✓ src/experimental/writingFocus.layout.test.ts (1 test) 4ms
 ✓ src/novel/MotionTaskBatchControls.test.ts (1 test) 3ms
 ✓ src/novel/FountainParser.test.ts (21 tests) 1579ms
 ✓ src/generationVariants.test.ts (7 tests) 4ms
 ✓ src/App.test.tsx (12 tests) 15ms

 Test Files  261 passed | 2 skipped (263)
      Tests  1981 passed | 8 skipped (1989)
   Start at  08:01:59
   Duration  70.47s (transform 16.68s, setup 0ms, collect 104.40s, tests 204.05s, environment 141.26s, prepare 27.57s)

