FF                                                                       [100%]
=================================== FAILURES ===================================
_ test_manual_refresh_completion_boundary_requires_archive_before_review[file-completed] _

model_rig = namespace(nid='v2-independent-a134c2e393624795ac3a4e582681557d', scope={'mode': 'local', 'novel_id': 'v2-independent-a...>, <threading.Event at 0x7efd3d65ecc0: set>], active=True, guard=<function configure.<locals>.guard at 0x7efd3d6e6e80>)
monkeypatch = <_pytest.monkeypatch.MonkeyPatch object at 0x7efd3d8180b0>
arrival = 'completed'

    @pytest.mark.parametrize("arrival", ["completed", "settling"])
    def test_manual_refresh_completion_boundary_requires_archive_before_review(model_rig, monkeypatch, arrival):
        from test_v2_ai_execution_runtime import dispatch, refresh
        e = model_rig; entered, release = spy_transport(e, monkeypatch, blocked=True)
        sent = dispatch(e, preview(e, admit(e)), archive_result=True)
        job = e.manager.get(sent["model_runtime"]["execution"]["job_id"])
        settlement_entered, settlement_release = Event(), Event()
        e.releases.append(settlement_release)
        original_settle = job.on_terminal
        def settle():
            settlement_entered.set()
            assert settlement_release.wait(6), "fixture settlement release missing"
            original_settle()
        if arrival == "settling":
            job.on_terminal = settle
        before_chapters = deepcopy(e.chapters.list(e.nid))
        try:
            assert entered.wait(3)
            pending = refresh(e, sent)
            assert pending["asset_output"]["state"] == "PENDING" and not pending["stale"]
            original_refresh = e.models._refresh
            def finish_between_observations(*args, **kwargs):
                # The outer archival precheck has observed GENERATING. Let the
                # original worker reach its real terminal boundary before _refresh.
                assert job.status == "GENERATING"
                release.set()
                if arrival == "settling":
                    assert settlement_entered.wait(3)
                    assert job.public()["status"] == "SETTLING"
                else:
                    e.calls[0]["worker"].join(8)
                    assert not e.calls[0]["worker"].is_alive()
                    assert job.status == job.terminal_hook_status == "COMPLETED"
                return original_refresh(*args, **kwargs)
            with monkeypatch.context() as boundary:
                boundary.setattr(e.models, "_refresh", finish_between_observations)
                pending = refresh(e, pending)
            # A completed provider receipt is not archival authority. No typed
            # result or review transition may be persisted through the legacy path.
>           assert pending["status"] == "RUNNING" and not pending["stale"]
E           AssertionError: assert ('WAITING_APPROVAL' == 'RUNNING'
E             
E             - RUNNING
E             + WAITING_APPROVAL)

tests/test_v2_graph_text_assets.py:401: AssertionError
_ test_manual_refresh_completion_boundary_requires_archive_before_review[file-settling] _

model_rig = namespace(nid='v2-independent-f58b15fc58c84e4fa1129efbf20faf25', scope={'mode': 'local', 'novel_id': 'v2-independent-f...>, <threading.Event at 0x7efd3d95c8f0: set>], active=True, guard=<function configure.<locals>.guard at 0x7efd3d5b3100>)
monkeypatch = <_pytest.monkeypatch.MonkeyPatch object at 0x7efd3d56a600>
arrival = 'settling'

    @pytest.mark.parametrize("arrival", ["completed", "settling"])
    def test_manual_refresh_completion_boundary_requires_archive_before_review(model_rig, monkeypatch, arrival):
        from test_v2_ai_execution_runtime import dispatch, refresh
        e = model_rig; entered, release = spy_transport(e, monkeypatch, blocked=True)
        sent = dispatch(e, preview(e, admit(e)), archive_result=True)
        job = e.manager.get(sent["model_runtime"]["execution"]["job_id"])
        settlement_entered, settlement_release = Event(), Event()
        e.releases.append(settlement_release)
        original_settle = job.on_terminal
        def settle():
            settlement_entered.set()
            assert settlement_release.wait(6), "fixture settlement release missing"
            original_settle()
        if arrival == "settling":
            job.on_terminal = settle
        before_chapters = deepcopy(e.chapters.list(e.nid))
        try:
            assert entered.wait(3)
            pending = refresh(e, sent)
            assert pending["asset_output"]["state"] == "PENDING" and not pending["stale"]
            original_refresh = e.models._refresh
            def finish_between_observations(*args, **kwargs):
                # The outer archival precheck has observed GENERATING. Let the
                # original worker reach its real terminal boundary before _refresh.
                assert job.status == "GENERATING"
                release.set()
                if arrival == "settling":
                    assert settlement_entered.wait(3)
                    assert job.public()["status"] == "SETTLING"
                else:
                    e.calls[0]["worker"].join(8)
                    assert not e.calls[0]["worker"].is_alive()
                    assert job.status == job.terminal_hook_status == "COMPLETED"
                return original_refresh(*args, **kwargs)
            with monkeypatch.context() as boundary:
                boundary.setattr(e.models, "_refresh", finish_between_observations)
                pending = refresh(e, pending)
            # A completed provider receipt is not archival authority. No typed
            # result or review transition may be persisted through the legacy path.
            assert pending["status"] == "RUNNING" and not pending["stale"]
            assert pending["review"] is None and pending["asset_output"]["state"] == "PENDING"
            assert pending["node_states"]["Generate"]["output"] is None
            assert raw(e, sent)["node_states"]["Generate"]["status"] == "WORKING"
            assert "Generate" not in raw(e, sent)["typed_outputs"] and not assets(e)
            if arrival == "settling":
                # A second explicit refresh can observe the active terminal hook
                # itself; it must remain refreshable rather than look stale/failed.
                pending = refresh(e, pending)
>               assert pending["status"] == "RUNNING" and not pending["stale"]
E               AssertionError: assert ('RUNNING' == 'RUNNING'
E                 
E                   RUNNING and not True)

tests/test_v2_graph_text_assets.py:410: AssertionError
- generated xml file: /workspace/scratch/b8734129d01d/AI-Novel-Studio-cloud/docs/delivery/v2-development/stage-m4b-manual-refresh-red.xml -
=========================== short test summary info ============================
FAILED tests/test_v2_graph_text_assets.py::test_manual_refresh_completion_boundary_requires_archive_before_review[file-completed]
FAILED tests/test_v2_graph_text_assets.py::test_manual_refresh_completion_boundary_requires_archive_before_review[file-settling]
2 failed, 44 deselected in 7.49s
