.............................s.s.s.s.s.s.s.s.s.s.s.s.s.s.s.s.s.s.s.s.s.s [  2%]
.........................ss..ss..ss..ss..ss..ss..ss..ss..ss..sssssssssss [  4%]
sssssssssssssssssssssssssssssssssssssssssssssssssssssssssssss........... [  6%]
.............................................................sssssssssss [  8%]
sssssssssssssssssssssssssssssssssssssssssssssssssssssssssssss........... [ 10%]
.............................................................sssssssssss [ 13%]
sssssssssssssssssssssssss....................................sssssssssss [ 15%]
s............ssssssssssss............ssssssssssss............sssssssssss [ 17%]
s............ss...ssssssssssssssssssssssssssssssssssssssssssssssssssssss [ 19%]
ssssssssssssssssss...................................................... [ 21%]
..................ssssssssssss............ssssssssssssssssssssssssssssss [ 23%]
ssssss....................................ssssssssssss............ssssss [ 26%]
ssssssssssssssssssssssssssssssssssssssssss.............................. [ 28%]
..................ssssssssssss............ssssssssssssssssssssssssssssss [ 30%]
..............................ssssss......ss..ss..ss..ssss....ss..ss..ss [ 32%]
..ss..ss..ss..ssssssssssss............ssssssssssssssssssssssssssssssssss [ 34%]
ssssssssssssssssssssssssssssssss........................................ [ 36%]
..........................ssssssssssssssssss..................ss..ssssss [ 39%]
ss........ssss....ssssssssssss............ssssss......ss..ss..ss..ss..ss [ 41%]
..ssssssssss..........ssssssss........ss..ssssssssssssssssssssssssssssss [ 43%]
...s.s.s.s.s.s.s.sssssss.......s.s.s.s.s.s.sss...s..ss..s.s.s.s.s.s.s.s. [ 45%]
sssssssss...sssss.....s.s.s.s.s.s.s.s.s.ss..ssssssssssssss.............. [ 47%]
ss..ss..ss..ss..ss..ss..ss..ss..ss..s.s.s.ssssss......s.sss...s.s.s.s.s. [ 49%]
sssssss.......sssssssss.........s.s.s.s.sssssssssssss.............sssss. [ 52%]
....s.s.s.ss..s.s.s.s.sssss.....s.s.s.ss..s.s.s.s.s.s.s.s.s.sssssss..... [ 54%]
..ss..ssss....ss..ss..ss..ss..ssss....ss..ss..ss..ss..ssssssss........ss [ 56%]
sssss.......sss...ss..s.s.ssssssssss..........ss..s.ss..sss...s.s.s.ssss [ 58%]
sssss.........s.s.s.s.ss..ss..ss..ss..s.sss...s.s.sss...s.ss..ss........ [ 60%]
........s.s.ssssssss........s.s.s.s.ssssssssss..........s.s.s.s.s.s...s. [ 62%]
s.s.ss..ss..ss..ss..ss..ss..ss..ss..ss..ss..ss..ss..ss..ss..ss..ss..ss.. [ 65%]
ss..........ss..ss...................................................... [ 67%]
........................................................................ [ 69%]
........................................................................ [ 71%]
......................................................................s. [ 73%]
s.s.s.s.s.s.s.s.s.s.s.s.s.s.s.s.s.s.s.s.s.s.s.s.s.s.s.s.s.s.ssssssssssss [ 76%]
s.............ss..ssss....ss..ss..ssss....ss..ss..ss.................... [ 78%]
........................................................................ [ 80%]
........................................................................ [ 82%]
........................................................................ [ 84%]
........................................................................ [ 86%]
........................................................................ [ 89%]
....s................................................................... [ 91%]
........................................................................ [ 93%]
........................................................................ [ 95%]
........................................................................ [ 97%]
........................................................................ [ 99%]
...                                                                      [100%]
=============================== warnings summary ===============================
.venv/lib/python3.12/site-packages/fastapi/testclient.py:1
  /workspace/scratch/b8734129d01d/AI-Novel-Studio-cloud/.venv/lib/python3.12/site-packages/fastapi/testclient.py:1: StarletteDeprecationWarning: Using `httpx` with `starlette.testclient` is deprecated; install `httpx2` instead.
    from starlette.testclient import TestClient as TestClient  # noqa

-- Docs: https://docs.pytest.org/en/stable/how-to/capture-warnings.html
2183 passed, 1132 skipped, 1 warning in 1056.58s (0:17:36)
