.......................ssss.s.s.s.s...sss..s.s.s.s.....sssss.....sssss.s [  8%]
.s.s..s....ssss.s.s.s..ss.s.s.s..ss..........ssssssssss..ss..ss..ss....s [ 16%]
sss..ss..ss..ss..ss..ss..ss..ss..ss..ss..ss............................. [ 24%]
..............s...sss.s.s.s.s.s.......sssssss.........sssssssss.s.s.s.s. [ 32%]
............sssssssssssss.....sssss.s.s.s..ss.s.s.s.s.....sssss.s.s.s..s [ 40%]
s.s.s.s.s.s.s.s.s.s.......sssssss.s.s.s.s.s.s.s.s.s.s.s.s.s.s.s.s.s.s.s. [ 48%]
s.............sssssssssssss..ss....ssss..ss..ss....ssss..ss..ss..ss..... [ 56%]
........................................................................ [ 64%]
.ss..ss....ssss....ssss......................ssssssssssssssssssssss..... [ 72%]
.....ssssssssss..ss....ssss..ss..s.s....ssss..ss..ss......ssssss.s...... [ 80%]
.......sssssssssssss.s.s..ss.s.s.s.s.s..ss.s..ss.s.s.s.s.s.s.s.s.s.s.s.. [ 88%]
ss..........ssssssssss..ss..............................s.s.s.s.s.s.s.s. [ 96%]
..................................                                       [100%]
=============================== warnings summary ===============================
.venv/lib/python3.12/site-packages/fastapi/testclient.py:1
  /workspace/scratch/b8734129d01d/AI-Novel-Studio-cloud/.venv/lib/python3.12/site-packages/fastapi/testclient.py:1: StarletteDeprecationWarning: Using `httpx` with `starlette.testclient` is deprecated; install `httpx2` instead.
    from starlette.testclient import TestClient as TestClient  # noqa

-- Docs: https://docs.pytest.org/en/stable/how-to/capture-warnings.html
- generated xml file: /workspace/scratch/b8734129d01d/AI-Novel-Studio-cloud/docs/delivery/v2-development/stage-m4b-selected-file-final1.xml -
551 passed, 347 skipped, 1 warning in 165.94s (0:02:45)
