.............................s.s.s.s.s.s.s.s.s.s.s.s.s.s.s.s.s.s.s.s.s.s [  3%]
.........................ss..ss..ss..ss..ss..ss..ss..ss..ss..sssssssssss [  7%]
sssssssssssssssssssssssssssssssssssssssssssssssssssssssssssss........... [ 10%]
.............................................................sssssssssss [ 14%]
sssssssssssssssssssssssssssssssssssssssssssssssssssssssssssss........... [ 18%]
.............................................................sssssssssss [ 21%]
sssssssssssssssssssssssss....................................sssssssssss [ 25%]
s............ssssssssssss............ssssssssssss............sssssssssss [ 28%]
s............ss...ssssssssssssssssssssssssssssssssssssssssssssssssssssss [ 32%]
ssssssssssssssssss...................................................... [ 36%]
..................ssssssssssss............ssssssssssssssssssssssssssssss [ 39%]
ssssss....................................ssssssssssss............ssssss [ 43%]
ssssssssssssssssssssssssssssssssssssssssss.............................. [ 46%]
..................ssssssssssss............ssssssssssssssssssssssssssssss [ 50%]
..............................ssssss......ss..ss..ss..ssss....ss..ss..ss [ 54%]
..ss..ss..ss..ssssssssssss............ssssssssssssssssssssssssssssssssss [ 57%]
ssssssssssssssssssssssssssssssss........................................ [ 61%]
..........................ssssssssssssssssss..................ss..ssssss [ 64%]
ss........ssss....ssssssssssss............ssssss......ss..ss..ss..ss..ss [ 68%]
..ssssssssss..........ssssssss........ss..ssssssssssssssssssssssssssssss [ 72%]
...s.s.s.s.s.s.s.sssssss.......s.s.s.s.s.s.sss...s..ss..s.s.s.s.s.s.s.s. [ 75%]
sssssssss...sssss.....s.s.s.s.s.s.s.s.s.ss..ssssssssssssss.............. [ 79%]
ss..ss..ss..ss..ss..ss..ss..ss..ss..s.s.s.ssssss......s.sss...s.s.s.s.s. [ 82%]
sssssss.......sssssssss.........s.s.s.s.sssssssssssss.............sssss. [ 86%]
....s.s.s.ss..s.s.s.s.sssss.....s.s.s.ss..s.s.s.s.s.s.s.s.s.ss..ssss.... [ 90%]
ss..ss..ss..ss..ssss....ss..ss..ss..ss..ssssssss........sssssss.......ss [ 93%]
s...ss..s.s.ssssssssss..........ss..s.ss..sss...s.s.s.sssssssss......... [ 97%]
s.s.s.s.ss..ss..ss..ss..s.sss...s.s.sss...s.ss..ss....                   [100%]
=============================== warnings summary ===============================
.venv/lib/python3.12/site-packages/fastapi/testclient.py:1
  /workspace/scratch/b8734129d01d/AI-Novel-Studio/.venv/lib/python3.12/site-packages/fastapi/testclient.py:1: StarletteDeprecationWarning: Using `httpx` with `starlette.testclient` is deprecated; install `httpx2` instead.
    from starlette.testclient import TestClient as TestClient  # noqa

-- Docs: https://docs.pytest.org/en/stable/how-to/capture-warnings.html
1011 passed, 987 skipped, 1 warning in 678.29s (0:11:18)
