
 RUN  v2.1.9 /workspace/scratch/b8734129d01d/AI-Novel-Studio/frontend

 ✓ src/ui/LocalAiDiscovery.test.tsx (24 tests) 1194ms
 ✓ src/novel/StoryCoreRecordVersionEditor.test.tsx (59 tests) 3657ms
 ✓ src/experimental/StyleReviewPanels.test.tsx (16 tests) 2472ms
   ✓ reads without running analysis, requires explicit preview/review/use, and validates the receipt again 738ms
 ✓ src/experimental/WorkspaceToolsPanel.test.tsx (30 tests) 6077ms
   ✓ real workspace tools UI > saves explicit chapter metadata and note with CAS, never manuscript or token 516ms
   ✓ real workspace tools UI > shows stale recovery choice and never jumps until explicit current-version approval 758ms
   ✓ real workspace tools UI > discards pending search and action responses after A → B → A scope changes 387ms
   ✓ real workspace tools UI > supports keyboard search results and only exposes enabled safe scenario navigation 321ms
   ✓ AUDIT ignores a search jump after the search panel is dismissed for a newer task view 318ms
   ✓ keeps the newest safe command instead of a delayed search jump 301ms
   ✓ deduplicates repeated resolves and only honors the reopened search request 607ms
   ✓ drops a delayed search jump after the query changes 423ms
   ✓ captures actual split visibility and keeps search/task filters across section changes and remount 400ms
 ✓ src/experimental/StorySimulatorPanel.test.tsx (14 tests) 7418ms
   ✓ reads only on opening; builds explicit bounded manual inputs with captured authority and normalized fact lines 932ms
   ✓ compares violations and hypotheses, saves only REVIEW once and navigates to the existing planning authority 880ms
   ✓ advances explicitly, cancels explicitly, and stops offering expansion after cancellation 387ms
   ✓ preserves editable drafts on failure and requires recovery before retry 745ms
   ✓ invalidates source-bound context immediately when the active chapter revision advances 514ms
   ✓ recovers persisted manual inputs only by explicit action and requires renewed context review 359ms
   ✓ previews exact local character request, dispatches once with consent, then manually selects checked candidate 894ms
   ✓ model cancellation and unknown admission never offer automatic replay or candidate adoption 448ms
   ✓ ignores late model preview from a replaced scope and never preserves its consent 626ms
   ✓ changing selected model route clears consent and fences a previously reviewed request 399ms
   ✓ invalidates scene context receipts and sends selected original scene with separate mind claims 605ms
 ✓ src/experimental/OfflineSyncPanel.test.tsx (11 tests) 2164ms
   ✓ defaults to no selection, no mutation or external transport, and explicit selected chapter queue 474ms
   ✓ outbox preview requires copy acknowledgement, reuses same envelope and cleans up local file on revocation 345ms
 ✓ src/AuditGenerationScope.test.tsx (28 tests) 3462ms
   ✓ AUDIT fences a late generation creation response after chapter navigation 552ms
 ✓ src/ui/LocalAiModelFiles.test.tsx (20 tests) 1011ms
 ✓ src/experimental/DeclarativeTemplatePanels.test.tsx (8 tests) 3708ms
   ✓ opens both panels read-only in StrictMode with original authority headers and no auto execution 426ms
   ✓ uses real form contracts, explicit graph check and version-bound creation before separate execute and review 1557ms
   ✓ invalidates graph preflight on edits, never lists browser invented tools, and preserves input on rejected save 309ms
   ✓ previews installs favorites copies edits compares and reverts without running a workflow or overwriting instantiated work 334ms
   ✓ requires a separate exact model preview confirmation and never auto dispatches or approves a deferred model node 595ms
 ✓ src/interop/LocalTutorIntegration.test.tsx (70 tests) 10539ms
   ✓ defaults content unchecked, previews metadata only and sends only after confirmation 351ms
   ✓ cancels old responses and prevents duplicate sends during repeated clicks 335ms
   ✓ reconnect leaves ongoing sharing unchecked even after a previously active grant 305ms
   ✓ emergency disconnect cancels the in-flight request and requires the complete acknowledgment before showing success 328ms
   ✓ a late formal status response cannot undo acknowledged emergency revocation 338ms
   ✓ refresh confirms an out-of-band standing revoke without ever silently restoring a grant 580ms
 ✓ src/AppRevisionHistory.test.tsx (23 tests) 1711ms
 ✓ src/creative/CreativeWorkspace.test.tsx (29 tests) 10252ms
   ✓ creative workspace protected manuscript and request boundaries > recovers saved SCREENPLAY when its stage is selected before the initial reads finish 403ms
   ✓ creative workspace protected manuscript and request boundaries > recovers saved VIDEO_PLANNING when its stage is selected before the initial reads finish 395ms
   ✓ creative workspace protected manuscript and request boundaries > initializes only the latest selected stage after a delayed successful empty list 597ms
   ✓ creative workspace protected manuscript and request boundaries > keeps an explicit new document, including an untouched draft, across stage and source changes 665ms
   ✓ creative workspace protected manuscript and request boundaries > does not treat a failed list read as an empty project and recovers on explicit retry 435ms
   ✓ creative workspace protected manuscript and request boundaries > reloads saved content after confirmed discard and immediate workbench reopen 906ms
   ✓ creative workspace protected manuscript and request boundaries > does not replace a blocked dirty draft when a recovery reread discovers its uncertain creation 797ms
   ✓ creative workspace protected manuscript and request boundaries > initializes the new scope only when its list succeeds and ignores the old pending list 347ms
   ✓ creative workspace protected manuscript and request boundaries > exposes all five keyboard-accessible modes while the manuscript stays mounted 780ms
   ✓ creative workspace protected manuscript and request boundaries > creates once, saves again with the returned version, and preserves captured identity 694ms
   ✓ creative workspace protected manuscript and request boundaries > coalesces repeated save clicks while a mutation is pending 410ms
   ✓ creative workspace protected manuscript and request boundaries > preserves and locks the local draft after uncertain status 409 403ms
   ✓ creative workspace protected manuscript and request boundaries > requires explicit server-version adoption and preserves the draft when adoption is cancelled 498ms
   ✓ creative workspace protected manuscript and request boundaries > reorders storyboard shots without replacing their identities and saves their new sequence 327ms
 ✓ src/ui/ModelCenter.test.tsx (10 tests) 647ms
 ✓ src/novel/PluginManagerPanel.test.tsx (15 tests) 1131ms
 ✓ src/experimental/WritingFocusPanel.test.tsx (13 tests) 2778ms
   ✓ U04 actual writing focus controls > loads under StrictMode, applies prose preferences and persists versioned personal settings 617ms
   ✓ U04 actual writing focus controls > preserves preference changes before initial loading and after conflict refresh 303ms
   ✓ U04 actual writing focus controls > requires selected target, reviewed preview and explicit copy; never approves the proposal 494ms
   ✓ U04 actual writing focus controls > invalidates copy preview when field changes and on stale response 437ms
 ✓ src/ui/LocalAiDiscoveryConsent.test.tsx (23 tests) 1954ms
   ✓ V2 Local AI scan consent > never scans on mount; previews actual backend scope then confirms once without registration or inference 304ms
   ✓ discloses all registered-model safety inspections without truncating the backend scope 609ms
 ✓ src/creative/GraphRunPanel.test.tsx (19 tests) 1772ms
 ✓ src/AppWorkspaceResume.test.tsx (33 tests) 9151ms
   ✓ reopens the saved chapter through current authority and applies original reading/split state only after explicit restore 873ms
   ✓ does not navigate away from dirty manuscript 480ms
   ✓ retains newer typing when fresh chapter verification is delayed 342ms
   ✓ discards a delayed verification after the restore panel is dismissed 539ms
   ✓ does not reopen after chapter A to B to A while current authority is being verified 313ms
   ✓ opens another authorized project only after original inventory and exact chapter version revalidation 754ms
   ✓ refuses cross-project search navigation while manuscript is dirty 425ms
   ✓ drops a delayed cross-project source when the author types during revalidation 528ms
   ✓ does not navigate to a search project removed from the refreshed original inventory 585ms
   ✓ opens the exact revision model owner with its original chapter after authoritative verification 419ms
   ✓ refuses a revision-owner chapter switch when the manuscript has unsaved work 455ms
   ✓ rejects a mismatched original revision job and never falls back to another draft 457ms
   ✓ drops delayed revision-owner navigation after new typing or scope change 440ms
   ✓ does not open a delayed revision source after its feature is revoked 303ms
 ✓ src/AppDraftRecovery.test.tsx (21 tests) 3887ms
   ✓ suppresses autosave and manual submit throughout composition and submits after it ends 1127ms
   ✓ labels browser-offline drafts honestly and permits an explicit reachable local-backend save 1071ms
 ✓ src/experimental/ModelBrokerPanel.test.tsx (9 tests) 1869ms
   ✓ captures actual scoped route preview and requires exact author receipt plus review before existing job dispatch 846ms
 ✓ src/ui/AppShell.test.tsx (19 tests) 915ms
 ✓ src/novel/StoryRecordVersionEditor.test.tsx (14 tests) 1066ms
 ✓ src/experimental/ExperimentalWorkbench.test.tsx (14 tests) 1440ms
 ✓ src/novel/ImageGenerationPanel.test.tsx (10 tests) 1071ms
   ✓ exposes real task lifecycle and only renders URI after generation resolves 365ms
 ✓ src/experimental/RevisionIntelligencePanel.test.tsx (10 tests) 2052ms
   ✓ captures original PM selection, previews two accepted blocks, and requires explicit confirmation 539ms
   ✓ preserves candidates on source conflict and invalidates stale approval after editing choices 358ms
   ✓ reuses exact author preview and blocks extra generated paragraphs from automatic candidate import 353ms
   ✓ compares real-version pins and explicitly labels imported model interpretations 474ms
 ✓ src/experimental/ProductionLineagePanel.test.tsx (11 tests) 992ms
 ✓ src/novel/AuthorRequestPreviewPanel.test.tsx (11 tests) 1088ms
 ✓ src/experimental/InteractiveStoryPanel.test.tsx (11 tests) 3167ms
   ✓ authors Unicode choices and typed variables then saves exact original IDs and scope 869ms
   ✓ actually plays server-returned choices to an ending, and resets bounded state 398ms
   ✓ requires exact review preview and drops receipt when edited 473ms
   ✓ explicit source rebind requires a current preview, then restores text only as draft 314ms
 ✓ src/experimental/ReaderSessionPanels.test.tsx (9 tests) 864ms
 ✓ src/creative/GraphCanvas.test.tsx (25 tests) 1640ms
 ✓ src/experimental/WriterRoomPanel.test.tsx (9 tests) 1586ms
   ✓ renders actual task progress and responsible change-request round trip without domain approval 718ms
 ✓ src/AppAuthorTaskNavigation.test.tsx (10 tests) 1818ms
   ✓ opens the exact original text job without broker or recovery flags, generation or acceptance 530ms
 ✓ src/experimental/MultilingualEditionsPanel.test.tsx (10 tests) 2245ms
   ✓ manual bilingual save→review→exact acceptance with RTL and no model calls 992ms
 ✓ src/novel/ResearchPanel.test.tsx (14 tests) 1750ms
   ✓ research panel > resets draft, editing, deletion and messages when the novel changes 368ms
 ✓ src/experimental/SafeBatchesPanel.test.tsx (10 tests) 1523ms
   ✓ mount and preflight never execute and request exact chosen chapter with hard zero budget 483ms
 ✓ src/novel/ScreenplayPanel.test.tsx (17 tests) 2153ms
 ✓ src/manualPromptConsent.test.tsx (17 tests) 1821ms
 ✓ src/creative/IndependentStudioGraphWorkspace.test.tsx (8 tests) 2593ms
   ✓ independent studio graph content integration > keeps graphs lazy until an explicit content choice, with unchanged eight shell modules 366ms
   ✓ independent studio graph content integration > saves an empty disconnected definition through the scoped owner and reopens it without creating a run 438ms
   ✓ independent studio graph content integration > allows optional Director removal and bounded undo without adding a chapter or starting a job 556ms
   ✓ independent studio graph content integration > retains the CAS-conflicted draft until an explicit checked adoption of the separately fetched server version 496ms
   ✓ independent studio graph content integration > protects unsaved graph input when leaving the graph content or fixed module switcher 323ms
 ✓ src/experimental/StoryGraphPanel.test.tsx (8 tests) 1497ms
   ✓ creates a typed relation with selected real IDs, no raw JSON form 474ms
 ✓ src/experimental/ResearchLibraryPanel.test.tsx (10 tests) 2609ms
   ✓ keeps original input on stale-source conflict and requires fresh citation selection 380ms
   ✓ allows deliberate current-version recovery while keeping edited metadata text 437ms
 ✓ src/experimental/ComicLayoutsPanel.test.tsx (8 tests) 1671ms
   ✓ mount is read-only; hand-edited numeric geometry reuses original source IDs and supports undo 591ms
   ✓ approves only displayed current pixels with exact digest and downloads only the approved version 315ms
 ✓ src/experimental/Wave5TemplatesSdkComics.test.tsx (4 tests) 1172ms
   ✓ combines legacy and extended catalogs, filters exact types and copies Agent to original definition without execution 419ms
   ✓ Agent runtime and capability requirements persist alongside finite input/output schemas, never granting a runtime 438ms
 ✓ src/creative/AIDirectorPanel.test.tsx (10 tests) 911ms
   ✓ AI director local proposal and explicit review > honestly prepares local rules without model calls and requires reviewed edited output before adoption 311ms
 ✓ src/creative/AssetRelationshipsPanel.test.tsx (11 tests) 920ms
 ✓ src/experimental/ProjectForksPanel.test.tsx (6 tests) 718ms
 ✓ src/creative/StudioSelectLabels.test.tsx (4 tests) 1189ms
   ✓ stable exact names for Studio selects with populated options > keeps relationship, reference-kind and target names stable through selection and saving 464ms
   ✓ stable exact names for Studio selects with populated options > keeps saved-graph, node, asset and port names stable while editing the real graph hook 556ms
 ✓ src/experimental/ModelTaskReopen.test.tsx (16 tests) 1614ms
   ✓ 'simulator' reopens the exact receipt, handles missing/back and never replays 462ms
 ✓ src/experimental/StyleAnalysisModelPanel.test.tsx (7 tests) 841ms
   ✓ does nothing on open and requires explicit local route selection and preview 341ms
 ✓ src/experimental/VoiceSubtitlePanels.test.tsx (7 tests) 1110ms
   ✓ captures actor/branch and reviewed text with literal pronunciation without unsolicited generation 381ms
 ✓ src/creative/IndependentStudioWorkspace.test.tsx (8 tests) 1841ms
   ✓ independent studio original owner integration > imports once and saves source provenance without chapters, models, or the legacy asset API 558ms
   ✓ independent studio original owner integration > retains uploaded v1 after a declaration failure and retries only the declaration 497ms
 ✓ src/novel/ExportPanel.test.tsx (12 tests) 2395ms
   ✓ ExportPanel industry formats > submits Fountain 剧本 through the authenticated durable queue 345ms
   ✓ ExportPanel industry formats > preserves cancel, retry and pending button states 529ms
 ✓ src/experimental/LanguageTranslationPanel.test.tsx (5 tests) 1405ms
   ✓ exact preview, explicit single dispatch, original recovery and separate adopt consent 436ms
   ✓ adoption updates visible saved draft while requiring separate submit and review 727ms
 ↓ src/experimental/ExperimentalWorkbench.http.test.tsx (6 tests | 6 skipped)
 ✓ src/experimental/NarrativeJudgeContinuationPanels.test.tsx (6 tests) 612ms
 ✓ src/experimental/ChangeImpactPanel.test.tsx (8 tests) 1167ms
   ✓ ChangeImpactPanel explicit scoped actions > shows exact/unknown evidence and preflights only explicitly selected nodes, never auto executes 468ms
 ✓ src/experimental/StructuredForksPanel.test.tsx (7 tests) 761ms
   ✓ keeps structured sources behind the existing panel disclosure, with no eager extra data fetch 309ms
 ✓ src/novel/PluginInspector.test.tsx (8 tests) 330ms
 ✓ src/novel/LocalHostSessionPanel.test.tsx (9 tests) 384ms
 ✓ src/experimental/StructuredSearchNavigation.test.tsx (12 tests) 2562ms
   ✓ resolves organization with its exact original owner and original ID 637ms
   ✓ resolves rule with its exact original owner and original ID 403ms
   ✓ resolves story_graph with its exact original owner and original ID 350ms
   ✓ resolves asset with its exact original owner and original ID 334ms
   ✓ resolves workflow with its exact original owner and original ID 342ms
 ✓ src/novel/AIPlanningPanel.project.test.tsx (11 tests) 668ms
 ✓ src/creative/IndependentStudioReadFences.test.tsx (7 tests) 2427ms
   ✓ independent asset read fences and truthful capability labels > locks mutation inputs during explicit refresh and preserves the next draft after the read finishes 924ms
   ✓ independent asset read fences and truthful capability labels > ignores delayed recovery after the author explicitly selects a different asset and starts a draft 376ms
   ✓ independent asset read fences and truthful capability labels > shows safe READY storage state without filesystem paths or cleanup controls 313ms
 ✓ src/novel/EntryExperience.test.tsx (10 tests) 1378ms
 ✓ src/AppBrokerRecovery.test.tsx (4 tests) 1054ms
   ✓ opens an existing broker job only after fresh authorization and retains original review actions 663ms
 ✓ src/experimental/BranchManuscriptPanel.test.tsx (6 tests) 575ms
 ✓ src/novel/AiWritingPanel.test.tsx (12 tests) 577ms
 ✓ src/novel/WorkflowScopeGuards.test.tsx (20 tests) 646ms
 ✓ src/novel/FirstUsePanel.test.tsx (8 tests) 773ms
   ✓ FirstUsePanel > explains five scenarios, skips and reopens without a write 311ms
 ✓ src/novel/MultimodalDirectorWorkspace.test.tsx (11 tests) 1062ms
 ✓ src/experimental/WorkspaceInteractionPanel.test.tsx (13 tests) 561ms
 ✓ src/creative/IndependentStudioRelationships.test.tsx (5 tests) 2934ms
   ✓ studio relationship ownership and draft integration > keeps a relationship draft across navigation attempts and prevents other asset mutations 924ms
   ✓ studio relationship ownership and draft integration > saves through the original asset owner and refreshes the source version without copying a target 768ms
   ✓ studio relationship ownership and draft integration > preserves CAS-conflicted input and source version until an explicit reload 509ms
   ✓ studio relationship ownership and draft integration > clears selected private content when saving the relationship is revoked 386ms
   ✓ studio relationship ownership and draft integration > prevents relation writes while a provenance draft is being edited 345ms
 ✓ src/interop/client.test.ts (10 tests) 53ms
 ✓ src/experimental/MediaPanel.continuation.test.tsx (6 tests) 986ms
   ✓ uses original project character and screenplay/shot choices, including source CAS 334ms
 ✓ src/experimental/AdapterReceiptProjection.test.tsx (8 tests) 677ms
 ✓ src/novel/AuthorSourcePicker.test.tsx (5 tests) 635ms
 ✓ src/experimental/MediaPanel.recovery.test.tsx (7 tests) 843ms
   ✓ media promotion checkpoint recovery > makes interrupted cover approval recoverable with Inbox disabled, only after explicit action 405ms
 ✓ src/experimental/NarrativeJudgeModelPanel.test.tsx (6 tests) 490ms
 ✓ src/experimental/PortableProjectsPanel.maintenance.test.tsx (5 tests) 593ms
   ✓ shows original and candidate hashes plus exact affected versions before explicit replacement consent 360ms
 ✓ src/AIEnvironmentSummaryOwner.test.tsx (8 tests) 525ms
 ✓ src/novel/PendingCanonReviewPanel.test.tsx (7 tests) 737ms
   ✓ original Canon review surface > requires human review, closes without write, and deduplicates clicks with exact CAS evidence 375ms
 ✓ src/AppStorySourceNavigation.test.tsx (9 tests) 1334ms
   ✓ reads the exact chapter through original authority before normal App hydration 385ms
 ✓ src/experimental/WorkspaceSearch.test.tsx (6 tests) 3308ms
   ✓ sends scoped filters, pages and a safe rebuild through the captured client 1159ms
   ✓ cancels server work, drops late bodies/counts/suggestions, and permits retry 401ms
   ✓ withholds source text and autocomplete after a revoked refresh or resolve 397ms
   ✓ does not search unfinished IME composition and submits the completed Chinese text 734ms
   ✓ invalidates a pending cross-project source jump on filter change 336ms
 ✓ src/novel/StoryRecordLifecycle.test.tsx (20 tests) 1398ms
 ✓ src/WorkspaceAdminPanel.test.tsx (6 tests) 366ms
 ✓ src/creative/IndependentStudioSequentialImport.test.tsx (2 tests) 922ms
   ✓ independent studio sequential import readiness > does not advertise readiness at lineage completion while the asset list refresh is still pending, then imports the next file once 773ms
 ✓ src/novel/ScreenplayPanel.revision.test.tsx (5 tests) 636ms
 ✓ src/experimental/PortableProjectsPanel.test.tsx (5 tests) 582ms
 ✓ src/novel/AiContextPreviewPanel.test.tsx (6 tests) 536ms
 ✓ src/localAiDiscoveryConsentApi.test.ts (20 tests) 46ms
 ✓ src/experimental/WorkflowInspectionPanel.test.tsx (6 tests) 739ms
   ✓ WorkflowInspectionPanel passive API flow > sends actual imported JSON to scoped API and shows unavailable execution honestly 421ms
 ✓ src/AIEnvironmentSummary.test.tsx (7 tests) 404ms
 ✓ src/novel/EntryExperience.studio.test.tsx (6 tests) 693ms
 ✓ src/experimental/EmbeddingPanel.continuation.test.tsx (5 tests) 888ms
   ✓ picks a scoped real research source without raw IDs and does not simulate embeddings 323ms
 ✓ src/creative/AIDirectorFastReceipt.test.tsx (3 tests) 477ms
 ✓ src/novel/FindingReviewPanel.test.tsx (5 tests) 745ms
   ✓ source-bound finding review > requires reason and human confirmation, cancellation writes nothing, and submits exact CAS tokens 492ms
 ✓ src/novel/ExportPanel.scope.test.tsx (13 tests) 2050ms
   ✓ ExportPanel scope isolation > discards a late creation after a project change 353ms
 ✓ src/creative/graphCanvasGeometry.test.ts (9 tests) 36ms
 ✓ src/experimental/RegisteredMediaPanel.test.tsx (4 tests) 1001ms
   ✓ selects a registered original image route and queues exactly one seeded task without inference 518ms
 ✓ src/AppAdaptationNavigation.test.tsx (12 tests) 2067ms
   ✓ opens exact original proposal/task/revision without switching manuscript or executing work 614ms
 ✓ src/ConflictDialog.test.tsx (6 tests) 135ms
 ✓ src/novel/AIPlanningPanel.test.tsx (6 tests) 397ms
 ✓ src/novel/AdaptationPanel.test.tsx (6 tests) 585ms
 ✓ src/novel/AudiobookManifestPanel.test.tsx (4 tests) 474ms
 ✓ src/experimental/RevisionComparisonModelPanel.test.tsx (4 tests) 341ms
 ✓ src/novel/CharacterAuthorPanel.test.tsx (3 tests) 562ms
   ✓ excludes source/style/plan before requesting character preview and disables unsupported operations 368ms
 ✓ src/novel/AdaptationLifecycleControls.test.tsx (4 tests) 705ms
 ✓ src/novel/VideoTimeline.test.tsx (12 tests) 356ms
 ✓ src/novel/AiWritingVariants.test.tsx (6 tests) 406ms
 ✓ src/workspaceSelection.v2.test.ts (10 tests) 25ms
 ✓ src/experimental/DirectorPanel.test.tsx (3 tests) 1049ms
   ✓ mount is read-only and manual candidate save keeps original source versions 591ms
 ✓ src/novel/AuthorSourceItems.test.tsx (4 tests) 435ms
 ✓ src/creative/DirectorModelControls.test.tsx (3 tests) 392ms
 ✓ src/experimental/TimelineExchangePanel.test.tsx (4 tests) 411ms
 ✓ src/novel/ExportPanel.recovery.test.tsx (4 tests) 1259ms
   ✓ rediscovers the same durable job and snapshot after full remount and downloads it 785ms
 ✓ src/drafts.test.ts (6 tests) 49ms
 ✓ src/interop/DesktopIntegrationDetails.test.tsx (19 tests) 445ms
 ✓ src/WorkspaceManagement.test.tsx (5 tests) 154ms
 ✓ src/ui/AppShell.projectNoun.test.tsx (12 tests) 356ms
 ✓ src/experimental/PlanningPanel.recovery.test.tsx (2 tests) 1049ms
   ✓ planning same-node version recovery > retains local edits after external change and only rebases through an explicit action 744ms
   ✓ planning same-node version recovery > retains local edits after proposal approval and only rebases through an explicit action 304ms
 ✓ src/experimental/TranslationMemoryPanel.test.tsx (4 tests) 306ms
 ✓ src/Editor.anchor.test.tsx (3 tests) 224ms
 ✓ src/AppProjectStory.test.tsx (4 tests) 776ms
 ✓ src/novel/NovelImportPanel.test.tsx (3 tests) 169ms
 ✓ src/novel/VisualReferencePanel.test.tsx (3 tests) 291ms
 ✓ src/novel/MotionTaskWorkspace.test.tsx (5 tests) 412ms
 ✓ src/ui/MediaProviderSettings.test.tsx (3 tests) 194ms
 ❯ src/novel/AgentTeamPanel.additional.test.tsx (5 tests | 1 failed) 1692ms
   × shows additional roles when there are no legacy roles and chooses a registered default 1063ms
     → expected "createAgentJob" to be called with arguments: [ ObjectContaining{…} ]

Received: 

  1st createAgentJob call:

  Array [
-   ObjectContaining {
-     "agent_id": "verifier",
+   Object {
+     "agent_id": "planner",
+     "branch_id": undefined,
+     "chapter": 1,
+     "chapter_id": "n:1",
+     "execution_mode": "deterministic",
+     "instruction": "",
+     "model_id": undefined,
+     "novel_id": "n",
+     "provider_id": undefined,
+     "target": "local",
    },
  ]


Number of calls: 1


Ignored nodes: comments, script, style
[36m<html>[39m
  [36m<head />[39m
  [36m<body>[39m
    [36m<div>[39m
      [36m<section[39m
        [33mclass[39m=[32m"ui-panel"[39m
      [36m>[39m
        [36m<header>[39m
          [36m<h2>[39m
            [0m本机可信会话[0m
          [36m</h2>[39m
        [36m</header>[39m
        [36m<section[39m
          [33mclass[39m=[32m"novel-draft-review"[39m
        [36m>[39m
          [36m<p[39m
            [33mclass[39m=[32m"novel-help"[39m
          [36m>[39m
            [0m本机开发 Host 的 Agent 任务需要已授权的访问凭证。验证后继续使用本机作品；凭证只保留在当前页面内存中，刷新后需重新验证。[0m
          [36m</p>[39m
          [36m<label>[39m
            [0m本机访问凭证[0m
            [36m<input[39m
              [33mautocomplete[39m=[32m"off"[39m
              [33mtype[39m=[32m"password"[39m
              [33mvalue[39m=[32m""[39m
            [36m/>[39m
          [36m</label>[39m
          [36m<button[39m
            [33mclass[39m=[32m"ui-button ui-button--primary"[39m
            [33mdisabled[39m=[32m""[39m
          [36m>[39m
            [0m验证并绑定本机会话[0m
          [36m</button>[39m
        [36m</section>[39m
      [36m</section>[39m
      [36m<section[39m
        [33mclass[39m=[32m"ui-panel"[39m
      [36m>[39m
        [36m<header>[39m
          [36m<h2>[39m
            [0mCreative Agent 任务[0m
          [36m</h2>[39m
        [36m</header>[39m
        [36m<section[39m
          [33maria-labelledby[39m=[32m"agent-job-title"[39m
          [33mclass[39m=[32m"novel-draft-review"[39m
        [36m>[39m
          [36m<header>[39m
            [36m<strong[39m
              [33mid[39m=[32m"agent-job-title"[39m
            [36m>[39m
              [0m创建 Agent 任务[0m
            [36m</strong>[39m
            [36m<span[39m
              [33mclass[39m=[32m"ui-badge ui-badge--neutral"[39m
            [36m>[39m
              [0mVALIDATED[0m
            [36m</span>[39m
          [36m</header>[39m
          [36m<label>[39m
            [0mAgent 角色[0m
            [36m<select>[39m
              [36m<option[39m
                [33mvalue[39m=[32m"verifier"[39m
              [36m>[39m
                [0m核验 Agent[0m
              [36m</option>[39m
            [36m</select>[39m
          [36m</label>[39m
          [36m<p[39m
            [33mclass[39m=[32m"novel-help"[39m
          [36m>[39m
            [0m核验世界与人物。[0m
          [36m</p>[39m
          [36m<label>[39m
            [0m执行方式[0m
            [36m<select>[39m
              [36m<option[39m
                [33mvalue[39m=[32m"deterministic"[39m
              [36m>[39m
                [0m本地契约验证[0m
              [36m</option>[39m
              [36m<option[39m
                [33mdisabled[39m=[32m""[39m
                [33mvalue[39m=[32m"model"[39m
              [36m>[39m
                [0m当前文本模型[0m
              [36m</option>[39m
            [36m</select>[39m
          [36m</label>[39m
          [36m<label>[39m
            [0m任务说明[0m
            [36m<textarea />[39m
          [36m</label>[39m
          [36m<div[39m
            [33mclass[39m=[32m"novel-actions"[39m
          [36m>[39m
            [36m<button[39m
              [33mclass[39m=[32m"ui-button ui-button--primary"[39m
            [36m>[39m
              [0m启动任务[0m
            [36m</button>[39m
          [36m</div>[39m
          [36m<p[39m
            [33mclass[39m=[32m"novel-help"[39m
            [33mrole[39m=[32m"status"[39m
          [36m>[39m
            [0m状态 VALIDATED · 契约校验，未调用模型。空结果不是创作完成，因此没有审核或应用到正文入口。[0m
          [36m</p>[39m
        [36m</section>[39m
      [36m</section>[39m
      [0m [0m
      [36m<section[39m
        [33mclass[39m=[32m"ui-panel"[39m
      [36m>[39m
        [36m<header>[39m
          [36m<h2>[39m
            [0mAgent 角色目录[0m
          [36m</h2>[39m
        [36m</header>[39m
        [36m<ul[39m
          [33maria-label[39m=[32m"Creative Agent 角色"[39m
          [33mclass[39m=[32m"novel-record-list"[39m
        [36m>[39m
          [36m<li>[39m
            [36m<article>[39m
              [36m<header>[39m
                [36m<strong>[39m
                  [0m核验 Agent[0m
                [36m</strong>[39m
                [36m<span[39m
                  [33mclass[39m=[32m"ui-badge ui-badge--info"[39m
                [36m>[39m
                  [0m只读检查[0m
                [36m</span>[39m
              [36m</header>[39m
              [36m<p>[39m
                [0m核验世界与人物。[0m
              [36m</p>[39m
              [36m<p[39m
                [33mclass[39m=[32m"novel-help"[39m
              [36m>[39m
                [0m输出契约：[0m
                [0mverification_findings[0m
              [36m</p>[39m
              [36m<p[39m
                [33mclass[39m=[32m"novel-help"[39m
              [36m>[39m
                [0m允许工具：[0m
                [0mcontext.read、chapter.read[0m
              [36m</p>[39m
            [36m</article>[39m
          [36m</li>[39m
        [36m</ul>[39m
      [36m</section>[39m
    [36m</div>[39m
  [36m</body>[39m
[36m</html>[39m
 ✓ src/ui/FeatureLauncher.test.tsx (5 tests) 582ms
 ✓ src/experimental/SharedUniversePanel.test.tsx (3 tests) 372ms
 ✓ src/RevisionPanel.test.tsx (4 tests) 222ms
 ✓ src/novel/ImageInfiniteCanvas.test.tsx (6 tests) 365ms
 ✓ src/experimental/ResearchLibraryPanel.continuation.test.tsx (3 tests) 793ms
   ✓ replaces original file bytes against the selected source version 446ms
 ✓ src/creative/ProductionTimeline.test.tsx (4 tests) 362ms
 ✓ src/novel/VisualTextWorkflow.test.tsx (3 tests) 197ms
 ✓ src/novel/ChapterTree.accessibility.test.tsx (5 tests) 399ms
 ✓ src/novel/ChapterTree.test.tsx (5 tests) 327ms
 ✓ src/Editor.recovery.test.tsx (4 tests) 240ms
 ✓ src/experimental/TaskOwnerNavigation.continuation.test.tsx (4 tests) 210ms
 ✓ src/novel/useMultimodalWorkspacePersistence.test.ts (7 tests) 43ms
 ✓ src/novel/DirectorShotList.test.tsx (6 tests) 171ms
 ✓ src/localHostSession.test.ts (6 tests) 18ms
 ✓ src/novel/CreationWorkbenchPanel.test.tsx (4 tests) 202ms
 ✓ src/AppWritingGoalRecovery.test.tsx (4 tests) 374ms
 ✓ src/PermissionManagement.test.tsx (3 tests) 142ms
 ✓ src/novel/WorldTimelineView.test.tsx (3 tests) 272ms
 ✓ src/ui/ModelCenterOnboarding.test.tsx (3 tests) 299ms
 ✓ src/experimental/ExperimentalWorkbench.continuation.test.tsx (5 tests) 131ms
 ✓ src/novel/A43ChapterIdentity.test.tsx (2 tests) 267ms
 ✓ src/ui/SaveControls.test.tsx (5 tests) 63ms
 ✓ src/Editor.a43-rich.test.tsx (3 tests) 210ms
 ✓ src/ui/primitives.test.tsx (4 tests) 164ms
 ✓ src/novel/AssetLibraryPanel.test.tsx (4 tests) 366ms
 ✓ src/novel/SourcePrivacyControl.test.tsx (2 tests) 201ms
 ✓ src/novel/AgentTeamPanel.test.tsx (2 tests) 222ms
 ✓ src/novel/WorkflowPanel.test.tsx (2 tests) 444ms
   ✓ publishes loaded workflow runs and focuses their real workspace 301ms
 ✓ src/novel/ChapterTree.lifecycle.test.tsx (5 tests) 540ms
 ✓ src/novel/WorldRelationshipGraph.test.tsx (4 tests) 220ms
 ✓ src/novel/SpeechSynthesisPanel.test.tsx (3 tests) 198ms
 ✓ src/novel/WorldBuildingDashboard.test.tsx (4 tests) 211ms
 ✓ src/AuditColdStorage.test.ts (4 tests) 92ms
 ✓ src/experimental/VoiceDirectionPanel.continuation.test.tsx (3 tests) 213ms
 ✓ src/RevisionHistory.independent-audit.test.tsx (3 tests) 173ms
 ✓ src/novel/GenerationWorkflowTimeline.test.tsx (7 tests) 109ms
 ✓ src/experimental/EmbeddingPanel.hybrid.test.tsx (2 tests) 294ms
 ✓ src/ui/ModuleWorkspaceRoutes.test.tsx (7 tests) 299ms
 ✓ src/AppWorldSummary.test.tsx (3 tests) 411ms
   ✓ shows and edits the same world_summary owner used by an adopted model proposal 301ms
 ✓ src/experimental/DeferredExperimentalWorkbench.test.tsx (2 tests) 174ms
 ✓ src/novel/ImageQueuePanel.test.tsx (2 tests) 158ms
 ✓ src/StorySearchNavigation.test.tsx (1 test) 104ms
 ✓ src/creative/AssetRelationshipsRedaction.test.tsx (1 test) 254ms
 ✓ src/novel/ContinuityCheckPanel.test.tsx (2 tests) 185ms
 ✓ src/experimental/InboxPanel.findings.test.tsx (2 tests) 343ms
 ✓ src/novel/DirectorShotCard.test.tsx (4 tests) 243ms
 ✓ src/localAiDiscoveryApi.test.ts (3 tests) 20ms
 ✓ src/experimental/ProductionLineagePanel.continuation.test.tsx (2 tests) 335ms
 ✓ src/experimental/ModelBenchmarkPanel.continuation.test.tsx (1 test) 271ms
 ✓ src/novel/ScreenplayPipelinePanel.test.tsx (3 tests) 163ms
 ✓ src/novel/AgentQueuePanel.test.tsx (2 tests) 320ms
 ✓ src/novel/RuntimeDiagnostics.test.tsx (3 tests) 189ms
 ✓ src/novel/AudioGenerationPanel.test.tsx (2 tests) 276ms
 ✓ src/novel/AuthorRequestControls.test.tsx (2 tests) 121ms
 ✓ src/ui/taskSummary.test.ts (4 tests) 6ms
 ✓ src/novel/VideoTaskInspector.test.tsx (3 tests) 182ms
 ✓ src/ui/AiControlCenter.test.tsx (1 test) 115ms
 ✓ src/novel/GenerationRecoveryPicker.test.tsx (2 tests) 183ms
 ✓ src/interop/entryScopeReview.test.tsx (1 test) 173ms
 ✓ src/novel/NovelOverviewPanel.test.tsx (1 test) 93ms
 ✓ src/experimental/shared.test.tsx (2 tests) 170ms
 ✓ src/generationRecovery.test.ts (3 tests) 10ms
 ✓ src/novel/StoryPlanningWorkspace.test.tsx (2 tests) 126ms
 ✓ src/interop/entry.test.tsx (1 test) 184ms
 ✓ src/experimental/InteractiveStoryHistory.test.tsx (1 test) 134ms
 ✓ src/novel/AgentActivityCenter.test.tsx (2 tests) 134ms
 ✓ src/workspaceSelection.test.ts (3 tests) 5ms
 ✓ src/novel/AssetInspector.test.tsx (2 tests) 127ms
 ✓ src/creative/BlankProjectEntry.test.tsx (2 tests) 146ms
 ✓ src/novel/ConstraintImportPreview.test.tsx (2 tests) 103ms
 ✓ src/novel/MotionPrivacyPanel.test.tsx (1 test) 106ms
 ✓ src/localAiEnvironmentApi.test.ts (2 tests) 10ms
 ✓ src/ui/AuthorTerminology.test.tsx (2 tests) 28ms
 ✓ src/novel/VideoAssemblyPanel.test.tsx (1 test) 188ms
 ✓ src/novel/SceneEditor.test.tsx (1 test) 193ms
 ✓ src/experimental/WorldPanel.test.tsx (1 test) 247ms
 ✓ src/novel/AgentResultReview.test.tsx (2 tests) 145ms
 ✓ src/novel/ScreenplayPanel.motion-binding.test.ts (2 tests) 19ms
 ✓ src/novel/ForeshadowingEditor.test.tsx (1 test) 148ms
 ✓ src/experimental/revisionLocks.test.ts (2 tests) 125ms
 ✓ src/novel/useMultimodalBindingManifest.test.ts (2 tests) 18ms
 ✓ src/novel/StoryDatabase.test.tsx (2 tests) 152ms
 ✓ src/novel/ImageTaskInspector.test.tsx (2 tests) 82ms
 ✓ src/novel/StoryRecordNavigation.test.tsx (2 tests) 333ms
 ✓ src/novel/VisualContextPanel.test.tsx (2 tests) 114ms
 ✓ src/novel/OutlineEditor.test.tsx (1 test) 119ms
 ✓ src/novel/RelationshipEditor.test.tsx (1 test) 145ms
 ✓ src/novel/TimelineEditor.test.tsx (1 test) 127ms
 ✓ src/novel/AudioTaskInspector.test.tsx (2 tests) 119ms
 ✓ src/novel/WorkflowPanel.independent-audit.test.tsx (1 test) 46ms
 ✓ src/novel/CharacterEditor.test.tsx (1 test) 145ms
 ✓ src/novel/StoryRouteEditor.test.tsx (1 test) 182ms
 ✓ src/ui/CapabilityRoadmapPanel.test.tsx (1 test) 110ms
 ✓ src/novel/VolumeEditor.test.tsx (1 test) 149ms
 ✓ src/novel/WorkflowInspector.test.tsx (2 tests) 104ms
 ✓ src/ui/CapabilityStatusCenter.test.tsx (1 test) 76ms
 ✓ src/novel/LocationEditor.test.tsx (1 test) 142ms
 ✓ src/novel/DirectorVoiceToolbar.test.tsx (1 test) 49ms
 ✓ src/creative/studioRelationshipsClient.test.ts (58 tests) 34ms
 ✓ src/creative/studioClient.test.ts (38 tests) 54ms
 ✓ src/creative/studioGraphClient.test.ts (48 tests) 56ms
 ✓ src/novel/BindingManifestPanel.test.tsx (1 test) 28ms
 ✓ tests/r3FixtureLifecycle.test.ts (17 tests) 37ms
 ✓ src/creative/graphDraft.test.ts (39 tests) 11ms
 ✓ src/novel/WorldSummaryEditor.test.tsx (1 test) 75ms
 ↓ tests/localInteropRealHost.test.ts (2 tests | 2 skipped)
 ✓ src/creative/client.test.ts (11 tests) 17ms
 ✓ src/creative/studioStorageAdmissionClient.test.ts (44 tests) 34ms
 ✓ src/experimental/api.test.ts (5 tests) 14ms
 ✓ src/interop/ChapterWireIdentity.test.ts (3 tests) 29ms
 ✓ tests/workspaceResumeLayout.test.ts (5 tests) 6ms
 ✓ src/collaborationGuards.test.ts (7 tests) 10ms
 ✓ src/packagedHost.test.ts (7 tests) 7ms
 ✓ src/contracts.test.ts (7 tests) 12ms
 ✓ src/e2eDatabaseContract.test.ts (20 tests) 481ms
   ✓ E2E database environment contract > keeps the DSN out of Playwright commands and scopes each child environment 441ms
 ✓ src/productLanguage.test.ts (4 tests) 4ms
 ✓ src/novel/AdaptationRouteMatching.test.ts (1 test) 5ms
 ✓ src/experimental/api.surface-flags.test.ts (4 tests) 6ms
 ✓ tests/localInteropLayout.test.ts (3 tests) 4ms
 ✓ src/ui/FeatureLauncher.css.test.ts (3 tests) 3ms
 ✓ src/novel/ChapterTree.css.test.ts (4 tests) 8ms
 ✓ src/creative/CreativeWorkbenchEntry.test.ts (2 tests) 2ms
 ✓ tests/writingGoalLayout.test.ts (4 tests) 6ms
 ✓ src/novel/firstUseClient.test.ts (2 tests) 9ms
 ✓ tests/uiContracts.test.ts (5 tests) 3ms
 ✓ src/novel/findingReviewClient.test.ts (2 tests) 5ms
 ✓ src/novel/importRecovery.test.ts (2 tests) 8ms
 ✓ src/ui/scopeLabels.test.ts (4 tests) 3ms
 ✓ src/Editor.typography.test.ts (3 tests) 4ms
 ✓ src/planningProjectApi.test.ts (1 test) 4ms
 ✓ src/creative/adminStudioContext.test.ts (1 test) 5ms
 ✓ src/creative/ProductionTimeline.css.test.ts (1 test) 2ms
 ✓ src/sourcePrivacyApi.test.ts (1 test) 5ms
 ✓ src/experimental/writingFocus.layout.test.ts (1 test) 4ms
 ✓ src/novel/MotionTaskBatchControls.test.ts (1 test) 3ms
 ✓ src/novel/FountainParser.test.ts (21 tests) 1490ms
 ✓ src/generationVariants.test.ts (7 tests) 7ms
 ✓ src/App.test.tsx (12 tests) 11ms

 Test Files  1 failed | 261 passed | 2 skipped (264)
      Tests  1 failed | 2000 passed | 8 skipped (2009)
   Start at  09:05:51
   Duration  68.31s (transform 17.15s, setup 0ms, collect 101.05s, tests 203.81s, environment 134.83s, prepare 25.81s)

⎯⎯⎯⎯⎯⎯⎯ Failed Tests 1 ⎯⎯⎯⎯⎯⎯⎯

 FAIL  src/novel/AgentTeamPanel.additional.test.tsx > shows additional roles when there are no legacy roles and chooses a registered default
AssertionError: expected "createAgentJob" to be called with arguments: [ ObjectContaining{…} ]

Received: 

  1st createAgentJob call:

  Array [
-   ObjectContaining {
-     "agent_id": "verifier",
+   Object {
+     "agent_id": "planner",
+     "branch_id": undefined,
+     "chapter": 1,
+     "chapter_id": "n:1",
+     "execution_mode": "deterministic",
+     "instruction": "",
+     "model_id": undefined,
+     "novel_id": "n",
+     "provider_id": undefined,
+     "target": "local",
    },
  ]


Number of calls: 1


Ignored nodes: comments, script, style
[36m<html>[39m
  [36m<head />[39m
  [36m<body>[39m
    [36m<div>[39m
      [36m<section[39m
        [33mclass[39m=[32m"ui-panel"[39m
      [36m>[39m
        [36m<header>[39m
          [36m<h2>[39m
            [0m本机可信会话[0m
          [36m</h2>[39m
        [36m</header>[39m
        [36m<section[39m
          [33mclass[39m=[32m"novel-draft-review"[39m
        [36m>[39m
          [36m<p[39m
            [33mclass[39m=[32m"novel-help"[39m
          [36m>[39m
            [0m本机开发 Host 的 Agent 任务需要已授权的访问凭证。验证后继续使用本机作品；凭证只保留在当前页面内存中，刷新后需重新验证。[0m
          [36m</p>[39m
          [36m<label>[39m
            [0m本机访问凭证[0m
            [36m<input[39m
              [33mautocomplete[39m=[32m"off"[39m
              [33mtype[39m=[32m"password"[39m
              [33mvalue[39m=[32m""[39m
            [36m/>[39m
          [36m</label>[39m
          [36m<button[39m
            [33mclass[39m=[32m"ui-button ui-button--primary"[39m
            [33mdisabled[39m=[32m""[39m
          [36m>[39m
            [0m验证并绑定本机会话[0m
          [36m</button>[39m
        [36m</section>[39m
      [36m</section>[39m
      [36m<section[39m
        [33mclass[39m=[32m"ui-panel"[39m
      [36m>[39m
        [36m<header>[39m
          [36m<h2>[39m
            [0mCreative Agent 任务[0m
          [36m</h2>[39m
        [36m</header>[39m
        [36m<section[39m
          [33maria-labelledby[39m=[32m"agent-job-title"[39m
          [33mclass[39m=[32m"novel-draft-review"[39m
        [36m>[39m
          [36m<header>[39m
            [36m<strong[39m
              [33mid[39m=[32m"agent-job-title"[39m
            [36m>[39m
              [0m创建 Agent 任务[0m
            [36m</strong>[39m
            [36m<span[39m
              [33mclass[39m=[32m"ui-badge ui-badge--neutral"[39m
            [36m>[39m
              [0mVALIDATED[0m
            [36m</span>[39m
          [36m</header>[39m
          [36m<label>[39m
            [0mAgent 角色[0m
            [36m<select>[39m
              [36m<option[39m
                [33mvalue[39m=[32m"verifier"[39m
              [36m>[39m
                [0m核验 Agent[0m
              [36m</option>[39m
            [36m</select>[39m
          [36m</label>[39m
          [36m<p[39m
            [33mclass[39m=[32m"novel-help"[39m
          [36m>[39m
            [0m核验世界与人物。[0m
          [36m</p>[39m
          [36m<label>[39m
            [0m执行方式[0m
            [36m<select>[39m
              [36m<option[39m
                [33mvalue[39m=[32m"deterministic"[39m
              [36m>[39m
                [0m本地契约验证[0m
              [36m</option>[39m
              [36m<option[39m
                [33mdisabled[39m=[32m""[39m
                [33mvalue[39m=[32m"model"[39m
              [36m>[39m
                [0m当前文本模型[0m
              [36m</option>[39m
            [36m</select>[39m
          [36m</label>[39m
          [36m<label>[39m
            [0m任务说明[0m
            [36m<textarea />[39m
          [36m</label>[39m
          [36m<div[39m
            [33mclass[39m=[32m"novel-actions"[39m
          [36m>[39m
            [36m<button[39m
              [33mclass[39m=[32m"ui-button ui-button--primary"[39m
            [36m>[39m
              [0m启动任务[0m
            [36m</button>[39m
          [36m</div>[39m
          [36m<p[39m
            [33mclass[39m=[32m"novel-help"[39m
            [33mrole[39m=[32m"status"[39m
          [36m>[39m
            [0m状态 VALIDATED · 契约校验，未调用模型。空结果不是创作完成，因此没有审核或应用到正文入口。[0m
          [36m</p>[39m
        [36m</section>[39m
      [36m</section>[39m
      [0m [0m
      [36m<section[39m
        [33mclass[39m=[32m"ui-panel"[39m
      [36m>[39m
        [36m<header>[39m
          [36m<h2>[39m
            [0mAgent 角色目录[0m
          [36m</h2>[39m
        [36m</header>[39m
        [36m<ul[39m
          [33maria-label[39m=[32m"Creative Agent 角色"[39m
          [33mclass[39m=[32m"novel-record-list"[39m
        [36m>[39m
          [36m<li>[39m
            [36m<article>[39m
              [36m<header>[39m
                [36m<strong>[39m
                  [0m核验 Agent[0m
                [36m</strong>[39m
                [36m<span[39m
                  [33mclass[39m=[32m"ui-badge ui-badge--info"[39m
                [36m>[39m
                  [0m只读检查[0m
                [36m</span>[39m
              [36m</header>[39m
              [36m<p>[39m
                [0m核验世界与人物。[0m
              [36m</p>[39m
              [36m<p[39m
                [33mclass[39m=[32m"novel-help"[39m
              [36m>[39m
                [0m输出契约：[0m
                [0mverification_findings[0m
              [36m</p>[39m
              [36m<p[39m
                [33mclass[39m=[32m"novel-help"[39m
              [36m>[39m
                [0m允许工具：[0m
                [0mcontext.read、chapter.read[0m
              [36m</p>[39m
            [36m</article>[39m
          [36m</li>[39m
        [36m</ul>[39m
      [36m</section>[39m
    [36m</div>[39m
  [36m</body>[39m
[36m</html>[39m
 ❯ src/novel/AgentTeamPanel.additional.test.tsx:29:93
     27|  mount(<AgentTeamPanel chapter={{id:'n:1',novel_id:'n',number:1} as an…
     28|  await waitFor(()=>expect((screen.getByLabelText('Agent 角色') as HTML…
     29|  fireEvent.click(screen.getByRole('button',{name:'启动任务'}));await w…
       |                                                                                             ^
     30|  expect(screen.queryByText('暂无 Agent')).toBeNull();
     31| });
 ❯ runWithExpensiveErrorDiagnosticsDisabled node_modules/.pnpm/@testing-library+dom@10.4.1/node_modules/@testing-library/dom/dist/config.js:47:12
 ❯ checkCallback node_modules/.pnpm/@testing-library+dom@10.4.1/node_modules/@testing-library/dom/dist/wait-for.js:124:77
 ❯ Timeout.checkRealTimersCallback node_modules/.pnpm/@testing-library+dom@10.4.1/node_modules/@testing-library/dom/dist/wait-for.js:118:16

⎯⎯⎯⎯⎯⎯⎯⎯⎯⎯⎯⎯⎯⎯⎯⎯⎯⎯⎯⎯⎯⎯⎯⎯[1/1]⎯

