...................ssss....s.s.s.s.sss....s.s.s.s.sssss.....sssss.....s. [  7%]
s.s..s.ssss....s.s.s.ss..s.s.s.ss..ssssssssss..........ss..ss..ss..ssss. [ 15%]
...ss..ss..ss..ss..ss..ss..ss..ss..ss..ss............................... [ 23%]
.............s.sss...s.s.s.s.s.sssssss.......sssssssss.........s.s.s.s.s [ 31%]
ssssssssssss.............sssss.....s.s.s.ss..s.s.s.s.sssss.....s.s.s.ss. [ 39%]
.s.s.s.s.s.s.s.s.s.sssssss.......s.s.s.s.s.s.s.s.s.s.s.s.s.s.s.s.s.s.s.s [ 47%]
.sssssssssssss.............ss..ssss....ss..ss..ssss....ss..ss..ss....... [ 55%]
.......................................................................s [ 63%]
s..ss..ssss....ssss....ssssssssssssssssssssss......................sssss [ 71%]
sssss..........ss..ssss....ss...s.s.ssss....ss..ss..ssssss......s.ssssss [ 78%]
sssssss.............s.s.ss..s.s.s.s.s.ss..s.ss..s.s.s.s.s.s.s.s.s.s.s.ss [ 86%]
..s.ss..ss..ssssssssss..........ss..ss...............................s.s [ 94%]
.s.s.s.s.s.s.ssssss.............................                         [100%]
=============================== warnings summary ===============================
.venv/lib/python3.12/site-packages/fastapi/testclient.py:1
  /workspace/scratch/b8734129d01d/AI-Novel-Studio-cloud/.venv/lib/python3.12/site-packages/fastapi/testclient.py:1: StarletteDeprecationWarning: Using `httpx` with `starlette.testclient` is deprecated; install `httpx2` instead.
    from starlette.testclient import TestClient as TestClient  # noqa

-- Docs: https://docs.pytest.org/en/stable/how-to/capture-warnings.html
- generated xml file: /workspace/scratch/b8734129d01d/AI-Novel-Studio-cloud/docs/delivery/v2-development/stage-m4b-selected-postgres-final3.xml -
552 passed, 360 skipped, 1 warning in 532.89s (0:08:52)
