..............................s.s.s.s.s.s.s.s.s.s.s.s.s.s.s.s.s.s.s.s.s. [  1%]
s..........................ss..ss..ss..ss..ss..ss..ss..ss..ss........... [  3%]
.............................................................sssssssssss [  5%]
sssssssssssssssssssssssssssssssssssssssssssssssssssssssssssss........... [  7%]
.............................................................sssssssssss [  9%]
sssssssssssssssssssssssssssssssssssssssssssssssssssssssssssss........... [ 11%]
.........................ssssssssssssssssssssssssssssssssssss........... [ 13%]
.ssssssssssss............ssssssssssss............ssssssssssss........... [ 15%]
.ssssssssssss..ss....................................................... [ 17%]
..................ssssssssssssssssssssssssssssssssssssssssssssssssssssss [ 18%]
ssssssssssssssssss............ssssssssssss.............................. [ 20%]
......ssssssssssssssssssssssssssssssssssss............ssssssssssss...... [ 22%]
..........................................ssssssssssssssssssssssssssssss [ 24%]
ssssssssssssssssss............ssssssssssss.............................. [ 26%]
ssssssssssssssssssssssssssssss......ssssss..ss..ss..ss....ssss..ss..ss.. [ 28%]
ss..ss..ss..ss............ssssssssssss.................................. [ 30%]
................................ssssssssssssssssssssssssssssssssssssssss [ 32%]
ssssssssssssssssssssssssss..................ssssssssssssssssss..ss...... [ 34%]
..ssssssss....ssss............ssssssssssss......ssssss..ss..ss..ss..ss.. [ 36%]
ss..........ssssssssss........ssssssss..ss.............................. [ 37%]
sss.s.s.s.s.s.s.s.......sssssss.s.s.s.s.s.s...sss.s...ss.s.s.s.s.s.s.s.s [ 39%]
.........sss.....sssss.s.s.s.s.s.s.s.s.s..ss..............ssssssssssssss [ 41%]
..ss..ss..ss..ss..ss..ss..ss..ss..ss.s.s.s......ssssss.s...sss.s.s.s.s.s [ 43%]
.......sssssss.........sssssssss.s.s.s.s.............sssssssssssss.....s [ 45%]
ssss.s.s.s..ss.s.s.s.s.....sssss.s.s.s..ss.s.s.s.s.s.s.s.s.s.......sssss [ 47%]
ss..ss....ssss..ss..ss..ss..ss....ssss..ss..ss..ss..ss........ssssssss.. [ 49%]
.....sssssss...sss..ss.s.s..........ssssssssss..ss.s..ss...sss.s.s.s.... [ 51%]
.....sssssssss.s.s.s.s..ss..ss..ss..ss.s...sss.s.s...sss.s..ss..ss...... [ 53%]
.........s.s........ssssssss.s.s.s.s..........ssssssssss.s.s.s.s.s.s...s [ 54%]
.s.s..ss..ss..ss..ss..ss..ss..ss..ss..ss..ss..ss..ss..ss..ss..ss..ss..ss [ 56%]
..ss..........ss..ss.................................................... [ 58%]
........................................................................ [ 60%]
........................................................................ [ 62%]
.......................................................................s [ 64%]
.s.s.s.s.s.s.s.s.s.s.s.s.s.s.s.s.s.s.s.s.s.s.s.s.s.s.s.s.s.s............ [ 66%]
.sssssssssssss..ss....ssss..ss..ss....ssss..ss..ss..ss.................. [ 68%]
........................................................................ [ 70%]
........................................................................ [ 72%]
........................................................................ [ 73%]
........................................................................ [ 75%]
........................................................................ [ 77%]
....s................................................................... [ 79%]
........................................................................ [ 81%]
........................................................................ [ 83%]
........................................................................ [ 85%]
........................................................................ [ 87%]
....s.s.s.s.....sssss.....sssss.s.s.s.s....ssss.s.s.s..ss.s.s..ss....... [ 89%]
...ssssssssss..ss..ss..ss....ssss..ss..ss..ss..ss..ss..ss..ss..ss..ss..s [ 90%]
s.......................ssss.s.s.s.s...sss.............s.s....ssss.s.s.. [ 92%]
s....................................................................... [ 94%]
...........ss........................................................... [ 96%]
.ssssssssssssssss..ss..ss..ss..ss..ss..ss..ss..ss....ssss..ss.......ssss [ 98%]
sss.s.s.s.s.s.s..s.s.s.s.s.s.s.s.s.s.s.s.s.s.s.s.s.s.s.s                 [100%]
=============================== warnings summary ===============================
.venv/lib/python3.12/site-packages/fastapi/testclient.py:1
  /workspace/scratch/b8734129d01d/AI-Novel-Studio-cloud/.venv/lib/python3.12/site-packages/fastapi/testclient.py:1: StarletteDeprecationWarning: Using `httpx` with `starlette.testclient` is deprecated; install `httpx2` instead.
    from starlette.testclient import TestClient as TestClient  # noqa

-- Docs: https://docs.pytest.org/en/stable/how-to/capture-warnings.html
- generated xml file: /workspace/scratch/b8734129d01d/AI-Novel-Studio-cloud/docs/delivery/v2-development/stage-m4-owner-file-final3.xml -
2537 passed, 1263 skipped, 1 warning in 649.70s (0:10:49)
