
 RUN  v2.1.9 /workspace/scratch/b8734129d01d/AI-Novel-Studio/frontend

 ✓ src/ui/LocalAiDiscovery.test.tsx (24 tests) 797ms
 ✓ src/novel/StoryCoreRecordVersionEditor.test.tsx (59 tests) 4628ms
 ✓ src/experimental/WorkspaceToolsPanel.test.tsx (30 tests) 6319ms
   ✓ real workspace tools UI > saves explicit chapter metadata and note with CAS, never manuscript or token 490ms
   ✓ real workspace tools UI > shows stale recovery choice and never jumps until explicit current-version approval 739ms
   ✓ real workspace tools UI > discards pending search and action responses after A → B → A scope changes 338ms
   ✓ real workspace tools UI > supports keyboard search results and only exposes enabled safe scenario navigation 441ms
   ✓ AUDIT ignores a search jump after the search panel is dismissed for a newer task view 366ms
   ✓ keeps the newest safe command instead of a delayed search jump 325ms
   ✓ deduplicates repeated resolves and only honors the reopened search request 620ms
   ✓ captures actual split visibility and keeps search/task filters across section changes and remount 523ms
 ✓ src/experimental/StorySimulatorPanel.test.tsx (14 tests) 6581ms
   ✓ reads only on opening; builds explicit bounded manual inputs with captured authority and normalized fact lines 964ms
   ✓ compares violations and hypotheses, saves only REVIEW once and navigates to the existing planning authority 464ms
   ✓ advances explicitly, cancels explicitly, and stops offering expansion after cancellation 411ms
   ✓ hides stale routes, receipts and actions instead of showing old knowledge 378ms
   ✓ preserves editable drafts on failure and requires recovery before retry 996ms
   ✓ ignores late context from an old session/branch and drops its saved inputs on scope switch 312ms
   ✓ invalidates source-bound context immediately when the active chapter revision advances 480ms
   ✓ recovers persisted manual inputs only by explicit action and requires renewed context review 342ms
   ✓ previews exact local character request, dispatches once with consent, then manually selects checked candidate 687ms
   ✓ invalidates scene context receipts and sends selected original scene with separate mind claims 636ms
 ✓ src/experimental/StyleReviewPanels.test.tsx (16 tests) 3627ms
   ✓ reads without running analysis, requires explicit preview/review/use, and validates the receipt again 660ms
   ✓ uses version-bound explicit sample ranges and comparison without a quality percentage 309ms
   ✓ records a reasoned decision and supports reopen with no manuscript write 395ms
 ✓ src/AuditGenerationScope.test.tsx (28 tests) 3074ms
   ✓ AUDIT fences a late generation creation response after chapter navigation 905ms
   ✓ fences delayed creation across A-B-A and retains its originating task without starting an old stream 333ms
 ✓ src/experimental/OfflineSyncPanel.test.tsx (11 tests) 2699ms
   ✓ defaults to no selection, no mutation or external transport, and explicit selected chapter queue 569ms
   ✓ outbox preview requires copy acknowledgement, reuses same envelope and cleans up local file on revocation 414ms
 ✓ src/ui/LocalAiModelFiles.test.tsx (20 tests) 1505ms
   ✓ V2 same-scan model file observations > shows Safetensors without claiming no models or runtime absence, and reads no additional endpoint 319ms
   ✓ bounds 2000 observations to local pages without extra reads and resets the page on scan replacement 321ms
 ✓ src/creative/CreativeWorkspace.test.tsx (29 tests) 9641ms
   ✓ creative workspace protected manuscript and request boundaries > recovers saved SCREENPLAY when its stage is selected before the initial reads finish 631ms
   ✓ creative workspace protected manuscript and request boundaries > recovers saved PRODUCTION when its stage is selected before the initial reads finish 401ms
   ✓ creative workspace protected manuscript and request boundaries > recovers saved VIDEO_PLANNING when its stage is selected before the initial reads finish 331ms
   ✓ creative workspace protected manuscript and request boundaries > initializes only the latest selected stage after a delayed successful empty list 337ms
   ✓ creative workspace protected manuscript and request boundaries > keeps an explicit new document, including an untouched draft, across stage and source changes 436ms
   ✓ creative workspace protected manuscript and request boundaries > does not treat a failed list read as an empty project and recovers on explicit retry 325ms
   ✓ creative workspace protected manuscript and request boundaries > reloads saved content after confirmed discard and immediate workbench reopen 771ms
   ✓ creative workspace protected manuscript and request boundaries > does not replace a blocked dirty draft when a recovery reread discovers its uncertain creation 628ms
   ✓ creative workspace protected manuscript and request boundaries > exposes all five keyboard-accessible modes while the manuscript stays mounted 731ms
   ✓ creative workspace protected manuscript and request boundaries > creates once, saves again with the returned version, and preserves captured identity 656ms
   ✓ creative workspace protected manuscript and request boundaries > preserves and locks the local draft after uncertain status 409 341ms
   ✓ creative workspace protected manuscript and request boundaries > preserves and locks the local draft after uncertain status 500 318ms
   ✓ creative workspace protected manuscript and request boundaries > cancels navigation without losing edits and requires explicit discard before exiting 306ms
   ✓ creative workspace protected manuscript and request boundaries > ignores a late mutation receipt from the previous scope and captures the new branch 302ms
   ✓ creative workspace protected manuscript and request boundaries > requires explicit server-version adoption and preserves the draft when adoption is cancelled 627ms
   ✓ creative workspace protected manuscript and request boundaries > reorders storyboard shots without replacing their identities and saves their new sequence 303ms
 ✓ src/experimental/DeclarativeTemplatePanels.test.tsx (8 tests) 2521ms
   ✓ uses real form contracts, explicit graph check and version-bound creation before separate execute and review 875ms
   ✓ requires a separate exact model preview confirmation and never auto dispatches or approves a deferred model node 415ms
 ✓ src/ui/ModelCenter.test.tsx (10 tests) 397ms
 ✓ src/interop/LocalTutorIntegration.test.tsx (70 tests) 11269ms
   ✓ does not discover, load context or connect at Studio startup 366ms
   ✓ defaults content unchecked, previews metadata only and sends only after confirmation 478ms
   ✓ allows only explicitly chosen bounded additional chapters, no automatic project content fetch 302ms
   ✓ connect and one-shot Ask leave ongoing events OFF until a separate preview and confirmation 301ms
   ✓ diagnostic preview pauses ongoing sharing before omissions and never resumes it after sending 367ms
   ✓ reconnect leaves ongoing sharing unchecked even after a previously active grant 450ms
   ✓ refresh confirms an out-of-band standing revoke without ever silently restoring a grant 356ms
 ✓ src/AppRevisionHistory.test.tsx (23 tests) 2312ms
   ✓ refreshes mounted history when the server chapter advances from v2 to v3 431ms
 ✓ src/AppWorkspaceResume.test.tsx (33 tests) 7860ms
   ✓ reopens the saved chapter through current authority and applies original reading/split state only after explicit restore 1265ms
   ✓ does not navigate away from dirty manuscript 507ms
   ✓ opens another authorized project only after original inventory and exact chapter version revalidation 502ms
   ✓ refuses cross-project search navigation while manuscript is dirty 403ms
   ✓ drops a delayed cross-project source when the author types during revalidation 403ms
   ✓ does not navigate to a search project removed from the refreshed original inventory 420ms
   ✓ opens the exact revision model owner with its original chapter after authoritative verification 404ms
   ✓ refuses a revision-owner chapter switch when the manuscript has unsaved work 397ms
   ✓ rejects a mismatched original revision job and never falls back to another draft 444ms
   ✓ drops delayed revision-owner navigation after new typing or scope change 388ms
   ✓ does not open a delayed revision source after its feature is revoked 452ms
 ✓ src/experimental/WritingFocusPanel.test.tsx (13 tests) 1671ms
   ✓ U04 actual writing focus controls > loads under StrictMode, applies prose preferences and persists versioned personal settings 366ms
 ✓ src/creative/GraphRunPanel.test.tsx (19 tests) 2034ms
 ✓ src/novel/PluginManagerPanel.test.tsx (15 tests) 1750ms
   ✓ shows the runtime boundary and registers without implying permission approval 427ms
 ✓ src/AppDraftRecovery.test.tsx (21 tests) 3948ms
   ✓ suppresses autosave and manual submit throughout composition and submits after it ends 1149ms
   ✓ labels browser-offline drafts honestly and permits an explicit reachable local-backend save 1054ms
 ✓ src/ui/AppShell.test.tsx (19 tests) 558ms
 ✓ src/ui/LocalAiDiscoveryConsent.test.tsx (23 tests) 2601ms
   ✓ V2 Local AI scan consent > never scans on mount; previews actual backend scope then confirms once without registration or inference 628ms
   ✓ discloses all registered-model safety inspections without truncating the backend scope 678ms
 ✓ src/experimental/ModelBrokerPanel.test.tsx (9 tests) 2493ms
   ✓ captures actual scoped route preview and requires exact author receipt plus review before existing job dispatch 1078ms
   ✓ invalidates prior authorization and sends the exact reviewed material scope 429ms
 ✓ src/experimental/RevisionIntelligencePanel.test.tsx (10 tests) 1876ms
   ✓ captures original PM selection, previews two accepted blocks, and requires explicit confirmation 686ms
   ✓ compares real-version pins and explicitly labels imported model interpretations 415ms
 ✓ src/novel/ImageGenerationPanel.test.tsx (10 tests) 1093ms
   ✓ exposes real task lifecycle and only renders URI after generation resolves 354ms
 ✓ src/experimental/ExperimentalWorkbench.test.tsx (14 tests) 1544ms
 ✓ src/experimental/InteractiveStoryPanel.test.tsx (11 tests) 2019ms
   ✓ authors Unicode choices and typed variables then saves exact original IDs and scope 567ms
   ✓ requires exact review preview and drops receipt when edited 386ms
 ✓ src/novel/StoryRecordVersionEditor.test.tsx (14 tests) 849ms
 ✓ src/experimental/ProductionLineagePanel.test.tsx (11 tests) 1121ms
 ✓ src/novel/AuthorRequestPreviewPanel.test.tsx (11 tests) 972ms
   ✓ Author actual request preflight > does not fetch automatically and reads exact request with scope headers 341ms
 ✓ src/novel/ResearchPanel.test.tsx (14 tests) 1155ms
 ✓ src/AppAuthorTaskNavigation.test.tsx (10 tests) 1810ms
   ✓ opens the exact original text job without broker or recovery flags, generation or acceptance 339ms
 ✓ src/creative/GraphCanvas.test.tsx (25 tests) 1807ms
 ✓ src/experimental/SafeBatchesPanel.test.tsx (10 tests) 1095ms
   ✓ mount and preflight never execute and request exact chosen chapter with hard zero budget 441ms
 ✓ src/experimental/ReaderSessionPanels.test.tsx (9 tests) 1564ms
   ✓ U11 real client request contracts > offers contiguous reader, TOC keyboard focus and codepoint-exact server-validated jump 514ms
   ✓ U11 real client request contracts > submits bounded literal rule configuration and status-only preflight with no editor content 370ms
 ✓ src/experimental/MultilingualEditionsPanel.test.tsx (10 tests) 2435ms
   ✓ manual bilingual save→review→exact acceptance with RTL and no model calls 820ms
   ✓ displays approved rule conflicts and retains independent explicit rule approval 321ms
   ✓ creates UTF-8 Blob only after export preview and confirmation, revoking it on source view changes 316ms
 ✓ src/experimental/WriterRoomPanel.test.tsx (9 tests) 2048ms
   ✓ renders actual task progress and responsible change-request round trip without domain approval 1022ms
 ✓ src/novel/ScreenplayPanel.test.tsx (17 tests) 1723ms
 ✓ src/experimental/ResearchLibraryPanel.test.tsx (10 tests) 1783ms
 ✓ src/creative/AIDirectorPanel.test.tsx (10 tests) 877ms
   ✓ AI director local proposal and explicit review > honestly prepares local rules without model calls and requires reviewed edited output before adoption 301ms
 ✓ src/experimental/ComicLayoutsPanel.test.tsx (8 tests) 1282ms
   ✓ mount is read-only; hand-edited numeric geometry reuses original source IDs and supports undo 353ms
   ✓ approves only displayed current pixels with exact digest and downloads only the approved version 361ms
 ✓ src/experimental/StoryGraphPanel.test.tsx (8 tests) 1774ms
   ✓ creates a typed relation with selected real IDs, no raw JSON form 561ms
   ✓ keeps the draft on conflict and sends the reviewed expected version 346ms
   ✓ uses explicit knowledge changes and marks uninferred motives as hypotheses 317ms
 ✓ src/manualPromptConsent.test.tsx (17 tests) 2132ms
   ✓ vision sends default denial and resets explicit consent on either text or reference edits 378ms
   ✓ control chat sends only manual question and consent, and preserves colon-containing model IDs 327ms
 ✓ src/experimental/Wave5TemplatesSdkComics.test.tsx (4 tests) 1597ms
   ✓ combines legacy and extended catalogs, filters exact types and copies Agent to original definition without execution 670ms
   ✓ Agent runtime and capability requirements persist alongside finite input/output schemas, never granting a runtime 691ms
 ✓ src/creative/IndependentStudioGraphWorkspace.test.tsx (8 tests) 3495ms
   ✓ independent studio graph content integration > keeps graphs lazy until an explicit content choice, with unchanged eight shell modules 526ms
   ✓ independent studio graph content integration > saves an empty disconnected definition through the scoped owner and reopens it without creating a run 798ms
   ✓ independent studio graph content integration > allows optional Director removal and bounded undo without adding a chapter or starting a job 972ms
   ✓ independent studio graph content integration > retains the CAS-conflicted draft until an explicit checked adoption of the separately fetched server version 521ms
 ✓ src/creative/StudioSelectLabels.test.tsx (4 tests) 891ms
   ✓ stable exact names for Studio selects with populated options > keeps relationship, reference-kind and target names stable through selection and saving 341ms
   ✓ stable exact names for Studio selects with populated options > keeps saved-graph, node, asset and port names stable while editing the real graph hook 435ms
 ✓ src/creative/AssetRelationshipsPanel.test.tsx (11 tests) 1644ms
 ✓ src/experimental/ProjectForksPanel.test.tsx (6 tests) 800ms
 ✓ src/novel/ExportPanel.test.tsx (12 tests) 1780ms
   ✓ ExportPanel industry formats > submits Fountain 剧本 through the authenticated durable queue 376ms
 ✓ src/ui/LocalAiDiscoveryLegacyOwner.test.tsx (14 tests) 2152ms
   ✓ all-mode discovery private view ownership > purges snapshot and copied forms on each observed denial (V2=false) 1221ms
   ✓ all-mode discovery private view ownership > purges snapshot and copied forms on each observed denial (V2=true) 451ms
 ✓ src/experimental/VoiceSubtitlePanels.test.tsx (7 tests) 776ms
   ✓ captures actor/branch and reviewed text with literal pronunciation without unsolicited generation 321ms
 ✓ src/creative/IndependentStudioWorkspace.test.tsx (8 tests) 1590ms
   ✓ independent studio original owner integration > imports once and saves source provenance without chapters, models, or the legacy asset API 586ms
   ✓ independent studio original owner integration > retains uploaded v1 after a declaration failure and retries only the declaration 308ms
 ✓ src/experimental/ModelTaskReopen.test.tsx (16 tests) 2343ms
   ✓ 'simulator' reopens the exact receipt, handles missing/back and never replays 786ms
   ✓ translation locates its exact receipt without overwriting a dirty bilingual draft 345ms
 ✓ src/experimental/StyleAnalysisModelPanel.test.tsx (7 tests) 379ms
 ✓ src/experimental/ChangeImpactPanel.test.tsx (8 tests) 787ms
   ✓ ChangeImpactPanel explicit scoped actions > shows exact/unknown evidence and preflights only explicitly selected nodes, never auto executes 330ms
 ↓ src/experimental/ExperimentalWorkbench.http.test.tsx (6 tests | 6 skipped)
 ✓ src/experimental/StructuredForksPanel.test.tsx (7 tests) 478ms
 ✓ src/experimental/NarrativeJudgeContinuationPanels.test.tsx (6 tests) 647ms
 ✓ src/experimental/LanguageTranslationPanel.test.tsx (5 tests) 2281ms
   ✓ exact preview, explicit single dispatch, original recovery and separate adopt consent 625ms
   ✓ adoption updates visible saved draft while requiring separate submit and review 1235ms
 ✓ src/AppBrokerRecovery.test.tsx (4 tests) 943ms
   ✓ opens an existing broker job only after fresh authorization and retains original review actions 492ms
 ✓ src/creative/IndependentStudioReadFences.test.tsx (7 tests) 2460ms
   ✓ independent asset read fences and truthful capability labels > locks mutation inputs during explicit refresh and preserves the next draft after the read finishes 1401ms
   ✓ independent asset read fences and truthful capability labels > ignores delayed recovery after the author explicitly selects a different asset and starts a draft 365ms
 ✓ src/novel/EntryExperience.test.tsx (10 tests) 736ms
 ✓ src/novel/LocalHostSessionPanel.test.tsx (9 tests) 607ms
 ✓ src/novel/AIPlanningPanel.project.test.tsx (11 tests) 1203ms
   ✓ creates a WORLD proposal from a premise without requiring a chapter or applying it 340ms
 ✓ src/experimental/StructuredSearchNavigation.test.tsx (12 tests) 2308ms
   ✓ resolves organization with its exact original owner and original ID 526ms
   ✓ resolves rule with its exact original owner and original ID 309ms
   ✓ resolves asset with its exact original owner and original ID 378ms
   ✓ resolves workflow with its exact original owner and original ID 366ms
 ✓ src/novel/PluginInspector.test.tsx (8 tests) 274ms
 ✓ src/novel/FirstUsePanel.test.tsx (8 tests) 375ms
 ✓ src/novel/AiWritingPanel.test.tsx (12 tests) 652ms
 ✓ src/novel/AgentTeamPanel.selectionBoundary.test.tsx (7 tests) 492ms
 ✓ src/experimental/BranchManuscriptPanel.test.tsx (6 tests) 597ms
 ✓ src/novel/MultimodalDirectorWorkspace.test.tsx (11 tests) 1126ms
 ✓ src/novel/WorkflowScopeGuards.test.tsx (20 tests) 820ms
 ✓ src/creative/IndependentStudioRelationships.test.tsx (5 tests) 2743ms
   ✓ studio relationship ownership and draft integration > keeps a relationship draft across navigation attempts and prevents other asset mutations 956ms
   ✓ studio relationship ownership and draft integration > saves through the original asset owner and refreshes the source version without copying a target 533ms
   ✓ studio relationship ownership and draft integration > preserves CAS-conflicted input and source version until an explicit reload 649ms
   ✓ studio relationship ownership and draft integration > clears selected private content when saving the relationship is revoked 351ms
 ✓ src/experimental/WorkspaceInteractionPanel.test.tsx (13 tests) 869ms
 ✓ src/interop/client.test.ts (10 tests) 21ms
 ✓ src/experimental/AdapterReceiptProjection.test.tsx (8 tests) 550ms
 ✓ src/experimental/MediaPanel.continuation.test.tsx (6 tests) 1714ms
   ✓ uses original project character and screenplay/shot choices, including source CAS 628ms
 ✓ src/experimental/MediaPanel.recovery.test.tsx (7 tests) 1048ms
   ✓ media promotion checkpoint recovery > makes interrupted cover approval recoverable with Inbox disabled, only after explicit action 325ms
 ✓ src/experimental/NarrativeJudgeModelPanel.test.tsx (6 tests) 469ms
 ✓ src/novel/AuthorSourcePicker.test.tsx (5 tests) 763ms
   ✓ never resurrects source pins after switching project authority and returning 391ms
 ✓ src/experimental/PortableProjectsPanel.maintenance.test.tsx (5 tests) 654ms
   ✓ shows original and candidate hashes plus exact affected versions before explicit replacement consent 374ms
 ✓ src/AppStorySourceNavigation.test.tsx (9 tests) 1608ms
   ✓ reads the exact chapter through original authority before normal App hydration 672ms
 ✓ src/experimental/WorkspaceSearch.test.tsx (6 tests) 3207ms
   ✓ sends scoped filters, pages and a safe rebuild through the captured client 1108ms
   ✓ cancels server work, drops late bodies/counts/suggestions, and permits retry 369ms
   ✓ withholds source text and autocomplete after a revoked refresh or resolve 455ms
   ✓ does not search unfinished IME composition and submits the completed Chinese text 685ms
   ✓ invalidates a pending cross-project source jump on filter change 316ms
 ✓ src/AIEnvironmentSummaryOwner.test.tsx (8 tests) 399ms
 ✓ src/WorkspaceAdminPanel.test.tsx (6 tests) 426ms
 ✓ src/novel/StoryRecordLifecycle.test.tsx (20 tests) 2150ms
 ✓ src/novel/PendingCanonReviewPanel.test.tsx (7 tests) 885ms
   ✓ original Canon review surface > requires human review, closes without write, and deduplicates clicks with exact CAS evidence 334ms
 ✓ src/novel/ScreenplayPanel.revision.test.tsx (5 tests) 906ms
   ✓ edits the real structured scene fields and preserves source provenance 341ms
 ✓ src/creative/IndependentStudioSequentialImport.test.tsx (2 tests) 1660ms
   ✓ independent studio sequential import readiness > does not advertise readiness at lineage completion while the asset list refresh is still pending, then imports the next file once 1302ms
   ✓ independent studio sequential import readiness > rejects a synthetic change sent to the disabled input instead of silently queueing another upload 352ms
 ✓ src/experimental/WorkflowInspectionPanel.test.tsx (6 tests) 969ms
   ✓ WorkflowInspectionPanel passive API flow > sends actual imported JSON to scoped API and shows unavailable execution honestly 452ms
 ✓ src/novel/AiContextPreviewPanel.test.tsx (6 tests) 452ms
 ✓ src/experimental/PortableProjectsPanel.test.tsx (5 tests) 724ms
   ✓ StrictMode does not upload or restore, missing assets are declared and explicit restore binds exact snapshot 416ms
 ✓ src/localAiDiscoveryConsentApi.test.ts (20 tests) 99ms
 ✓ src/experimental/EmbeddingPanel.continuation.test.tsx (5 tests) 685ms
   ✓ picks a scoped real research source without raw IDs and does not simulate embeddings 306ms
 ✓ src/creative/AIDirectorFastReceipt.test.tsx (3 tests) 399ms
 ✓ src/AIEnvironmentSummary.test.tsx (7 tests) 491ms
 ✓ src/AppAdaptationNavigation.test.tsx (12 tests) 1132ms
   ✓ opens exact original proposal/task/revision without switching manuscript or executing work 418ms
 ✓ src/novel/ExportPanel.scope.test.tsx (13 tests) 1909ms
   ✓ ExportPanel scope isolation > discards a late creation after a project change 403ms
 ✓ src/novel/EntryExperience.studio.test.tsx (6 tests) 783ms
 ✓ src/experimental/RegisteredMediaPanel.test.tsx (4 tests) 644ms
 ✓ src/novel/FindingReviewPanel.test.tsx (5 tests) 984ms
   ✓ source-bound finding review > requires reason and human confirmation, cancellation writes nothing, and submits exact CAS tokens 566ms
 ✓ src/creative/graphCanvasGeometry.test.ts (9 tests) 23ms
 ✓ src/ConflictDialog.test.tsx (6 tests) 107ms
 ✓ src/novel/AdaptationPanel.test.tsx (6 tests) 664ms
 ✓ src/localAiDiscoveryLegacyOwner.test.ts (14 tests) 26ms
 ✓ src/novel/AIPlanningPanel.test.tsx (6 tests) 449ms
 ✓ src/novel/AudiobookManifestPanel.test.tsx (4 tests) 464ms
 ✓ src/novel/VideoTimeline.test.tsx (12 tests) 284ms
 ✓ src/experimental/RevisionComparisonModelPanel.test.tsx (4 tests) 576ms
   ✓ reads no model until requested, exact preview needs distinct consent and version receipt 456ms
 ✓ src/novel/CharacterAuthorPanel.test.tsx (3 tests) 609ms
   ✓ excludes source/style/plan before requesting character preview and disables unsupported operations 409ms
 ✓ src/novel/AdaptationLifecycleControls.test.tsx (4 tests) 824ms
   ✓ disables blueprint edits until both save and authoritative refresh complete, then saves the next real edit 306ms
 ✓ src/novel/AiWritingVariants.test.tsx (6 tests) 586ms
 ✓ src/experimental/DirectorPanel.test.tsx (3 tests) 796ms
   ✓ mount is read-only and manual candidate save keeps original source versions 501ms
 ✓ src/creative/DirectorModelControls.test.tsx (3 tests) 246ms
 ✓ src/novel/ExportPanel.recovery.test.tsx (4 tests) 1002ms
   ✓ rediscovers the same durable job and snapshot after full remount and downloads it 540ms
 ✓ src/novel/AuthorSourceItems.test.tsx (4 tests) 340ms
 ✓ src/workspaceSelection.v2.test.ts (10 tests) 14ms
 ✓ src/experimental/TimelineExchangePanel.test.tsx (4 tests) 360ms
 ✓ src/drafts.test.ts (6 tests) 46ms
 ✓ src/interop/DesktopIntegrationDetails.test.tsx (19 tests) 356ms
 ✓ src/WorkspaceManagement.test.tsx (5 tests) 191ms
 ✓ src/experimental/PlanningPanel.recovery.test.tsx (2 tests) 853ms
   ✓ planning same-node version recovery > retains local edits after external change and only rebases through an explicit action 493ms
   ✓ planning same-node version recovery > retains local edits after proposal approval and only rebases through an explicit action 358ms
 ✓ src/ui/AppShell.projectNoun.test.tsx (12 tests) 231ms
 ✓ src/novel/AgentTeamPanel.additional.test.tsx (5 tests) 431ms
 ✓ src/experimental/TranslationMemoryPanel.test.tsx (4 tests) 212ms
 ✓ src/Editor.anchor.test.tsx (3 tests) 278ms
 ✓ src/novel/NovelImportPanel.test.tsx (3 tests) 120ms
 ✓ src/ui/MediaProviderSettings.test.tsx (3 tests) 202ms
 ✓ src/novel/MotionTaskWorkspace.test.tsx (5 tests) 342ms
 ✓ src/AppProjectStory.test.tsx (4 tests) 865ms
   ✓ opens and saves world settings through the project owner before a first chapter exists 308ms
   ✓ the actual App navigation opens the project Story database without requiring a chapter 331ms
 ✓ src/RevisionPanel.test.tsx (4 tests) 166ms
 ✓ src/novel/VisualReferencePanel.test.tsx (3 tests) 485ms
   ✓ stores a draft and requires a separate version-bound approval 343ms
 ✓ src/ui/FeatureLauncher.test.tsx (5 tests) 606ms
 ✓ src/experimental/SharedUniversePanel.test.tsx (3 tests) 364ms
 ✓ src/experimental/ResearchLibraryPanel.continuation.test.tsx (3 tests) 818ms
   ✓ replaces original file bytes against the selected source version 423ms
 ✓ src/novel/ImageInfiniteCanvas.test.tsx (6 tests) 324ms
 ✓ src/novel/ChapterTree.accessibility.test.tsx (5 tests) 344ms
 ✓ src/creative/ProductionTimeline.test.tsx (4 tests) 486ms
   ✓ production timeline structured planning > reorders full segments without changing shot identity, timing, or notes 341ms
 ✓ src/ui/ModelCenterLegacyOwner.test.tsx (4 tests) 308ms
 ✓ src/novel/VisualTextWorkflow.test.tsx (3 tests) 230ms
 ✓ src/novel/ChapterTree.test.tsx (5 tests) 383ms
 ✓ src/Editor.recovery.test.tsx (4 tests) 262ms
 ✓ src/localHostSession.test.ts (6 tests) 20ms
 ✓ src/novel/useMultimodalWorkspacePersistence.test.ts (7 tests) 50ms
 ✓ src/experimental/TaskOwnerNavigation.continuation.test.tsx (4 tests) 348ms
 ✓ src/novel/DirectorShotList.test.tsx (6 tests) 213ms
 ✓ src/PermissionManagement.test.tsx (3 tests) 81ms
 ✓ src/novel/CreationWorkbenchPanel.test.tsx (4 tests) 364ms
 ✓ src/AppWritingGoalRecovery.test.tsx (4 tests) 452ms
 ✓ src/novel/WorldTimelineView.test.tsx (3 tests) 250ms
 ✓ src/ui/ModelCenterOnboarding.test.tsx (3 tests) 233ms
 ✓ src/Editor.a43-rich.test.tsx (3 tests) 210ms
 ✓ src/experimental/ExperimentalWorkbench.continuation.test.tsx (5 tests) 153ms
 ✓ src/novel/A43ChapterIdentity.test.tsx (2 tests) 268ms
 ✓ src/novel/AssetLibraryPanel.test.tsx (4 tests) 439ms
 ✓ src/ui/SaveControls.test.tsx (5 tests) 70ms
 ✓ src/ui/primitives.test.tsx (4 tests) 219ms
 ✓ src/novel/ChapterTree.lifecycle.test.tsx (5 tests) 415ms
 ✓ src/novel/AgentTeamPanel.test.tsx (2 tests) 355ms
 ✓ src/novel/SourcePrivacyControl.test.tsx (2 tests) 207ms
 ✓ src/novel/WorldRelationshipGraph.test.tsx (4 tests) 237ms
 ✓ src/novel/WorkflowPanel.test.tsx (2 tests) 466ms
 ✓ src/novel/SpeechSynthesisPanel.test.tsx (3 tests) 279ms
 ✓ src/novel/WorldBuildingDashboard.test.tsx (4 tests) 318ms
 ✓ src/AuditColdStorage.test.ts (4 tests) 113ms
 ✓ src/experimental/VoiceDirectionPanel.continuation.test.tsx (3 tests) 224ms
 ✓ src/experimental/EmbeddingPanel.hybrid.test.tsx (2 tests) 272ms
 ✓ src/RevisionHistory.independent-audit.test.tsx (3 tests) 223ms
 ✓ src/novel/GenerationWorkflowTimeline.test.tsx (7 tests) 143ms
 ✓ src/ui/ModuleWorkspaceRoutes.test.tsx (7 tests) 358ms
 ✓ src/AppWorldSummary.test.tsx (3 tests) 692ms
   ✓ shows and edits the same world_summary owner used by an adopted model proposal 434ms
 ✓ src/novel/ImageQueuePanel.test.tsx (2 tests) 246ms
 ✓ src/creative/AssetRelationshipsRedaction.test.tsx (1 test) 294ms
 ✓ src/experimental/DeferredExperimentalWorkbench.test.tsx (2 tests) 188ms
 ✓ src/novel/ContinuityCheckPanel.test.tsx (2 tests) 237ms
 ✓ src/StorySearchNavigation.test.tsx (1 test) 160ms
 ✓ src/experimental/InboxPanel.findings.test.tsx (2 tests) 334ms
 ✓ src/localAiDiscoveryApi.test.ts (3 tests) 20ms
 ✓ src/novel/DirectorShotCard.test.tsx (4 tests) 195ms
 ✓ src/experimental/ModelBenchmarkPanel.continuation.test.tsx (1 test) 193ms
 ✓ src/novel/AgentQueuePanel.test.tsx (2 tests) 245ms
 ✓ src/experimental/ProductionLineagePanel.continuation.test.tsx (2 tests) 326ms
 ✓ src/novel/ScreenplayPipelinePanel.test.tsx (3 tests) 203ms
 ✓ src/novel/AudioGenerationPanel.test.tsx (2 tests) 265ms
 ✓ src/novel/RuntimeDiagnostics.test.tsx (3 tests) 134ms
 ✓ src/novel/AuthorRequestControls.test.tsx (2 tests) 161ms
 ✓ src/ui/taskSummary.test.ts (4 tests) 6ms
 ✓ src/novel/VideoTaskInspector.test.tsx (3 tests) 160ms
 ✓ src/ui/AiControlCenter.test.tsx (1 test) 158ms
 ✓ src/novel/GenerationRecoveryPicker.test.tsx (2 tests) 189ms
 ✓ src/interop/entryScopeReview.test.tsx (1 test) 255ms
 ✓ src/experimental/shared.test.tsx (2 tests) 113ms
 ✓ src/novel/NovelOverviewPanel.test.tsx (1 test) 96ms
 ✓ src/generationRecovery.test.ts (3 tests) 13ms
 ✓ src/novel/StoryPlanningWorkspace.test.tsx (2 tests) 190ms
 ✓ src/interop/entry.test.tsx (1 test) 175ms
 ✓ src/experimental/InteractiveStoryHistory.test.tsx (1 test) 171ms
 ✓ src/workspaceSelection.test.ts (3 tests) 10ms
 ✓ src/novel/AgentActivityCenter.test.tsx (2 tests) 190ms
 ✓ src/creative/BlankProjectEntry.test.tsx (2 tests) 144ms
 ✓ src/novel/AssetInspector.test.tsx (2 tests) 118ms
 ✓ src/novel/MotionPrivacyPanel.test.tsx (1 test) 143ms
 ✓ src/localAiEnvironmentApi.test.ts (2 tests) 13ms
 ✓ src/novel/ConstraintImportPreview.test.tsx (2 tests) 109ms
 ✓ src/novel/VideoAssemblyPanel.test.tsx (1 test) 150ms
 ✓ src/ui/AuthorTerminology.test.tsx (2 tests) 24ms
 ✓ src/novel/SceneEditor.test.tsx (1 test) 187ms
 ✓ src/novel/AgentResultReview.test.tsx (2 tests) 158ms
 ✓ src/experimental/WorldPanel.test.tsx (1 test) 229ms
 ✓ src/experimental/revisionLocks.test.ts (2 tests) 82ms
 ✓ src/novel/ScreenplayPanel.motion-binding.test.ts (2 tests) 6ms
 ✓ src/novel/ForeshadowingEditor.test.tsx (1 test) 283ms
 ✓ src/novel/useMultimodalBindingManifest.test.ts (2 tests) 21ms
 ✓ src/novel/StoryDatabase.test.tsx (2 tests) 124ms
 ✓ src/novel/ImageTaskInspector.test.tsx (2 tests) 116ms
 ✓ src/novel/StoryRecordNavigation.test.tsx (2 tests) 331ms
 ✓ src/novel/VisualContextPanel.test.tsx (2 tests) 109ms
 ✓ src/novel/TimelineEditor.test.tsx (1 test) 119ms
 ✓ src/novel/RelationshipEditor.test.tsx (1 test) 173ms
 ✓ src/novel/OutlineEditor.test.tsx (1 test) 185ms
 ✓ src/novel/WorkflowPanel.independent-audit.test.tsx (1 test) 66ms
 ✓ src/novel/AudioTaskInspector.test.tsx (2 tests) 107ms
 ✓ src/novel/StoryRouteEditor.test.tsx (1 test) 222ms
 ✓ src/ui/CapabilityRoadmapPanel.test.tsx (1 test) 82ms
 ✓ src/novel/CharacterEditor.test.tsx (1 test) 166ms
 ✓ src/novel/VolumeEditor.test.tsx (1 test) 168ms
 ✓ src/novel/WorkflowInspector.test.tsx (2 tests) 113ms
 ✓ src/novel/DirectorVoiceToolbar.test.tsx (1 test) 45ms
 ✓ src/ui/CapabilityStatusCenter.test.tsx (1 test) 53ms
 ✓ src/novel/LocationEditor.test.tsx (1 test) 175ms
 ✓ src/creative/studioGraphClient.test.ts (48 tests) 93ms
 ✓ src/creative/studioClient.test.ts (38 tests) 51ms
 ✓ tests/r3FixtureLifecycle.test.ts (17 tests) 19ms
 ↓ tests/localInteropRealHost.test.ts (2 tests | 2 skipped)
 ✓ src/creative/studioRelationshipsClient.test.ts (58 tests) 34ms
 ✓ src/creative/graphDraft.test.ts (39 tests) 18ms
 ✓ src/novel/BindingManifestPanel.test.tsx (1 test) 53ms
 ✓ src/novel/WorldSummaryEditor.test.tsx (1 test) 139ms
 ✓ src/creative/client.test.ts (11 tests) 12ms
 ✓ src/creative/studioStorageAdmissionClient.test.ts (44 tests) 55ms
 ✓ src/interop/ChapterWireIdentity.test.ts (3 tests) 19ms
 ✓ tests/workspaceResumeLayout.test.ts (5 tests) 7ms
 ✓ src/experimental/api.test.ts (5 tests) 19ms
 ✓ src/collaborationGuards.test.ts (7 tests) 10ms
 ✓ src/contracts.test.ts (7 tests) 20ms
 ✓ src/e2eDatabaseContract.test.ts (20 tests) 546ms
   ✓ E2E database environment contract > keeps the DSN out of Playwright commands and scopes each child environment 487ms
 ✓ src/packagedHost.test.ts (7 tests) 8ms
 ✓ src/productLanguage.test.ts (4 tests) 5ms
 ✓ src/novel/AdaptationRouteMatching.test.ts (1 test) 9ms
 ✓ src/experimental/api.surface-flags.test.ts (4 tests) 9ms
 ✓ src/ui/FeatureLauncher.css.test.ts (3 tests) 7ms
 ✓ tests/localInteropLayout.test.ts (3 tests) 5ms
 ✓ src/novel/ChapterTree.css.test.ts (4 tests) 6ms
 ✓ src/creative/CreativeWorkbenchEntry.test.ts (2 tests) 4ms
 ✓ src/novel/firstUseClient.test.ts (2 tests) 16ms
 ✓ tests/writingGoalLayout.test.ts (4 tests) 4ms
 ✓ src/novel/findingReviewClient.test.ts (2 tests) 5ms
 ✓ tests/uiContracts.test.ts (5 tests) 4ms
 ✓ src/ui/scopeLabels.test.ts (4 tests) 4ms
 ✓ src/Editor.typography.test.ts (3 tests) 4ms
 ✓ src/novel/importRecovery.test.ts (2 tests) 14ms
 ✓ src/planningProjectApi.test.ts (1 test) 6ms
 ✓ src/creative/ProductionTimeline.css.test.ts (1 test) 3ms
 ✓ src/creative/adminStudioContext.test.ts (1 test) 6ms
 ✓ src/sourcePrivacyApi.test.ts (1 test) 4ms
 ✓ src/experimental/writingFocus.layout.test.ts (1 test) 3ms
 ✓ src/novel/FountainParser.test.ts (21 tests) 1561ms
 ✓ src/novel/MotionTaskBatchControls.test.ts (1 test) 3ms
 ✓ src/generationVariants.test.ts (7 tests) 5ms
 ✓ src/App.test.tsx (12 tests) 11ms

 Test Files  266 passed | 2 skipped (268)
      Tests  2040 passed | 8 skipped (2048)
   Start at  09:30:58
   Duration  69.85s (transform 17.18s, setup 0ms, collect 102.57s, tests 208.51s, environment 138.74s, prepare 27.22s)

