.............................s.s.s.s.s.s.s.s.s.s.s.s.s.s.s.s.s.s.s.s.s.s [  2%]
.........................ss..ss..ss..ss..ss..ss..ss..ss..ss..sssssssssss [  4%]
sssssssssssssssssssssssssssssssssssssssssssssssssssssssssssss........... [  6%]
.............................................................sssssssssss [  8%]
sssssssssssssssssssssssssssssssssssssssssssssssssssssssssssss........... [ 11%]
.............................................................sssssssssss [ 13%]
sssssssssssssssssssssssss....................................sssssssssss [ 15%]
s............ssssssssssss............ssssssssssss............sssssssssss [ 17%]
s............ss...ssssssssssssssssssssssssssssssssssssssssssssssssssssss [ 20%]
ssssssssssssssssss...................................................... [ 22%]
..................ssssssssssss............ssssssssssssssssssssssssssssss [ 24%]
ssssss....................................ssssssssssss............ssssss [ 26%]
ssssssssssssssssssssssssssssssssssssssssss.............................. [ 29%]
..................ssssssssssss............ssssssssssssssssssssssssssssss [ 31%]
..............................ssssss......ss..ss..ss..ssss....ss..ss..ss [ 33%]
..ss..ss..ss..ssssssssssss............ssssssssssssssssssssssssssssssssss [ 35%]
ssssssssssssssssssssssssssssssss........................................ [ 37%]
..........................ssssssssssssssssss..................ss..ssssss [ 40%]
ss........ssss....ssssssssssss............ssssss......ss..ss..ss..ss..ss [ 42%]
..ssssssssss..........ssssssss........ss..ssssssssssssssssssssssssssssss [ 44%]
...s.s.s.s.s.s.s.sssssss.......s.s.s.s.s.s.sss...s..ss..s.s.s.s.s.s.s.s. [ 46%]
sssssssss...sssss.....s.s.s.s.s.s.s.s.s.ss..ssssssssssssss.............. [ 49%]
ss..ss..ss..ss..ss..ss..ss..ss..ss..s.s.s.ssssss......s.sss...s.s.s.s.s. [ 51%]
sssssss.......sssssssss.........s.s.s.s.sssssssssssss.............sssss. [ 53%]
....s.s.s.ss..s.s.s.s.sssss.....s.s.s.ss..s.s.s.s.s.s.s.s.s.sssssss..... [ 55%]
..ss..ssss....ss..ss..ss..ss..ssss....ss..ss..ss..ss..ssssssss........ss [ 58%]
sssss.......sss...ss..s.s.ssssssssss..........ss..s.ss..sss...s.s.s.ssss [ 60%]
sssss.........s.s.s.s.ss..ss..ss..ss..s.sss...s.s.sss...s.ss..ss........ [ 62%]
........s.s.ssssssss........s.s.s.s.ssssssssss..........s.s.s.s.s.s...s. [ 64%]
s.s.ss..ss..ss..ss..ss..ss..ss..ss..ss..ss..ss..ss..ss..ss..ss..ss..ss.. [ 66%]
ss..........ss..ss...................................................... [ 69%]
........................................................................ [ 71%]
........................................................................ [ 73%]
......................................................................s. [ 75%]
s.s.s.s.s.s.s.s.s.s.s.s.s.s.s.s.s.s.s.s.s.s.s.s.s.s.s.s.s.s.ssssssssssss [ 78%]
s.............ss..ssss....ss..ss..ssss....ss..ss..ss.................... [ 80%]
........................................................................ [ 82%]
........................................................................ [ 84%]
........................................................................ [ 87%]
........................................................................ [ 89%]
........................................................................ [ 91%]
....s................................................................... [ 93%]
........................................................................ [ 95%]
........................................................................ [ 98%]
..........................................................               [100%]
=============================== warnings summary ===============================
.venv/lib/python3.12/site-packages/fastapi/testclient.py:1
  /workspace/scratch/b8734129d01d/AI-Novel-Studio/.venv/lib/python3.12/site-packages/fastapi/testclient.py:1: StarletteDeprecationWarning: Using `httpx` with `starlette.testclient` is deprecated; install `httpx2` instead.
    from starlette.testclient import TestClient as TestClient  # noqa

-- Docs: https://docs.pytest.org/en/stable/how-to/capture-warnings.html
2094 passed, 1132 skipped, 1 warning in 867.42s (0:14:27)
