.......................ssss.s.s.s.s...sss..s.s.s.s.....sssss.....sssss.s [  5%]
.s.s..s....ssss.s.s.s..ss.s.s.s..ss..........ssssssssss..ss..ss..ss....s [ 11%]
sss..ss..ss..ss..ss..ss..ss..ss..ss..ss..ss............................. [ 16%]
..............s...sss.s.s.s.s.s.......sssssss.........sssssssss.s.s.s.s. [ 22%]
............sssssssssssss.....sssss.s.s.s..ss.s.s.s.s.....sssss.s.s.s..s [ 27%]
s.s.s.s.s.s.s.s.s.s.......sssssss.s.s.s.s.s.s.s.s.s.s.s.s.s.s.s.s.s.s.s. [ 33%]
s.............sssssssssssss..ss....ssss..ss..ss....ssss..ss..ss..ss..... [ 38%]
........................................................................ [ 44%]
.ss..ss....ssss....ssss......................ssssssssssssssssssssss..... [ 49%]
.....ssssssssss..ss....ssss..ss..s.s....ssss..ss..ss......ssssss.s...... [ 55%]
.......sssssssssssss.s.s..ss.s.s.s.s.s..ss.s..ss.s.s.s.s.s.s.s.s.s.s.s.. [ 60%]
ss.s..ss..ss..........ssssssssss..ss..ss..............................s. [ 66%]
s.s.s.s.s.s.s....................................s..ss........ssssssss.. [ 71%]
..ssss...sss.s.s.s..s.s...sss.s......................................... [ 77%]
........................................................................ [ 82%]
........................................................................ [ 88%]
........................................................................ [ 93%]
..............................................................s.s....sss [ 99%]
s.s.s..s                                                                 [100%]
=============================== warnings summary ===============================
.venv/lib/python3.12/site-packages/fastapi/testclient.py:1
  /workspace/scratch/b8734129d01d/AI-Novel-Studio-cloud/.venv/lib/python3.12/site-packages/fastapi/testclient.py:1: StarletteDeprecationWarning: Using `httpx` with `starlette.testclient` is deprecated; install `httpx2` instead.
    from starlette.testclient import TestClient as TestClient  # noqa

-- Docs: https://docs.pytest.org/en/stable/how-to/capture-warnings.html
- generated xml file: /workspace/scratch/b8734129d01d/AI-Novel-Studio-cloud/docs/delivery/v2-development/stage-m4c-selected-file-final1.xml -
914 passed, 390 skipped, 1 warning in 325.37s (0:05:25)
