...................ssss....s.s.s.s.sss....s.s.s.s.sssss.....sssss.....s. [  5%]
s.s..s.ssss....s.s.s.ss..s.s.s.ss..ssssssssss..........ss..ss..ss..ssss. [ 11%]
...ss..ss..ss..ss..ss..ss..ss..ss..ss..ss............................... [ 16%]
.............s.sss...s.s.s.s.s.sssssss.......sssssssss.........s.s.s.s.s [ 22%]
ssssssssssss.............sssss.....s.s.s.ss..s.s.s.s.sssss.....s.s.s.ss. [ 27%]
.s.s.s.s.s.s.s.s.s.sssssss.......s.s.s.s.s.s.s.s.s.s.s.s.s.s.s.s.s.s.s.s [ 33%]
.sssssssssssss.............ss..ssss....ss..ss..ssss....ss..ss..ss....... [ 38%]
.......................................................................s [ 44%]
s..ss..ssss....ssss....ssssssssssssssssssssss......................sssss [ 49%]
sssss..........ss..ssss....ss...s.s.ssss....ss..ss..ssssss......s.ssssss [ 55%]
sssssss.............s.s.ss..s.s.s.s.s.ss..s.ss..s.s.s.s.s.s.s.s.s.s.s.ss [ 60%]
..s.ss..ss..ssssssssss..........ss..ss...............................s.s [ 66%]
.s.s.s.s.s.s.ssssss.............................s.ss..ssssssss........ss [ 71%]
ss....sss...s.s.s..s.s.sss...s.......................................... [ 77%]
........................................................................ [ 82%]
........................................................................ [ 88%]
........................................................................ [ 93%]
.............................................................s.s.ssss... [ 99%]
.s.s.ss.                                                                 [100%]
=============================== warnings summary ===============================
.venv/lib/python3.12/site-packages/fastapi/testclient.py:1
  /workspace/scratch/b8734129d01d/AI-Novel-Studio-cloud/.venv/lib/python3.12/site-packages/fastapi/testclient.py:1: StarletteDeprecationWarning: Using `httpx` with `starlette.testclient` is deprecated; install `httpx2` instead.
    from starlette.testclient import TestClient as TestClient  # noqa

-- Docs: https://docs.pytest.org/en/stable/how-to/capture-warnings.html
- generated xml file: /workspace/scratch/b8734129d01d/AI-Novel-Studio-cloud/docs/delivery/v2-development/stage-m4c-selected-postgres-final1.xml -
907 passed, 397 skipped, 1 warning in 815.02s (0:13:35)
