...................ssss....s.s.s.s.sss....s.s.s.s.sssss.....sssss.....s. [  8%]
s.s..s.ssss....s.s.s.ss..s.s.s.ss..ssssssssss..........ss..ss..ss..ssss. [ 16%]
...ss..ss..ss..ss..ss..ss..ss..ss..ss..ss............................... [ 24%]
.............s.sss...s.s.s.s.s.sssssss.......sssssssss.........s.s.s.s.s [ 32%]
ssssssssssss.............sssss.....s.s.s.ss..s.s.s.s.sssss.....s.s.s.ss. [ 40%]
.s.s.s.s.s.s.s.s.s.sssssss.......s.s.s.s.s.s.s.s.s.s.s.s.s.s.s.s.s.s.s.s [ 48%]
.sssssssssssss.............ss..ssss....ss..ss..ssss....ss..ss..ss....... [ 56%]
.......................................................................s [ 64%]
s..ss..ssss....ssss....ssssssssssssssssssssss......................sssss [ 72%]
sssss..........ss..ssss....ss...s.s.ssss....ss..ss..ssssss......s.ssssss [ 80%]
sssssss.............s.s.ss..s.s.s.s.s.ss..s.ss..s.s.s.s.s.s.s.s.s.s.s.ss [ 88%]
..ssssssssss..........ss...............................s.s.s.s.s.s.s.s.s [ 96%]
sssss.............................                                       [100%]
=============================== warnings summary ===============================
.venv/lib/python3.12/site-packages/fastapi/testclient.py:1
  /workspace/scratch/b8734129d01d/AI-Novel-Studio-cloud/.venv/lib/python3.12/site-packages/fastapi/testclient.py:1: StarletteDeprecationWarning: Using `httpx` with `starlette.testclient` is deprecated; install `httpx2` instead.
    from starlette.testclient import TestClient as TestClient  # noqa

-- Docs: https://docs.pytest.org/en/stable/how-to/capture-warnings.html
- generated xml file: /workspace/scratch/b8734129d01d/AI-Novel-Studio-cloud/docs/delivery/v2-development/stage-m4b-selected-postgres-final1.xml -
545 passed, 353 skipped, 1 warning in 526.26s (0:08:46)
