..............................s.s.s.s.s.s.s.s.s.s.s.s.s.s.s.s.s.s.s.s.s. [  2%]
s..........................ss..ss..ss..ss..ss..ss..ss..ss..ss........... [  4%]
.............................................................sssssssssss [  6%]
sssssssssssssssssssssssssssssssssssssssssssssssssssssssssssss........... [  8%]
.............................................................sssssssssss [ 11%]
sssssssssssssssssssssssssssssssssssssssssssssssssssssssssssss........... [ 13%]
.........................ssssssssssssssssssssssssssssssssssss........... [ 15%]
.ssssssssssss............ssssssssssss............ssssssssssss........... [ 17%]
.ssssssssssss..ss....................................................... [ 20%]
..................ssssssssssssssssssssssssssssssssssssssssssssssssssssss [ 22%]
ssssssssssssssssss............ssssssssssss.............................. [ 24%]
......ssssssssssssssssssssssssssssssssssss............ssssssssssss...... [ 26%]
..........................................ssssssssssssssssssssssssssssss [ 29%]
ssssssssssssssssss............ssssssssssss.............................. [ 31%]
ssssssssssssssssssssssssssssss......ssssss..ss..ss..ss....ssss..ss..ss.. [ 33%]
ss..ss..ss..ss............ssssssssssss.................................. [ 35%]
................................ssssssssssssssssssssssssssssssssssssssss [ 37%]
ssssssssssssssssssssssssss..................ssssssssssssssssss..ss...... [ 40%]
..ssssssss....ssss............ssssssssssss......ssssss..ss..ss..ss..ss.. [ 42%]
ss..........ssssssssss........ssssssss..ss.............................. [ 44%]
sss.s.s.s.s.s.s.s.......sssssss.s.s.s.s.s.s...sss.s...ss.s.s.s.s.s.s.s.s [ 46%]
.........sss.....sssss.s.s.s.s.s.s.s.s.s..ss..............ssssssssssssss [ 49%]
..ss..ss..ss..ss..ss..ss..ss..ss..ss.s.s.s......ssssss.s...sss.s.s.s.s.s [ 51%]
.......sssssss.........sssssssss.s.s.s.s.............sssssssssssss.....s [ 53%]
ssss.s.s.s..ss.s.s.s.s.....sssss.s.s.s..ss.s.s.s.s.s.s.s.s.s.......sssss [ 55%]
ss..ss....ssss..ss..ss..ss..ss....ssss..ss..ss..ss..ss........ssssssss.. [ 58%]
.....sssssss...sss..ss.s.s..........ssssssssss..ss.s..ss...sss.s.s.s.... [ 60%]
.....sssssssss.s.s.s.s..ss..ss..ss..ss.s...sss.s.s...sss.s..ss..ss...... [ 62%]
.........s.s........ssssssss.s.s.s.s..........ssssssssss.s.s.s.s.s.s...s [ 64%]
.s.s..ss..ss..ss..ss..ss..ss..ss..ss..ss..ss..ss..ss..ss..ss..ss..ss..ss [ 66%]
..ss..........ss..ss.................................................... [ 69%]
........................................................................ [ 71%]
........................................................................ [ 73%]
.......................................................................s [ 75%]
.s.s.s.s.s.s.s.s.s.s.s.s.s.s.s.s.s.s.s.s.s.s.s.s.s.s.s.s.s.s............ [ 78%]
.sssssssssssss..ss....ssss..ss..ss....ssss..ss..ss..ss.................. [ 80%]
........................................................................ [ 82%]
........................................................................ [ 84%]
........................................................................ [ 87%]
........................................................................ [ 89%]
........................................................................ [ 91%]
....s................................................................... [ 93%]
........................................................................ [ 95%]
........................................................................ [ 98%]
..........................................................               [100%]
=============================== warnings summary ===============================
.venv/lib/python3.12/site-packages/fastapi/testclient.py:1
  /workspace/scratch/b8734129d01d/AI-Novel-Studio/.venv/lib/python3.12/site-packages/fastapi/testclient.py:1: StarletteDeprecationWarning: Using `httpx` with `starlette.testclient` is deprecated; install `httpx2` instead.
    from starlette.testclient import TestClient as TestClient  # noqa

-- Docs: https://docs.pytest.org/en/stable/how-to/capture-warnings.html
2127 passed, 1099 skipped, 1 warning in 352.29s (0:05:52)
