
 RUN  v2.1.9 /workspace/scratch/b8734129d01d/AI-Novel-Studio/frontend

 ✓ src/ui/LocalAiDiscovery.test.tsx (24 tests) 594ms
 ✓ src/novel/StoryCoreRecordVersionEditor.test.tsx (59 tests) 5052ms
 ✓ src/experimental/WorkspaceToolsPanel.test.tsx (30 tests) 5691ms
   ✓ real workspace tools UI > saves explicit chapter metadata and note with CAS, never manuscript or token 439ms
   ✓ real workspace tools UI > shows stale recovery choice and never jumps until explicit current-version approval 401ms
   ✓ real workspace tools UI > discards pending search and action responses after A → B → A scope changes 325ms
   ✓ real workspace tools UI > supports keyboard search results and only exposes enabled safe scenario navigation 325ms
   ✓ AUDIT ignores a search jump after the search panel is dismissed for a newer task view 411ms
   ✓ keeps the newest safe command instead of a delayed search jump 374ms
   ✓ deduplicates repeated resolves and only honors the reopened search request 713ms
   ✓ drops a delayed search jump after the query changes 418ms
   ✓ captures actual split visibility and keeps search/task filters across section changes and remount 596ms
 ✓ src/experimental/StyleReviewPanels.test.tsx (16 tests) 2856ms
   ✓ reads without running analysis, requires explicit preview/review/use, and validates the receipt again 523ms
   ✓ invalidates a preview when its controls or chapter revision change 365ms
   ✓ records a reasoned decision and supports reopen with no manuscript write 361ms
 ✓ src/experimental/StorySimulatorPanel.test.tsx (14 tests) 7855ms
   ✓ reads only on opening; builds explicit bounded manual inputs with captured authority and normalized fact lines 1134ms
   ✓ compares violations and hypotheses, saves only REVIEW once and navigates to the existing planning authority 629ms
   ✓ advances explicitly, cancels explicitly, and stops offering expansion after cancellation 403ms
   ✓ preserves editable drafts on failure and requires recovery before retry 1121ms
   ✓ invalidates source-bound context immediately when the active chapter revision advances 483ms
   ✓ recovers persisted manual inputs only by explicit action and requires renewed context review 351ms
   ✓ previews exact local character request, dispatches once with consent, then manually selects checked candidate 839ms
   ✓ ignores late model preview from a replaced scope and never preserves its consent 389ms
   ✓ changing selected model route clears consent and fences a previously reviewed request 621ms
   ✓ invalidates scene context receipts and sends selected original scene with separate mind claims 820ms
 ✓ src/AuditGenerationScope.test.tsx (28 tests) 3517ms
   ✓ AUDIT fences a late generation creation response after chapter navigation 555ms
 ✓ src/experimental/OfflineSyncPanel.test.tsx (11 tests) 2826ms
   ✓ defaults to no selection, no mutation or external transport, and explicit selected chapter queue 564ms
   ✓ outbox preview requires copy acknowledgement, reuses same envelope and cleans up local file on revocation 483ms
   ✓ shows three-way conflict, requires renewed preview and acknowledgement before original apply 431ms
 ✓ src/experimental/DeclarativeTemplatePanels.test.tsx (8 tests) 3359ms
   ✓ opens both panels read-only in StrictMode with original authority headers and no auto execution 363ms
   ✓ uses real form contracts, explicit graph check and version-bound creation before separate execute and review 1112ms
   ✓ invalidates graph preflight on edits, never lists browser invented tools, and preserves input on rejected save 396ms
   ✓ previews installs favorites copies edits compares and reverts without running a workflow or overwriting instantiated work 438ms
   ✓ requires a separate exact model preview confirmation and never auto dispatches or approves a deferred model node 480ms
   ✓ late model preview cannot restore data after the captured client scope changes 325ms
 ✓ src/creative/CreativeWorkspace.test.tsx (29 tests) 11112ms
   ✓ creative workspace protected manuscript and request boundaries > recovers saved SCREENPLAY when its stage is selected before the initial reads finish 564ms
   ✓ creative workspace protected manuscript and request boundaries > recovers saved PRODUCTION when its stage is selected before the initial reads finish 430ms
   ✓ creative workspace protected manuscript and request boundaries > recovers saved VIDEO_PLANNING when its stage is selected before the initial reads finish 450ms
   ✓ creative workspace protected manuscript and request boundaries > initializes only the latest selected stage after a delayed successful empty list 625ms
   ✓ creative workspace protected manuscript and request boundaries > keeps an explicit new document, including an untouched draft, across stage and source changes 453ms
   ✓ creative workspace protected manuscript and request boundaries > does not treat a failed list read as an empty project and recovers on explicit retry 360ms
   ✓ creative workspace protected manuscript and request boundaries > reloads saved content after confirmed discard and immediate workbench reopen 980ms
   ✓ creative workspace protected manuscript and request boundaries > does not replace a blocked dirty draft when a recovery reread discovers its uncertain creation 736ms
   ✓ creative workspace protected manuscript and request boundaries > initializes the new scope only when its list succeeds and ignores the old pending list 325ms
   ✓ creative workspace protected manuscript and request boundaries > exposes all five keyboard-accessible modes while the manuscript stays mounted 555ms
   ✓ creative workspace protected manuscript and request boundaries > creates once, saves again with the returned version, and preserves captured identity 404ms
   ✓ creative workspace protected manuscript and request boundaries > coalesces repeated save clicks while a mutation is pending 313ms
   ✓ creative workspace protected manuscript and request boundaries > preserves and locks the local draft after uncertain status 409 332ms
   ✓ creative workspace protected manuscript and request boundaries > preserves and locks the local draft after uncertain status 500 307ms
   ✓ creative workspace protected manuscript and request boundaries > cancels navigation without losing edits and requires explicit discard before exiting 357ms
   ✓ creative workspace protected manuscript and request boundaries > ignores a late mutation receipt from the previous scope and captures the new branch 314ms
   ✓ creative workspace protected manuscript and request boundaries > requires explicit server-version adoption and preserves the draft when adoption is cancelled 891ms
   ✓ creative workspace protected manuscript and request boundaries > derives a storyboard from the saved version and never overwrites the screenplay 301ms
   ✓ creative workspace protected manuscript and request boundaries > restores history only after explicit review and creates a new current version 381ms
   ✓ creative workspace protected manuscript and request boundaries > reorders storyboard shots without replacing their identities and saves their new sequence 378ms
 ✓ src/ui/ModelCenter.test.tsx (10 tests) 699ms
 ✓ src/interop/LocalTutorIntegration.test.tsx (70 tests) 12441ms
   ✓ does not discover, load context or connect at Studio startup 321ms
   ✓ master OFF failure remains UNKNOWN and checked until an acknowledged retry resolves it 321ms
   ✓ Close waits for revocation and offers an explicitly unconfirmed panel dismissal on failure 310ms
   ✓ a late formal status response cannot undo acknowledged emergency revocation 303ms
   ✓ refresh confirms an out-of-band standing revoke without ever silently restoring a grant 367ms
 ✓ src/AppRevisionHistory.test.tsx (23 tests) 2699ms
   ✓ refreshes mounted history when the server chapter advances from v2 to v3 449ms
 ✓ src/creative/GraphRunPanel.test.tsx (19 tests) 1474ms
 ✓ src/experimental/WritingFocusPanel.test.tsx (13 tests) 2461ms
   ✓ U04 actual writing focus controls > loads under StrictMode, applies prose preferences and persists versioned personal settings 480ms
   ✓ U04 actual writing focus controls > requires selected target, reviewed preview and explicit copy; never approves the proposal 470ms
   ✓ U04 actual writing focus controls > invalidates copy preview when field changes and on stale response 333ms
   ✓ U04 reuses existing chapter and scene navigation > shows existing scene IDs without new scene writes and bookmarks through existing pins 324ms
 ✓ src/novel/PluginManagerPanel.test.tsx (15 tests) 1269ms
   ✓ shows the runtime boundary and registers without implying permission approval 405ms
 ✓ src/AppDraftRecovery.test.tsx (21 tests) 4164ms
   ✓ keeps flag-off controls unchanged and starts no recovery unload listener 302ms
   ✓ suppresses autosave and manual submit throughout composition and submits after it ends 1204ms
   ✓ labels browser-offline drafts honestly and permits an explicit reachable local-backend save 1090ms
 ✓ src/ui/AppShell.test.tsx (19 tests) 640ms
 ✓ src/AppWorkspaceResume.test.tsx (33 tests) 10999ms
   ✓ reopens the saved chapter through current authority and applies original reading/split state only after explicit restore 1139ms
   ✓ does not navigate away from dirty manuscript 532ms
   ✓ retains newer typing when fresh chapter verification is delayed 467ms
   ✓ discards a delayed verification after the restore panel is dismissed 441ms
   ✓ rejects a changed source version instead of applying an old anchor or layout 371ms
   ✓ preserves current U04 settings when the saved reference/preferences pointer changed 408ms
   ✓ does not reopen after chapter A to B to A while current authority is being verified 410ms
   ✓ preserves an existing target chapter draft instead of replacing it with the saved workspace 406ms
   ✓ blocks reopening while IME composition has reserved the current buffer 481ms
   ✓ opens another authorized project only after original inventory and exact chapter version revalidation 702ms
   ✓ refuses cross-project search navigation while manuscript is dirty 542ms
   ✓ drops a delayed cross-project source when the author types during revalidation 547ms
   ✓ does not navigate to a search project removed from the refreshed original inventory 597ms
   ✓ opens the exact revision model owner with its original chapter after authoritative verification 424ms
   ✓ refuses a revision-owner chapter switch when the manuscript has unsaved work 538ms
   ✓ rejects a mismatched original revision job and never falls back to another draft 510ms
   ✓ drops delayed revision-owner navigation after new typing or scope change 547ms
   ✓ does not open a delayed revision source after its feature is revoked 499ms
 ✓ src/novel/ImageGenerationPanel.test.tsx (10 tests) 781ms
 ✓ src/experimental/RevisionIntelligencePanel.test.tsx (10 tests) 2651ms
   ✓ captures original PM selection, previews two accepted blocks, and requires explicit confirmation 931ms
   ✓ preserves candidates on source conflict and invalidates stale approval after editing choices 406ms
   ✓ reuses exact author preview and blocks extra generated paragraphs from automatic candidate import 627ms
   ✓ compares real-version pins and explicitly labels imported model interpretations 332ms
 ✓ src/experimental/ModelBrokerPanel.test.tsx (9 tests) 2693ms
   ✓ captures actual scoped route preview and requires exact author receipt plus review before existing job dispatch 1070ms
   ✓ clears the actual preview after policy changes and cannot dispatch stale selection 380ms
   ✓ invalidates prior authorization and sends the exact reviewed material scope 459ms
 ✓ src/experimental/ExperimentalWorkbench.test.tsx (14 tests) 1706ms
 ✓ src/experimental/InteractiveStoryPanel.test.tsx (11 tests) 2898ms
   ✓ authors Unicode choices and typed variables then saves exact original IDs and scope 1110ms
   ✓ actually plays server-returned choices to an ending, and resets bounded state 408ms
   ✓ requires exact review preview and drops receipt when edited 422ms
 ✓ src/novel/StoryRecordVersionEditor.test.tsx (14 tests) 1536ms
   ✓ existing Story editor version surface > preserves legacy callback only when server flag is explicitly OFF 324ms
   ✓ existing Story editor version surface > sends original digest/version, preserves conflict draft and requires explicit latest baseline 308ms
 ✓ src/experimental/ProductionLineagePanel.test.tsx (11 tests) 1259ms
   ✓ ProductionLineagePanel real API actions > shows relationship graph, known impact and saves explicit versioned declaration 311ms
 ✓ src/experimental/WriterRoomPanel.test.tsx (9 tests) 1492ms
   ✓ renders actual task progress and responsible change-request round trip without domain approval 598ms
 ✓ src/novel/AuthorRequestPreviewPanel.test.tsx (11 tests) 956ms
   ✓ Author actual request preflight > does not fetch automatically and reads exact request with scope headers 344ms
 ✓ src/AppAuthorTaskNavigation.test.tsx (10 tests) 1697ms
   ✓ opens the exact original text job without broker or recovery flags, generation or acceptance 448ms
 ✓ src/creative/GraphCanvas.test.tsx (25 tests) 1705ms
   ✓ controlled typed graph canvas > uses accessible node buttons, explicit typed port labels and edge descriptions 399ms
 ✓ src/novel/ResearchPanel.test.tsx (14 tests) 1244ms
 ✓ src/experimental/ReaderSessionPanels.test.tsx (9 tests) 1862ms
   ✓ U11 real client request contracts > offers contiguous reader, TOC keyboard focus and codepoint-exact server-validated jump 484ms
   ✓ U11 real client request contracts > submits bounded literal rule configuration and status-only preflight with no editor content 409ms
 ✓ src/novel/ScreenplayPanel.test.tsx (17 tests) 1532ms
 ✓ src/experimental/SafeBatchesPanel.test.tsx (10 tests) 1589ms
   ✓ mount and preflight never execute and request exact chosen chapter with hard zero budget 343ms
 ✓ src/manualPromptConsent.test.tsx (17 tests) 1156ms
 ✓ src/experimental/MultilingualEditionsPanel.test.tsx (10 tests) 2994ms
   ✓ manual bilingual save→review→exact acceptance with RTL and no model calls 1132ms
   ✓ preserves unsaved Unicode draft on conflict and explicitly restores saved value 410ms
   ✓ invalidates acceptance receipt immediately when the draft changes 357ms
 ✓ src/experimental/ComicLayoutsPanel.test.tsx (8 tests) 1287ms
   ✓ mount is read-only; hand-edited numeric geometry reuses original source IDs and supports undo 421ms
 ✓ src/experimental/Wave5TemplatesSdkComics.test.tsx (4 tests) 1258ms
   ✓ combines legacy and extended catalogs, filters exact types and copies Agent to original definition without execution 427ms
   ✓ Agent runtime and capability requirements persist alongside finite input/output schemas, never granting a runtime 495ms
 ✓ src/experimental/ResearchLibraryPanel.test.tsx (10 tests) 3961ms
   ✓ only reads saved local sources on mount; no fetch, parse, search or model execution 636ms
   ✓ imports selected actual local bytes only after explicit action and sends captured headers 423ms
   ✓ requires explicit webpage approval and resets it when URL changes 316ms
   ✓ traces original paragraph and writes notes from exact reviewed citation versions 500ms
   ✓ keeps original input on stale-source conflict and requires fresh citation selection 581ms
   ✓ allows deliberate current-version recovery while keeping edited metadata text 524ms
 ✓ src/creative/IndependentStudioGraphWorkspace.test.tsx (8 tests) 4739ms
   ✓ independent studio graph content integration > keeps graphs lazy until an explicit content choice, with unchanged eight shell modules 965ms
   ✓ independent studio graph content integration > saves an empty disconnected definition through the scoped owner and reopens it without creating a run 924ms
   ✓ independent studio graph content integration > allows optional Director removal and bounded undo without adding a chapter or starting a job 1067ms
   ✓ independent studio graph content integration > retains the CAS-conflicted draft until an explicit checked adoption of the separately fetched server version 830ms
   ✓ independent studio graph content integration > protects unsaved graph input when leaving the graph content or fixed module switcher 475ms
 ✓ src/experimental/StoryGraphPanel.test.tsx (8 tests) 2833ms
   ✓ creates a typed relation with selected real IDs, no raw JSON form 733ms
   ✓ keeps the draft on conflict and sends the reviewed expected version 509ms
   ✓ uses explicit knowledge changes and marks uninferred motives as hypotheses 646ms
 ✓ src/creative/AIDirectorPanel.test.tsx (10 tests) 1657ms
   ✓ AI director local proposal and explicit review > honestly prepares local rules without model calls and requires reviewed edited output before adoption 779ms
 ✓ src/creative/AssetRelationshipsPanel.test.tsx (11 tests) 1370ms
 ✓ src/experimental/ModelTaskReopen.test.tsx (16 tests) 2094ms
   ✓ 'simulator' reopens the exact receipt, handles missing/back and never replays 540ms
   ✓ translation locates its exact receipt without overwriting a dirty bilingual draft 303ms
 ✓ src/experimental/StyleAnalysisModelPanel.test.tsx (7 tests) 525ms
 ✓ src/experimental/ProjectForksPanel.test.tsx (6 tests) 921ms
   ✓ StrictMode reads only; selected preflight never creates without a separate exact confirmation 400ms
 ✓ src/experimental/VoiceSubtitlePanels.test.tsx (7 tests) 1108ms
   ✓ captures actor/branch and reviewed text with literal pronunciation without unsolicited generation 374ms
 ✓ src/creative/IndependentStudioWorkspace.test.tsx (8 tests) 1942ms
   ✓ independent studio original owner integration > imports once and saves source provenance without chapters, models, or the legacy asset API 491ms
   ✓ independent studio original owner integration > retains uploaded v1 after a declaration failure and retries only the declaration 667ms
 ✓ src/novel/ExportPanel.test.tsx (12 tests) 2085ms
   ✓ ExportPanel industry formats > submits Fountain 剧本 through the authenticated durable queue 442ms
 ✓ src/experimental/LanguageTranslationPanel.test.tsx (5 tests) 1563ms
   ✓ exact preview, explicit single dispatch, original recovery and separate adopt consent 442ms
   ✓ adoption updates visible saved draft while requiring separate submit and review 787ms
 ✓ src/experimental/ChangeImpactPanel.test.tsx (8 tests) 1504ms
   ✓ ChangeImpactPanel explicit scoped actions > shows exact/unknown evidence and preflights only explicitly selected nodes, never auto executes 678ms
 ↓ src/experimental/ExperimentalWorkbench.http.test.tsx (6 tests | 6 skipped)
 ✓ src/experimental/NarrativeJudgeContinuationPanels.test.tsx (6 tests) 691ms
 ✓ src/experimental/StructuredForksPanel.test.tsx (7 tests) 1208ms
   ✓ keeps structured sources behind the existing panel disclosure, with no eager extra data fetch 429ms
 ✓ src/AppBrokerRecovery.test.tsx (4 tests) 785ms
   ✓ opens an existing broker job only after fresh authorization and retains original review actions 377ms
 ✓ src/creative/IndependentStudioReadFences.test.tsx (7 tests) 3511ms
   ✓ independent asset read fences and truthful capability labels > locks mutation inputs during explicit refresh and preserves the next draft after the read finishes 1544ms
   ✓ independent asset read fences and truthful capability labels > ignores delayed recovery after the author explicitly selects a different asset and starts a draft 333ms
   ✓ independent asset read fences and truthful capability labels > describes presets as saved preferences without implying an active layout change 350ms
   ✓ independent asset read fences and truthful capability labels > shows safe READY storage state without filesystem paths or cleanup controls 335ms
   ✓ independent asset read fences and truthful capability labels > shows safe LOW_SPACE_OR_QUOTA storage state without filesystem paths or cleanup controls 369ms
 ✓ src/novel/AIPlanningPanel.project.test.tsx (11 tests) 1390ms
   ✓ creates a WORLD proposal from a premise without requiring a chapter or applying it 346ms
 ✓ src/novel/EntryExperience.test.tsx (10 tests) 909ms
 ✓ src/novel/LocalHostSessionPanel.test.tsx (9 tests) 666ms
   ✓ requires an explicit password input and click, validates once, then preserves the selected local manuscript 398ms
 ✓ src/experimental/StructuredSearchNavigation.test.tsx (12 tests) 2704ms
   ✓ resolves organization with its exact original owner and original ID 595ms
   ✓ resolves rule with its exact original owner and original ID 395ms
   ✓ resolves story_graph with its exact original owner and original ID 437ms
   ✓ resolves asset with its exact original owner and original ID 351ms
   ✓ resolves workflow with its exact original owner and original ID 370ms
 ✓ src/novel/PluginInspector.test.tsx (8 tests) 358ms
 ✓ src/novel/FirstUsePanel.test.tsx (8 tests) 481ms
 ✓ src/novel/WorkflowScopeGuards.test.tsx (20 tests) 643ms
 ✓ src/novel/MultimodalDirectorWorkspace.test.tsx (11 tests) 1371ms
 ✓ src/novel/AiWritingPanel.test.tsx (12 tests) 850ms
 ✓ src/experimental/WorkspaceInteractionPanel.test.tsx (13 tests) 560ms
 ✓ src/experimental/BranchManuscriptPanel.test.tsx (6 tests) 970ms
   ✓ keeps uninitialized branch empty and opens exact branch chapter in the original editor 376ms
 ✓ src/creative/IndependentStudioRelationships.test.tsx (5 tests) 3537ms
   ✓ studio relationship ownership and draft integration > keeps a relationship draft across navigation attempts and prevents other asset mutations 1334ms
   ✓ studio relationship ownership and draft integration > saves through the original asset owner and refreshes the source version without copying a target 864ms
   ✓ studio relationship ownership and draft integration > preserves CAS-conflicted input and source version until an explicit reload 669ms
   ✓ studio relationship ownership and draft integration > clears selected private content when saving the relationship is revoked 348ms
   ✓ studio relationship ownership and draft integration > prevents relation writes while a provenance draft is being edited 314ms
 ✓ src/experimental/AdapterReceiptProjection.test.tsx (8 tests) 636ms
 ✓ src/experimental/MediaPanel.continuation.test.tsx (6 tests) 1254ms
   ✓ uses original project character and screenplay/shot choices, including source CAS 444ms
 ✓ src/interop/client.test.ts (10 tests) 40ms
 ✓ src/novel/AuthorSourcePicker.test.tsx (5 tests) 649ms
 ✓ src/experimental/MediaPanel.recovery.test.tsx (7 tests) 805ms
   ✓ media promotion checkpoint recovery > makes interrupted cover approval recoverable with Inbox disabled, only after explicit action 335ms
 ✓ src/experimental/NarrativeJudgeModelPanel.test.tsx (6 tests) 536ms
   ✓ opening a rule result does not load or call a model; explicit route selection only previews 325ms
 ✓ src/experimental/PortableProjectsPanel.maintenance.test.tsx (5 tests) 520ms
 ✓ src/WorkspaceAdminPanel.test.tsx (6 tests) 510ms
 ✓ src/novel/PendingCanonReviewPanel.test.tsx (7 tests) 910ms
 ✓ src/experimental/WorkspaceSearch.test.tsx (6 tests) 3137ms
   ✓ sends scoped filters, pages and a safe rebuild through the captured client 1151ms
   ✓ cancels server work, drops late bodies/counts/suggestions, and permits retry 333ms
   ✓ withholds source text and autocomplete after a revoked refresh or resolve 355ms
   ✓ does not search unfinished IME composition and submits the completed Chinese text 674ms
   ✓ invalidates a pending cross-project source jump on filter change 338ms
 ✓ src/AppStorySourceNavigation.test.tsx (9 tests) 2280ms
   ✓ reads the exact chapter through original authority before normal App hydration 584ms
   ✓ blocks source navigation for dirty using existing manuscript state 319ms
 ✓ src/creative/IndependentStudioSequentialImport.test.tsx (2 tests) 1219ms
   ✓ independent studio sequential import readiness > does not advertise readiness at lineage completion while the asset list refresh is still pending, then imports the next file once 1004ms
 ✓ src/novel/ScreenplayPanel.revision.test.tsx (5 tests) 768ms
   ✓ edits the real structured scene fields and preserves source provenance 342ms
 ✓ src/novel/StoryRecordLifecycle.test.tsx (20 tests) 2336ms
   ✓ characters commit and restart lifecycle > disables real fields throughout SAVE and cache settlement, then persists an immediate edit before restart 363ms
 ✓ src/experimental/WorkflowInspectionPanel.test.tsx (6 tests) 588ms
   ✓ WorkflowInspectionPanel passive API flow > sends actual imported JSON to scoped API and shows unavailable execution honestly 308ms
 ✓ src/novel/AiContextPreviewPanel.test.tsx (6 tests) 577ms
 ✓ src/experimental/PortableProjectsPanel.test.tsx (5 tests) 918ms
   ✓ StrictMode does not upload or restore, missing assets are declared and explicit restore binds exact snapshot 439ms
 ✓ src/AIEnvironmentSummary.test.tsx (7 tests) 388ms
 ✓ src/experimental/EmbeddingPanel.continuation.test.tsx (5 tests) 853ms
   ✓ picks a scoped real research source without raw IDs and does not simulate embeddings 367ms
 ✓ src/novel/EntryExperience.studio.test.tsx (6 tests) 489ms
 ✓ src/AppAdaptationNavigation.test.tsx (12 tests) 945ms
 ✓ src/novel/FindingReviewPanel.test.tsx (5 tests) 758ms
   ✓ source-bound finding review > requires reason and human confirmation, cancellation writes nothing, and submits exact CAS tokens 342ms
 ✓ src/creative/graphCanvasGeometry.test.ts (9 tests) 21ms
 ✓ src/creative/AIDirectorFastReceipt.test.tsx (3 tests) 829ms
   ✓ director proposal activation after a fast receipt > keeps one native double-click bound to its first proposal through edited human review 563ms
 ✓ src/novel/ExportPanel.scope.test.tsx (13 tests) 2170ms
 ✓ src/ConflictDialog.test.tsx (6 tests) 137ms
 ✓ src/experimental/RegisteredMediaPanel.test.tsx (4 tests) 675ms
   ✓ selects a registered original image route and queues exactly one seeded task without inference 315ms
 ✓ src/novel/AIPlanningPanel.test.tsx (6 tests) 504ms
 ✓ src/novel/AdaptationPanel.test.tsx (6 tests) 813ms
 ✓ src/experimental/RevisionComparisonModelPanel.test.tsx (4 tests) 309ms
 ✓ src/novel/AudiobookManifestPanel.test.tsx (4 tests) 327ms
 ✓ src/novel/VideoTimeline.test.tsx (12 tests) 233ms
 ✓ src/novel/AdaptationLifecycleControls.test.tsx (4 tests) 620ms
 ✓ src/novel/CharacterAuthorPanel.test.tsx (3 tests) 706ms
   ✓ excludes source/style/plan before requesting character preview and disables unsupported operations 468ms
 ✓ src/novel/AiWritingVariants.test.tsx (6 tests) 712ms
 ✓ src/workspaceSelection.v2.test.ts (10 tests) 13ms
 ✓ src/novel/AuthorSourceItems.test.tsx (4 tests) 344ms
 ✓ src/experimental/DirectorPanel.test.tsx (3 tests) 639ms
   ✓ mount is read-only and manual candidate save keeps original source versions 445ms
 ✓ src/creative/DirectorModelControls.test.tsx (3 tests) 318ms
 ✓ src/drafts.test.ts (6 tests) 36ms
 ✓ src/experimental/TimelineExchangePanel.test.tsx (4 tests) 433ms
 ✓ src/novel/ExportPanel.recovery.test.tsx (4 tests) 1472ms
   ✓ rediscovers the same durable job and snapshot after full remount and downloads it 898ms
 ✓ src/interop/DesktopIntegrationDetails.test.tsx (19 tests) 416ms
 ✓ src/experimental/PlanningPanel.recovery.test.tsx (2 tests) 1020ms
   ✓ planning same-node version recovery > retains local edits after external change and only rebases through an explicit action 720ms
 ✓ src/WorkspaceManagement.test.tsx (5 tests) 211ms
 ✓ src/ui/AppShell.projectNoun.test.tsx (12 tests) 329ms
 ✓ src/novel/AgentTeamPanel.additional.test.tsx (5 tests) 483ms
 ✓ src/experimental/TranslationMemoryPanel.test.tsx (4 tests) 248ms
 ✓ src/Editor.anchor.test.tsx (3 tests) 230ms
 ✓ src/novel/MotionTaskWorkspace.test.tsx (5 tests) 330ms
 ✓ src/novel/VisualReferencePanel.test.tsx (3 tests) 405ms
   ✓ stores a draft and requires a separate version-bound approval 302ms
 ✓ src/AppProjectStory.test.tsx (4 tests) 1015ms
   ✓ opens and saves world settings through the project owner before a first chapter exists 307ms
   ✓ the actual App navigation opens the project Story database without requiring a chapter 399ms
 ✓ src/novel/NovelImportPanel.test.tsx (3 tests) 293ms
 ✓ src/ui/MediaProviderSettings.test.tsx (3 tests) 283ms
 ✓ src/RevisionPanel.test.tsx (4 tests) 180ms
 ✓ src/ui/FeatureLauncher.test.tsx (5 tests) 591ms
 ✓ src/experimental/SharedUniversePanel.test.tsx (3 tests) 380ms
 ✓ src/novel/ImageInfiniteCanvas.test.tsx (6 tests) 317ms
 ✓ src/novel/VisualTextWorkflow.test.tsx (3 tests) 190ms
 ✓ src/creative/ProductionTimeline.test.tsx (4 tests) 495ms
   ✓ production timeline structured planning > reorders full segments without changing shot identity, timing, or notes 310ms
 ✓ src/experimental/ResearchLibraryPanel.continuation.test.tsx (3 tests) 781ms
   ✓ replaces original file bytes against the selected source version 389ms
 ✓ src/novel/ChapterTree.accessibility.test.tsx (5 tests) 337ms
 ✓ src/novel/ChapterTree.test.tsx (5 tests) 329ms
 ✓ src/experimental/TaskOwnerNavigation.continuation.test.tsx (4 tests) 378ms
 ✓ src/Editor.recovery.test.tsx (4 tests) 362ms
 ✓ src/novel/useMultimodalWorkspacePersistence.test.ts (7 tests) 52ms
 ✓ src/localHostSession.test.ts (6 tests) 45ms
 ✓ src/novel/DirectorShotList.test.tsx (6 tests) 223ms
 ✓ src/PermissionManagement.test.tsx (3 tests) 140ms
 ✓ src/novel/CreationWorkbenchPanel.test.tsx (4 tests) 319ms
 ✓ src/AppWritingGoalRecovery.test.tsx (4 tests) 383ms
 ✓ src/novel/WorldTimelineView.test.tsx (3 tests) 239ms
 ✓ src/novel/A43ChapterIdentity.test.tsx (2 tests) 264ms
 ✓ src/Editor.a43-rich.test.tsx (3 tests) 275ms
 ✓ src/ui/SaveControls.test.tsx (5 tests) 110ms
 ✓ src/experimental/ExperimentalWorkbench.continuation.test.tsx (5 tests) 172ms
 ✓ src/ui/primitives.test.tsx (4 tests) 163ms
 ✓ src/novel/AssetLibraryPanel.test.tsx (4 tests) 375ms
 ✓ src/novel/ChapterTree.lifecycle.test.tsx (5 tests) 486ms
 ✓ src/novel/AgentTeamPanel.test.tsx (2 tests) 311ms
 ✓ src/novel/SourcePrivacyControl.test.tsx (2 tests) 194ms
 ✓ src/novel/WorldRelationshipGraph.test.tsx (4 tests) 233ms
 ✓ src/novel/WorkflowPanel.test.tsx (2 tests) 377ms
 ✓ src/novel/WorldBuildingDashboard.test.tsx (4 tests) 300ms
 ✓ src/novel/SpeechSynthesisPanel.test.tsx (3 tests) 295ms
 ✓ src/RevisionHistory.independent-audit.test.tsx (3 tests) 213ms
 ✓ src/experimental/EmbeddingPanel.hybrid.test.tsx (2 tests) 334ms
 ✓ src/AuditColdStorage.test.ts (4 tests) 83ms
 ✓ src/experimental/VoiceDirectionPanel.continuation.test.tsx (3 tests) 324ms
 ✓ src/novel/GenerationWorkflowTimeline.test.tsx (7 tests) 128ms
 ✓ src/AppWorldSummary.test.tsx (3 tests) 426ms
   ✓ shows and edits the same world_summary owner used by an adopted model proposal 309ms
 ✓ src/ui/ModuleWorkspaceRoutes.test.tsx (7 tests) 404ms
 ✓ src/novel/ImageQueuePanel.test.tsx (2 tests) 239ms
 ✓ src/experimental/DeferredExperimentalWorkbench.test.tsx (2 tests) 163ms
 ✓ src/novel/ContinuityCheckPanel.test.tsx (2 tests) 168ms
 ✓ src/creative/AssetRelationshipsRedaction.test.tsx (1 test) 286ms
 ✓ src/StorySearchNavigation.test.tsx (1 test) 158ms
 ✓ src/experimental/InboxPanel.findings.test.tsx (2 tests) 406ms
   ✓ filters original finding/Canon domains and honestly presents formal navigation metadata without generic approval 339ms
 ✓ src/novel/DirectorShotCard.test.tsx (4 tests) 178ms
 ✓ src/localAiDiscoveryApi.test.ts (3 tests) 20ms
 ✓ src/experimental/ProductionLineagePanel.continuation.test.tsx (2 tests) 300ms
 ✓ src/novel/AgentQueuePanel.test.tsx (2 tests) 263ms
 ✓ src/experimental/ModelBenchmarkPanel.continuation.test.tsx (1 test) 335ms
   ✓ keeps catalog claims distinct and requires explicit bounded user-verification review 334ms
 ✓ src/novel/ScreenplayPipelinePanel.test.tsx (3 tests) 228ms
 ✓ src/novel/RuntimeDiagnostics.test.tsx (3 tests) 166ms
 ✓ src/novel/AudioGenerationPanel.test.tsx (2 tests) 226ms
 ✓ src/novel/AuthorRequestControls.test.tsx (2 tests) 138ms
 ✓ src/ui/AiControlCenter.test.tsx (1 test) 177ms
 ✓ src/novel/VideoTaskInspector.test.tsx (3 tests) 174ms
 ✓ src/ui/taskSummary.test.ts (4 tests) 6ms
 ✓ src/novel/GenerationRecoveryPicker.test.tsx (2 tests) 181ms
 ✓ src/novel/NovelOverviewPanel.test.tsx (1 test) 98ms
 ✓ src/experimental/shared.test.tsx (2 tests) 154ms
 ✓ src/interop/entryScopeReview.test.tsx (1 test) 195ms
 ✓ src/generationRecovery.test.ts (3 tests) 6ms
 ✓ src/novel/StoryPlanningWorkspace.test.tsx (2 tests) 149ms
 ✓ src/experimental/InteractiveStoryHistory.test.tsx (1 test) 158ms
 ✓ src/interop/entry.test.tsx (1 test) 133ms
 ✓ src/workspaceSelection.test.ts (3 tests) 6ms
 ✓ src/novel/AgentActivityCenter.test.tsx (2 tests) 209ms
 ✓ src/novel/AssetInspector.test.tsx (2 tests) 130ms
 ✓ src/creative/BlankProjectEntry.test.tsx (2 tests) 166ms
 ✓ src/novel/MotionPrivacyPanel.test.tsx (1 test) 140ms
 ✓ src/localAiEnvironmentApi.test.ts (2 tests) 9ms
 ✓ src/novel/ConstraintImportPreview.test.tsx (2 tests) 104ms
 ✓ src/novel/VideoAssemblyPanel.test.tsx (1 test) 183ms
 ✓ src/ui/AuthorTerminology.test.tsx (2 tests) 26ms
 ✓ src/novel/AgentResultReview.test.tsx (2 tests) 143ms
 ✓ src/novel/SceneEditor.test.tsx (1 test) 161ms
 ✓ src/novel/ForeshadowingEditor.test.tsx (1 test) 166ms
 ✓ src/experimental/WorldPanel.test.tsx (1 test) 195ms
 ✓ src/experimental/revisionLocks.test.ts (2 tests) 62ms
 ✓ src/novel/ScreenplayPanel.motion-binding.test.ts (2 tests) 10ms
 ✓ src/novel/useMultimodalBindingManifest.test.ts (2 tests) 22ms
 ✓ src/novel/StoryDatabase.test.tsx (2 tests) 112ms
 ✓ src/novel/ImageTaskInspector.test.tsx (2 tests) 135ms
 ✓ src/novel/TimelineEditor.test.tsx (1 test) 179ms
 ✓ src/novel/RelationshipEditor.test.tsx (1 test) 168ms
 ✓ src/novel/StoryRecordNavigation.test.tsx (2 tests) 328ms
 ✓ src/novel/VisualContextPanel.test.tsx (2 tests) 104ms
 ✓ src/novel/OutlineEditor.test.tsx (1 test) 161ms
 ✓ src/novel/WorkflowPanel.independent-audit.test.tsx (1 test) 88ms
 ✓ src/novel/AudioTaskInspector.test.tsx (2 tests) 115ms
 ✓ src/novel/StoryRouteEditor.test.tsx (1 test) 208ms
 ✓ src/ui/CapabilityRoadmapPanel.test.tsx (1 test) 90ms
 ✓ src/novel/CharacterEditor.test.tsx (1 test) 166ms
 ✓ src/novel/WorkflowInspector.test.tsx (2 tests) 91ms
 ✓ src/novel/VolumeEditor.test.tsx (1 test) 171ms
 ✓ src/novel/LocationEditor.test.tsx (1 test) 149ms
 ✓ src/novel/DirectorVoiceToolbar.test.tsx (1 test) 42ms
 ✓ src/ui/CapabilityStatusCenter.test.tsx (1 test) 90ms
 ✓ src/creative/studioClient.test.ts (38 tests) 37ms
 ✓ src/creative/studioRelationshipsClient.test.ts (58 tests) 51ms
 ✓ src/creative/studioGraphClient.test.ts (48 tests) 93ms
 ✓ tests/r3FixtureLifecycle.test.ts (17 tests) 29ms
 ✓ src/creative/graphDraft.test.ts (39 tests) 12ms
 ✓ src/novel/BindingManifestPanel.test.tsx (1 test) 35ms
 ↓ tests/localInteropRealHost.test.ts (2 tests | 2 skipped)
 ✓ src/creative/studioStorageAdmissionClient.test.ts (44 tests) 33ms
 ✓ src/creative/client.test.ts (11 tests) 20ms
 ✓ src/novel/WorldSummaryEditor.test.tsx (1 test) 104ms
 ✓ src/interop/ChapterWireIdentity.test.ts (3 tests) 30ms
 ✓ tests/workspaceResumeLayout.test.ts (5 tests) 18ms
 ✓ src/experimental/api.test.ts (5 tests) 13ms
 ✓ src/collaborationGuards.test.ts (7 tests) 10ms
 ✓ src/contracts.test.ts (7 tests) 22ms
 ✓ src/e2eDatabaseContract.test.ts (20 tests) 564ms
   ✓ E2E database environment contract > keeps the DSN out of Playwright commands and scopes each child environment 493ms
 ✓ src/packagedHost.test.ts (7 tests) 19ms
 ✓ src/productLanguage.test.ts (4 tests) 11ms
 ✓ src/novel/AdaptationRouteMatching.test.ts (1 test) 14ms
 ✓ tests/localInteropLayout.test.ts (3 tests) 6ms
 ✓ src/experimental/api.surface-flags.test.ts (4 tests) 24ms
 ✓ src/ui/FeatureLauncher.css.test.ts (3 tests) 5ms
 ✓ src/novel/ChapterTree.css.test.ts (4 tests) 3ms
 ✓ src/novel/firstUseClient.test.ts (2 tests) 6ms
 ✓ tests/writingGoalLayout.test.ts (4 tests) 5ms
 ✓ src/creative/CreativeWorkbenchEntry.test.ts (2 tests) 4ms
 ✓ src/novel/findingReviewClient.test.ts (2 tests) 6ms
 ✓ tests/uiContracts.test.ts (5 tests) 3ms
 ✓ src/novel/importRecovery.test.ts (2 tests) 9ms
 ✓ src/Editor.typography.test.ts (3 tests) 4ms
 ✓ src/ui/scopeLabels.test.ts (4 tests) 4ms
 ✓ src/planningProjectApi.test.ts (1 test) 5ms
 ✓ src/creative/adminStudioContext.test.ts (1 test) 6ms
 ✓ src/sourcePrivacyApi.test.ts (1 test) 5ms
 ✓ src/creative/ProductionTimeline.css.test.ts (1 test) 2ms
 ✓ src/experimental/writingFocus.layout.test.ts (1 test) 4ms
 ✓ src/novel/MotionTaskBatchControls.test.ts (1 test) 8ms
 ✓ src/novel/FountainParser.test.ts (21 tests) 1704ms
 ✓ src/generationVariants.test.ts (7 tests) 5ms
 ✓ src/App.test.tsx (12 tests) 11ms

 Test Files  256 passed | 2 skipped (258)
      Tests  1923 passed | 8 skipped (1931)
   Start at  06:52:26
   Duration  72.74s (transform 18.20s, setup 0ms, collect 107.70s, tests 219.61s, environment 140.28s, prepare 28.45s)

